[2026-02-18T15:57:10.531+0000] {local_task_job_runner.py:120} INFO - ::group::Pre task execution logs
[2026-02-18T15:57:10.638+0000] {taskinstance.py:2076} INFO - Dependencies all met for dep_context=non-requeueable deps ti=<TaskInstance: company_overview_to_minio.ingest_overview scheduled__2026-02-08T00:00:00+00:00 map_index=57 [queued]>
[2026-02-18T15:57:10.680+0000] {taskinstance.py:2076} INFO - Dependencies all met for dep_context=requeueable deps ti=<TaskInstance: company_overview_to_minio.ingest_overview scheduled__2026-02-08T00:00:00+00:00 map_index=57 [queued]>
[2026-02-18T15:57:10.692+0000] {taskinstance.py:2306} INFO - Starting attempt 2 of 2
[2026-02-18T15:57:10.753+0000] {taskinstance.py:2330} INFO - Executing <Mapped(DfToCsvOperator): ingest_overview> on 2026-02-08 00:00:00+00:00
[2026-02-18T15:57:10.817+0000] {warnings.py:112} WARNING - This process (pid=4873) is multi-threaded, use of fork() may lead to deadlocks in the child.

[2026-02-18T15:57:10.822+0000] {standard_task_runner.py:64} INFO - Started process 4900 to run task
[2026-02-18T15:57:10.831+0000] {standard_task_runner.py:90} INFO - Running: ['***', 'tasks', 'run', 'company_overview_to_minio', 'ingest_overview', 'scheduled__2026-02-08T00:00:00+00:00', '--job-id', '22252', '--raw', '--subdir', 'DAGS_FOLDER/dl_overview.py', '--cfg-path', '/tmp/tmpf5q2zezp', '--map-index', '57']
[2026-02-18T15:57:10.855+0000] {standard_task_runner.py:91} INFO - Job 22252: Subtask ingest_overview
[2026-02-18T15:57:11.116+0000] {task_command.py:426} INFO - Running <TaskInstance: company_overview_to_minio.ingest_overview scheduled__2026-02-08T00:00:00+00:00 map_index=57 [running]> on host 83ee49e7e828
[2026-02-18T15:57:11.455+0000] {taskinstance.py:2648} INFO - Exporting env vars: AIRFLOW_CTX_DAG_OWNER='***' AIRFLOW_CTX_DAG_ID='company_overview_to_minio' AIRFLOW_CTX_TASK_ID='ingest_overview' AIRFLOW_CTX_EXECUTION_DATE='2026-02-08T00:00:00+00:00' AIRFLOW_CTX_TRY_NUMBER='2' AIRFLOW_CTX_DAG_RUN_ID='scheduled__2026-02-08T00:00:00+00:00'
[2026-02-18T15:57:11.460+0000] {taskinstance.py:430} INFO - ::endgroup::
[2026-02-18T15:57:11.463+0000] {datalake_df2csv.py:40} INFO - ================================================================================
[2026-02-18T15:57:11.475+0000] {datalake_df2csv.py:41} INFO - 🚀 BẮT ĐẦU TASK: ingest_overview
[2026-02-18T15:57:11.486+0000] {datalake_df2csv.py:42} INFO - ================================================================================
[2026-02-18T15:57:11.492+0000] {datalake_df2csv.py:43} INFO - 📋 Thông tin cấu hình:
[2026-02-18T15:57:11.494+0000] {datalake_df2csv.py:44} INFO -   - Logic file: thongtincongty
[2026-02-18T15:57:11.499+0000] {datalake_df2csv.py:45} INFO -   - DataFrame name: get_overview_batch
[2026-02-18T15:57:11.501+0000] {datalake_df2csv.py:46} INFO -   - Bucket: thongtin-congty-va-bctc
[2026-02-18T15:57:11.512+0000] {datalake_df2csv.py:47} INFO -   - Object path: overview/2026-02-08/batch_57.csv
[2026-02-18T15:57:11.519+0000] {datalake_df2csv.py:48} INFO -   - Connection ID: minio_finance
[2026-02-18T15:57:11.520+0000] {datalake_df2csv.py:49} INFO -   - Tham số truyền vào: {'symbols': ['MGR', 'HPO', 'QHD', 'POW', 'CIA', 'CLL', 'BT6', 'HTP', 'PAI', 'LGL', 'APT', 'QPH', 'VXT', 'TV4', 'TRT', 'TTG', 'VMA', 'CLX', 'PVR', 'GIL']}
[2026-02-18T15:57:11.521+0000] {datalake_df2csv.py:50} INFO - --------------------------------------------------------------------------------
[2026-02-18T15:57:11.524+0000] {datalake_df2csv.py:54} INFO - 📥 Bước 1: Đang load dữ liệu từ logic file...
[2026-02-18T15:57:11.636+0000] {datalake_df2csv.py:148} INFO -   - Logic directory: /opt/airflow/plugins/logic
[2026-02-18T15:57:11.647+0000] {datalake_df2csv.py:149} INFO -   - Module path: /opt/airflow/plugins/logic/thongtincongty.py
[2026-02-18T15:57:11.667+0000] {datalake_df2csv.py:153} INFO -   - Đã thêm logic directory vào sys.path
[2026-02-18T15:57:11.675+0000] {datalake_df2csv.py:159} INFO -   - Đang load module 'thongtincongty'...
[2026-02-18T15:57:11.702+0000] {datalake_df2csv.py:163} INFO -   - ✅ Module loaded thành công
[2026-02-18T15:57:11.708+0000] {datalake_df2csv.py:165} INFO -   - Đang tìm DataFrame/function: 'get_overview_batch'...
[2026-02-18T15:57:11.710+0000] {datalake_df2csv.py:170} INFO -   - ✅ Tìm thấy object: function
[2026-02-18T15:57:11.717+0000] {datalake_df2csv.py:173} INFO -   - Đang gọi function với tham số: {'symbols': ['MGR', 'HPO', 'QHD', 'POW', 'CIA', 'CLL', 'BT6', 'HTP', 'PAI', 'LGL', 'APT', 'QPH', 'VXT', 'TV4', 'TRT', 'TTG', 'VMA', 'CLX', 'PVR', 'GIL']}
[2026-02-18T15:57:28.650+0000] {warnings.py:112} WARNING - DataFrame.applymap has been deprecated. Use DataFrame.map instead.

[2026-02-18T15:57:34.306+0000] {logging_mixin.py:188} INFO - Err overview HPO: RetryError[<Future at 0x7fbccdfd4530 state=finished raised AttributeError>]
[2026-02-18T15:57:37.076+0000] {warnings.py:112} WARNING - DataFrame.applymap has been deprecated. Use DataFrame.map instead.

[2026-02-18T15:57:38.405+0000] {warnings.py:112} WARNING - DataFrame.applymap has been deprecated. Use DataFrame.map instead.

[2026-02-18T15:57:39.663+0000] {warnings.py:112} WARNING - DataFrame.applymap has been deprecated. Use DataFrame.map instead.

[2026-02-18T15:57:40.939+0000] {warnings.py:112} WARNING - DataFrame.applymap has been deprecated. Use DataFrame.map instead.

[2026-02-18T15:57:42.260+0000] {warnings.py:112} WARNING - DataFrame.applymap has been deprecated. Use DataFrame.map instead.

[2026-02-18T15:57:53.697+0000] {log.py:232} WARNING - 2026-02-18 15:57:53 - vnstock.core.utils.client - ERROR - API request failed: HTTPSConnectionPool(host='trading.vietcap.com.vn', port=443): Max retries exceeded with url: /data-mt/graphql (Caused by NameResolutionError("<urllib3.connection.HTTPSConnection object at 0x7fbccd91e0f0>: Failed to resolve 'trading.vietcap.com.vn' ([Errno -3] Temporary failure in name resolution)"))
[2026-02-18T15:57:53.692+0000] {client.py:297} ERROR - API request failed: HTTPSConnectionPool(host='trading.vietcap.com.vn', port=443): Max retries exceeded with url: /data-mt/graphql (Caused by NameResolutionError("<urllib3.connection.HTTPSConnection object at 0x7fbccd91e0f0>: Failed to resolve 'trading.vietcap.com.vn' ([Errno -3] Temporary failure in name resolution)"))
[2026-02-18T15:57:53.705+0000] {logging_mixin.py:188} INFO - Err overview HTP: API request failed: HTTPSConnectionPool(host='trading.vietcap.com.vn', port=443): Max retries exceeded with url: /data-mt/graphql (Caused by NameResolutionError("<urllib3.connection.HTTPSConnection object at 0x7fbccd91e0f0>: Failed to resolve 'trading.vietcap.com.vn' ([Errno -3] Temporary failure in name resolution)"))
[2026-02-18T15:57:58.366+0000] {warnings.py:112} WARNING - DataFrame.applymap has been deprecated. Use DataFrame.map instead.

[2026-02-18T15:57:59.914+0000] {warnings.py:112} WARNING - DataFrame.applymap has been deprecated. Use DataFrame.map instead.

[2026-02-18T15:58:01.331+0000] {warnings.py:112} WARNING - DataFrame.applymap has been deprecated. Use DataFrame.map instead.

[2026-02-18T15:58:02.603+0000] {warnings.py:112} WARNING - DataFrame.applymap has been deprecated. Use DataFrame.map instead.

[2026-02-18T15:58:03.860+0000] {warnings.py:112} WARNING - DataFrame.applymap has been deprecated. Use DataFrame.map instead.

[2026-02-18T15:58:05.164+0000] {warnings.py:112} WARNING - DataFrame.applymap has been deprecated. Use DataFrame.map instead.

[2026-02-18T15:58:06.741+0000] {warnings.py:112} WARNING - DataFrame.applymap has been deprecated. Use DataFrame.map instead.

[2026-02-18T15:58:08.150+0000] {warnings.py:112} WARNING - DataFrame.applymap has been deprecated. Use DataFrame.map instead.

[2026-02-18T15:58:09.481+0000] {warnings.py:112} WARNING - DataFrame.applymap has been deprecated. Use DataFrame.map instead.

[2026-02-18T15:58:10.817+0000] {warnings.py:112} WARNING - DataFrame.applymap has been deprecated. Use DataFrame.map instead.

[2026-02-18T15:58:12.113+0000] {warnings.py:112} WARNING - DataFrame.applymap has been deprecated. Use DataFrame.map instead.

[2026-02-18T15:58:14.034+0000] {logging_mixin.py:188} INFO - 
⚠️ 
============================================================
⚠️  GIỚI HẠN API ĐÃ ĐẠT TỐI ĐA (Rate Limit Exceeded)
============================================================

📌 Bạn đã đạt giới hạn tối đa số lượt yêu cầu API trong 1 phút (minute).
   (You have reached the maximum API request limit for this period)

📊 Chi tiết (Details):
   • Gói hiện tại: Khách (Guest)
   • Giới hạn: 20 requests/phút
   • Đã sử dụng: 20/20
   • Chờ 46 giây để tiếp tục (Wait to retry)

💡 Giải pháp (Solutions):
   1️⃣ Chờ 46 giây rồi thử lại
      (Wait and retry)
   2️⃣ Tham gia gói thành viên tài trợ để sử dụng không bị gián đoạn
      (Join sponsor membership for uninterrupted access)

🚀 Nâng cấp (Upgrade):
   • Phiên bản cộng đồng (60 request/phút - Community):
     Đăng ký API key miễn phí: https://vnstocks.com/login
   • Gói thành viên tài trợ (180-600 request/phút - Sponsor):
     Tham gia: https://vnstocks.com/insiders-program

============================================================
[2026-02-18T15:58:14.038+0000] {taskinstance.py:441} INFO - ::group::Post task execution logs
[2026-02-18T15:58:14.040+0000] {taskinstance.py:2907} ERROR - Task failed due to SystemExit(Rate limit exceeded. 
============================================================
⚠️  GIỚI HẠN API ĐÃ ĐẠT TỐI ĐA (Rate Limit Exceeded)
============================================================

📌 Bạn đã đạt giới hạn tối đa số lượt yêu cầu API trong 1 phút (minute).
   (You have reached the maximum API request limit for this period)

📊 Chi tiết (Details):
   • Gói hiện tại: Khách (Guest)
   • Giới hạn: 20 requests/phút
   • Đã sử dụng: 20/20
   • Chờ 46 giây để tiếp tục (Wait to retry)

💡 Giải pháp (Solutions):
   1️⃣ Chờ 46 giây rồi thử lại
      (Wait and retry)
   2️⃣ Tham gia gói thành viên tài trợ để sử dụng không bị gián đoạn
      (Join sponsor membership for uninterrupted access)

🚀 Nâng cấp (Upgrade):
   • Phiên bản cộng đồng (60 request/phút - Community):
     Đăng ký API key miễn phí: https://vnstocks.com/login
   • Gói thành viên tài trợ (180-600 request/phút - Sponsor):
     Tham gia: https://vnstocks.com/insiders-program

============================================================
 Process terminated.)
[2026-02-18T15:58:14.073+0000] {taskinstance.py:1206} INFO - Marking task as FAILED. dag_id=company_overview_to_minio, task_id=ingest_overview, run_id=scheduled__2026-02-08T00:00:00+00:00, map_index=57, execution_date=20260208T000000, start_date=20260218T155710, end_date=20260218T155814
[2026-02-18T15:58:14.123+0000] {standard_task_runner.py:110} ERROR - Failed to execute job 22252 for task ingest_overview (Task failed due to SystemExit(Rate limit exceeded. 
============================================================
⚠️  GIỚI HẠN API ĐÃ ĐẠT TỐI ĐA (Rate Limit Exceeded)
============================================================

📌 Bạn đã đạt giới hạn tối đa số lượt yêu cầu API trong 1 phút (minute).
   (You have reached the maximum API request limit for this period)

📊 Chi tiết (Details):
   • Gói hiện tại: Khách (Guest)
   • Giới hạn: 20 requests/phút
   • Đã sử dụng: 20/20
   • Chờ 46 giây để tiếp tục (Wait to retry)

💡 Giải pháp (Solutions):
   1️⃣ Chờ 46 giây rồi thử lại
      (Wait and retry)
   2️⃣ Tham gia gói thành viên tài trợ để sử dụng không bị gián đoạn
      (Join sponsor membership for uninterrupted access)

🚀 Nâng cấp (Upgrade):
   • Phiên bản cộng đồng (60 request/phút - Community):
     Đăng ký API key miễn phí: https://vnstocks.com/login
   • Gói thành viên tài trợ (180-600 request/phút - Sponsor):
     Tham gia: https://vnstocks.com/insiders-program

============================================================
 Process terminated.); 4900)
[2026-02-18T15:58:14.191+0000] {local_task_job_runner.py:243} INFO - Task exited with return code 1
[2026-02-18T15:58:14.273+0000] {taskinstance.py:3503} INFO - 0 downstream tasks scheduled from follow-on schedule check
[2026-02-18T15:58:14.283+0000] {local_task_job_runner.py:222} INFO - ::endgroup::
