[2026-02-05T15:24:36.166+0000] {local_task_job_runner.py:120} INFO - ::group::Pre task execution logs
[2026-02-05T15:24:36.197+0000] {taskinstance.py:2076} INFO - Dependencies all met for dep_context=non-requeueable deps ti=<TaskInstance: bctc_minio.ingest_bctc manual__2026-02-05T15:12:07+00:00 map_index=81 [queued]>
[2026-02-05T15:24:36.214+0000] {taskinstance.py:2076} INFO - Dependencies all met for dep_context=requeueable deps ti=<TaskInstance: bctc_minio.ingest_bctc manual__2026-02-05T15:12:07+00:00 map_index=81 [queued]>
[2026-02-05T15:24:36.214+0000] {taskinstance.py:2306} INFO - Starting attempt 1 of 2
[2026-02-05T15:24:36.236+0000] {taskinstance.py:2330} INFO - Executing <Mapped(DfToCsvOperator): ingest_bctc> on 2026-02-05 15:12:07+00:00
[2026-02-05T15:24:36.251+0000] {warnings.py:112} WARNING - This process (pid=9547) is multi-threaded, use of fork() may lead to deadlocks in the child.

[2026-02-05T15:24:36.257+0000] {standard_task_runner.py:64} INFO - Started process 9600 to run task
[2026-02-05T15:24:36.260+0000] {standard_task_runner.py:90} INFO - Running: ['***', 'tasks', 'run', 'bctc_minio', 'ingest_bctc', 'manual__2026-02-05T15:12:07+00:00', '--job-id', '18623', '--raw', '--subdir', 'DAGS_FOLDER/dl_bctc.py', '--cfg-path', '/tmp/tmp4njd2h_7', '--map-index', '81']
[2026-02-05T15:24:36.266+0000] {standard_task_runner.py:91} INFO - Job 18623: Subtask ingest_bctc
[2026-02-05T15:24:36.332+0000] {task_command.py:426} INFO - Running <TaskInstance: bctc_minio.ingest_bctc manual__2026-02-05T15:12:07+00:00 map_index=81 [running]> on host f1dca83810e1
[2026-02-05T15:24:36.471+0000] {taskinstance.py:2648} INFO - Exporting env vars: AIRFLOW_CTX_DAG_OWNER='***' AIRFLOW_CTX_DAG_ID='bctc_minio' AIRFLOW_CTX_TASK_ID='ingest_bctc' AIRFLOW_CTX_EXECUTION_DATE='2026-02-05T15:12:07+00:00' AIRFLOW_CTX_TRY_NUMBER='1' AIRFLOW_CTX_DAG_RUN_ID='manual__2026-02-05T15:12:07+00:00'
[2026-02-05T15:24:36.474+0000] {taskinstance.py:430} INFO - ::endgroup::
[2026-02-05T15:24:36.484+0000] {logging_mixin.py:188} INFO - Bắt đầu xử lý batch 20 mã: ['BIO', 'BII', 'BIG', 'BID', 'BIC', 'BHT', 'BHP', 'BHN', 'BHK', 'BHI', 'BHH', 'BHG', 'BHC', 'BHA', 'BGW', 'BGE', 'BFC', 'BEL', 'BED', 'BDW']
[2026-02-05T15:24:36.485+0000] {logging_mixin.py:188} INFO -  >> Đang lấy dữ liệu: BIO
[2026-02-05T15:24:36.644+0000] {logging_mixin.py:188} INFO -  Lỗi xử lý mã BIO: Failed to fetch data: 429 - Too Many Requests
[2026-02-05T15:24:36.645+0000] {logging_mixin.py:188} INFO -  >> Đang lấy dữ liệu: BII
[2026-02-05T15:24:42.003+0000] {logging_mixin.py:188} INFO - ❌ Lỗi income_statement: RetryError[<Future at 0x7f54e4bfc140 state=finished raised ConnectionError>]
[2026-02-05T15:24:48.333+0000] {logging_mixin.py:188} INFO - ❌ Lỗi balance_sheet: RetryError[<Future at 0x7f54e4b9e6c0 state=finished raised ConnectionError>]
[2026-02-05T15:24:54.347+0000] {logging_mixin.py:188} INFO - ❌ Lỗi cash_flow: RetryError[<Future at 0x7f54e4c4e9c0 state=finished raised ConnectionError>]
[2026-02-05T15:24:57.855+0000] {logging_mixin.py:188} INFO -  >> Đang lấy dữ liệu: BIG
[2026-02-05T15:24:58.161+0000] {logging_mixin.py:188} INFO -  Lỗi xử lý mã BIG: Failed to fetch data: 429 - Too Many Requests
[2026-02-05T15:24:58.163+0000] {logging_mixin.py:188} INFO -  >> Đang lấy dữ liệu: BID
[2026-02-05T15:24:58.508+0000] {logging_mixin.py:188} INFO -  Lỗi xử lý mã BID: Failed to fetch data: 429 - Too Many Requests
[2026-02-05T15:24:58.510+0000] {logging_mixin.py:188} INFO -  >> Đang lấy dữ liệu: BIC
[2026-02-05T15:25:08.108+0000] {logging_mixin.py:188} INFO - ❌ Lỗi balance_sheet: RetryError[<Future at 0x7f5517194f80 state=finished raised ConnectionError>]
[2026-02-05T15:25:15.921+0000] {logging_mixin.py:188} INFO -  >> Đang lấy dữ liệu: BHT
[2026-02-05T15:25:16.095+0000] {logging_mixin.py:188} INFO -  Lỗi xử lý mã BHT: Failed to fetch data: 429 - Too Many Requests
[2026-02-05T15:25:16.097+0000] {logging_mixin.py:188} INFO -  >> Đang lấy dữ liệu: BHP
[2026-02-05T15:25:16.218+0000] {logging_mixin.py:188} INFO -  Lỗi xử lý mã BHP: Failed to fetch data: 429 - Too Many Requests
[2026-02-05T15:25:16.220+0000] {logging_mixin.py:188} INFO -  >> Đang lấy dữ liệu: BHN
[2026-02-05T15:25:16.533+0000] {logging_mixin.py:188} INFO -  Lỗi xử lý mã BHN: Failed to fetch data: 429 - Too Many Requests
[2026-02-05T15:25:16.534+0000] {logging_mixin.py:188} INFO -  >> Đang lấy dữ liệu: BHK
[2026-02-05T15:25:16.662+0000] {logging_mixin.py:188} INFO -  Lỗi xử lý mã BHK: Failed to fetch data: 429 - Too Many Requests
[2026-02-05T15:25:16.663+0000] {logging_mixin.py:188} INFO -  >> Đang lấy dữ liệu: BHI
[2026-02-05T15:25:16.799+0000] {logging_mixin.py:188} INFO -  Lỗi xử lý mã BHI: Failed to fetch data: 429 - Too Many Requests
[2026-02-05T15:25:16.808+0000] {logging_mixin.py:188} INFO -  >> Đang lấy dữ liệu: BHH
[2026-02-05T15:25:16.957+0000] {logging_mixin.py:188} INFO -  Lỗi xử lý mã BHH: Failed to fetch data: 429 - Too Many Requests
[2026-02-05T15:25:16.958+0000] {logging_mixin.py:188} INFO -  >> Đang lấy dữ liệu: BHG
[2026-02-05T15:25:17.089+0000] {logging_mixin.py:188} INFO -  Lỗi xử lý mã BHG: Failed to fetch data: 429 - Too Many Requests
[2026-02-05T15:25:17.090+0000] {logging_mixin.py:188} INFO -  >> Đang lấy dữ liệu: BHC
[2026-02-05T15:25:17.211+0000] {logging_mixin.py:188} INFO -  Lỗi xử lý mã BHC: Failed to fetch data: 429 - Too Many Requests
[2026-02-05T15:25:17.212+0000] {logging_mixin.py:188} INFO -  >> Đang lấy dữ liệu: BHA
[2026-02-05T15:25:17.342+0000] {logging_mixin.py:188} INFO -  Lỗi xử lý mã BHA: Failed to fetch data: 429 - Too Many Requests
[2026-02-05T15:25:17.343+0000] {logging_mixin.py:188} INFO -  >> Đang lấy dữ liệu: BGW
[2026-02-05T15:25:22.267+0000] {logging_mixin.py:188} INFO - ❌ Lỗi income_statement: RetryError[<Future at 0x7f54e4aee870 state=finished raised ConnectionError>]
[2026-02-05T15:25:28.366+0000] {logging_mixin.py:188} INFO - ❌ Lỗi balance_sheet: RetryError[<Future at 0x7f54e4bfca40 state=finished raised ConnectionError>]
[2026-02-05T15:25:34.377+0000] {logging_mixin.py:188} INFO - ❌ Lỗi cash_flow: RetryError[<Future at 0x7f54e4c83230 state=finished raised ConnectionError>]
[2026-02-05T15:25:37.890+0000] {logging_mixin.py:188} INFO -  >> Đang lấy dữ liệu: BGE
[2026-02-05T15:25:38.019+0000] {logging_mixin.py:188} INFO -  Lỗi xử lý mã BGE: Failed to fetch data: 429 - Too Many Requests
[2026-02-05T15:25:38.020+0000] {logging_mixin.py:188} INFO -  >> Đang lấy dữ liệu: BFC
[2026-02-05T15:25:38.145+0000] {logging_mixin.py:188} INFO -  Lỗi xử lý mã BFC: Failed to fetch data: 429 - Too Many Requests
[2026-02-05T15:25:38.146+0000] {logging_mixin.py:188} INFO -  >> Đang lấy dữ liệu: BEL
[2026-02-05T15:25:38.260+0000] {logging_mixin.py:188} INFO -  Lỗi xử lý mã BEL: Failed to fetch data: 429 - Too Many Requests
[2026-02-05T15:25:38.262+0000] {logging_mixin.py:188} INFO -  >> Đang lấy dữ liệu: BED
[2026-02-05T15:25:38.581+0000] {logging_mixin.py:188} INFO -  Lỗi xử lý mã BED: Failed to fetch data: 429 - Too Many Requests
[2026-02-05T15:25:38.582+0000] {logging_mixin.py:188} INFO -  >> Đang lấy dữ liệu: BDW
[2026-02-05T15:25:38.890+0000] {logging_mixin.py:188} INFO -  Lỗi xử lý mã BDW: Failed to fetch data: 429 - Too Many Requests
[2026-02-05T15:25:38.893+0000] {logging_mixin.py:188} INFO -  ✓ Hoàn thành batch. Tổng số dòng: 212
[2026-02-05T15:25:38.920+0000] {base.py:84} INFO - Using connection ID 'minio_finance' for task execution.
[2026-02-05T15:25:38.921+0000] {connection_wrapper.py:384} INFO - AWS Connection (conn_id='minio_finance', conn_type='aws') credentials retrieved from login and password.
[2026-02-05T15:25:39.442+0000] {datalake_df2csv.py:52} INFO - ✅ Đã upload 212 dòng -> s3://thongtin-congty-va-bctc/bctc/2026-02-05/batch_81.csv
[2026-02-05T15:25:39.443+0000] {taskinstance.py:441} INFO - ::group::Post task execution logs
[2026-02-05T15:25:39.462+0000] {taskinstance.py:1206} INFO - Marking task as SUCCESS. dag_id=bctc_minio, task_id=ingest_bctc, run_id=manual__2026-02-05T15:12:07+00:00, map_index=81, execution_date=20260205T151207, start_date=20260205T152436, end_date=20260205T152539
[2026-02-05T15:25:39.531+0000] {local_task_job_runner.py:243} INFO - Task exited with return code 0
[2026-02-05T15:25:39.569+0000] {taskinstance.py:3503} INFO - 0 downstream tasks scheduled from follow-on schedule check
[2026-02-05T15:25:39.574+0000] {local_task_job_runner.py:222} INFO - ::endgroup::
