[2026-02-03T13:41:48.817+0000] {local_task_job_runner.py:120} INFO - ::group::Pre task execution logs
[2026-02-03T13:41:48.850+0000] {taskinstance.py:2076} INFO - Dependencies all met for dep_context=non-requeueable deps ti=<TaskInstance: daily_price_minio.ingest_daily_price scheduled__2026-01-30T16:00:00+00:00 map_index=5 [queued]>
[2026-02-03T13:41:48.867+0000] {taskinstance.py:2076} INFO - Dependencies all met for dep_context=requeueable deps ti=<TaskInstance: daily_price_minio.ingest_daily_price scheduled__2026-01-30T16:00:00+00:00 map_index=5 [queued]>
[2026-02-03T13:41:48.868+0000] {taskinstance.py:2306} INFO - Starting attempt 1 of 2
[2026-02-03T13:41:48.897+0000] {taskinstance.py:2330} INFO - Executing <Mapped(DfToCsvOperator): ingest_daily_price> on 2026-01-30 16:00:00+00:00
[2026-02-03T13:41:48.913+0000] {warnings.py:112} WARNING - This process (pid=395) is multi-threaded, use of fork() may lead to deadlocks in the child.

[2026-02-03T13:41:48.915+0000] {standard_task_runner.py:64} INFO - Started process 466 to run task
[2026-02-03T13:41:48.919+0000] {standard_task_runner.py:90} INFO - Running: ['***', 'tasks', 'run', 'daily_price_minio', 'ingest_daily_price', 'scheduled__2026-01-30T16:00:00+00:00', '--job-id', '15152', '--raw', '--subdir', 'DAGS_FOLDER/dl_dailly_price.py', '--cfg-path', '/tmp/tmp8ay7dhxg', '--map-index', '5']
[2026-02-03T13:41:48.924+0000] {standard_task_runner.py:91} INFO - Job 15152: Subtask ingest_daily_price
[2026-02-03T13:41:48.996+0000] {task_command.py:426} INFO - Running <TaskInstance: daily_price_minio.ingest_daily_price scheduled__2026-01-30T16:00:00+00:00 map_index=5 [running]> on host 9a961c7ad7bb
[2026-02-03T13:41:49.166+0000] {taskinstance.py:2648} INFO - Exporting env vars: AIRFLOW_CTX_DAG_OWNER='***' AIRFLOW_CTX_DAG_ID='daily_price_minio' AIRFLOW_CTX_TASK_ID='ingest_daily_price' AIRFLOW_CTX_EXECUTION_DATE='2026-01-30T16:00:00+00:00' AIRFLOW_CTX_TRY_NUMBER='1' AIRFLOW_CTX_DAG_RUN_ID='scheduled__2026-01-30T16:00:00+00:00'
[2026-02-03T13:41:49.167+0000] {taskinstance.py:430} INFO - ::endgroup::
[2026-02-03T13:41:53.767+0000] {base.py:84} INFO - Using connection ID 'minio_finance' for task execution.
[2026-02-03T13:41:53.768+0000] {connection_wrapper.py:384} INFO - AWS Connection (conn_id='minio_finance', conn_type='aws') credentials retrieved from login and password.
[2026-02-03T13:41:54.537+0000] {datalake_df2csv.py:52} INFO - ✅ Đã upload 10 dòng -> s3://thongtin-congty-va-bctc/daily_price/2026-01-30/batch_5.csv
[2026-02-03T13:41:54.538+0000] {taskinstance.py:441} INFO - ::group::Post task execution logs
[2026-02-03T13:41:54.560+0000] {taskinstance.py:1206} INFO - Marking task as SUCCESS. dag_id=daily_price_minio, task_id=ingest_daily_price, run_id=scheduled__2026-01-30T16:00:00+00:00, map_index=5, execution_date=20260130T160000, start_date=20260203T134148, end_date=20260203T134154
[2026-02-03T13:41:54.635+0000] {local_task_job_runner.py:243} INFO - Task exited with return code 0
[2026-02-03T13:41:54.654+0000] {taskinstance.py:3503} INFO - 0 downstream tasks scheduled from follow-on schedule check
[2026-02-03T13:41:54.658+0000] {local_task_job_runner.py:222} INFO - ::endgroup::
