[2026-01-15T13:28:04.579+0000] {local_task_job_runner.py:120} INFO - ::group::Pre task execution logs
[2026-01-15T13:28:04.606+0000] {taskinstance.py:2076} INFO - Dependencies all met for dep_context=non-requeueable deps ti=<TaskInstance: financial_ratios_etl.ingest_financial_ratios manual__2026-01-15T12:57:24+00:00 map_index=20 [queued]>
[2026-01-15T13:28:04.618+0000] {taskinstance.py:2076} INFO - Dependencies all met for dep_context=requeueable deps ti=<TaskInstance: financial_ratios_etl.ingest_financial_ratios manual__2026-01-15T12:57:24+00:00 map_index=20 [queued]>
[2026-01-15T13:28:04.619+0000] {taskinstance.py:2306} INFO - Starting attempt 1 of 2
[2026-01-15T13:28:04.638+0000] {taskinstance.py:2330} INFO - Executing <Mapped(DfToCsvOperator): ingest_financial_ratios> on 2026-01-15 12:57:24+00:00
[2026-01-15T13:28:04.651+0000] {warnings.py:112} WARNING - This process (pid=8186) is multi-threaded, use of fork() may lead to deadlocks in the child.

[2026-01-15T13:28:04.652+0000] {standard_task_runner.py:64} INFO - Started process 8273 to run task
[2026-01-15T13:28:04.654+0000] {standard_task_runner.py:90} INFO - Running: ['***', 'tasks', 'run', 'financial_ratios_etl', 'ingest_financial_ratios', 'manual__2026-01-15T12:57:24+00:00', '--job-id', '16210', '--raw', '--subdir', 'DAGS_FOLDER/financial_ratios_etl.py', '--cfg-path', '/tmp/tmp9hgldzmq', '--map-index', '20']
[2026-01-15T13:28:04.658+0000] {standard_task_runner.py:91} INFO - Job 16210: Subtask ingest_financial_ratios
[2026-01-15T13:28:04.725+0000] {task_command.py:426} INFO - Running <TaskInstance: financial_ratios_etl.ingest_financial_ratios manual__2026-01-15T12:57:24+00:00 map_index=20 [running]> on host 48331fd7a179
[2026-01-15T13:28:04.847+0000] {taskinstance.py:2648} INFO - Exporting env vars: AIRFLOW_CTX_DAG_OWNER='***' AIRFLOW_CTX_DAG_ID='financial_ratios_etl' AIRFLOW_CTX_TASK_ID='ingest_financial_ratios' AIRFLOW_CTX_EXECUTION_DATE='2026-01-15T12:57:24+00:00' AIRFLOW_CTX_TRY_NUMBER='1' AIRFLOW_CTX_DAG_RUN_ID='manual__2026-01-15T12:57:24+00:00'
[2026-01-15T13:28:04.849+0000] {taskinstance.py:430} INFO - ::endgroup::
[2026-01-15T13:28:04.855+0000] {logging_mixin.py:188} INFO - [RATIO] Bắt đầu xử lý batch 2 mã: ['VTH', 'VTG']
[2026-01-15T13:28:04.856+0000] {logging_mixin.py:188} INFO - [RATIO] Kỳ dữ liệu: quarter
[2026-01-15T13:28:04.856+0000] {logging_mixin.py:188} INFO -  >> [RATIO] Đang lấy dữ liệu: VTH
[2026-01-15T13:28:05.014+0000] {logging_mixin.py:188} INFO -  ❌ [RATIO] Lỗi xử lý mã VTH: Failed to fetch data: 429 - Too Many Requests
[2026-01-15T13:28:05.015+0000] {logging_mixin.py:188} INFO -  >> [RATIO] Đang lấy dữ liệu: VTG
[2026-01-15T13:28:08.486+0000] {logging_mixin.py:188} INFO -  ✓ [RATIO] VTG: 39 rows
[2026-01-15T13:28:10.487+0000] {logging_mixin.py:188} INFO -  ✅ [RATIO] Hoàn thành batch. Tổng số dòng: 39
[2026-01-15T13:28:10.509+0000] {base.py:84} INFO - Using connection ID 'minio_finance' for task execution.
[2026-01-15T13:28:10.510+0000] {connection_wrapper.py:384} INFO - AWS Connection (conn_id='minio_finance', conn_type='aws') credentials retrieved from login and password.
[2026-01-15T13:28:11.067+0000] {datalake_df2csv.py:52} INFO - ✅ Đã upload 39 dòng -> s3://thongtin-congty-va-bctc/financial_ratios/2026-01-15/batch_20.csv
[2026-01-15T13:28:11.069+0000] {taskinstance.py:441} INFO - ::group::Post task execution logs
[2026-01-15T13:28:11.082+0000] {taskinstance.py:1206} INFO - Marking task as SUCCESS. dag_id=financial_ratios_etl, task_id=ingest_financial_ratios, run_id=manual__2026-01-15T12:57:24+00:00, map_index=20, execution_date=20260115T125724, start_date=20260115T132804, end_date=20260115T132811
[2026-01-15T13:28:11.140+0000] {local_task_job_runner.py:243} INFO - Task exited with return code 0
[2026-01-15T13:28:11.161+0000] {taskinstance.py:3503} INFO - 0 downstream tasks scheduled from follow-on schedule check
[2026-01-15T13:28:11.166+0000] {local_task_job_runner.py:222} INFO - ::endgroup::
