[2026-02-04T14:56:15.214+0000] {local_task_job_runner.py:120} INFO - ::group::Pre task execution logs
[2026-02-04T14:56:15.251+0000] {taskinstance.py:2076} INFO - Dependencies all met for dep_context=non-requeueable deps ti=<TaskInstance: financial_ratios_minio.ingest_financial_ratios manual__2026-02-04T14:54:19+00:00 map_index=40 [queued]>
[2026-02-04T14:56:15.272+0000] {taskinstance.py:2076} INFO - Dependencies all met for dep_context=requeueable deps ti=<TaskInstance: financial_ratios_minio.ingest_financial_ratios manual__2026-02-04T14:54:19+00:00 map_index=40 [queued]>
[2026-02-04T14:56:15.273+0000] {taskinstance.py:2306} INFO - Starting attempt 1 of 2
[2026-02-04T14:56:15.293+0000] {taskinstance.py:2330} INFO - Executing <Mapped(DfToCsvOperator): ingest_financial_ratios> on 2026-02-04 14:54:19+00:00
[2026-02-04T14:56:15.307+0000] {warnings.py:112} WARNING - This process (pid=7839) is multi-threaded, use of fork() may lead to deadlocks in the child.

[2026-02-04T14:56:15.309+0000] {standard_task_runner.py:64} INFO - Started process 7935 to run task
[2026-02-04T14:56:15.313+0000] {standard_task_runner.py:90} INFO - Running: ['***', 'tasks', 'run', 'financial_ratios_minio', 'ingest_financial_ratios', 'manual__2026-02-04T14:54:19+00:00', '--job-id', '16860', '--raw', '--subdir', 'DAGS_FOLDER/dl_financial_ratios.py', '--cfg-path', '/tmp/tmpvsc7nxn5', '--map-index', '40']
[2026-02-04T14:56:15.319+0000] {standard_task_runner.py:91} INFO - Job 16860: Subtask ingest_financial_ratios
[2026-02-04T14:56:15.391+0000] {task_command.py:426} INFO - Running <TaskInstance: financial_ratios_minio.ingest_financial_ratios manual__2026-02-04T14:54:19+00:00 map_index=40 [running]> on host 918dbd497d34
[2026-02-04T14:56:15.578+0000] {taskinstance.py:2648} INFO - Exporting env vars: AIRFLOW_CTX_DAG_OWNER='***' AIRFLOW_CTX_DAG_ID='financial_ratios_minio' AIRFLOW_CTX_TASK_ID='ingest_financial_ratios' AIRFLOW_CTX_EXECUTION_DATE='2026-02-04T14:54:19+00:00' AIRFLOW_CTX_TRY_NUMBER='1' AIRFLOW_CTX_DAG_RUN_ID='manual__2026-02-04T14:54:19+00:00'
[2026-02-04T14:56:15.580+0000] {taskinstance.py:430} INFO - ::endgroup::
[2026-02-04T14:56:15.594+0000] {logging_mixin.py:188} INFO - [RATIO] Bắt đầu xử lý batch 2 mã: ['VNS', 'VNR']
[2026-02-04T14:56:15.595+0000] {logging_mixin.py:188} INFO - [RATIO] Kỳ dữ liệu: quarter
[2026-02-04T14:56:15.596+0000] {logging_mixin.py:188} INFO -  >> [RATIO] Đang lấy dữ liệu: VNS
[2026-02-04T14:56:16.617+0000] {logging_mixin.py:188} INFO -  ✓ [RATIO] VNS: 52 rows
[2026-02-04T14:56:18.618+0000] {logging_mixin.py:188} INFO -  >> [RATIO] Đang lấy dữ liệu: VNR
[2026-02-04T14:56:19.672+0000] {logging_mixin.py:188} INFO -  ✓ [RATIO] VNR: 52 rows
[2026-02-04T14:56:21.679+0000] {logging_mixin.py:188} INFO -  ✅ [RATIO] Hoàn thành batch. Tổng số dòng: 104
[2026-02-04T14:56:21.735+0000] {base.py:84} INFO - Using connection ID 'minio_finance' for task execution.
[2026-02-04T14:56:21.740+0000] {connection_wrapper.py:384} INFO - AWS Connection (conn_id='minio_finance', conn_type='aws') credentials retrieved from login and password.
[2026-02-04T14:56:23.218+0000] {datalake_df2csv.py:52} INFO - ✅ Đã upload 104 dòng -> s3://thongtin-congty-va-bctc/financial_ratios/2026-02-04/batch_40.csv
[2026-02-04T14:56:23.220+0000] {taskinstance.py:441} INFO - ::group::Post task execution logs
[2026-02-04T14:56:23.234+0000] {taskinstance.py:1206} INFO - Marking task as SUCCESS. dag_id=financial_ratios_minio, task_id=ingest_financial_ratios, run_id=manual__2026-02-04T14:54:19+00:00, map_index=40, execution_date=20260204T145419, start_date=20260204T145615, end_date=20260204T145623
[2026-02-04T14:56:23.462+0000] {local_task_job_runner.py:243} INFO - Task exited with return code 0
[2026-02-04T14:56:23.496+0000] {taskinstance.py:3503} INFO - 0 downstream tasks scheduled from follow-on schedule check
[2026-02-04T14:56:23.501+0000] {local_task_job_runner.py:222} INFO - ::endgroup::
