[2026-03-01T04:01:12.554+0000] {local_task_job_runner.py:120} INFO - ::group::Pre task execution logs
[2026-03-01T04:01:12.577+0000] {taskinstance.py:2076} INFO - Dependencies all met for dep_context=non-requeueable deps ti=<TaskInstance: bctc.ingest_bctc manual__2026-03-01T02:14:11+00:00 map_index=40 [queued]>
[2026-03-01T04:01:12.594+0000] {taskinstance.py:2076} INFO - Dependencies all met for dep_context=requeueable deps ti=<TaskInstance: bctc.ingest_bctc manual__2026-03-01T02:14:11+00:00 map_index=40 [queued]>
[2026-03-01T04:01:12.594+0000] {taskinstance.py:2306} INFO - Starting attempt 1 of 4
[2026-03-01T04:01:12.608+0000] {taskinstance.py:2330} INFO - Executing <Mapped(DfToCsvOperator): ingest_bctc> on 2026-03-01 02:14:11+00:00
[2026-03-01T04:01:12.619+0000] {warnings.py:112} WARNING - This process (pid=6076) is multi-threaded, use of fork() may lead to deadlocks in the child.

[2026-03-01T04:01:12.621+0000] {standard_task_runner.py:64} INFO - Started process 6078 to run task
[2026-03-01T04:01:12.623+0000] {standard_task_runner.py:90} INFO - Running: ['***', 'tasks', 'run', 'bctc', 'ingest_bctc', 'manual__2026-03-01T02:14:11+00:00', '--job-id', '29832', '--raw', '--subdir', 'DAGS_FOLDER/dl_bctc.py', '--cfg-path', '/tmp/tmpuy0rcpbt', '--map-index', '40']
[2026-03-01T04:01:12.626+0000] {standard_task_runner.py:91} INFO - Job 29832: Subtask ingest_bctc
[2026-03-01T04:01:12.678+0000] {task_command.py:426} INFO - Running <TaskInstance: bctc.ingest_bctc manual__2026-03-01T02:14:11+00:00 map_index=40 [running]> on host 96b0f4865b54
[2026-03-01T04:01:12.787+0000] {taskinstance.py:2648} INFO - Exporting env vars: AIRFLOW_CTX_DAG_OWNER='***' AIRFLOW_CTX_DAG_ID='bctc' AIRFLOW_CTX_TASK_ID='ingest_bctc' AIRFLOW_CTX_EXECUTION_DATE='2026-03-01T02:14:11+00:00' AIRFLOW_CTX_TRY_NUMBER='1' AIRFLOW_CTX_DAG_RUN_ID='manual__2026-03-01T02:14:11+00:00'
[2026-03-01T04:01:12.789+0000] {taskinstance.py:430} INFO - ::endgroup::
[2026-03-01T04:01:12.789+0000] {datalake_df2csv.py:40} INFO - ================================================================================
[2026-03-01T04:01:12.790+0000] {datalake_df2csv.py:41} INFO - 🚀 BẮT ĐẦU TASK: ingest_bctc
[2026-03-01T04:01:12.790+0000] {datalake_df2csv.py:42} INFO - ================================================================================
[2026-03-01T04:01:12.791+0000] {datalake_df2csv.py:43} INFO - 📋 Thông tin cấu hình:
[2026-03-01T04:01:12.791+0000] {datalake_df2csv.py:44} INFO -   - Logic file: bctc
[2026-03-01T04:01:12.791+0000] {datalake_df2csv.py:45} INFO -   - DataFrame name: get_financial_reports
[2026-03-01T04:01:12.792+0000] {datalake_df2csv.py:46} INFO -   - Bucket: thongtin-congty-va-bctc
[2026-03-01T04:01:12.792+0000] {datalake_df2csv.py:47} INFO -   - Object path: bctc/2026/Q1/batch_40.csv
[2026-03-01T04:01:12.792+0000] {datalake_df2csv.py:48} INFO -   - Connection ID: minio_finance
[2026-03-01T04:01:12.793+0000] {datalake_df2csv.py:49} INFO -   - Tham số truyền vào: {'symbols': ['HLS', 'MSH', 'NSL', 'MNB', 'KHD', 'HCT', 'TCM', 'POV', 'TDC', 'VLS', 'KHP', 'SD2', 'SVG', 'NBE', 'VPR', 'MST', 'ICC', 'CCA', 'SGI', 'PVR'], 'current_year': '2026', 'current_quarter': '1'}
[2026-03-01T04:01:12.793+0000] {datalake_df2csv.py:50} INFO - --------------------------------------------------------------------------------
[2026-03-01T04:01:12.793+0000] {datalake_df2csv.py:54} INFO - 📥 Bước 1: Đang load dữ liệu từ logic file...
[2026-03-01T04:01:12.796+0000] {datalake_df2csv.py:148} INFO -   - Logic directory: /opt/airflow/plugins/logic
[2026-03-01T04:01:12.798+0000] {datalake_df2csv.py:149} INFO -   - Module path: /opt/airflow/plugins/logic/bctc.py
[2026-03-01T04:01:12.799+0000] {datalake_df2csv.py:153} INFO -   - Đã thêm logic directory vào sys.path
[2026-03-01T04:01:12.800+0000] {datalake_df2csv.py:159} INFO -   - Đang load module 'bctc'...
[2026-03-01T04:01:12.804+0000] {datalake_df2csv.py:163} INFO -   - ✅ Module loaded thành công
[2026-03-01T04:01:12.804+0000] {datalake_df2csv.py:165} INFO -   - Đang tìm DataFrame/function: 'get_financial_reports'...
[2026-03-01T04:01:12.805+0000] {datalake_df2csv.py:170} INFO -   - ✅ Tìm thấy object: function
[2026-03-01T04:01:12.805+0000] {datalake_df2csv.py:173} INFO -   - Đang gọi function với tham số: {'symbols': ['HLS', 'MSH', 'NSL', 'MNB', 'KHD', 'HCT', 'TCM', 'POV', 'TDC', 'VLS', 'KHP', 'SD2', 'SVG', 'NBE', 'VPR', 'MST', 'ICC', 'CCA', 'SGI', 'PVR'], 'current_year': '2026', 'current_quarter': '1'}
[2026-03-01T04:01:12.806+0000] {logging_mixin.py:188} INFO - [BCTC] Batch 20 mã: ['HLS', 'MSH', 'NSL', 'MNB', 'KHD', 'HCT', 'TCM', 'POV', 'TDC', 'VLS', 'KHP', 'SD2', 'SVG', 'NBE', 'VPR', 'MST', 'ICC', 'CCA', 'SGI', 'PVR']
[2026-03-01T04:01:12.806+0000] {logging_mixin.py:188} INFO -   Filter: year=2026, quarter=1
[2026-03-01T04:01:12.807+0000] {logging_mixin.py:188} INFO -   Call interval: 3.2s (~19 req/phút)
[2026-03-01T04:01:12.807+0000] {logging_mixin.py:188} INFO -  >> [1/20] HLS
[2026-03-01T04:01:19.141+0000] {logging_mixin.py:188} INFO - ❌ HLS.income_statement: RetryError: RetryError[<Future at 0x7f9f23e84140 state=finished raised KeyError>] → bỏ qua
[2026-03-01T04:01:19.142+0000] {logging_mixin.py:188} INFO -   ⚠ HLS.income_statement: không có dữ liệu → bỏ qua mã này
[2026-03-01T04:01:19.143+0000] {logging_mixin.py:188} INFO -  >> [2/20] MSH
[2026-03-01T04:01:32.618+0000] {logging_mixin.py:188} INFO -  >> [3/20] NSL
[2026-03-01T04:01:45.379+0000] {logging_mixin.py:188} INFO -  >> [4/20] MNB
[2026-03-01T04:01:53.290+0000] {logging_mixin.py:188} INFO - 
⚠️ 
============================================================
⚠️  GIỚI HẠN API ĐÃ ĐẠT TỐI ĐA (Rate Limit Exceeded)
============================================================

📌 Bạn đã đạt giới hạn tối đa số lượt yêu cầu API trong 1 phút (minute).
   (You have reached the maximum API request limit for this period)

📊 Chi tiết (Details):
   • Gói hiện tại: Khách (Guest)
   • Giới hạn: 20 requests/phút
   • Đã sử dụng: 20/20
   • Chờ 7 giây để tiếp tục (Wait to retry)

💡 Giải pháp (Solutions):
   1️⃣ Chờ 7 giây rồi thử lại
      (Wait and retry)
   2️⃣ Tham gia gói thành viên tài trợ để sử dụng không bị gián đoạn
      (Join sponsor membership for uninterrupted access)

🚀 Nâng cấp (Upgrade):
   • Phiên bản cộng đồng (60 request/phút - Community):
     Đăng ký API key miễn phí: https://vnstocks.com/login
   • Gói thành viên tài trợ (180-600 request/phút - Sponsor):
     Tham gia: https://vnstocks.com/insiders-program

============================================================
[2026-03-01T04:01:53.292+0000] {logging_mixin.py:188} INFO - ⚠ MNB.balance_sheet: SystemExit (rate-limit?): Rate limit exceeded. 
============================================================
⚠️  GIỚI HẠN API  → bỏ qua
[2026-03-01T04:01:53.293+0000] {logging_mixin.py:188} INFO -   ⚠ MNB.balance_sheet: không có dữ liệu → bỏ qua mã này
[2026-03-01T04:01:53.294+0000] {logging_mixin.py:188} INFO -  >> [5/20] KHD
[2026-03-01T04:01:57.028+0000] {logging_mixin.py:188} INFO - ⚠ KHD.income_statement: SystemExit (rate-limit?): Rate limit exceeded. 
============================================================
⚠️  GIỚI HẠN API  → bỏ qua
[2026-03-01T04:01:57.030+0000] {logging_mixin.py:188} INFO -   ⚠ KHD.income_statement: không có dữ liệu → bỏ qua mã này
[2026-03-01T04:01:57.031+0000] {logging_mixin.py:188} INFO -  >> [6/20] HCT
[2026-03-01T04:02:01.464+0000] {logging_mixin.py:188} INFO - 
⚠️ 
============================================================
⚠️  GIỚI HẠN API ĐÃ ĐẠT TỐI ĐA (Rate Limit Exceeded)
============================================================

📌 Bạn đã đạt giới hạn tối đa số lượt yêu cầu API trong 1 phút (minute).
   (You have reached the maximum API request limit for this period)

📊 Chi tiết (Details):
   • Gói hiện tại: Khách (Guest)
   • Giới hạn: 20 requests/phút
   • Đã sử dụng: 20/20
   • Chờ 59 giây để tiếp tục (Wait to retry)

💡 Giải pháp (Solutions):
   1️⃣ Chờ 59 giây rồi thử lại
      (Wait and retry)
   2️⃣ Tham gia gói thành viên tài trợ để sử dụng không bị gián đoạn
      (Join sponsor membership for uninterrupted access)

🚀 Nâng cấp (Upgrade):
   • Phiên bản cộng đồng (60 request/phút - Community):
     Đăng ký API key miễn phí: https://vnstocks.com/login
   • Gói thành viên tài trợ (180-600 request/phút - Sponsor):
     Tham gia: https://vnstocks.com/insiders-program

============================================================
[2026-03-01T04:02:01.465+0000] {logging_mixin.py:188} INFO - ⚠ HCT.income_statement: SystemExit (rate-limit?): Rate limit exceeded. 
============================================================
⚠️  GIỚI HẠN API  → bỏ qua
[2026-03-01T04:02:01.466+0000] {logging_mixin.py:188} INFO -   ⚠ HCT.income_statement: không có dữ liệu → bỏ qua mã này
[2026-03-01T04:02:01.467+0000] {logging_mixin.py:188} INFO -  >> [7/20] TCM
[2026-03-01T04:02:05.201+0000] {logging_mixin.py:188} INFO - ⚠ TCM.income_statement: SystemExit (rate-limit?): Rate limit exceeded. 
============================================================
⚠️  GIỚI HẠN API  → bỏ qua
[2026-03-01T04:02:05.203+0000] {logging_mixin.py:188} INFO -   ⚠ TCM.income_statement: không có dữ liệu → bỏ qua mã này
[2026-03-01T04:02:05.203+0000] {logging_mixin.py:188} INFO -  >> [8/20] POV
[2026-03-01T04:02:08.850+0000] {logging_mixin.py:188} INFO - 
⚠️ 
============================================================
⚠️  GIỚI HẠN API ĐÃ ĐẠT TỐI ĐA (Rate Limit Exceeded)
============================================================

📌 Bạn đã đạt giới hạn tối đa số lượt yêu cầu API trong 1 phút (minute).
   (You have reached the maximum API request limit for this period)

📊 Chi tiết (Details):
   • Gói hiện tại: Khách (Guest)
   • Giới hạn: 20 requests/phút
   • Đã sử dụng: 20/20
   • Chờ 51 giây để tiếp tục (Wait to retry)

💡 Giải pháp (Solutions):
   1️⃣ Chờ 51 giây rồi thử lại
      (Wait and retry)
   2️⃣ Tham gia gói thành viên tài trợ để sử dụng không bị gián đoạn
      (Join sponsor membership for uninterrupted access)

🚀 Nâng cấp (Upgrade):
   • Phiên bản cộng đồng (60 request/phút - Community):
     Đăng ký API key miễn phí: https://vnstocks.com/login
   • Gói thành viên tài trợ (180-600 request/phút - Sponsor):
     Tham gia: https://vnstocks.com/insiders-program

============================================================
[2026-03-01T04:02:08.851+0000] {logging_mixin.py:188} INFO - ⚠ POV.income_statement: SystemExit (rate-limit?): Rate limit exceeded. 
============================================================
⚠️  GIỚI HẠN API  → bỏ qua
[2026-03-01T04:02:08.852+0000] {logging_mixin.py:188} INFO -   ⚠ POV.income_statement: không có dữ liệu → bỏ qua mã này
[2026-03-01T04:02:08.853+0000] {logging_mixin.py:188} INFO -  >> [9/20] TDC
[2026-03-01T04:02:12.448+0000] {logging_mixin.py:188} INFO - ⚠ TDC.income_statement: SystemExit (rate-limit?): Rate limit exceeded. 
============================================================
⚠️  GIỚI HẠN API  → bỏ qua
[2026-03-01T04:02:12.450+0000] {logging_mixin.py:188} INFO -   ⚠ TDC.income_statement: không có dữ liệu → bỏ qua mã này
[2026-03-01T04:02:12.451+0000] {logging_mixin.py:188} INFO -  >> [10/20] VLS
[2026-03-01T04:02:25.026+0000] {logging_mixin.py:188} INFO -  >> [11/20] KHP
[2026-03-01T04:02:38.734+0000] {logging_mixin.py:188} INFO -  >> [12/20] SD2
[2026-03-01T04:02:52.689+0000] {logging_mixin.py:188} INFO -  >> [13/20] SVG
[2026-03-01T04:03:00.665+0000] {logging_mixin.py:188} INFO - 
⚠️ 
============================================================
⚠️  GIỚI HẠN API ĐÃ ĐẠT TỐI ĐA (Rate Limit Exceeded)
============================================================

📌 Bạn đã đạt giới hạn tối đa số lượt yêu cầu API trong 1 phút (minute).
   (You have reached the maximum API request limit for this period)

📊 Chi tiết (Details):
   • Gói hiện tại: Khách (Guest)
   • Giới hạn: 20 requests/phút
   • Đã sử dụng: 20/20
   • Chờ 59 giây để tiếp tục (Wait to retry)

💡 Giải pháp (Solutions):
   1️⃣ Chờ 59 giây rồi thử lại
      (Wait and retry)
   2️⃣ Tham gia gói thành viên tài trợ để sử dụng không bị gián đoạn
      (Join sponsor membership for uninterrupted access)

🚀 Nâng cấp (Upgrade):
   • Phiên bản cộng đồng (60 request/phút - Community):
     Đăng ký API key miễn phí: https://vnstocks.com/login
   • Gói thành viên tài trợ (180-600 request/phút - Sponsor):
     Tham gia: https://vnstocks.com/insiders-program

============================================================
[2026-03-01T04:03:00.666+0000] {logging_mixin.py:188} INFO - ⚠ SVG.balance_sheet: SystemExit (rate-limit?): Rate limit exceeded. 
============================================================
⚠️  GIỚI HẠN API  → bỏ qua
[2026-03-01T04:03:00.668+0000] {logging_mixin.py:188} INFO -   ⚠ SVG.balance_sheet: không có dữ liệu → bỏ qua mã này
[2026-03-01T04:03:00.668+0000] {logging_mixin.py:188} INFO -  >> [14/20] NBE
[2026-03-01T04:03:04.337+0000] {logging_mixin.py:188} INFO - ⚠ NBE.income_statement: SystemExit (rate-limit?): Rate limit exceeded. 
============================================================
⚠️  GIỚI HẠN API  → bỏ qua
[2026-03-01T04:03:04.339+0000] {logging_mixin.py:188} INFO -   ⚠ NBE.income_statement: không có dữ liệu → bỏ qua mã này
[2026-03-01T04:03:04.339+0000] {logging_mixin.py:188} INFO -  >> [15/20] VPR
[2026-03-01T04:03:08.448+0000] {logging_mixin.py:188} INFO - 
⚠️ 
============================================================
⚠️  GIỚI HẠN API ĐÃ ĐẠT TỐI ĐA (Rate Limit Exceeded)
============================================================

📌 Bạn đã đạt giới hạn tối đa số lượt yêu cầu API trong 1 phút (minute).
   (You have reached the maximum API request limit for this period)

📊 Chi tiết (Details):
   • Gói hiện tại: Khách (Guest)
   • Giới hạn: 20 requests/phút
   • Đã sử dụng: 20/20
   • Chờ 52 giây để tiếp tục (Wait to retry)

💡 Giải pháp (Solutions):
   1️⃣ Chờ 52 giây rồi thử lại
      (Wait and retry)
   2️⃣ Tham gia gói thành viên tài trợ để sử dụng không bị gián đoạn
      (Join sponsor membership for uninterrupted access)

🚀 Nâng cấp (Upgrade):
   • Phiên bản cộng đồng (60 request/phút - Community):
     Đăng ký API key miễn phí: https://vnstocks.com/login
   • Gói thành viên tài trợ (180-600 request/phút - Sponsor):
     Tham gia: https://vnstocks.com/insiders-program

============================================================
[2026-03-01T04:03:08.449+0000] {logging_mixin.py:188} INFO - ⚠ VPR.income_statement: SystemExit (rate-limit?): Rate limit exceeded. 
============================================================
⚠️  GIỚI HẠN API  → bỏ qua
[2026-03-01T04:03:08.450+0000] {logging_mixin.py:188} INFO -   ⚠ VPR.income_statement: không có dữ liệu → bỏ qua mã này
[2026-03-01T04:03:08.450+0000] {logging_mixin.py:188} INFO -  >> [16/20] MST
[2026-03-01T04:03:12.085+0000] {logging_mixin.py:188} INFO - ⚠ MST.income_statement: SystemExit (rate-limit?): Rate limit exceeded. 
============================================================
⚠️  GIỚI HẠN API  → bỏ qua
[2026-03-01T04:03:12.086+0000] {logging_mixin.py:188} INFO -   ⚠ MST.income_statement: không có dữ liệu → bỏ qua mã này
[2026-03-01T04:03:12.087+0000] {logging_mixin.py:188} INFO -  >> [17/20] ICC
[2026-03-01T04:03:15.702+0000] {logging_mixin.py:188} INFO - 
⚠️ 
============================================================
⚠️  GIỚI HẠN API ĐÃ ĐẠT TỐI ĐA (Rate Limit Exceeded)
============================================================

📌 Bạn đã đạt giới hạn tối đa số lượt yêu cầu API trong 1 phút (minute).
   (You have reached the maximum API request limit for this period)

📊 Chi tiết (Details):
   • Gói hiện tại: Khách (Guest)
   • Giới hạn: 20 requests/phút
   • Đã sử dụng: 20/20
   • Chờ 44 giây để tiếp tục (Wait to retry)

💡 Giải pháp (Solutions):
   1️⃣ Chờ 44 giây rồi thử lại
      (Wait and retry)
   2️⃣ Tham gia gói thành viên tài trợ để sử dụng không bị gián đoạn
      (Join sponsor membership for uninterrupted access)

🚀 Nâng cấp (Upgrade):
   • Phiên bản cộng đồng (60 request/phút - Community):
     Đăng ký API key miễn phí: https://vnstocks.com/login
   • Gói thành viên tài trợ (180-600 request/phút - Sponsor):
     Tham gia: https://vnstocks.com/insiders-program

============================================================
[2026-03-01T04:03:15.704+0000] {logging_mixin.py:188} INFO - ⚠ ICC.income_statement: SystemExit (rate-limit?): Rate limit exceeded. 
============================================================
⚠️  GIỚI HẠN API  → bỏ qua
[2026-03-01T04:03:15.704+0000] {logging_mixin.py:188} INFO -   ⚠ ICC.income_statement: không có dữ liệu → bỏ qua mã này
[2026-03-01T04:03:15.705+0000] {logging_mixin.py:188} INFO -  >> [18/20] CCA
[2026-03-01T04:03:28.697+0000] {logging_mixin.py:188} INFO -  >> [19/20] SGI
[2026-03-01T04:03:41.416+0000] {logging_mixin.py:188} INFO -  >> [20/20] PVR
[2026-03-01T04:03:54.806+0000] {logging_mixin.py:188} INFO - ⚠ Bỏ qua 12 mã: ['HLS', 'MNB', 'KHD', 'HCT', 'TCM', 'POV', 'TDC', 'SVG', 'NBE', 'VPR', 'MST', 'ICC']
[2026-03-01T04:03:54.806+0000] {logging_mixin.py:188} INFO - ⚠ Batch này không thu được dữ liệu nào.
[2026-03-01T04:03:54.807+0000] {datalake_df2csv.py:58} WARNING - ⚠️  DataFrame rỗng hoặc None
[2026-03-01T04:03:54.808+0000] {datalake_df2csv.py:59} INFO - 📊 Thông tin DataFrame:
[2026-03-01T04:03:54.808+0000] {datalake_df2csv.py:60} INFO -   - Số dòng: 0
[2026-03-01T04:03:54.808+0000] {datalake_df2csv.py:61} INFO -   - Kết luận: Bỏ qua upload CSV
[2026-03-01T04:03:54.809+0000] {datalake_df2csv.py:62} INFO - ================================================================================
[2026-03-01T04:03:54.809+0000] {datalake_df2csv.py:63} INFO - ✅ KẾT THÚC TASK (không có dữ liệu): ingest_bctc
[2026-03-01T04:03:54.810+0000] {datalake_df2csv.py:64} INFO - ================================================================================
[2026-03-01T04:03:54.811+0000] {taskinstance.py:441} INFO - ::group::Post task execution logs
[2026-03-01T04:03:54.820+0000] {taskinstance.py:1206} INFO - Marking task as SUCCESS. dag_id=bctc, task_id=ingest_bctc, run_id=manual__2026-03-01T02:14:11+00:00, map_index=40, execution_date=20260301T021411, start_date=20260301T040112, end_date=20260301T040354
[2026-03-01T04:03:54.864+0000] {local_task_job_runner.py:243} INFO - Task exited with return code 0
[2026-03-01T04:03:54.878+0000] {taskinstance.py:3503} INFO - 0 downstream tasks scheduled from follow-on schedule check
[2026-03-01T04:03:54.880+0000] {local_task_job_runner.py:222} INFO - ::endgroup::
