[2026-05-05T01:13:05.954+0000] {local_task_job_runner.py:120} INFO - ::group::Pre task execution logs
[2026-05-05T01:13:06.028+0000] {taskinstance.py:2076} INFO - Dependencies all met for dep_context=non-requeueable deps ti=<TaskInstance: electric_board_daily.ingest_electric_board scheduled__2026-05-01T16:00:00+00:00 map_index=24 [queued]>
[2026-05-05T01:13:06.067+0000] {taskinstance.py:2076} INFO - Dependencies all met for dep_context=requeueable deps ti=<TaskInstance: electric_board_daily.ingest_electric_board scheduled__2026-05-01T16:00:00+00:00 map_index=24 [queued]>
[2026-05-05T01:13:06.068+0000] {taskinstance.py:2306} INFO - Starting attempt 1 of 3
[2026-05-05T01:13:06.118+0000] {taskinstance.py:2330} INFO - Executing <Mapped(DfToCsvOperator): ingest_electric_board> on 2026-05-01 16:00:00+00:00
[2026-05-05T01:13:06.144+0000] {warnings.py:112} WARNING - This process (pid=814) is multi-threaded, use of fork() may lead to deadlocks in the child.

[2026-05-05T01:13:06.148+0000] {standard_task_runner.py:64} INFO - Started process 932 to run task
[2026-05-05T01:13:06.173+0000] {standard_task_runner.py:90} INFO - Running: ['***', 'tasks', 'run', 'electric_board_daily', 'ingest_electric_board', 'scheduled__2026-05-01T16:00:00+00:00', '--job-id', '47489', '--raw', '--subdir', 'DAGS_FOLDER/dl_electric_board.py', '--cfg-path', '/tmp/tmpca3656rq', '--map-index', '24']
[2026-05-05T01:13:06.184+0000] {standard_task_runner.py:91} INFO - Job 47489: Subtask ingest_electric_board
[2026-05-05T01:13:06.308+0000] {task_command.py:426} INFO - Running <TaskInstance: electric_board_daily.ingest_electric_board scheduled__2026-05-01T16:00:00+00:00 map_index=24 [running]> on host 0486a22c7dcb
[2026-05-05T01:13:06.633+0000] {taskinstance.py:2648} INFO - Exporting env vars: AIRFLOW_CTX_DAG_OWNER='***' AIRFLOW_CTX_DAG_ID='electric_board_daily' AIRFLOW_CTX_TASK_ID='ingest_electric_board' AIRFLOW_CTX_EXECUTION_DATE='2026-05-01T16:00:00+00:00' AIRFLOW_CTX_TRY_NUMBER='1' AIRFLOW_CTX_DAG_RUN_ID='scheduled__2026-05-01T16:00:00+00:00'
[2026-05-05T01:13:06.635+0000] {taskinstance.py:430} INFO - ::endgroup::
[2026-05-05T01:13:06.635+0000] {datalake_df2csv.py:40} INFO - ================================================================================
[2026-05-05T01:13:06.636+0000] {datalake_df2csv.py:41} INFO - 🚀 BẮT ĐẦU TASK: ingest_electric_board
[2026-05-05T01:13:06.636+0000] {datalake_df2csv.py:42} INFO - ================================================================================
[2026-05-05T01:13:06.637+0000] {datalake_df2csv.py:43} INFO - 📋 Thông tin cấu hình:
[2026-05-05T01:13:06.638+0000] {datalake_df2csv.py:44} INFO -   - Logic file: electric_board
[2026-05-05T01:13:06.638+0000] {datalake_df2csv.py:45} INFO -   - DataFrame name: get_price_board_batch
[2026-05-05T01:13:06.638+0000] {datalake_df2csv.py:46} INFO -   - Bucket: thongtin-congty-va-bctc
[2026-05-05T01:13:06.639+0000] {datalake_df2csv.py:47} INFO -   - Object path: electric_board_per_day/2026-05-01/batch_24.csv
[2026-05-05T01:13:06.639+0000] {datalake_df2csv.py:48} INFO -   - Connection ID: minio_finance
[2026-05-05T01:13:06.640+0000] {datalake_df2csv.py:49} INFO -   - Tham số truyền vào: {'symbols': ['HCI', 'PGD', 'VFC', 'SID', 'VTE', 'ASM', 'VMA', 'VNR', 'QNU', 'PSL', 'SPC', 'VTX', 'SD7', 'VIW', 'TVS', 'TAW', 'LMH', 'MDC', 'TV6', 'KBC', 'TN1', 'VC7', 'DGT', 'EGL', 'HSL', 'XLV', 'LCM', 'NDF', 'TVN', 'UTT', 'ABB', 'DRG', 'HC1', 'HHN', 'ALT', 'NAU', 'CMN', 'CMG', 'MEF', 'NAV', 'SBS', 'LIC', 'HSM', 'TMX', 'TH1', 'DHM', 'CT3', 'IDI', 'FOX', 'C22'], 'trading_date': '2026-05-01'}
[2026-05-05T01:13:06.641+0000] {datalake_df2csv.py:50} INFO - --------------------------------------------------------------------------------
[2026-05-05T01:13:06.641+0000] {datalake_df2csv.py:54} INFO - 📥 Bước 1: Đang load dữ liệu từ logic file...
[2026-05-05T01:13:06.646+0000] {datalake_df2csv.py:148} INFO -   - Logic directory: /opt/airflow/plugins/logic
[2026-05-05T01:13:06.654+0000] {datalake_df2csv.py:149} INFO -   - Module path: /opt/airflow/plugins/logic/electric_board.py
[2026-05-05T01:13:06.654+0000] {datalake_df2csv.py:153} INFO -   - Đã thêm logic directory vào sys.path
[2026-05-05T01:13:06.658+0000] {datalake_df2csv.py:159} INFO -   - Đang load module 'electric_board'...
[2026-05-05T01:13:06.672+0000] {datalake_df2csv.py:163} INFO -   - ✅ Module loaded thành công
[2026-05-05T01:13:06.672+0000] {datalake_df2csv.py:165} INFO -   - Đang tìm DataFrame/function: 'get_price_board_batch'...
[2026-05-05T01:13:06.673+0000] {datalake_df2csv.py:170} INFO -   - ✅ Tìm thấy object: function
[2026-05-05T01:13:06.674+0000] {datalake_df2csv.py:173} INFO -   - Đang gọi function với tham số: {'symbols': ['HCI', 'PGD', 'VFC', 'SID', 'VTE', 'ASM', 'VMA', 'VNR', 'QNU', 'PSL', 'SPC', 'VTX', 'SD7', 'VIW', 'TVS', 'TAW', 'LMH', 'MDC', 'TV6', 'KBC', 'TN1', 'VC7', 'DGT', 'EGL', 'HSL', 'XLV', 'LCM', 'NDF', 'TVN', 'UTT', 'ABB', 'DRG', 'HC1', 'HHN', 'ALT', 'NAU', 'CMN', 'CMG', 'MEF', 'NAV', 'SBS', 'LIC', 'HSM', 'TMX', 'TH1', 'DHM', 'CT3', 'IDI', 'FOX', 'C22'], 'trading_date': '2026-05-01'}
[2026-05-05T01:13:06.675+0000] {logging_mixin.py:188} INFO - [ELECTRIC_BOARD] Fetching price board for 50 symbols: ['HCI', 'PGD', 'VFC', 'SID', 'VTE']...
[2026-05-05T01:13:08.312+0000] {logging_mixin.py:188} WARNING - 2026-05-05 01:13:08 - vnstock.explorer.kbs.trading - INFO - Converted derivative symbol VN30F1M to 41I1G5000 (KRX format)
[2026-05-05T01:13:08.312+0000] {trading.py:80} INFO - Converted derivative symbol VN30F1M to 41I1G5000 (KRX format)
[2026-05-05T01:13:09.064+0000] {logging_mixin.py:188} INFO - ┏━━━━━━━━━━━━━━━━━━━━━━━━━━━━━━━━━━━━━━━━━━━━━━━━━━━━━━━━━━━━━━━━━━━━━━━━━━━━━━━━━┓
┃                                                                                 ┃
┃  ⚠️ THÔNG BÁO QUAN TRỌNG                                                        ┃
┃                                                                                 ┃
┃  Phát hành vnstock 4.0.1 cung cấp sửa lỗi quan trọng và bổ sung giao diện API   ┃
┃  thống nhất (Unified UI), tăng tính ổn định của code.                           ┃
┃  Cập nhật: pip install vnstock -U                                               ┃
┃  AI Agent Guide: https://github.com/vnstock-hq/vnstock-agent-guide/             ┃
┃                                                                                 ┃
┃  ────────────────────────────────────────────────────────────────────────────── ┃
┃                                                                                 ┃
┃  🚀 VNSTOCK INSIDERS PROGRAM - NÂNG TẦM TRẢI NGHIỆM CỦA BẠN! 🚀                 ┃
┃                                                                                 ┃
┃  Nếu bạn cảm thấy khó chịu với các thông báo và quảng cáo:                      ┃
┃                                                                                 ┃
┃  ✨ Ẩn toàn bộ thông báo và quảng cáo phiền hà                                  ┃
┃  🔓 Mở rộng khả năng sử dụng API tối đa                                         ┃
┃  ⚡ Tăng tốc tải dữ liệu từ 5-8 lần                                              ┃
┃  📈 Tăng giới hạn truy cập API lên đến 5 lần                                    ┃
┃  🤖 Dùng AI Agent viết code hiệu quả với tài liệu Agent Guide                    ┃
┃                                                                                 ┃
┃  🔗 Tham gia ngay: https://vnstocks.com/insiders-program#tiers                  ┃
┃                                                                                 ┃
┗━━━━━━━━━━━━━━━━━━━━━━━━━━━━━━━━━━━━━━━━━━━━━━━━━━━━━━━━━━━━━━━━━━━━━━━━━━━━━━━━━┛
[2026-05-05T01:13:09.585+0000] {logging_mixin.py:188} INFO - [ELECTRIC_BOARD] ✅ Fetched 50 rows, 1 columns
[2026-05-05T01:13:09.587+0000] {datalake_df2csv.py:68} INFO - ✅ Load dữ liệu thành công!
[2026-05-05T01:13:09.588+0000] {datalake_df2csv.py:69} INFO - 📊 Thông tin DataFrame:
[2026-05-05T01:13:09.589+0000] {datalake_df2csv.py:70} INFO -   - Số dòng: 50
[2026-05-05T01:13:09.591+0000] {datalake_df2csv.py:71} INFO -   - Số cột: 1
[2026-05-05T01:13:09.593+0000] {datalake_df2csv.py:72} INFO -   - Tên các cột: ['trading_date']
[2026-05-05T01:13:09.594+0000] {datalake_df2csv.py:73} INFO -   - Kiểu dữ liệu: {'trading_date': 'object'}
[2026-05-05T01:13:09.598+0000] {datalake_df2csv.py:74} INFO -   - Bộ nhớ sử dụng: 0.00 MB
[2026-05-05T01:13:09.600+0000] {datalake_df2csv.py:83} INFO -   - Không có giá trị NULL
[2026-05-05T01:13:09.615+0000] {datalake_df2csv.py:86} INFO -   - Mẫu dữ liệu (5 dòng đầu):
[2026-05-05T01:13:09.619+0000] {datalake_df2csv.py:88} INFO -     Row 0: {'trading_date': '2026-05-01'}
[2026-05-05T01:13:09.621+0000] {datalake_df2csv.py:88} INFO -     Row 1: {'trading_date': '2026-05-01'}
[2026-05-05T01:13:09.622+0000] {datalake_df2csv.py:88} INFO -     Row 2: {'trading_date': '2026-05-01'}
[2026-05-05T01:13:09.623+0000] {datalake_df2csv.py:88} INFO -     Row 3: {'trading_date': '2026-05-01'}
[2026-05-05T01:13:09.624+0000] {datalake_df2csv.py:88} INFO -     Row 4: {'trading_date': '2026-05-01'}
[2026-05-05T01:13:09.627+0000] {datalake_df2csv.py:90} INFO - --------------------------------------------------------------------------------
[2026-05-05T01:13:09.628+0000] {datalake_df2csv.py:93} INFO - 📝 Bước 2: Đang chuyển đổi DataFrame sang CSV...
[2026-05-05T01:13:09.635+0000] {datalake_df2csv.py:97} INFO - ✅ Chuyển đổi CSV thành công!
[2026-05-05T01:13:09.636+0000] {datalake_df2csv.py:98} INFO -   - Kích thước file: 0.00 MB
[2026-05-05T01:13:09.639+0000] {datalake_df2csv.py:99} INFO -   - Thời gian chuyển đổi: 0.01 giây
[2026-05-05T01:13:09.641+0000] {datalake_df2csv.py:100} INFO - --------------------------------------------------------------------------------
[2026-05-05T01:13:09.642+0000] {datalake_df2csv.py:103} INFO - ☁️  Bước 3: Đang upload lên MinIO/S3...
[2026-05-05T01:13:09.683+0000] {base.py:84} INFO - Using connection ID 'minio_finance' for task execution.
[2026-05-05T01:13:09.685+0000] {connection_wrapper.py:384} INFO - AWS Connection (conn_id='minio_finance', conn_type='aws') credentials retrieved from login and password.
[2026-05-05T01:13:10.103+0000] {datalake_df2csv.py:112} INFO -   - Bucket 'thongtin-congty-va-bctc' đã tồn tại
[2026-05-05T01:13:10.179+0000] {datalake_df2csv.py:117} INFO - ✅ Upload thành công!
[2026-05-05T01:13:10.180+0000] {datalake_df2csv.py:118} INFO -   - Đường dẫn: s3://thongtin-congty-va-bctc/electric_board_per_day/2026-05-01/batch_24.csv
[2026-05-05T01:13:10.183+0000] {datalake_df2csv.py:119} INFO -   - Số dòng: 50
[2026-05-05T01:13:10.184+0000] {datalake_df2csv.py:120} INFO -   - Thời gian upload: 0.53 giây
[2026-05-05T01:13:10.185+0000] {datalake_df2csv.py:121} INFO - --------------------------------------------------------------------------------
[2026-05-05T01:13:10.186+0000] {datalake_df2csv.py:125} INFO - 📈 TỔNG KẾT:
[2026-05-05T01:13:10.187+0000] {datalake_df2csv.py:126} INFO -   - Tổng thời gian thực thi: 3.55 giây
[2026-05-05T01:13:10.188+0000] {datalake_df2csv.py:127} INFO -   - Tốc độ xử lý: 14 dòng/giây
[2026-05-05T01:13:10.189+0000] {datalake_df2csv.py:128} INFO - ================================================================================
[2026-05-05T01:13:10.191+0000] {datalake_df2csv.py:129} INFO - ✅ HOÀN THÀNH TASK: ingest_electric_board
[2026-05-05T01:13:10.192+0000] {datalake_df2csv.py:130} INFO - ================================================================================
[2026-05-05T01:13:10.193+0000] {taskinstance.py:441} INFO - ::group::Post task execution logs
[2026-05-05T01:13:10.220+0000] {taskinstance.py:1206} INFO - Marking task as SUCCESS. dag_id=electric_board_daily, task_id=ingest_electric_board, run_id=scheduled__2026-05-01T16:00:00+00:00, map_index=24, execution_date=20260501T160000, start_date=20260505T011306, end_date=20260505T011310
[2026-05-05T01:13:10.383+0000] {local_task_job_runner.py:243} INFO - Task exited with return code 0
[2026-05-05T01:13:10.417+0000] {local_task_job_runner.py:222} INFO - ::endgroup::
