[2026-04-08T16:11:42.967+0000] {local_task_job_runner.py:120} INFO - ::group::Pre task execution logs
[2026-04-08T16:11:43.082+0000] {taskinstance.py:2076} INFO - Dependencies all met for dep_context=non-requeueable deps ti=<TaskInstance: daily_price.ingest_daily_price scheduled__2026-04-07T16:00:00+00:00 map_index=277 [queued]>
[2026-04-08T16:11:43.145+0000] {taskinstance.py:2076} INFO - Dependencies all met for dep_context=requeueable deps ti=<TaskInstance: daily_price.ingest_daily_price scheduled__2026-04-07T16:00:00+00:00 map_index=277 [queued]>
[2026-04-08T16:11:43.147+0000] {taskinstance.py:2306} INFO - Starting attempt 1 of 2
[2026-04-08T16:11:43.231+0000] {taskinstance.py:2330} INFO - Executing <Mapped(DfToCsvOperator): ingest_daily_price> on 2026-04-07 16:00:00+00:00
[2026-04-08T16:11:43.285+0000] {warnings.py:112} WARNING - This process (pid=7466) is multi-threaded, use of fork() may lead to deadlocks in the child.

[2026-04-08T16:11:43.290+0000] {standard_task_runner.py:64} INFO - Started process 7564 to run task
[2026-04-08T16:11:43.298+0000] {standard_task_runner.py:90} INFO - Running: ['***', 'tasks', 'run', 'daily_price', 'ingest_daily_price', 'scheduled__2026-04-07T16:00:00+00:00', '--job-id', '40736', '--raw', '--subdir', 'DAGS_FOLDER/dl_dailly_price.py', '--cfg-path', '/tmp/tmpejv0yz_n', '--map-index', '277']
[2026-04-08T16:11:43.307+0000] {standard_task_runner.py:91} INFO - Job 40736: Subtask ingest_daily_price
[2026-04-08T16:11:43.496+0000] {task_command.py:426} INFO - Running <TaskInstance: daily_price.ingest_daily_price scheduled__2026-04-07T16:00:00+00:00 map_index=277 [running]> on host e7eab8490099
[2026-04-08T16:11:44.676+0000] {taskinstance.py:2648} INFO - Exporting env vars: AIRFLOW_CTX_DAG_OWNER='***' AIRFLOW_CTX_DAG_ID='daily_price' AIRFLOW_CTX_TASK_ID='ingest_daily_price' AIRFLOW_CTX_EXECUTION_DATE='2026-04-07T16:00:00+00:00' AIRFLOW_CTX_TRY_NUMBER='1' AIRFLOW_CTX_DAG_RUN_ID='scheduled__2026-04-07T16:00:00+00:00'
[2026-04-08T16:11:44.707+0000] {taskinstance.py:430} INFO - ::endgroup::
[2026-04-08T16:11:44.914+0000] {datalake_df2csv.py:40} INFO - ================================================================================
[2026-04-08T16:11:44.946+0000] {datalake_df2csv.py:41} INFO - 🚀 BẮT ĐẦU TASK: ingest_daily_price
[2026-04-08T16:11:44.962+0000] {datalake_df2csv.py:42} INFO - ================================================================================
[2026-04-08T16:11:44.980+0000] {datalake_df2csv.py:43} INFO - 📋 Thông tin cấu hình:
[2026-04-08T16:11:44.997+0000] {datalake_df2csv.py:44} INFO -   - Logic file: history_price
[2026-04-08T16:11:45.071+0000] {datalake_df2csv.py:45} INFO -   - DataFrame name: get_history_price_batch
[2026-04-08T16:11:45.076+0000] {datalake_df2csv.py:46} INFO -   - Bucket: thongtin-congty-va-bctc
[2026-04-08T16:11:45.237+0000] {datalake_df2csv.py:47} INFO -   - Object path: daily_price/2026-04-07/batch_277.csv
[2026-04-08T16:11:45.279+0000] {datalake_df2csv.py:48} INFO -   - Connection ID: minio_finance
[2026-04-08T16:11:45.372+0000] {datalake_df2csv.py:49} INFO -   - Tham số truyền vào: {'symbols': ['MQB', 'IFS', 'TBR', 'DNH', 'EVG'], 'start_date': '2026-04-07', 'end_date': '2026-04-08'}
[2026-04-08T16:11:45.405+0000] {datalake_df2csv.py:50} INFO - --------------------------------------------------------------------------------
[2026-04-08T16:11:45.437+0000] {datalake_df2csv.py:54} INFO - 📥 Bước 1: Đang load dữ liệu từ logic file...
[2026-04-08T16:11:45.465+0000] {datalake_df2csv.py:148} INFO -   - Logic directory: /opt/airflow/plugins/logic
[2026-04-08T16:11:45.478+0000] {datalake_df2csv.py:149} INFO -   - Module path: /opt/airflow/plugins/logic/history_price.py
[2026-04-08T16:11:45.491+0000] {datalake_df2csv.py:153} INFO -   - Đã thêm logic directory vào sys.path
[2026-04-08T16:11:45.542+0000] {datalake_df2csv.py:159} INFO -   - Đang load module 'history_price'...
[2026-04-08T16:11:45.702+0000] {datalake_df2csv.py:163} INFO -   - ✅ Module loaded thành công
[2026-04-08T16:11:45.704+0000] {datalake_df2csv.py:165} INFO -   - Đang tìm DataFrame/function: 'get_history_price_batch'...
[2026-04-08T16:11:45.705+0000] {datalake_df2csv.py:170} INFO -   - ✅ Tìm thấy object: function
[2026-04-08T16:11:45.707+0000] {datalake_df2csv.py:173} INFO -   - Đang gọi function với tham số: {'symbols': ['MQB', 'IFS', 'TBR', 'DNH', 'EVG'], 'start_date': '2026-04-07', 'end_date': '2026-04-08'}
[2026-04-08T16:12:10.196+0000] {log.py:232} WARNING - 2026-04-08 16:12:10 - vnstock.core.utils.client - ERROR - API request failed: HTTPSConnectionPool(host='trading.vietcap.com.vn', port=443): Max retries exceeded with url: /api/chart/OHLCChart/gap-chart (Caused by NewConnectionError('<urllib3.connection.HTTPSConnection object at 0x7efdaa24cd10>: Failed to establish a new connection: [Errno 101] Network is unreachable'))
[2026-04-08T16:12:10.196+0000] {client.py:297} ERROR - API request failed: HTTPSConnectionPool(host='trading.vietcap.com.vn', port=443): Max retries exceeded with url: /api/chart/OHLCChart/gap-chart (Caused by NewConnectionError('<urllib3.connection.HTTPSConnection object at 0x7efdaa24cd10>: Failed to establish a new connection: [Errno 101] Network is unreachable'))
[2026-04-08T16:12:15.764+0000] {datalake_df2csv.py:68} INFO - ✅ Load dữ liệu thành công!
[2026-04-08T16:12:15.765+0000] {datalake_df2csv.py:69} INFO - 📊 Thông tin DataFrame:
[2026-04-08T16:12:15.766+0000] {datalake_df2csv.py:70} INFO -   - Số dòng: 20
[2026-04-08T16:12:15.769+0000] {datalake_df2csv.py:71} INFO -   - Số cột: 7
[2026-04-08T16:12:15.770+0000] {datalake_df2csv.py:72} INFO -   - Tên các cột: ['ticker', 'trading_date', 'open', 'high', 'low', 'close', 'volume']
[2026-04-08T16:12:15.772+0000] {datalake_df2csv.py:73} INFO -   - Kiểu dữ liệu: {'ticker': 'object', 'trading_date': 'object', 'open': 'float64', 'high': 'float64', 'low': 'float64', 'close': 'float64', 'volume': 'int64'}
[2026-04-08T16:12:15.776+0000] {datalake_df2csv.py:74} INFO -   - Bộ nhớ sử dụng: 0.00 MB
[2026-04-08T16:12:15.780+0000] {datalake_df2csv.py:83} INFO -   - Không có giá trị NULL
[2026-04-08T16:12:15.781+0000] {datalake_df2csv.py:86} INFO -   - Mẫu dữ liệu (5 dòng đầu):
[2026-04-08T16:12:15.783+0000] {datalake_df2csv.py:88} INFO -     Row 0: {'ticker': 'MQB', 'trading_date': '2025-08-06', 'open': 8.6, 'high': 8.6, 'low': 8.6, 'close': 8.6, 'volume': 0}
[2026-04-08T16:12:15.784+0000] {datalake_df2csv.py:88} INFO -     Row 1: {'ticker': 'MQB', 'trading_date': '2025-08-07', 'open': 8.6, 'high': 8.6, 'low': 8.6, 'close': 8.6, 'volume': 0}
[2026-04-08T16:12:15.786+0000] {datalake_df2csv.py:88} INFO -     Row 2: {'ticker': 'MQB', 'trading_date': '2025-08-08', 'open': 8.6, 'high': 8.6, 'low': 8.6, 'close': 8.6, 'volume': 0}
[2026-04-08T16:12:15.788+0000] {datalake_df2csv.py:88} INFO -     Row 3: {'ticker': 'MQB', 'trading_date': '2025-09-17', 'open': 5.6, 'high': 5.6, 'low': 5.6, 'close': 5.6, 'volume': 100}
[2026-04-08T16:12:15.790+0000] {datalake_df2csv.py:88} INFO -     Row 4: {'ticker': 'IFS', 'trading_date': '2026-04-03', 'open': 17.0, 'high': 17.0, 'low': 17.0, 'close': 17.0, 'volume': 2400}
[2026-04-08T16:12:15.790+0000] {datalake_df2csv.py:90} INFO - --------------------------------------------------------------------------------
[2026-04-08T16:12:15.791+0000] {datalake_df2csv.py:93} INFO - 📝 Bước 2: Đang chuyển đổi DataFrame sang CSV...
[2026-04-08T16:12:15.813+0000] {datalake_df2csv.py:97} INFO - ✅ Chuyển đổi CSV thành công!
[2026-04-08T16:12:15.813+0000] {datalake_df2csv.py:98} INFO -   - Kích thước file: 0.00 MB
[2026-04-08T16:12:15.815+0000] {datalake_df2csv.py:99} INFO -   - Thời gian chuyển đổi: 0.02 giây
[2026-04-08T16:12:15.818+0000] {datalake_df2csv.py:100} INFO - --------------------------------------------------------------------------------
[2026-04-08T16:12:15.819+0000] {datalake_df2csv.py:103} INFO - ☁️  Bước 3: Đang upload lên MinIO/S3...
[2026-04-08T16:12:15.850+0000] {base.py:84} INFO - Using connection ID 'minio_finance' for task execution.
[2026-04-08T16:12:15.851+0000] {connection_wrapper.py:384} INFO - AWS Connection (conn_id='minio_finance', conn_type='aws') credentials retrieved from login and password.
[2026-04-08T16:12:18.445+0000] {datalake_df2csv.py:112} INFO -   - Bucket 'thongtin-congty-va-bctc' đã tồn tại
[2026-04-08T16:12:18.718+0000] {datalake_df2csv.py:117} INFO - ✅ Upload thành công!
[2026-04-08T16:12:18.739+0000] {datalake_df2csv.py:118} INFO -   - Đường dẫn: s3://thongtin-congty-va-bctc/daily_price/2026-04-07/batch_277.csv
[2026-04-08T16:12:18.742+0000] {datalake_df2csv.py:119} INFO -   - Số dòng: 20
[2026-04-08T16:12:18.772+0000] {datalake_df2csv.py:120} INFO -   - Thời gian upload: 2.90 giây
[2026-04-08T16:12:18.800+0000] {datalake_df2csv.py:121} INFO - --------------------------------------------------------------------------------
[2026-04-08T16:12:18.814+0000] {datalake_df2csv.py:125} INFO - 📈 TỔNG KẾT:
[2026-04-08T16:12:18.829+0000] {datalake_df2csv.py:126} INFO -   - Tổng thời gian thực thi: 33.90 giây
[2026-04-08T16:12:18.830+0000] {datalake_df2csv.py:127} INFO -   - Tốc độ xử lý: 1 dòng/giây
[2026-04-08T16:12:18.832+0000] {datalake_df2csv.py:128} INFO - ================================================================================
[2026-04-08T16:12:18.839+0000] {datalake_df2csv.py:129} INFO - ✅ HOÀN THÀNH TASK: ingest_daily_price
[2026-04-08T16:12:18.841+0000] {datalake_df2csv.py:130} INFO - ================================================================================
[2026-04-08T16:12:18.855+0000] {taskinstance.py:441} INFO - ::group::Post task execution logs
[2026-04-08T16:12:18.911+0000] {taskinstance.py:1206} INFO - Marking task as SUCCESS. dag_id=daily_price, task_id=ingest_daily_price, run_id=scheduled__2026-04-07T16:00:00+00:00, map_index=277, execution_date=20260407T160000, start_date=20260408T161143, end_date=20260408T161218
[2026-04-08T16:12:19.038+0000] {local_task_job_runner.py:243} INFO - Task exited with return code 0
[2026-04-08T16:12:19.094+0000] {taskinstance.py:3503} INFO - 0 downstream tasks scheduled from follow-on schedule check
[2026-04-08T16:12:19.109+0000] {local_task_job_runner.py:222} INFO - ::endgroup::
