[2026-04-03T13:41:45.304+0000] {local_task_job_runner.py:120} INFO - ::group::Pre task execution logs
[2026-04-03T13:41:45.434+0000] {taskinstance.py:2076} INFO - Dependencies all met for dep_context=non-requeueable deps ti=<TaskInstance: daily_price.ingest_daily_price scheduled__2026-03-31T16:00:00+00:00 map_index=235 [queued]>
[2026-04-03T13:41:45.538+0000] {taskinstance.py:2076} INFO - Dependencies all met for dep_context=requeueable deps ti=<TaskInstance: daily_price.ingest_daily_price scheduled__2026-03-31T16:00:00+00:00 map_index=235 [queued]>
[2026-04-03T13:41:45.550+0000] {taskinstance.py:2306} INFO - Starting attempt 1 of 2
[2026-04-03T13:41:45.902+0000] {taskinstance.py:2330} INFO - Executing <Mapped(DfToCsvOperator): ingest_daily_price> on 2026-03-31 16:00:00+00:00
[2026-04-03T13:41:45.924+0000] {warnings.py:112} WARNING - This process (pid=2885) is multi-threaded, use of fork() may lead to deadlocks in the child.

[2026-04-03T13:41:45.926+0000] {standard_task_runner.py:64} INFO - Started process 2922 to run task
[2026-04-03T13:41:45.933+0000] {standard_task_runner.py:90} INFO - Running: ['***', 'tasks', 'run', 'daily_price', 'ingest_daily_price', 'scheduled__2026-03-31T16:00:00+00:00', '--job-id', '38251', '--raw', '--subdir', 'DAGS_FOLDER/dl_dailly_price.py', '--cfg-path', '/tmp/tmplbc_43_n', '--map-index', '235']
[2026-04-03T13:41:45.939+0000] {standard_task_runner.py:91} INFO - Job 38251: Subtask ingest_daily_price
[2026-04-03T13:41:46.127+0000] {task_command.py:426} INFO - Running <TaskInstance: daily_price.ingest_daily_price scheduled__2026-03-31T16:00:00+00:00 map_index=235 [running]> on host f1f3ec63581f
[2026-04-03T13:41:47.006+0000] {taskinstance.py:2648} INFO - Exporting env vars: AIRFLOW_CTX_DAG_OWNER='***' AIRFLOW_CTX_DAG_ID='daily_price' AIRFLOW_CTX_TASK_ID='ingest_daily_price' AIRFLOW_CTX_EXECUTION_DATE='2026-03-31T16:00:00+00:00' AIRFLOW_CTX_TRY_NUMBER='1' AIRFLOW_CTX_DAG_RUN_ID='scheduled__2026-03-31T16:00:00+00:00'
[2026-04-03T13:41:47.011+0000] {taskinstance.py:430} INFO - ::endgroup::
[2026-04-03T13:41:47.012+0000] {datalake_df2csv.py:40} INFO - ================================================================================
[2026-04-03T13:41:47.013+0000] {datalake_df2csv.py:41} INFO - 🚀 BẮT ĐẦU TASK: ingest_daily_price
[2026-04-03T13:41:47.014+0000] {datalake_df2csv.py:42} INFO - ================================================================================
[2026-04-03T13:41:47.015+0000] {datalake_df2csv.py:43} INFO - 📋 Thông tin cấu hình:
[2026-04-03T13:41:47.016+0000] {datalake_df2csv.py:44} INFO -   - Logic file: history_price
[2026-04-03T13:41:47.017+0000] {datalake_df2csv.py:45} INFO -   - DataFrame name: get_history_price_batch
[2026-04-03T13:41:47.018+0000] {datalake_df2csv.py:46} INFO -   - Bucket: thongtin-congty-va-bctc
[2026-04-03T13:41:47.020+0000] {datalake_df2csv.py:47} INFO -   - Object path: daily_price/2026-03-31/batch_235.csv
[2026-04-03T13:41:47.026+0000] {datalake_df2csv.py:48} INFO -   - Connection ID: minio_finance
[2026-04-03T13:41:47.028+0000] {datalake_df2csv.py:49} INFO -   - Tham số truyền vào: {'symbols': ['CMW', 'BVS', 'HD8', 'VPG', 'VTC'], 'start_date': '2026-03-31', 'end_date': '2026-04-01'}
[2026-04-03T13:41:47.031+0000] {datalake_df2csv.py:50} INFO - --------------------------------------------------------------------------------
[2026-04-03T13:41:47.032+0000] {datalake_df2csv.py:54} INFO - 📥 Bước 1: Đang load dữ liệu từ logic file...
[2026-04-03T13:41:47.041+0000] {datalake_df2csv.py:148} INFO -   - Logic directory: /opt/airflow/plugins/logic
[2026-04-03T13:41:47.042+0000] {datalake_df2csv.py:149} INFO -   - Module path: /opt/airflow/plugins/logic/history_price.py
[2026-04-03T13:41:47.043+0000] {datalake_df2csv.py:153} INFO -   - Đã thêm logic directory vào sys.path
[2026-04-03T13:41:47.049+0000] {datalake_df2csv.py:159} INFO -   - Đang load module 'history_price'...
[2026-04-03T13:41:47.063+0000] {datalake_df2csv.py:163} INFO -   - ✅ Module loaded thành công
[2026-04-03T13:41:47.064+0000] {datalake_df2csv.py:165} INFO -   - Đang tìm DataFrame/function: 'get_history_price_batch'...
[2026-04-03T13:41:47.065+0000] {datalake_df2csv.py:170} INFO -   - ✅ Tìm thấy object: function
[2026-04-03T13:41:47.066+0000] {datalake_df2csv.py:173} INFO -   - Đang gọi function với tham số: {'symbols': ['CMW', 'BVS', 'HD8', 'VPG', 'VTC'], 'start_date': '2026-03-31', 'end_date': '2026-04-01'}
[2026-04-03T13:41:52.567+0000] {datalake_df2csv.py:68} INFO - ✅ Load dữ liệu thành công!
[2026-04-03T13:41:52.569+0000] {datalake_df2csv.py:69} INFO - 📊 Thông tin DataFrame:
[2026-04-03T13:41:52.571+0000] {datalake_df2csv.py:70} INFO -   - Số dòng: 20
[2026-04-03T13:41:52.573+0000] {datalake_df2csv.py:71} INFO -   - Số cột: 7
[2026-04-03T13:41:52.573+0000] {datalake_df2csv.py:72} INFO -   - Tên các cột: ['ticker', 'trading_date', 'open', 'high', 'low', 'close', 'volume']
[2026-04-03T13:41:52.574+0000] {datalake_df2csv.py:73} INFO -   - Kiểu dữ liệu: {'ticker': 'object', 'trading_date': 'object', 'open': 'float64', 'high': 'float64', 'low': 'float64', 'close': 'float64', 'volume': 'int64'}
[2026-04-03T13:41:52.579+0000] {datalake_df2csv.py:74} INFO -   - Bộ nhớ sử dụng: 0.00 MB
[2026-04-03T13:41:52.581+0000] {datalake_df2csv.py:83} INFO -   - Không có giá trị NULL
[2026-04-03T13:41:52.583+0000] {datalake_df2csv.py:86} INFO -   - Mẫu dữ liệu (5 dòng đầu):
[2026-04-03T13:41:52.585+0000] {datalake_df2csv.py:88} INFO -     Row 0: {'ticker': 'CMW', 'trading_date': '2026-03-27', 'open': 14.0, 'high': 14.0, 'low': 14.0, 'close': 14.0, 'volume': 300}
[2026-04-03T13:41:52.587+0000] {datalake_df2csv.py:88} INFO -     Row 1: {'ticker': 'CMW', 'trading_date': '2026-03-30', 'open': 14.0, 'high': 14.0, 'low': 14.0, 'close': 14.0, 'volume': 100}
[2026-04-03T13:41:52.588+0000] {datalake_df2csv.py:88} INFO -     Row 2: {'ticker': 'CMW', 'trading_date': '2026-03-31', 'open': 14.0, 'high': 14.0, 'low': 14.0, 'close': 14.0, 'volume': 100}
[2026-04-03T13:41:52.589+0000] {datalake_df2csv.py:88} INFO -     Row 3: {'ticker': 'CMW', 'trading_date': '2026-04-01', 'open': 14.0, 'high': 14.0, 'low': 14.0, 'close': 14.0, 'volume': 100}
[2026-04-03T13:41:52.590+0000] {datalake_df2csv.py:88} INFO -     Row 4: {'ticker': 'BVS', 'trading_date': '2026-03-30', 'open': 25.9, 'high': 26.2, 'low': 25.5, 'close': 26.0, 'volume': 148100}
[2026-04-03T13:41:52.591+0000] {datalake_df2csv.py:90} INFO - --------------------------------------------------------------------------------
[2026-04-03T13:41:52.591+0000] {datalake_df2csv.py:93} INFO - 📝 Bước 2: Đang chuyển đổi DataFrame sang CSV...
[2026-04-03T13:41:52.597+0000] {datalake_df2csv.py:97} INFO - ✅ Chuyển đổi CSV thành công!
[2026-04-03T13:41:52.598+0000] {datalake_df2csv.py:98} INFO -   - Kích thước file: 0.00 MB
[2026-04-03T13:41:52.599+0000] {datalake_df2csv.py:99} INFO -   - Thời gian chuyển đổi: 0.01 giây
[2026-04-03T13:41:52.600+0000] {datalake_df2csv.py:100} INFO - --------------------------------------------------------------------------------
[2026-04-03T13:41:52.601+0000] {datalake_df2csv.py:103} INFO - ☁️  Bước 3: Đang upload lên MinIO/S3...
[2026-04-03T13:41:52.616+0000] {base.py:84} INFO - Using connection ID 'minio_finance' for task execution.
[2026-04-03T13:41:52.618+0000] {connection_wrapper.py:384} INFO - AWS Connection (conn_id='minio_finance', conn_type='aws') credentials retrieved from login and password.
[2026-04-03T13:41:53.827+0000] {datalake_df2csv.py:112} INFO -   - Bucket 'thongtin-congty-va-bctc' đã tồn tại
[2026-04-03T13:41:53.957+0000] {datalake_df2csv.py:117} INFO - ✅ Upload thành công!
[2026-04-03T13:41:53.958+0000] {datalake_df2csv.py:118} INFO -   - Đường dẫn: s3://thongtin-congty-va-bctc/daily_price/2026-03-31/batch_235.csv
[2026-04-03T13:41:53.959+0000] {datalake_df2csv.py:119} INFO -   - Số dòng: 20
[2026-04-03T13:41:53.960+0000] {datalake_df2csv.py:120} INFO -   - Thời gian upload: 1.36 giây
[2026-04-03T13:41:53.963+0000] {datalake_df2csv.py:121} INFO - --------------------------------------------------------------------------------
[2026-04-03T13:41:53.964+0000] {datalake_df2csv.py:125} INFO - 📈 TỔNG KẾT:
[2026-04-03T13:41:53.965+0000] {datalake_df2csv.py:126} INFO -   - Tổng thời gian thực thi: 6.95 giây
[2026-04-03T13:41:53.967+0000] {datalake_df2csv.py:127} INFO -   - Tốc độ xử lý: 3 dòng/giây
[2026-04-03T13:41:53.968+0000] {datalake_df2csv.py:128} INFO - ================================================================================
[2026-04-03T13:41:53.969+0000] {datalake_df2csv.py:129} INFO - ✅ HOÀN THÀNH TASK: ingest_daily_price
[2026-04-03T13:41:53.969+0000] {datalake_df2csv.py:130} INFO - ================================================================================
[2026-04-03T13:41:53.973+0000] {taskinstance.py:441} INFO - ::group::Post task execution logs
[2026-04-03T13:41:54.000+0000] {taskinstance.py:1206} INFO - Marking task as SUCCESS. dag_id=daily_price, task_id=ingest_daily_price, run_id=scheduled__2026-03-31T16:00:00+00:00, map_index=235, execution_date=20260331T160000, start_date=20260403T134145, end_date=20260403T134153
[2026-04-03T13:41:54.084+0000] {local_task_job_runner.py:243} INFO - Task exited with return code 0
[2026-04-03T13:41:54.115+0000] {taskinstance.py:3503} INFO - 0 downstream tasks scheduled from follow-on schedule check
[2026-04-03T13:41:54.119+0000] {local_task_job_runner.py:222} INFO - ::endgroup::
