[2026-01-15T13:14:47.715+0000] {local_task_job_runner.py:120} INFO - ::group::Pre task execution logs
[2026-01-15T13:14:47.739+0000] {taskinstance.py:2076} INFO - Dependencies all met for dep_context=non-requeueable deps ti=<TaskInstance: company_overview_to_minio.ingest_overview manual__2026-01-15T12:57:05.396448+00:00 map_index=82 [queued]>
[2026-01-15T13:14:47.757+0000] {taskinstance.py:2076} INFO - Dependencies all met for dep_context=requeueable deps ti=<TaskInstance: company_overview_to_minio.ingest_overview manual__2026-01-15T12:57:05.396448+00:00 map_index=82 [queued]>
[2026-01-15T13:14:47.758+0000] {taskinstance.py:2306} INFO - Starting attempt 1 of 2
[2026-01-15T13:14:47.772+0000] {taskinstance.py:2330} INFO - Executing <Mapped(DfToCsvOperator): ingest_overview> on 2026-01-15 12:57:05.396448+00:00
[2026-01-15T13:14:47.785+0000] {warnings.py:112} WARNING - This process (pid=4256) is multi-threaded, use of fork() may lead to deadlocks in the child.

[2026-01-15T13:14:47.787+0000] {standard_task_runner.py:64} INFO - Started process 4303 to run task
[2026-01-15T13:14:47.789+0000] {standard_task_runner.py:90} INFO - Running: ['***', 'tasks', 'run', 'company_overview_to_minio', 'ingest_overview', 'manual__2026-01-15T12:57:05.396448+00:00', '--job-id', '16025', '--raw', '--subdir', 'DAGS_FOLDER/company_overview_to_minio.py', '--cfg-path', '/tmp/tmpl3401twg', '--map-index', '82']
[2026-01-15T13:14:47.793+0000] {standard_task_runner.py:91} INFO - Job 16025: Subtask ingest_overview
[2026-01-15T13:14:47.837+0000] {task_command.py:426} INFO - Running <TaskInstance: company_overview_to_minio.ingest_overview manual__2026-01-15T12:57:05.396448+00:00 map_index=82 [running]> on host 48331fd7a179
[2026-01-15T13:14:47.931+0000] {taskinstance.py:2648} INFO - Exporting env vars: AIRFLOW_CTX_DAG_OWNER='***' AIRFLOW_CTX_DAG_ID='company_overview_to_minio' AIRFLOW_CTX_TASK_ID='ingest_overview' AIRFLOW_CTX_EXECUTION_DATE='2026-01-15T12:57:05.396448+00:00' AIRFLOW_CTX_TRY_NUMBER='1' AIRFLOW_CTX_DAG_RUN_ID='manual__2026-01-15T12:57:05.396448+00:00'
[2026-01-15T13:14:47.932+0000] {taskinstance.py:430} INFO - ::endgroup::
[2026-01-15T13:14:49.501+0000] {logging_mixin.py:188} INFO - Err overview BCR: Failed to fetch data: 429 - Too Many Requests
[2026-01-15T13:14:50.667+0000] {warnings.py:112} WARNING - DataFrame.applymap has been deprecated. Use DataFrame.map instead.

[2026-01-15T13:14:51.887+0000] {warnings.py:112} WARNING - DataFrame.applymap has been deprecated. Use DataFrame.map instead.

[2026-01-15T13:14:53.363+0000] {warnings.py:112} WARNING - DataFrame.applymap has been deprecated. Use DataFrame.map instead.

[2026-01-15T13:14:54.557+0000] {warnings.py:112} WARNING - DataFrame.applymap has been deprecated. Use DataFrame.map instead.

[2026-01-15T13:14:56.141+0000] {warnings.py:112} WARNING - DataFrame.applymap has been deprecated. Use DataFrame.map instead.

[2026-01-15T13:14:57.244+0000] {logging_mixin.py:188} INFO - Err overview BCE: Failed to fetch data: 429 - Too Many Requests
[2026-01-15T13:14:58.446+0000] {warnings.py:112} WARNING - DataFrame.applymap has been deprecated. Use DataFrame.map instead.

[2026-01-15T13:14:59.624+0000] {warnings.py:112} WARNING - DataFrame.applymap has been deprecated. Use DataFrame.map instead.

[2026-01-15T13:15:00.769+0000] {warnings.py:112} WARNING - DataFrame.applymap has been deprecated. Use DataFrame.map instead.

[2026-01-15T13:15:01.931+0000] {warnings.py:112} WARNING - DataFrame.applymap has been deprecated. Use DataFrame.map instead.

[2026-01-15T13:15:03.375+0000] {warnings.py:112} WARNING - DataFrame.applymap has been deprecated. Use DataFrame.map instead.

[2026-01-15T13:15:06.325+0000] {warnings.py:112} WARNING - DataFrame.applymap has been deprecated. Use DataFrame.map instead.

[2026-01-15T13:15:07.767+0000] {warnings.py:112} WARNING - DataFrame.applymap has been deprecated. Use DataFrame.map instead.

[2026-01-15T13:15:09.583+0000] {warnings.py:112} WARNING - DataFrame.applymap has been deprecated. Use DataFrame.map instead.

[2026-01-15T13:15:10.683+0000] {logging_mixin.py:188} INFO - Err overview BAX: Failed to fetch data: 429 - Too Many Requests
[2026-01-15T13:15:12.152+0000] {warnings.py:112} WARNING - DataFrame.applymap has been deprecated. Use DataFrame.map instead.

[2026-01-15T13:15:13.740+0000] {logging_mixin.py:188} INFO - Err overview BAF: Failed to fetch data: 429 - Too Many Requests
[2026-01-15T13:15:14.841+0000] {logging_mixin.py:188} INFO - Err overview BAB: Failed to fetch data: 429 - Too Many Requests
[2026-01-15T13:15:20.267+0000] {logging_mixin.py:188} INFO - Err overview B82: RetryError[<Future at 0x7fd9e8f4d1c0 state=finished raised AttributeError>]
[2026-01-15T13:15:21.314+0000] {base.py:84} INFO - Using connection ID 'minio_finance' for task execution.
[2026-01-15T13:15:21.315+0000] {connection_wrapper.py:384} INFO - AWS Connection (conn_id='minio_finance', conn_type='aws') credentials retrieved from login and password.
[2026-01-15T13:15:21.787+0000] {datalake_df2csv.py:52} INFO - ✅ Đã upload 14 dòng -> s3://thongtin-congty-va-bctc/overview/date=2026-01-15/batch_82.csv
[2026-01-15T13:15:21.788+0000] {taskinstance.py:441} INFO - ::group::Post task execution logs
[2026-01-15T13:15:21.805+0000] {taskinstance.py:1206} INFO - Marking task as SUCCESS. dag_id=company_overview_to_minio, task_id=ingest_overview, run_id=manual__2026-01-15T12:57:05.396448+00:00, map_index=82, execution_date=20260115T125705, start_date=20260115T131447, end_date=20260115T131521
[2026-01-15T13:15:21.863+0000] {local_task_job_runner.py:243} INFO - Task exited with return code 0
[2026-01-15T13:15:21.949+0000] {taskinstance.py:3503} INFO - 0 downstream tasks scheduled from follow-on schedule check
[2026-01-15T13:15:21.952+0000] {local_task_job_runner.py:222} INFO - ::endgroup::
