[2026-04-15T14:01:22.233+0000] {local_task_job_runner.py:120} INFO - ::group::Pre task execution logs
[2026-04-15T14:01:22.355+0000] {taskinstance.py:2076} INFO - Dependencies all met for dep_context=non-requeueable deps ti=<TaskInstance: daily_price.ingest_daily_price scheduled__2026-04-13T16:00:00+00:00 map_index=214 [queued]>
[2026-04-15T14:01:22.464+0000] {taskinstance.py:2076} INFO - Dependencies all met for dep_context=requeueable deps ti=<TaskInstance: daily_price.ingest_daily_price scheduled__2026-04-13T16:00:00+00:00 map_index=214 [queued]>
[2026-04-15T14:01:22.480+0000] {taskinstance.py:2306} INFO - Starting attempt 1 of 2
[2026-04-15T14:01:22.539+0000] {taskinstance.py:2330} INFO - Executing <Mapped(DfToCsvOperator): ingest_daily_price> on 2026-04-13 16:00:00+00:00
[2026-04-15T14:01:22.571+0000] {warnings.py:112} WARNING - This process (pid=2420) is multi-threaded, use of fork() may lead to deadlocks in the child.

[2026-04-15T14:01:22.588+0000] {standard_task_runner.py:64} INFO - Started process 2471 to run task
[2026-04-15T14:01:22.585+0000] {standard_task_runner.py:90} INFO - Running: ['***', 'tasks', 'run', 'daily_price', 'ingest_daily_price', 'scheduled__2026-04-13T16:00:00+00:00', '--job-id', '42607', '--raw', '--subdir', 'DAGS_FOLDER/dl_dailly_price.py', '--cfg-path', '/tmp/tmpu9cli82i', '--map-index', '214']
[2026-04-15T14:01:22.599+0000] {standard_task_runner.py:91} INFO - Job 42607: Subtask ingest_daily_price
[2026-04-15T14:01:22.902+0000] {task_command.py:426} INFO - Running <TaskInstance: daily_price.ingest_daily_price scheduled__2026-04-13T16:00:00+00:00 map_index=214 [running]> on host 0c77025344c6
[2026-04-15T14:01:24.925+0000] {taskinstance.py:2648} INFO - Exporting env vars: AIRFLOW_CTX_DAG_OWNER='***' AIRFLOW_CTX_DAG_ID='daily_price' AIRFLOW_CTX_TASK_ID='ingest_daily_price' AIRFLOW_CTX_EXECUTION_DATE='2026-04-13T16:00:00+00:00' AIRFLOW_CTX_TRY_NUMBER='1' AIRFLOW_CTX_DAG_RUN_ID='scheduled__2026-04-13T16:00:00+00:00'
[2026-04-15T14:01:24.966+0000] {taskinstance.py:430} INFO - ::endgroup::
[2026-04-15T14:01:24.982+0000] {datalake_df2csv.py:40} INFO - ================================================================================
[2026-04-15T14:01:25.019+0000] {datalake_df2csv.py:41} INFO - 🚀 BẮT ĐẦU TASK: ingest_daily_price
[2026-04-15T14:01:25.061+0000] {datalake_df2csv.py:42} INFO - ================================================================================
[2026-04-15T14:01:25.069+0000] {datalake_df2csv.py:43} INFO - 📋 Thông tin cấu hình:
[2026-04-15T14:01:25.079+0000] {datalake_df2csv.py:44} INFO -   - Logic file: history_price
[2026-04-15T14:01:25.097+0000] {datalake_df2csv.py:45} INFO -   - DataFrame name: get_history_price_batch
[2026-04-15T14:01:25.118+0000] {datalake_df2csv.py:46} INFO -   - Bucket: thongtin-congty-va-bctc
[2026-04-15T14:01:25.133+0000] {datalake_df2csv.py:47} INFO -   - Object path: daily_price/2026-04-13/batch_214.csv
[2026-04-15T14:01:25.152+0000] {datalake_df2csv.py:48} INFO -   - Connection ID: minio_finance
[2026-04-15T14:01:25.200+0000] {datalake_df2csv.py:49} INFO -   - Tham số truyền vào: {'symbols': ['LTG', 'LMC', 'CNG', 'DCF', 'QBS'], 'start_date': '2026-04-13', 'end_date': '2026-04-14'}
[2026-04-15T14:01:25.217+0000] {datalake_df2csv.py:50} INFO - --------------------------------------------------------------------------------
[2026-04-15T14:01:25.229+0000] {datalake_df2csv.py:54} INFO - 📥 Bước 1: Đang load dữ liệu từ logic file...
[2026-04-15T14:01:25.369+0000] {datalake_df2csv.py:148} INFO -   - Logic directory: /opt/airflow/plugins/logic
[2026-04-15T14:01:25.395+0000] {datalake_df2csv.py:149} INFO -   - Module path: /opt/airflow/plugins/logic/history_price.py
[2026-04-15T14:01:25.429+0000] {datalake_df2csv.py:153} INFO -   - Đã thêm logic directory vào sys.path
[2026-04-15T14:01:25.540+0000] {datalake_df2csv.py:159} INFO -   - Đang load module 'history_price'...
[2026-04-15T14:01:25.676+0000] {datalake_df2csv.py:163} INFO -   - ✅ Module loaded thành công
[2026-04-15T14:01:25.702+0000] {datalake_df2csv.py:165} INFO -   - Đang tìm DataFrame/function: 'get_history_price_batch'...
[2026-04-15T14:01:25.729+0000] {datalake_df2csv.py:170} INFO -   - ✅ Tìm thấy object: function
[2026-04-15T14:01:25.757+0000] {datalake_df2csv.py:173} INFO -   - Đang gọi function với tham số: {'symbols': ['LTG', 'LMC', 'CNG', 'DCF', 'QBS'], 'start_date': '2026-04-13', 'end_date': '2026-04-14'}
[2026-04-15T14:01:38.780+0000] {datalake_df2csv.py:68} INFO - ✅ Load dữ liệu thành công!
[2026-04-15T14:01:38.782+0000] {datalake_df2csv.py:69} INFO - 📊 Thông tin DataFrame:
[2026-04-15T14:01:38.783+0000] {datalake_df2csv.py:70} INFO -   - Số dòng: 20
[2026-04-15T14:01:38.785+0000] {datalake_df2csv.py:71} INFO -   - Số cột: 7
[2026-04-15T14:01:38.786+0000] {datalake_df2csv.py:72} INFO -   - Tên các cột: ['ticker', 'trading_date', 'open', 'high', 'low', 'close', 'volume']
[2026-04-15T14:01:38.788+0000] {datalake_df2csv.py:73} INFO -   - Kiểu dữ liệu: {'ticker': 'object', 'trading_date': 'object', 'open': 'float64', 'high': 'float64', 'low': 'float64', 'close': 'float64', 'volume': 'int64'}
[2026-04-15T14:01:38.801+0000] {datalake_df2csv.py:74} INFO -   - Bộ nhớ sử dụng: 0.00 MB
[2026-04-15T14:01:38.809+0000] {datalake_df2csv.py:83} INFO -   - Không có giá trị NULL
[2026-04-15T14:01:38.823+0000] {datalake_df2csv.py:86} INFO -   - Mẫu dữ liệu (5 dòng đầu):
[2026-04-15T14:01:38.834+0000] {datalake_df2csv.py:88} INFO -     Row 0: {'ticker': 'LTG', 'trading_date': '2026-03-20', 'open': 6.5, 'high': 6.6, 'low': 6.3, 'close': 6.4, 'volume': 135700}
[2026-04-15T14:01:38.835+0000] {datalake_df2csv.py:88} INFO -     Row 1: {'ticker': 'LTG', 'trading_date': '2026-03-27', 'open': 7.3, 'high': 7.3, 'low': 6.3, 'close': 6.4, 'volume': 140700}
[2026-04-15T14:01:38.836+0000] {datalake_df2csv.py:88} INFO -     Row 2: {'ticker': 'LTG', 'trading_date': '2026-04-03', 'open': 6.4, 'high': 6.5, 'low': 6.2, 'close': 6.2, 'volume': 187600}
[2026-04-15T14:01:38.839+0000] {datalake_df2csv.py:88} INFO -     Row 3: {'ticker': 'LTG', 'trading_date': '2026-04-10', 'open': 6.3, 'high': 6.6, 'low': 6.2, 'close': 6.5, 'volume': 231100}
[2026-04-15T14:01:38.841+0000] {datalake_df2csv.py:88} INFO -     Row 4: {'ticker': 'LMC', 'trading_date': '2026-04-10', 'open': 5.7, 'high': 5.7, 'low': 5.7, 'close': 5.7, 'volume': 100}
[2026-04-15T14:01:38.844+0000] {datalake_df2csv.py:90} INFO - --------------------------------------------------------------------------------
[2026-04-15T14:01:38.850+0000] {datalake_df2csv.py:93} INFO - 📝 Bước 2: Đang chuyển đổi DataFrame sang CSV...
[2026-04-15T14:01:38.864+0000] {datalake_df2csv.py:97} INFO - ✅ Chuyển đổi CSV thành công!
[2026-04-15T14:01:38.871+0000] {datalake_df2csv.py:98} INFO -   - Kích thước file: 0.00 MB
[2026-04-15T14:01:38.872+0000] {datalake_df2csv.py:99} INFO -   - Thời gian chuyển đổi: 0.01 giây
[2026-04-15T14:01:38.873+0000] {datalake_df2csv.py:100} INFO - --------------------------------------------------------------------------------
[2026-04-15T14:01:38.874+0000] {datalake_df2csv.py:103} INFO - ☁️  Bước 3: Đang upload lên MinIO/S3...
[2026-04-15T14:01:38.906+0000] {base.py:84} INFO - Using connection ID 'minio_finance' for task execution.
[2026-04-15T14:01:38.912+0000] {connection_wrapper.py:384} INFO - AWS Connection (conn_id='minio_finance', conn_type='aws') credentials retrieved from login and password.
[2026-04-15T14:01:40.984+0000] {datalake_df2csv.py:112} INFO -   - Bucket 'thongtin-congty-va-bctc' đã tồn tại
[2026-04-15T14:01:41.280+0000] {datalake_df2csv.py:117} INFO - ✅ Upload thành công!
[2026-04-15T14:01:41.283+0000] {datalake_df2csv.py:118} INFO -   - Đường dẫn: s3://thongtin-congty-va-bctc/daily_price/2026-04-13/batch_214.csv
[2026-04-15T14:01:41.289+0000] {datalake_df2csv.py:119} INFO -   - Số dòng: 20
[2026-04-15T14:01:41.291+0000] {datalake_df2csv.py:120} INFO -   - Thời gian upload: 2.41 giây
[2026-04-15T14:01:41.301+0000] {datalake_df2csv.py:121} INFO - --------------------------------------------------------------------------------
[2026-04-15T14:01:41.306+0000] {datalake_df2csv.py:125} INFO - 📈 TỔNG KẾT:
[2026-04-15T14:01:41.307+0000] {datalake_df2csv.py:126} INFO -   - Tổng thời gian thực thi: 16.32 giây
[2026-04-15T14:01:41.308+0000] {datalake_df2csv.py:127} INFO -   - Tốc độ xử lý: 1 dòng/giây
[2026-04-15T14:01:41.311+0000] {datalake_df2csv.py:128} INFO - ================================================================================
[2026-04-15T14:01:41.322+0000] {datalake_df2csv.py:129} INFO - ✅ HOÀN THÀNH TASK: ingest_daily_price
[2026-04-15T14:01:41.324+0000] {datalake_df2csv.py:130} INFO - ================================================================================
[2026-04-15T14:01:41.326+0000] {taskinstance.py:441} INFO - ::group::Post task execution logs
[2026-04-15T14:01:41.347+0000] {taskinstance.py:1206} INFO - Marking task as SUCCESS. dag_id=daily_price, task_id=ingest_daily_price, run_id=scheduled__2026-04-13T16:00:00+00:00, map_index=214, execution_date=20260413T160000, start_date=20260415T140122, end_date=20260415T140141
[2026-04-15T14:01:41.459+0000] {local_task_job_runner.py:243} INFO - Task exited with return code 0
[2026-04-15T14:01:41.520+0000] {taskinstance.py:3503} INFO - 0 downstream tasks scheduled from follow-on schedule check
[2026-04-15T14:01:41.528+0000] {local_task_job_runner.py:222} INFO - ::endgroup::
