[2026-03-26T16:00:35.123+0000] {local_task_job_runner.py:120} INFO - ::group::Pre task execution logs
[2026-03-26T16:00:35.221+0000] {taskinstance.py:2076} INFO - Dependencies all met for dep_context=non-requeueable deps ti=<TaskInstance: electric_board_daily.ingest_electric_board scheduled__2026-03-25T16:00:00+00:00 map_index=5 [queued]>
[2026-03-26T16:00:35.281+0000] {taskinstance.py:2076} INFO - Dependencies all met for dep_context=requeueable deps ti=<TaskInstance: electric_board_daily.ingest_electric_board scheduled__2026-03-25T16:00:00+00:00 map_index=5 [queued]>
[2026-03-26T16:00:35.298+0000] {taskinstance.py:2306} INFO - Starting attempt 1 of 3
[2026-03-26T16:00:35.409+0000] {taskinstance.py:2330} INFO - Executing <Mapped(DfToCsvOperator): ingest_electric_board> on 2026-03-25 16:00:00+00:00
[2026-03-26T16:00:35.475+0000] {warnings.py:112} WARNING - This process (pid=4996) is multi-threaded, use of fork() may lead to deadlocks in the child.

[2026-03-26T16:00:35.496+0000] {standard_task_runner.py:64} INFO - Started process 5045 to run task
[2026-03-26T16:00:35.511+0000] {standard_task_runner.py:90} INFO - Running: ['***', 'tasks', 'run', 'electric_board_daily', 'ingest_electric_board', 'scheduled__2026-03-25T16:00:00+00:00', '--job-id', '36748', '--raw', '--subdir', 'DAGS_FOLDER/dl_electric_board.py', '--cfg-path', '/tmp/tmpytnhkd0j', '--map-index', '5']
[2026-03-26T16:00:35.520+0000] {standard_task_runner.py:91} INFO - Job 36748: Subtask ingest_electric_board
[2026-03-26T16:00:35.688+0000] {task_command.py:426} INFO - Running <TaskInstance: electric_board_daily.ingest_electric_board scheduled__2026-03-25T16:00:00+00:00 map_index=5 [running]> on host 82e6e174d562
[2026-03-26T16:00:36.341+0000] {taskinstance.py:2648} INFO - Exporting env vars: AIRFLOW_CTX_DAG_OWNER='***' AIRFLOW_CTX_DAG_ID='electric_board_daily' AIRFLOW_CTX_TASK_ID='ingest_electric_board' AIRFLOW_CTX_EXECUTION_DATE='2026-03-25T16:00:00+00:00' AIRFLOW_CTX_TRY_NUMBER='1' AIRFLOW_CTX_DAG_RUN_ID='scheduled__2026-03-25T16:00:00+00:00'
[2026-03-26T16:00:36.416+0000] {taskinstance.py:430} INFO - ::endgroup::
[2026-03-26T16:00:36.448+0000] {datalake_df2csv.py:40} INFO - ================================================================================
[2026-03-26T16:00:36.457+0000] {datalake_df2csv.py:41} INFO - 🚀 BẮT ĐẦU TASK: ingest_electric_board
[2026-03-26T16:00:36.462+0000] {datalake_df2csv.py:42} INFO - ================================================================================
[2026-03-26T16:00:36.472+0000] {datalake_df2csv.py:43} INFO - 📋 Thông tin cấu hình:
[2026-03-26T16:00:36.494+0000] {datalake_df2csv.py:44} INFO -   - Logic file: electric_board
[2026-03-26T16:00:36.501+0000] {datalake_df2csv.py:45} INFO -   - DataFrame name: get_price_board_batch
[2026-03-26T16:00:36.511+0000] {datalake_df2csv.py:46} INFO -   - Bucket: thongtin-congty-va-bctc
[2026-03-26T16:00:36.518+0000] {datalake_df2csv.py:47} INFO -   - Object path: electric_board_per_day/2026-03-25/batch_5.csv
[2026-03-26T16:00:36.538+0000] {datalake_df2csv.py:48} INFO -   - Connection ID: minio_finance
[2026-03-26T16:00:36.544+0000] {datalake_df2csv.py:49} INFO -   - Tham số truyền vào: {'symbols': ['VWS', 'CH5', 'BMI', 'VES', 'HGM', 'HDG', 'TNB', 'GLC', 'KSV', 'MQB', 'UPC', 'TGP', 'HMR', 'D2D', 'VSA', 'DCH', 'HFC', 'VIW', 'CRC', 'EVG', 'VSH', 'AME', 'ISG', 'L63', 'PIT', 'ECI', 'MST', 'GTS', 'TVD', 'GMC', 'PVE', 'VIX', 'UMC', 'HVT', 'THB', 'VMG', 'CKD', 'BQP', 'ABS', 'MML', 'THM', 'SJS', 'BSH', 'HAR', 'ITQ', 'TV4', 'VTE', 'PND', 'NTF', 'VHD'], 'trading_date': '2026-03-25'}
[2026-03-26T16:00:36.550+0000] {datalake_df2csv.py:50} INFO - --------------------------------------------------------------------------------
[2026-03-26T16:00:36.552+0000] {datalake_df2csv.py:54} INFO - 📥 Bước 1: Đang load dữ liệu từ logic file...
[2026-03-26T16:00:36.570+0000] {datalake_df2csv.py:148} INFO -   - Logic directory: /opt/airflow/plugins/logic
[2026-03-26T16:00:36.572+0000] {datalake_df2csv.py:149} INFO -   - Module path: /opt/airflow/plugins/logic/electric_board.py
[2026-03-26T16:00:36.580+0000] {datalake_df2csv.py:153} INFO -   - Đã thêm logic directory vào sys.path
[2026-03-26T16:00:36.585+0000] {datalake_df2csv.py:159} INFO -   - Đang load module 'electric_board'...
[2026-03-26T16:00:36.627+0000] {datalake_df2csv.py:163} INFO -   - ✅ Module loaded thành công
[2026-03-26T16:00:36.629+0000] {datalake_df2csv.py:165} INFO -   - Đang tìm DataFrame/function: 'get_price_board_batch'...
[2026-03-26T16:00:36.630+0000] {datalake_df2csv.py:170} INFO -   - ✅ Tìm thấy object: function
[2026-03-26T16:00:36.632+0000] {datalake_df2csv.py:173} INFO -   - Đang gọi function với tham số: {'symbols': ['VWS', 'CH5', 'BMI', 'VES', 'HGM', 'HDG', 'TNB', 'GLC', 'KSV', 'MQB', 'UPC', 'TGP', 'HMR', 'D2D', 'VSA', 'DCH', 'HFC', 'VIW', 'CRC', 'EVG', 'VSH', 'AME', 'ISG', 'L63', 'PIT', 'ECI', 'MST', 'GTS', 'TVD', 'GMC', 'PVE', 'VIX', 'UMC', 'HVT', 'THB', 'VMG', 'CKD', 'BQP', 'ABS', 'MML', 'THM', 'SJS', 'BSH', 'HAR', 'ITQ', 'TV4', 'VTE', 'PND', 'NTF', 'VHD'], 'trading_date': '2026-03-25'}
[2026-03-26T16:00:36.637+0000] {logging_mixin.py:188} INFO - [ELECTRIC_BOARD] Fetching price board for 50 symbols: ['VWS', 'CH5', 'BMI', 'VES', 'HGM']...
[2026-03-26T16:00:41.971+0000] {logging_mixin.py:188} INFO - [ELECTRIC_BOARD] ✅ Fetched 50 rows, 1 columns
[2026-03-26T16:00:41.972+0000] {datalake_df2csv.py:68} INFO - ✅ Load dữ liệu thành công!
[2026-03-26T16:00:41.973+0000] {datalake_df2csv.py:69} INFO - 📊 Thông tin DataFrame:
[2026-03-26T16:00:41.974+0000] {datalake_df2csv.py:70} INFO -   - Số dòng: 50
[2026-03-26T16:00:41.978+0000] {datalake_df2csv.py:71} INFO -   - Số cột: 1
[2026-03-26T16:00:41.979+0000] {datalake_df2csv.py:72} INFO -   - Tên các cột: ['trading_date']
[2026-03-26T16:00:41.983+0000] {datalake_df2csv.py:73} INFO -   - Kiểu dữ liệu: {'trading_date': 'object'}
[2026-03-26T16:00:41.998+0000] {datalake_df2csv.py:74} INFO -   - Bộ nhớ sử dụng: 0.00 MB
[2026-03-26T16:00:42.008+0000] {datalake_df2csv.py:83} INFO -   - Không có giá trị NULL
[2026-03-26T16:00:42.011+0000] {datalake_df2csv.py:86} INFO -   - Mẫu dữ liệu (5 dòng đầu):
[2026-03-26T16:00:42.016+0000] {datalake_df2csv.py:88} INFO -     Row 0: {'trading_date': '2026-03-25'}
[2026-03-26T16:00:42.018+0000] {datalake_df2csv.py:88} INFO -     Row 1: {'trading_date': '2026-03-25'}
[2026-03-26T16:00:42.019+0000] {datalake_df2csv.py:88} INFO -     Row 2: {'trading_date': '2026-03-25'}
[2026-03-26T16:00:42.020+0000] {datalake_df2csv.py:88} INFO -     Row 3: {'trading_date': '2026-03-25'}
[2026-03-26T16:00:42.021+0000] {datalake_df2csv.py:88} INFO -     Row 4: {'trading_date': '2026-03-25'}
[2026-03-26T16:00:42.022+0000] {datalake_df2csv.py:90} INFO - --------------------------------------------------------------------------------
[2026-03-26T16:00:42.025+0000] {datalake_df2csv.py:93} INFO - 📝 Bước 2: Đang chuyển đổi DataFrame sang CSV...
[2026-03-26T16:00:42.046+0000] {datalake_df2csv.py:97} INFO - ✅ Chuyển đổi CSV thành công!
[2026-03-26T16:00:42.047+0000] {datalake_df2csv.py:98} INFO -   - Kích thước file: 0.00 MB
[2026-03-26T16:00:42.051+0000] {datalake_df2csv.py:99} INFO -   - Thời gian chuyển đổi: 0.02 giây
[2026-03-26T16:00:42.053+0000] {datalake_df2csv.py:100} INFO - --------------------------------------------------------------------------------
[2026-03-26T16:00:42.054+0000] {datalake_df2csv.py:103} INFO - ☁️  Bước 3: Đang upload lên MinIO/S3...
[2026-03-26T16:00:42.160+0000] {base.py:84} INFO - Using connection ID 'minio_finance' for task execution.
[2026-03-26T16:00:42.169+0000] {connection_wrapper.py:384} INFO - AWS Connection (conn_id='minio_finance', conn_type='aws') credentials retrieved from login and password.
[2026-03-26T16:00:44.182+0000] {datalake_df2csv.py:112} INFO -   - Bucket 'thongtin-congty-va-bctc' đã tồn tại
[2026-03-26T16:00:44.412+0000] {datalake_df2csv.py:117} INFO - ✅ Upload thành công!
[2026-03-26T16:00:44.413+0000] {datalake_df2csv.py:118} INFO -   - Đường dẫn: s3://thongtin-congty-va-bctc/electric_board_per_day/2026-03-25/batch_5.csv
[2026-03-26T16:00:44.414+0000] {datalake_df2csv.py:119} INFO -   - Số dòng: 50
[2026-03-26T16:00:44.414+0000] {datalake_df2csv.py:120} INFO -   - Thời gian upload: 2.36 giây
[2026-03-26T16:00:44.418+0000] {datalake_df2csv.py:121} INFO - --------------------------------------------------------------------------------
[2026-03-26T16:00:44.424+0000] {datalake_df2csv.py:125} INFO - 📈 TỔNG KẾT:
[2026-03-26T16:00:44.430+0000] {datalake_df2csv.py:126} INFO -   - Tổng thời gian thực thi: 7.98 giây
[2026-03-26T16:00:44.431+0000] {datalake_df2csv.py:127} INFO -   - Tốc độ xử lý: 6 dòng/giây
[2026-03-26T16:00:44.431+0000] {datalake_df2csv.py:128} INFO - ================================================================================
[2026-03-26T16:00:44.433+0000] {datalake_df2csv.py:129} INFO - ✅ HOÀN THÀNH TASK: ingest_electric_board
[2026-03-26T16:00:44.434+0000] {datalake_df2csv.py:130} INFO - ================================================================================
[2026-03-26T16:00:44.439+0000] {taskinstance.py:441} INFO - ::group::Post task execution logs
[2026-03-26T16:00:44.563+0000] {taskinstance.py:1206} INFO - Marking task as SUCCESS. dag_id=electric_board_daily, task_id=ingest_electric_board, run_id=scheduled__2026-03-25T16:00:00+00:00, map_index=5, execution_date=20260325T160000, start_date=20260326T160035, end_date=20260326T160044
[2026-03-26T16:01:23.640+0000] {local_task_job_runner.py:243} INFO - Task exited with return code 0
[2026-03-26T16:01:23.770+0000] {local_task_job_runner.py:222} INFO - ::endgroup::
