[2026-01-20T13:43:59.917+0000] {local_task_job_runner.py:120} INFO - ::group::Pre task execution logs
[2026-01-20T13:43:59.943+0000] {taskinstance.py:2076} INFO - Dependencies all met for dep_context=non-requeueable deps ti=<TaskInstance: backup_db_parallel.sync_overview_partition manual__2026-01-20T13:35:07.608020+00:00 map_index=6 [queued]>
[2026-01-20T13:43:59.960+0000] {taskinstance.py:2076} INFO - Dependencies all met for dep_context=requeueable deps ti=<TaskInstance: backup_db_parallel.sync_overview_partition manual__2026-01-20T13:35:07.608020+00:00 map_index=6 [queued]>
[2026-01-20T13:43:59.961+0000] {taskinstance.py:2306} INFO - Starting attempt 1 of 3
[2026-01-20T13:43:59.975+0000] {taskinstance.py:2330} INFO - Executing <Mapped(_PythonDecoratedOperator): sync_overview_partition> on 2026-01-20 13:35:07.608020+00:00
[2026-01-20T13:43:59.986+0000] {warnings.py:112} WARNING - This process (pid=890) is multi-threaded, use of fork() may lead to deadlocks in the child.

[2026-01-20T13:43:59.988+0000] {standard_task_runner.py:64} INFO - Started process 919 to run task
[2026-01-20T13:43:59.990+0000] {standard_task_runner.py:90} INFO - Running: ['***', 'tasks', 'run', 'backup_db_parallel', 'sync_overview_partition', 'manual__2026-01-20T13:35:07.608020+00:00', '--job-id', '3756', '--raw', '--subdir', 'DAGS_FOLDER/backup_db_parallel.py', '--cfg-path', '/tmp/tmpppc5m2_p', '--map-index', '6']
[2026-01-20T13:43:59.994+0000] {standard_task_runner.py:91} INFO - Job 3756: Subtask sync_overview_partition
[2026-01-20T13:44:00.050+0000] {task_command.py:426} INFO - Running <TaskInstance: backup_db_parallel.sync_overview_partition manual__2026-01-20T13:35:07.608020+00:00 map_index=6 [running]> on host 281822c47ea2
[2026-01-20T13:44:00.154+0000] {taskinstance.py:2648} INFO - Exporting env vars: AIRFLOW_CTX_DAG_OWNER='***' AIRFLOW_CTX_DAG_ID='backup_db_parallel' AIRFLOW_CTX_TASK_ID='sync_overview_partition' AIRFLOW_CTX_EXECUTION_DATE='2026-01-20T13:35:07.608020+00:00' AIRFLOW_CTX_TRY_NUMBER='1' AIRFLOW_CTX_DAG_RUN_ID='manual__2026-01-20T13:35:07.608020+00:00'
[2026-01-20T13:44:00.155+0000] {taskinstance.py:430} INFO - ::endgroup::
[2026-01-20T13:44:00.171+0000] {base.py:84} INFO - Using connection ID 'minio_finance' for task execution.
[2026-01-20T13:44:00.172+0000] {connection_wrapper.py:384} INFO - AWS Connection (conn_id='minio_finance', conn_type='aws') credentials retrieved from login and password.
[2026-01-20T13:44:01.141+0000] {logging_mixin.py:188} INFO - ✓ Found 87 CSV files in thongtin-congty-va-bctc/overview/date=2026-01-15/
[2026-01-20T13:44:01.150+0000] {base.py:84} INFO - Using connection ID 'minio_finance' for task execution.
[2026-01-20T13:44:01.151+0000] {connection_wrapper.py:384} INFO - AWS Connection (conn_id='minio_finance', conn_type='aws') credentials retrieved from login and password.
[2026-01-20T13:44:01.285+0000] {logging_mixin.py:188} INFO - ✓ Read 19 rows from overview/date=2026-01-15/batch_0.csv
[2026-01-20T13:44:01.295+0000] {base.py:84} INFO - Using connection ID 'minio_finance' for task execution.
[2026-01-20T13:44:01.296+0000] {connection_wrapper.py:384} INFO - AWS Connection (conn_id='minio_finance', conn_type='aws') credentials retrieved from login and password.
[2026-01-20T13:44:01.454+0000] {logging_mixin.py:188} INFO - ✓ Read 19 rows from overview/date=2026-01-15/batch_1.csv
[2026-01-20T13:44:01.465+0000] {base.py:84} INFO - Using connection ID 'minio_finance' for task execution.
[2026-01-20T13:44:01.466+0000] {connection_wrapper.py:384} INFO - AWS Connection (conn_id='minio_finance', conn_type='aws') credentials retrieved from login and password.
[2026-01-20T13:44:01.621+0000] {logging_mixin.py:188} INFO - ✓ Read 18 rows from overview/date=2026-01-15/batch_10.csv
[2026-01-20T13:44:01.629+0000] {base.py:84} INFO - Using connection ID 'minio_finance' for task execution.
[2026-01-20T13:44:01.631+0000] {connection_wrapper.py:384} INFO - AWS Connection (conn_id='minio_finance', conn_type='aws') credentials retrieved from login and password.
[2026-01-20T13:44:01.751+0000] {logging_mixin.py:188} INFO - ✓ Read 19 rows from overview/date=2026-01-15/batch_11.csv
[2026-01-20T13:44:01.759+0000] {base.py:84} INFO - Using connection ID 'minio_finance' for task execution.
[2026-01-20T13:44:01.761+0000] {connection_wrapper.py:384} INFO - AWS Connection (conn_id='minio_finance', conn_type='aws') credentials retrieved from login and password.
[2026-01-20T13:44:02.255+0000] {logging_mixin.py:188} INFO - ✓ Read 19 rows from overview/date=2026-01-15/batch_12.csv
[2026-01-20T13:44:02.264+0000] {base.py:84} INFO - Using connection ID 'minio_finance' for task execution.
[2026-01-20T13:44:02.265+0000] {connection_wrapper.py:384} INFO - AWS Connection (conn_id='minio_finance', conn_type='aws') credentials retrieved from login and password.
[2026-01-20T13:44:02.365+0000] {logging_mixin.py:188} INFO - ✓ Read 19 rows from overview/date=2026-01-15/batch_13.csv
[2026-01-20T13:44:02.375+0000] {base.py:84} INFO - Using connection ID 'minio_finance' for task execution.
[2026-01-20T13:44:02.376+0000] {connection_wrapper.py:384} INFO - AWS Connection (conn_id='minio_finance', conn_type='aws') credentials retrieved from login and password.
[2026-01-20T13:44:02.492+0000] {logging_mixin.py:188} INFO - ✓ Read 19 rows from overview/date=2026-01-15/batch_14.csv
[2026-01-20T13:44:02.499+0000] {base.py:84} INFO - Using connection ID 'minio_finance' for task execution.
[2026-01-20T13:44:02.501+0000] {connection_wrapper.py:384} INFO - AWS Connection (conn_id='minio_finance', conn_type='aws') credentials retrieved from login and password.
[2026-01-20T13:44:02.607+0000] {logging_mixin.py:188} INFO - ✓ Read 20 rows from overview/date=2026-01-15/batch_15.csv
[2026-01-20T13:44:02.615+0000] {base.py:84} INFO - Using connection ID 'minio_finance' for task execution.
[2026-01-20T13:44:02.616+0000] {connection_wrapper.py:384} INFO - AWS Connection (conn_id='minio_finance', conn_type='aws') credentials retrieved from login and password.
[2026-01-20T13:44:02.707+0000] {logging_mixin.py:188} INFO - ✓ Read 18 rows from overview/date=2026-01-15/batch_16.csv
[2026-01-20T13:44:02.714+0000] {base.py:84} INFO - Using connection ID 'minio_finance' for task execution.
[2026-01-20T13:44:02.715+0000] {connection_wrapper.py:384} INFO - AWS Connection (conn_id='minio_finance', conn_type='aws') credentials retrieved from login and password.
[2026-01-20T13:44:02.816+0000] {logging_mixin.py:188} INFO - ✓ Read 19 rows from overview/date=2026-01-15/batch_17.csv
[2026-01-20T13:44:02.823+0000] {base.py:84} INFO - Using connection ID 'minio_finance' for task execution.
[2026-01-20T13:44:02.824+0000] {connection_wrapper.py:384} INFO - AWS Connection (conn_id='minio_finance', conn_type='aws') credentials retrieved from login and password.
[2026-01-20T13:44:02.920+0000] {logging_mixin.py:188} INFO - ✓ Read 18 rows from overview/date=2026-01-15/batch_18.csv
[2026-01-20T13:44:02.927+0000] {base.py:84} INFO - Using connection ID 'minio_finance' for task execution.
[2026-01-20T13:44:02.928+0000] {connection_wrapper.py:384} INFO - AWS Connection (conn_id='minio_finance', conn_type='aws') credentials retrieved from login and password.
[2026-01-20T13:44:03.033+0000] {logging_mixin.py:188} INFO - ✓ Read 16 rows from overview/date=2026-01-15/batch_19.csv
[2026-01-20T13:44:03.041+0000] {base.py:84} INFO - Using connection ID 'minio_finance' for task execution.
[2026-01-20T13:44:03.042+0000] {connection_wrapper.py:384} INFO - AWS Connection (conn_id='minio_finance', conn_type='aws') credentials retrieved from login and password.
[2026-01-20T13:44:03.149+0000] {logging_mixin.py:188} INFO - ✓ Read 17 rows from overview/date=2026-01-15/batch_2.csv
[2026-01-20T13:44:03.156+0000] {base.py:84} INFO - Using connection ID 'minio_finance' for task execution.
[2026-01-20T13:44:03.157+0000] {connection_wrapper.py:384} INFO - AWS Connection (conn_id='minio_finance', conn_type='aws') credentials retrieved from login and password.
[2026-01-20T13:44:03.259+0000] {logging_mixin.py:188} INFO - ✓ Read 18 rows from overview/date=2026-01-15/batch_20.csv
[2026-01-20T13:44:03.266+0000] {base.py:84} INFO - Using connection ID 'minio_finance' for task execution.
[2026-01-20T13:44:03.267+0000] {connection_wrapper.py:384} INFO - AWS Connection (conn_id='minio_finance', conn_type='aws') credentials retrieved from login and password.
[2026-01-20T13:44:03.373+0000] {logging_mixin.py:188} INFO - ✓ Read 18 rows from overview/date=2026-01-15/batch_21.csv
[2026-01-20T13:44:03.381+0000] {base.py:84} INFO - Using connection ID 'minio_finance' for task execution.
[2026-01-20T13:44:03.382+0000] {connection_wrapper.py:384} INFO - AWS Connection (conn_id='minio_finance', conn_type='aws') credentials retrieved from login and password.
[2026-01-20T13:44:03.481+0000] {logging_mixin.py:188} INFO - ✓ Read 18 rows from overview/date=2026-01-15/batch_22.csv
[2026-01-20T13:44:03.488+0000] {base.py:84} INFO - Using connection ID 'minio_finance' for task execution.
[2026-01-20T13:44:03.489+0000] {connection_wrapper.py:384} INFO - AWS Connection (conn_id='minio_finance', conn_type='aws') credentials retrieved from login and password.
[2026-01-20T13:44:03.587+0000] {logging_mixin.py:188} INFO - ✓ Read 16 rows from overview/date=2026-01-15/batch_23.csv
[2026-01-20T13:44:03.595+0000] {base.py:84} INFO - Using connection ID 'minio_finance' for task execution.
[2026-01-20T13:44:03.596+0000] {connection_wrapper.py:384} INFO - AWS Connection (conn_id='minio_finance', conn_type='aws') credentials retrieved from login and password.
[2026-01-20T13:44:03.685+0000] {logging_mixin.py:188} INFO - ✓ Read 15 rows from overview/date=2026-01-15/batch_24.csv
[2026-01-20T13:44:03.692+0000] {base.py:84} INFO - Using connection ID 'minio_finance' for task execution.
[2026-01-20T13:44:03.693+0000] {connection_wrapper.py:384} INFO - AWS Connection (conn_id='minio_finance', conn_type='aws') credentials retrieved from login and password.
[2026-01-20T13:44:04.238+0000] {logging_mixin.py:188} INFO - ✓ Read 14 rows from overview/date=2026-01-15/batch_25.csv
[2026-01-20T13:44:04.247+0000] {base.py:84} INFO - Using connection ID 'minio_finance' for task execution.
[2026-01-20T13:44:04.248+0000] {connection_wrapper.py:384} INFO - AWS Connection (conn_id='minio_finance', conn_type='aws') credentials retrieved from login and password.
[2026-01-20T13:44:04.370+0000] {logging_mixin.py:188} INFO - ✓ Read 18 rows from overview/date=2026-01-15/batch_26.csv
[2026-01-20T13:44:04.378+0000] {base.py:84} INFO - Using connection ID 'minio_finance' for task execution.
[2026-01-20T13:44:04.379+0000] {connection_wrapper.py:384} INFO - AWS Connection (conn_id='minio_finance', conn_type='aws') credentials retrieved from login and password.
[2026-01-20T13:44:04.522+0000] {logging_mixin.py:188} INFO - ✓ Read 16 rows from overview/date=2026-01-15/batch_27.csv
[2026-01-20T13:44:04.530+0000] {base.py:84} INFO - Using connection ID 'minio_finance' for task execution.
[2026-01-20T13:44:04.531+0000] {connection_wrapper.py:384} INFO - AWS Connection (conn_id='minio_finance', conn_type='aws') credentials retrieved from login and password.
[2026-01-20T13:44:04.648+0000] {logging_mixin.py:188} INFO - ✓ Read 19 rows from overview/date=2026-01-15/batch_28.csv
[2026-01-20T13:44:04.657+0000] {base.py:84} INFO - Using connection ID 'minio_finance' for task execution.
[2026-01-20T13:44:04.658+0000] {connection_wrapper.py:384} INFO - AWS Connection (conn_id='minio_finance', conn_type='aws') credentials retrieved from login and password.
[2026-01-20T13:44:04.772+0000] {logging_mixin.py:188} INFO - ✓ Read 16 rows from overview/date=2026-01-15/batch_29.csv
[2026-01-20T13:44:04.780+0000] {base.py:84} INFO - Using connection ID 'minio_finance' for task execution.
[2026-01-20T13:44:04.781+0000] {connection_wrapper.py:384} INFO - AWS Connection (conn_id='minio_finance', conn_type='aws') credentials retrieved from login and password.
[2026-01-20T13:44:04.891+0000] {logging_mixin.py:188} INFO - ✓ Read 19 rows from overview/date=2026-01-15/batch_3.csv
[2026-01-20T13:44:04.899+0000] {base.py:84} INFO - Using connection ID 'minio_finance' for task execution.
[2026-01-20T13:44:04.900+0000] {connection_wrapper.py:384} INFO - AWS Connection (conn_id='minio_finance', conn_type='aws') credentials retrieved from login and password.
[2026-01-20T13:44:05.017+0000] {logging_mixin.py:188} INFO - ✓ Read 18 rows from overview/date=2026-01-15/batch_30.csv
[2026-01-20T13:44:05.025+0000] {base.py:84} INFO - Using connection ID 'minio_finance' for task execution.
[2026-01-20T13:44:05.026+0000] {connection_wrapper.py:384} INFO - AWS Connection (conn_id='minio_finance', conn_type='aws') credentials retrieved from login and password.
[2026-01-20T13:44:05.142+0000] {logging_mixin.py:188} INFO - ✓ Read 17 rows from overview/date=2026-01-15/batch_31.csv
[2026-01-20T13:44:05.150+0000] {base.py:84} INFO - Using connection ID 'minio_finance' for task execution.
[2026-01-20T13:44:05.151+0000] {connection_wrapper.py:384} INFO - AWS Connection (conn_id='minio_finance', conn_type='aws') credentials retrieved from login and password.
[2026-01-20T13:44:05.265+0000] {logging_mixin.py:188} INFO - ✓ Read 18 rows from overview/date=2026-01-15/batch_32.csv
[2026-01-20T13:44:05.273+0000] {base.py:84} INFO - Using connection ID 'minio_finance' for task execution.
[2026-01-20T13:44:05.274+0000] {connection_wrapper.py:384} INFO - AWS Connection (conn_id='minio_finance', conn_type='aws') credentials retrieved from login and password.
[2026-01-20T13:44:05.391+0000] {logging_mixin.py:188} INFO - ✓ Read 20 rows from overview/date=2026-01-15/batch_33.csv
[2026-01-20T13:44:05.398+0000] {base.py:84} INFO - Using connection ID 'minio_finance' for task execution.
[2026-01-20T13:44:05.399+0000] {connection_wrapper.py:384} INFO - AWS Connection (conn_id='minio_finance', conn_type='aws') credentials retrieved from login and password.
[2026-01-20T13:44:05.511+0000] {logging_mixin.py:188} INFO - ✓ Read 19 rows from overview/date=2026-01-15/batch_34.csv
[2026-01-20T13:44:05.520+0000] {base.py:84} INFO - Using connection ID 'minio_finance' for task execution.
[2026-01-20T13:44:05.521+0000] {connection_wrapper.py:384} INFO - AWS Connection (conn_id='minio_finance', conn_type='aws') credentials retrieved from login and password.
[2026-01-20T13:44:05.648+0000] {logging_mixin.py:188} INFO - ✓ Read 17 rows from overview/date=2026-01-15/batch_35.csv
[2026-01-20T13:44:05.656+0000] {base.py:84} INFO - Using connection ID 'minio_finance' for task execution.
[2026-01-20T13:44:05.657+0000] {connection_wrapper.py:384} INFO - AWS Connection (conn_id='minio_finance', conn_type='aws') credentials retrieved from login and password.
[2026-01-20T13:44:05.787+0000] {logging_mixin.py:188} INFO - ✓ Read 19 rows from overview/date=2026-01-15/batch_36.csv
[2026-01-20T13:44:05.796+0000] {base.py:84} INFO - Using connection ID 'minio_finance' for task execution.
[2026-01-20T13:44:05.797+0000] {connection_wrapper.py:384} INFO - AWS Connection (conn_id='minio_finance', conn_type='aws') credentials retrieved from login and password.
[2026-01-20T13:44:06.440+0000] {logging_mixin.py:188} INFO - ✓ Read 18 rows from overview/date=2026-01-15/batch_37.csv
[2026-01-20T13:44:06.449+0000] {base.py:84} INFO - Using connection ID 'minio_finance' for task execution.
[2026-01-20T13:44:06.450+0000] {connection_wrapper.py:384} INFO - AWS Connection (conn_id='minio_finance', conn_type='aws') credentials retrieved from login and password.
[2026-01-20T13:44:06.597+0000] {logging_mixin.py:188} INFO - ✓ Read 17 rows from overview/date=2026-01-15/batch_38.csv
[2026-01-20T13:44:06.607+0000] {base.py:84} INFO - Using connection ID 'minio_finance' for task execution.
[2026-01-20T13:44:06.608+0000] {connection_wrapper.py:384} INFO - AWS Connection (conn_id='minio_finance', conn_type='aws') credentials retrieved from login and password.
[2026-01-20T13:44:06.749+0000] {logging_mixin.py:188} INFO - ✓ Read 18 rows from overview/date=2026-01-15/batch_39.csv
[2026-01-20T13:44:06.758+0000] {base.py:84} INFO - Using connection ID 'minio_finance' for task execution.
[2026-01-20T13:44:06.759+0000] {connection_wrapper.py:384} INFO - AWS Connection (conn_id='minio_finance', conn_type='aws') credentials retrieved from login and password.
[2026-01-20T13:44:06.885+0000] {logging_mixin.py:188} INFO - ✓ Read 18 rows from overview/date=2026-01-15/batch_4.csv
[2026-01-20T13:44:06.894+0000] {base.py:84} INFO - Using connection ID 'minio_finance' for task execution.
[2026-01-20T13:44:06.895+0000] {connection_wrapper.py:384} INFO - AWS Connection (conn_id='minio_finance', conn_type='aws') credentials retrieved from login and password.
[2026-01-20T13:44:07.068+0000] {logging_mixin.py:188} INFO - ✓ Read 17 rows from overview/date=2026-01-15/batch_40.csv
[2026-01-20T13:44:07.078+0000] {base.py:84} INFO - Using connection ID 'minio_finance' for task execution.
[2026-01-20T13:44:07.079+0000] {connection_wrapper.py:384} INFO - AWS Connection (conn_id='minio_finance', conn_type='aws') credentials retrieved from login and password.
[2026-01-20T13:44:07.257+0000] {logging_mixin.py:188} INFO - ✓ Read 17 rows from overview/date=2026-01-15/batch_41.csv
[2026-01-20T13:44:07.270+0000] {base.py:84} INFO - Using connection ID 'minio_finance' for task execution.
[2026-01-20T13:44:07.271+0000] {connection_wrapper.py:384} INFO - AWS Connection (conn_id='minio_finance', conn_type='aws') credentials retrieved from login and password.
[2026-01-20T13:44:07.414+0000] {logging_mixin.py:188} INFO - ✓ Read 17 rows from overview/date=2026-01-15/batch_42.csv
[2026-01-20T13:44:07.423+0000] {base.py:84} INFO - Using connection ID 'minio_finance' for task execution.
[2026-01-20T13:44:07.425+0000] {connection_wrapper.py:384} INFO - AWS Connection (conn_id='minio_finance', conn_type='aws') credentials retrieved from login and password.
[2026-01-20T13:44:07.559+0000] {logging_mixin.py:188} INFO - ✓ Read 17 rows from overview/date=2026-01-15/batch_43.csv
[2026-01-20T13:44:07.567+0000] {base.py:84} INFO - Using connection ID 'minio_finance' for task execution.
[2026-01-20T13:44:07.569+0000] {connection_wrapper.py:384} INFO - AWS Connection (conn_id='minio_finance', conn_type='aws') credentials retrieved from login and password.
[2026-01-20T13:44:07.709+0000] {logging_mixin.py:188} INFO - ✓ Read 16 rows from overview/date=2026-01-15/batch_44.csv
[2026-01-20T13:44:07.718+0000] {base.py:84} INFO - Using connection ID 'minio_finance' for task execution.
[2026-01-20T13:44:07.719+0000] {connection_wrapper.py:384} INFO - AWS Connection (conn_id='minio_finance', conn_type='aws') credentials retrieved from login and password.
[2026-01-20T13:44:07.830+0000] {logging_mixin.py:188} INFO - ✓ Read 18 rows from overview/date=2026-01-15/batch_45.csv
[2026-01-20T13:44:07.838+0000] {base.py:84} INFO - Using connection ID 'minio_finance' for task execution.
[2026-01-20T13:44:07.839+0000] {connection_wrapper.py:384} INFO - AWS Connection (conn_id='minio_finance', conn_type='aws') credentials retrieved from login and password.
[2026-01-20T13:44:07.949+0000] {logging_mixin.py:188} INFO - ✓ Read 16 rows from overview/date=2026-01-15/batch_46.csv
[2026-01-20T13:44:07.958+0000] {base.py:84} INFO - Using connection ID 'minio_finance' for task execution.
[2026-01-20T13:44:07.959+0000] {connection_wrapper.py:384} INFO - AWS Connection (conn_id='minio_finance', conn_type='aws') credentials retrieved from login and password.
[2026-01-20T13:44:08.076+0000] {logging_mixin.py:188} INFO - ✓ Read 20 rows from overview/date=2026-01-15/batch_47.csv
[2026-01-20T13:44:08.085+0000] {base.py:84} INFO - Using connection ID 'minio_finance' for task execution.
[2026-01-20T13:44:08.086+0000] {connection_wrapper.py:384} INFO - AWS Connection (conn_id='minio_finance', conn_type='aws') credentials retrieved from login and password.
[2026-01-20T13:44:08.191+0000] {logging_mixin.py:188} INFO - ✓ Read 16 rows from overview/date=2026-01-15/batch_48.csv
[2026-01-20T13:44:08.199+0000] {base.py:84} INFO - Using connection ID 'minio_finance' for task execution.
[2026-01-20T13:44:08.200+0000] {connection_wrapper.py:384} INFO - AWS Connection (conn_id='minio_finance', conn_type='aws') credentials retrieved from login and password.
[2026-01-20T13:44:08.798+0000] {logging_mixin.py:188} INFO - ✓ Read 18 rows from overview/date=2026-01-15/batch_49.csv
[2026-01-20T13:44:08.805+0000] {base.py:84} INFO - Using connection ID 'minio_finance' for task execution.
[2026-01-20T13:44:08.806+0000] {connection_wrapper.py:384} INFO - AWS Connection (conn_id='minio_finance', conn_type='aws') credentials retrieved from login and password.
[2026-01-20T13:44:08.903+0000] {logging_mixin.py:188} INFO - ✓ Read 16 rows from overview/date=2026-01-15/batch_5.csv
[2026-01-20T13:44:08.911+0000] {base.py:84} INFO - Using connection ID 'minio_finance' for task execution.
[2026-01-20T13:44:08.912+0000] {connection_wrapper.py:384} INFO - AWS Connection (conn_id='minio_finance', conn_type='aws') credentials retrieved from login and password.
[2026-01-20T13:44:09.031+0000] {logging_mixin.py:188} INFO - ✓ Read 17 rows from overview/date=2026-01-15/batch_50.csv
[2026-01-20T13:44:09.040+0000] {base.py:84} INFO - Using connection ID 'minio_finance' for task execution.
[2026-01-20T13:44:09.041+0000] {connection_wrapper.py:384} INFO - AWS Connection (conn_id='minio_finance', conn_type='aws') credentials retrieved from login and password.
[2026-01-20T13:44:09.163+0000] {logging_mixin.py:188} INFO - ✓ Read 17 rows from overview/date=2026-01-15/batch_51.csv
[2026-01-20T13:44:09.172+0000] {base.py:84} INFO - Using connection ID 'minio_finance' for task execution.
[2026-01-20T13:44:09.173+0000] {connection_wrapper.py:384} INFO - AWS Connection (conn_id='minio_finance', conn_type='aws') credentials retrieved from login and password.
[2026-01-20T13:44:09.281+0000] {logging_mixin.py:188} INFO - ✓ Read 16 rows from overview/date=2026-01-15/batch_52.csv
[2026-01-20T13:44:09.289+0000] {base.py:84} INFO - Using connection ID 'minio_finance' for task execution.
[2026-01-20T13:44:09.290+0000] {connection_wrapper.py:384} INFO - AWS Connection (conn_id='minio_finance', conn_type='aws') credentials retrieved from login and password.
[2026-01-20T13:44:09.407+0000] {logging_mixin.py:188} INFO - ✓ Read 14 rows from overview/date=2026-01-15/batch_53.csv
[2026-01-20T13:44:09.414+0000] {base.py:84} INFO - Using connection ID 'minio_finance' for task execution.
[2026-01-20T13:44:09.415+0000] {connection_wrapper.py:384} INFO - AWS Connection (conn_id='minio_finance', conn_type='aws') credentials retrieved from login and password.
[2026-01-20T13:44:09.515+0000] {logging_mixin.py:188} INFO - ✓ Read 18 rows from overview/date=2026-01-15/batch_54.csv
[2026-01-20T13:44:09.523+0000] {base.py:84} INFO - Using connection ID 'minio_finance' for task execution.
[2026-01-20T13:44:09.524+0000] {connection_wrapper.py:384} INFO - AWS Connection (conn_id='minio_finance', conn_type='aws') credentials retrieved from login and password.
[2026-01-20T13:44:09.627+0000] {logging_mixin.py:188} INFO - ✓ Read 16 rows from overview/date=2026-01-15/batch_55.csv
[2026-01-20T13:44:09.634+0000] {base.py:84} INFO - Using connection ID 'minio_finance' for task execution.
[2026-01-20T13:44:09.635+0000] {connection_wrapper.py:384} INFO - AWS Connection (conn_id='minio_finance', conn_type='aws') credentials retrieved from login and password.
[2026-01-20T13:44:09.754+0000] {logging_mixin.py:188} INFO - ✓ Read 14 rows from overview/date=2026-01-15/batch_56.csv
[2026-01-20T13:44:09.762+0000] {base.py:84} INFO - Using connection ID 'minio_finance' for task execution.
[2026-01-20T13:44:09.762+0000] {connection_wrapper.py:384} INFO - AWS Connection (conn_id='minio_finance', conn_type='aws') credentials retrieved from login and password.
[2026-01-20T13:44:09.881+0000] {logging_mixin.py:188} INFO - ✓ Read 16 rows from overview/date=2026-01-15/batch_57.csv
[2026-01-20T13:44:09.888+0000] {base.py:84} INFO - Using connection ID 'minio_finance' for task execution.
[2026-01-20T13:44:09.888+0000] {connection_wrapper.py:384} INFO - AWS Connection (conn_id='minio_finance', conn_type='aws') credentials retrieved from login and password.
[2026-01-20T13:44:10.007+0000] {logging_mixin.py:188} INFO - ✓ Read 13 rows from overview/date=2026-01-15/batch_58.csv
[2026-01-20T13:44:10.014+0000] {base.py:84} INFO - Using connection ID 'minio_finance' for task execution.
[2026-01-20T13:44:10.015+0000] {connection_wrapper.py:384} INFO - AWS Connection (conn_id='minio_finance', conn_type='aws') credentials retrieved from login and password.
[2026-01-20T13:44:10.127+0000] {logging_mixin.py:188} INFO - ✓ Read 16 rows from overview/date=2026-01-15/batch_59.csv
[2026-01-20T13:44:10.133+0000] {base.py:84} INFO - Using connection ID 'minio_finance' for task execution.
[2026-01-20T13:44:10.134+0000] {connection_wrapper.py:384} INFO - AWS Connection (conn_id='minio_finance', conn_type='aws') credentials retrieved from login and password.
[2026-01-20T13:44:10.252+0000] {logging_mixin.py:188} INFO - ✓ Read 18 rows from overview/date=2026-01-15/batch_6.csv
[2026-01-20T13:44:10.258+0000] {base.py:84} INFO - Using connection ID 'minio_finance' for task execution.
[2026-01-20T13:44:10.259+0000] {connection_wrapper.py:384} INFO - AWS Connection (conn_id='minio_finance', conn_type='aws') credentials retrieved from login and password.
[2026-01-20T13:44:10.354+0000] {logging_mixin.py:188} INFO - ✓ Read 14 rows from overview/date=2026-01-15/batch_60.csv
[2026-01-20T13:44:10.361+0000] {base.py:84} INFO - Using connection ID 'minio_finance' for task execution.
[2026-01-20T13:44:10.362+0000] {connection_wrapper.py:384} INFO - AWS Connection (conn_id='minio_finance', conn_type='aws') credentials retrieved from login and password.
[2026-01-20T13:44:10.943+0000] {logging_mixin.py:188} INFO - ✓ Read 17 rows from overview/date=2026-01-15/batch_61.csv
[2026-01-20T13:44:10.951+0000] {base.py:84} INFO - Using connection ID 'minio_finance' for task execution.
[2026-01-20T13:44:10.952+0000] {connection_wrapper.py:384} INFO - AWS Connection (conn_id='minio_finance', conn_type='aws') credentials retrieved from login and password.
[2026-01-20T13:44:11.080+0000] {logging_mixin.py:188} INFO - ✓ Read 14 rows from overview/date=2026-01-15/batch_62.csv
[2026-01-20T13:44:11.088+0000] {base.py:84} INFO - Using connection ID 'minio_finance' for task execution.
[2026-01-20T13:44:11.089+0000] {connection_wrapper.py:384} INFO - AWS Connection (conn_id='minio_finance', conn_type='aws') credentials retrieved from login and password.
[2026-01-20T13:44:11.204+0000] {logging_mixin.py:188} INFO - ✓ Read 16 rows from overview/date=2026-01-15/batch_63.csv
[2026-01-20T13:44:11.211+0000] {base.py:84} INFO - Using connection ID 'minio_finance' for task execution.
[2026-01-20T13:44:11.212+0000] {connection_wrapper.py:384} INFO - AWS Connection (conn_id='minio_finance', conn_type='aws') credentials retrieved from login and password.
[2026-01-20T13:44:11.315+0000] {logging_mixin.py:188} INFO - ✓ Read 15 rows from overview/date=2026-01-15/batch_64.csv
[2026-01-20T13:44:11.322+0000] {base.py:84} INFO - Using connection ID 'minio_finance' for task execution.
[2026-01-20T13:44:11.323+0000] {connection_wrapper.py:384} INFO - AWS Connection (conn_id='minio_finance', conn_type='aws') credentials retrieved from login and password.
[2026-01-20T13:44:11.441+0000] {logging_mixin.py:188} INFO - ✓ Read 18 rows from overview/date=2026-01-15/batch_65.csv
[2026-01-20T13:44:11.449+0000] {base.py:84} INFO - Using connection ID 'minio_finance' for task execution.
[2026-01-20T13:44:11.450+0000] {connection_wrapper.py:384} INFO - AWS Connection (conn_id='minio_finance', conn_type='aws') credentials retrieved from login and password.
[2026-01-20T13:44:11.559+0000] {logging_mixin.py:188} INFO - ✓ Read 15 rows from overview/date=2026-01-15/batch_66.csv
[2026-01-20T13:44:11.566+0000] {base.py:84} INFO - Using connection ID 'minio_finance' for task execution.
[2026-01-20T13:44:11.567+0000] {connection_wrapper.py:384} INFO - AWS Connection (conn_id='minio_finance', conn_type='aws') credentials retrieved from login and password.
[2026-01-20T13:44:11.710+0000] {logging_mixin.py:188} INFO - ✓ Read 16 rows from overview/date=2026-01-15/batch_67.csv
[2026-01-20T13:44:11.718+0000] {base.py:84} INFO - Using connection ID 'minio_finance' for task execution.
[2026-01-20T13:44:11.719+0000] {connection_wrapper.py:384} INFO - AWS Connection (conn_id='minio_finance', conn_type='aws') credentials retrieved from login and password.
[2026-01-20T13:44:11.838+0000] {logging_mixin.py:188} INFO - ✓ Read 13 rows from overview/date=2026-01-15/batch_68.csv
[2026-01-20T13:44:11.845+0000] {base.py:84} INFO - Using connection ID 'minio_finance' for task execution.
[2026-01-20T13:44:11.846+0000] {connection_wrapper.py:384} INFO - AWS Connection (conn_id='minio_finance', conn_type='aws') credentials retrieved from login and password.
[2026-01-20T13:44:11.962+0000] {logging_mixin.py:188} INFO - ✓ Read 15 rows from overview/date=2026-01-15/batch_69.csv
[2026-01-20T13:44:11.969+0000] {base.py:84} INFO - Using connection ID 'minio_finance' for task execution.
[2026-01-20T13:44:11.970+0000] {connection_wrapper.py:384} INFO - AWS Connection (conn_id='minio_finance', conn_type='aws') credentials retrieved from login and password.
[2026-01-20T13:44:12.092+0000] {logging_mixin.py:188} INFO - ✓ Read 19 rows from overview/date=2026-01-15/batch_7.csv
[2026-01-20T13:44:12.099+0000] {base.py:84} INFO - Using connection ID 'minio_finance' for task execution.
[2026-01-20T13:44:12.100+0000] {connection_wrapper.py:384} INFO - AWS Connection (conn_id='minio_finance', conn_type='aws') credentials retrieved from login and password.
[2026-01-20T13:44:12.208+0000] {logging_mixin.py:188} INFO - ✓ Read 14 rows from overview/date=2026-01-15/batch_70.csv
[2026-01-20T13:44:12.214+0000] {base.py:84} INFO - Using connection ID 'minio_finance' for task execution.
[2026-01-20T13:44:12.214+0000] {connection_wrapper.py:384} INFO - AWS Connection (conn_id='minio_finance', conn_type='aws') credentials retrieved from login and password.
[2026-01-20T13:44:12.324+0000] {logging_mixin.py:188} INFO - ✓ Read 13 rows from overview/date=2026-01-15/batch_71.csv
[2026-01-20T13:44:12.331+0000] {base.py:84} INFO - Using connection ID 'minio_finance' for task execution.
[2026-01-20T13:44:12.332+0000] {connection_wrapper.py:384} INFO - AWS Connection (conn_id='minio_finance', conn_type='aws') credentials retrieved from login and password.
[2026-01-20T13:44:12.453+0000] {logging_mixin.py:188} INFO - ✓ Read 17 rows from overview/date=2026-01-15/batch_72.csv
[2026-01-20T13:44:12.460+0000] {base.py:84} INFO - Using connection ID 'minio_finance' for task execution.
[2026-01-20T13:44:12.461+0000] {connection_wrapper.py:384} INFO - AWS Connection (conn_id='minio_finance', conn_type='aws') credentials retrieved from login and password.
[2026-01-20T13:44:13.105+0000] {logging_mixin.py:188} INFO - ✓ Read 17 rows from overview/date=2026-01-15/batch_73.csv
[2026-01-20T13:44:13.113+0000] {base.py:84} INFO - Using connection ID 'minio_finance' for task execution.
[2026-01-20T13:44:13.114+0000] {connection_wrapper.py:384} INFO - AWS Connection (conn_id='minio_finance', conn_type='aws') credentials retrieved from login and password.
[2026-01-20T13:44:13.221+0000] {logging_mixin.py:188} INFO - ✓ Read 13 rows from overview/date=2026-01-15/batch_74.csv
[2026-01-20T13:44:13.228+0000] {base.py:84} INFO - Using connection ID 'minio_finance' for task execution.
[2026-01-20T13:44:13.229+0000] {connection_wrapper.py:384} INFO - AWS Connection (conn_id='minio_finance', conn_type='aws') credentials retrieved from login and password.
[2026-01-20T13:44:13.347+0000] {logging_mixin.py:188} INFO - ✓ Read 17 rows from overview/date=2026-01-15/batch_75.csv
[2026-01-20T13:44:13.355+0000] {base.py:84} INFO - Using connection ID 'minio_finance' for task execution.
[2026-01-20T13:44:13.356+0000] {connection_wrapper.py:384} INFO - AWS Connection (conn_id='minio_finance', conn_type='aws') credentials retrieved from login and password.
[2026-01-20T13:44:13.467+0000] {logging_mixin.py:188} INFO - ✓ Read 14 rows from overview/date=2026-01-15/batch_76.csv
[2026-01-20T13:44:13.476+0000] {base.py:84} INFO - Using connection ID 'minio_finance' for task execution.
[2026-01-20T13:44:13.477+0000] {connection_wrapper.py:384} INFO - AWS Connection (conn_id='minio_finance', conn_type='aws') credentials retrieved from login and password.
[2026-01-20T13:44:13.588+0000] {logging_mixin.py:188} INFO - ✓ Read 16 rows from overview/date=2026-01-15/batch_77.csv
[2026-01-20T13:44:13.596+0000] {base.py:84} INFO - Using connection ID 'minio_finance' for task execution.
[2026-01-20T13:44:13.597+0000] {connection_wrapper.py:384} INFO - AWS Connection (conn_id='minio_finance', conn_type='aws') credentials retrieved from login and password.
[2026-01-20T13:44:13.713+0000] {logging_mixin.py:188} INFO - ✓ Read 18 rows from overview/date=2026-01-15/batch_78.csv
[2026-01-20T13:44:13.720+0000] {base.py:84} INFO - Using connection ID 'minio_finance' for task execution.
[2026-01-20T13:44:13.721+0000] {connection_wrapper.py:384} INFO - AWS Connection (conn_id='minio_finance', conn_type='aws') credentials retrieved from login and password.
[2026-01-20T13:44:13.862+0000] {logging_mixin.py:188} INFO - ✓ Read 12 rows from overview/date=2026-01-15/batch_79.csv
[2026-01-20T13:44:13.871+0000] {base.py:84} INFO - Using connection ID 'minio_finance' for task execution.
[2026-01-20T13:44:13.872+0000] {connection_wrapper.py:384} INFO - AWS Connection (conn_id='minio_finance', conn_type='aws') credentials retrieved from login and password.
[2026-01-20T13:44:13.982+0000] {logging_mixin.py:188} INFO - ✓ Read 18 rows from overview/date=2026-01-15/batch_8.csv
[2026-01-20T13:44:13.990+0000] {base.py:84} INFO - Using connection ID 'minio_finance' for task execution.
[2026-01-20T13:44:13.991+0000] {connection_wrapper.py:384} INFO - AWS Connection (conn_id='minio_finance', conn_type='aws') credentials retrieved from login and password.
[2026-01-20T13:44:14.109+0000] {logging_mixin.py:188} INFO - ✓ Read 16 rows from overview/date=2026-01-15/batch_80.csv
[2026-01-20T13:44:14.116+0000] {base.py:84} INFO - Using connection ID 'minio_finance' for task execution.
[2026-01-20T13:44:14.117+0000] {connection_wrapper.py:384} INFO - AWS Connection (conn_id='minio_finance', conn_type='aws') credentials retrieved from login and password.
[2026-01-20T13:44:14.220+0000] {logging_mixin.py:188} INFO - ✓ Read 15 rows from overview/date=2026-01-15/batch_81.csv
[2026-01-20T13:44:14.227+0000] {base.py:84} INFO - Using connection ID 'minio_finance' for task execution.
[2026-01-20T13:44:14.229+0000] {connection_wrapper.py:384} INFO - AWS Connection (conn_id='minio_finance', conn_type='aws') credentials retrieved from login and password.
[2026-01-20T13:44:14.335+0000] {logging_mixin.py:188} INFO - ✓ Read 14 rows from overview/date=2026-01-15/batch_82.csv
[2026-01-20T13:44:14.342+0000] {base.py:84} INFO - Using connection ID 'minio_finance' for task execution.
[2026-01-20T13:44:14.343+0000] {connection_wrapper.py:384} INFO - AWS Connection (conn_id='minio_finance', conn_type='aws') credentials retrieved from login and password.
[2026-01-20T13:44:14.450+0000] {logging_mixin.py:188} INFO - ✓ Read 14 rows from overview/date=2026-01-15/batch_83.csv
[2026-01-20T13:44:14.457+0000] {base.py:84} INFO - Using connection ID 'minio_finance' for task execution.
[2026-01-20T13:44:14.458+0000] {connection_wrapper.py:384} INFO - AWS Connection (conn_id='minio_finance', conn_type='aws') credentials retrieved from login and password.
[2026-01-20T13:44:14.575+0000] {logging_mixin.py:188} INFO - ✓ Read 14 rows from overview/date=2026-01-15/batch_84.csv
[2026-01-20T13:44:14.583+0000] {base.py:84} INFO - Using connection ID 'minio_finance' for task execution.
[2026-01-20T13:44:14.584+0000] {connection_wrapper.py:384} INFO - AWS Connection (conn_id='minio_finance', conn_type='aws') credentials retrieved from login and password.
[2026-01-20T13:44:15.178+0000] {logging_mixin.py:188} INFO - ✓ Read 17 rows from overview/date=2026-01-15/batch_85.csv
[2026-01-20T13:44:15.185+0000] {base.py:84} INFO - Using connection ID 'minio_finance' for task execution.
[2026-01-20T13:44:15.186+0000] {connection_wrapper.py:384} INFO - AWS Connection (conn_id='minio_finance', conn_type='aws') credentials retrieved from login and password.
[2026-01-20T13:44:15.305+0000] {logging_mixin.py:188} INFO - ✓ Read 10 rows from overview/date=2026-01-15/batch_86.csv
[2026-01-20T13:44:15.313+0000] {base.py:84} INFO - Using connection ID 'minio_finance' for task execution.
[2026-01-20T13:44:15.313+0000] {connection_wrapper.py:384} INFO - AWS Connection (conn_id='minio_finance', conn_type='aws') credentials retrieved from login and password.
[2026-01-20T13:44:15.420+0000] {logging_mixin.py:188} INFO - ✓ Read 18 rows from overview/date=2026-01-15/batch_9.csv
[2026-01-20T13:44:15.449+0000] {logging_mixin.py:188} INFO - ✓ Concatenated 87 files into 1448 total rows
[2026-01-20T13:44:15.569+0000] {python.py:237} INFO - Done. Returned value was: {'partition': 'overview/date=2026-01-15/', 'rows': 0, 'status': 'error: there is no unique or exclusion constraint matching the ON CONFLICT specification\n'}
[2026-01-20T13:44:15.570+0000] {taskinstance.py:441} INFO - ::group::Post task execution logs
[2026-01-20T13:44:15.595+0000] {taskinstance.py:1206} INFO - Marking task as SUCCESS. dag_id=backup_db_parallel, task_id=sync_overview_partition, run_id=manual__2026-01-20T13:35:07.608020+00:00, map_index=6, execution_date=20260120T133507, start_date=20260120T134359, end_date=20260120T134415
[2026-01-20T13:44:15.675+0000] {local_task_job_runner.py:243} INFO - Task exited with return code 0
[2026-01-20T13:44:15.715+0000] {taskinstance.py:3503} INFO - 0 downstream tasks scheduled from follow-on schedule check
[2026-01-20T13:44:15.717+0000] {local_task_job_runner.py:222} INFO - ::endgroup::
