[2026-01-27T14:55:42.368+0000] {local_task_job_runner.py:120} INFO - ::group::Pre task execution logs
[2026-01-27T14:55:42.385+0000] {taskinstance.py:2076} INFO - Dependencies all met for dep_context=non-requeueable deps ti=<TaskInstance: bctc_minio.ingest_bctc scheduled__2026-01-18T00:00:00+00:00 map_index=22 [queued]>
[2026-01-27T14:55:42.396+0000] {taskinstance.py:2076} INFO - Dependencies all met for dep_context=requeueable deps ti=<TaskInstance: bctc_minio.ingest_bctc scheduled__2026-01-18T00:00:00+00:00 map_index=22 [queued]>
[2026-01-27T14:55:42.397+0000] {taskinstance.py:2306} INFO - Starting attempt 1 of 2
[2026-01-27T14:55:42.410+0000] {taskinstance.py:2330} INFO - Executing <Mapped(DfToCsvOperator): ingest_bctc> on 2026-01-18 00:00:00+00:00
[2026-01-27T14:55:42.421+0000] {warnings.py:112} WARNING - This process (pid=3299) is multi-threaded, use of fork() may lead to deadlocks in the child.

[2026-01-27T14:55:42.423+0000] {standard_task_runner.py:64} INFO - Started process 3310 to run task
[2026-01-27T14:55:42.425+0000] {standard_task_runner.py:90} INFO - Running: ['***', 'tasks', 'run', 'bctc_minio', 'ingest_bctc', 'scheduled__2026-01-18T00:00:00+00:00', '--job-id', '7842', '--raw', '--subdir', 'DAGS_FOLDER/dl_bctc.py', '--cfg-path', '/tmp/tmp08cscqq5', '--map-index', '22']
[2026-01-27T14:55:42.428+0000] {standard_task_runner.py:91} INFO - Job 7842: Subtask ingest_bctc
[2026-01-27T14:55:42.478+0000] {task_command.py:426} INFO - Running <TaskInstance: bctc_minio.ingest_bctc scheduled__2026-01-18T00:00:00+00:00 map_index=22 [running]> on host c05a814b0743
[2026-01-27T14:55:42.575+0000] {taskinstance.py:2648} INFO - Exporting env vars: AIRFLOW_CTX_DAG_OWNER='***' AIRFLOW_CTX_DAG_ID='bctc_minio' AIRFLOW_CTX_TASK_ID='ingest_bctc' AIRFLOW_CTX_EXECUTION_DATE='2026-01-18T00:00:00+00:00' AIRFLOW_CTX_TRY_NUMBER='1' AIRFLOW_CTX_DAG_RUN_ID='scheduled__2026-01-18T00:00:00+00:00'
[2026-01-27T14:55:42.576+0000] {taskinstance.py:430} INFO - ::endgroup::
[2026-01-27T14:55:42.586+0000] {logging_mixin.py:188} INFO - Bắt đầu xử lý batch 20 mã: ['SNZ', 'SNC', 'SMT', 'SMN', 'SMC', 'SMB', 'SMA', 'SLS', 'SLD', 'SKV', 'SKN', 'SKH', 'SKG', 'SJS', 'SJM', 'SJG', 'SJF', 'SJE', 'SJD', 'SJC']
[2026-01-27T14:55:42.587+0000] {logging_mixin.py:188} INFO -  >> Đang lấy dữ liệu: SNZ
[2026-01-27T14:55:42.830+0000] {logging_mixin.py:188} INFO -  Lỗi xử lý mã SNZ: Failed to fetch data: 429 - Too Many Requests
[2026-01-27T14:55:42.831+0000] {logging_mixin.py:188} INFO -  >> Đang lấy dữ liệu: SNC
[2026-01-27T14:55:47.458+0000] {logging_mixin.py:188} INFO - ❌ Lỗi income_statement: RetryError[<Future at 0x7f1d1333c080 state=finished raised ConnectionError>]
[2026-01-27T14:55:53.336+0000] {logging_mixin.py:188} INFO - ❌ Lỗi balance_sheet: RetryError[<Future at 0x7f1d133074a0 state=finished raised KeyError>]
[2026-01-27T14:55:59.241+0000] {logging_mixin.py:188} INFO - ❌ Lỗi cash_flow: RetryError[<Future at 0x7f1d13352360 state=finished raised KeyError>]
[2026-01-27T14:56:02.742+0000] {logging_mixin.py:188} INFO -  >> Đang lấy dữ liệu: SMT
[2026-01-27T14:56:02.958+0000] {logging_mixin.py:188} INFO -  Lỗi xử lý mã SMT: Failed to fetch data: 429 - Too Many Requests
[2026-01-27T14:56:02.959+0000] {logging_mixin.py:188} INFO -  >> Đang lấy dữ liệu: SMN
[2026-01-27T14:56:13.239+0000] {logging_mixin.py:188} INFO -  >> Đang lấy dữ liệu: SMC
[2026-01-27T14:56:25.537+0000] {logging_mixin.py:188} INFO -  >> Đang lấy dữ liệu: SMB
[2026-01-27T14:56:38.078+0000] {logging_mixin.py:188} INFO -  >> Đang lấy dữ liệu: SMA
[2026-01-27T14:56:39.544+0000] {logging_mixin.py:188} INFO -  Lỗi xử lý mã SMA: Failed to fetch data: 429 - Too Many Requests
[2026-01-27T14:56:39.546+0000] {logging_mixin.py:188} INFO -  >> Đang lấy dữ liệu: SLS
[2026-01-27T14:56:39.679+0000] {logging_mixin.py:188} INFO -  Lỗi xử lý mã SLS: Failed to fetch data: 429 - Too Many Requests
[2026-01-27T14:56:39.680+0000] {logging_mixin.py:188} INFO -  >> Đang lấy dữ liệu: SLD
[2026-01-27T14:56:50.106+0000] {logging_mixin.py:188} INFO -  >> Đang lấy dữ liệu: SKV
[2026-01-27T14:56:50.229+0000] {logging_mixin.py:188} INFO -  Lỗi xử lý mã SKV: Failed to fetch data: 429 - Too Many Requests
[2026-01-27T14:56:50.230+0000] {logging_mixin.py:188} INFO -  >> Đang lấy dữ liệu: SKN
[2026-01-27T14:56:55.065+0000] {logging_mixin.py:188} INFO - ❌ Lỗi income_statement: RetryError[<Future at 0x7f1d131de8a0 state=finished raised KeyError>]
[2026-01-27T14:57:00.987+0000] {logging_mixin.py:188} INFO - ❌ Lỗi balance_sheet: RetryError[<Future at 0x7f1d131dd6d0 state=finished raised KeyError>]
[2026-01-27T14:57:07.026+0000] {logging_mixin.py:188} INFO - ❌ Lỗi cash_flow: RetryError[<Future at 0x7f1d131de0c0 state=finished raised ConnectionError>]
[2026-01-27T14:57:10.528+0000] {logging_mixin.py:188} INFO -  >> Đang lấy dữ liệu: SKH
[2026-01-27T14:57:10.648+0000] {logging_mixin.py:188} INFO -  Lỗi xử lý mã SKH: Failed to fetch data: 429 - Too Many Requests
[2026-01-27T14:57:10.650+0000] {logging_mixin.py:188} INFO -  >> Đang lấy dữ liệu: SKG
[2026-01-27T14:57:15.772+0000] {logging_mixin.py:188} INFO - ❌ Lỗi income_statement: RetryError[<Future at 0x7f1d13295a30 state=finished raised ConnectionError>]
[2026-01-27T14:57:21.659+0000] {logging_mixin.py:188} INFO - ❌ Lỗi balance_sheet: RetryError[<Future at 0x7f1d131ad220 state=finished raised ConnectionError>]
[2026-01-27T14:57:27.145+0000] {logging_mixin.py:188} INFO -  >> Đang lấy dữ liệu: SJS
[2026-01-27T14:57:41.797+0000] {logging_mixin.py:188} INFO -  >> Đang lấy dữ liệu: SJM
[2026-01-27T14:57:56.508+0000] {logging_mixin.py:188} INFO -  >> Đang lấy dữ liệu: SJG
[2026-01-27T14:58:05.639+0000] {logging_mixin.py:188} INFO - ❌ Lỗi cash_flow: RetryError[<Future at 0x7f1d13307290 state=finished raised ConnectionError>]
[2026-01-27T14:58:09.141+0000] {logging_mixin.py:188} INFO -  >> Đang lấy dữ liệu: SJF
[2026-01-27T14:58:24.092+0000] {logging_mixin.py:188} INFO -  >> Đang lấy dữ liệu: SJE
[2026-01-27T14:58:41.102+0000] {logging_mixin.py:188} INFO -  >> Đang lấy dữ liệu: SJD
[2026-01-27T14:58:41.223+0000] {logging_mixin.py:188} INFO -  Lỗi xử lý mã SJD: Failed to fetch data: 429 - Too Many Requests
[2026-01-27T14:58:41.224+0000] {logging_mixin.py:188} INFO -  >> Đang lấy dữ liệu: SJC
[2026-01-27T14:58:41.351+0000] {logging_mixin.py:188} INFO -  Lỗi xử lý mã SJC: Failed to fetch data: 429 - Too Many Requests
[2026-01-27T14:58:41.352+0000] {logging_mixin.py:188} INFO -  ⚠ Batch này không thu được dữ liệu nào.
[2026-01-27T14:58:41.353+0000] {datalake_df2csv.py:40} INFO - DataFrame rỗng, bỏ qua upload CSV.
[2026-01-27T14:58:41.353+0000] {taskinstance.py:441} INFO - ::group::Post task execution logs
[2026-01-27T14:58:41.364+0000] {taskinstance.py:1206} INFO - Marking task as SUCCESS. dag_id=bctc_minio, task_id=ingest_bctc, run_id=scheduled__2026-01-18T00:00:00+00:00, map_index=22, execution_date=20260118T000000, start_date=20260127T145542, end_date=20260127T145841
[2026-01-27T14:58:41.396+0000] {local_task_job_runner.py:243} INFO - Task exited with return code 0
[2026-01-27T14:58:41.425+0000] {taskinstance.py:3503} INFO - 0 downstream tasks scheduled from follow-on schedule check
[2026-01-27T14:58:41.429+0000] {local_task_job_runner.py:222} INFO - ::endgroup::
