[2026-01-29T14:03:54.809+0000] {local_task_job_runner.py:120} INFO - ::group::Pre task execution logs
[2026-01-29T14:03:54.850+0000] {taskinstance.py:2076} INFO - Dependencies all met for dep_context=non-requeueable deps ti=<TaskInstance: daily_price_minio.ingest_daily_price scheduled__2026-01-27T16:00:00+00:00 map_index=174 [queued]>
[2026-01-29T14:03:54.877+0000] {taskinstance.py:2076} INFO - Dependencies all met for dep_context=requeueable deps ti=<TaskInstance: daily_price_minio.ingest_daily_price scheduled__2026-01-27T16:00:00+00:00 map_index=174 [queued]>
[2026-01-29T14:03:54.878+0000] {taskinstance.py:2306} INFO - Starting attempt 1 of 2
[2026-01-29T14:03:54.896+0000] {taskinstance.py:2330} INFO - Executing <Mapped(DfToCsvOperator): ingest_daily_price> on 2026-01-27 16:00:00+00:00
[2026-01-29T14:03:54.911+0000] {warnings.py:112} WARNING - This process (pid=2946) is multi-threaded, use of fork() may lead to deadlocks in the child.

[2026-01-29T14:03:54.913+0000] {standard_task_runner.py:64} INFO - Started process 3012 to run task
[2026-01-29T14:03:54.914+0000] {standard_task_runner.py:90} INFO - Running: ['***', 'tasks', 'run', 'daily_price_minio', 'ingest_daily_price', 'scheduled__2026-01-27T16:00:00+00:00', '--job-id', '9928', '--raw', '--subdir', 'DAGS_FOLDER/dl_dailly_price.py', '--cfg-path', '/tmp/tmpejsbj_3u', '--map-index', '174']
[2026-01-29T14:03:54.918+0000] {standard_task_runner.py:91} INFO - Job 9928: Subtask ingest_daily_price
[2026-01-29T14:03:54.978+0000] {task_command.py:426} INFO - Running <TaskInstance: daily_price_minio.ingest_daily_price scheduled__2026-01-27T16:00:00+00:00 map_index=174 [running]> on host 8b20476457f0
[2026-01-29T14:03:55.112+0000] {taskinstance.py:2648} INFO - Exporting env vars: AIRFLOW_CTX_DAG_OWNER='***' AIRFLOW_CTX_DAG_ID='daily_price_minio' AIRFLOW_CTX_TASK_ID='ingest_daily_price' AIRFLOW_CTX_EXECUTION_DATE='2026-01-27T16:00:00+00:00' AIRFLOW_CTX_TRY_NUMBER='1' AIRFLOW_CTX_DAG_RUN_ID='scheduled__2026-01-27T16:00:00+00:00'
[2026-01-29T14:03:55.113+0000] {taskinstance.py:430} INFO - ::endgroup::
[2026-01-29T14:04:01.855+0000] {logging_mixin.py:188} INFO - MEG: RetryError (source=VCI), retry 1/3 in 2.0s
[2026-01-29T14:04:08.464+0000] {logging_mixin.py:188} INFO - MEG: RetryError (source=VCI), retry 2/3 in 4.0s
[2026-01-29T14:04:16.948+0000] {logging_mixin.py:188} INFO - MEG: RetryError (source=VCI), retry 3/3 in 8.0s
[2026-01-29T14:04:24.949+0000] {logging_mixin.py:188} INFO - MEG: Exhausted retries for source=VCI, trying next source...
[2026-01-29T14:04:29.422+0000] {logging_mixin.py:188} INFO - MEG: RetryError (source=TCBS), retry 1/3 in 2.0s
[2026-01-29T14:04:35.896+0000] {logging_mixin.py:188} INFO - MEG: RetryError (source=TCBS), retry 2/3 in 4.0s
[2026-01-29T14:04:44.421+0000] {logging_mixin.py:188} INFO - MEG: RetryError (source=TCBS), retry 3/3 in 8.0s
[2026-01-29T14:04:52.421+0000] {logging_mixin.py:188} INFO - MEG: Exhausted retries for source=TCBS, trying next source...
[2026-01-29T14:04:52.422+0000] {logging_mixin.py:188} INFO - MEG: All sources failed after retries
[2026-01-29T14:04:53.668+0000] {base.py:84} INFO - Using connection ID 'minio_finance' for task execution.
[2026-01-29T14:04:53.669+0000] {connection_wrapper.py:384} INFO - AWS Connection (conn_id='minio_finance', conn_type='aws') credentials retrieved from login and password.
[2026-01-29T14:04:54.215+0000] {datalake_df2csv.py:52} INFO - ✅ Đã upload 16 dòng -> s3://thongtin-congty-va-bctc/daily_price/2026-01-27/batch_174.csv
[2026-01-29T14:04:54.217+0000] {taskinstance.py:441} INFO - ::group::Post task execution logs
[2026-01-29T14:04:54.227+0000] {taskinstance.py:1206} INFO - Marking task as SUCCESS. dag_id=daily_price_minio, task_id=ingest_daily_price, run_id=scheduled__2026-01-27T16:00:00+00:00, map_index=174, execution_date=20260127T160000, start_date=20260129T140354, end_date=20260129T140454
[2026-01-29T14:04:54.262+0000] {local_task_job_runner.py:243} INFO - Task exited with return code 0
[2026-01-29T14:04:54.279+0000] {taskinstance.py:3503} INFO - 0 downstream tasks scheduled from follow-on schedule check
[2026-01-29T14:04:54.283+0000] {local_task_job_runner.py:222} INFO - ::endgroup::
