[2026-02-04T14:55:57.376+0000] {local_task_job_runner.py:120} INFO - ::group::Pre task execution logs
[2026-02-04T14:55:57.396+0000] {taskinstance.py:2076} INFO - Dependencies all met for dep_context=non-requeueable deps ti=<TaskInstance: financial_ratios_minio.ingest_financial_ratios manual__2026-02-04T14:54:19+00:00 map_index=27 [queued]>
[2026-02-04T14:55:57.407+0000] {taskinstance.py:2076} INFO - Dependencies all met for dep_context=requeueable deps ti=<TaskInstance: financial_ratios_minio.ingest_financial_ratios manual__2026-02-04T14:54:19+00:00 map_index=27 [queued]>
[2026-02-04T14:55:57.407+0000] {taskinstance.py:2306} INFO - Starting attempt 1 of 2
[2026-02-04T14:55:57.426+0000] {taskinstance.py:2330} INFO - Executing <Mapped(DfToCsvOperator): ingest_financial_ratios> on 2026-02-04 14:54:19+00:00
[2026-02-04T14:55:57.439+0000] {warnings.py:112} WARNING - This process (pid=7598) is multi-threaded, use of fork() may lead to deadlocks in the child.

[2026-02-04T14:55:57.441+0000] {standard_task_runner.py:64} INFO - Started process 7662 to run task
[2026-02-04T14:55:57.443+0000] {standard_task_runner.py:90} INFO - Running: ['***', 'tasks', 'run', 'financial_ratios_minio', 'ingest_financial_ratios', 'manual__2026-02-04T14:54:19+00:00', '--job-id', '16840', '--raw', '--subdir', 'DAGS_FOLDER/dl_financial_ratios.py', '--cfg-path', '/tmp/tmpw4_s2avn', '--map-index', '27']
[2026-02-04T14:55:57.447+0000] {standard_task_runner.py:91} INFO - Job 16840: Subtask ingest_financial_ratios
[2026-02-04T14:55:57.502+0000] {task_command.py:426} INFO - Running <TaskInstance: financial_ratios_minio.ingest_financial_ratios manual__2026-02-04T14:54:19+00:00 map_index=27 [running]> on host 918dbd497d34
[2026-02-04T14:55:57.645+0000] {taskinstance.py:2648} INFO - Exporting env vars: AIRFLOW_CTX_DAG_OWNER='***' AIRFLOW_CTX_DAG_ID='financial_ratios_minio' AIRFLOW_CTX_TASK_ID='ingest_financial_ratios' AIRFLOW_CTX_EXECUTION_DATE='2026-02-04T14:54:19+00:00' AIRFLOW_CTX_TRY_NUMBER='1' AIRFLOW_CTX_DAG_RUN_ID='manual__2026-02-04T14:54:19+00:00'
[2026-02-04T14:55:57.646+0000] {taskinstance.py:430} INFO - ::endgroup::
[2026-02-04T14:55:57.655+0000] {logging_mixin.py:188} INFO - [RATIO] Bắt đầu xử lý batch 2 mã: ['VSF', 'VSE']
[2026-02-04T14:55:57.656+0000] {logging_mixin.py:188} INFO - [RATIO] Kỳ dữ liệu: quarter
[2026-02-04T14:55:57.657+0000] {logging_mixin.py:188} INFO -  >> [RATIO] Đang lấy dữ liệu: VSF
[2026-02-04T14:55:58.637+0000] {logging_mixin.py:188} INFO -  ✓ [RATIO] VSF: 23 rows
[2026-02-04T14:56:00.650+0000] {logging_mixin.py:188} INFO -  >> [RATIO] Đang lấy dữ liệu: VSE
[2026-02-04T14:56:05.710+0000] {logging_mixin.py:188} INFO - ❌ Lỗi VSE: RetryError[<Future at 0x7f82218d6810 state=finished raised KeyError>]
[2026-02-04T14:56:05.712+0000] {logging_mixin.py:188} INFO -  ⚠️ [RATIO] VSE: No data from API
[2026-02-04T14:56:07.713+0000] {logging_mixin.py:188} INFO -  ✅ [RATIO] Hoàn thành batch. Tổng số dòng: 23
[2026-02-04T14:56:07.734+0000] {base.py:84} INFO - Using connection ID 'minio_finance' for task execution.
[2026-02-04T14:56:07.735+0000] {connection_wrapper.py:384} INFO - AWS Connection (conn_id='minio_finance', conn_type='aws') credentials retrieved from login and password.
[2026-02-04T14:56:08.366+0000] {datalake_df2csv.py:52} INFO - ✅ Đã upload 23 dòng -> s3://thongtin-congty-va-bctc/financial_ratios/2026-02-04/batch_27.csv
[2026-02-04T14:56:08.367+0000] {taskinstance.py:441} INFO - ::group::Post task execution logs
[2026-02-04T14:56:08.379+0000] {taskinstance.py:1206} INFO - Marking task as SUCCESS. dag_id=financial_ratios_minio, task_id=ingest_financial_ratios, run_id=manual__2026-02-04T14:54:19+00:00, map_index=27, execution_date=20260204T145419, start_date=20260204T145557, end_date=20260204T145608
[2026-02-04T14:56:08.440+0000] {local_task_job_runner.py:243} INFO - Task exited with return code 0
[2026-02-04T14:56:08.460+0000] {taskinstance.py:3503} INFO - 0 downstream tasks scheduled from follow-on schedule check
[2026-02-04T14:56:08.463+0000] {local_task_job_runner.py:222} INFO - ::endgroup::
