[2026-01-24T09:00:58.483+0000] {local_task_job_runner.py:120} INFO - ::group::Pre task execution logs
[2026-01-24T09:00:58.589+0000] {taskinstance.py:2076} INFO - Dependencies all met for dep_context=non-requeueable deps ti=<TaskInstance: financial_ratios_etl.ingest_financial_ratios manual__2026-01-24T08:33:50+00:00 map_index=713 [queued]>
[2026-01-24T09:00:58.643+0000] {taskinstance.py:2076} INFO - Dependencies all met for dep_context=requeueable deps ti=<TaskInstance: financial_ratios_etl.ingest_financial_ratios manual__2026-01-24T08:33:50+00:00 map_index=713 [queued]>
[2026-01-24T09:00:58.644+0000] {taskinstance.py:2306} INFO - Starting attempt 1 of 2
[2026-01-24T09:00:58.662+0000] {taskinstance.py:2330} INFO - Executing <Mapped(DfToCsvOperator): ingest_financial_ratios> on 2026-01-24 08:33:50+00:00
[2026-01-24T09:00:58.676+0000] {warnings.py:112} WARNING - This process (pid=16607) is multi-threaded, use of fork() may lead to deadlocks in the child.

[2026-01-24T09:00:58.678+0000] {standard_task_runner.py:64} INFO - Started process 16681 to run task
[2026-01-24T09:00:58.682+0000] {standard_task_runner.py:90} INFO - Running: ['***', 'tasks', 'run', 'financial_ratios_etl', 'ingest_financial_ratios', 'manual__2026-01-24T08:33:50+00:00', '--job-id', '7016', '--raw', '--subdir', 'DAGS_FOLDER/dl_financial_ratios.py', '--cfg-path', '/tmp/tmp2e9zjopn', '--map-index', '713']
[2026-01-24T09:00:58.687+0000] {standard_task_runner.py:91} INFO - Job 7016: Subtask ingest_financial_ratios
[2026-01-24T09:00:58.762+0000] {task_command.py:426} INFO - Running <TaskInstance: financial_ratios_etl.ingest_financial_ratios manual__2026-01-24T08:33:50+00:00 map_index=713 [running]> on host 05b4b3a77fa2
[2026-01-24T09:00:58.943+0000] {taskinstance.py:2648} INFO - Exporting env vars: AIRFLOW_CTX_DAG_OWNER='***' AIRFLOW_CTX_DAG_ID='financial_ratios_etl' AIRFLOW_CTX_TASK_ID='ingest_financial_ratios' AIRFLOW_CTX_EXECUTION_DATE='2026-01-24T08:33:50+00:00' AIRFLOW_CTX_TRY_NUMBER='1' AIRFLOW_CTX_DAG_RUN_ID='manual__2026-01-24T08:33:50+00:00'
[2026-01-24T09:00:58.944+0000] {taskinstance.py:430} INFO - ::endgroup::
[2026-01-24T09:00:58.955+0000] {logging_mixin.py:188} INFO - [RATIO] Bắt đầu xử lý batch 2 mã: ['D11', 'CYC']
[2026-01-24T09:00:58.956+0000] {logging_mixin.py:188} INFO - [RATIO] Kỳ dữ liệu: quarter
[2026-01-24T09:00:58.957+0000] {logging_mixin.py:188} INFO -  >> [RATIO] Đang lấy dữ liệu: D11
[2026-01-24T09:01:00.085+0000] {logging_mixin.py:188} INFO -  ✓ [RATIO] D11: 52 rows
[2026-01-24T09:01:02.086+0000] {logging_mixin.py:188} INFO -  >> [RATIO] Đang lấy dữ liệu: CYC
[2026-01-24T09:01:04.268+0000] {logging_mixin.py:188} INFO -  ✓ [RATIO] CYC: 22 rows
[2026-01-24T09:01:06.273+0000] {logging_mixin.py:188} INFO -  ✅ [RATIO] Hoàn thành batch. Tổng số dòng: 74
[2026-01-24T09:01:06.307+0000] {base.py:84} INFO - Using connection ID 'minio_finance' for task execution.
[2026-01-24T09:01:06.310+0000] {connection_wrapper.py:384} INFO - AWS Connection (conn_id='minio_finance', conn_type='aws') credentials retrieved from login and password.
[2026-01-24T09:01:07.948+0000] {datalake_df2csv.py:52} INFO - ✅ Đã upload 74 dòng -> s3://thongtin-congty-va-bctc/financial_ratios/2026-01-24/batch_713.csv
[2026-01-24T09:01:07.949+0000] {taskinstance.py:441} INFO - ::group::Post task execution logs
[2026-01-24T09:01:07.963+0000] {taskinstance.py:1206} INFO - Marking task as SUCCESS. dag_id=financial_ratios_etl, task_id=ingest_financial_ratios, run_id=manual__2026-01-24T08:33:50+00:00, map_index=713, execution_date=20260124T083350, start_date=20260124T090058, end_date=20260124T090107
[2026-01-24T09:01:08.033+0000] {local_task_job_runner.py:243} INFO - Task exited with return code 0
[2026-01-24T09:01:08.049+0000] {local_task_job_runner.py:222} INFO - ::endgroup::
