[2026-01-18T03:02:15.316+0000] {local_task_job_runner.py:120} INFO - ::group::Pre task execution logs
[2026-01-18T03:02:15.337+0000] {taskinstance.py:2076} INFO - Dependencies all met for dep_context=non-requeueable deps ti=<TaskInstance: company_overview_to_minio.ingest_overview scheduled__2026-01-11T00:00:00+00:00 map_index=30 [queued]>
[2026-01-18T03:02:15.346+0000] {taskinstance.py:2076} INFO - Dependencies all met for dep_context=requeueable deps ti=<TaskInstance: company_overview_to_minio.ingest_overview scheduled__2026-01-11T00:00:00+00:00 map_index=30 [queued]>
[2026-01-18T03:02:15.347+0000] {taskinstance.py:2306} INFO - Starting attempt 1 of 2
[2026-01-18T03:02:15.359+0000] {taskinstance.py:2330} INFO - Executing <Mapped(DfToCsvOperator): ingest_overview> on 2026-01-11 00:00:00+00:00
[2026-01-18T03:02:15.369+0000] {warnings.py:112} WARNING - This process (pid=2098) is multi-threaded, use of fork() may lead to deadlocks in the child.

[2026-01-18T03:02:15.370+0000] {standard_task_runner.py:64} INFO - Started process 2108 to run task
[2026-01-18T03:02:15.372+0000] {standard_task_runner.py:90} INFO - Running: ['***', 'tasks', 'run', 'company_overview_to_minio', 'ingest_overview', 'scheduled__2026-01-11T00:00:00+00:00', '--job-id', '1633', '--raw', '--subdir', 'DAGS_FOLDER/company_overview_to_minio.py', '--cfg-path', '/tmp/tmp1vwdprm4', '--map-index', '30']
[2026-01-18T03:02:15.375+0000] {standard_task_runner.py:91} INFO - Job 1633: Subtask ingest_overview
[2026-01-18T03:02:15.413+0000] {task_command.py:426} INFO - Running <TaskInstance: company_overview_to_minio.ingest_overview scheduled__2026-01-11T00:00:00+00:00 map_index=30 [running]> on host 931c2101ff2f
[2026-01-18T03:02:15.501+0000] {taskinstance.py:2648} INFO - Exporting env vars: AIRFLOW_CTX_DAG_OWNER='***' AIRFLOW_CTX_DAG_ID='company_overview_to_minio' AIRFLOW_CTX_TASK_ID='ingest_overview' AIRFLOW_CTX_EXECUTION_DATE='2026-01-11T00:00:00+00:00' AIRFLOW_CTX_TRY_NUMBER='1' AIRFLOW_CTX_DAG_RUN_ID='scheduled__2026-01-11T00:00:00+00:00'
[2026-01-18T03:02:15.502+0000] {taskinstance.py:430} INFO - ::endgroup::
[2026-01-18T03:02:20.500+0000] {logging_mixin.py:188} INFO - Err overview PX1: RetryError[<Future at 0x7f4779652840 state=finished raised AttributeError>]
[2026-01-18T03:02:21.790+0000] {warnings.py:112} WARNING - DataFrame.applymap has been deprecated. Use DataFrame.map instead.

[2026-01-18T03:02:23.035+0000] {warnings.py:112} WARNING - DataFrame.applymap has been deprecated. Use DataFrame.map instead.

[2026-01-18T03:02:24.629+0000] {warnings.py:112} WARNING - DataFrame.applymap has been deprecated. Use DataFrame.map instead.

[2026-01-18T03:02:26.039+0000] {warnings.py:112} WARNING - DataFrame.applymap has been deprecated. Use DataFrame.map instead.

[2026-01-18T03:02:27.291+0000] {warnings.py:112} WARNING - DataFrame.applymap has been deprecated. Use DataFrame.map instead.

[2026-01-18T03:02:28.480+0000] {warnings.py:112} WARNING - DataFrame.applymap has been deprecated. Use DataFrame.map instead.

[2026-01-18T03:02:30.003+0000] {warnings.py:112} WARNING - DataFrame.applymap has been deprecated. Use DataFrame.map instead.

[2026-01-18T03:02:31.323+0000] {warnings.py:112} WARNING - DataFrame.applymap has been deprecated. Use DataFrame.map instead.

[2026-01-18T03:02:32.581+0000] {warnings.py:112} WARNING - DataFrame.applymap has been deprecated. Use DataFrame.map instead.

[2026-01-18T03:02:33.855+0000] {warnings.py:112} WARNING - DataFrame.applymap has been deprecated. Use DataFrame.map instead.

[2026-01-18T03:02:35.285+0000] {warnings.py:112} WARNING - DataFrame.applymap has been deprecated. Use DataFrame.map instead.

[2026-01-18T03:02:36.634+0000] {warnings.py:112} WARNING - DataFrame.applymap has been deprecated. Use DataFrame.map instead.

[2026-01-18T03:02:37.904+0000] {warnings.py:112} WARNING - DataFrame.applymap has been deprecated. Use DataFrame.map instead.

[2026-01-18T03:02:39.659+0000] {warnings.py:112} WARNING - DataFrame.applymap has been deprecated. Use DataFrame.map instead.

[2026-01-18T03:02:41.239+0000] {warnings.py:112} WARNING - DataFrame.applymap has been deprecated. Use DataFrame.map instead.

[2026-01-18T03:02:42.467+0000] {warnings.py:112} WARNING - DataFrame.applymap has been deprecated. Use DataFrame.map instead.

[2026-01-18T03:02:43.612+0000] {warnings.py:112} WARNING - DataFrame.applymap has been deprecated. Use DataFrame.map instead.

[2026-01-18T03:02:44.765+0000] {warnings.py:112} WARNING - DataFrame.applymap has been deprecated. Use DataFrame.map instead.

[2026-01-18T03:02:46.121+0000] {warnings.py:112} WARNING - DataFrame.applymap has been deprecated. Use DataFrame.map instead.

[2026-01-18T03:02:47.165+0000] {base.py:84} INFO - Using connection ID 'minio_finance' for task execution.
[2026-01-18T03:02:47.167+0000] {connection_wrapper.py:384} INFO - AWS Connection (conn_id='minio_finance', conn_type='aws') credentials retrieved from login and password.
[2026-01-18T03:02:48.030+0000] {datalake_df2csv.py:52} INFO - ✅ Đã upload 19 dòng -> s3://thongtin-congty-va-bctc/overview/date=2026-01-11/batch_30.csv
[2026-01-18T03:02:48.031+0000] {taskinstance.py:441} INFO - ::group::Post task execution logs
[2026-01-18T03:02:48.040+0000] {taskinstance.py:1206} INFO - Marking task as SUCCESS. dag_id=company_overview_to_minio, task_id=ingest_overview, run_id=scheduled__2026-01-11T00:00:00+00:00, map_index=30, execution_date=20260111T000000, start_date=20260118T030215, end_date=20260118T030248
[2026-01-18T03:02:48.088+0000] {local_task_job_runner.py:243} INFO - Task exited with return code 0
[2026-01-18T03:02:48.118+0000] {taskinstance.py:3503} INFO - 0 downstream tasks scheduled from follow-on schedule check
[2026-01-18T03:02:48.121+0000] {local_task_job_runner.py:222} INFO - ::endgroup::
