[2026-01-24T14:44:27.455+0000] {local_task_job_runner.py:120} INFO - ::group::Pre task execution logs
[2026-01-24T14:44:27.524+0000] {taskinstance.py:2076} INFO - Dependencies all met for dep_context=non-requeueable deps ti=<TaskInstance: minio_to_db_sync.sync_people manual__2026-01-24T14:44:15.840731+00:00 [queued]>
[2026-01-24T14:44:27.546+0000] {taskinstance.py:2076} INFO - Dependencies all met for dep_context=requeueable deps ti=<TaskInstance: minio_to_db_sync.sync_people manual__2026-01-24T14:44:15.840731+00:00 [queued]>
[2026-01-24T14:44:27.547+0000] {taskinstance.py:2306} INFO - Starting attempt 1 of 3
[2026-01-24T14:44:27.598+0000] {taskinstance.py:2330} INFO - Executing <Task(_PythonDecoratedOperator): sync_people> on 2026-01-24 14:44:15.840731+00:00
[2026-01-24T14:44:27.641+0000] {warnings.py:112} WARNING - This process (pid=967) is multi-threaded, use of fork() may lead to deadlocks in the child.

[2026-01-24T14:44:27.667+0000] {standard_task_runner.py:64} INFO - Started process 1068 to run task
[2026-01-24T14:44:27.736+0000] {standard_task_runner.py:90} INFO - Running: ['***', 'tasks', 'run', 'minio_to_db_sync', 'sync_people', 'manual__2026-01-24T14:44:15.840731+00:00', '--job-id', '7537', '--raw', '--subdir', 'DAGS_FOLDER/minio_to_db_sync.py', '--cfg-path', '/tmp/tmpg1uu2nna']
[2026-01-24T14:44:27.763+0000] {standard_task_runner.py:91} INFO - Job 7537: Subtask sync_people
[2026-01-24T14:44:28.205+0000] {task_command.py:426} INFO - Running <TaskInstance: minio_to_db_sync.sync_people manual__2026-01-24T14:44:15.840731+00:00 [running]> on host 41b722696985
[2026-01-24T14:44:28.707+0000] {taskinstance.py:2648} INFO - Exporting env vars: AIRFLOW_CTX_DAG_OWNER='***' AIRFLOW_CTX_DAG_ID='minio_to_db_sync' AIRFLOW_CTX_TASK_ID='sync_people' AIRFLOW_CTX_EXECUTION_DATE='2026-01-24T14:44:15.840731+00:00' AIRFLOW_CTX_TRY_NUMBER='1' AIRFLOW_CTX_DAG_RUN_ID='manual__2026-01-24T14:44:15.840731+00:00'
[2026-01-24T14:44:28.715+0000] {taskinstance.py:430} INFO - ::endgroup::
[2026-01-24T14:44:28.743+0000] {logging_mixin.py:188} INFO - ======================================================================
[2026-01-24T14:44:28.744+0000] {logging_mixin.py:188} INFO - 📊 SYNC COMPANY PEOPLE/OWNER TO DATABASE
[2026-01-24T14:44:28.744+0000] {logging_mixin.py:188} INFO - ======================================================================
[2026-01-24T14:44:28.745+0000] {logging_mixin.py:188} INFO - 
[1/4] Finding latest partition...
[2026-01-24T14:44:28.827+0000] {base.py:84} INFO - Using connection ID 'minio_finance' for task execution.
[2026-01-24T14:44:28.829+0000] {connection_wrapper.py:384} INFO - AWS Connection (conn_id='minio_finance', conn_type='aws') credentials retrieved from login and password.
[2026-01-24T14:44:45.479+0000] {logging_mixin.py:188} INFO - ✓ Latest partition found: people/date=2026-01-19/
[2026-01-24T14:44:45.481+0000] {logging_mixin.py:188} INFO - 
[2/4] Reading CSV files...
[2026-01-24T14:44:45.492+0000] {base.py:84} INFO - Using connection ID 'minio_finance' for task execution.
[2026-01-24T14:44:45.493+0000] {connection_wrapper.py:384} INFO - AWS Connection (conn_id='minio_finance', conn_type='aws') credentials retrieved from login and password.
[2026-01-24T14:44:46.703+0000] {logging_mixin.py:188} INFO - ✓ Found 86 CSV files in thongtin-congty-va-bctc/people/date=2026-01-19/
[2026-01-24T14:44:46.711+0000] {base.py:84} INFO - Using connection ID 'minio_finance' for task execution.
[2026-01-24T14:44:46.712+0000] {connection_wrapper.py:384} INFO - AWS Connection (conn_id='minio_finance', conn_type='aws') credentials retrieved from login and password.
[2026-01-24T14:44:46.835+0000] {logging_mixin.py:188} INFO - ✓ Read 337 rows from people/date=2026-01-19/batch_0.csv
[2026-01-24T14:44:46.842+0000] {base.py:84} INFO - Using connection ID 'minio_finance' for task execution.
[2026-01-24T14:44:46.843+0000] {connection_wrapper.py:384} INFO - AWS Connection (conn_id='minio_finance', conn_type='aws') credentials retrieved from login and password.
[2026-01-24T14:44:46.959+0000] {logging_mixin.py:188} INFO - ✓ Read 360 rows from people/date=2026-01-19/batch_1.csv
[2026-01-24T14:44:46.970+0000] {base.py:84} INFO - Using connection ID 'minio_finance' for task execution.
[2026-01-24T14:44:46.971+0000] {connection_wrapper.py:384} INFO - AWS Connection (conn_id='minio_finance', conn_type='aws') credentials retrieved from login and password.
[2026-01-24T14:44:47.137+0000] {logging_mixin.py:188} INFO - ✓ Read 255 rows from people/date=2026-01-19/batch_10.csv
[2026-01-24T14:44:47.147+0000] {base.py:84} INFO - Using connection ID 'minio_finance' for task execution.
[2026-01-24T14:44:47.148+0000] {connection_wrapper.py:384} INFO - AWS Connection (conn_id='minio_finance', conn_type='aws') credentials retrieved from login and password.
[2026-01-24T14:44:47.264+0000] {logging_mixin.py:188} INFO - ✓ Read 487 rows from people/date=2026-01-19/batch_11.csv
[2026-01-24T14:44:47.273+0000] {base.py:84} INFO - Using connection ID 'minio_finance' for task execution.
[2026-01-24T14:44:47.274+0000] {connection_wrapper.py:384} INFO - AWS Connection (conn_id='minio_finance', conn_type='aws') credentials retrieved from login and password.
[2026-01-24T14:44:48.085+0000] {logging_mixin.py:188} INFO - ✓ Read 353 rows from people/date=2026-01-19/batch_12.csv
[2026-01-24T14:44:48.095+0000] {base.py:84} INFO - Using connection ID 'minio_finance' for task execution.
[2026-01-24T14:44:48.096+0000] {connection_wrapper.py:384} INFO - AWS Connection (conn_id='minio_finance', conn_type='aws') credentials retrieved from login and password.
[2026-01-24T14:44:48.242+0000] {logging_mixin.py:188} INFO - ✓ Read 298 rows from people/date=2026-01-19/batch_13.csv
[2026-01-24T14:44:48.254+0000] {base.py:84} INFO - Using connection ID 'minio_finance' for task execution.
[2026-01-24T14:44:48.256+0000] {connection_wrapper.py:384} INFO - AWS Connection (conn_id='minio_finance', conn_type='aws') credentials retrieved from login and password.
[2026-01-24T14:44:48.445+0000] {logging_mixin.py:188} INFO - ✓ Read 343 rows from people/date=2026-01-19/batch_14.csv
[2026-01-24T14:44:48.458+0000] {base.py:84} INFO - Using connection ID 'minio_finance' for task execution.
[2026-01-24T14:44:48.459+0000] {connection_wrapper.py:384} INFO - AWS Connection (conn_id='minio_finance', conn_type='aws') credentials retrieved from login and password.
[2026-01-24T14:44:48.620+0000] {logging_mixin.py:188} INFO - ✓ Read 382 rows from people/date=2026-01-19/batch_15.csv
[2026-01-24T14:44:48.632+0000] {base.py:84} INFO - Using connection ID 'minio_finance' for task execution.
[2026-01-24T14:44:48.633+0000] {connection_wrapper.py:384} INFO - AWS Connection (conn_id='minio_finance', conn_type='aws') credentials retrieved from login and password.
[2026-01-24T14:44:48.766+0000] {logging_mixin.py:188} INFO - ✓ Read 379 rows from people/date=2026-01-19/batch_17.csv
[2026-01-24T14:44:48.778+0000] {base.py:84} INFO - Using connection ID 'minio_finance' for task execution.
[2026-01-24T14:44:48.779+0000] {connection_wrapper.py:384} INFO - AWS Connection (conn_id='minio_finance', conn_type='aws') credentials retrieved from login and password.
[2026-01-24T14:44:48.904+0000] {logging_mixin.py:188} INFO - ✓ Read 322 rows from people/date=2026-01-19/batch_18.csv
[2026-01-24T14:44:48.915+0000] {base.py:84} INFO - Using connection ID 'minio_finance' for task execution.
[2026-01-24T14:44:48.917+0000] {connection_wrapper.py:384} INFO - AWS Connection (conn_id='minio_finance', conn_type='aws') credentials retrieved from login and password.
[2026-01-24T14:44:49.097+0000] {logging_mixin.py:188} INFO - ✓ Read 234 rows from people/date=2026-01-19/batch_19.csv
[2026-01-24T14:44:49.108+0000] {base.py:84} INFO - Using connection ID 'minio_finance' for task execution.
[2026-01-24T14:44:49.110+0000] {connection_wrapper.py:384} INFO - AWS Connection (conn_id='minio_finance', conn_type='aws') credentials retrieved from login and password.
[2026-01-24T14:44:49.289+0000] {logging_mixin.py:188} INFO - ✓ Read 390 rows from people/date=2026-01-19/batch_2.csv
[2026-01-24T14:44:49.307+0000] {base.py:84} INFO - Using connection ID 'minio_finance' for task execution.
[2026-01-24T14:44:49.308+0000] {connection_wrapper.py:384} INFO - AWS Connection (conn_id='minio_finance', conn_type='aws') credentials retrieved from login and password.
[2026-01-24T14:44:49.448+0000] {logging_mixin.py:188} INFO - ✓ Read 255 rows from people/date=2026-01-19/batch_20.csv
[2026-01-24T14:44:49.456+0000] {base.py:84} INFO - Using connection ID 'minio_finance' for task execution.
[2026-01-24T14:44:49.457+0000] {connection_wrapper.py:384} INFO - AWS Connection (conn_id='minio_finance', conn_type='aws') credentials retrieved from login and password.
[2026-01-24T14:44:49.619+0000] {logging_mixin.py:188} INFO - ✓ Read 398 rows from people/date=2026-01-19/batch_21.csv
[2026-01-24T14:44:49.631+0000] {base.py:84} INFO - Using connection ID 'minio_finance' for task execution.
[2026-01-24T14:44:49.632+0000] {connection_wrapper.py:384} INFO - AWS Connection (conn_id='minio_finance', conn_type='aws') credentials retrieved from login and password.
[2026-01-24T14:44:49.777+0000] {logging_mixin.py:188} INFO - ✓ Read 462 rows from people/date=2026-01-19/batch_22.csv
[2026-01-24T14:44:49.785+0000] {base.py:84} INFO - Using connection ID 'minio_finance' for task execution.
[2026-01-24T14:44:49.786+0000] {connection_wrapper.py:384} INFO - AWS Connection (conn_id='minio_finance', conn_type='aws') credentials retrieved from login and password.
[2026-01-24T14:44:49.927+0000] {logging_mixin.py:188} INFO - ✓ Read 375 rows from people/date=2026-01-19/batch_23.csv
[2026-01-24T14:44:49.935+0000] {base.py:84} INFO - Using connection ID 'minio_finance' for task execution.
[2026-01-24T14:44:49.936+0000] {connection_wrapper.py:384} INFO - AWS Connection (conn_id='minio_finance', conn_type='aws') credentials retrieved from login and password.
[2026-01-24T14:44:50.063+0000] {logging_mixin.py:188} INFO - ✓ Read 336 rows from people/date=2026-01-19/batch_24.csv
[2026-01-24T14:44:50.069+0000] {base.py:84} INFO - Using connection ID 'minio_finance' for task execution.
[2026-01-24T14:44:50.070+0000] {connection_wrapper.py:384} INFO - AWS Connection (conn_id='minio_finance', conn_type='aws') credentials retrieved from login and password.
[2026-01-24T14:44:50.779+0000] {logging_mixin.py:188} INFO - ✓ Read 359 rows from people/date=2026-01-19/batch_25.csv
[2026-01-24T14:44:50.792+0000] {base.py:84} INFO - Using connection ID 'minio_finance' for task execution.
[2026-01-24T14:44:50.794+0000] {connection_wrapper.py:384} INFO - AWS Connection (conn_id='minio_finance', conn_type='aws') credentials retrieved from login and password.
[2026-01-24T14:44:50.929+0000] {logging_mixin.py:188} INFO - ✓ Read 395 rows from people/date=2026-01-19/batch_26.csv
[2026-01-24T14:44:50.937+0000] {base.py:84} INFO - Using connection ID 'minio_finance' for task execution.
[2026-01-24T14:44:50.938+0000] {connection_wrapper.py:384} INFO - AWS Connection (conn_id='minio_finance', conn_type='aws') credentials retrieved from login and password.
[2026-01-24T14:44:51.051+0000] {logging_mixin.py:188} INFO - ✓ Read 450 rows from people/date=2026-01-19/batch_27.csv
[2026-01-24T14:44:51.059+0000] {base.py:84} INFO - Using connection ID 'minio_finance' for task execution.
[2026-01-24T14:44:51.060+0000] {connection_wrapper.py:384} INFO - AWS Connection (conn_id='minio_finance', conn_type='aws') credentials retrieved from login and password.
[2026-01-24T14:44:51.196+0000] {logging_mixin.py:188} INFO - ✓ Read 260 rows from people/date=2026-01-19/batch_28.csv
[2026-01-24T14:44:51.210+0000] {base.py:84} INFO - Using connection ID 'minio_finance' for task execution.
[2026-01-24T14:44:51.213+0000] {connection_wrapper.py:384} INFO - AWS Connection (conn_id='minio_finance', conn_type='aws') credentials retrieved from login and password.
[2026-01-24T14:44:51.368+0000] {logging_mixin.py:188} INFO - ✓ Read 353 rows from people/date=2026-01-19/batch_29.csv
[2026-01-24T14:44:51.381+0000] {base.py:84} INFO - Using connection ID 'minio_finance' for task execution.
[2026-01-24T14:44:51.382+0000] {connection_wrapper.py:384} INFO - AWS Connection (conn_id='minio_finance', conn_type='aws') credentials retrieved from login and password.
[2026-01-24T14:44:51.565+0000] {logging_mixin.py:188} INFO - ✓ Read 340 rows from people/date=2026-01-19/batch_3.csv
[2026-01-24T14:44:51.573+0000] {base.py:84} INFO - Using connection ID 'minio_finance' for task execution.
[2026-01-24T14:44:51.574+0000] {connection_wrapper.py:384} INFO - AWS Connection (conn_id='minio_finance', conn_type='aws') credentials retrieved from login and password.
[2026-01-24T14:44:51.701+0000] {logging_mixin.py:188} INFO - ✓ Read 376 rows from people/date=2026-01-19/batch_30.csv
[2026-01-24T14:44:51.709+0000] {base.py:84} INFO - Using connection ID 'minio_finance' for task execution.
[2026-01-24T14:44:51.710+0000] {connection_wrapper.py:384} INFO - AWS Connection (conn_id='minio_finance', conn_type='aws') credentials retrieved from login and password.
[2026-01-24T14:44:51.832+0000] {logging_mixin.py:188} INFO - ✓ Read 372 rows from people/date=2026-01-19/batch_31.csv
[2026-01-24T14:44:51.840+0000] {base.py:84} INFO - Using connection ID 'minio_finance' for task execution.
[2026-01-24T14:44:51.840+0000] {connection_wrapper.py:384} INFO - AWS Connection (conn_id='minio_finance', conn_type='aws') credentials retrieved from login and password.
[2026-01-24T14:44:51.968+0000] {logging_mixin.py:188} INFO - ✓ Read 395 rows from people/date=2026-01-19/batch_32.csv
[2026-01-24T14:44:51.981+0000] {base.py:84} INFO - Using connection ID 'minio_finance' for task execution.
[2026-01-24T14:44:51.982+0000] {connection_wrapper.py:384} INFO - AWS Connection (conn_id='minio_finance', conn_type='aws') credentials retrieved from login and password.
[2026-01-24T14:44:52.144+0000] {logging_mixin.py:188} INFO - ✓ Read 389 rows from people/date=2026-01-19/batch_33.csv
[2026-01-24T14:44:52.156+0000] {base.py:84} INFO - Using connection ID 'minio_finance' for task execution.
[2026-01-24T14:44:52.158+0000] {connection_wrapper.py:384} INFO - AWS Connection (conn_id='minio_finance', conn_type='aws') credentials retrieved from login and password.
[2026-01-24T14:44:52.291+0000] {logging_mixin.py:188} INFO - ✓ Read 423 rows from people/date=2026-01-19/batch_34.csv
[2026-01-24T14:44:52.301+0000] {base.py:84} INFO - Using connection ID 'minio_finance' for task execution.
[2026-01-24T14:44:52.302+0000] {connection_wrapper.py:384} INFO - AWS Connection (conn_id='minio_finance', conn_type='aws') credentials retrieved from login and password.
[2026-01-24T14:44:52.426+0000] {logging_mixin.py:188} INFO - ✓ Read 407 rows from people/date=2026-01-19/batch_35.csv
[2026-01-24T14:44:52.435+0000] {base.py:84} INFO - Using connection ID 'minio_finance' for task execution.
[2026-01-24T14:44:52.436+0000] {connection_wrapper.py:384} INFO - AWS Connection (conn_id='minio_finance', conn_type='aws') credentials retrieved from login and password.
[2026-01-24T14:44:52.587+0000] {logging_mixin.py:188} INFO - ✓ Read 255 rows from people/date=2026-01-19/batch_36.csv
[2026-01-24T14:44:52.596+0000] {base.py:84} INFO - Using connection ID 'minio_finance' for task execution.
[2026-01-24T14:44:52.597+0000] {connection_wrapper.py:384} INFO - AWS Connection (conn_id='minio_finance', conn_type='aws') credentials retrieved from login and password.
[2026-01-24T14:44:53.218+0000] {logging_mixin.py:188} INFO - ✓ Read 404 rows from people/date=2026-01-19/batch_37.csv
[2026-01-24T14:44:53.225+0000] {base.py:84} INFO - Using connection ID 'minio_finance' for task execution.
[2026-01-24T14:44:53.226+0000] {connection_wrapper.py:384} INFO - AWS Connection (conn_id='minio_finance', conn_type='aws') credentials retrieved from login and password.
[2026-01-24T14:44:53.330+0000] {logging_mixin.py:188} INFO - ✓ Read 419 rows from people/date=2026-01-19/batch_38.csv
[2026-01-24T14:44:53.337+0000] {base.py:84} INFO - Using connection ID 'minio_finance' for task execution.
[2026-01-24T14:44:53.338+0000] {connection_wrapper.py:384} INFO - AWS Connection (conn_id='minio_finance', conn_type='aws') credentials retrieved from login and password.
[2026-01-24T14:44:53.429+0000] {logging_mixin.py:188} INFO - ✓ Read 477 rows from people/date=2026-01-19/batch_39.csv
[2026-01-24T14:44:53.437+0000] {base.py:84} INFO - Using connection ID 'minio_finance' for task execution.
[2026-01-24T14:44:53.437+0000] {connection_wrapper.py:384} INFO - AWS Connection (conn_id='minio_finance', conn_type='aws') credentials retrieved from login and password.
[2026-01-24T14:44:53.544+0000] {logging_mixin.py:188} INFO - ✓ Read 557 rows from people/date=2026-01-19/batch_4.csv
[2026-01-24T14:44:53.552+0000] {base.py:84} INFO - Using connection ID 'minio_finance' for task execution.
[2026-01-24T14:44:53.553+0000] {connection_wrapper.py:384} INFO - AWS Connection (conn_id='minio_finance', conn_type='aws') credentials retrieved from login and password.
[2026-01-24T14:44:53.668+0000] {logging_mixin.py:188} INFO - ✓ Read 367 rows from people/date=2026-01-19/batch_40.csv
[2026-01-24T14:44:53.678+0000] {base.py:84} INFO - Using connection ID 'minio_finance' for task execution.
[2026-01-24T14:44:53.678+0000] {connection_wrapper.py:384} INFO - AWS Connection (conn_id='minio_finance', conn_type='aws') credentials retrieved from login and password.
[2026-01-24T14:44:53.780+0000] {logging_mixin.py:188} INFO - ✓ Read 281 rows from people/date=2026-01-19/batch_41.csv
[2026-01-24T14:44:53.787+0000] {base.py:84} INFO - Using connection ID 'minio_finance' for task execution.
[2026-01-24T14:44:53.787+0000] {connection_wrapper.py:384} INFO - AWS Connection (conn_id='minio_finance', conn_type='aws') credentials retrieved from login and password.
[2026-01-24T14:44:53.893+0000] {logging_mixin.py:188} INFO - ✓ Read 490 rows from people/date=2026-01-19/batch_42.csv
[2026-01-24T14:44:53.900+0000] {base.py:84} INFO - Using connection ID 'minio_finance' for task execution.
[2026-01-24T14:44:53.901+0000] {connection_wrapper.py:384} INFO - AWS Connection (conn_id='minio_finance', conn_type='aws') credentials retrieved from login and password.
[2026-01-24T14:44:54.014+0000] {logging_mixin.py:188} INFO - ✓ Read 322 rows from people/date=2026-01-19/batch_43.csv
[2026-01-24T14:44:54.021+0000] {base.py:84} INFO - Using connection ID 'minio_finance' for task execution.
[2026-01-24T14:44:54.022+0000] {connection_wrapper.py:384} INFO - AWS Connection (conn_id='minio_finance', conn_type='aws') credentials retrieved from login and password.
[2026-01-24T14:44:54.122+0000] {logging_mixin.py:188} INFO - ✓ Read 452 rows from people/date=2026-01-19/batch_44.csv
[2026-01-24T14:44:54.129+0000] {base.py:84} INFO - Using connection ID 'minio_finance' for task execution.
[2026-01-24T14:44:54.129+0000] {connection_wrapper.py:384} INFO - AWS Connection (conn_id='minio_finance', conn_type='aws') credentials retrieved from login and password.
[2026-01-24T14:44:54.238+0000] {logging_mixin.py:188} INFO - ✓ Read 343 rows from people/date=2026-01-19/batch_45.csv
[2026-01-24T14:44:54.244+0000] {base.py:84} INFO - Using connection ID 'minio_finance' for task execution.
[2026-01-24T14:44:54.245+0000] {connection_wrapper.py:384} INFO - AWS Connection (conn_id='minio_finance', conn_type='aws') credentials retrieved from login and password.
[2026-01-24T14:44:54.350+0000] {logging_mixin.py:188} INFO - ✓ Read 282 rows from people/date=2026-01-19/batch_46.csv
[2026-01-24T14:44:54.356+0000] {base.py:84} INFO - Using connection ID 'minio_finance' for task execution.
[2026-01-24T14:44:54.357+0000] {connection_wrapper.py:384} INFO - AWS Connection (conn_id='minio_finance', conn_type='aws') credentials retrieved from login and password.
[2026-01-24T14:44:54.465+0000] {logging_mixin.py:188} INFO - ✓ Read 445 rows from people/date=2026-01-19/batch_47.csv
[2026-01-24T14:44:54.472+0000] {base.py:84} INFO - Using connection ID 'minio_finance' for task execution.
[2026-01-24T14:44:54.473+0000] {connection_wrapper.py:384} INFO - AWS Connection (conn_id='minio_finance', conn_type='aws') credentials retrieved from login and password.
[2026-01-24T14:44:54.577+0000] {logging_mixin.py:188} INFO - ✓ Read 409 rows from people/date=2026-01-19/batch_48.csv
[2026-01-24T14:44:54.583+0000] {base.py:84} INFO - Using connection ID 'minio_finance' for task execution.
[2026-01-24T14:44:54.584+0000] {connection_wrapper.py:384} INFO - AWS Connection (conn_id='minio_finance', conn_type='aws') credentials retrieved from login and password.
[2026-01-24T14:44:55.141+0000] {logging_mixin.py:188} INFO - ✓ Read 312 rows from people/date=2026-01-19/batch_49.csv
[2026-01-24T14:44:55.147+0000] {base.py:84} INFO - Using connection ID 'minio_finance' for task execution.
[2026-01-24T14:44:55.148+0000] {connection_wrapper.py:384} INFO - AWS Connection (conn_id='minio_finance', conn_type='aws') credentials retrieved from login and password.
[2026-01-24T14:44:55.245+0000] {logging_mixin.py:188} INFO - ✓ Read 322 rows from people/date=2026-01-19/batch_5.csv
[2026-01-24T14:44:55.254+0000] {base.py:84} INFO - Using connection ID 'minio_finance' for task execution.
[2026-01-24T14:44:55.255+0000] {connection_wrapper.py:384} INFO - AWS Connection (conn_id='minio_finance', conn_type='aws') credentials retrieved from login and password.
[2026-01-24T14:44:55.378+0000] {logging_mixin.py:188} INFO - ✓ Read 496 rows from people/date=2026-01-19/batch_50.csv
[2026-01-24T14:44:55.384+0000] {base.py:84} INFO - Using connection ID 'minio_finance' for task execution.
[2026-01-24T14:44:55.385+0000] {connection_wrapper.py:384} INFO - AWS Connection (conn_id='minio_finance', conn_type='aws') credentials retrieved from login and password.
[2026-01-24T14:44:55.507+0000] {logging_mixin.py:188} INFO - ✓ Read 449 rows from people/date=2026-01-19/batch_51.csv
[2026-01-24T14:44:55.513+0000] {base.py:84} INFO - Using connection ID 'minio_finance' for task execution.
[2026-01-24T14:44:55.514+0000] {connection_wrapper.py:384} INFO - AWS Connection (conn_id='minio_finance', conn_type='aws') credentials retrieved from login and password.
[2026-01-24T14:44:55.615+0000] {logging_mixin.py:188} INFO - ✓ Read 324 rows from people/date=2026-01-19/batch_52.csv
[2026-01-24T14:44:55.625+0000] {base.py:84} INFO - Using connection ID 'minio_finance' for task execution.
[2026-01-24T14:44:55.627+0000] {connection_wrapper.py:384} INFO - AWS Connection (conn_id='minio_finance', conn_type='aws') credentials retrieved from login and password.
[2026-01-24T14:44:55.758+0000] {logging_mixin.py:188} INFO - ✓ Read 406 rows from people/date=2026-01-19/batch_53.csv
[2026-01-24T14:44:55.771+0000] {base.py:84} INFO - Using connection ID 'minio_finance' for task execution.
[2026-01-24T14:44:55.773+0000] {connection_wrapper.py:384} INFO - AWS Connection (conn_id='minio_finance', conn_type='aws') credentials retrieved from login and password.
[2026-01-24T14:44:55.894+0000] {logging_mixin.py:188} INFO - ✓ Read 383 rows from people/date=2026-01-19/batch_54.csv
[2026-01-24T14:44:55.902+0000] {base.py:84} INFO - Using connection ID 'minio_finance' for task execution.
[2026-01-24T14:44:55.902+0000] {connection_wrapper.py:384} INFO - AWS Connection (conn_id='minio_finance', conn_type='aws') credentials retrieved from login and password.
[2026-01-24T14:44:56.032+0000] {logging_mixin.py:188} INFO - ✓ Read 430 rows from people/date=2026-01-19/batch_55.csv
[2026-01-24T14:44:56.043+0000] {base.py:84} INFO - Using connection ID 'minio_finance' for task execution.
[2026-01-24T14:44:56.045+0000] {connection_wrapper.py:384} INFO - AWS Connection (conn_id='minio_finance', conn_type='aws') credentials retrieved from login and password.
[2026-01-24T14:44:56.222+0000] {logging_mixin.py:188} INFO - ✓ Read 335 rows from people/date=2026-01-19/batch_56.csv
[2026-01-24T14:44:56.234+0000] {base.py:84} INFO - Using connection ID 'minio_finance' for task execution.
[2026-01-24T14:44:56.235+0000] {connection_wrapper.py:384} INFO - AWS Connection (conn_id='minio_finance', conn_type='aws') credentials retrieved from login and password.
[2026-01-24T14:44:56.407+0000] {logging_mixin.py:188} INFO - ✓ Read 351 rows from people/date=2026-01-19/batch_57.csv
[2026-01-24T14:44:56.418+0000] {base.py:84} INFO - Using connection ID 'minio_finance' for task execution.
[2026-01-24T14:44:56.419+0000] {connection_wrapper.py:384} INFO - AWS Connection (conn_id='minio_finance', conn_type='aws') credentials retrieved from login and password.
[2026-01-24T14:44:56.558+0000] {logging_mixin.py:188} INFO - ✓ Read 350 rows from people/date=2026-01-19/batch_58.csv
[2026-01-24T14:44:56.569+0000] {base.py:84} INFO - Using connection ID 'minio_finance' for task execution.
[2026-01-24T14:44:56.571+0000] {connection_wrapper.py:384} INFO - AWS Connection (conn_id='minio_finance', conn_type='aws') credentials retrieved from login and password.
[2026-01-24T14:44:56.714+0000] {logging_mixin.py:188} INFO - ✓ Read 335 rows from people/date=2026-01-19/batch_59.csv
[2026-01-24T14:44:56.727+0000] {base.py:84} INFO - Using connection ID 'minio_finance' for task execution.
[2026-01-24T14:44:56.728+0000] {connection_wrapper.py:384} INFO - AWS Connection (conn_id='minio_finance', conn_type='aws') credentials retrieved from login and password.
[2026-01-24T14:44:56.871+0000] {logging_mixin.py:188} INFO - ✓ Read 384 rows from people/date=2026-01-19/batch_6.csv
[2026-01-24T14:44:56.883+0000] {base.py:84} INFO - Using connection ID 'minio_finance' for task execution.
[2026-01-24T14:44:56.884+0000] {connection_wrapper.py:384} INFO - AWS Connection (conn_id='minio_finance', conn_type='aws') credentials retrieved from login and password.
[2026-01-24T14:44:56.998+0000] {logging_mixin.py:188} INFO - ✓ Read 437 rows from people/date=2026-01-19/batch_60.csv
[2026-01-24T14:44:57.014+0000] {base.py:84} INFO - Using connection ID 'minio_finance' for task execution.
[2026-01-24T14:44:57.015+0000] {connection_wrapper.py:384} INFO - AWS Connection (conn_id='minio_finance', conn_type='aws') credentials retrieved from login and password.
[2026-01-24T14:44:57.624+0000] {logging_mixin.py:188} INFO - ✓ Read 259 rows from people/date=2026-01-19/batch_61.csv
[2026-01-24T14:44:57.639+0000] {base.py:84} INFO - Using connection ID 'minio_finance' for task execution.
[2026-01-24T14:44:57.640+0000] {connection_wrapper.py:384} INFO - AWS Connection (conn_id='minio_finance', conn_type='aws') credentials retrieved from login and password.
[2026-01-24T14:44:57.810+0000] {logging_mixin.py:188} INFO - ✓ Read 396 rows from people/date=2026-01-19/batch_62.csv
[2026-01-24T14:44:57.823+0000] {base.py:84} INFO - Using connection ID 'minio_finance' for task execution.
[2026-01-24T14:44:57.826+0000] {connection_wrapper.py:384} INFO - AWS Connection (conn_id='minio_finance', conn_type='aws') credentials retrieved from login and password.
[2026-01-24T14:44:57.997+0000] {logging_mixin.py:188} INFO - ✓ Read 419 rows from people/date=2026-01-19/batch_63.csv
[2026-01-24T14:44:58.004+0000] {base.py:84} INFO - Using connection ID 'minio_finance' for task execution.
[2026-01-24T14:44:58.005+0000] {connection_wrapper.py:384} INFO - AWS Connection (conn_id='minio_finance', conn_type='aws') credentials retrieved from login and password.
[2026-01-24T14:44:58.116+0000] {logging_mixin.py:188} INFO - ✓ Read 542 rows from people/date=2026-01-19/batch_64.csv
[2026-01-24T14:44:58.125+0000] {base.py:84} INFO - Using connection ID 'minio_finance' for task execution.
[2026-01-24T14:44:58.126+0000] {connection_wrapper.py:384} INFO - AWS Connection (conn_id='minio_finance', conn_type='aws') credentials retrieved from login and password.
[2026-01-24T14:44:58.217+0000] {logging_mixin.py:188} INFO - ✓ Read 270 rows from people/date=2026-01-19/batch_65.csv
[2026-01-24T14:44:58.226+0000] {base.py:84} INFO - Using connection ID 'minio_finance' for task execution.
[2026-01-24T14:44:58.227+0000] {connection_wrapper.py:384} INFO - AWS Connection (conn_id='minio_finance', conn_type='aws') credentials retrieved from login and password.
[2026-01-24T14:44:58.370+0000] {logging_mixin.py:188} INFO - ✓ Read 467 rows from people/date=2026-01-19/batch_66.csv
[2026-01-24T14:44:58.380+0000] {base.py:84} INFO - Using connection ID 'minio_finance' for task execution.
[2026-01-24T14:44:58.381+0000] {connection_wrapper.py:384} INFO - AWS Connection (conn_id='minio_finance', conn_type='aws') credentials retrieved from login and password.
[2026-01-24T14:44:58.565+0000] {logging_mixin.py:188} INFO - ✓ Read 288 rows from people/date=2026-01-19/batch_67.csv
[2026-01-24T14:44:58.579+0000] {base.py:84} INFO - Using connection ID 'minio_finance' for task execution.
[2026-01-24T14:44:58.580+0000] {connection_wrapper.py:384} INFO - AWS Connection (conn_id='minio_finance', conn_type='aws') credentials retrieved from login and password.
[2026-01-24T14:44:58.756+0000] {logging_mixin.py:188} INFO - ✓ Read 257 rows from people/date=2026-01-19/batch_68.csv
[2026-01-24T14:44:58.770+0000] {base.py:84} INFO - Using connection ID 'minio_finance' for task execution.
[2026-01-24T14:44:58.771+0000] {connection_wrapper.py:384} INFO - AWS Connection (conn_id='minio_finance', conn_type='aws') credentials retrieved from login and password.
[2026-01-24T14:44:58.943+0000] {logging_mixin.py:188} INFO - ✓ Read 477 rows from people/date=2026-01-19/batch_69.csv
[2026-01-24T14:44:58.953+0000] {base.py:84} INFO - Using connection ID 'minio_finance' for task execution.
[2026-01-24T14:44:58.955+0000] {connection_wrapper.py:384} INFO - AWS Connection (conn_id='minio_finance', conn_type='aws') credentials retrieved from login and password.
[2026-01-24T14:44:59.066+0000] {logging_mixin.py:188} INFO - ✓ Read 376 rows from people/date=2026-01-19/batch_7.csv
[2026-01-24T14:44:59.073+0000] {base.py:84} INFO - Using connection ID 'minio_finance' for task execution.
[2026-01-24T14:44:59.073+0000] {connection_wrapper.py:384} INFO - AWS Connection (conn_id='minio_finance', conn_type='aws') credentials retrieved from login and password.
[2026-01-24T14:44:59.184+0000] {logging_mixin.py:188} INFO - ✓ Read 453 rows from people/date=2026-01-19/batch_70.csv
[2026-01-24T14:44:59.193+0000] {base.py:84} INFO - Using connection ID 'minio_finance' for task execution.
[2026-01-24T14:44:59.194+0000] {connection_wrapper.py:384} INFO - AWS Connection (conn_id='minio_finance', conn_type='aws') credentials retrieved from login and password.
[2026-01-24T14:44:59.310+0000] {logging_mixin.py:188} INFO - ✓ Read 348 rows from people/date=2026-01-19/batch_71.csv
[2026-01-24T14:44:59.318+0000] {base.py:84} INFO - Using connection ID 'minio_finance' for task execution.
[2026-01-24T14:44:59.319+0000] {connection_wrapper.py:384} INFO - AWS Connection (conn_id='minio_finance', conn_type='aws') credentials retrieved from login and password.
[2026-01-24T14:44:59.441+0000] {logging_mixin.py:188} INFO - ✓ Read 710 rows from people/date=2026-01-19/batch_72.csv
[2026-01-24T14:44:59.449+0000] {base.py:84} INFO - Using connection ID 'minio_finance' for task execution.
[2026-01-24T14:44:59.450+0000] {connection_wrapper.py:384} INFO - AWS Connection (conn_id='minio_finance', conn_type='aws') credentials retrieved from login and password.
[2026-01-24T14:45:00.201+0000] {logging_mixin.py:188} INFO - ✓ Read 532 rows from people/date=2026-01-19/batch_73.csv
[2026-01-24T14:45:00.210+0000] {base.py:84} INFO - Using connection ID 'minio_finance' for task execution.
[2026-01-24T14:45:00.211+0000] {connection_wrapper.py:384} INFO - AWS Connection (conn_id='minio_finance', conn_type='aws') credentials retrieved from login and password.
[2026-01-24T14:45:00.412+0000] {logging_mixin.py:188} INFO - ✓ Read 417 rows from people/date=2026-01-19/batch_74.csv
[2026-01-24T14:45:00.423+0000] {base.py:84} INFO - Using connection ID 'minio_finance' for task execution.
[2026-01-24T14:45:00.424+0000] {connection_wrapper.py:384} INFO - AWS Connection (conn_id='minio_finance', conn_type='aws') credentials retrieved from login and password.
[2026-01-24T14:45:00.599+0000] {logging_mixin.py:188} INFO - ✓ Read 399 rows from people/date=2026-01-19/batch_75.csv
[2026-01-24T14:45:00.609+0000] {base.py:84} INFO - Using connection ID 'minio_finance' for task execution.
[2026-01-24T14:45:00.610+0000] {connection_wrapper.py:384} INFO - AWS Connection (conn_id='minio_finance', conn_type='aws') credentials retrieved from login and password.
[2026-01-24T14:45:00.737+0000] {logging_mixin.py:188} INFO - ✓ Read 339 rows from people/date=2026-01-19/batch_76.csv
[2026-01-24T14:45:00.746+0000] {base.py:84} INFO - Using connection ID 'minio_finance' for task execution.
[2026-01-24T14:45:00.747+0000] {connection_wrapper.py:384} INFO - AWS Connection (conn_id='minio_finance', conn_type='aws') credentials retrieved from login and password.
[2026-01-24T14:45:00.917+0000] {logging_mixin.py:188} INFO - ✓ Read 413 rows from people/date=2026-01-19/batch_77.csv
[2026-01-24T14:45:00.927+0000] {base.py:84} INFO - Using connection ID 'minio_finance' for task execution.
[2026-01-24T14:45:00.929+0000] {connection_wrapper.py:384} INFO - AWS Connection (conn_id='minio_finance', conn_type='aws') credentials retrieved from login and password.
[2026-01-24T14:45:01.079+0000] {logging_mixin.py:188} INFO - ✓ Read 323 rows from people/date=2026-01-19/batch_78.csv
[2026-01-24T14:45:01.090+0000] {base.py:84} INFO - Using connection ID 'minio_finance' for task execution.
[2026-01-24T14:45:01.091+0000] {connection_wrapper.py:384} INFO - AWS Connection (conn_id='minio_finance', conn_type='aws') credentials retrieved from login and password.
[2026-01-24T14:45:01.265+0000] {logging_mixin.py:188} INFO - ✓ Read 288 rows from people/date=2026-01-19/batch_79.csv
[2026-01-24T14:45:01.277+0000] {base.py:84} INFO - Using connection ID 'minio_finance' for task execution.
[2026-01-24T14:45:01.278+0000] {connection_wrapper.py:384} INFO - AWS Connection (conn_id='minio_finance', conn_type='aws') credentials retrieved from login and password.
[2026-01-24T14:45:01.436+0000] {logging_mixin.py:188} INFO - ✓ Read 389 rows from people/date=2026-01-19/batch_8.csv
[2026-01-24T14:45:01.453+0000] {base.py:84} INFO - Using connection ID 'minio_finance' for task execution.
[2026-01-24T14:45:01.454+0000] {connection_wrapper.py:384} INFO - AWS Connection (conn_id='minio_finance', conn_type='aws') credentials retrieved from login and password.
[2026-01-24T14:45:01.600+0000] {logging_mixin.py:188} INFO - ✓ Read 471 rows from people/date=2026-01-19/batch_80.csv
[2026-01-24T14:45:01.610+0000] {base.py:84} INFO - Using connection ID 'minio_finance' for task execution.
[2026-01-24T14:45:01.611+0000] {connection_wrapper.py:384} INFO - AWS Connection (conn_id='minio_finance', conn_type='aws') credentials retrieved from login and password.
[2026-01-24T14:45:01.738+0000] {logging_mixin.py:188} INFO - ✓ Read 492 rows from people/date=2026-01-19/batch_81.csv
[2026-01-24T14:45:01.750+0000] {base.py:84} INFO - Using connection ID 'minio_finance' for task execution.
[2026-01-24T14:45:01.751+0000] {connection_wrapper.py:384} INFO - AWS Connection (conn_id='minio_finance', conn_type='aws') credentials retrieved from login and password.
[2026-01-24T14:45:01.910+0000] {logging_mixin.py:188} INFO - ✓ Read 498 rows from people/date=2026-01-19/batch_82.csv
[2026-01-24T14:45:01.921+0000] {base.py:84} INFO - Using connection ID 'minio_finance' for task execution.
[2026-01-24T14:45:01.922+0000] {connection_wrapper.py:384} INFO - AWS Connection (conn_id='minio_finance', conn_type='aws') credentials retrieved from login and password.
[2026-01-24T14:45:02.112+0000] {logging_mixin.py:188} INFO - ✓ Read 377 rows from people/date=2026-01-19/batch_83.csv
[2026-01-24T14:45:02.127+0000] {base.py:84} INFO - Using connection ID 'minio_finance' for task execution.
[2026-01-24T14:45:02.129+0000] {connection_wrapper.py:384} INFO - AWS Connection (conn_id='minio_finance', conn_type='aws') credentials retrieved from login and password.
[2026-01-24T14:45:02.354+0000] {logging_mixin.py:188} INFO - ✓ Read 446 rows from people/date=2026-01-19/batch_84.csv
[2026-01-24T14:45:02.366+0000] {base.py:84} INFO - Using connection ID 'minio_finance' for task execution.
[2026-01-24T14:45:02.369+0000] {connection_wrapper.py:384} INFO - AWS Connection (conn_id='minio_finance', conn_type='aws') credentials retrieved from login and password.
[2026-01-24T14:45:03.348+0000] {logging_mixin.py:188} INFO - ✓ Read 673 rows from people/date=2026-01-19/batch_85.csv
[2026-01-24T14:45:03.357+0000] {base.py:84} INFO - Using connection ID 'minio_finance' for task execution.
[2026-01-24T14:45:03.358+0000] {connection_wrapper.py:384} INFO - AWS Connection (conn_id='minio_finance', conn_type='aws') credentials retrieved from login and password.
[2026-01-24T14:45:03.508+0000] {logging_mixin.py:188} INFO - ✓ Read 256 rows from people/date=2026-01-19/batch_86.csv
[2026-01-24T14:45:03.516+0000] {base.py:84} INFO - Using connection ID 'minio_finance' for task execution.
[2026-01-24T14:45:03.517+0000] {connection_wrapper.py:384} INFO - AWS Connection (conn_id='minio_finance', conn_type='aws') credentials retrieved from login and password.
[2026-01-24T14:45:03.692+0000] {logging_mixin.py:188} INFO - ✓ Read 370 rows from people/date=2026-01-19/batch_9.csv
[2026-01-24T14:45:03.702+0000] {logging_mixin.py:188} INFO - ✓ Concatenated 86 files into 33247 total rows
[2026-01-24T14:45:03.705+0000] {logging_mixin.py:188} INFO - Loaded 33247 rows
[2026-01-24T14:45:03.706+0000] {logging_mixin.py:188} INFO - 
[3/4] Cleaning and transforming data...
[2026-01-24T14:45:03.831+0000] {logging_mixin.py:188} INFO - After cleaning: 33222 rows
[2026-01-24T14:45:03.833+0000] {logging_mixin.py:188} INFO - 
[4/4] Inserting into database...
[2026-01-24T14:45:03.844+0000] {logging_mixin.py:188} INFO - ✓ Schema hethong_phantich_chungkhoan ensured
[2026-01-24T14:45:06.415+0000] {logging_mixin.py:188} INFO - Deleted 33222 old records for 1132 tickers
[2026-01-24T14:45:07.161+0000] {logging_mixin.py:188} INFO - ✅ Inserted 33222 rows
[2026-01-24T14:45:07.172+0000] {python.py:237} INFO - Done. Returned value was: ✅ Success: 33222 rows
[2026-01-24T14:45:07.173+0000] {taskinstance.py:441} INFO - ::group::Post task execution logs
[2026-01-24T14:45:07.205+0000] {taskinstance.py:1206} INFO - Marking task as SUCCESS. dag_id=minio_to_db_sync, task_id=sync_people, run_id=manual__2026-01-24T14:44:15.840731+00:00, execution_date=20260124T144415, start_date=20260124T144427, end_date=20260124T144507
[2026-01-24T14:45:07.297+0000] {local_task_job_runner.py:243} INFO - Task exited with return code 0
[2026-01-24T14:45:07.336+0000] {taskinstance.py:3503} INFO - 0 downstream tasks scheduled from follow-on schedule check
[2026-01-24T14:45:07.340+0000] {local_task_job_runner.py:222} INFO - ::endgroup::
