[2026-01-17T09:00:28.310+0000] {local_task_job_runner.py:120} INFO - ::group::Pre task execution logs
[2026-01-17T09:00:28.346+0000] {taskinstance.py:2076} INFO - Dependencies all met for dep_context=non-requeueable deps ti=<TaskInstance: daily_price_minio.ingest_daily_price scheduled__2026-01-15T16:00:00+00:00 map_index=120 [queued]>
[2026-01-17T09:00:28.365+0000] {taskinstance.py:2076} INFO - Dependencies all met for dep_context=requeueable deps ti=<TaskInstance: daily_price_minio.ingest_daily_price scheduled__2026-01-15T16:00:00+00:00 map_index=120 [queued]>
[2026-01-17T09:00:28.366+0000] {taskinstance.py:2306} INFO - Starting attempt 1 of 2
[2026-01-17T09:00:28.386+0000] {taskinstance.py:2330} INFO - Executing <Mapped(DfToCsvOperator): ingest_daily_price> on 2026-01-15 16:00:00+00:00
[2026-01-17T09:00:28.402+0000] {warnings.py:112} WARNING - This process (pid=10038) is multi-threaded, use of fork() may lead to deadlocks in the child.

[2026-01-17T09:00:28.404+0000] {standard_task_runner.py:64} INFO - Started process 10095 to run task
[2026-01-17T09:00:28.407+0000] {standard_task_runner.py:90} INFO - Running: ['***', 'tasks', 'run', 'daily_price_minio', 'ingest_daily_price', 'scheduled__2026-01-15T16:00:00+00:00', '--job-id', '616', '--raw', '--subdir', 'DAGS_FOLDER/daily_price_minio.py', '--cfg-path', '/tmp/tmp5ft307gr', '--map-index', '120']
[2026-01-17T09:00:28.412+0000] {standard_task_runner.py:91} INFO - Job 616: Subtask ingest_daily_price
[2026-01-17T09:00:28.479+0000] {task_command.py:426} INFO - Running <TaskInstance: daily_price_minio.ingest_daily_price scheduled__2026-01-15T16:00:00+00:00 map_index=120 [running]> on host d8c064bd46bc
[2026-01-17T09:00:28.620+0000] {taskinstance.py:2648} INFO - Exporting env vars: AIRFLOW_CTX_DAG_OWNER='***' AIRFLOW_CTX_DAG_ID='daily_price_minio' AIRFLOW_CTX_TASK_ID='ingest_daily_price' AIRFLOW_CTX_EXECUTION_DATE='2026-01-15T16:00:00+00:00' AIRFLOW_CTX_TRY_NUMBER='1' AIRFLOW_CTX_DAG_RUN_ID='scheduled__2026-01-15T16:00:00+00:00'
[2026-01-17T09:00:28.621+0000] {taskinstance.py:430} INFO - ::endgroup::
[2026-01-17T09:00:38.380+0000] {base.py:84} INFO - Using connection ID 'minio_finance' for task execution.
[2026-01-17T09:00:38.382+0000] {connection_wrapper.py:384} INFO - AWS Connection (conn_id='minio_finance', conn_type='aws') credentials retrieved from login and password.
[2026-01-17T09:00:39.192+0000] {datalake_df2csv.py:52} INFO - ✅ Đã upload 15 dòng -> s3://thongtin-congty-va-bctc/daily_price/2026-01-15/batch_120.csv
[2026-01-17T09:00:39.194+0000] {taskinstance.py:441} INFO - ::group::Post task execution logs
[2026-01-17T09:00:39.208+0000] {taskinstance.py:1206} INFO - Marking task as SUCCESS. dag_id=daily_price_minio, task_id=ingest_daily_price, run_id=scheduled__2026-01-15T16:00:00+00:00, map_index=120, execution_date=20260115T160000, start_date=20260117T090028, end_date=20260117T090039
[2026-01-17T09:00:39.312+0000] {local_task_job_runner.py:243} INFO - Task exited with return code 0
[2026-01-17T09:00:39.337+0000] {taskinstance.py:3503} INFO - 0 downstream tasks scheduled from follow-on schedule check
[2026-01-17T09:00:39.344+0000] {local_task_job_runner.py:222} INFO - ::endgroup::
