[2026-04-28T01:57:57.175+0000] {local_task_job_runner.py:120} INFO - ::group::Pre task execution logs
[2026-04-28T01:57:57.229+0000] {taskinstance.py:2076} INFO - Dependencies all met for dep_context=non-requeueable deps ti=<TaskInstance: daily_price.ingest_daily_price scheduled__2026-04-24T16:00:00+00:00 map_index=251 [queued]>
[2026-04-28T01:57:57.280+0000] {taskinstance.py:2076} INFO - Dependencies all met for dep_context=requeueable deps ti=<TaskInstance: daily_price.ingest_daily_price scheduled__2026-04-24T16:00:00+00:00 map_index=251 [queued]>
[2026-04-28T01:57:57.281+0000] {taskinstance.py:2306} INFO - Starting attempt 1 of 2
[2026-04-28T01:57:57.608+0000] {taskinstance.py:2330} INFO - Executing <Mapped(DfToCsvOperator): ingest_daily_price> on 2026-04-24 16:00:00+00:00
[2026-04-28T01:57:57.623+0000] {warnings.py:112} WARNING - This process (pid=2533) is multi-threaded, use of fork() may lead to deadlocks in the child.

[2026-04-28T01:57:57.625+0000] {standard_task_runner.py:64} INFO - Started process 2612 to run task
[2026-04-28T01:57:57.629+0000] {standard_task_runner.py:90} INFO - Running: ['***', 'tasks', 'run', 'daily_price', 'ingest_daily_price', 'scheduled__2026-04-24T16:00:00+00:00', '--job-id', '45740', '--raw', '--subdir', 'DAGS_FOLDER/dl_dailly_price.py', '--cfg-path', '/tmp/tmprt9m1e0p', '--map-index', '251']
[2026-04-28T01:57:57.636+0000] {standard_task_runner.py:91} INFO - Job 45740: Subtask ingest_daily_price
[2026-04-28T01:57:57.862+0000] {task_command.py:426} INFO - Running <TaskInstance: daily_price.ingest_daily_price scheduled__2026-04-24T16:00:00+00:00 map_index=251 [running]> on host 2c72c62453dc
[2026-04-28T01:57:58.811+0000] {taskinstance.py:2648} INFO - Exporting env vars: AIRFLOW_CTX_DAG_OWNER='***' AIRFLOW_CTX_DAG_ID='daily_price' AIRFLOW_CTX_TASK_ID='ingest_daily_price' AIRFLOW_CTX_EXECUTION_DATE='2026-04-24T16:00:00+00:00' AIRFLOW_CTX_TRY_NUMBER='1' AIRFLOW_CTX_DAG_RUN_ID='scheduled__2026-04-24T16:00:00+00:00'
[2026-04-28T01:57:58.812+0000] {taskinstance.py:430} INFO - ::endgroup::
[2026-04-28T01:57:58.813+0000] {datalake_df2csv.py:40} INFO - ================================================================================
[2026-04-28T01:57:58.814+0000] {datalake_df2csv.py:41} INFO - 🚀 BẮT ĐẦU TASK: ingest_daily_price
[2026-04-28T01:57:58.814+0000] {datalake_df2csv.py:42} INFO - ================================================================================
[2026-04-28T01:57:58.815+0000] {datalake_df2csv.py:43} INFO - 📋 Thông tin cấu hình:
[2026-04-28T01:57:58.816+0000] {datalake_df2csv.py:44} INFO -   - Logic file: history_price
[2026-04-28T01:57:58.817+0000] {datalake_df2csv.py:45} INFO -   - DataFrame name: get_history_price_batch
[2026-04-28T01:57:58.819+0000] {datalake_df2csv.py:46} INFO -   - Bucket: thongtin-congty-va-bctc
[2026-04-28T01:57:58.820+0000] {datalake_df2csv.py:47} INFO -   - Object path: daily_price/2026-04-24/batch_251.csv
[2026-04-28T01:57:58.821+0000] {datalake_df2csv.py:48} INFO -   - Connection ID: minio_finance
[2026-04-28T01:57:58.821+0000] {datalake_df2csv.py:49} INFO -   - Tham số truyền vào: {'symbols': ['PPY', 'LBM', 'UDJ', 'SD9', 'BT6'], 'start_date': '2026-04-24', 'end_date': '2026-04-25'}
[2026-04-28T01:57:58.822+0000] {datalake_df2csv.py:50} INFO - --------------------------------------------------------------------------------
[2026-04-28T01:57:58.823+0000] {datalake_df2csv.py:54} INFO - 📥 Bước 1: Đang load dữ liệu từ logic file...
[2026-04-28T01:57:58.827+0000] {datalake_df2csv.py:148} INFO -   - Logic directory: /opt/airflow/plugins/logic
[2026-04-28T01:57:58.828+0000] {datalake_df2csv.py:149} INFO -   - Module path: /opt/airflow/plugins/logic/history_price.py
[2026-04-28T01:57:58.829+0000] {datalake_df2csv.py:153} INFO -   - Đã thêm logic directory vào sys.path
[2026-04-28T01:57:58.831+0000] {datalake_df2csv.py:159} INFO -   - Đang load module 'history_price'...
[2026-04-28T01:57:58.839+0000] {datalake_df2csv.py:163} INFO -   - ✅ Module loaded thành công
[2026-04-28T01:57:58.840+0000] {datalake_df2csv.py:165} INFO -   - Đang tìm DataFrame/function: 'get_history_price_batch'...
[2026-04-28T01:57:58.840+0000] {datalake_df2csv.py:170} INFO -   - ✅ Tìm thấy object: function
[2026-04-28T01:57:58.841+0000] {datalake_df2csv.py:173} INFO -   - Đang gọi function với tham số: {'symbols': ['PPY', 'LBM', 'UDJ', 'SD9', 'BT6'], 'start_date': '2026-04-24', 'end_date': '2026-04-25'}
[2026-04-28T01:58:04.967+0000] {datalake_df2csv.py:68} INFO - ✅ Load dữ liệu thành công!
[2026-04-28T01:58:04.980+0000] {datalake_df2csv.py:69} INFO - 📊 Thông tin DataFrame:
[2026-04-28T01:58:04.981+0000] {datalake_df2csv.py:70} INFO -   - Số dòng: 10
[2026-04-28T01:58:05.004+0000] {datalake_df2csv.py:71} INFO -   - Số cột: 7
[2026-04-28T01:58:05.007+0000] {datalake_df2csv.py:72} INFO -   - Tên các cột: ['ticker', 'trading_date', 'open', 'high', 'low', 'close', 'volume']
[2026-04-28T01:58:05.023+0000] {datalake_df2csv.py:73} INFO -   - Kiểu dữ liệu: {'ticker': 'object', 'trading_date': 'object', 'open': 'float64', 'high': 'float64', 'low': 'float64', 'close': 'float64', 'volume': 'int64'}
[2026-04-28T01:58:05.049+0000] {datalake_df2csv.py:74} INFO -   - Bộ nhớ sử dụng: 0.00 MB
[2026-04-28T01:58:05.059+0000] {datalake_df2csv.py:83} INFO -   - Không có giá trị NULL
[2026-04-28T01:58:05.063+0000] {datalake_df2csv.py:86} INFO -   - Mẫu dữ liệu (5 dòng đầu):
[2026-04-28T01:58:05.066+0000] {datalake_df2csv.py:88} INFO -     Row 0: {'ticker': 'PPY', 'trading_date': '2026-04-23', 'open': 9.2, 'high': 9.2, 'low': 9.0, 'close': 9.0, 'volume': 2700}
[2026-04-28T01:58:05.072+0000] {datalake_df2csv.py:88} INFO -     Row 1: {'ticker': 'PPY', 'trading_date': '2026-04-24', 'open': 9.3, 'high': 9.3, 'low': 9.3, 'close': 9.3, 'volume': 300}
[2026-04-28T01:58:05.073+0000] {datalake_df2csv.py:88} INFO -     Row 2: {'ticker': 'LBM', 'trading_date': '2026-04-23', 'open': 29.4, 'high': 29.45, 'low': 29.0, 'close': 29.4, 'volume': 38600}
[2026-04-28T01:58:05.075+0000] {datalake_df2csv.py:88} INFO -     Row 3: {'ticker': 'LBM', 'trading_date': '2026-04-24', 'open': 29.0, 'high': 29.7, 'low': 29.0, 'close': 29.7, 'volume': 34900}
[2026-04-28T01:58:05.076+0000] {datalake_df2csv.py:88} INFO -     Row 4: {'ticker': 'UDJ', 'trading_date': '2026-04-23', 'open': 6.9, 'high': 7.0, 'low': 6.9, 'close': 7.0, 'volume': 22900}
[2026-04-28T01:58:05.078+0000] {datalake_df2csv.py:90} INFO - --------------------------------------------------------------------------------
[2026-04-28T01:58:05.080+0000] {datalake_df2csv.py:93} INFO - 📝 Bước 2: Đang chuyển đổi DataFrame sang CSV...
[2026-04-28T01:58:05.112+0000] {datalake_df2csv.py:97} INFO - ✅ Chuyển đổi CSV thành công!
[2026-04-28T01:58:05.113+0000] {datalake_df2csv.py:98} INFO -   - Kích thước file: 0.00 MB
[2026-04-28T01:58:05.113+0000] {datalake_df2csv.py:99} INFO -   - Thời gian chuyển đổi: 0.03 giây
[2026-04-28T01:58:05.114+0000] {datalake_df2csv.py:100} INFO - --------------------------------------------------------------------------------
[2026-04-28T01:58:05.114+0000] {datalake_df2csv.py:103} INFO - ☁️  Bước 3: Đang upload lên MinIO/S3...
[2026-04-28T01:58:05.212+0000] {base.py:84} INFO - Using connection ID 'minio_finance' for task execution.
[2026-04-28T01:58:05.217+0000] {connection_wrapper.py:384} INFO - AWS Connection (conn_id='minio_finance', conn_type='aws') credentials retrieved from login and password.
[2026-04-28T01:58:06.918+0000] {datalake_df2csv.py:112} INFO -   - Bucket 'thongtin-congty-va-bctc' đã tồn tại
[2026-04-28T01:58:07.065+0000] {datalake_df2csv.py:117} INFO - ✅ Upload thành công!
[2026-04-28T01:58:07.066+0000] {datalake_df2csv.py:118} INFO -   - Đường dẫn: s3://thongtin-congty-va-bctc/daily_price/2026-04-24/batch_251.csv
[2026-04-28T01:58:07.067+0000] {datalake_df2csv.py:119} INFO -   - Số dòng: 10
[2026-04-28T01:58:07.067+0000] {datalake_df2csv.py:120} INFO -   - Thời gian upload: 1.95 giây
[2026-04-28T01:58:07.069+0000] {datalake_df2csv.py:121} INFO - --------------------------------------------------------------------------------
[2026-04-28T01:58:07.069+0000] {datalake_df2csv.py:125} INFO - 📈 TỔNG KẾT:
[2026-04-28T01:58:07.071+0000] {datalake_df2csv.py:126} INFO -   - Tổng thời gian thực thi: 8.26 giây
[2026-04-28T01:58:07.075+0000] {datalake_df2csv.py:127} INFO -   - Tốc độ xử lý: 1 dòng/giây
[2026-04-28T01:58:07.076+0000] {datalake_df2csv.py:128} INFO - ================================================================================
[2026-04-28T01:58:07.077+0000] {datalake_df2csv.py:129} INFO - ✅ HOÀN THÀNH TASK: ingest_daily_price
[2026-04-28T01:58:07.077+0000] {datalake_df2csv.py:130} INFO - ================================================================================
[2026-04-28T01:58:07.081+0000] {taskinstance.py:441} INFO - ::group::Post task execution logs
[2026-04-28T01:58:07.139+0000] {taskinstance.py:1206} INFO - Marking task as SUCCESS. dag_id=daily_price, task_id=ingest_daily_price, run_id=scheduled__2026-04-24T16:00:00+00:00, map_index=251, execution_date=20260424T160000, start_date=20260428T015757, end_date=20260428T015807
[2026-04-28T01:58:07.553+0000] {local_task_job_runner.py:243} INFO - Task exited with return code 0
[2026-04-28T01:58:07.651+0000] {taskinstance.py:3503} INFO - 0 downstream tasks scheduled from follow-on schedule check
[2026-04-28T01:58:07.954+0000] {local_task_job_runner.py:222} INFO - ::endgroup::
