[2026-01-31T01:25:38.777+0000] {local_task_job_runner.py:120} INFO - ::group::Pre task execution logs
[2026-01-31T01:25:38.861+0000] {taskinstance.py:2076} INFO - Dependencies all met for dep_context=non-requeueable deps ti=<TaskInstance: daily_price_minio.ingest_daily_price scheduled__2026-01-29T16:00:00+00:00 map_index=165 [queued]>
[2026-01-31T01:25:38.922+0000] {taskinstance.py:2076} INFO - Dependencies all met for dep_context=requeueable deps ti=<TaskInstance: daily_price_minio.ingest_daily_price scheduled__2026-01-29T16:00:00+00:00 map_index=165 [queued]>
[2026-01-31T01:25:38.923+0000] {taskinstance.py:2306} INFO - Starting attempt 1 of 2
[2026-01-31T01:25:38.950+0000] {taskinstance.py:2330} INFO - Executing <Mapped(DfToCsvOperator): ingest_daily_price> on 2026-01-29 16:00:00+00:00
[2026-01-31T01:25:38.968+0000] {warnings.py:112} WARNING - This process (pid=3012) is multi-threaded, use of fork() may lead to deadlocks in the child.

[2026-01-31T01:25:38.970+0000] {standard_task_runner.py:64} INFO - Started process 3122 to run task
[2026-01-31T01:25:38.976+0000] {standard_task_runner.py:90} INFO - Running: ['***', 'tasks', 'run', 'daily_price_minio', 'ingest_daily_price', 'scheduled__2026-01-29T16:00:00+00:00', '--job-id', '10330', '--raw', '--subdir', 'DAGS_FOLDER/dl_dailly_price.py', '--cfg-path', '/tmp/tmpeooghvkb', '--map-index', '165']
[2026-01-31T01:25:38.982+0000] {standard_task_runner.py:91} INFO - Job 10330: Subtask ingest_daily_price
[2026-01-31T01:25:39.102+0000] {task_command.py:426} INFO - Running <TaskInstance: daily_price_minio.ingest_daily_price scheduled__2026-01-29T16:00:00+00:00 map_index=165 [running]> on host 5061baebb91b
[2026-01-31T01:25:39.338+0000] {taskinstance.py:2648} INFO - Exporting env vars: AIRFLOW_CTX_DAG_OWNER='***' AIRFLOW_CTX_DAG_ID='daily_price_minio' AIRFLOW_CTX_TASK_ID='ingest_daily_price' AIRFLOW_CTX_EXECUTION_DATE='2026-01-29T16:00:00+00:00' AIRFLOW_CTX_TRY_NUMBER='1' AIRFLOW_CTX_DAG_RUN_ID='scheduled__2026-01-29T16:00:00+00:00'
[2026-01-31T01:25:39.339+0000] {taskinstance.py:430} INFO - ::endgroup::
[2026-01-31T01:25:47.356+0000] {logging_mixin.py:188} INFO - MXC: RetryError (source=VCI), retry 1/3 in 2.0s
[2026-01-31T01:25:53.886+0000] {logging_mixin.py:188} INFO - MXC: RetryError (source=VCI), retry 2/3 in 4.0s
[2026-01-31T01:26:02.329+0000] {logging_mixin.py:188} INFO - MXC: RetryError (source=VCI), retry 3/3 in 8.0s
[2026-01-31T01:26:10.326+0000] {logging_mixin.py:188} INFO - MXC: Exhausted retries for source=VCI, trying next source...
[2026-01-31T01:26:14.753+0000] {logging_mixin.py:188} INFO - MXC: RetryError (source=TCBS), retry 1/3 in 2.0s
[2026-01-31T01:26:21.186+0000] {logging_mixin.py:188} INFO - MXC: RetryError (source=TCBS), retry 2/3 in 4.0s
[2026-01-31T01:26:29.584+0000] {logging_mixin.py:188} INFO - MXC: RetryError (source=TCBS), retry 3/3 in 8.0s
[2026-01-31T01:26:37.585+0000] {logging_mixin.py:188} INFO - MXC: Exhausted retries for source=TCBS, trying next source...
[2026-01-31T01:26:37.586+0000] {logging_mixin.py:188} INFO - MXC: All sources failed after retries
[2026-01-31T01:26:39.424+0000] {base.py:84} INFO - Using connection ID 'minio_finance' for task execution.
[2026-01-31T01:26:39.425+0000] {connection_wrapper.py:384} INFO - AWS Connection (conn_id='minio_finance', conn_type='aws') credentials retrieved from login and password.
[2026-01-31T01:26:39.848+0000] {datalake_df2csv.py:52} INFO - ✅ Đã upload 12 dòng -> s3://thongtin-congty-va-bctc/daily_price/2026-01-29/batch_165.csv
[2026-01-31T01:26:39.849+0000] {taskinstance.py:441} INFO - ::group::Post task execution logs
[2026-01-31T01:26:39.857+0000] {taskinstance.py:1206} INFO - Marking task as SUCCESS. dag_id=daily_price_minio, task_id=ingest_daily_price, run_id=scheduled__2026-01-29T16:00:00+00:00, map_index=165, execution_date=20260129T160000, start_date=20260131T012538, end_date=20260131T012639
[2026-01-31T01:26:39.894+0000] {local_task_job_runner.py:243} INFO - Task exited with return code 0
[2026-01-31T01:26:39.910+0000] {taskinstance.py:3503} INFO - 0 downstream tasks scheduled from follow-on schedule check
[2026-01-31T01:26:39.915+0000] {local_task_job_runner.py:222} INFO - ::endgroup::
