[2026-02-22T03:01:37.791+0000] {local_task_job_runner.py:120} INFO - ::group::Pre task execution logs
[2026-02-22T03:01:37.919+0000] {taskinstance.py:2076} INFO - Dependencies all met for dep_context=non-requeueable deps ti=<TaskInstance: electric_board_daily.ingest_electric_board manual__2026-02-22T03:01:05.704103+00:00 map_index=17 [queued]>
[2026-02-22T03:01:38.001+0000] {taskinstance.py:2076} INFO - Dependencies all met for dep_context=requeueable deps ti=<TaskInstance: electric_board_daily.ingest_electric_board manual__2026-02-22T03:01:05.704103+00:00 map_index=17 [queued]>
[2026-02-22T03:01:38.002+0000] {taskinstance.py:2306} INFO - Starting attempt 1 of 3
[2026-02-22T03:01:38.089+0000] {taskinstance.py:2330} INFO - Executing <Mapped(DfToCsvOperator): ingest_electric_board> on 2026-02-22 03:01:05.704103+00:00
[2026-02-22T03:01:38.137+0000] {warnings.py:112} WARNING - This process (pid=6518) is multi-threaded, use of fork() may lead to deadlocks in the child.

[2026-02-22T03:01:38.144+0000] {standard_task_runner.py:64} INFO - Started process 6586 to run task
[2026-02-22T03:01:38.141+0000] {standard_task_runner.py:90} INFO - Running: ['***', 'tasks', 'run', 'electric_board_daily', 'ingest_electric_board', 'manual__2026-02-22T03:01:05.704103+00:00', '--job-id', '24362', '--raw', '--subdir', 'DAGS_FOLDER/dl_electric_board.py', '--cfg-path', '/tmp/tmprw18widr', '--map-index', '17']
[2026-02-22T03:01:38.149+0000] {standard_task_runner.py:91} INFO - Job 24362: Subtask ingest_electric_board
[2026-02-22T03:01:38.273+0000] {task_command.py:426} INFO - Running <TaskInstance: electric_board_daily.ingest_electric_board manual__2026-02-22T03:01:05.704103+00:00 map_index=17 [running]> on host 1b22f72dc705
[2026-02-22T03:01:38.565+0000] {taskinstance.py:2648} INFO - Exporting env vars: AIRFLOW_CTX_DAG_OWNER='***' AIRFLOW_CTX_DAG_ID='electric_board_daily' AIRFLOW_CTX_TASK_ID='ingest_electric_board' AIRFLOW_CTX_EXECUTION_DATE='2026-02-22T03:01:05.704103+00:00' AIRFLOW_CTX_TRY_NUMBER='1' AIRFLOW_CTX_DAG_RUN_ID='manual__2026-02-22T03:01:05.704103+00:00'
[2026-02-22T03:01:38.568+0000] {taskinstance.py:430} INFO - ::endgroup::
[2026-02-22T03:01:38.570+0000] {datalake_df2csv.py:40} INFO - ================================================================================
[2026-02-22T03:01:38.572+0000] {datalake_df2csv.py:41} INFO - 🚀 BẮT ĐẦU TASK: ingest_electric_board
[2026-02-22T03:01:38.573+0000] {datalake_df2csv.py:42} INFO - ================================================================================
[2026-02-22T03:01:38.574+0000] {datalake_df2csv.py:43} INFO - 📋 Thông tin cấu hình:
[2026-02-22T03:01:38.577+0000] {datalake_df2csv.py:44} INFO -   - Logic file: electric_board
[2026-02-22T03:01:38.578+0000] {datalake_df2csv.py:45} INFO -   - DataFrame name: get_price_board_batch
[2026-02-22T03:01:38.590+0000] {datalake_df2csv.py:46} INFO -   - Bucket: thongtin-congty-va-bctc
[2026-02-22T03:01:38.592+0000] {datalake_df2csv.py:47} INFO -   - Object path: electric_board_per_day/2026-02-22/batch_17.csv
[2026-02-22T03:01:38.609+0000] {datalake_df2csv.py:48} INFO -   - Connection ID: minio_finance
[2026-02-22T03:01:38.610+0000] {datalake_df2csv.py:49} INFO -   - Tham số truyền vào: {'symbols': ['VGT', 'PCM', 'PVM', 'SGT', 'BMJ', 'COM', 'API', 'DTK', 'FHN', 'LHG', 'TYA', 'VEA', 'KLB', 'HAC', 'TCI', 'MRF', 'PMP', 'DQC', 'TMC', 'PCG', 'S12', 'SGP', 'PTO', 'ITA', 'TJC', 'MKV', 'HLT', 'TCJ', 'PLA', 'C12', 'GVR', 'DAD', 'VCG', 'HLA', 'WCS', 'LAF', 'VPL', 'BIG', 'ACG', 'SBS', 'DDV', 'IHK', 'VPX', 'VIH', 'THN', 'HFX', 'NSC', 'ACV', 'S74', 'VTB'], 'trading_date': '2026-02-22'}
[2026-02-22T03:01:38.611+0000] {datalake_df2csv.py:50} INFO - --------------------------------------------------------------------------------
[2026-02-22T03:01:38.611+0000] {datalake_df2csv.py:54} INFO - 📥 Bước 1: Đang load dữ liệu từ logic file...
[2026-02-22T03:01:38.617+0000] {datalake_df2csv.py:148} INFO -   - Logic directory: /opt/airflow/plugins/logic
[2026-02-22T03:01:38.619+0000] {datalake_df2csv.py:149} INFO -   - Module path: /opt/airflow/plugins/logic/electric_board.py
[2026-02-22T03:01:38.628+0000] {datalake_df2csv.py:153} INFO -   - Đã thêm logic directory vào sys.path
[2026-02-22T03:01:38.635+0000] {datalake_df2csv.py:159} INFO -   - Đang load module 'electric_board'...
[2026-02-22T03:01:38.647+0000] {datalake_df2csv.py:163} INFO -   - ✅ Module loaded thành công
[2026-02-22T03:01:38.649+0000] {datalake_df2csv.py:165} INFO -   - Đang tìm DataFrame/function: 'get_price_board_batch'...
[2026-02-22T03:01:38.652+0000] {datalake_df2csv.py:170} INFO -   - ✅ Tìm thấy object: function
[2026-02-22T03:01:38.652+0000] {datalake_df2csv.py:173} INFO -   - Đang gọi function với tham số: {'symbols': ['VGT', 'PCM', 'PVM', 'SGT', 'BMJ', 'COM', 'API', 'DTK', 'FHN', 'LHG', 'TYA', 'VEA', 'KLB', 'HAC', 'TCI', 'MRF', 'PMP', 'DQC', 'TMC', 'PCG', 'S12', 'SGP', 'PTO', 'ITA', 'TJC', 'MKV', 'HLT', 'TCJ', 'PLA', 'C12', 'GVR', 'DAD', 'VCG', 'HLA', 'WCS', 'LAF', 'VPL', 'BIG', 'ACG', 'SBS', 'DDV', 'IHK', 'VPX', 'VIH', 'THN', 'HFX', 'NSC', 'ACV', 'S74', 'VTB'], 'trading_date': '2026-02-22'}
[2026-02-22T03:01:38.662+0000] {logging_mixin.py:188} INFO - [ELECTRIC_BOARD] Fetching price board for 50 symbols: ['VGT', 'PCM', 'PVM', 'SGT', 'BMJ']...
[2026-02-22T03:01:41.104+0000] {logging_mixin.py:188} INFO - [ELECTRIC_BOARD] ✅ Fetched 50 rows, 1 columns
[2026-02-22T03:01:41.105+0000] {datalake_df2csv.py:68} INFO - ✅ Load dữ liệu thành công!
[2026-02-22T03:01:41.110+0000] {datalake_df2csv.py:69} INFO - 📊 Thông tin DataFrame:
[2026-02-22T03:01:41.112+0000] {datalake_df2csv.py:70} INFO -   - Số dòng: 50
[2026-02-22T03:01:41.114+0000] {datalake_df2csv.py:71} INFO -   - Số cột: 1
[2026-02-22T03:01:41.115+0000] {datalake_df2csv.py:72} INFO -   - Tên các cột: ['trading_date']
[2026-02-22T03:01:41.117+0000] {datalake_df2csv.py:73} INFO -   - Kiểu dữ liệu: {'trading_date': 'object'}
[2026-02-22T03:01:41.127+0000] {datalake_df2csv.py:74} INFO -   - Bộ nhớ sử dụng: 0.00 MB
[2026-02-22T03:01:41.130+0000] {datalake_df2csv.py:83} INFO -   - Không có giá trị NULL
[2026-02-22T03:01:41.132+0000] {datalake_df2csv.py:86} INFO -   - Mẫu dữ liệu (5 dòng đầu):
[2026-02-22T03:01:41.140+0000] {datalake_df2csv.py:88} INFO -     Row 0: {'trading_date': '2026-02-22'}
[2026-02-22T03:01:41.144+0000] {datalake_df2csv.py:88} INFO -     Row 1: {'trading_date': '2026-02-22'}
[2026-02-22T03:01:41.159+0000] {datalake_df2csv.py:88} INFO -     Row 2: {'trading_date': '2026-02-22'}
[2026-02-22T03:01:41.160+0000] {datalake_df2csv.py:88} INFO -     Row 3: {'trading_date': '2026-02-22'}
[2026-02-22T03:01:41.160+0000] {datalake_df2csv.py:88} INFO -     Row 4: {'trading_date': '2026-02-22'}
[2026-02-22T03:01:41.161+0000] {datalake_df2csv.py:90} INFO - --------------------------------------------------------------------------------
[2026-02-22T03:01:41.161+0000] {datalake_df2csv.py:93} INFO - 📝 Bước 2: Đang chuyển đổi DataFrame sang CSV...
[2026-02-22T03:01:41.166+0000] {datalake_df2csv.py:97} INFO - ✅ Chuyển đổi CSV thành công!
[2026-02-22T03:01:41.174+0000] {datalake_df2csv.py:98} INFO -   - Kích thước file: 0.00 MB
[2026-02-22T03:01:41.176+0000] {datalake_df2csv.py:99} INFO -   - Thời gian chuyển đổi: 0.00 giây
[2026-02-22T03:01:41.177+0000] {datalake_df2csv.py:100} INFO - --------------------------------------------------------------------------------
[2026-02-22T03:01:41.178+0000] {datalake_df2csv.py:103} INFO - ☁️  Bước 3: Đang upload lên MinIO/S3...
[2026-02-22T03:01:41.208+0000] {base.py:84} INFO - Using connection ID 'minio_finance' for task execution.
[2026-02-22T03:01:41.209+0000] {connection_wrapper.py:384} INFO - AWS Connection (conn_id='minio_finance', conn_type='aws') credentials retrieved from login and password.
[2026-02-22T03:01:42.426+0000] {datalake_df2csv.py:112} INFO -   - Bucket 'thongtin-congty-va-bctc' đã tồn tại
[2026-02-22T03:01:42.512+0000] {datalake_df2csv.py:117} INFO - ✅ Upload thành công!
[2026-02-22T03:01:42.513+0000] {datalake_df2csv.py:118} INFO -   - Đường dẫn: s3://thongtin-congty-va-bctc/electric_board_per_day/2026-02-22/batch_17.csv
[2026-02-22T03:01:42.515+0000] {datalake_df2csv.py:119} INFO -   - Số dòng: 50
[2026-02-22T03:01:42.516+0000] {datalake_df2csv.py:120} INFO -   - Thời gian upload: 1.33 giây
[2026-02-22T03:01:42.517+0000] {datalake_df2csv.py:121} INFO - --------------------------------------------------------------------------------
[2026-02-22T03:01:42.517+0000] {datalake_df2csv.py:125} INFO - 📈 TỔNG KẾT:
[2026-02-22T03:01:42.519+0000] {datalake_df2csv.py:126} INFO -   - Tổng thời gian thực thi: 3.95 giây
[2026-02-22T03:01:42.521+0000] {datalake_df2csv.py:127} INFO -   - Tốc độ xử lý: 13 dòng/giây
[2026-02-22T03:01:42.521+0000] {datalake_df2csv.py:128} INFO - ================================================================================
[2026-02-22T03:01:42.522+0000] {datalake_df2csv.py:129} INFO - ✅ HOÀN THÀNH TASK: ingest_electric_board
[2026-02-22T03:01:42.522+0000] {datalake_df2csv.py:130} INFO - ================================================================================
[2026-02-22T03:01:42.524+0000] {taskinstance.py:441} INFO - ::group::Post task execution logs
[2026-02-22T03:01:42.544+0000] {taskinstance.py:1206} INFO - Marking task as SUCCESS. dag_id=electric_board_daily, task_id=ingest_electric_board, run_id=manual__2026-02-22T03:01:05.704103+00:00, map_index=17, execution_date=20260222T030105, start_date=20260222T030137, end_date=20260222T030142
[2026-02-22T03:01:42.621+0000] {local_task_job_runner.py:243} INFO - Task exited with return code 0
[2026-02-22T03:01:42.649+0000] {taskinstance.py:3503} INFO - 0 downstream tasks scheduled from follow-on schedule check
[2026-02-22T03:01:42.651+0000] {local_task_job_runner.py:222} INFO - ::endgroup::
