[2026-01-24T08:42:42.260+0000] {local_task_job_runner.py:120} INFO - ::group::Pre task execution logs
[2026-01-24T08:42:42.291+0000] {taskinstance.py:2076} INFO - Dependencies all met for dep_context=non-requeueable deps ti=<TaskInstance: daily_price_minio.ingest_daily_price manual__2026-01-24T08:33:45.946408+00:00 map_index=88 [queued]>
[2026-01-24T08:42:42.308+0000] {taskinstance.py:2076} INFO - Dependencies all met for dep_context=requeueable deps ti=<TaskInstance: daily_price_minio.ingest_daily_price manual__2026-01-24T08:33:45.946408+00:00 map_index=88 [queued]>
[2026-01-24T08:42:42.308+0000] {taskinstance.py:2306} INFO - Starting attempt 1 of 2
[2026-01-24T08:42:42.327+0000] {taskinstance.py:2330} INFO - Executing <Mapped(DfToCsvOperator): ingest_daily_price> on 2026-01-24 08:33:45.946408+00:00
[2026-01-24T08:42:42.341+0000] {warnings.py:112} WARNING - This process (pid=6374) is multi-threaded, use of fork() may lead to deadlocks in the child.

[2026-01-24T08:42:42.343+0000] {standard_task_runner.py:64} INFO - Started process 6402 to run task
[2026-01-24T08:42:42.347+0000] {standard_task_runner.py:90} INFO - Running: ['***', 'tasks', 'run', 'daily_price_minio', 'ingest_daily_price', 'manual__2026-01-24T08:33:45.946408+00:00', '--job-id', '6137', '--raw', '--subdir', 'DAGS_FOLDER/daily_price_minio.py', '--cfg-path', '/tmp/tmpn5uea30_', '--map-index', '88']
[2026-01-24T08:42:42.351+0000] {standard_task_runner.py:91} INFO - Job 6137: Subtask ingest_daily_price
[2026-01-24T08:42:42.409+0000] {task_command.py:426} INFO - Running <TaskInstance: daily_price_minio.ingest_daily_price manual__2026-01-24T08:33:45.946408+00:00 map_index=88 [running]> on host 05b4b3a77fa2
[2026-01-24T08:42:42.516+0000] {taskinstance.py:2648} INFO - Exporting env vars: AIRFLOW_CTX_DAG_OWNER='***' AIRFLOW_CTX_DAG_ID='daily_price_minio' AIRFLOW_CTX_TASK_ID='ingest_daily_price' AIRFLOW_CTX_EXECUTION_DATE='2026-01-24T08:33:45.946408+00:00' AIRFLOW_CTX_TRY_NUMBER='1' AIRFLOW_CTX_DAG_RUN_ID='manual__2026-01-24T08:33:45.946408+00:00'
[2026-01-24T08:42:42.518+0000] {taskinstance.py:430} INFO - ::endgroup::
[2026-01-24T08:42:46.996+0000] {logging_mixin.py:188} INFO - SNC: RetryError[<Future at 0x7fdaecc5a0c0 state=finished raised ConnectionError>]
[2026-01-24T08:42:52.203+0000] {logging_mixin.py:188} INFO - SMT: RetryError[<Future at 0x7fdaecb57c80 state=finished raised ConnectionError>]
[2026-01-24T08:42:57.700+0000] {logging_mixin.py:188} INFO - SMN: RetryError[<Future at 0x7fdaecb57d40 state=finished raised ConnectionError>]
[2026-01-24T08:43:02.656+0000] {logging_mixin.py:188} INFO - SMC: RetryError[<Future at 0x7fdaecbc8b30 state=finished raised ConnectionError>]
[2026-01-24T08:43:08.265+0000] {logging_mixin.py:188} INFO - SMB: RetryError[<Future at 0x7fdaecbc95b0 state=finished raised ConnectionError>]
[2026-01-24T08:43:08.767+0000] {datalake_df2csv.py:40} INFO - DataFrame rỗng, bỏ qua upload CSV.
[2026-01-24T08:43:08.768+0000] {taskinstance.py:441} INFO - ::group::Post task execution logs
[2026-01-24T08:43:08.778+0000] {taskinstance.py:1206} INFO - Marking task as SUCCESS. dag_id=daily_price_minio, task_id=ingest_daily_price, run_id=manual__2026-01-24T08:33:45.946408+00:00, map_index=88, execution_date=20260124T083345, start_date=20260124T084242, end_date=20260124T084308
[2026-01-24T08:43:08.815+0000] {local_task_job_runner.py:243} INFO - Task exited with return code 0
[2026-01-24T08:43:08.831+0000] {taskinstance.py:3503} INFO - 0 downstream tasks scheduled from follow-on schedule check
[2026-01-24T08:43:08.833+0000] {local_task_job_runner.py:222} INFO - ::endgroup::
