[2026-04-18T03:00:05.341+0000] {local_task_job_runner.py:120} INFO - ::group::Pre task execution logs
[2026-04-18T03:00:05.365+0000] {taskinstance.py:2076} INFO - Dependencies all met for dep_context=non-requeueable deps ti=<TaskInstance: minio_to_db_sync.sync_financial_ratio scheduled__2026-04-17T03:00:00+00:00 [queued]>
[2026-04-18T03:00:05.377+0000] {taskinstance.py:2076} INFO - Dependencies all met for dep_context=requeueable deps ti=<TaskInstance: minio_to_db_sync.sync_financial_ratio scheduled__2026-04-17T03:00:00+00:00 [queued]>
[2026-04-18T03:00:05.377+0000] {taskinstance.py:2306} INFO - Starting attempt 1 of 3
[2026-04-18T03:00:05.398+0000] {taskinstance.py:2330} INFO - Executing <Task(_PythonDecoratedOperator): sync_financial_ratio> on 2026-04-17 03:00:00+00:00
[2026-04-18T03:00:05.417+0000] {warnings.py:112} WARNING - This process (pid=3998) is multi-threaded, use of fork() may lead to deadlocks in the child.

[2026-04-18T03:00:05.420+0000] {standard_task_runner.py:64} INFO - Started process 4017 to run task
[2026-04-18T03:00:05.423+0000] {standard_task_runner.py:90} INFO - Running: ['***', 'tasks', 'run', 'minio_to_db_sync', 'sync_financial_ratio', 'scheduled__2026-04-17T03:00:00+00:00', '--job-id', '43822', '--raw', '--subdir', 'DAGS_FOLDER/minio_to_db_sync.py', '--cfg-path', '/tmp/tmpzxo42csp']
[2026-04-18T03:00:05.433+0000] {standard_task_runner.py:91} INFO - Job 43822: Subtask sync_financial_ratio
[2026-04-18T03:00:05.511+0000] {task_command.py:426} INFO - Running <TaskInstance: minio_to_db_sync.sync_financial_ratio scheduled__2026-04-17T03:00:00+00:00 [running]> on host 14884353a17a
[2026-04-18T03:00:05.655+0000] {taskinstance.py:2648} INFO - Exporting env vars: AIRFLOW_CTX_DAG_OWNER='***' AIRFLOW_CTX_DAG_ID='minio_to_db_sync' AIRFLOW_CTX_TASK_ID='sync_financial_ratio' AIRFLOW_CTX_EXECUTION_DATE='2026-04-17T03:00:00+00:00' AIRFLOW_CTX_TRY_NUMBER='1' AIRFLOW_CTX_DAG_RUN_ID='scheduled__2026-04-17T03:00:00+00:00'
[2026-04-18T03:00:05.657+0000] {taskinstance.py:430} INFO - ::endgroup::
[2026-04-18T03:00:05.667+0000] {logging_mixin.py:188} INFO - ======================================================================
[2026-04-18T03:00:05.668+0000] {logging_mixin.py:188} INFO - 📊 SYNC FIN_RATIO_V2 TO DATABASE (UPDATE + INSERT)
[2026-04-18T03:00:05.669+0000] {logging_mixin.py:188} INFO - ======================================================================
[2026-04-18T03:00:05.669+0000] {logging_mixin.py:188} INFO - 
[1/4] Finding latest partition...
[2026-04-18T03:00:05.682+0000] {base.py:84} INFO - Using connection ID 'minio_finance' for task execution.
[2026-04-18T03:00:05.686+0000] {connection_wrapper.py:384} INFO - AWS Connection (conn_id='minio_finance', conn_type='aws') credentials retrieved from login and password.
[2026-04-18T03:00:07.274+0000] {logging_mixin.py:188} INFO - ✅ Latest partition selected: fin_ratio_v2/2026-04-12_03:07:34:748/
[2026-04-18T03:00:07.275+0000] {logging_mixin.py:188} INFO - 
[2/4] Reading CSV data from latest partition...
[2026-04-18T03:00:07.288+0000] {base.py:84} INFO - Using connection ID 'minio_finance' for task execution.
[2026-04-18T03:00:07.289+0000] {connection_wrapper.py:384} INFO - AWS Connection (conn_id='minio_finance', conn_type='aws') credentials retrieved from login and password.
[2026-04-18T03:00:07.481+0000] {logging_mixin.py:188} INFO - ✓ Found 1 CSV files in thongtin-congty-va-bctc/fin_ratio_v2/2026-04-12_03:07:34:748/
[2026-04-18T03:00:07.493+0000] {base.py:84} INFO - Using connection ID 'minio_finance' for task execution.
[2026-04-18T03:00:07.494+0000] {connection_wrapper.py:384} INFO - AWS Connection (conn_id='minio_finance', conn_type='aws') credentials retrieved from login and password.
[2026-04-18T03:00:08.021+0000] {warnings.py:112} WARNING - Columns (6) have mixed types. Specify dtype option on import or set low_memory=False.

[2026-04-18T03:00:08.086+0000] {logging_mixin.py:188} INFO - ✓ Read 50858 rows from fin_ratio_v2/2026-04-12_03:07:34:748/fin_ratio_v2.csv
[2026-04-18T03:00:08.088+0000] {logging_mixin.py:188} INFO - ✓ Concatenated 1 files into 50858 total rows
[2026-04-18T03:00:08.089+0000] {logging_mixin.py:188} INFO - Loaded rows: 50,858
[2026-04-18T03:00:08.089+0000] {logging_mixin.py:188} INFO - 
[3/4] Cleaning and preparing data...
[2026-04-18T03:00:10.722+0000] {logging_mixin.py:188} INFO - Rows after cleaning/dedup: 50,858
[2026-04-18T03:00:10.723+0000] {logging_mixin.py:188} INFO - 
[4/4] Upserting to database...
[2026-04-18T03:00:10.746+0000] {logging_mixin.py:188} INFO - ✓ Schema hethong_phantich_chungkhoan ensured
[2026-04-18T03:00:24.665+0000] {logging_mixin.py:188} INFO - ======================================================================
[2026-04-18T03:00:24.666+0000] {logging_mixin.py:188} INFO - 📥 Loaded from MinIO : 50,858 rows
[2026-04-18T03:00:24.666+0000] {logging_mixin.py:188} INFO - 🔄 Updated in DB    : 50,858 rows
[2026-04-18T03:00:24.666+0000] {logging_mixin.py:188} INFO - ➕ Inserted in DB   : 0 rows
[2026-04-18T03:00:24.667+0000] {logging_mixin.py:188} INFO - ======================================================================
[2026-04-18T03:00:24.688+0000] {python.py:237} INFO - Done. Returned value was: ✅ Success: Loaded 50858 | Updated 50858 | Inserted 0
[2026-04-18T03:00:24.689+0000] {taskinstance.py:441} INFO - ::group::Post task execution logs
[2026-04-18T03:00:24.708+0000] {taskinstance.py:1206} INFO - Marking task as SUCCESS. dag_id=minio_to_db_sync, task_id=sync_financial_ratio, run_id=scheduled__2026-04-17T03:00:00+00:00, execution_date=20260417T030000, start_date=20260418T030005, end_date=20260418T030024
[2026-04-18T03:00:24.750+0000] {local_task_job_runner.py:243} INFO - Task exited with return code 0
[2026-04-18T03:00:24.769+0000] {taskinstance.py:3503} INFO - 0 downstream tasks scheduled from follow-on schedule check
[2026-04-18T03:00:24.771+0000] {local_task_job_runner.py:222} INFO - ::endgroup::
