[2026-03-21T08:24:53.151+0000] {local_task_job_runner.py:120} INFO - ::group::Pre task execution logs
[2026-03-21T08:24:53.192+0000] {taskinstance.py:2076} INFO - Dependencies all met for dep_context=non-requeueable deps ti=<TaskInstance: daily_price.ingest_daily_price scheduled__2026-03-19T16:00:00+00:00 map_index=105 [queued]>
[2026-03-21T08:24:53.224+0000] {taskinstance.py:2076} INFO - Dependencies all met for dep_context=requeueable deps ti=<TaskInstance: daily_price.ingest_daily_price scheduled__2026-03-19T16:00:00+00:00 map_index=105 [queued]>
[2026-03-21T08:24:53.225+0000] {taskinstance.py:2306} INFO - Starting attempt 1 of 2
[2026-03-21T08:24:53.251+0000] {taskinstance.py:2330} INFO - Executing <Mapped(DfToCsvOperator): ingest_daily_price> on 2026-03-19 16:00:00+00:00
[2026-03-21T08:24:53.265+0000] {warnings.py:112} WARNING - This process (pid=13366) is multi-threaded, use of fork() may lead to deadlocks in the child.

[2026-03-21T08:24:53.267+0000] {standard_task_runner.py:64} INFO - Started process 13405 to run task
[2026-03-21T08:24:53.270+0000] {standard_task_runner.py:90} INFO - Running: ['***', 'tasks', 'run', 'daily_price', 'ingest_daily_price', 'scheduled__2026-03-19T16:00:00+00:00', '--job-id', '34596', '--raw', '--subdir', 'DAGS_FOLDER/dl_dailly_price.py', '--cfg-path', '/tmp/tmpxuhun_c0', '--map-index', '105']
[2026-03-21T08:24:53.275+0000] {standard_task_runner.py:91} INFO - Job 34596: Subtask ingest_daily_price
[2026-03-21T08:24:53.346+0000] {task_command.py:426} INFO - Running <TaskInstance: daily_price.ingest_daily_price scheduled__2026-03-19T16:00:00+00:00 map_index=105 [running]> on host f78ccc25496b
[2026-03-21T08:24:53.941+0000] {taskinstance.py:2648} INFO - Exporting env vars: AIRFLOW_CTX_DAG_OWNER='***' AIRFLOW_CTX_DAG_ID='daily_price' AIRFLOW_CTX_TASK_ID='ingest_daily_price' AIRFLOW_CTX_EXECUTION_DATE='2026-03-19T16:00:00+00:00' AIRFLOW_CTX_TRY_NUMBER='1' AIRFLOW_CTX_DAG_RUN_ID='scheduled__2026-03-19T16:00:00+00:00'
[2026-03-21T08:24:53.946+0000] {taskinstance.py:430} INFO - ::endgroup::
[2026-03-21T08:24:53.947+0000] {datalake_df2csv.py:40} INFO - ================================================================================
[2026-03-21T08:24:53.948+0000] {datalake_df2csv.py:41} INFO - 🚀 BẮT ĐẦU TASK: ingest_daily_price
[2026-03-21T08:24:53.948+0000] {datalake_df2csv.py:42} INFO - ================================================================================
[2026-03-21T08:24:53.949+0000] {datalake_df2csv.py:43} INFO - 📋 Thông tin cấu hình:
[2026-03-21T08:24:53.949+0000] {datalake_df2csv.py:44} INFO -   - Logic file: history_price
[2026-03-21T08:24:53.950+0000] {datalake_df2csv.py:45} INFO -   - DataFrame name: get_history_price_batch
[2026-03-21T08:24:53.951+0000] {datalake_df2csv.py:46} INFO -   - Bucket: thongtin-congty-va-bctc
[2026-03-21T08:24:53.952+0000] {datalake_df2csv.py:47} INFO -   - Object path: daily_price/2026-03-19/batch_105.csv
[2026-03-21T08:24:53.953+0000] {datalake_df2csv.py:48} INFO -   - Connection ID: minio_finance
[2026-03-21T08:24:53.953+0000] {datalake_df2csv.py:49} INFO -   - Tham số truyền vào: {'symbols': ['SMT', 'VNE', 'GLW', 'LBE', 'MTS'], 'start_date': '2026-03-19', 'end_date': '2026-03-20'}
[2026-03-21T08:24:53.954+0000] {datalake_df2csv.py:50} INFO - --------------------------------------------------------------------------------
[2026-03-21T08:24:53.955+0000] {datalake_df2csv.py:54} INFO - 📥 Bước 1: Đang load dữ liệu từ logic file...
[2026-03-21T08:24:53.958+0000] {datalake_df2csv.py:148} INFO -   - Logic directory: /opt/airflow/plugins/logic
[2026-03-21T08:24:53.960+0000] {datalake_df2csv.py:149} INFO -   - Module path: /opt/airflow/plugins/logic/history_price.py
[2026-03-21T08:24:53.961+0000] {datalake_df2csv.py:153} INFO -   - Đã thêm logic directory vào sys.path
[2026-03-21T08:24:53.963+0000] {datalake_df2csv.py:159} INFO -   - Đang load module 'history_price'...
[2026-03-21T08:24:53.970+0000] {datalake_df2csv.py:163} INFO -   - ✅ Module loaded thành công
[2026-03-21T08:24:53.971+0000] {datalake_df2csv.py:165} INFO -   - Đang tìm DataFrame/function: 'get_history_price_batch'...
[2026-03-21T08:24:53.972+0000] {datalake_df2csv.py:170} INFO -   - ✅ Tìm thấy object: function
[2026-03-21T08:24:53.972+0000] {datalake_df2csv.py:173} INFO -   - Đang gọi function với tham số: {'symbols': ['SMT', 'VNE', 'GLW', 'LBE', 'MTS'], 'start_date': '2026-03-19', 'end_date': '2026-03-20'}
[2026-03-21T08:25:19.987+0000] {log.py:232} WARNING - 2026-03-21 08:25:19 - vnstock.core.utils.client - ERROR - API request failed: HTTPSConnectionPool(host='trading.vietcap.com.vn', port=443): Max retries exceeded with url: /api/chart/OHLCChart/gap-chart (Caused by NewConnectionError('<urllib3.connection.HTTPSConnection object at 0x7f3e9c1c4740>: Failed to establish a new connection: [Errno 101] Network is unreachable'))
[2026-03-21T08:25:19.986+0000] {client.py:297} ERROR - API request failed: HTTPSConnectionPool(host='trading.vietcap.com.vn', port=443): Max retries exceeded with url: /api/chart/OHLCChart/gap-chart (Caused by NewConnectionError('<urllib3.connection.HTTPSConnection object at 0x7f3e9c1c4740>: Failed to establish a new connection: [Errno 101] Network is unreachable'))
[2026-03-21T08:25:25.877+0000] {datalake_df2csv.py:68} INFO - ✅ Load dữ liệu thành công!
[2026-03-21T08:25:25.878+0000] {datalake_df2csv.py:69} INFO - 📊 Thông tin DataFrame:
[2026-03-21T08:25:25.878+0000] {datalake_df2csv.py:70} INFO -   - Số dòng: 15
[2026-03-21T08:25:25.880+0000] {datalake_df2csv.py:71} INFO -   - Số cột: 7
[2026-03-21T08:25:25.881+0000] {datalake_df2csv.py:72} INFO -   - Tên các cột: ['ticker', 'trading_date', 'open', 'high', 'low', 'close', 'volume']
[2026-03-21T08:25:25.882+0000] {datalake_df2csv.py:73} INFO -   - Kiểu dữ liệu: {'ticker': 'object', 'trading_date': 'object', 'open': 'float64', 'high': 'float64', 'low': 'float64', 'close': 'float64', 'volume': 'int64'}
[2026-03-21T08:25:25.886+0000] {datalake_df2csv.py:74} INFO -   - Bộ nhớ sử dụng: 0.00 MB
[2026-03-21T08:25:25.889+0000] {datalake_df2csv.py:83} INFO -   - Không có giá trị NULL
[2026-03-21T08:25:25.891+0000] {datalake_df2csv.py:86} INFO -   - Mẫu dữ liệu (5 dòng đầu):
[2026-03-21T08:25:25.892+0000] {datalake_df2csv.py:88} INFO -     Row 0: {'ticker': 'SMT', 'trading_date': '2026-03-18', 'open': 8.7, 'high': 8.7, 'low': 8.2, 'close': 8.3, 'volume': 10900}
[2026-03-21T08:25:25.894+0000] {datalake_df2csv.py:88} INFO -     Row 1: {'ticker': 'SMT', 'trading_date': '2026-03-19', 'open': 8.6, 'high': 8.6, 'low': 8.6, 'close': 8.6, 'volume': 100}
[2026-03-21T08:25:25.895+0000] {datalake_df2csv.py:88} INFO -     Row 2: {'ticker': 'SMT', 'trading_date': '2026-03-20', 'open': 8.8, 'high': 8.8, 'low': 8.2, 'close': 8.3, 'volume': 10800}
[2026-03-21T08:25:25.897+0000] {datalake_df2csv.py:88} INFO -     Row 3: {'ticker': 'VNE', 'trading_date': '2026-03-18', 'open': 4.44, 'high': 4.45, 'low': 4.37, 'close': 4.4, 'volume': 164500}
[2026-03-21T08:25:25.898+0000] {datalake_df2csv.py:88} INFO -     Row 4: {'ticker': 'VNE', 'trading_date': '2026-03-19', 'open': 4.48, 'high': 4.48, 'low': 4.35, 'close': 4.4, 'volume': 54200}
[2026-03-21T08:25:25.899+0000] {datalake_df2csv.py:90} INFO - --------------------------------------------------------------------------------
[2026-03-21T08:25:25.900+0000] {datalake_df2csv.py:93} INFO - 📝 Bước 2: Đang chuyển đổi DataFrame sang CSV...
[2026-03-21T08:25:25.910+0000] {datalake_df2csv.py:97} INFO - ✅ Chuyển đổi CSV thành công!
[2026-03-21T08:25:25.911+0000] {datalake_df2csv.py:98} INFO -   - Kích thước file: 0.00 MB
[2026-03-21T08:25:25.912+0000] {datalake_df2csv.py:99} INFO -   - Thời gian chuyển đổi: 0.01 giây
[2026-03-21T08:25:25.913+0000] {datalake_df2csv.py:100} INFO - --------------------------------------------------------------------------------
[2026-03-21T08:25:25.913+0000] {datalake_df2csv.py:103} INFO - ☁️  Bước 3: Đang upload lên MinIO/S3...
[2026-03-21T08:25:25.935+0000] {base.py:84} INFO - Using connection ID 'minio_finance' for task execution.
[2026-03-21T08:25:25.936+0000] {connection_wrapper.py:384} INFO - AWS Connection (conn_id='minio_finance', conn_type='aws') credentials retrieved from login and password.
[2026-03-21T08:25:26.609+0000] {datalake_df2csv.py:112} INFO -   - Bucket 'thongtin-congty-va-bctc' đã tồn tại
[2026-03-21T08:25:26.652+0000] {datalake_df2csv.py:117} INFO - ✅ Upload thành công!
[2026-03-21T08:25:26.652+0000] {datalake_df2csv.py:118} INFO -   - Đường dẫn: s3://thongtin-congty-va-bctc/daily_price/2026-03-19/batch_105.csv
[2026-03-21T08:25:26.653+0000] {datalake_df2csv.py:119} INFO -   - Số dòng: 15
[2026-03-21T08:25:26.654+0000] {datalake_df2csv.py:120} INFO -   - Thời gian upload: 0.74 giây
[2026-03-21T08:25:26.654+0000] {datalake_df2csv.py:121} INFO - --------------------------------------------------------------------------------
[2026-03-21T08:25:26.655+0000] {datalake_df2csv.py:125} INFO - 📈 TỔNG KẾT:
[2026-03-21T08:25:26.655+0000] {datalake_df2csv.py:126} INFO -   - Tổng thời gian thực thi: 32.71 giây
[2026-03-21T08:25:26.656+0000] {datalake_df2csv.py:127} INFO -   - Tốc độ xử lý: 0 dòng/giây
[2026-03-21T08:25:26.656+0000] {datalake_df2csv.py:128} INFO - ================================================================================
[2026-03-21T08:25:26.656+0000] {datalake_df2csv.py:129} INFO - ✅ HOÀN THÀNH TASK: ingest_daily_price
[2026-03-21T08:25:26.657+0000] {datalake_df2csv.py:130} INFO - ================================================================================
[2026-03-21T08:25:26.657+0000] {taskinstance.py:441} INFO - ::group::Post task execution logs
[2026-03-21T08:25:26.669+0000] {taskinstance.py:1206} INFO - Marking task as SUCCESS. dag_id=daily_price, task_id=ingest_daily_price, run_id=scheduled__2026-03-19T16:00:00+00:00, map_index=105, execution_date=20260319T160000, start_date=20260321T082453, end_date=20260321T082526
[2026-03-21T08:25:26.760+0000] {local_task_job_runner.py:243} INFO - Task exited with return code 0
[2026-03-21T08:25:26.787+0000] {taskinstance.py:3503} INFO - 0 downstream tasks scheduled from follow-on schedule check
[2026-03-21T08:25:26.791+0000] {local_task_job_runner.py:222} INFO - ::endgroup::
