[2026-03-07T02:49:00.323+0000] {local_task_job_runner.py:120} INFO - ::group::Pre task execution logs
[2026-03-07T02:49:00.388+0000] {taskinstance.py:2076} INFO - Dependencies all met for dep_context=non-requeueable deps ti=<TaskInstance: daily_price.ingest_daily_price scheduled__2026-03-05T16:00:00+00:00 map_index=31 [queued]>
[2026-03-07T02:49:00.428+0000] {taskinstance.py:2076} INFO - Dependencies all met for dep_context=requeueable deps ti=<TaskInstance: daily_price.ingest_daily_price scheduled__2026-03-05T16:00:00+00:00 map_index=31 [queued]>
[2026-03-07T02:49:00.431+0000] {taskinstance.py:2306} INFO - Starting attempt 1 of 2
[2026-03-07T02:49:00.534+0000] {taskinstance.py:2330} INFO - Executing <Mapped(DfToCsvOperator): ingest_daily_price> on 2026-03-05 16:00:00+00:00
[2026-03-07T02:49:00.565+0000] {warnings.py:112} WARNING - This process (pid=657) is multi-threaded, use of fork() may lead to deadlocks in the child.

[2026-03-07T02:49:00.582+0000] {standard_task_runner.py:64} INFO - Started process 773 to run task
[2026-03-07T02:49:00.585+0000] {standard_task_runner.py:90} INFO - Running: ['***', 'tasks', 'run', 'daily_price', 'ingest_daily_price', 'scheduled__2026-03-05T16:00:00+00:00', '--job-id', '30721', '--raw', '--subdir', 'DAGS_FOLDER/dl_dailly_price.py', '--cfg-path', '/tmp/tmp8y3yj75m', '--map-index', '31']
[2026-03-07T02:49:00.611+0000] {standard_task_runner.py:91} INFO - Job 30721: Subtask ingest_daily_price
[2026-03-07T02:49:00.793+0000] {task_command.py:426} INFO - Running <TaskInstance: daily_price.ingest_daily_price scheduled__2026-03-05T16:00:00+00:00 map_index=31 [running]> on host 037753ebc487
[2026-03-07T02:49:01.131+0000] {taskinstance.py:2648} INFO - Exporting env vars: AIRFLOW_CTX_DAG_OWNER='***' AIRFLOW_CTX_DAG_ID='daily_price' AIRFLOW_CTX_TASK_ID='ingest_daily_price' AIRFLOW_CTX_EXECUTION_DATE='2026-03-05T16:00:00+00:00' AIRFLOW_CTX_TRY_NUMBER='1' AIRFLOW_CTX_DAG_RUN_ID='scheduled__2026-03-05T16:00:00+00:00'
[2026-03-07T02:49:01.133+0000] {taskinstance.py:430} INFO - ::endgroup::
[2026-03-07T02:49:01.138+0000] {datalake_df2csv.py:40} INFO - ================================================================================
[2026-03-07T02:49:01.139+0000] {datalake_df2csv.py:41} INFO - 🚀 BẮT ĐẦU TASK: ingest_daily_price
[2026-03-07T02:49:01.140+0000] {datalake_df2csv.py:42} INFO - ================================================================================
[2026-03-07T02:49:01.151+0000] {datalake_df2csv.py:43} INFO - 📋 Thông tin cấu hình:
[2026-03-07T02:49:01.156+0000] {datalake_df2csv.py:44} INFO -   - Logic file: history_price
[2026-03-07T02:49:01.158+0000] {datalake_df2csv.py:45} INFO -   - DataFrame name: get_history_price_batch
[2026-03-07T02:49:01.159+0000] {datalake_df2csv.py:46} INFO -   - Bucket: thongtin-congty-va-bctc
[2026-03-07T02:49:01.160+0000] {datalake_df2csv.py:47} INFO -   - Object path: daily_price/2026-03-05/batch_31.csv
[2026-03-07T02:49:01.163+0000] {datalake_df2csv.py:48} INFO -   - Connection ID: minio_finance
[2026-03-07T02:49:01.164+0000] {datalake_df2csv.py:49} INFO -   - Tham số truyền vào: {'symbols': ['CII', 'SED', 'HFX', 'PLO', 'HSP'], 'start_date': '2026-03-05', 'end_date': '2026-03-06'}
[2026-03-07T02:49:01.184+0000] {datalake_df2csv.py:50} INFO - --------------------------------------------------------------------------------
[2026-03-07T02:49:01.189+0000] {datalake_df2csv.py:54} INFO - 📥 Bước 1: Đang load dữ liệu từ logic file...
[2026-03-07T02:49:01.237+0000] {datalake_df2csv.py:148} INFO -   - Logic directory: /opt/airflow/plugins/logic
[2026-03-07T02:49:01.244+0000] {datalake_df2csv.py:149} INFO -   - Module path: /opt/airflow/plugins/logic/history_price.py
[2026-03-07T02:49:01.248+0000] {datalake_df2csv.py:153} INFO -   - Đã thêm logic directory vào sys.path
[2026-03-07T02:49:01.266+0000] {datalake_df2csv.py:159} INFO -   - Đang load module 'history_price'...
[2026-03-07T02:49:01.291+0000] {datalake_df2csv.py:163} INFO -   - ✅ Module loaded thành công
[2026-03-07T02:49:01.293+0000] {datalake_df2csv.py:165} INFO -   - Đang tìm DataFrame/function: 'get_history_price_batch'...
[2026-03-07T02:49:01.296+0000] {datalake_df2csv.py:170} INFO -   - ✅ Tìm thấy object: function
[2026-03-07T02:49:01.300+0000] {datalake_df2csv.py:173} INFO -   - Đang gọi function với tham số: {'symbols': ['CII', 'SED', 'HFX', 'PLO', 'HSP'], 'start_date': '2026-03-05', 'end_date': '2026-03-06'}
[2026-03-07T02:49:09.558+0000] {datalake_df2csv.py:68} INFO - ✅ Load dữ liệu thành công!
[2026-03-07T02:49:09.570+0000] {datalake_df2csv.py:69} INFO - 📊 Thông tin DataFrame:
[2026-03-07T02:49:09.573+0000] {datalake_df2csv.py:70} INFO -   - Số dòng: 15
[2026-03-07T02:49:09.580+0000] {datalake_df2csv.py:71} INFO -   - Số cột: 7
[2026-03-07T02:49:09.589+0000] {datalake_df2csv.py:72} INFO -   - Tên các cột: ['ticker', 'trading_date', 'open', 'high', 'low', 'close', 'volume']
[2026-03-07T02:49:09.592+0000] {datalake_df2csv.py:73} INFO -   - Kiểu dữ liệu: {'ticker': 'object', 'trading_date': 'object', 'open': 'float64', 'high': 'float64', 'low': 'float64', 'close': 'float64', 'volume': 'int64'}
[2026-03-07T02:49:09.615+0000] {datalake_df2csv.py:74} INFO -   - Bộ nhớ sử dụng: 0.00 MB
[2026-03-07T02:49:09.633+0000] {datalake_df2csv.py:83} INFO -   - Không có giá trị NULL
[2026-03-07T02:49:09.657+0000] {datalake_df2csv.py:86} INFO -   - Mẫu dữ liệu (5 dòng đầu):
[2026-03-07T02:49:09.670+0000] {datalake_df2csv.py:88} INFO -     Row 0: {'ticker': 'CII', 'trading_date': '2026-03-04', 'open': 16.2, 'high': 16.65, 'low': 15.35, 'close': 15.75, 'volume': 14919500}
[2026-03-07T02:49:09.700+0000] {datalake_df2csv.py:88} INFO -     Row 1: {'ticker': 'CII', 'trading_date': '2026-03-05', 'open': 16.05, 'high': 16.65, 'low': 16.0, 'close': 16.2, 'volume': 12282500}
[2026-03-07T02:49:09.701+0000] {datalake_df2csv.py:88} INFO -     Row 2: {'ticker': 'CII', 'trading_date': '2026-03-06', 'open': 16.35, 'high': 16.5, 'low': 16.15, 'close': 16.25, 'volume': 10084400}
[2026-03-07T02:49:09.708+0000] {datalake_df2csv.py:88} INFO -     Row 3: {'ticker': 'SED', 'trading_date': '2026-03-04', 'open': 18.7, 'high': 18.8, 'low': 18.5, 'close': 18.5, 'volume': 10300}
[2026-03-07T02:49:09.716+0000] {datalake_df2csv.py:88} INFO -     Row 4: {'ticker': 'SED', 'trading_date': '2026-03-05', 'open': 18.6, 'high': 19.2, 'low': 18.5, 'close': 18.7, 'volume': 1900}
[2026-03-07T02:49:09.717+0000] {datalake_df2csv.py:90} INFO - --------------------------------------------------------------------------------
[2026-03-07T02:49:09.717+0000] {datalake_df2csv.py:93} INFO - 📝 Bước 2: Đang chuyển đổi DataFrame sang CSV...
[2026-03-07T02:49:09.739+0000] {datalake_df2csv.py:97} INFO - ✅ Chuyển đổi CSV thành công!
[2026-03-07T02:49:09.748+0000] {datalake_df2csv.py:98} INFO -   - Kích thước file: 0.00 MB
[2026-03-07T02:49:09.758+0000] {datalake_df2csv.py:99} INFO -   - Thời gian chuyển đổi: 0.02 giây
[2026-03-07T02:49:09.770+0000] {datalake_df2csv.py:100} INFO - --------------------------------------------------------------------------------
[2026-03-07T02:49:09.777+0000] {datalake_df2csv.py:103} INFO - ☁️  Bước 3: Đang upload lên MinIO/S3...
[2026-03-07T02:49:09.824+0000] {base.py:84} INFO - Using connection ID 'minio_finance' for task execution.
[2026-03-07T02:49:09.833+0000] {connection_wrapper.py:384} INFO - AWS Connection (conn_id='minio_finance', conn_type='aws') credentials retrieved from login and password.
[2026-03-07T02:49:11.923+0000] {datalake_df2csv.py:112} INFO -   - Bucket 'thongtin-congty-va-bctc' đã tồn tại
[2026-03-07T02:49:12.139+0000] {datalake_df2csv.py:117} INFO - ✅ Upload thành công!
[2026-03-07T02:49:12.142+0000] {datalake_df2csv.py:118} INFO -   - Đường dẫn: s3://thongtin-congty-va-bctc/daily_price/2026-03-05/batch_31.csv
[2026-03-07T02:49:12.157+0000] {datalake_df2csv.py:119} INFO -   - Số dòng: 15
[2026-03-07T02:49:12.158+0000] {datalake_df2csv.py:120} INFO -   - Thời gian upload: 2.35 giây
[2026-03-07T02:49:12.158+0000] {datalake_df2csv.py:121} INFO - --------------------------------------------------------------------------------
[2026-03-07T02:49:12.159+0000] {datalake_df2csv.py:125} INFO - 📈 TỔNG KẾT:
[2026-03-07T02:49:12.160+0000] {datalake_df2csv.py:126} INFO -   - Tổng thời gian thực thi: 11.02 giây
[2026-03-07T02:49:12.161+0000] {datalake_df2csv.py:127} INFO -   - Tốc độ xử lý: 1 dòng/giây
[2026-03-07T02:49:12.164+0000] {datalake_df2csv.py:128} INFO - ================================================================================
[2026-03-07T02:49:12.165+0000] {datalake_df2csv.py:129} INFO - ✅ HOÀN THÀNH TASK: ingest_daily_price
[2026-03-07T02:49:12.169+0000] {datalake_df2csv.py:130} INFO - ================================================================================
[2026-03-07T02:49:12.177+0000] {taskinstance.py:441} INFO - ::group::Post task execution logs
[2026-03-07T02:49:12.246+0000] {taskinstance.py:1206} INFO - Marking task as SUCCESS. dag_id=daily_price, task_id=ingest_daily_price, run_id=scheduled__2026-03-05T16:00:00+00:00, map_index=31, execution_date=20260305T160000, start_date=20260307T024900, end_date=20260307T024912
[2026-03-07T02:49:12.436+0000] {local_task_job_runner.py:243} INFO - Task exited with return code 0
[2026-03-07T02:49:12.494+0000] {taskinstance.py:3503} INFO - 0 downstream tasks scheduled from follow-on schedule check
[2026-03-07T02:49:12.500+0000] {local_task_job_runner.py:222} INFO - ::endgroup::
