[2026-02-22T03:01:30.156+0000] {local_task_job_runner.py:120} INFO - ::group::Pre task execution logs
[2026-02-22T03:01:30.233+0000] {taskinstance.py:2076} INFO - Dependencies all met for dep_context=non-requeueable deps ti=<TaskInstance: electric_board_daily.ingest_electric_board manual__2026-02-22T03:01:05.704103+00:00 map_index=7 [queued]>
[2026-02-22T03:01:30.253+0000] {taskinstance.py:2076} INFO - Dependencies all met for dep_context=requeueable deps ti=<TaskInstance: electric_board_daily.ingest_electric_board manual__2026-02-22T03:01:05.704103+00:00 map_index=7 [queued]>
[2026-02-22T03:01:30.254+0000] {taskinstance.py:2306} INFO - Starting attempt 1 of 3
[2026-02-22T03:01:30.285+0000] {taskinstance.py:2330} INFO - Executing <Mapped(DfToCsvOperator): ingest_electric_board> on 2026-02-22 03:01:05.704103+00:00
[2026-02-22T03:01:30.305+0000] {warnings.py:112} WARNING - This process (pid=6444) is multi-threaded, use of fork() may lead to deadlocks in the child.

[2026-02-22T03:01:30.309+0000] {standard_task_runner.py:64} INFO - Started process 6511 to run task
[2026-02-22T03:01:30.312+0000] {standard_task_runner.py:90} INFO - Running: ['***', 'tasks', 'run', 'electric_board_daily', 'ingest_electric_board', 'manual__2026-02-22T03:01:05.704103+00:00', '--job-id', '24354', '--raw', '--subdir', 'DAGS_FOLDER/dl_electric_board.py', '--cfg-path', '/tmp/tmp6agieixq', '--map-index', '7']
[2026-02-22T03:01:30.320+0000] {standard_task_runner.py:91} INFO - Job 24354: Subtask ingest_electric_board
[2026-02-22T03:01:30.470+0000] {task_command.py:426} INFO - Running <TaskInstance: electric_board_daily.ingest_electric_board manual__2026-02-22T03:01:05.704103+00:00 map_index=7 [running]> on host 1b22f72dc705
[2026-02-22T03:01:30.714+0000] {taskinstance.py:2648} INFO - Exporting env vars: AIRFLOW_CTX_DAG_OWNER='***' AIRFLOW_CTX_DAG_ID='electric_board_daily' AIRFLOW_CTX_TASK_ID='ingest_electric_board' AIRFLOW_CTX_EXECUTION_DATE='2026-02-22T03:01:05.704103+00:00' AIRFLOW_CTX_TRY_NUMBER='1' AIRFLOW_CTX_DAG_RUN_ID='manual__2026-02-22T03:01:05.704103+00:00'
[2026-02-22T03:01:30.715+0000] {taskinstance.py:430} INFO - ::endgroup::
[2026-02-22T03:01:30.716+0000] {datalake_df2csv.py:40} INFO - ================================================================================
[2026-02-22T03:01:30.717+0000] {datalake_df2csv.py:41} INFO - 🚀 BẮT ĐẦU TASK: ingest_electric_board
[2026-02-22T03:01:30.717+0000] {datalake_df2csv.py:42} INFO - ================================================================================
[2026-02-22T03:01:30.718+0000] {datalake_df2csv.py:43} INFO - 📋 Thông tin cấu hình:
[2026-02-22T03:01:30.718+0000] {datalake_df2csv.py:44} INFO -   - Logic file: electric_board
[2026-02-22T03:01:30.719+0000] {datalake_df2csv.py:45} INFO -   - DataFrame name: get_price_board_batch
[2026-02-22T03:01:30.720+0000] {datalake_df2csv.py:46} INFO -   - Bucket: thongtin-congty-va-bctc
[2026-02-22T03:01:30.721+0000] {datalake_df2csv.py:47} INFO -   - Object path: electric_board_per_day/2026-02-22/batch_7.csv
[2026-02-22T03:01:30.722+0000] {datalake_df2csv.py:48} INFO -   - Connection ID: minio_finance
[2026-02-22T03:01:30.724+0000] {datalake_df2csv.py:49} INFO -   - Tham số truyền vào: {'symbols': ['SJD', 'M10', 'S55', 'IVS', 'GEL', 'DP1', 'NLG', 'PQN', 'HAF', 'L43', 'C47', 'SID', 'PC1', 'POS', 'VBG', 'PSN', 'NBP', 'CCR', 'BAF', 'HMC', 'BBH', 'GVT', 'NWT', 'PMW', 'BMD', 'SCL', 'DC1', 'F88', 'AMP', 'VGC', 'MBG', 'MBT', 'GMD', 'VIF', 'EGL', 'VFG', 'VTM', 'GDA', 'HDB', 'PHN', 'TLD', 'PSC', 'SDA', 'SDT', 'HAT', 'IST', 'BVG', 'SD2', 'HU3', 'VC2'], 'trading_date': '2026-02-22'}
[2026-02-22T03:01:30.726+0000] {datalake_df2csv.py:50} INFO - --------------------------------------------------------------------------------
[2026-02-22T03:01:30.727+0000] {datalake_df2csv.py:54} INFO - 📥 Bước 1: Đang load dữ liệu từ logic file...
[2026-02-22T03:01:30.730+0000] {datalake_df2csv.py:148} INFO -   - Logic directory: /opt/airflow/plugins/logic
[2026-02-22T03:01:30.732+0000] {datalake_df2csv.py:149} INFO -   - Module path: /opt/airflow/plugins/logic/electric_board.py
[2026-02-22T03:01:30.733+0000] {datalake_df2csv.py:153} INFO -   - Đã thêm logic directory vào sys.path
[2026-02-22T03:01:30.736+0000] {datalake_df2csv.py:159} INFO -   - Đang load module 'electric_board'...
[2026-02-22T03:01:30.741+0000] {datalake_df2csv.py:163} INFO -   - ✅ Module loaded thành công
[2026-02-22T03:01:30.743+0000] {datalake_df2csv.py:165} INFO -   - Đang tìm DataFrame/function: 'get_price_board_batch'...
[2026-02-22T03:01:30.744+0000] {datalake_df2csv.py:170} INFO -   - ✅ Tìm thấy object: function
[2026-02-22T03:01:30.746+0000] {datalake_df2csv.py:173} INFO -   - Đang gọi function với tham số: {'symbols': ['SJD', 'M10', 'S55', 'IVS', 'GEL', 'DP1', 'NLG', 'PQN', 'HAF', 'L43', 'C47', 'SID', 'PC1', 'POS', 'VBG', 'PSN', 'NBP', 'CCR', 'BAF', 'HMC', 'BBH', 'GVT', 'NWT', 'PMW', 'BMD', 'SCL', 'DC1', 'F88', 'AMP', 'VGC', 'MBG', 'MBT', 'GMD', 'VIF', 'EGL', 'VFG', 'VTM', 'GDA', 'HDB', 'PHN', 'TLD', 'PSC', 'SDA', 'SDT', 'HAT', 'IST', 'BVG', 'SD2', 'HU3', 'VC2'], 'trading_date': '2026-02-22'}
[2026-02-22T03:01:30.749+0000] {logging_mixin.py:188} INFO - [ELECTRIC_BOARD] Fetching price board for 50 symbols: ['SJD', 'M10', 'S55', 'IVS', 'GEL']...
[2026-02-22T03:01:33.353+0000] {logging_mixin.py:188} INFO - [ELECTRIC_BOARD] ✅ Fetched 50 rows, 1 columns
[2026-02-22T03:01:33.356+0000] {datalake_df2csv.py:68} INFO - ✅ Load dữ liệu thành công!
[2026-02-22T03:01:33.357+0000] {datalake_df2csv.py:69} INFO - 📊 Thông tin DataFrame:
[2026-02-22T03:01:33.361+0000] {datalake_df2csv.py:70} INFO -   - Số dòng: 50
[2026-02-22T03:01:33.363+0000] {datalake_df2csv.py:71} INFO -   - Số cột: 1
[2026-02-22T03:01:33.363+0000] {datalake_df2csv.py:72} INFO -   - Tên các cột: ['trading_date']
[2026-02-22T03:01:33.365+0000] {datalake_df2csv.py:73} INFO -   - Kiểu dữ liệu: {'trading_date': 'object'}
[2026-02-22T03:01:33.368+0000] {datalake_df2csv.py:74} INFO -   - Bộ nhớ sử dụng: 0.00 MB
[2026-02-22T03:01:33.376+0000] {datalake_df2csv.py:83} INFO -   - Không có giá trị NULL
[2026-02-22T03:01:33.379+0000] {datalake_df2csv.py:86} INFO -   - Mẫu dữ liệu (5 dòng đầu):
[2026-02-22T03:01:33.380+0000] {datalake_df2csv.py:88} INFO -     Row 0: {'trading_date': '2026-02-22'}
[2026-02-22T03:01:33.380+0000] {datalake_df2csv.py:88} INFO -     Row 1: {'trading_date': '2026-02-22'}
[2026-02-22T03:01:33.381+0000] {datalake_df2csv.py:88} INFO -     Row 2: {'trading_date': '2026-02-22'}
[2026-02-22T03:01:33.382+0000] {datalake_df2csv.py:88} INFO -     Row 3: {'trading_date': '2026-02-22'}
[2026-02-22T03:01:33.383+0000] {datalake_df2csv.py:88} INFO -     Row 4: {'trading_date': '2026-02-22'}
[2026-02-22T03:01:33.386+0000] {datalake_df2csv.py:90} INFO - --------------------------------------------------------------------------------
[2026-02-22T03:01:33.387+0000] {datalake_df2csv.py:93} INFO - 📝 Bước 2: Đang chuyển đổi DataFrame sang CSV...
[2026-02-22T03:01:33.396+0000] {datalake_df2csv.py:97} INFO - ✅ Chuyển đổi CSV thành công!
[2026-02-22T03:01:33.397+0000] {datalake_df2csv.py:98} INFO -   - Kích thước file: 0.00 MB
[2026-02-22T03:01:33.399+0000] {datalake_df2csv.py:99} INFO -   - Thời gian chuyển đổi: 0.01 giây
[2026-02-22T03:01:33.400+0000] {datalake_df2csv.py:100} INFO - --------------------------------------------------------------------------------
[2026-02-22T03:01:33.400+0000] {datalake_df2csv.py:103} INFO - ☁️  Bước 3: Đang upload lên MinIO/S3...
[2026-02-22T03:01:33.423+0000] {base.py:84} INFO - Using connection ID 'minio_finance' for task execution.
[2026-02-22T03:01:33.424+0000] {connection_wrapper.py:384} INFO - AWS Connection (conn_id='minio_finance', conn_type='aws') credentials retrieved from login and password.
[2026-02-22T03:01:34.494+0000] {datalake_df2csv.py:112} INFO -   - Bucket 'thongtin-congty-va-bctc' đã tồn tại
[2026-02-22T03:01:34.583+0000] {datalake_df2csv.py:117} INFO - ✅ Upload thành công!
[2026-02-22T03:01:34.584+0000] {datalake_df2csv.py:118} INFO -   - Đường dẫn: s3://thongtin-congty-va-bctc/electric_board_per_day/2026-02-22/batch_7.csv
[2026-02-22T03:01:34.585+0000] {datalake_df2csv.py:119} INFO -   - Số dòng: 50
[2026-02-22T03:01:34.586+0000] {datalake_df2csv.py:120} INFO -   - Thời gian upload: 1.18 giây
[2026-02-22T03:01:34.586+0000] {datalake_df2csv.py:121} INFO - --------------------------------------------------------------------------------
[2026-02-22T03:01:34.587+0000] {datalake_df2csv.py:125} INFO - 📈 TỔNG KẾT:
[2026-02-22T03:01:34.589+0000] {datalake_df2csv.py:126} INFO -   - Tổng thời gian thực thi: 3.87 giây
[2026-02-22T03:01:34.590+0000] {datalake_df2csv.py:127} INFO -   - Tốc độ xử lý: 13 dòng/giây
[2026-02-22T03:01:34.591+0000] {datalake_df2csv.py:128} INFO - ================================================================================
[2026-02-22T03:01:34.592+0000] {datalake_df2csv.py:129} INFO - ✅ HOÀN THÀNH TASK: ingest_electric_board
[2026-02-22T03:01:34.595+0000] {datalake_df2csv.py:130} INFO - ================================================================================
[2026-02-22T03:01:34.598+0000] {taskinstance.py:441} INFO - ::group::Post task execution logs
[2026-02-22T03:01:34.625+0000] {taskinstance.py:1206} INFO - Marking task as SUCCESS. dag_id=electric_board_daily, task_id=ingest_electric_board, run_id=manual__2026-02-22T03:01:05.704103+00:00, map_index=7, execution_date=20260222T030105, start_date=20260222T030130, end_date=20260222T030134
[2026-02-22T03:01:34.790+0000] {local_task_job_runner.py:243} INFO - Task exited with return code 0
[2026-02-22T03:01:34.837+0000] {taskinstance.py:3503} INFO - 0 downstream tasks scheduled from follow-on schedule check
[2026-02-22T03:01:34.842+0000] {local_task_job_runner.py:222} INFO - ::endgroup::
