[2026-01-14T15:11:43.263+0000] {local_task_job_runner.py:120} INFO - ::group::Pre task execution logs
[2026-01-14T15:11:43.337+0000] {taskinstance.py:2076} INFO - Dependencies all met for dep_context=non-requeueable deps ti=<TaskInstance: bctc.ingest_bctc manual__2026-01-14T15:11:15+00:00 map_index=1 [queued]>
[2026-01-14T15:11:43.352+0000] {taskinstance.py:2076} INFO - Dependencies all met for dep_context=requeueable deps ti=<TaskInstance: bctc.ingest_bctc manual__2026-01-14T15:11:15+00:00 map_index=1 [queued]>
[2026-01-14T15:11:43.353+0000] {taskinstance.py:2306} INFO - Starting attempt 1 of 2
[2026-01-14T15:11:43.433+0000] {taskinstance.py:2330} INFO - Executing <Mapped(DfToCsvOperator): ingest_bctc> on 2026-01-14 15:11:15+00:00
[2026-01-14T15:11:43.467+0000] {warnings.py:112} WARNING - This process (pid=2913) is multi-threaded, use of fork() may lead to deadlocks in the child.

[2026-01-14T15:11:43.473+0000] {standard_task_runner.py:64} INFO - Started process 3021 to run task
[2026-01-14T15:11:43.494+0000] {standard_task_runner.py:90} INFO - Running: ['***', 'tasks', 'run', 'bctc', 'ingest_bctc', 'manual__2026-01-14T15:11:15+00:00', '--job-id', '15632', '--raw', '--subdir', 'DAGS_FOLDER/tt_cty_bctc.py', '--cfg-path', '/tmp/tmpzk9gloc6', '--map-index', '1']
[2026-01-14T15:11:43.609+0000] {standard_task_runner.py:91} INFO - Job 15632: Subtask ingest_bctc
[2026-01-14T15:11:43.786+0000] {task_command.py:426} INFO - Running <TaskInstance: bctc.ingest_bctc manual__2026-01-14T15:11:15+00:00 map_index=1 [running]> on host 4b83cd04ee12
[2026-01-14T15:11:43.988+0000] {taskinstance.py:2648} INFO - Exporting env vars: AIRFLOW_CTX_DAG_OWNER='***' AIRFLOW_CTX_DAG_ID='bctc' AIRFLOW_CTX_TASK_ID='ingest_bctc' AIRFLOW_CTX_EXECUTION_DATE='2026-01-14T15:11:15+00:00' AIRFLOW_CTX_TRY_NUMBER='1' AIRFLOW_CTX_DAG_RUN_ID='manual__2026-01-14T15:11:15+00:00'
[2026-01-14T15:11:43.989+0000] {taskinstance.py:430} INFO - ::endgroup::
[2026-01-14T15:11:43.999+0000] {logging_mixin.py:188} INFO - Bắt đầu xử lý batch 20 mã: ['VXP', 'VXB', 'VWS', 'VW3', 'VVS', 'VVN', 'VUA', 'VTZ', 'VTX', 'VTV', 'VTS', 'VTR', 'VTQ', 'VTP', 'VTO', 'VTM', 'VTL', 'VTK', 'VTJ', 'VTI']
[2026-01-14T15:11:44.000+0000] {logging_mixin.py:188} INFO -  >> Đang lấy dữ liệu: VXP
[2026-01-14T15:11:44.001+0000] {logging_mixin.py:188} INFO -  Lỗi xử lý mã VXP: Finance.__init__() got an unexpected keyword argument 'lang'
[2026-01-14T15:11:44.001+0000] {logging_mixin.py:188} INFO -  >> Đang lấy dữ liệu: VXB
[2026-01-14T15:11:44.002+0000] {logging_mixin.py:188} INFO -  Lỗi xử lý mã VXB: Finance.__init__() got an unexpected keyword argument 'lang'
[2026-01-14T15:11:44.002+0000] {logging_mixin.py:188} INFO -  >> Đang lấy dữ liệu: VWS
[2026-01-14T15:11:44.003+0000] {logging_mixin.py:188} INFO -  Lỗi xử lý mã VWS: Finance.__init__() got an unexpected keyword argument 'lang'
[2026-01-14T15:11:44.004+0000] {logging_mixin.py:188} INFO -  >> Đang lấy dữ liệu: VW3
[2026-01-14T15:11:44.004+0000] {logging_mixin.py:188} INFO -  Lỗi xử lý mã VW3: Finance.__init__() got an unexpected keyword argument 'lang'
[2026-01-14T15:11:44.005+0000] {logging_mixin.py:188} INFO -  >> Đang lấy dữ liệu: VVS
[2026-01-14T15:11:44.006+0000] {logging_mixin.py:188} INFO -  Lỗi xử lý mã VVS: Finance.__init__() got an unexpected keyword argument 'lang'
[2026-01-14T15:11:44.006+0000] {logging_mixin.py:188} INFO -  >> Đang lấy dữ liệu: VVN
[2026-01-14T15:11:44.007+0000] {logging_mixin.py:188} INFO -  Lỗi xử lý mã VVN: Finance.__init__() got an unexpected keyword argument 'lang'
[2026-01-14T15:11:44.008+0000] {logging_mixin.py:188} INFO -  >> Đang lấy dữ liệu: VUA
[2026-01-14T15:11:44.008+0000] {logging_mixin.py:188} INFO -  Lỗi xử lý mã VUA: Finance.__init__() got an unexpected keyword argument 'lang'
[2026-01-14T15:11:44.009+0000] {logging_mixin.py:188} INFO -  >> Đang lấy dữ liệu: VTZ
[2026-01-14T15:11:44.010+0000] {logging_mixin.py:188} INFO -  Lỗi xử lý mã VTZ: Finance.__init__() got an unexpected keyword argument 'lang'
[2026-01-14T15:11:44.011+0000] {logging_mixin.py:188} INFO -  >> Đang lấy dữ liệu: VTX
[2026-01-14T15:11:44.011+0000] {logging_mixin.py:188} INFO -  Lỗi xử lý mã VTX: Finance.__init__() got an unexpected keyword argument 'lang'
[2026-01-14T15:11:44.012+0000] {logging_mixin.py:188} INFO -  >> Đang lấy dữ liệu: VTV
[2026-01-14T15:11:44.012+0000] {logging_mixin.py:188} INFO -  Lỗi xử lý mã VTV: Finance.__init__() got an unexpected keyword argument 'lang'
[2026-01-14T15:11:44.013+0000] {logging_mixin.py:188} INFO -  >> Đang lấy dữ liệu: VTS
[2026-01-14T15:11:44.013+0000] {logging_mixin.py:188} INFO -  Lỗi xử lý mã VTS: Finance.__init__() got an unexpected keyword argument 'lang'
[2026-01-14T15:11:44.014+0000] {logging_mixin.py:188} INFO -  >> Đang lấy dữ liệu: VTR
[2026-01-14T15:11:44.014+0000] {logging_mixin.py:188} INFO -  Lỗi xử lý mã VTR: Finance.__init__() got an unexpected keyword argument 'lang'
[2026-01-14T15:11:44.015+0000] {logging_mixin.py:188} INFO -  >> Đang lấy dữ liệu: VTQ
[2026-01-14T15:11:44.015+0000] {logging_mixin.py:188} INFO -  Lỗi xử lý mã VTQ: Finance.__init__() got an unexpected keyword argument 'lang'
[2026-01-14T15:11:44.016+0000] {logging_mixin.py:188} INFO -  >> Đang lấy dữ liệu: VTP
[2026-01-14T15:11:44.016+0000] {logging_mixin.py:188} INFO -  Lỗi xử lý mã VTP: Finance.__init__() got an unexpected keyword argument 'lang'
[2026-01-14T15:11:44.016+0000] {logging_mixin.py:188} INFO -  >> Đang lấy dữ liệu: VTO
[2026-01-14T15:11:44.017+0000] {logging_mixin.py:188} INFO -  Lỗi xử lý mã VTO: Finance.__init__() got an unexpected keyword argument 'lang'
[2026-01-14T15:11:44.017+0000] {logging_mixin.py:188} INFO -  >> Đang lấy dữ liệu: VTM
[2026-01-14T15:11:44.018+0000] {logging_mixin.py:188} INFO -  Lỗi xử lý mã VTM: Finance.__init__() got an unexpected keyword argument 'lang'
[2026-01-14T15:11:44.018+0000] {logging_mixin.py:188} INFO -  >> Đang lấy dữ liệu: VTL
[2026-01-14T15:11:44.019+0000] {logging_mixin.py:188} INFO -  Lỗi xử lý mã VTL: Finance.__init__() got an unexpected keyword argument 'lang'
[2026-01-14T15:11:44.019+0000] {logging_mixin.py:188} INFO -  >> Đang lấy dữ liệu: VTK
[2026-01-14T15:11:44.020+0000] {logging_mixin.py:188} INFO -  Lỗi xử lý mã VTK: Finance.__init__() got an unexpected keyword argument 'lang'
[2026-01-14T15:11:44.020+0000] {logging_mixin.py:188} INFO -  >> Đang lấy dữ liệu: VTJ
[2026-01-14T15:11:44.021+0000] {logging_mixin.py:188} INFO -  Lỗi xử lý mã VTJ: Finance.__init__() got an unexpected keyword argument 'lang'
[2026-01-14T15:11:44.021+0000] {logging_mixin.py:188} INFO -  >> Đang lấy dữ liệu: VTI
[2026-01-14T15:11:44.022+0000] {logging_mixin.py:188} INFO -  Lỗi xử lý mã VTI: Finance.__init__() got an unexpected keyword argument 'lang'
[2026-01-14T15:11:44.022+0000] {logging_mixin.py:188} INFO -  ⚠ Batch này không thu được dữ liệu nào.
[2026-01-14T15:11:44.029+0000] {datalake_df2csv.py:40} INFO - DataFrame rỗng, bỏ qua upload CSV.
[2026-01-14T15:11:44.030+0000] {taskinstance.py:441} INFO - ::group::Post task execution logs
[2026-01-14T15:11:44.046+0000] {taskinstance.py:1206} INFO - Marking task as SUCCESS. dag_id=bctc, task_id=ingest_bctc, run_id=manual__2026-01-14T15:11:15+00:00, map_index=1, execution_date=20260114T151115, start_date=20260114T151143, end_date=20260114T151144
[2026-01-14T15:11:44.097+0000] {local_task_job_runner.py:243} INFO - Task exited with return code 0
[2026-01-14T15:11:44.137+0000] {taskinstance.py:3503} INFO - 0 downstream tasks scheduled from follow-on schedule check
[2026-01-14T15:11:44.140+0000] {local_task_job_runner.py:222} INFO - ::endgroup::
