[2026-02-21T05:17:41.353+0000] {local_task_job_runner.py:120} INFO - ::group::Pre task execution logs
[2026-02-21T05:17:41.406+0000] {taskinstance.py:2076} INFO - Dependencies all met for dep_context=non-requeueable deps ti=<TaskInstance: minio_to_db_sync.sync_people manual__2026-02-21T05:17:32.622486+00:00 [queued]>
[2026-02-21T05:17:41.426+0000] {taskinstance.py:2076} INFO - Dependencies all met for dep_context=requeueable deps ti=<TaskInstance: minio_to_db_sync.sync_people manual__2026-02-21T05:17:32.622486+00:00 [queued]>
[2026-02-21T05:17:41.427+0000] {taskinstance.py:2306} INFO - Starting attempt 1 of 3
[2026-02-21T05:17:41.460+0000] {taskinstance.py:2330} INFO - Executing <Task(_PythonDecoratedOperator): sync_people> on 2026-02-21 05:17:32.622486+00:00
[2026-02-21T05:17:41.478+0000] {warnings.py:112} WARNING - This process (pid=182) is multi-threaded, use of fork() may lead to deadlocks in the child.

[2026-02-21T05:17:41.485+0000] {standard_task_runner.py:64} INFO - Started process 212 to run task
[2026-02-21T05:17:41.498+0000] {standard_task_runner.py:90} INFO - Running: ['***', 'tasks', 'run', 'minio_to_db_sync', 'sync_people', 'manual__2026-02-21T05:17:32.622486+00:00', '--job-id', '22606', '--raw', '--subdir', 'DAGS_FOLDER/minio_to_db_sync.py', '--cfg-path', '/tmp/tmpxmqvmyps']
[2026-02-21T05:17:41.507+0000] {standard_task_runner.py:91} INFO - Job 22606: Subtask sync_people
[2026-02-21T05:17:41.712+0000] {task_command.py:426} INFO - Running <TaskInstance: minio_to_db_sync.sync_people manual__2026-02-21T05:17:32.622486+00:00 [running]> on host 9cd898c40fe6
[2026-02-21T05:17:42.122+0000] {taskinstance.py:2648} INFO - Exporting env vars: AIRFLOW_CTX_DAG_OWNER='***' AIRFLOW_CTX_DAG_ID='minio_to_db_sync' AIRFLOW_CTX_TASK_ID='sync_people' AIRFLOW_CTX_EXECUTION_DATE='2026-02-21T05:17:32.622486+00:00' AIRFLOW_CTX_TRY_NUMBER='1' AIRFLOW_CTX_DAG_RUN_ID='manual__2026-02-21T05:17:32.622486+00:00'
[2026-02-21T05:17:42.129+0000] {taskinstance.py:430} INFO - ::endgroup::
[2026-02-21T05:17:42.170+0000] {logging_mixin.py:188} INFO - ======================================================================
[2026-02-21T05:17:42.172+0000] {logging_mixin.py:188} INFO - 📊 SYNC COMPANY PEOPLE/OWNER TO DATABASE
[2026-02-21T05:17:42.177+0000] {logging_mixin.py:188} INFO - ======================================================================
[2026-02-21T05:17:42.178+0000] {logging_mixin.py:188} INFO - 
[1/4] Finding latest partition...
[2026-02-21T05:17:42.196+0000] {base.py:84} INFO - Using connection ID 'minio_finance' for task execution.
[2026-02-21T05:17:42.201+0000] {connection_wrapper.py:384} INFO - AWS Connection (conn_id='minio_finance', conn_type='aws') credentials retrieved from login and password.
[2026-02-21T05:17:56.646+0000] {local_task_job_runner.py:313} WARNING - State of this instance has been externally set to failed. Terminating instance.
[2026-02-21T05:17:56.647+0000] {local_task_job_runner.py:222} INFO - ::endgroup::
[2026-02-21T05:17:56.650+0000] {process_utils.py:132} INFO - Sending 15 to group 212. PIDs of all processes in the group: [212]
[2026-02-21T05:17:56.650+0000] {process_utils.py:87} INFO - Sending the signal 15 to group 212
[2026-02-21T05:17:56.651+0000] {taskinstance.py:2611} ERROR - Received SIGTERM. Terminating subprocesses.
[2026-02-21T05:17:56.652+0000] {taskinstance.py:441} INFO - ::group::Post task execution logs
[2026-02-21T05:17:56.703+0000] {process_utils.py:80} INFO - Process psutil.Process(pid=212, status='terminated', exitcode=0, started='05:17:40') (212) terminated with exit code 0
