[2026-02-04T15:05:55.098+0000] {local_task_job_runner.py:120} INFO - ::group::Pre task execution logs
[2026-02-04T15:05:55.140+0000] {taskinstance.py:2076} INFO - Dependencies all met for dep_context=non-requeueable deps ti=<TaskInstance: daily_price_minio.ingest_daily_price manual__2026-02-04T14:52:25.276765+00:00 map_index=258 [queued]>
[2026-02-04T15:05:55.166+0000] {taskinstance.py:2076} INFO - Dependencies all met for dep_context=requeueable deps ti=<TaskInstance: daily_price_minio.ingest_daily_price manual__2026-02-04T14:52:25.276765+00:00 map_index=258 [queued]>
[2026-02-04T15:05:55.167+0000] {taskinstance.py:2306} INFO - Starting attempt 1 of 2
[2026-02-04T15:05:55.188+0000] {taskinstance.py:2330} INFO - Executing <Mapped(DfToCsvOperator): ingest_daily_price> on 2026-02-04 14:52:25.276765+00:00
[2026-02-04T15:05:55.201+0000] {warnings.py:112} WARNING - This process (pid=12266) is multi-threaded, use of fork() may lead to deadlocks in the child.

[2026-02-04T15:05:55.203+0000] {standard_task_runner.py:64} INFO - Started process 12318 to run task
[2026-02-04T15:05:55.206+0000] {standard_task_runner.py:90} INFO - Running: ['***', 'tasks', 'run', 'daily_price_minio', 'ingest_daily_price', 'manual__2026-02-04T14:52:25.276765+00:00', '--job-id', '17158', '--raw', '--subdir', 'DAGS_FOLDER/dl_dailly_price.py', '--cfg-path', '/tmp/tmppsn9gigg', '--map-index', '258']
[2026-02-04T15:05:55.210+0000] {standard_task_runner.py:91} INFO - Job 17158: Subtask ingest_daily_price
[2026-02-04T15:05:55.261+0000] {task_command.py:426} INFO - Running <TaskInstance: daily_price_minio.ingest_daily_price manual__2026-02-04T14:52:25.276765+00:00 map_index=258 [running]> on host 918dbd497d34
[2026-02-04T15:05:55.378+0000] {taskinstance.py:2648} INFO - Exporting env vars: AIRFLOW_CTX_DAG_OWNER='***' AIRFLOW_CTX_DAG_ID='daily_price_minio' AIRFLOW_CTX_TASK_ID='ingest_daily_price' AIRFLOW_CTX_EXECUTION_DATE='2026-02-04T14:52:25.276765+00:00' AIRFLOW_CTX_TRY_NUMBER='1' AIRFLOW_CTX_DAG_RUN_ID='manual__2026-02-04T14:52:25.276765+00:00'
[2026-02-04T15:05:55.380+0000] {taskinstance.py:430} INFO - ::endgroup::
[2026-02-04T15:06:02.413+0000] {logging_mixin.py:188} INFO - DX2: RetryError (source=VCI), retry 1/3 in 2.0s
[2026-02-04T15:06:08.821+0000] {logging_mixin.py:188} INFO - DX2: RetryError (source=VCI), retry 2/3 in 4.0s
[2026-02-04T15:06:17.262+0000] {logging_mixin.py:188} INFO - DX2: RetryError (source=VCI), retry 3/3 in 8.0s
[2026-02-04T15:06:25.263+0000] {logging_mixin.py:188} INFO - DX2: Exhausted retries for source=VCI, trying next source...
[2026-02-04T15:06:29.736+0000] {logging_mixin.py:188} INFO - DX2: RetryError (source=TCBS), retry 1/3 in 2.0s
[2026-02-04T15:06:36.201+0000] {logging_mixin.py:188} INFO - DX2: RetryError (source=TCBS), retry 2/3 in 4.0s
[2026-02-04T15:06:44.602+0000] {logging_mixin.py:188} INFO - DX2: RetryError (source=TCBS), retry 3/3 in 8.0s
[2026-02-04T15:06:52.603+0000] {logging_mixin.py:188} INFO - DX2: Exhausted retries for source=TCBS, trying next source...
[2026-02-04T15:06:52.604+0000] {logging_mixin.py:188} INFO - DX2: All sources failed after retries
[2026-02-04T15:06:53.119+0000] {base.py:84} INFO - Using connection ID 'minio_finance' for task execution.
[2026-02-04T15:06:53.120+0000] {connection_wrapper.py:384} INFO - AWS Connection (conn_id='minio_finance', conn_type='aws') credentials retrieved from login and password.
[2026-02-04T15:06:54.118+0000] {datalake_df2csv.py:52} INFO - ✅ Đã upload 16 dòng -> s3://thongtin-congty-va-bctc/daily_price/2026-02-04/batch_258.csv
[2026-02-04T15:06:54.119+0000] {taskinstance.py:441} INFO - ::group::Post task execution logs
[2026-02-04T15:06:54.130+0000] {taskinstance.py:1206} INFO - Marking task as SUCCESS. dag_id=daily_price_minio, task_id=ingest_daily_price, run_id=manual__2026-02-04T14:52:25.276765+00:00, map_index=258, execution_date=20260204T145225, start_date=20260204T150555, end_date=20260204T150654
[2026-02-04T15:06:54.177+0000] {local_task_job_runner.py:243} INFO - Task exited with return code 0
[2026-02-04T15:06:54.192+0000] {taskinstance.py:3503} INFO - 0 downstream tasks scheduled from follow-on schedule check
[2026-02-04T15:06:54.193+0000] {local_task_job_runner.py:222} INFO - ::endgroup::
