[2026-04-13T16:00:29.425+0000] {local_task_job_runner.py:120} INFO - ::group::Pre task execution logs
[2026-04-13T16:00:29.458+0000] {taskinstance.py:2076} INFO - Dependencies all met for dep_context=non-requeueable deps ti=<TaskInstance: electric_board_daily.ingest_electric_board scheduled__2026-04-10T16:00:00+00:00 map_index=13 [queued]>
[2026-04-13T16:00:29.477+0000] {taskinstance.py:2076} INFO - Dependencies all met for dep_context=requeueable deps ti=<TaskInstance: electric_board_daily.ingest_electric_board scheduled__2026-04-10T16:00:00+00:00 map_index=13 [queued]>
[2026-04-13T16:00:29.479+0000] {taskinstance.py:2306} INFO - Starting attempt 1 of 3
[2026-04-13T16:00:29.531+0000] {taskinstance.py:2330} INFO - Executing <Mapped(DfToCsvOperator): ingest_electric_board> on 2026-04-10 16:00:00+00:00
[2026-04-13T16:00:29.554+0000] {warnings.py:112} WARNING - This process (pid=2282) is multi-threaded, use of fork() may lead to deadlocks in the child.

[2026-04-13T16:00:29.559+0000] {standard_task_runner.py:90} INFO - Running: ['***', 'tasks', 'run', 'electric_board_daily', 'ingest_electric_board', 'scheduled__2026-04-10T16:00:00+00:00', '--job-id', '42002', '--raw', '--subdir', 'DAGS_FOLDER/dl_electric_board.py', '--cfg-path', '/tmp/tmpkh686r3e', '--map-index', '13']
[2026-04-13T16:00:29.566+0000] {standard_task_runner.py:91} INFO - Job 42002: Subtask ingest_electric_board
[2026-04-13T16:00:29.566+0000] {standard_task_runner.py:64} INFO - Started process 2346 to run task
[2026-04-13T16:00:29.654+0000] {task_command.py:426} INFO - Running <TaskInstance: electric_board_daily.ingest_electric_board scheduled__2026-04-10T16:00:00+00:00 map_index=13 [running]> on host 379c2ed41535
[2026-04-13T16:00:29.907+0000] {taskinstance.py:2648} INFO - Exporting env vars: AIRFLOW_CTX_DAG_OWNER='***' AIRFLOW_CTX_DAG_ID='electric_board_daily' AIRFLOW_CTX_TASK_ID='ingest_electric_board' AIRFLOW_CTX_EXECUTION_DATE='2026-04-10T16:00:00+00:00' AIRFLOW_CTX_TRY_NUMBER='1' AIRFLOW_CTX_DAG_RUN_ID='scheduled__2026-04-10T16:00:00+00:00'
[2026-04-13T16:00:29.914+0000] {taskinstance.py:430} INFO - ::endgroup::
[2026-04-13T16:00:29.915+0000] {datalake_df2csv.py:40} INFO - ================================================================================
[2026-04-13T16:00:29.916+0000] {datalake_df2csv.py:41} INFO - 🚀 BẮT ĐẦU TASK: ingest_electric_board
[2026-04-13T16:00:29.917+0000] {datalake_df2csv.py:42} INFO - ================================================================================
[2026-04-13T16:00:29.917+0000] {datalake_df2csv.py:43} INFO - 📋 Thông tin cấu hình:
[2026-04-13T16:00:29.918+0000] {datalake_df2csv.py:44} INFO -   - Logic file: electric_board
[2026-04-13T16:00:29.918+0000] {datalake_df2csv.py:45} INFO -   - DataFrame name: get_price_board_batch
[2026-04-13T16:00:29.919+0000] {datalake_df2csv.py:46} INFO -   - Bucket: thongtin-congty-va-bctc
[2026-04-13T16:00:29.919+0000] {datalake_df2csv.py:47} INFO -   - Object path: electric_board_per_day/2026-04-10/batch_13.csv
[2026-04-13T16:00:29.920+0000] {datalake_df2csv.py:48} INFO -   - Connection ID: minio_finance
[2026-04-13T16:00:29.920+0000] {datalake_df2csv.py:49} INFO -   - Tham số truyền vào: {'symbols': ['GMX', 'PTM', 'DRH', 'PSH', 'TVM', 'NTW', 'VNL', 'SGT', 'PHN', 'BSI', 'BOT', 'LAS', 'BHI', 'SJF', 'SHN', 'PEQ', 'NBC', 'VGS', 'CNN', 'MCF', 'HJS', 'DWS', 'HSG', 'CNC', 'HLD', 'PAI', 'X26', 'SCJ', 'TVA', 'PAS', 'SZE', 'TMS', 'C4G', 'XHC', 'BIC', 'KKC', 'HUT', 'SKN', 'KMT', 'BRS', 'HND', 'DTH', 'ACM', 'PEN', 'BMS', 'LCG', 'HCM', 'SBA', 'EVF', 'LAI'], 'trading_date': '2026-04-10'}
[2026-04-13T16:00:29.921+0000] {datalake_df2csv.py:50} INFO - --------------------------------------------------------------------------------
[2026-04-13T16:00:29.921+0000] {datalake_df2csv.py:54} INFO - 📥 Bước 1: Đang load dữ liệu từ logic file...
[2026-04-13T16:00:29.927+0000] {datalake_df2csv.py:148} INFO -   - Logic directory: /opt/airflow/plugins/logic
[2026-04-13T16:00:29.928+0000] {datalake_df2csv.py:149} INFO -   - Module path: /opt/airflow/plugins/logic/electric_board.py
[2026-04-13T16:00:29.929+0000] {datalake_df2csv.py:153} INFO -   - Đã thêm logic directory vào sys.path
[2026-04-13T16:00:29.931+0000] {datalake_df2csv.py:159} INFO -   - Đang load module 'electric_board'...
[2026-04-13T16:00:29.937+0000] {datalake_df2csv.py:163} INFO -   - ✅ Module loaded thành công
[2026-04-13T16:00:29.938+0000] {datalake_df2csv.py:165} INFO -   - Đang tìm DataFrame/function: 'get_price_board_batch'...
[2026-04-13T16:00:29.939+0000] {datalake_df2csv.py:170} INFO -   - ✅ Tìm thấy object: function
[2026-04-13T16:00:29.939+0000] {datalake_df2csv.py:173} INFO -   - Đang gọi function với tham số: {'symbols': ['GMX', 'PTM', 'DRH', 'PSH', 'TVM', 'NTW', 'VNL', 'SGT', 'PHN', 'BSI', 'BOT', 'LAS', 'BHI', 'SJF', 'SHN', 'PEQ', 'NBC', 'VGS', 'CNN', 'MCF', 'HJS', 'DWS', 'HSG', 'CNC', 'HLD', 'PAI', 'X26', 'SCJ', 'TVA', 'PAS', 'SZE', 'TMS', 'C4G', 'XHC', 'BIC', 'KKC', 'HUT', 'SKN', 'KMT', 'BRS', 'HND', 'DTH', 'ACM', 'PEN', 'BMS', 'LCG', 'HCM', 'SBA', 'EVF', 'LAI'], 'trading_date': '2026-04-10'}
[2026-04-13T16:00:29.941+0000] {logging_mixin.py:188} INFO - [ELECTRIC_BOARD] Fetching price board for 50 symbols: ['GMX', 'PTM', 'DRH', 'PSH', 'TVM']...
[2026-04-13T16:00:32.305+0000] {logging_mixin.py:188} INFO - [ELECTRIC_BOARD] ✅ Fetched 50 rows, 1 columns
[2026-04-13T16:00:32.306+0000] {datalake_df2csv.py:68} INFO - ✅ Load dữ liệu thành công!
[2026-04-13T16:00:32.307+0000] {datalake_df2csv.py:69} INFO - 📊 Thông tin DataFrame:
[2026-04-13T16:00:32.307+0000] {datalake_df2csv.py:70} INFO -   - Số dòng: 50
[2026-04-13T16:00:32.310+0000] {datalake_df2csv.py:71} INFO -   - Số cột: 1
[2026-04-13T16:00:32.325+0000] {datalake_df2csv.py:72} INFO -   - Tên các cột: ['trading_date']
[2026-04-13T16:00:32.326+0000] {datalake_df2csv.py:73} INFO -   - Kiểu dữ liệu: {'trading_date': 'object'}
[2026-04-13T16:00:32.333+0000] {datalake_df2csv.py:74} INFO -   - Bộ nhớ sử dụng: 0.00 MB
[2026-04-13T16:00:32.336+0000] {datalake_df2csv.py:83} INFO -   - Không có giá trị NULL
[2026-04-13T16:00:32.337+0000] {datalake_df2csv.py:86} INFO -   - Mẫu dữ liệu (5 dòng đầu):
[2026-04-13T16:00:32.340+0000] {datalake_df2csv.py:88} INFO -     Row 0: {'trading_date': '2026-04-10'}
[2026-04-13T16:00:32.341+0000] {datalake_df2csv.py:88} INFO -     Row 1: {'trading_date': '2026-04-10'}
[2026-04-13T16:00:32.342+0000] {datalake_df2csv.py:88} INFO -     Row 2: {'trading_date': '2026-04-10'}
[2026-04-13T16:00:32.343+0000] {datalake_df2csv.py:88} INFO -     Row 3: {'trading_date': '2026-04-10'}
[2026-04-13T16:00:32.343+0000] {datalake_df2csv.py:88} INFO -     Row 4: {'trading_date': '2026-04-10'}
[2026-04-13T16:00:32.344+0000] {datalake_df2csv.py:90} INFO - --------------------------------------------------------------------------------
[2026-04-13T16:00:32.345+0000] {datalake_df2csv.py:93} INFO - 📝 Bước 2: Đang chuyển đổi DataFrame sang CSV...
[2026-04-13T16:00:32.372+0000] {datalake_df2csv.py:97} INFO - ✅ Chuyển đổi CSV thành công!
[2026-04-13T16:00:32.373+0000] {datalake_df2csv.py:98} INFO -   - Kích thước file: 0.00 MB
[2026-04-13T16:00:32.375+0000] {datalake_df2csv.py:99} INFO -   - Thời gian chuyển đổi: 0.03 giây
[2026-04-13T16:00:32.376+0000] {datalake_df2csv.py:100} INFO - --------------------------------------------------------------------------------
[2026-04-13T16:00:32.376+0000] {datalake_df2csv.py:103} INFO - ☁️  Bước 3: Đang upload lên MinIO/S3...
[2026-04-13T16:00:32.410+0000] {base.py:84} INFO - Using connection ID 'minio_finance' for task execution.
[2026-04-13T16:00:32.412+0000] {connection_wrapper.py:384} INFO - AWS Connection (conn_id='minio_finance', conn_type='aws') credentials retrieved from login and password.
[2026-04-13T16:00:33.542+0000] {datalake_df2csv.py:112} INFO -   - Bucket 'thongtin-congty-va-bctc' đã tồn tại
[2026-04-13T16:00:33.668+0000] {datalake_df2csv.py:117} INFO - ✅ Upload thành công!
[2026-04-13T16:00:33.669+0000] {datalake_df2csv.py:118} INFO -   - Đường dẫn: s3://thongtin-congty-va-bctc/electric_board_per_day/2026-04-10/batch_13.csv
[2026-04-13T16:00:33.671+0000] {datalake_df2csv.py:119} INFO -   - Số dòng: 50
[2026-04-13T16:00:33.671+0000] {datalake_df2csv.py:120} INFO -   - Thời gian upload: 1.29 giây
[2026-04-13T16:00:33.673+0000] {datalake_df2csv.py:121} INFO - --------------------------------------------------------------------------------
[2026-04-13T16:00:33.677+0000] {datalake_df2csv.py:125} INFO - 📈 TỔNG KẾT:
[2026-04-13T16:00:33.681+0000] {datalake_df2csv.py:126} INFO -   - Tổng thời gian thực thi: 3.76 giây
[2026-04-13T16:00:33.682+0000] {datalake_df2csv.py:127} INFO -   - Tốc độ xử lý: 13 dòng/giây
[2026-04-13T16:00:33.683+0000] {datalake_df2csv.py:128} INFO - ================================================================================
[2026-04-13T16:00:33.692+0000] {datalake_df2csv.py:129} INFO - ✅ HOÀN THÀNH TASK: ingest_electric_board
[2026-04-13T16:00:33.693+0000] {datalake_df2csv.py:130} INFO - ================================================================================
[2026-04-13T16:00:33.694+0000] {taskinstance.py:441} INFO - ::group::Post task execution logs
[2026-04-13T16:00:33.717+0000] {taskinstance.py:1206} INFO - Marking task as SUCCESS. dag_id=electric_board_daily, task_id=ingest_electric_board, run_id=scheduled__2026-04-10T16:00:00+00:00, map_index=13, execution_date=20260410T160000, start_date=20260413T160029, end_date=20260413T160033
[2026-04-13T16:00:33.843+0000] {local_task_job_runner.py:243} INFO - Task exited with return code 0
[2026-04-13T16:00:33.888+0000] {taskinstance.py:3503} INFO - 0 downstream tasks scheduled from follow-on schedule check
[2026-04-13T16:00:33.890+0000] {local_task_job_runner.py:222} INFO - ::endgroup::
