[2026-02-22T14:30:44.835+0000] {local_task_job_runner.py:120} INFO - ::group::Pre task execution logs
[2026-02-22T14:30:44.894+0000] {taskinstance.py:2076} INFO - Dependencies all met for dep_context=non-requeueable deps ti=<TaskInstance: bctc.ingest_bctc manual__2026-02-22T14:30:12+00:00 map_index=15 [queued]>
[2026-02-22T14:30:44.915+0000] {taskinstance.py:2076} INFO - Dependencies all met for dep_context=requeueable deps ti=<TaskInstance: bctc.ingest_bctc manual__2026-02-22T14:30:12+00:00 map_index=15 [queued]>
[2026-02-22T14:30:44.916+0000] {taskinstance.py:2306} INFO - Starting attempt 1 of 2
[2026-02-22T14:30:44.944+0000] {taskinstance.py:2330} INFO - Executing <Mapped(DfToCsvOperator): ingest_bctc> on 2026-02-22 14:30:12+00:00
[2026-02-22T14:30:44.959+0000] {warnings.py:112} WARNING - This process (pid=270) is multi-threaded, use of fork() may lead to deadlocks in the child.

[2026-02-22T14:30:44.965+0000] {standard_task_runner.py:64} INFO - Started process 298 to run task
[2026-02-22T14:30:44.967+0000] {standard_task_runner.py:90} INFO - Running: ['***', 'tasks', 'run', 'bctc', 'ingest_bctc', 'manual__2026-02-22T14:30:12+00:00', '--job-id', '26498', '--raw', '--subdir', 'DAGS_FOLDER/dl_bctc.py', '--cfg-path', '/tmp/tmp2l48ukts', '--map-index', '15']
[2026-02-22T14:30:44.973+0000] {standard_task_runner.py:91} INFO - Job 26498: Subtask ingest_bctc
[2026-02-22T14:30:45.080+0000] {task_command.py:426} INFO - Running <TaskInstance: bctc.ingest_bctc manual__2026-02-22T14:30:12+00:00 map_index=15 [running]> on host f33af0284402
[2026-02-22T14:30:45.320+0000] {taskinstance.py:2648} INFO - Exporting env vars: AIRFLOW_CTX_DAG_OWNER='***' AIRFLOW_CTX_DAG_ID='bctc' AIRFLOW_CTX_TASK_ID='ingest_bctc' AIRFLOW_CTX_EXECUTION_DATE='2026-02-22T14:30:12+00:00' AIRFLOW_CTX_TRY_NUMBER='1' AIRFLOW_CTX_DAG_RUN_ID='manual__2026-02-22T14:30:12+00:00'
[2026-02-22T14:30:45.327+0000] {taskinstance.py:430} INFO - ::endgroup::
[2026-02-22T14:30:45.328+0000] {datalake_df2csv.py:40} INFO - ================================================================================
[2026-02-22T14:30:45.329+0000] {datalake_df2csv.py:41} INFO - 🚀 BẮT ĐẦU TASK: ingest_bctc
[2026-02-22T14:30:45.330+0000] {datalake_df2csv.py:42} INFO - ================================================================================
[2026-02-22T14:30:45.331+0000] {datalake_df2csv.py:43} INFO - 📋 Thông tin cấu hình:
[2026-02-22T14:30:45.331+0000] {datalake_df2csv.py:44} INFO -   - Logic file: bctc
[2026-02-22T14:30:45.332+0000] {datalake_df2csv.py:45} INFO -   - DataFrame name: get_financial_reports
[2026-02-22T14:30:45.332+0000] {datalake_df2csv.py:46} INFO -   - Bucket: thongtin-congty-va-bctc
[2026-02-22T14:30:45.332+0000] {datalake_df2csv.py:47} INFO -   - Object path: bctc/2026-02-22/batch_15.csv
[2026-02-22T14:30:45.333+0000] {datalake_df2csv.py:48} INFO -   - Connection ID: minio_finance
[2026-02-22T14:30:45.333+0000] {datalake_df2csv.py:49} INFO -   - Tham số truyền vào: {'symbols': ['NTF', 'PND', 'VHD', 'CJC', 'DVT', 'VPH', 'CLL', 'GMA', 'VDT', 'SD8', 'TV6', 'VQC', 'GND', 'TDW', 'BFC', 'TRA', 'ICF', 'PET', 'NHT', 'FCM'], 'current_year': '2020'}
[2026-02-22T14:30:45.334+0000] {datalake_df2csv.py:50} INFO - --------------------------------------------------------------------------------
[2026-02-22T14:30:45.334+0000] {datalake_df2csv.py:54} INFO - 📥 Bước 1: Đang load dữ liệu từ logic file...
[2026-02-22T14:30:45.339+0000] {datalake_df2csv.py:148} INFO -   - Logic directory: /opt/airflow/plugins/logic
[2026-02-22T14:30:45.341+0000] {datalake_df2csv.py:149} INFO -   - Module path: /opt/airflow/plugins/logic/bctc.py
[2026-02-22T14:30:45.341+0000] {datalake_df2csv.py:153} INFO -   - Đã thêm logic directory vào sys.path
[2026-02-22T14:30:45.343+0000] {datalake_df2csv.py:159} INFO -   - Đang load module 'bctc'...
[2026-02-22T14:30:45.358+0000] {datalake_df2csv.py:163} INFO -   - ✅ Module loaded thành công
[2026-02-22T14:30:45.359+0000] {datalake_df2csv.py:165} INFO -   - Đang tìm DataFrame/function: 'get_financial_reports'...
[2026-02-22T14:30:45.360+0000] {datalake_df2csv.py:170} INFO -   - ✅ Tìm thấy object: function
[2026-02-22T14:30:45.361+0000] {datalake_df2csv.py:173} INFO -   - Đang gọi function với tham số: {'symbols': ['NTF', 'PND', 'VHD', 'CJC', 'DVT', 'VPH', 'CLL', 'GMA', 'VDT', 'SD8', 'TV6', 'VQC', 'GND', 'TDW', 'BFC', 'TRA', 'ICF', 'PET', 'NHT', 'FCM'], 'current_year': '2020'}
[2026-02-22T14:30:45.364+0000] {logging_mixin.py:188} INFO - Bắt đầu xử lý batch 20 mã: ['NTF', 'PND', 'VHD', 'CJC', 'DVT', 'VPH', 'CLL', 'GMA', 'VDT', 'SD8', 'TV6', 'VQC', 'GND', 'TDW', 'BFC', 'TRA', 'ICF', 'PET', 'NHT', 'FCM']
[2026-02-22T14:31:00.363+0000] {logging_mixin.py:188} INFO -  >> Đang lấy dữ liệu: NTF
[2026-02-22T14:31:45.286+0000] {logging_mixin.py:188} INFO -  >> Đang lấy dữ liệu: PND
[2026-02-22T14:32:17.338+0000] {logging_mixin.py:188} INFO -  >> Đang lấy dữ liệu: VHD
[2026-02-22T14:32:52.573+0000] {logging_mixin.py:188} INFO -  >> Đang lấy dữ liệu: CJC
[2026-02-22T14:33:41.982+0000] {logging_mixin.py:188} INFO -  >> Đang lấy dữ liệu: DVT
[2026-02-22T14:33:51.417+0000] {local_task_job_runner.py:313} WARNING - State of this instance has been externally set to failed. Terminating instance.
[2026-02-22T14:33:51.427+0000] {local_task_job_runner.py:222} INFO - ::endgroup::
[2026-02-22T14:33:51.431+0000] {process_utils.py:132} INFO - Sending 15 to group 298. PIDs of all processes in the group: [298]
[2026-02-22T14:33:51.431+0000] {process_utils.py:87} INFO - Sending the signal 15 to group 298
[2026-02-22T14:33:51.432+0000] {taskinstance.py:2611} ERROR - Received SIGTERM. Terminating subprocesses.
[2026-02-22T14:33:51.434+0000] {taskinstance.py:441} INFO - ::group::Post task execution logs
[2026-02-22T14:33:51.527+0000] {process_utils.py:80} INFO - Process psutil.Process(pid=298, status='terminated', exitcode=0, started='14:30:44') (298) terminated with exit code 0
