[2026-03-21T08:15:37.361+0000] {local_task_job_runner.py:120} INFO - ::group::Pre task execution logs
[2026-03-21T08:15:37.415+0000] {taskinstance.py:2076} INFO - Dependencies all met for dep_context=non-requeueable deps ti=<TaskInstance: daily_price.ingest_daily_price scheduled__2026-03-17T16:00:00+00:00 map_index=221 [queued]>
[2026-03-21T08:15:37.452+0000] {taskinstance.py:2076} INFO - Dependencies all met for dep_context=requeueable deps ti=<TaskInstance: daily_price.ingest_daily_price scheduled__2026-03-17T16:00:00+00:00 map_index=221 [queued]>
[2026-03-21T08:15:37.453+0000] {taskinstance.py:2306} INFO - Starting attempt 1 of 2
[2026-03-21T08:15:37.503+0000] {taskinstance.py:2330} INFO - Executing <Mapped(DfToCsvOperator): ingest_daily_price> on 2026-03-17 16:00:00+00:00
[2026-03-21T08:15:37.535+0000] {warnings.py:112} WARNING - This process (pid=11465) is multi-threaded, use of fork() may lead to deadlocks in the child.

[2026-03-21T08:15:37.539+0000] {standard_task_runner.py:64} INFO - Started process 11480 to run task
[2026-03-21T08:15:37.540+0000] {standard_task_runner.py:90} INFO - Running: ['***', 'tasks', 'run', 'daily_price', 'ingest_daily_price', 'scheduled__2026-03-17T16:00:00+00:00', '--job-id', '34389', '--raw', '--subdir', 'DAGS_FOLDER/dl_dailly_price.py', '--cfg-path', '/tmp/tmpl35xsk8b', '--map-index', '221']
[2026-03-21T08:15:37.547+0000] {standard_task_runner.py:91} INFO - Job 34389: Subtask ingest_daily_price
[2026-03-21T08:15:37.650+0000] {task_command.py:426} INFO - Running <TaskInstance: daily_price.ingest_daily_price scheduled__2026-03-17T16:00:00+00:00 map_index=221 [running]> on host f78ccc25496b
[2026-03-21T08:15:37.907+0000] {taskinstance.py:2648} INFO - Exporting env vars: AIRFLOW_CTX_DAG_OWNER='***' AIRFLOW_CTX_DAG_ID='daily_price' AIRFLOW_CTX_TASK_ID='ingest_daily_price' AIRFLOW_CTX_EXECUTION_DATE='2026-03-17T16:00:00+00:00' AIRFLOW_CTX_TRY_NUMBER='1' AIRFLOW_CTX_DAG_RUN_ID='scheduled__2026-03-17T16:00:00+00:00'
[2026-03-21T08:15:37.910+0000] {taskinstance.py:430} INFO - ::endgroup::
[2026-03-21T08:15:37.911+0000] {datalake_df2csv.py:40} INFO - ================================================================================
[2026-03-21T08:15:37.911+0000] {datalake_df2csv.py:41} INFO - 🚀 BẮT ĐẦU TASK: ingest_daily_price
[2026-03-21T08:15:37.912+0000] {datalake_df2csv.py:42} INFO - ================================================================================
[2026-03-21T08:15:37.913+0000] {datalake_df2csv.py:43} INFO - 📋 Thông tin cấu hình:
[2026-03-21T08:15:37.913+0000] {datalake_df2csv.py:44} INFO -   - Logic file: history_price
[2026-03-21T08:15:37.914+0000] {datalake_df2csv.py:45} INFO -   - DataFrame name: get_history_price_batch
[2026-03-21T08:15:37.914+0000] {datalake_df2csv.py:46} INFO -   - Bucket: thongtin-congty-va-bctc
[2026-03-21T08:15:37.915+0000] {datalake_df2csv.py:47} INFO -   - Object path: daily_price/2026-03-17/batch_221.csv
[2026-03-21T08:15:37.915+0000] {datalake_df2csv.py:48} INFO -   - Connection ID: minio_finance
[2026-03-21T08:15:37.916+0000] {datalake_df2csv.py:49} INFO -   - Tham số truyền vào: {'symbols': ['DRC', 'IME', 'APF', 'QHD', 'DFF'], 'start_date': '2026-03-17', 'end_date': '2026-03-18'}
[2026-03-21T08:15:37.916+0000] {datalake_df2csv.py:50} INFO - --------------------------------------------------------------------------------
[2026-03-21T08:15:37.917+0000] {datalake_df2csv.py:54} INFO - 📥 Bước 1: Đang load dữ liệu từ logic file...
[2026-03-21T08:15:37.921+0000] {datalake_df2csv.py:148} INFO -   - Logic directory: /opt/airflow/plugins/logic
[2026-03-21T08:15:37.922+0000] {datalake_df2csv.py:149} INFO -   - Module path: /opt/airflow/plugins/logic/history_price.py
[2026-03-21T08:15:37.923+0000] {datalake_df2csv.py:153} INFO -   - Đã thêm logic directory vào sys.path
[2026-03-21T08:15:37.925+0000] {datalake_df2csv.py:159} INFO -   - Đang load module 'history_price'...
[2026-03-21T08:15:38.001+0000] {datalake_df2csv.py:163} INFO -   - ✅ Module loaded thành công
[2026-03-21T08:15:38.004+0000] {datalake_df2csv.py:165} INFO -   - Đang tìm DataFrame/function: 'get_history_price_batch'...
[2026-03-21T08:15:38.006+0000] {datalake_df2csv.py:170} INFO -   - ✅ Tìm thấy object: function
[2026-03-21T08:15:38.008+0000] {datalake_df2csv.py:173} INFO -   - Đang gọi function với tham số: {'symbols': ['DRC', 'IME', 'APF', 'QHD', 'DFF'], 'start_date': '2026-03-17', 'end_date': '2026-03-18'}
[2026-03-21T08:15:43.880+0000] {datalake_df2csv.py:68} INFO - ✅ Load dữ liệu thành công!
[2026-03-21T08:15:43.881+0000] {datalake_df2csv.py:69} INFO - 📊 Thông tin DataFrame:
[2026-03-21T08:15:43.882+0000] {datalake_df2csv.py:70} INFO -   - Số dòng: 20
[2026-03-21T08:15:43.883+0000] {datalake_df2csv.py:71} INFO -   - Số cột: 7
[2026-03-21T08:15:43.884+0000] {datalake_df2csv.py:72} INFO -   - Tên các cột: ['ticker', 'trading_date', 'open', 'high', 'low', 'close', 'volume']
[2026-03-21T08:15:43.886+0000] {datalake_df2csv.py:73} INFO -   - Kiểu dữ liệu: {'ticker': 'object', 'trading_date': 'object', 'open': 'float64', 'high': 'float64', 'low': 'float64', 'close': 'float64', 'volume': 'int64'}
[2026-03-21T08:15:43.889+0000] {datalake_df2csv.py:74} INFO -   - Bộ nhớ sử dụng: 0.00 MB
[2026-03-21T08:15:43.892+0000] {datalake_df2csv.py:83} INFO -   - Không có giá trị NULL
[2026-03-21T08:15:43.893+0000] {datalake_df2csv.py:86} INFO -   - Mẫu dữ liệu (5 dòng đầu):
[2026-03-21T08:15:43.894+0000] {datalake_df2csv.py:88} INFO -     Row 0: {'ticker': 'DRC', 'trading_date': '2026-03-16', 'open': 14.3, 'high': 14.4, 'low': 14.15, 'close': 14.2, 'volume': 235100}
[2026-03-21T08:15:43.894+0000] {datalake_df2csv.py:88} INFO -     Row 1: {'ticker': 'DRC', 'trading_date': '2026-03-17', 'open': 14.25, 'high': 14.3, 'low': 14.15, 'close': 14.2, 'volume': 255100}
[2026-03-21T08:15:43.895+0000] {datalake_df2csv.py:88} INFO -     Row 2: {'ticker': 'DRC', 'trading_date': '2026-03-18', 'open': 14.2, 'high': 14.25, 'low': 13.95, 'close': 14.0, 'volume': 587300}
[2026-03-21T08:15:43.896+0000] {datalake_df2csv.py:88} INFO -     Row 3: {'ticker': 'DRC', 'trading_date': '2026-03-19', 'open': 14.0, 'high': 14.05, 'low': 13.7, 'close': 13.75, 'volume': 455400}
[2026-03-21T08:15:43.896+0000] {datalake_df2csv.py:88} INFO -     Row 4: {'ticker': 'IME', 'trading_date': '2025-08-28', 'open': 84.1, 'high': 84.1, 'low': 84.1, 'close': 84.1, 'volume': 0}
[2026-03-21T08:15:43.897+0000] {datalake_df2csv.py:90} INFO - --------------------------------------------------------------------------------
[2026-03-21T08:15:43.897+0000] {datalake_df2csv.py:93} INFO - 📝 Bước 2: Đang chuyển đổi DataFrame sang CSV...
[2026-03-21T08:15:43.903+0000] {datalake_df2csv.py:97} INFO - ✅ Chuyển đổi CSV thành công!
[2026-03-21T08:15:43.904+0000] {datalake_df2csv.py:98} INFO -   - Kích thước file: 0.00 MB
[2026-03-21T08:15:43.905+0000] {datalake_df2csv.py:99} INFO -   - Thời gian chuyển đổi: 0.01 giây
[2026-03-21T08:15:43.905+0000] {datalake_df2csv.py:100} INFO - --------------------------------------------------------------------------------
[2026-03-21T08:15:43.906+0000] {datalake_df2csv.py:103} INFO - ☁️  Bước 3: Đang upload lên MinIO/S3...
[2026-03-21T08:15:43.920+0000] {base.py:84} INFO - Using connection ID 'minio_finance' for task execution.
[2026-03-21T08:15:43.921+0000] {connection_wrapper.py:384} INFO - AWS Connection (conn_id='minio_finance', conn_type='aws') credentials retrieved from login and password.
[2026-03-21T08:15:44.704+0000] {datalake_df2csv.py:112} INFO -   - Bucket 'thongtin-congty-va-bctc' đã tồn tại
[2026-03-21T08:15:44.751+0000] {datalake_df2csv.py:117} INFO - ✅ Upload thành công!
[2026-03-21T08:15:44.751+0000] {datalake_df2csv.py:118} INFO -   - Đường dẫn: s3://thongtin-congty-va-bctc/daily_price/2026-03-17/batch_221.csv
[2026-03-21T08:15:44.752+0000] {datalake_df2csv.py:119} INFO -   - Số dòng: 20
[2026-03-21T08:15:44.752+0000] {datalake_df2csv.py:120} INFO -   - Thời gian upload: 0.84 giây
[2026-03-21T08:15:44.753+0000] {datalake_df2csv.py:121} INFO - --------------------------------------------------------------------------------
[2026-03-21T08:15:44.754+0000] {datalake_df2csv.py:125} INFO - 📈 TỔNG KẾT:
[2026-03-21T08:15:44.755+0000] {datalake_df2csv.py:126} INFO -   - Tổng thời gian thực thi: 6.84 giây
[2026-03-21T08:15:44.755+0000] {datalake_df2csv.py:127} INFO -   - Tốc độ xử lý: 3 dòng/giây
[2026-03-21T08:15:44.756+0000] {datalake_df2csv.py:128} INFO - ================================================================================
[2026-03-21T08:15:44.756+0000] {datalake_df2csv.py:129} INFO - ✅ HOÀN THÀNH TASK: ingest_daily_price
[2026-03-21T08:15:44.757+0000] {datalake_df2csv.py:130} INFO - ================================================================================
[2026-03-21T08:15:44.758+0000] {taskinstance.py:441} INFO - ::group::Post task execution logs
[2026-03-21T08:15:44.798+0000] {taskinstance.py:1206} INFO - Marking task as SUCCESS. dag_id=daily_price, task_id=ingest_daily_price, run_id=scheduled__2026-03-17T16:00:00+00:00, map_index=221, execution_date=20260317T160000, start_date=20260321T081537, end_date=20260321T081544
[2026-03-21T08:15:44.865+0000] {local_task_job_runner.py:243} INFO - Task exited with return code 0
[2026-03-21T08:15:44.895+0000] {taskinstance.py:3503} INFO - 0 downstream tasks scheduled from follow-on schedule check
[2026-03-21T08:15:44.899+0000] {local_task_job_runner.py:222} INFO - ::endgroup::
