[2026-04-23T16:00:12.764+0000] {local_task_job_runner.py:120} INFO - ::group::Pre task execution logs
[2026-04-23T16:00:12.842+0000] {taskinstance.py:2076} INFO - Dependencies all met for dep_context=non-requeueable deps ti=<TaskInstance: electric_board_daily.ingest_electric_board scheduled__2026-04-22T16:00:00+00:00 map_index=8 [queued]>
[2026-04-23T16:00:12.864+0000] {taskinstance.py:2076} INFO - Dependencies all met for dep_context=requeueable deps ti=<TaskInstance: electric_board_daily.ingest_electric_board scheduled__2026-04-22T16:00:00+00:00 map_index=8 [queued]>
[2026-04-23T16:00:12.867+0000] {taskinstance.py:2306} INFO - Starting attempt 1 of 3
[2026-04-23T16:00:12.909+0000] {taskinstance.py:2330} INFO - Executing <Mapped(DfToCsvOperator): ingest_electric_board> on 2026-04-22 16:00:00+00:00
[2026-04-23T16:00:12.926+0000] {warnings.py:112} WARNING - This process (pid=5005) is multi-threaded, use of fork() may lead to deadlocks in the child.

[2026-04-23T16:00:12.932+0000] {standard_task_runner.py:64} INFO - Started process 5038 to run task
[2026-04-23T16:00:12.952+0000] {standard_task_runner.py:90} INFO - Running: ['***', 'tasks', 'run', 'electric_board_daily', 'ingest_electric_board', 'scheduled__2026-04-22T16:00:00+00:00', '--job-id', '44638', '--raw', '--subdir', 'DAGS_FOLDER/dl_electric_board.py', '--cfg-path', '/tmp/tmp0gfvtxdb', '--map-index', '8']
[2026-04-23T16:00:12.961+0000] {standard_task_runner.py:91} INFO - Job 44638: Subtask ingest_electric_board
[2026-04-23T16:00:13.196+0000] {task_command.py:426} INFO - Running <TaskInstance: electric_board_daily.ingest_electric_board scheduled__2026-04-22T16:00:00+00:00 map_index=8 [running]> on host df0317362dff
[2026-04-23T16:00:13.539+0000] {taskinstance.py:2648} INFO - Exporting env vars: AIRFLOW_CTX_DAG_OWNER='***' AIRFLOW_CTX_DAG_ID='electric_board_daily' AIRFLOW_CTX_TASK_ID='ingest_electric_board' AIRFLOW_CTX_EXECUTION_DATE='2026-04-22T16:00:00+00:00' AIRFLOW_CTX_TRY_NUMBER='1' AIRFLOW_CTX_DAG_RUN_ID='scheduled__2026-04-22T16:00:00+00:00'
[2026-04-23T16:00:13.550+0000] {taskinstance.py:430} INFO - ::endgroup::
[2026-04-23T16:00:13.553+0000] {datalake_df2csv.py:40} INFO - ================================================================================
[2026-04-23T16:00:13.554+0000] {datalake_df2csv.py:41} INFO - 🚀 BẮT ĐẦU TASK: ingest_electric_board
[2026-04-23T16:00:13.554+0000] {datalake_df2csv.py:42} INFO - ================================================================================
[2026-04-23T16:00:13.555+0000] {datalake_df2csv.py:43} INFO - 📋 Thông tin cấu hình:
[2026-04-23T16:00:13.555+0000] {datalake_df2csv.py:44} INFO -   - Logic file: electric_board
[2026-04-23T16:00:13.555+0000] {datalake_df2csv.py:45} INFO -   - DataFrame name: get_price_board_batch
[2026-04-23T16:00:13.556+0000] {datalake_df2csv.py:46} INFO -   - Bucket: thongtin-congty-va-bctc
[2026-04-23T16:00:13.557+0000] {datalake_df2csv.py:47} INFO -   - Object path: electric_board_per_day/2026-04-22/batch_8.csv
[2026-04-23T16:00:13.557+0000] {datalake_df2csv.py:48} INFO -   - Connection ID: minio_finance
[2026-04-23T16:00:13.558+0000] {datalake_df2csv.py:49} INFO -   - Tham số truyền vào: {'symbols': ['TNB', 'DBM', 'AGM', 'VID', 'KHW', 'DTT', 'TAL', 'TCH', 'PVH', 'PVT', 'PJS', 'BPC', 'UNI', 'ART', 'UXC', 'RTB', 'QCC', 'GDA', 'FHN', 'HOM', 'VTG', 'TCW', 'PRO', 'PBP', 'D2D', 'G36', 'LNC', 'TIN', 'HVA', 'SJS', 'TBD', 'AGR', 'DPR', 'HII', 'DSG', 'ICF', 'IDV', 'DPM', 'ASP', 'IDJ', 'SHI', 'SZG', 'TMP', 'HU6', 'PBC', 'TTS', 'LEC', 'CNA', 'DC4', 'SFC'], 'trading_date': '2026-04-22'}
[2026-04-23T16:00:13.559+0000] {datalake_df2csv.py:50} INFO - --------------------------------------------------------------------------------
[2026-04-23T16:00:13.560+0000] {datalake_df2csv.py:54} INFO - 📥 Bước 1: Đang load dữ liệu từ logic file...
[2026-04-23T16:00:13.573+0000] {datalake_df2csv.py:148} INFO -   - Logic directory: /opt/airflow/plugins/logic
[2026-04-23T16:00:13.574+0000] {datalake_df2csv.py:149} INFO -   - Module path: /opt/airflow/plugins/logic/electric_board.py
[2026-04-23T16:00:13.579+0000] {datalake_df2csv.py:153} INFO -   - Đã thêm logic directory vào sys.path
[2026-04-23T16:00:13.583+0000] {datalake_df2csv.py:159} INFO -   - Đang load module 'electric_board'...
[2026-04-23T16:00:13.603+0000] {datalake_df2csv.py:163} INFO -   - ✅ Module loaded thành công
[2026-04-23T16:00:13.605+0000] {datalake_df2csv.py:165} INFO -   - Đang tìm DataFrame/function: 'get_price_board_batch'...
[2026-04-23T16:00:13.606+0000] {datalake_df2csv.py:170} INFO -   - ✅ Tìm thấy object: function
[2026-04-23T16:00:13.609+0000] {datalake_df2csv.py:173} INFO -   - Đang gọi function với tham số: {'symbols': ['TNB', 'DBM', 'AGM', 'VID', 'KHW', 'DTT', 'TAL', 'TCH', 'PVH', 'PVT', 'PJS', 'BPC', 'UNI', 'ART', 'UXC', 'RTB', 'QCC', 'GDA', 'FHN', 'HOM', 'VTG', 'TCW', 'PRO', 'PBP', 'D2D', 'G36', 'LNC', 'TIN', 'HVA', 'SJS', 'TBD', 'AGR', 'DPR', 'HII', 'DSG', 'ICF', 'IDV', 'DPM', 'ASP', 'IDJ', 'SHI', 'SZG', 'TMP', 'HU6', 'PBC', 'TTS', 'LEC', 'CNA', 'DC4', 'SFC'], 'trading_date': '2026-04-22'}
[2026-04-23T16:00:13.611+0000] {logging_mixin.py:188} INFO - [ELECTRIC_BOARD] Fetching price board for 50 symbols: ['TNB', 'DBM', 'AGM', 'VID', 'KHW']...
[2026-04-23T16:00:19.010+0000] {logging_mixin.py:188} INFO - [ELECTRIC_BOARD] ✅ Fetched 50 rows, 1 columns
[2026-04-23T16:00:19.011+0000] {datalake_df2csv.py:68} INFO - ✅ Load dữ liệu thành công!
[2026-04-23T16:00:19.017+0000] {datalake_df2csv.py:69} INFO - 📊 Thông tin DataFrame:
[2026-04-23T16:00:19.019+0000] {datalake_df2csv.py:70} INFO -   - Số dòng: 50
[2026-04-23T16:00:19.023+0000] {datalake_df2csv.py:71} INFO -   - Số cột: 1
[2026-04-23T16:00:19.025+0000] {datalake_df2csv.py:72} INFO -   - Tên các cột: ['trading_date']
[2026-04-23T16:00:19.030+0000] {datalake_df2csv.py:73} INFO -   - Kiểu dữ liệu: {'trading_date': 'object'}
[2026-04-23T16:00:19.085+0000] {datalake_df2csv.py:74} INFO -   - Bộ nhớ sử dụng: 0.00 MB
[2026-04-23T16:00:19.109+0000] {datalake_df2csv.py:83} INFO -   - Không có giá trị NULL
[2026-04-23T16:00:19.111+0000] {datalake_df2csv.py:86} INFO -   - Mẫu dữ liệu (5 dòng đầu):
[2026-04-23T16:00:19.114+0000] {datalake_df2csv.py:88} INFO -     Row 0: {'trading_date': '2026-04-22'}
[2026-04-23T16:00:19.116+0000] {datalake_df2csv.py:88} INFO -     Row 1: {'trading_date': '2026-04-22'}
[2026-04-23T16:00:19.118+0000] {datalake_df2csv.py:88} INFO -     Row 2: {'trading_date': '2026-04-22'}
[2026-04-23T16:00:19.119+0000] {datalake_df2csv.py:88} INFO -     Row 3: {'trading_date': '2026-04-22'}
[2026-04-23T16:00:19.120+0000] {datalake_df2csv.py:88} INFO -     Row 4: {'trading_date': '2026-04-22'}
[2026-04-23T16:00:19.123+0000] {datalake_df2csv.py:90} INFO - --------------------------------------------------------------------------------
[2026-04-23T16:00:19.128+0000] {datalake_df2csv.py:93} INFO - 📝 Bước 2: Đang chuyển đổi DataFrame sang CSV...
[2026-04-23T16:00:19.155+0000] {datalake_df2csv.py:97} INFO - ✅ Chuyển đổi CSV thành công!
[2026-04-23T16:00:19.164+0000] {datalake_df2csv.py:98} INFO -   - Kích thước file: 0.00 MB
[2026-04-23T16:00:19.167+0000] {datalake_df2csv.py:99} INFO -   - Thời gian chuyển đổi: 0.02 giây
[2026-04-23T16:00:19.168+0000] {datalake_df2csv.py:100} INFO - --------------------------------------------------------------------------------
[2026-04-23T16:00:19.168+0000] {datalake_df2csv.py:103} INFO - ☁️  Bước 3: Đang upload lên MinIO/S3...
[2026-04-23T16:00:19.234+0000] {base.py:84} INFO - Using connection ID 'minio_finance' for task execution.
[2026-04-23T16:00:19.235+0000] {connection_wrapper.py:384} INFO - AWS Connection (conn_id='minio_finance', conn_type='aws') credentials retrieved from login and password.
[2026-04-23T16:00:21.522+0000] {datalake_df2csv.py:112} INFO -   - Bucket 'thongtin-congty-va-bctc' đã tồn tại
[2026-04-23T16:00:21.651+0000] {datalake_df2csv.py:117} INFO - ✅ Upload thành công!
[2026-04-23T16:00:21.652+0000] {datalake_df2csv.py:118} INFO -   - Đường dẫn: s3://thongtin-congty-va-bctc/electric_board_per_day/2026-04-22/batch_8.csv
[2026-04-23T16:00:21.652+0000] {datalake_df2csv.py:119} INFO -   - Số dòng: 50
[2026-04-23T16:00:21.653+0000] {datalake_df2csv.py:120} INFO -   - Thời gian upload: 2.48 giây
[2026-04-23T16:00:21.654+0000] {datalake_df2csv.py:121} INFO - --------------------------------------------------------------------------------
[2026-04-23T16:00:21.655+0000] {datalake_df2csv.py:125} INFO - 📈 TỔNG KẾT:
[2026-04-23T16:00:21.656+0000] {datalake_df2csv.py:126} INFO -   - Tổng thời gian thực thi: 8.10 giây
[2026-04-23T16:00:21.656+0000] {datalake_df2csv.py:127} INFO -   - Tốc độ xử lý: 6 dòng/giây
[2026-04-23T16:00:21.657+0000] {datalake_df2csv.py:128} INFO - ================================================================================
[2026-04-23T16:00:21.658+0000] {datalake_df2csv.py:129} INFO - ✅ HOÀN THÀNH TASK: ingest_electric_board
[2026-04-23T16:00:21.660+0000] {datalake_df2csv.py:130} INFO - ================================================================================
[2026-04-23T16:00:21.662+0000] {taskinstance.py:441} INFO - ::group::Post task execution logs
[2026-04-23T16:00:21.699+0000] {taskinstance.py:1206} INFO - Marking task as SUCCESS. dag_id=electric_board_daily, task_id=ingest_electric_board, run_id=scheduled__2026-04-22T16:00:00+00:00, map_index=8, execution_date=20260422T160000, start_date=20260423T160012, end_date=20260423T160021
[2026-04-23T16:00:21.805+0000] {local_task_job_runner.py:243} INFO - Task exited with return code 0
[2026-04-23T16:00:21.991+0000] {local_task_job_runner.py:222} INFO - ::endgroup::
