[2026-02-12T15:03:14.213+0000] {local_task_job_runner.py:120} INFO - ::group::Pre task execution logs
[2026-02-12T15:03:14.278+0000] {taskinstance.py:2076} INFO - Dependencies all met for dep_context=non-requeueable deps ti=<TaskInstance: financial_ratios_minio.ingest_financial_ratios scheduled__2026-02-01T02:00:00+00:00 map_index=125 [queued]>
[2026-02-12T15:03:14.314+0000] {taskinstance.py:2076} INFO - Dependencies all met for dep_context=requeueable deps ti=<TaskInstance: financial_ratios_minio.ingest_financial_ratios scheduled__2026-02-01T02:00:00+00:00 map_index=125 [queued]>
[2026-02-12T15:03:14.315+0000] {taskinstance.py:2306} INFO - Starting attempt 1 of 2
[2026-02-12T15:03:14.354+0000] {taskinstance.py:2330} INFO - Executing <Mapped(DfToCsvOperator): ingest_financial_ratios> on 2026-02-01 02:00:00+00:00
[2026-02-12T15:03:14.371+0000] {warnings.py:112} WARNING - This process (pid=7730) is multi-threaded, use of fork() may lead to deadlocks in the child.

[2026-02-12T15:03:14.373+0000] {standard_task_runner.py:64} INFO - Started process 7763 to run task
[2026-02-12T15:03:14.379+0000] {standard_task_runner.py:90} INFO - Running: ['***', 'tasks', 'run', 'financial_ratios_minio', 'ingest_financial_ratios', 'scheduled__2026-02-01T02:00:00+00:00', '--job-id', '21191', '--raw', '--subdir', 'DAGS_FOLDER/dl_financial_ratios.py', '--cfg-path', '/tmp/tmp1x8tmwr3', '--map-index', '125']
[2026-02-12T15:03:14.387+0000] {standard_task_runner.py:91} INFO - Job 21191: Subtask ingest_financial_ratios
[2026-02-12T15:03:14.486+0000] {task_command.py:426} INFO - Running <TaskInstance: financial_ratios_minio.ingest_financial_ratios scheduled__2026-02-01T02:00:00+00:00 map_index=125 [running]> on host fe54ecce8de4
[2026-02-12T15:03:15.075+0000] {taskinstance.py:2648} INFO - Exporting env vars: AIRFLOW_CTX_DAG_OWNER='***' AIRFLOW_CTX_DAG_ID='financial_ratios_minio' AIRFLOW_CTX_TASK_ID='ingest_financial_ratios' AIRFLOW_CTX_EXECUTION_DATE='2026-02-01T02:00:00+00:00' AIRFLOW_CTX_TRY_NUMBER='1' AIRFLOW_CTX_DAG_RUN_ID='scheduled__2026-02-01T02:00:00+00:00'
[2026-02-12T15:03:15.077+0000] {taskinstance.py:430} INFO - ::endgroup::
[2026-02-12T15:03:15.077+0000] {datalake_df2csv.py:40} INFO - ================================================================================
[2026-02-12T15:03:15.078+0000] {datalake_df2csv.py:41} INFO - 🚀 BẮT ĐẦU TASK: ingest_financial_ratios
[2026-02-12T15:03:15.078+0000] {datalake_df2csv.py:42} INFO - ================================================================================
[2026-02-12T15:03:15.079+0000] {datalake_df2csv.py:43} INFO - 📋 Thông tin cấu hình:
[2026-02-12T15:03:15.079+0000] {datalake_df2csv.py:44} INFO -   - Logic file: financial_ratios
[2026-02-12T15:03:15.080+0000] {datalake_df2csv.py:45} INFO -   - DataFrame name: get_financial_ratios_batch
[2026-02-12T15:03:15.080+0000] {datalake_df2csv.py:46} INFO -   - Bucket: thongtin-congty-va-bctc
[2026-02-12T15:03:15.081+0000] {datalake_df2csv.py:47} INFO -   - Object path: financial_ratios/2026-02-01/batch_125.csv
[2026-02-12T15:03:15.081+0000] {datalake_df2csv.py:48} INFO -   - Connection ID: minio_finance
[2026-02-12T15:03:15.081+0000] {datalake_df2csv.py:49} INFO -   - Tham số truyền vào: {'symbols': ['TSG', 'NHV'], 'period': 'quarter'}
[2026-02-12T15:03:15.082+0000] {datalake_df2csv.py:50} INFO - --------------------------------------------------------------------------------
[2026-02-12T15:03:15.082+0000] {datalake_df2csv.py:54} INFO - 📥 Bước 1: Đang load dữ liệu từ logic file...
[2026-02-12T15:03:15.087+0000] {datalake_df2csv.py:148} INFO -   - Logic directory: /opt/airflow/plugins/logic
[2026-02-12T15:03:15.089+0000] {datalake_df2csv.py:149} INFO -   - Module path: /opt/airflow/plugins/logic/financial_ratios.py
[2026-02-12T15:03:15.090+0000] {datalake_df2csv.py:153} INFO -   - Đã thêm logic directory vào sys.path
[2026-02-12T15:03:15.092+0000] {datalake_df2csv.py:159} INFO -   - Đang load module 'financial_ratios'...
[2026-02-12T15:03:15.097+0000] {datalake_df2csv.py:163} INFO -   - ✅ Module loaded thành công
[2026-02-12T15:03:15.098+0000] {datalake_df2csv.py:165} INFO -   - Đang tìm DataFrame/function: 'get_financial_ratios_batch'...
[2026-02-12T15:03:15.098+0000] {datalake_df2csv.py:170} INFO -   - ✅ Tìm thấy object: function
[2026-02-12T15:03:15.099+0000] {datalake_df2csv.py:173} INFO -   - Đang gọi function với tham số: {'symbols': ['TSG', 'NHV'], 'period': 'quarter'}
[2026-02-12T15:03:15.100+0000] {logging_mixin.py:188} INFO - [RATIO] Bắt đầu xử lý batch 2 mã: ['TSG', 'NHV']
[2026-02-12T15:03:15.101+0000] {logging_mixin.py:188} INFO - [RATIO] Kỳ dữ liệu: quarter
[2026-02-12T15:03:15.101+0000] {logging_mixin.py:188} INFO -  >> [RATIO] Đang lấy dữ liệu: TSG
[2026-02-12T15:03:21.670+0000] {logging_mixin.py:188} INFO -  ✓ [RATIO] TSG: 1 rows
[2026-02-12T15:03:23.671+0000] {logging_mixin.py:188} INFO -  >> [RATIO] Đang lấy dữ liệu: NHV
[2026-02-12T15:03:27.073+0000] {logging_mixin.py:188} INFO -  ✓ [RATIO] NHV: 2 rows
[2026-02-12T15:03:29.078+0000] {logging_mixin.py:188} INFO -  ✅ [RATIO] Hoàn thành batch. Tổng số dòng: 3
[2026-02-12T15:03:29.079+0000] {datalake_df2csv.py:68} INFO - ✅ Load dữ liệu thành công!
[2026-02-12T15:03:29.079+0000] {datalake_df2csv.py:69} INFO - 📊 Thông tin DataFrame:
[2026-02-12T15:03:29.080+0000] {datalake_df2csv.py:70} INFO -   - Số dòng: 3
[2026-02-12T15:03:29.082+0000] {datalake_df2csv.py:71} INFO -   - Số cột: 16
[2026-02-12T15:03:29.083+0000] {datalake_df2csv.py:72} INFO -   - Tên các cột: [('ticker', ''), ('Meta', 'CP'), ('Meta', 'Năm'), ('Meta', 'Kỳ'), ('Chỉ tiêu cơ cấu nguồn vốn', 'TSCĐ / Vốn CSH'), ('Chỉ tiêu cơ cấu nguồn vốn', 'Vốn CSH/Vốn điều lệ'), ('Chỉ tiêu khả năng sinh lợi', 'Biên EBIT (%)'), ('Chỉ tiêu khả năng sinh lợi', 'Biên lợi nhuận gộp (%)'), ('Chỉ tiêu khả năng sinh lợi', 'Biên lợi nhuận ròng (%)'), ('Chỉ tiêu khả năng sinh lợi', 'EBIT (Tỷ đồng)'), ('Chỉ tiêu thanh khoản', 'Đòn bẩy tài chính'), ('period_type', ''), ('extracted_at', ''), ('Chỉ tiêu định giá', 'Số CP lưu hành (Triệu CP)'), ('Chỉ tiêu định giá', 'EPS (VND)'), ('Chỉ tiêu định giá', 'BVPS (VND)')]
[2026-02-12T15:03:29.085+0000] {datalake_df2csv.py:73} INFO -   - Kiểu dữ liệu: {('ticker', ''): 'object', ('Meta', 'CP'): 'object', ('Meta', 'Năm'): 'int64', ('Meta', 'Kỳ'): 'int64', ('Chỉ tiêu cơ cấu nguồn vốn', 'TSCĐ / Vốn CSH'): 'float64', ('Chỉ tiêu cơ cấu nguồn vốn', 'Vốn CSH/Vốn điều lệ'): 'float64', ('Chỉ tiêu khả năng sinh lợi', 'Biên EBIT (%)'): 'float64', ('Chỉ tiêu khả năng sinh lợi', 'Biên lợi nhuận gộp (%)'): 'float64', ('Chỉ tiêu khả năng sinh lợi', 'Biên lợi nhuận ròng (%)'): 'float64', ('Chỉ tiêu khả năng sinh lợi', 'EBIT (Tỷ đồng)'): 'int64', ('Chỉ tiêu thanh khoản', 'Đòn bẩy tài chính'): 'float64', ('period_type', ''): 'object', ('extracted_at', ''): 'datetime64[us, UTC]', ('Chỉ tiêu định giá', 'Số CP lưu hành (Triệu CP)'): 'float64', ('Chỉ tiêu định giá', 'EPS (VND)'): 'float64', ('Chỉ tiêu định giá', 'BVPS (VND)'): 'float64'}
[2026-02-12T15:03:29.089+0000] {datalake_df2csv.py:74} INFO -   - Bộ nhớ sử dụng: 0.00 MB
[2026-02-12T15:03:29.091+0000] {datalake_df2csv.py:79} INFO -   - Số giá trị NULL:
[2026-02-12T15:03:29.092+0000] {datalake_df2csv.py:81} INFO -     + ('Chỉ tiêu cơ cấu nguồn vốn', 'TSCĐ / Vốn CSH'): 2
[2026-02-12T15:03:29.093+0000] {datalake_df2csv.py:81} INFO -     + ('Chỉ tiêu định giá', 'Số CP lưu hành (Triệu CP)'): 1
[2026-02-12T15:03:29.094+0000] {datalake_df2csv.py:81} INFO -     + ('Chỉ tiêu định giá', 'EPS (VND)'): 1
[2026-02-12T15:03:29.094+0000] {datalake_df2csv.py:81} INFO -     + ('Chỉ tiêu định giá', 'BVPS (VND)'): 1
[2026-02-12T15:03:29.095+0000] {datalake_df2csv.py:86} INFO -   - Mẫu dữ liệu (5 dòng đầu):
[2026-02-12T15:03:29.096+0000] {datalake_df2csv.py:88} INFO -     Row 0: {('ticker', ''): 'TSG', ('Meta', 'CP'): 'TSG', ('Meta', 'Năm'): 2016, ('Meta', 'Kỳ'): 2, ('Chỉ tiêu cơ cấu nguồn vốn', 'TSCĐ / Vốn CSH'): 0.4101459429733653, ('Chỉ tiêu cơ cấu nguồn vốn', 'Vốn CSH/Vốn điều lệ'): 1.0418735191438144, ('Chỉ tiêu khả năng sinh lợi', 'Biên EBIT (%)'): 0.03353336956339836, ('Chỉ tiêu khả năng sinh lợi', 'Biên lợi nhuận gộp (%)'): 0.19294189378844137, ('Chỉ tiêu khả năng sinh lợi', 'Biên lợi nhuận ròng (%)'): 0.027359350677508054, ('Chỉ tiêu khả năng sinh lợi', 'EBIT (Tỷ đồng)'): 667924780, ('Chỉ tiêu thanh khoản', 'Đòn bẩy tài chính'): 2.0500475037245898, ('period_type', ''): 'quarter', ('extracted_at', ''): Timestamp('2026-02-12 15:03:21.669709+0000', tz='UTC'), ('Chỉ tiêu định giá', 'Số CP lưu hành (Triệu CP)'): nan, ('Chỉ tiêu định giá', 'EPS (VND)'): nan, ('Chỉ tiêu định giá', 'BVPS (VND)'): nan}
[2026-02-12T15:03:29.098+0000] {datalake_df2csv.py:88} INFO -     Row 1: {('ticker', ''): 'NHV', ('Meta', 'CP'): 'NHV', ('Meta', 'Năm'): 2016, ('Meta', 'Kỳ'): 1, ('Chỉ tiêu cơ cấu nguồn vốn', 'TSCĐ / Vốn CSH'): nan, ('Chỉ tiêu cơ cấu nguồn vốn', 'Vốn CSH/Vốn điều lệ'): 0.6486445187616603, ('Chỉ tiêu khả năng sinh lợi', 'Biên EBIT (%)'): 0.03892557415984839, ('Chỉ tiêu khả năng sinh lợi', 'Biên lợi nhuận gộp (%)'): 0.05171877022086094, ('Chỉ tiêu khả năng sinh lợi', 'Biên lợi nhuận ròng (%)'): 0.031146529739765488, ('Chỉ tiêu khả năng sinh lợi', 'EBIT (Tỷ đồng)'): 530954975, ('Chỉ tiêu thanh khoản', 'Đòn bẩy tài chính'): 1.4270978846667044, ('period_type', ''): 'quarter', ('extracted_at', ''): Timestamp('2026-02-12 15:03:27.072403+0000', tz='UTC'), ('Chỉ tiêu định giá', 'Số CP lưu hành (Triệu CP)'): 0.0, ('Chỉ tiêu định giá', 'EPS (VND)'): 0.0, ('Chỉ tiêu định giá', 'BVPS (VND)'): 0.0}
[2026-02-12T15:03:29.099+0000] {datalake_df2csv.py:88} INFO -     Row 2: {('ticker', ''): 'NHV', ('Meta', 'CP'): 'NHV', ('Meta', 'Năm'): 2015, ('Meta', 'Kỳ'): 4, ('Chỉ tiêu cơ cấu nguồn vốn', 'TSCĐ / Vốn CSH'): nan, ('Chỉ tiêu cơ cấu nguồn vốn', 'Vốn CSH/Vốn điều lệ'): 0.6408919987036761, ('Chỉ tiêu khả năng sinh lợi', 'Biên EBIT (%)'): 0.09622757454365134, ('Chỉ tiêu khả năng sinh lợi', 'Biên lợi nhuận gộp (%)'): 0.1159745452547784, ('Chỉ tiêu khả năng sinh lợi', 'Biên lợi nhuận ròng (%)'): 0.08927361669163382, ('Chỉ tiêu khả năng sinh lợi', 'EBIT (Tỷ đồng)'): 1056234370, ('Chỉ tiêu thanh khoản', 'Đòn bẩy tài chính'): 1.2708347691164685, ('period_type', ''): 'quarter', ('extracted_at', ''): Timestamp('2026-02-12 15:03:27.072403+0000', tz='UTC'), ('Chỉ tiêu định giá', 'Số CP lưu hành (Triệu CP)'): 3223600.0, ('Chỉ tiêu định giá', 'EPS (VND)'): 303.9784095421268, ('Chỉ tiêu định giá', 'BVPS (VND)'): 11411.3610767465}
[2026-02-12T15:03:29.100+0000] {datalake_df2csv.py:90} INFO - --------------------------------------------------------------------------------
[2026-02-12T15:03:29.101+0000] {datalake_df2csv.py:93} INFO - 📝 Bước 2: Đang chuyển đổi DataFrame sang CSV...
[2026-02-12T15:03:29.107+0000] {datalake_df2csv.py:97} INFO - ✅ Chuyển đổi CSV thành công!
[2026-02-12T15:03:29.108+0000] {datalake_df2csv.py:98} INFO -   - Kích thước file: 0.00 MB
[2026-02-12T15:03:29.108+0000] {datalake_df2csv.py:99} INFO -   - Thời gian chuyển đổi: 0.01 giây
[2026-02-12T15:03:29.109+0000] {datalake_df2csv.py:100} INFO - --------------------------------------------------------------------------------
[2026-02-12T15:03:29.109+0000] {datalake_df2csv.py:103} INFO - ☁️  Bước 3: Đang upload lên MinIO/S3...
[2026-02-12T15:03:29.124+0000] {base.py:84} INFO - Using connection ID 'minio_finance' for task execution.
[2026-02-12T15:03:29.125+0000] {connection_wrapper.py:384} INFO - AWS Connection (conn_id='minio_finance', conn_type='aws') credentials retrieved from login and password.
[2026-02-12T15:03:29.729+0000] {datalake_df2csv.py:112} INFO -   - Bucket 'thongtin-congty-va-bctc' đã tồn tại
[2026-02-12T15:03:29.769+0000] {datalake_df2csv.py:117} INFO - ✅ Upload thành công!
[2026-02-12T15:03:29.770+0000] {datalake_df2csv.py:118} INFO -   - Đường dẫn: s3://thongtin-congty-va-bctc/financial_ratios/2026-02-01/batch_125.csv
[2026-02-12T15:03:29.771+0000] {datalake_df2csv.py:119} INFO -   - Số dòng: 3
[2026-02-12T15:03:29.771+0000] {datalake_df2csv.py:120} INFO -   - Thời gian upload: 0.66 giây
[2026-02-12T15:03:29.771+0000] {datalake_df2csv.py:121} INFO - --------------------------------------------------------------------------------
[2026-02-12T15:03:29.772+0000] {datalake_df2csv.py:125} INFO - 📈 TỔNG KẾT:
[2026-02-12T15:03:29.772+0000] {datalake_df2csv.py:126} INFO -   - Tổng thời gian thực thi: 14.69 giây
[2026-02-12T15:03:29.773+0000] {datalake_df2csv.py:127} INFO -   - Tốc độ xử lý: 0 dòng/giây
[2026-02-12T15:03:29.773+0000] {datalake_df2csv.py:128} INFO - ================================================================================
[2026-02-12T15:03:29.774+0000] {datalake_df2csv.py:129} INFO - ✅ HOÀN THÀNH TASK: ingest_financial_ratios
[2026-02-12T15:03:29.774+0000] {datalake_df2csv.py:130} INFO - ================================================================================
[2026-02-12T15:03:29.775+0000] {taskinstance.py:441} INFO - ::group::Post task execution logs
[2026-02-12T15:03:29.814+0000] {taskinstance.py:1206} INFO - Marking task as SUCCESS. dag_id=financial_ratios_minio, task_id=ingest_financial_ratios, run_id=scheduled__2026-02-01T02:00:00+00:00, map_index=125, execution_date=20260201T020000, start_date=20260212T150314, end_date=20260212T150329
[2026-02-12T15:03:30.042+0000] {local_task_job_runner.py:243} INFO - Task exited with return code 0
[2026-02-12T15:03:30.064+0000] {taskinstance.py:3503} INFO - 0 downstream tasks scheduled from follow-on schedule check
[2026-02-12T15:03:30.066+0000] {local_task_job_runner.py:222} INFO - ::endgroup::
