[2026-01-27T15:12:52.745+0000] {local_task_job_runner.py:120} INFO - ::group::Pre task execution logs
[2026-01-27T15:12:52.786+0000] {taskinstance.py:2076} INFO - Dependencies all met for dep_context=non-requeueable deps ti=<TaskInstance: daily_price_minio.ingest_daily_price scheduled__2026-01-23T16:00:00+00:00 map_index=190 [queued]>
[2026-01-27T15:12:52.809+0000] {taskinstance.py:2076} INFO - Dependencies all met for dep_context=requeueable deps ti=<TaskInstance: daily_price_minio.ingest_daily_price scheduled__2026-01-23T16:00:00+00:00 map_index=190 [queued]>
[2026-01-27T15:12:52.810+0000] {taskinstance.py:2306} INFO - Starting attempt 1 of 2
[2026-01-27T15:12:52.823+0000] {taskinstance.py:2330} INFO - Executing <Mapped(DfToCsvOperator): ingest_daily_price> on 2026-01-23 16:00:00+00:00
[2026-01-27T15:12:52.835+0000] {warnings.py:112} WARNING - This process (pid=13910) is multi-threaded, use of fork() may lead to deadlocks in the child.

[2026-01-27T15:12:52.836+0000] {standard_task_runner.py:64} INFO - Started process 13968 to run task
[2026-01-27T15:12:52.840+0000] {standard_task_runner.py:90} INFO - Running: ['***', 'tasks', 'run', 'daily_price_minio', 'ingest_daily_price', 'scheduled__2026-01-23T16:00:00+00:00', '--job-id', '8703', '--raw', '--subdir', 'DAGS_FOLDER/dl_dailly_price.py', '--cfg-path', '/tmp/tmpemo9vs28', '--map-index', '190']
[2026-01-27T15:12:52.843+0000] {standard_task_runner.py:91} INFO - Job 8703: Subtask ingest_daily_price
[2026-01-27T15:12:52.896+0000] {task_command.py:426} INFO - Running <TaskInstance: daily_price_minio.ingest_daily_price scheduled__2026-01-23T16:00:00+00:00 map_index=190 [running]> on host c05a814b0743
[2026-01-27T15:12:53.025+0000] {taskinstance.py:2648} INFO - Exporting env vars: AIRFLOW_CTX_DAG_OWNER='***' AIRFLOW_CTX_DAG_ID='daily_price_minio' AIRFLOW_CTX_TASK_ID='ingest_daily_price' AIRFLOW_CTX_EXECUTION_DATE='2026-01-23T16:00:00+00:00' AIRFLOW_CTX_TRY_NUMBER='1' AIRFLOW_CTX_DAG_RUN_ID='scheduled__2026-01-23T16:00:00+00:00'
[2026-01-27T15:12:53.027+0000] {taskinstance.py:430} INFO - ::endgroup::
[2026-01-27T15:12:57.383+0000] {logging_mixin.py:188} INFO - L44: RetryError[<Future at 0x7f1d134522a0 state=finished raised ConnectionError>]
[2026-01-27T15:13:02.231+0000] {logging_mixin.py:188} INFO - L43: RetryError[<Future at 0x7f1d1317d460 state=finished raised ConnectionError>]
[2026-01-27T15:13:07.256+0000] {logging_mixin.py:188} INFO - L40: RetryError[<Future at 0x7f1d1317e000 state=finished raised ConnectionError>]
[2026-01-27T15:13:12.144+0000] {logging_mixin.py:188} INFO - L35: RetryError[<Future at 0x7f1d1317d940 state=finished raised ConnectionError>]
[2026-01-27T15:13:17.113+0000] {logging_mixin.py:188} INFO - L18: RetryError[<Future at 0x7f1d1317f1d0 state=finished raised ConnectionError>]
[2026-01-27T15:13:17.616+0000] {datalake_df2csv.py:40} INFO - DataFrame rỗng, bỏ qua upload CSV.
[2026-01-27T15:13:17.619+0000] {taskinstance.py:441} INFO - ::group::Post task execution logs
[2026-01-27T15:13:17.653+0000] {taskinstance.py:1206} INFO - Marking task as SUCCESS. dag_id=daily_price_minio, task_id=ingest_daily_price, run_id=scheduled__2026-01-23T16:00:00+00:00, map_index=190, execution_date=20260123T160000, start_date=20260127T151252, end_date=20260127T151317
[2026-01-27T15:13:17.724+0000] {local_task_job_runner.py:243} INFO - Task exited with return code 0
[2026-01-27T15:13:17.743+0000] {local_task_job_runner.py:222} INFO - ::endgroup::
