[2026-02-22T02:45:27.588+0000] {local_task_job_runner.py:120} INFO - ::group::Pre task execution logs
[2026-02-22T02:45:27.625+0000] {taskinstance.py:2076} INFO - Dependencies all met for dep_context=non-requeueable deps ti=<TaskInstance: company_overview_to_minio.ingest_overview manual__2026-02-22T02:41:53.488760+00:00 map_index=59 [queued]>
[2026-02-22T02:45:27.648+0000] {taskinstance.py:2076} INFO - Dependencies all met for dep_context=requeueable deps ti=<TaskInstance: company_overview_to_minio.ingest_overview manual__2026-02-22T02:41:53.488760+00:00 map_index=59 [queued]>
[2026-02-22T02:45:27.649+0000] {taskinstance.py:2306} INFO - Starting attempt 1 of 2
[2026-02-22T02:45:27.680+0000] {taskinstance.py:2330} INFO - Executing <Mapped(DfToCsvOperator): ingest_overview> on 2026-02-22 02:41:53.488760+00:00
[2026-02-22T02:45:27.697+0000] {warnings.py:112} WARNING - This process (pid=3080) is multi-threaded, use of fork() may lead to deadlocks in the child.

[2026-02-22T02:45:27.700+0000] {standard_task_runner.py:64} INFO - Started process 3133 to run task
[2026-02-22T02:45:27.704+0000] {standard_task_runner.py:90} INFO - Running: ['***', 'tasks', 'run', 'company_overview_to_minio', 'ingest_overview', 'manual__2026-02-22T02:41:53.488760+00:00', '--job-id', '23958', '--raw', '--subdir', 'DAGS_FOLDER/dl_overview.py', '--cfg-path', '/tmp/tmp080p9ppl', '--map-index', '59']
[2026-02-22T02:45:27.710+0000] {standard_task_runner.py:91} INFO - Job 23958: Subtask ingest_overview
[2026-02-22T02:45:27.840+0000] {task_command.py:426} INFO - Running <TaskInstance: company_overview_to_minio.ingest_overview manual__2026-02-22T02:41:53.488760+00:00 map_index=59 [running]> on host 1b22f72dc705
[2026-02-22T02:45:28.084+0000] {taskinstance.py:2648} INFO - Exporting env vars: AIRFLOW_CTX_DAG_OWNER='***' AIRFLOW_CTX_DAG_ID='company_overview_to_minio' AIRFLOW_CTX_TASK_ID='ingest_overview' AIRFLOW_CTX_EXECUTION_DATE='2026-02-22T02:41:53.488760+00:00' AIRFLOW_CTX_TRY_NUMBER='1' AIRFLOW_CTX_DAG_RUN_ID='manual__2026-02-22T02:41:53.488760+00:00'
[2026-02-22T02:45:28.094+0000] {taskinstance.py:430} INFO - ::endgroup::
[2026-02-22T02:45:28.096+0000] {datalake_df2csv.py:40} INFO - ================================================================================
[2026-02-22T02:45:28.099+0000] {datalake_df2csv.py:41} INFO - 🚀 BẮT ĐẦU TASK: ingest_overview
[2026-02-22T02:45:28.103+0000] {datalake_df2csv.py:42} INFO - ================================================================================
[2026-02-22T02:45:28.107+0000] {datalake_df2csv.py:43} INFO - 📋 Thông tin cấu hình:
[2026-02-22T02:45:28.109+0000] {datalake_df2csv.py:44} INFO -   - Logic file: thongtincongty
[2026-02-22T02:45:28.110+0000] {datalake_df2csv.py:45} INFO -   - DataFrame name: get_overview_batch
[2026-02-22T02:45:28.111+0000] {datalake_df2csv.py:46} INFO -   - Bucket: thongtin-congty-va-bctc
[2026-02-22T02:45:28.112+0000] {datalake_df2csv.py:47} INFO -   - Object path: overview/2026-02-22/batch_59.csv
[2026-02-22T02:45:28.114+0000] {datalake_df2csv.py:48} INFO -   - Connection ID: minio_finance
[2026-02-22T02:45:28.115+0000] {datalake_df2csv.py:49} INFO -   - Tham số truyền vào: {'symbols': ['OCB', 'KVC', 'MTG', 'PTG', 'HCD', 'BMI', 'DDH', 'VPC', 'VIX', 'C32', 'TTZ', 'ITC', 'PMB', 'MML', 'TJC', 'PLE', 'NJC', 'MBT', 'GTT', 'FT1']}
[2026-02-22T02:45:28.118+0000] {datalake_df2csv.py:50} INFO - --------------------------------------------------------------------------------
[2026-02-22T02:45:28.119+0000] {datalake_df2csv.py:54} INFO - 📥 Bước 1: Đang load dữ liệu từ logic file...
[2026-02-22T02:45:28.145+0000] {datalake_df2csv.py:148} INFO -   - Logic directory: /opt/airflow/plugins/logic
[2026-02-22T02:45:28.149+0000] {datalake_df2csv.py:149} INFO -   - Module path: /opt/airflow/plugins/logic/thongtincongty.py
[2026-02-22T02:45:28.153+0000] {datalake_df2csv.py:153} INFO -   - Đã thêm logic directory vào sys.path
[2026-02-22T02:45:28.159+0000] {datalake_df2csv.py:159} INFO -   - Đang load module 'thongtincongty'...
[2026-02-22T02:45:28.180+0000] {datalake_df2csv.py:163} INFO -   - ✅ Module loaded thành công
[2026-02-22T02:45:28.181+0000] {datalake_df2csv.py:165} INFO -   - Đang tìm DataFrame/function: 'get_overview_batch'...
[2026-02-22T02:45:28.182+0000] {datalake_df2csv.py:170} INFO -   - ✅ Tìm thấy object: function
[2026-02-22T02:45:28.183+0000] {datalake_df2csv.py:173} INFO -   - Đang gọi function với tham số: {'symbols': ['OCB', 'KVC', 'MTG', 'PTG', 'HCD', 'BMI', 'DDH', 'VPC', 'VIX', 'C32', 'TTZ', 'ITC', 'PMB', 'MML', 'TJC', 'PLE', 'NJC', 'MBT', 'GTT', 'FT1']}
[2026-02-22T02:45:58.972+0000] {log.py:232} WARNING - 2026-02-22 02:45:58 - vnstock.core.utils.client - ERROR - API request failed: HTTPSConnectionPool(host='kbbuddywts.kbsec.com.vn', port=443): Max retries exceeded with url: /iis-server/investment/sector/all (Caused by NameResolutionError("<urllib3.connection.HTTPSConnection object at 0x7fd0649d30b0>: Failed to resolve 'kbbuddywts.kbsec.com.vn' ([Errno -3] Temporary failure in name resolution)"))
[2026-02-22T02:45:58.971+0000] {client.py:297} ERROR - API request failed: HTTPSConnectionPool(host='kbbuddywts.kbsec.com.vn', port=443): Max retries exceeded with url: /iis-server/investment/sector/all (Caused by NameResolutionError("<urllib3.connection.HTTPSConnection object at 0x7fd0649d30b0>: Failed to resolve 'kbbuddywts.kbsec.com.vn' ([Errno -3] Temporary failure in name resolution)"))
[2026-02-22T02:46:01.963+0000] {warnings.py:112} WARNING - DataFrame.applymap has been deprecated. Use DataFrame.map instead.

[2026-02-22T02:46:03.234+0000] {warnings.py:112} WARNING - DataFrame.applymap has been deprecated. Use DataFrame.map instead.

[2026-02-22T02:46:04.459+0000] {warnings.py:112} WARNING - DataFrame.applymap has been deprecated. Use DataFrame.map instead.

[2026-02-22T02:46:05.776+0000] {warnings.py:112} WARNING - DataFrame.applymap has been deprecated. Use DataFrame.map instead.

[2026-02-22T02:46:07.101+0000] {warnings.py:112} WARNING - DataFrame.applymap has been deprecated. Use DataFrame.map instead.

[2026-02-22T02:46:08.368+0000] {warnings.py:112} WARNING - DataFrame.applymap has been deprecated. Use DataFrame.map instead.

[2026-02-22T02:46:09.621+0000] {warnings.py:112} WARNING - DataFrame.applymap has been deprecated. Use DataFrame.map instead.

[2026-02-22T02:46:10.850+0000] {warnings.py:112} WARNING - DataFrame.applymap has been deprecated. Use DataFrame.map instead.

[2026-02-22T02:46:12.098+0000] {warnings.py:112} WARNING - DataFrame.applymap has been deprecated. Use DataFrame.map instead.

[2026-02-22T02:46:13.344+0000] {warnings.py:112} WARNING - DataFrame.applymap has been deprecated. Use DataFrame.map instead.

[2026-02-22T02:46:14.627+0000] {warnings.py:112} WARNING - DataFrame.applymap has been deprecated. Use DataFrame.map instead.

[2026-02-22T02:46:15.881+0000] {warnings.py:112} WARNING - DataFrame.applymap has been deprecated. Use DataFrame.map instead.

[2026-02-22T02:46:17.109+0000] {warnings.py:112} WARNING - DataFrame.applymap has been deprecated. Use DataFrame.map instead.

[2026-02-22T02:46:28.175+0000] {log.py:232} WARNING - 2026-02-22 02:46:28 - vnstock.core.utils.client - ERROR - API request failed: HTTPSConnectionPool(host='trading.vietcap.com.vn', port=443): Max retries exceeded with url: /data-mt/graphql (Caused by NameResolutionError("<urllib3.connection.HTTPSConnection object at 0x7fd064489340>: Failed to resolve 'trading.vietcap.com.vn' ([Errno -3] Temporary failure in name resolution)"))
[2026-02-22T02:46:28.172+0000] {client.py:297} ERROR - API request failed: HTTPSConnectionPool(host='trading.vietcap.com.vn', port=443): Max retries exceeded with url: /data-mt/graphql (Caused by NameResolutionError("<urllib3.connection.HTTPSConnection object at 0x7fd064489340>: Failed to resolve 'trading.vietcap.com.vn' ([Errno -3] Temporary failure in name resolution)"))
[2026-02-22T02:46:28.180+0000] {logging_mixin.py:188} INFO - Err overview MML: API request failed: HTTPSConnectionPool(host='trading.vietcap.com.vn', port=443): Max retries exceeded with url: /data-mt/graphql (Caused by NameResolutionError("<urllib3.connection.HTTPSConnection object at 0x7fd064489340>: Failed to resolve 'trading.vietcap.com.vn' ([Errno -3] Temporary failure in name resolution)"))
[2026-02-22T02:46:44.757+0000] {log.py:232} WARNING - 2026-02-22 02:46:44 - vnstock.core.utils.client - ERROR - API request failed: HTTPSConnectionPool(host='trading.vietcap.com.vn', port=443): Max retries exceeded with url: /data-mt/graphql (Caused by NameResolutionError("<urllib3.connection.HTTPSConnection object at 0x7fd064445940>: Failed to resolve 'trading.vietcap.com.vn' ([Errno -3] Temporary failure in name resolution)"))
[2026-02-22T02:46:44.755+0000] {client.py:297} ERROR - API request failed: HTTPSConnectionPool(host='trading.vietcap.com.vn', port=443): Max retries exceeded with url: /data-mt/graphql (Caused by NameResolutionError("<urllib3.connection.HTTPSConnection object at 0x7fd064445940>: Failed to resolve 'trading.vietcap.com.vn' ([Errno -3] Temporary failure in name resolution)"))
[2026-02-22T02:46:44.759+0000] {logging_mixin.py:188} INFO - Err overview TJC: API request failed: HTTPSConnectionPool(host='trading.vietcap.com.vn', port=443): Max retries exceeded with url: /data-mt/graphql (Caused by NameResolutionError("<urllib3.connection.HTTPSConnection object at 0x7fd064445940>: Failed to resolve 'trading.vietcap.com.vn' ([Errno -3] Temporary failure in name resolution)"))
[2026-02-22T02:46:55.775+0000] {log.py:232} WARNING - 2026-02-22 02:46:55 - vnstock.core.utils.client - ERROR - API request failed: HTTPSConnectionPool(host='trading.vietcap.com.vn', port=443): Max retries exceeded with url: /data-mt/graphql (Caused by NameResolutionError("<urllib3.connection.HTTPSConnection object at 0x7fd064447f80>: Failed to resolve 'trading.vietcap.com.vn' ([Errno -3] Temporary failure in name resolution)"))
[2026-02-22T02:46:55.774+0000] {client.py:297} ERROR - API request failed: HTTPSConnectionPool(host='trading.vietcap.com.vn', port=443): Max retries exceeded with url: /data-mt/graphql (Caused by NameResolutionError("<urllib3.connection.HTTPSConnection object at 0x7fd064447f80>: Failed to resolve 'trading.vietcap.com.vn' ([Errno -3] Temporary failure in name resolution)"))
[2026-02-22T02:46:55.790+0000] {logging_mixin.py:188} INFO - Err overview PLE: API request failed: HTTPSConnectionPool(host='trading.vietcap.com.vn', port=443): Max retries exceeded with url: /data-mt/graphql (Caused by NameResolutionError("<urllib3.connection.HTTPSConnection object at 0x7fd064447f80>: Failed to resolve 'trading.vietcap.com.vn' ([Errno -3] Temporary failure in name resolution)"))
[2026-02-22T02:46:59.674+0000] {warnings.py:112} WARNING - DataFrame.applymap has been deprecated. Use DataFrame.map instead.

[2026-02-22T02:47:01.003+0000] {warnings.py:112} WARNING - DataFrame.applymap has been deprecated. Use DataFrame.map instead.

[2026-02-22T02:47:06.414+0000] {logging_mixin.py:188} INFO - Err overview GTT: RetryError[<Future at 0x7fd064c5d190 state=finished raised AttributeError>]
[2026-02-22T02:47:07.706+0000] {warnings.py:112} WARNING - DataFrame.applymap has been deprecated. Use DataFrame.map instead.

[2026-02-22T02:47:08.730+0000] {datalake_df2csv.py:68} INFO - ✅ Load dữ liệu thành công!
[2026-02-22T02:47:08.736+0000] {datalake_df2csv.py:69} INFO - 📊 Thông tin DataFrame:
[2026-02-22T02:47:08.738+0000] {datalake_df2csv.py:70} INFO -   - Số dòng: 16
[2026-02-22T02:47:08.740+0000] {datalake_df2csv.py:71} INFO -   - Số cột: 9
[2026-02-22T02:47:08.743+0000] {datalake_df2csv.py:72} INFO -   - Tên các cột: ['symbol', 'company_profile', 'icb_name2', 'icb_name3', 'icb_name4', 'exchange', 'type_info', 'organ_short_name', 'organ_name']
[2026-02-22T02:47:08.749+0000] {datalake_df2csv.py:73} INFO -   - Kiểu dữ liệu: {'symbol': 'object', 'company_profile': 'object', 'icb_name2': 'object', 'icb_name3': 'object', 'icb_name4': 'object', 'exchange': 'object', 'type_info': 'object', 'organ_short_name': 'object', 'organ_name': 'object'}
[2026-02-22T02:47:08.762+0000] {datalake_df2csv.py:74} INFO -   - Bộ nhớ sử dụng: 0.03 MB
[2026-02-22T02:47:08.765+0000] {datalake_df2csv.py:83} INFO -   - Không có giá trị NULL
[2026-02-22T02:47:08.769+0000] {datalake_df2csv.py:86} INFO -   - Mẫu dữ liệu (5 dòng đầu):
[2026-02-22T02:47:08.776+0000] {datalake_df2csv.py:88} INFO -     Row 0: {'symbol': 'OCB', 'company_profile': 'Ngân hàng Thương mại Cổ phần Phương Đông (OCB) được thành lập vào năm 1996. Ngân hàng hoạt động trong lĩnh vực huy động, cấp tín dụng và các dịch vụ tài chính liên quan. OCB được niêm yết trên Sở Giao dịch Chứng khoán Thành phố Hồ Chí Minh (HOSE) từ tháng 12/2020. Năm 2024, so với cùng kỳ, Biên lãi thuần (NIM) ở mức 3.45%, tăng 0.15%. Tỷ lệ nợ xấu ở mức 3.17%, tăng 0.51%. Tỷ lệ bao phủ nợ xấu ở mức 47.14%, giảm 16.96%. Lợi nhuận sau thuế có giá trị bằng 3,2 nghìn tỷ đồng, giảm 3.93%. Tỷ suất lợi nhuận trên vốn chủ sở hữu (ROE) ở mức 10.54%, giảm 1.74%.', 'icb_name2': 'Ngân hàng', 'icb_name3': 'Ngân hàng', 'icb_name4': 'Ngân hàng', 'exchange': '', 'type_info': '', 'organ_short_name': '', 'organ_name': ''}
[2026-02-22T02:47:08.779+0000] {datalake_df2csv.py:88} INFO -     Row 1: {'symbol': 'KVC', 'company_profile': 'Công ty Cổ phần Sản xuất Xuất nhập khẩu Inox Kim Vĩ (KVC), tiền thân là Cơ sở sản xuất thép Kim Vĩ, được thành lập năm 1989. Năm 2008, Chuyển đổi mô hình kinh doanh theo hình thức công ty cổ phần. Hoạt động kinh doanh chính của công ty là: Bán buôn kim loại và quặng kim loại; Bán buôn ô tô và xe có động cơ khác; Kinh doanh bất động sản...Sản phẩm chính của công ty là thép không gỉ dạng ống, cuộn, các chủng loại mac 201, 304, 430, công ty chủ yếu bán cho các nhà sản xuất trong nước (chiếm 70% doanh thu). Thị trường của công ty chủ yếu là Thành phố Hồ Chí Minh, ngoài ra còn có thị trường Đông Nam Bộ, Miền Tây, Miền Trung và xuất khẩu ra các thị trường quốc tế: Hàn Quốc, Thổ Nhĩ Kỳ, Singapore...Các nguyên liệu của công ty được nhập khẩu từ các nhà máy lớn, có uy tín trên thế giới như Jindan Stainless Steel Ltd (Ấn Độ), Fujian Wuhang Stainless Steel (Trung Quốc), Acerinox, Posco VST...Ngày 25/05/2023, KVC chính thức giao dịch trên thị trường UPCOM.', 'icb_name2': 'Tài nguyên Cơ bản', 'icb_name3': 'Kim loại', 'icb_name4': 'Thép và sản phẩm thép', 'exchange': '', 'type_info': '', 'organ_short_name': '', 'organ_name': ''}
[2026-02-22T02:47:08.791+0000] {datalake_df2csv.py:88} INFO -     Row 2: {'symbol': 'MTG', 'company_profile': 'Công ty Cổ phần MT Gas (MTG) tiền thân là Công ty TNHH MT GAS thành lập năm 2001. Năm 2003, công ty chuyển sang hoạt động theo mô hình cổ phần. Hoạt động kinh doanh chính của công ty là phân phối khí đốt hóa lỏng, cho thuê kho bãi, đầu tư xây dựng. Thị trường chính của công ty là khu vực Miền Tây, khu vực Thành phố Hồ Chí Minh và khu vực Miền Đông  - Nam Bộ. Khách hàng chính là những công ty sản xuất  - kinh doanh nằm trong các khu công nghiệp lớn như: Công ty Cổ phần Đồng tâm Dotalia, Công ty Cổ phần Đồng tâm, Công ty Thép TVP, Công ty TNHH Kinh Show, doanh nghiệp tư nhan Hoàng Việt, Công ty Cổ phần kinh doanh Khí Miền Nam. Ngoài ra công ty còn đầu tư vào lĩnh vực bất động sản. MTG được giao dịch tại thị trường UPCoM từ năm 2015.', 'icb_name2': 'Điện, nước & xăng dầu khí đốt', 'icb_name3': 'Nước & Khí đốt', 'icb_name4': 'Phân phối xăng dầu & khí đốt', 'exchange': '', 'type_info': '', 'organ_short_name': '', 'organ_name': ''}
[2026-02-22T02:47:08.794+0000] {datalake_df2csv.py:88} INFO -     Row 3: {'symbol': 'PTG', 'company_profile': 'Công ty Cổ phần May Xuất Khẩu Phan Thiết (PTG) tiền thân là Xí nghiệp May Phan Thiết là đơn vị trực thuộc Công ty May Mặc Xuất Khẩu Bình Thuận được thành lập năm 1994. Hoạt động chính của công ty là sản xuất và xuất khẩu hàng may sẵn, gia công quần áo theo đơn hàng. Sản phẩm xuất khẩu chủ lực là áo khoác và quần áo thể thao các loại để xuất khẩu sang các thị trường Nhật Bản, EU, Đài Loan, Mỹ. Công ty đang sở hữu 2 nhà xưởng sản xuất: Nhà máy Phan Thiết có công suất sản xuất quần 420 pcs/ngày; Nhà máy Phú Long có công suất sản xuất áo len và áo phông là 107.000pcs/tháng, quần và cargo là 93.000pcs/tháng...Ngày 04/01/2010, PTG chính thức giao dịch trên thị trường UPCOM.', 'icb_name2': 'Hàng cá nhân & Gia dụng', 'icb_name3': 'Hàng cá nhân', 'icb_name4': 'Hàng May mặc', 'exchange': '', 'type_info': '', 'organ_short_name': '', 'organ_name': ''}
[2026-02-22T02:47:08.797+0000] {datalake_df2csv.py:88} INFO -     Row 4: {'symbol': 'HCD', 'company_profile': 'Công ty Cổ phần Đầu tư Sản xuất và Thương mại HCD (HCD), tiền thân là Công ty Cổ phần Luyện kim HCD, được thành lập ngày 06/12/2011. Hoạt động kinh doanh chính của Công ty là xuất nhập khẩu, cung ứng và phân phối hạt nhựa nguyên sinh, và kinh doanh thép xây dựng, thép hình. Bên cạnh đó, để mở rộng lĩnh vực kinh doanh và tận dụng lợi thế cạnh tranh, Công ty đang đầu tư xây dựng nhà máy sản xuất bao bì nhựa tự hủy với tổng công suất đạt 7.200 – 8.000 tấn/năm dự kiến sẽ đi vào hoạt động vào năm 2017. Trong lĩnh vực kinh doanh hạt nhựa, Công ty là đối tác của nhiều Tập đoàn cung cấp hạt nhựa nổi tiếng từ các nước trên thế giới như Hàn Quốc, Nhật Bản, và Thái Lan.Bên cạnh đó, Công ty cũng là đại lý phân phối thép cấp I của nhiều doanh nghiệp sản xuất thép lớn trong nước như Thép Hòa Pháp, POMINA và các nhà nhập khẩu thép khác. Ngày 04/07/2016, HCD chính thức giao dịch trên Sở Giao dịch Chứng khoán Thành phố Hồ Chí Minh (HOSE).', 'icb_name2': 'Hóa chất', 'icb_name3': 'Hóa chất', 'icb_name4': 'Nhựa, cao su & sợi', 'exchange': '', 'type_info': '', 'organ_short_name': '', 'organ_name': ''}
[2026-02-22T02:47:08.800+0000] {datalake_df2csv.py:90} INFO - --------------------------------------------------------------------------------
[2026-02-22T02:47:08.804+0000] {datalake_df2csv.py:93} INFO - 📝 Bước 2: Đang chuyển đổi DataFrame sang CSV...
[2026-02-22T02:47:08.829+0000] {datalake_df2csv.py:97} INFO - ✅ Chuyển đổi CSV thành công!
[2026-02-22T02:47:08.830+0000] {datalake_df2csv.py:98} INFO -   - Kích thước file: 0.02 MB
[2026-02-22T02:47:08.831+0000] {datalake_df2csv.py:99} INFO -   - Thời gian chuyển đổi: 0.02 giây
[2026-02-22T02:47:08.832+0000] {datalake_df2csv.py:100} INFO - --------------------------------------------------------------------------------
[2026-02-22T02:47:08.832+0000] {datalake_df2csv.py:103} INFO - ☁️  Bước 3: Đang upload lên MinIO/S3...
[2026-02-22T02:47:08.875+0000] {base.py:84} INFO - Using connection ID 'minio_finance' for task execution.
[2026-02-22T02:47:08.882+0000] {connection_wrapper.py:384} INFO - AWS Connection (conn_id='minio_finance', conn_type='aws') credentials retrieved from login and password.
[2026-02-22T02:47:10.139+0000] {datalake_df2csv.py:112} INFO -   - Bucket 'thongtin-congty-va-bctc' đã tồn tại
[2026-02-22T02:47:10.234+0000] {datalake_df2csv.py:117} INFO - ✅ Upload thành công!
[2026-02-22T02:47:10.235+0000] {datalake_df2csv.py:118} INFO -   - Đường dẫn: s3://thongtin-congty-va-bctc/overview/2026-02-22/batch_59.csv
[2026-02-22T02:47:10.235+0000] {datalake_df2csv.py:119} INFO -   - Số dòng: 16
[2026-02-22T02:47:10.237+0000] {datalake_df2csv.py:120} INFO -   - Thời gian upload: 1.40 giây
[2026-02-22T02:47:10.238+0000] {datalake_df2csv.py:121} INFO - --------------------------------------------------------------------------------
[2026-02-22T02:47:10.239+0000] {datalake_df2csv.py:125} INFO - 📈 TỔNG KẾT:
[2026-02-22T02:47:10.242+0000] {datalake_df2csv.py:126} INFO -   - Tổng thời gian thực thi: 102.14 giây
[2026-02-22T02:47:10.242+0000] {datalake_df2csv.py:127} INFO -   - Tốc độ xử lý: 0 dòng/giây
[2026-02-22T02:47:10.244+0000] {datalake_df2csv.py:128} INFO - ================================================================================
[2026-02-22T02:47:10.245+0000] {datalake_df2csv.py:129} INFO - ✅ HOÀN THÀNH TASK: ingest_overview
[2026-02-22T02:47:10.245+0000] {datalake_df2csv.py:130} INFO - ================================================================================
[2026-02-22T02:47:10.247+0000] {taskinstance.py:441} INFO - ::group::Post task execution logs
[2026-02-22T02:47:10.272+0000] {taskinstance.py:1206} INFO - Marking task as SUCCESS. dag_id=company_overview_to_minio, task_id=ingest_overview, run_id=manual__2026-02-22T02:41:53.488760+00:00, map_index=59, execution_date=20260222T024153, start_date=20260222T024527, end_date=20260222T024710
[2026-02-22T02:47:10.406+0000] {local_task_job_runner.py:243} INFO - Task exited with return code 0
[2026-02-22T02:47:10.527+0000] {taskinstance.py:3503} INFO - 0 downstream tasks scheduled from follow-on schedule check
[2026-02-22T02:47:10.530+0000] {local_task_job_runner.py:222} INFO - ::endgroup::
