[2026-01-22T14:23:31.100+0000] {local_task_job_runner.py:120} INFO - ::group::Pre task execution logs
[2026-01-22T14:23:31.146+0000] {taskinstance.py:2076} INFO - Dependencies all met for dep_context=non-requeueable deps ti=<TaskInstance: financial_ratios_etl.ingest_financial_ratios manual__2026-01-19T13:56:35+00:00 map_index=189 [queued]>
[2026-01-22T14:23:31.188+0000] {taskinstance.py:2076} INFO - Dependencies all met for dep_context=requeueable deps ti=<TaskInstance: financial_ratios_etl.ingest_financial_ratios manual__2026-01-19T13:56:35+00:00 map_index=189 [queued]>
[2026-01-22T14:23:31.189+0000] {taskinstance.py:2306} INFO - Starting attempt 1 of 2
[2026-01-22T14:23:31.213+0000] {taskinstance.py:2330} INFO - Executing <Mapped(DfToCsvOperator): ingest_financial_ratios> on 2026-01-19 13:56:35+00:00
[2026-01-22T14:23:31.235+0000] {warnings.py:112} WARNING - This process (pid=2965) is multi-threaded, use of fork() may lead to deadlocks in the child.

[2026-01-22T14:23:31.246+0000] {standard_task_runner.py:64} INFO - Started process 2998 to run task
[2026-01-22T14:23:31.240+0000] {standard_task_runner.py:90} INFO - Running: ['***', 'tasks', 'run', 'financial_ratios_etl', 'ingest_financial_ratios', 'manual__2026-01-19T13:56:35+00:00', '--job-id', '4085', '--raw', '--subdir', 'DAGS_FOLDER/financial_ratios_etl.py', '--cfg-path', '/tmp/tmp8xof7pgb', '--map-index', '189']
[2026-01-22T14:23:31.288+0000] {standard_task_runner.py:91} INFO - Job 4085: Subtask ingest_financial_ratios
[2026-01-22T14:23:31.434+0000] {task_command.py:426} INFO - Running <TaskInstance: financial_ratios_etl.ingest_financial_ratios manual__2026-01-19T13:56:35+00:00 map_index=189 [running]> on host 4da96d4d1b09
[2026-01-22T14:23:31.691+0000] {taskinstance.py:2648} INFO - Exporting env vars: AIRFLOW_CTX_DAG_OWNER='***' AIRFLOW_CTX_DAG_ID='financial_ratios_etl' AIRFLOW_CTX_TASK_ID='ingest_financial_ratios' AIRFLOW_CTX_EXECUTION_DATE='2026-01-19T13:56:35+00:00' AIRFLOW_CTX_TRY_NUMBER='1' AIRFLOW_CTX_DAG_RUN_ID='manual__2026-01-19T13:56:35+00:00'
[2026-01-22T14:23:31.700+0000] {taskinstance.py:430} INFO - ::endgroup::
[2026-01-22T14:23:31.775+0000] {logging_mixin.py:188} INFO - [RATIO] Bắt đầu xử lý batch 2 mã: ['TAP', 'TAN']
[2026-01-22T14:23:31.776+0000] {logging_mixin.py:188} INFO - [RATIO] Kỳ dữ liệu: quarter
[2026-01-22T14:23:31.777+0000] {logging_mixin.py:188} INFO -  >> [RATIO] Đang lấy dữ liệu: TAP
[2026-01-22T14:23:37.122+0000] {logging_mixin.py:188} INFO - ❌ Lỗi TAP: RetryError[<Future at 0x7fe1d15f6750 state=finished raised KeyError>]
[2026-01-22T14:23:37.124+0000] {logging_mixin.py:188} INFO -  ⚠️ [RATIO] TAP: No data from API
[2026-01-22T14:23:39.125+0000] {logging_mixin.py:188} INFO -  >> [RATIO] Đang lấy dữ liệu: TAN
[2026-01-22T14:23:44.536+0000] {logging_mixin.py:188} INFO - ❌ Lỗi TAN: RetryError[<Future at 0x7fe1d1663c20 state=finished raised KeyError>]
[2026-01-22T14:23:44.538+0000] {logging_mixin.py:188} INFO -  ⚠️ [RATIO] TAN: No data from API
[2026-01-22T14:23:46.539+0000] {logging_mixin.py:188} INFO -  ⚠ [RATIO] Batch này không thu được dữ liệu nào.
[2026-01-22T14:23:46.541+0000] {datalake_df2csv.py:40} INFO - DataFrame rỗng, bỏ qua upload CSV.
[2026-01-22T14:23:46.541+0000] {taskinstance.py:441} INFO - ::group::Post task execution logs
[2026-01-22T14:23:46.554+0000] {taskinstance.py:1206} INFO - Marking task as SUCCESS. dag_id=financial_ratios_etl, task_id=ingest_financial_ratios, run_id=manual__2026-01-19T13:56:35+00:00, map_index=189, execution_date=20260119T135635, start_date=20260122T142331, end_date=20260122T142346
[2026-01-22T14:23:46.713+0000] {local_task_job_runner.py:243} INFO - Task exited with return code 0
[2026-01-22T14:23:46.732+0000] {taskinstance.py:3503} INFO - 0 downstream tasks scheduled from follow-on schedule check
[2026-01-22T14:23:46.735+0000] {local_task_job_runner.py:222} INFO - ::endgroup::
