[2026-03-21T08:21:25.554+0000] {local_task_job_runner.py:120} INFO - ::group::Pre task execution logs
[2026-03-21T08:21:25.600+0000] {taskinstance.py:2076} INFO - Dependencies all met for dep_context=non-requeueable deps ti=<TaskInstance: daily_price.ingest_daily_price scheduled__2026-03-19T16:00:00+00:00 map_index=18 [queued]>
[2026-03-21T08:21:25.619+0000] {taskinstance.py:2076} INFO - Dependencies all met for dep_context=requeueable deps ti=<TaskInstance: daily_price.ingest_daily_price scheduled__2026-03-19T16:00:00+00:00 map_index=18 [queued]>
[2026-03-21T08:21:25.620+0000] {taskinstance.py:2306} INFO - Starting attempt 1 of 2
[2026-03-21T08:21:25.660+0000] {taskinstance.py:2330} INFO - Executing <Mapped(DfToCsvOperator): ingest_daily_price> on 2026-03-19 16:00:00+00:00
[2026-03-21T08:21:25.679+0000] {warnings.py:112} WARNING - This process (pid=12525) is multi-threaded, use of fork() may lead to deadlocks in the child.

[2026-03-21T08:21:25.683+0000] {standard_task_runner.py:64} INFO - Started process 12557 to run task
[2026-03-21T08:21:25.686+0000] {standard_task_runner.py:90} INFO - Running: ['***', 'tasks', 'run', 'daily_price', 'ingest_daily_price', 'scheduled__2026-03-19T16:00:00+00:00', '--job-id', '34504', '--raw', '--subdir', 'DAGS_FOLDER/dl_dailly_price.py', '--cfg-path', '/tmp/tmp4dw3tvv8', '--map-index', '18']
[2026-03-21T08:21:25.692+0000] {standard_task_runner.py:91} INFO - Job 34504: Subtask ingest_daily_price
[2026-03-21T08:21:25.802+0000] {task_command.py:426} INFO - Running <TaskInstance: daily_price.ingest_daily_price scheduled__2026-03-19T16:00:00+00:00 map_index=18 [running]> on host f78ccc25496b
[2026-03-21T08:21:26.018+0000] {taskinstance.py:2648} INFO - Exporting env vars: AIRFLOW_CTX_DAG_OWNER='***' AIRFLOW_CTX_DAG_ID='daily_price' AIRFLOW_CTX_TASK_ID='ingest_daily_price' AIRFLOW_CTX_EXECUTION_DATE='2026-03-19T16:00:00+00:00' AIRFLOW_CTX_TRY_NUMBER='1' AIRFLOW_CTX_DAG_RUN_ID='scheduled__2026-03-19T16:00:00+00:00'
[2026-03-21T08:21:26.020+0000] {taskinstance.py:430} INFO - ::endgroup::
[2026-03-21T08:21:26.021+0000] {datalake_df2csv.py:40} INFO - ================================================================================
[2026-03-21T08:21:26.024+0000] {datalake_df2csv.py:41} INFO - 🚀 BẮT ĐẦU TASK: ingest_daily_price
[2026-03-21T08:21:26.024+0000] {datalake_df2csv.py:42} INFO - ================================================================================
[2026-03-21T08:21:26.025+0000] {datalake_df2csv.py:43} INFO - 📋 Thông tin cấu hình:
[2026-03-21T08:21:26.026+0000] {datalake_df2csv.py:44} INFO -   - Logic file: history_price
[2026-03-21T08:21:26.026+0000] {datalake_df2csv.py:45} INFO -   - DataFrame name: get_history_price_batch
[2026-03-21T08:21:26.027+0000] {datalake_df2csv.py:46} INFO -   - Bucket: thongtin-congty-va-bctc
[2026-03-21T08:21:26.027+0000] {datalake_df2csv.py:47} INFO -   - Object path: daily_price/2026-03-19/batch_18.csv
[2026-03-21T08:21:26.028+0000] {datalake_df2csv.py:48} INFO -   - Connection ID: minio_finance
[2026-03-21T08:21:26.028+0000] {datalake_df2csv.py:49} INFO -   - Tham số truyền vào: {'symbols': ['BCF', 'APL', 'HEC', 'EBS', 'IHK'], 'start_date': '2026-03-19', 'end_date': '2026-03-20'}
[2026-03-21T08:21:26.029+0000] {datalake_df2csv.py:50} INFO - --------------------------------------------------------------------------------
[2026-03-21T08:21:26.030+0000] {datalake_df2csv.py:54} INFO - 📥 Bước 1: Đang load dữ liệu từ logic file...
[2026-03-21T08:21:26.034+0000] {datalake_df2csv.py:148} INFO -   - Logic directory: /opt/airflow/plugins/logic
[2026-03-21T08:21:26.035+0000] {datalake_df2csv.py:149} INFO -   - Module path: /opt/airflow/plugins/logic/history_price.py
[2026-03-21T08:21:26.036+0000] {datalake_df2csv.py:153} INFO -   - Đã thêm logic directory vào sys.path
[2026-03-21T08:21:26.038+0000] {datalake_df2csv.py:159} INFO -   - Đang load module 'history_price'...
[2026-03-21T08:21:26.043+0000] {datalake_df2csv.py:163} INFO -   - ✅ Module loaded thành công
[2026-03-21T08:21:26.044+0000] {datalake_df2csv.py:165} INFO -   - Đang tìm DataFrame/function: 'get_history_price_batch'...
[2026-03-21T08:21:26.045+0000] {datalake_df2csv.py:170} INFO -   - ✅ Tìm thấy object: function
[2026-03-21T08:21:26.046+0000] {datalake_df2csv.py:173} INFO -   - Đang gọi function với tham số: {'symbols': ['BCF', 'APL', 'HEC', 'EBS', 'IHK'], 'start_date': '2026-03-19', 'end_date': '2026-03-20'}
[2026-03-21T08:22:04.399+0000] {log.py:232} WARNING - 2026-03-21 08:21:59 - vnstock.core.utils.client - ERROR - API request failed: HTTPSConnectionPool(host='trading.vietcap.com.vn', port=443): Max retries exceeded with url: /api/chart/OHLCChart/gap-chart (Caused by NewConnectionError('<urllib3.connection.HTTPSConnection object at 0x7f3e9c1f85c0>: Failed to establish a new connection: [Errno 101] Network is unreachable'))
[2026-03-21T08:21:59.539+0000] {client.py:297} ERROR - API request failed: HTTPSConnectionPool(host='trading.vietcap.com.vn', port=443): Max retries exceeded with url: /api/chart/OHLCChart/gap-chart (Caused by NewConnectionError('<urllib3.connection.HTTPSConnection object at 0x7f3e9c1f85c0>: Failed to establish a new connection: [Errno 101] Network is unreachable'))
[2026-03-21T08:22:30.360+0000] {log.py:232} WARNING - 2026-03-21 08:22:30 - vnstock.core.utils.client - ERROR - API request failed: HTTPSConnectionPool(host='trading.vietcap.com.vn', port=443): Max retries exceeded with url: /api/chart/OHLCChart/gap-chart (Caused by NewConnectionError('<urllib3.connection.HTTPSConnection object at 0x7f3e9c1f97f0>: Failed to establish a new connection: [Errno 101] Network is unreachable'))
[2026-03-21T08:22:30.360+0000] {client.py:297} ERROR - API request failed: HTTPSConnectionPool(host='trading.vietcap.com.vn', port=443): Max retries exceeded with url: /api/chart/OHLCChart/gap-chart (Caused by NewConnectionError('<urllib3.connection.HTTPSConnection object at 0x7f3e9c1f97f0>: Failed to establish a new connection: [Errno 101] Network is unreachable'))
[2026-03-21T08:22:54.204+0000] {log.py:232} WARNING - 2026-03-21 08:22:54 - vnstock.core.utils.client - ERROR - API request failed: HTTPSConnectionPool(host='trading.vietcap.com.vn', port=443): Max retries exceeded with url: /api/chart/OHLCChart/gap-chart (Caused by NewConnectionError('<urllib3.connection.HTTPSConnection object at 0x7f3e9c1fa4e0>: Failed to establish a new connection: [Errno 101] Network is unreachable'))
[2026-03-21T08:22:54.204+0000] {client.py:297} ERROR - API request failed: HTTPSConnectionPool(host='trading.vietcap.com.vn', port=443): Max retries exceeded with url: /api/chart/OHLCChart/gap-chart (Caused by NewConnectionError('<urllib3.connection.HTTPSConnection object at 0x7f3e9c1fa4e0>: Failed to establish a new connection: [Errno 101] Network is unreachable'))
[2026-03-21T08:22:57.740+0000] {datalake_df2csv.py:68} INFO - ✅ Load dữ liệu thành công!
[2026-03-21T08:22:57.741+0000] {datalake_df2csv.py:69} INFO - 📊 Thông tin DataFrame:
[2026-03-21T08:22:57.742+0000] {datalake_df2csv.py:70} INFO -   - Số dòng: 15
[2026-03-21T08:22:57.744+0000] {datalake_df2csv.py:71} INFO -   - Số cột: 7
[2026-03-21T08:22:57.746+0000] {datalake_df2csv.py:72} INFO -   - Tên các cột: ['ticker', 'trading_date', 'open', 'high', 'low', 'close', 'volume']
[2026-03-21T08:22:57.748+0000] {datalake_df2csv.py:73} INFO -   - Kiểu dữ liệu: {'ticker': 'object', 'trading_date': 'object', 'open': 'float64', 'high': 'float64', 'low': 'float64', 'close': 'float64', 'volume': 'int64'}
[2026-03-21T08:22:57.752+0000] {datalake_df2csv.py:74} INFO -   - Bộ nhớ sử dụng: 0.00 MB
[2026-03-21T08:22:57.758+0000] {datalake_df2csv.py:83} INFO -   - Không có giá trị NULL
[2026-03-21T08:22:57.759+0000] {datalake_df2csv.py:86} INFO -   - Mẫu dữ liệu (5 dòng đầu):
[2026-03-21T08:22:57.761+0000] {datalake_df2csv.py:88} INFO -     Row 0: {'ticker': 'BCF', 'trading_date': '2026-03-13', 'open': 40.5, 'high': 40.5, 'low': 39.6, 'close': 40.1, 'volume': 600}
[2026-03-21T08:22:57.762+0000] {datalake_df2csv.py:88} INFO -     Row 1: {'ticker': 'BCF', 'trading_date': '2026-03-19', 'open': 40.5, 'high': 41.0, 'low': 40.5, 'close': 41.0, 'volume': 900}
[2026-03-21T08:22:57.765+0000] {datalake_df2csv.py:88} INFO -     Row 2: {'ticker': 'BCF', 'trading_date': '2026-03-20', 'open': 41.2, 'high': 41.2, 'low': 41.0, 'close': 41.0, 'volume': 1600}
[2026-03-21T08:22:57.766+0000] {datalake_df2csv.py:88} INFO -     Row 3: {'ticker': 'APL', 'trading_date': '2026-02-11', 'open': 14.8, 'high': 14.8, 'low': 14.8, 'close': 14.8, 'volume': 500}
[2026-03-21T08:22:57.767+0000] {datalake_df2csv.py:88} INFO -     Row 4: {'ticker': 'APL', 'trading_date': '2026-02-23', 'open': 14.8, 'high': 14.8, 'low': 14.8, 'close': 14.8, 'volume': 100}
[2026-03-21T08:22:57.768+0000] {datalake_df2csv.py:90} INFO - --------------------------------------------------------------------------------
[2026-03-21T08:22:57.768+0000] {datalake_df2csv.py:93} INFO - 📝 Bước 2: Đang chuyển đổi DataFrame sang CSV...
[2026-03-21T08:22:57.776+0000] {datalake_df2csv.py:97} INFO - ✅ Chuyển đổi CSV thành công!
[2026-03-21T08:22:57.777+0000] {datalake_df2csv.py:98} INFO -   - Kích thước file: 0.00 MB
[2026-03-21T08:22:57.777+0000] {datalake_df2csv.py:99} INFO -   - Thời gian chuyển đổi: 0.01 giây
[2026-03-21T08:22:57.778+0000] {datalake_df2csv.py:100} INFO - --------------------------------------------------------------------------------
[2026-03-21T08:22:57.779+0000] {datalake_df2csv.py:103} INFO - ☁️  Bước 3: Đang upload lên MinIO/S3...
[2026-03-21T08:22:57.796+0000] {base.py:84} INFO - Using connection ID 'minio_finance' for task execution.
[2026-03-21T08:22:57.798+0000] {connection_wrapper.py:384} INFO - AWS Connection (conn_id='minio_finance', conn_type='aws') credentials retrieved from login and password.
[2026-03-21T08:22:58.517+0000] {datalake_df2csv.py:112} INFO -   - Bucket 'thongtin-congty-va-bctc' đã tồn tại
[2026-03-21T08:22:58.567+0000] {datalake_df2csv.py:117} INFO - ✅ Upload thành công!
[2026-03-21T08:22:58.568+0000] {datalake_df2csv.py:118} INFO -   - Đường dẫn: s3://thongtin-congty-va-bctc/daily_price/2026-03-19/batch_18.csv
[2026-03-21T08:22:58.569+0000] {datalake_df2csv.py:119} INFO -   - Số dòng: 15
[2026-03-21T08:22:58.569+0000] {datalake_df2csv.py:120} INFO -   - Thời gian upload: 0.79 giây
[2026-03-21T08:22:58.570+0000] {datalake_df2csv.py:121} INFO - --------------------------------------------------------------------------------
[2026-03-21T08:22:58.570+0000] {datalake_df2csv.py:125} INFO - 📈 TỔNG KẾT:
[2026-03-21T08:22:58.571+0000] {datalake_df2csv.py:126} INFO -   - Tổng thời gian thực thi: 92.55 giây
[2026-03-21T08:22:58.571+0000] {datalake_df2csv.py:127} INFO -   - Tốc độ xử lý: 0 dòng/giây
[2026-03-21T08:22:58.572+0000] {datalake_df2csv.py:128} INFO - ================================================================================
[2026-03-21T08:22:58.572+0000] {datalake_df2csv.py:129} INFO - ✅ HOÀN THÀNH TASK: ingest_daily_price
[2026-03-21T08:22:58.573+0000] {datalake_df2csv.py:130} INFO - ================================================================================
[2026-03-21T08:22:58.574+0000] {taskinstance.py:441} INFO - ::group::Post task execution logs
[2026-03-21T08:22:58.590+0000] {taskinstance.py:1206} INFO - Marking task as SUCCESS. dag_id=daily_price, task_id=ingest_daily_price, run_id=scheduled__2026-03-19T16:00:00+00:00, map_index=18, execution_date=20260319T160000, start_date=20260321T082125, end_date=20260321T082258
[2026-03-21T08:22:58.687+0000] {local_task_job_runner.py:243} INFO - Task exited with return code 0
[2026-03-21T08:22:58.715+0000] {taskinstance.py:3503} INFO - 0 downstream tasks scheduled from follow-on schedule check
[2026-03-21T08:22:58.720+0000] {local_task_job_runner.py:222} INFO - ::endgroup::
