[2026-01-15T13:15:18.726+0000] {local_task_job_runner.py:120} INFO - ::group::Pre task execution logs
[2026-01-15T13:15:18.754+0000] {taskinstance.py:2076} INFO - Dependencies all met for dep_context=non-requeueable deps ti=<TaskInstance: company_overview_to_minio.ingest_overview manual__2026-01-15T12:57:05.396448+00:00 map_index=85 [queued]>
[2026-01-15T13:15:18.773+0000] {taskinstance.py:2076} INFO - Dependencies all met for dep_context=requeueable deps ti=<TaskInstance: company_overview_to_minio.ingest_overview manual__2026-01-15T12:57:05.396448+00:00 map_index=85 [queued]>
[2026-01-15T13:15:18.774+0000] {taskinstance.py:2306} INFO - Starting attempt 1 of 2
[2026-01-15T13:15:18.793+0000] {taskinstance.py:2330} INFO - Executing <Mapped(DfToCsvOperator): ingest_overview> on 2026-01-15 12:57:05.396448+00:00
[2026-01-15T13:15:18.810+0000] {warnings.py:112} WARNING - This process (pid=4394) is multi-threaded, use of fork() may lead to deadlocks in the child.

[2026-01-15T13:15:18.815+0000] {standard_task_runner.py:64} INFO - Started process 4419 to run task
[2026-01-15T13:15:18.816+0000] {standard_task_runner.py:90} INFO - Running: ['***', 'tasks', 'run', 'company_overview_to_minio', 'ingest_overview', 'manual__2026-01-15T12:57:05.396448+00:00', '--job-id', '16029', '--raw', '--subdir', 'DAGS_FOLDER/company_overview_to_minio.py', '--cfg-path', '/tmp/tmpxwqmmpa6', '--map-index', '85']
[2026-01-15T13:15:18.821+0000] {standard_task_runner.py:91} INFO - Job 16029: Subtask ingest_overview
[2026-01-15T13:15:18.892+0000] {task_command.py:426} INFO - Running <TaskInstance: company_overview_to_minio.ingest_overview manual__2026-01-15T12:57:05.396448+00:00 map_index=85 [running]> on host 48331fd7a179
[2026-01-15T13:15:19.015+0000] {taskinstance.py:2648} INFO - Exporting env vars: AIRFLOW_CTX_DAG_OWNER='***' AIRFLOW_CTX_DAG_ID='company_overview_to_minio' AIRFLOW_CTX_TASK_ID='ingest_overview' AIRFLOW_CTX_EXECUTION_DATE='2026-01-15T12:57:05.396448+00:00' AIRFLOW_CTX_TRY_NUMBER='1' AIRFLOW_CTX_DAG_RUN_ID='manual__2026-01-15T12:57:05.396448+00:00'
[2026-01-15T13:15:19.017+0000] {taskinstance.py:430} INFO - ::endgroup::
[2026-01-15T13:15:19.850+0000] {warnings.py:112} WARNING - DataFrame.applymap has been deprecated. Use DataFrame.map instead.

[2026-01-15T13:15:20.964+0000] {logging_mixin.py:188} INFO - Err overview AGF: Failed to fetch data: 429 - Too Many Requests
[2026-01-15T13:15:22.167+0000] {warnings.py:112} WARNING - DataFrame.applymap has been deprecated. Use DataFrame.map instead.

[2026-01-15T13:15:23.285+0000] {logging_mixin.py:188} INFO - Err overview AG1: Failed to fetch data: 429 - Too Many Requests
[2026-01-15T13:15:24.927+0000] {warnings.py:112} WARNING - DataFrame.applymap has been deprecated. Use DataFrame.map instead.

[2026-01-15T13:15:26.437+0000] {warnings.py:112} WARNING - DataFrame.applymap has been deprecated. Use DataFrame.map instead.

[2026-01-15T13:15:27.802+0000] {warnings.py:112} WARNING - DataFrame.applymap has been deprecated. Use DataFrame.map instead.

[2026-01-15T13:15:29.058+0000] {warnings.py:112} WARNING - DataFrame.applymap has been deprecated. Use DataFrame.map instead.

[2026-01-15T13:15:30.270+0000] {warnings.py:112} WARNING - DataFrame.applymap has been deprecated. Use DataFrame.map instead.

[2026-01-15T13:15:31.444+0000] {warnings.py:112} WARNING - DataFrame.applymap has been deprecated. Use DataFrame.map instead.

[2026-01-15T13:15:32.680+0000] {warnings.py:112} WARNING - DataFrame.applymap has been deprecated. Use DataFrame.map instead.

[2026-01-15T13:15:33.847+0000] {warnings.py:112} WARNING - DataFrame.applymap has been deprecated. Use DataFrame.map instead.

[2026-01-15T13:15:35.153+0000] {warnings.py:112} WARNING - DataFrame.applymap has been deprecated. Use DataFrame.map instead.

[2026-01-15T13:15:36.508+0000] {logging_mixin.py:188} INFO - Err overview ACG: Failed to fetch data: 429 - Too Many Requests
[2026-01-15T13:15:37.676+0000] {warnings.py:112} WARNING - DataFrame.applymap has been deprecated. Use DataFrame.map instead.

[2026-01-15T13:15:39.083+0000] {warnings.py:112} WARNING - DataFrame.applymap has been deprecated. Use DataFrame.map instead.

[2026-01-15T13:15:40.293+0000] {warnings.py:112} WARNING - DataFrame.applymap has been deprecated. Use DataFrame.map instead.

[2026-01-15T13:15:41.480+0000] {warnings.py:112} WARNING - DataFrame.applymap has been deprecated. Use DataFrame.map instead.

[2026-01-15T13:15:42.678+0000] {warnings.py:112} WARNING - DataFrame.applymap has been deprecated. Use DataFrame.map instead.

[2026-01-15T13:15:44.001+0000] {warnings.py:112} WARNING - DataFrame.applymap has been deprecated. Use DataFrame.map instead.

[2026-01-15T13:15:45.069+0000] {base.py:84} INFO - Using connection ID 'minio_finance' for task execution.
[2026-01-15T13:15:45.070+0000] {connection_wrapper.py:384} INFO - AWS Connection (conn_id='minio_finance', conn_type='aws') credentials retrieved from login and password.
[2026-01-15T13:15:45.914+0000] {datalake_df2csv.py:52} INFO - ✅ Đã upload 17 dòng -> s3://thongtin-congty-va-bctc/overview/date=2026-01-15/batch_85.csv
[2026-01-15T13:15:45.915+0000] {taskinstance.py:441} INFO - ::group::Post task execution logs
[2026-01-15T13:15:45.923+0000] {taskinstance.py:1206} INFO - Marking task as SUCCESS. dag_id=company_overview_to_minio, task_id=ingest_overview, run_id=manual__2026-01-15T12:57:05.396448+00:00, map_index=85, execution_date=20260115T125705, start_date=20260115T131518, end_date=20260115T131545
[2026-01-15T13:15:45.975+0000] {local_task_job_runner.py:243} INFO - Task exited with return code 0
[2026-01-15T13:15:46.000+0000] {taskinstance.py:3503} INFO - 0 downstream tasks scheduled from follow-on schedule check
[2026-01-15T13:15:46.003+0000] {local_task_job_runner.py:222} INFO - ::endgroup::
