[2026-01-18T03:31:53.668+0000] {local_task_job_runner.py:120} INFO - ::group::Pre task execution logs
[2026-01-18T03:31:53.691+0000] {taskinstance.py:2076} INFO - Dependencies all met for dep_context=non-requeueable deps ti=<TaskInstance: company_overview_to_minio.ingest_overview scheduled__2026-01-11T00:00:00+00:00 map_index=81 [queued]>
[2026-01-18T03:31:53.706+0000] {taskinstance.py:2076} INFO - Dependencies all met for dep_context=requeueable deps ti=<TaskInstance: company_overview_to_minio.ingest_overview scheduled__2026-01-11T00:00:00+00:00 map_index=81 [queued]>
[2026-01-18T03:31:53.706+0000] {taskinstance.py:2306} INFO - Starting attempt 1 of 2
[2026-01-18T03:31:53.718+0000] {taskinstance.py:2330} INFO - Executing <Mapped(DfToCsvOperator): ingest_overview> on 2026-01-11 00:00:00+00:00
[2026-01-18T03:31:53.730+0000] {warnings.py:112} WARNING - This process (pid=4298) is multi-threaded, use of fork() may lead to deadlocks in the child.

[2026-01-18T03:31:53.731+0000] {standard_task_runner.py:64} INFO - Started process 4327 to run task
[2026-01-18T03:31:53.733+0000] {standard_task_runner.py:90} INFO - Running: ['***', 'tasks', 'run', 'company_overview_to_minio', 'ingest_overview', 'scheduled__2026-01-11T00:00:00+00:00', '--job-id', '1817', '--raw', '--subdir', 'DAGS_FOLDER/company_overview_to_minio.py', '--cfg-path', '/tmp/tmpnl70opgq', '--map-index', '81']
[2026-01-18T03:31:53.736+0000] {standard_task_runner.py:91} INFO - Job 1817: Subtask ingest_overview
[2026-01-18T03:31:53.780+0000] {task_command.py:426} INFO - Running <TaskInstance: company_overview_to_minio.ingest_overview scheduled__2026-01-11T00:00:00+00:00 map_index=81 [running]> on host 5ae19da926ef
[2026-01-18T03:31:53.871+0000] {taskinstance.py:2648} INFO - Exporting env vars: AIRFLOW_CTX_DAG_OWNER='***' AIRFLOW_CTX_DAG_ID='company_overview_to_minio' AIRFLOW_CTX_TASK_ID='ingest_overview' AIRFLOW_CTX_EXECUTION_DATE='2026-01-11T00:00:00+00:00' AIRFLOW_CTX_TRY_NUMBER='1' AIRFLOW_CTX_DAG_RUN_ID='scheduled__2026-01-11T00:00:00+00:00'
[2026-01-18T03:31:53.872+0000] {taskinstance.py:430} INFO - ::endgroup::
[2026-01-18T03:31:56.760+0000] {warnings.py:112} WARNING - DataFrame.applymap has been deprecated. Use DataFrame.map instead.

[2026-01-18T03:31:57.949+0000] {warnings.py:112} WARNING - DataFrame.applymap has been deprecated. Use DataFrame.map instead.

[2026-01-18T03:31:59.185+0000] {warnings.py:112} WARNING - DataFrame.applymap has been deprecated. Use DataFrame.map instead.

[2026-01-18T03:32:00.496+0000] {warnings.py:112} WARNING - DataFrame.applymap has been deprecated. Use DataFrame.map instead.

[2026-01-18T03:32:01.884+0000] {warnings.py:112} WARNING - DataFrame.applymap has been deprecated. Use DataFrame.map instead.

[2026-01-18T03:32:03.210+0000] {warnings.py:112} WARNING - DataFrame.applymap has been deprecated. Use DataFrame.map instead.

[2026-01-18T03:32:05.214+0000] {warnings.py:112} WARNING - DataFrame.applymap has been deprecated. Use DataFrame.map instead.

[2026-01-18T03:32:10.625+0000] {logging_mixin.py:188} INFO - Err overview BHH: RetryError[<Future at 0x7f4f11c46ae0 state=finished raised AttributeError>]
[2026-01-18T03:32:12.133+0000] {warnings.py:112} WARNING - DataFrame.applymap has been deprecated. Use DataFrame.map instead.

[2026-01-18T03:32:13.426+0000] {warnings.py:112} WARNING - DataFrame.applymap has been deprecated. Use DataFrame.map instead.

[2026-01-18T03:32:14.673+0000] {warnings.py:112} WARNING - DataFrame.applymap has been deprecated. Use DataFrame.map instead.

[2026-01-18T03:32:16.525+0000] {warnings.py:112} WARNING - DataFrame.applymap has been deprecated. Use DataFrame.map instead.

[2026-01-18T03:32:18.529+0000] {warnings.py:112} WARNING - DataFrame.applymap has been deprecated. Use DataFrame.map instead.

[2026-01-18T03:32:19.694+0000] {warnings.py:112} WARNING - DataFrame.applymap has been deprecated. Use DataFrame.map instead.

[2026-01-18T03:32:21.053+0000] {warnings.py:112} WARNING - DataFrame.applymap has been deprecated. Use DataFrame.map instead.

[2026-01-18T03:32:22.303+0000] {warnings.py:112} WARNING - DataFrame.applymap has been deprecated. Use DataFrame.map instead.

[2026-01-18T03:32:23.586+0000] {warnings.py:112} WARNING - DataFrame.applymap has been deprecated. Use DataFrame.map instead.

[2026-01-18T03:32:25.683+0000] {warnings.py:112} WARNING - DataFrame.applymap has been deprecated. Use DataFrame.map instead.

[2026-01-18T03:32:26.962+0000] {warnings.py:112} WARNING - DataFrame.applymap has been deprecated. Use DataFrame.map instead.

[2026-01-18T03:32:28.216+0000] {warnings.py:112} WARNING - DataFrame.applymap has been deprecated. Use DataFrame.map instead.

[2026-01-18T03:32:29.244+0000] {base.py:84} INFO - Using connection ID 'minio_finance' for task execution.
[2026-01-18T03:32:29.245+0000] {connection_wrapper.py:384} INFO - AWS Connection (conn_id='minio_finance', conn_type='aws') credentials retrieved from login and password.
[2026-01-18T03:32:29.627+0000] {datalake_df2csv.py:52} INFO - ✅ Đã upload 19 dòng -> s3://thongtin-congty-va-bctc/overview/date=2026-01-11/batch_81.csv
[2026-01-18T03:32:29.628+0000] {taskinstance.py:441} INFO - ::group::Post task execution logs
[2026-01-18T03:32:29.636+0000] {taskinstance.py:1206} INFO - Marking task as SUCCESS. dag_id=company_overview_to_minio, task_id=ingest_overview, run_id=scheduled__2026-01-11T00:00:00+00:00, map_index=81, execution_date=20260111T000000, start_date=20260118T033153, end_date=20260118T033229
[2026-01-18T03:32:29.696+0000] {local_task_job_runner.py:243} INFO - Task exited with return code 0
[2026-01-18T03:32:29.703+0000] {local_task_job_runner.py:222} INFO - ::endgroup::
