[2026-04-10T12:20:35.708+0000] {local_task_job_runner.py:120} INFO - ::group::Pre task execution logs
[2026-04-10T12:20:35.838+0000] {taskinstance.py:2076} INFO - Dependencies all met for dep_context=non-requeueable deps ti=<TaskInstance: minio_to_db_sync.sync_macro_economy scheduled__2026-04-09T03:00:00+00:00 [queued]>
[2026-04-10T12:20:35.854+0000] {taskinstance.py:2076} INFO - Dependencies all met for dep_context=requeueable deps ti=<TaskInstance: minio_to_db_sync.sync_macro_economy scheduled__2026-04-09T03:00:00+00:00 [queued]>
[2026-04-10T12:20:35.862+0000] {taskinstance.py:2306} INFO - Starting attempt 1 of 3
[2026-04-10T12:20:35.917+0000] {taskinstance.py:2330} INFO - Executing <Task(_PythonDecoratedOperator): sync_macro_economy> on 2026-04-09 03:00:00+00:00
[2026-04-10T12:20:35.938+0000] {warnings.py:112} WARNING - This process (pid=74) is multi-threaded, use of fork() may lead to deadlocks in the child.

[2026-04-10T12:20:35.956+0000] {standard_task_runner.py:64} INFO - Started process 105 to run task
[2026-04-10T12:20:35.991+0000] {standard_task_runner.py:90} INFO - Running: ['***', 'tasks', 'run', 'minio_to_db_sync', 'sync_macro_economy', 'scheduled__2026-04-09T03:00:00+00:00', '--job-id', '41098', '--raw', '--subdir', 'DAGS_FOLDER/minio_to_db_sync.py', '--cfg-path', '/tmp/tmpfwly17uk']
[2026-04-10T12:20:36.001+0000] {standard_task_runner.py:91} INFO - Job 41098: Subtask sync_macro_economy
[2026-04-10T12:20:36.413+0000] {task_command.py:426} INFO - Running <TaskInstance: minio_to_db_sync.sync_macro_economy scheduled__2026-04-09T03:00:00+00:00 [running]> on host 1fa6f0c1773c
[2026-04-10T12:20:38.905+0000] {taskinstance.py:2648} INFO - Exporting env vars: AIRFLOW_CTX_DAG_OWNER='***' AIRFLOW_CTX_DAG_ID='minio_to_db_sync' AIRFLOW_CTX_TASK_ID='sync_macro_economy' AIRFLOW_CTX_EXECUTION_DATE='2026-04-09T03:00:00+00:00' AIRFLOW_CTX_TRY_NUMBER='1' AIRFLOW_CTX_DAG_RUN_ID='scheduled__2026-04-09T03:00:00+00:00'
[2026-04-10T12:20:38.906+0000] {taskinstance.py:430} INFO - ::endgroup::
[2026-04-10T12:20:38.954+0000] {logging_mixin.py:188} INFO - ======================================================================
[2026-04-10T12:20:38.958+0000] {logging_mixin.py:188} INFO - 📊 SYNC MACRO ECONOMY TO DATABASE
[2026-04-10T12:20:38.961+0000] {logging_mixin.py:188} INFO - ======================================================================
[2026-04-10T12:20:38.967+0000] {logging_mixin.py:188} INFO - 
--- Processing XAU ---
[2026-04-10T12:20:38.996+0000] {base.py:84} INFO - Using connection ID 'minio_finance' for task execution.
[2026-04-10T12:20:39.013+0000] {connection_wrapper.py:384} INFO - AWS Connection (conn_id='minio_finance', conn_type='aws') credentials retrieved from login and password.
[2026-04-10T12:20:58.194+0000] {logging_mixin.py:188} INFO - 📂 Scanning 46 objects in thongtin-congty-va-bctc/macro_economy/xau/
[2026-04-10T12:20:58.196+0000] {logging_mixin.py:188} INFO - 📅 Found 46 valid date partition(s): ['2026-01-13', '2026-01-15', '2026-01-16', '2026-01-17', '2026-01-19', '2026-01-21', '2026-01-23', '2026-01-24', '2026-01-26', '2026-01-27', '2026-01-28', '2026-01-30', '2026-02-02', '2026-02-03', '2026-02-04', '2026-02-06', '2026-02-07', '2026-02-11', '2026-02-17', '2026-02-21', '2026-02-25', '2026-02-26', '2026-02-27', '2026-02-28', '2026-03-01', '2026-03-02', '2026-03-03', '2026-03-06', '2026-03-07', '2026-03-09', '2026-03-10', '2026-03-11', '2026-03-18', '2026-03-20', '2026-03-21', '2026-03-23', '2026-03-24', '2026-03-25', '2026-03-27', '2026-03-28', '2026-03-31', '2026-04-01', '2026-04-02', '2026-04-03', '2026-04-07', '2026-04-08']
[2026-04-10T12:20:58.197+0000] {logging_mixin.py:188} INFO - ✅ Latest partition selected: macro_economy/xau/2026-04-08/
[2026-04-10T12:20:58.214+0000] {base.py:84} INFO - Using connection ID 'minio_finance' for task execution.
[2026-04-10T12:20:58.216+0000] {connection_wrapper.py:384} INFO - AWS Connection (conn_id='minio_finance', conn_type='aws') credentials retrieved from login and password.
[2026-04-10T12:20:58.551+0000] {base.py:84} INFO - Using connection ID 'minio_finance' for task execution.
[2026-04-10T12:20:58.553+0000] {connection_wrapper.py:384} INFO - AWS Connection (conn_id='minio_finance', conn_type='aws') credentials retrieved from login and password.
[2026-04-10T12:20:58.799+0000] {logging_mixin.py:188} INFO - ✓ Read 1 rows from macro_economy/xau/2026-04-08/data.csv
[2026-04-10T12:20:58.802+0000] {logging_mixin.py:188} INFO - 
--- Processing OIL ---
[2026-04-10T12:20:58.812+0000] {base.py:84} INFO - Using connection ID 'minio_finance' for task execution.
[2026-04-10T12:20:58.815+0000] {connection_wrapper.py:384} INFO - AWS Connection (conn_id='minio_finance', conn_type='aws') credentials retrieved from login and password.
[2026-04-10T12:21:06.110+0000] {logging_mixin.py:188} INFO - 📂 Scanning 47 objects in thongtin-congty-va-bctc/macro_economy/oil/
[2026-04-10T12:21:06.111+0000] {logging_mixin.py:188} INFO - 📅 Found 47 valid date partition(s): ['2026-01-13', '2026-01-15', '2026-01-16', '2026-01-17', '2026-01-19', '2026-01-21', '2026-01-23', '2026-01-24', '2026-01-26', '2026-01-27', '2026-01-28', '2026-01-30', '2026-02-02', '2026-02-03', '2026-02-04', '2026-02-06', '2026-02-07', '2026-02-11', '2026-02-17', '2026-02-21', '2026-02-25', '2026-02-26', '2026-02-27', '2026-02-28', '2026-03-01', '2026-03-02', '2026-03-03', '2026-03-06', '2026-03-07', '2026-03-09', '2026-03-10', '2026-03-11', '2026-03-18', '2026-03-20', '2026-03-21', '2026-03-23', '2026-03-24', '2026-03-25', '2026-03-27', '2026-03-28', '2026-03-31', '2026-04-01', '2026-04-02', '2026-04-03', '2026-04-07', '2026-04-08', '2026-04-09']
[2026-04-10T12:21:06.111+0000] {logging_mixin.py:188} INFO - ✅ Latest partition selected: macro_economy/oil/2026-04-09/
[2026-04-10T12:21:06.121+0000] {base.py:84} INFO - Using connection ID 'minio_finance' for task execution.
[2026-04-10T12:21:06.123+0000] {connection_wrapper.py:384} INFO - AWS Connection (conn_id='minio_finance', conn_type='aws') credentials retrieved from login and password.
[2026-04-10T12:21:06.479+0000] {base.py:84} INFO - Using connection ID 'minio_finance' for task execution.
[2026-04-10T12:21:06.480+0000] {connection_wrapper.py:384} INFO - AWS Connection (conn_id='minio_finance', conn_type='aws') credentials retrieved from login and password.
[2026-04-10T12:21:06.693+0000] {logging_mixin.py:188} INFO - ✓ Read 1 rows from macro_economy/oil/2026-04-09/data.csv
[2026-04-10T12:21:06.695+0000] {logging_mixin.py:188} INFO - 
--- Processing DJI ---
[2026-04-10T12:21:06.708+0000] {base.py:84} INFO - Using connection ID 'minio_finance' for task execution.
[2026-04-10T12:21:06.710+0000] {connection_wrapper.py:384} INFO - AWS Connection (conn_id='minio_finance', conn_type='aws') credentials retrieved from login and password.
[2026-04-10T12:21:17.591+0000] {logging_mixin.py:188} INFO - 📂 Scanning 45 objects in thongtin-congty-va-bctc/macro_economy/dowjone/
[2026-04-10T12:21:17.592+0000] {logging_mixin.py:188} INFO - 📅 Found 45 valid date partition(s): ['2026-01-13', '2026-01-15', '2026-01-16', '2026-01-17', '2026-01-21', '2026-01-23', '2026-01-24', '2026-01-26', '2026-01-27', '2026-01-28', '2026-01-30', '2026-02-02', '2026-02-03', '2026-02-04', '2026-02-06', '2026-02-07', '2026-02-11', '2026-02-17', '2026-02-21', '2026-02-25', '2026-02-26', '2026-02-27', '2026-02-28', '2026-03-02', '2026-03-03', '2026-03-06', '2026-03-07', '2026-03-09', '2026-03-10', '2026-03-11', '2026-03-18', '2026-03-20', '2026-03-21', '2026-03-23', '2026-03-24', '2026-03-25', '2026-03-27', '2026-03-28', '2026-03-31', '2026-04-01', '2026-04-02', '2026-04-03', '2026-04-07', '2026-04-08', '2026-04-09']
[2026-04-10T12:21:17.593+0000] {logging_mixin.py:188} INFO - ✅ Latest partition selected: macro_economy/dowjone/2026-04-09/
[2026-04-10T12:21:17.602+0000] {base.py:84} INFO - Using connection ID 'minio_finance' for task execution.
[2026-04-10T12:21:17.603+0000] {connection_wrapper.py:384} INFO - AWS Connection (conn_id='minio_finance', conn_type='aws') credentials retrieved from login and password.
[2026-04-10T12:21:17.959+0000] {base.py:84} INFO - Using connection ID 'minio_finance' for task execution.
[2026-04-10T12:21:17.959+0000] {connection_wrapper.py:384} INFO - AWS Connection (conn_id='minio_finance', conn_type='aws') credentials retrieved from login and password.
[2026-04-10T12:21:18.132+0000] {logging_mixin.py:188} INFO - ✓ Read 1 rows from macro_economy/dowjone/2026-04-09/data.csv
[2026-04-10T12:21:18.134+0000] {logging_mixin.py:188} INFO - 
Total loaded: 3 rows
[2026-04-10T12:21:18.134+0000] {logging_mixin.py:188} INFO - 
Cleaning and transforming data...
[2026-04-10T12:21:18.158+0000] {logging_mixin.py:188} INFO - After cleaning: 3 rows
[2026-04-10T12:21:18.159+0000] {logging_mixin.py:188} INFO - 
Inserting into database...
[2026-04-10T12:21:18.218+0000] {logging_mixin.py:188} INFO - ✓ Schema hethong_phantich_chungkhoan ensured
[2026-04-10T12:21:18.234+0000] {logging_mixin.py:188} INFO - ✅ Inserted 3 rows
[2026-04-10T12:21:18.236+0000] {python.py:237} INFO - Done. Returned value was: ✅ Success: 3 rows
[2026-04-10T12:21:18.236+0000] {taskinstance.py:441} INFO - ::group::Post task execution logs
[2026-04-10T12:21:18.283+0000] {taskinstance.py:1206} INFO - Marking task as SUCCESS. dag_id=minio_to_db_sync, task_id=sync_macro_economy, run_id=scheduled__2026-04-09T03:00:00+00:00, execution_date=20260409T030000, start_date=20260410T122035, end_date=20260410T122118
[2026-04-10T12:21:18.388+0000] {local_task_job_runner.py:243} INFO - Task exited with return code 0
[2026-04-10T12:21:18.488+0000] {taskinstance.py:3503} INFO - 0 downstream tasks scheduled from follow-on schedule check
[2026-04-10T12:21:18.493+0000] {local_task_job_runner.py:222} INFO - ::endgroup::
