[2026-02-22T02:34:22.678+0000] {local_task_job_runner.py:120} INFO - ::group::Pre task execution logs
[2026-02-22T02:34:22.853+0000] {taskinstance.py:2076} INFO - Dependencies all met for dep_context=non-requeueable deps ti=<TaskInstance: daily_price_minio.ingest_daily_price scheduled__2026-02-16T16:00:00+00:00 map_index=272 [queued]>
[2026-02-22T02:34:22.909+0000] {taskinstance.py:2076} INFO - Dependencies all met for dep_context=requeueable deps ti=<TaskInstance: daily_price_minio.ingest_daily_price scheduled__2026-02-16T16:00:00+00:00 map_index=272 [queued]>
[2026-02-22T02:34:22.920+0000] {taskinstance.py:2306} INFO - Starting attempt 1 of 2
[2026-02-22T02:34:22.963+0000] {taskinstance.py:2330} INFO - Executing <Mapped(DfToCsvOperator): ingest_daily_price> on 2026-02-16 16:00:00+00:00
[2026-02-22T02:34:22.987+0000] {warnings.py:112} WARNING - This process (pid=1070) is multi-threaded, use of fork() may lead to deadlocks in the child.

[2026-02-22T02:34:22.990+0000] {standard_task_runner.py:64} INFO - Started process 1127 to run task
[2026-02-22T02:34:23.021+0000] {standard_task_runner.py:90} INFO - Running: ['***', 'tasks', 'run', 'daily_price_minio', 'ingest_daily_price', 'scheduled__2026-02-16T16:00:00+00:00', '--job-id', '23763', '--raw', '--subdir', 'DAGS_FOLDER/dl_dailly_price.py', '--cfg-path', '/tmp/tmpxown8ycx', '--map-index', '272']
[2026-02-22T02:34:23.066+0000] {standard_task_runner.py:91} INFO - Job 23763: Subtask ingest_daily_price
[2026-02-22T02:34:23.249+0000] {task_command.py:426} INFO - Running <TaskInstance: daily_price_minio.ingest_daily_price scheduled__2026-02-16T16:00:00+00:00 map_index=272 [running]> on host 1b22f72dc705
[2026-02-22T02:34:24.286+0000] {taskinstance.py:2648} INFO - Exporting env vars: AIRFLOW_CTX_DAG_OWNER='***' AIRFLOW_CTX_DAG_ID='daily_price_minio' AIRFLOW_CTX_TASK_ID='ingest_daily_price' AIRFLOW_CTX_EXECUTION_DATE='2026-02-16T16:00:00+00:00' AIRFLOW_CTX_TRY_NUMBER='1' AIRFLOW_CTX_DAG_RUN_ID='scheduled__2026-02-16T16:00:00+00:00'
[2026-02-22T02:34:24.298+0000] {taskinstance.py:430} INFO - ::endgroup::
[2026-02-22T02:34:24.307+0000] {datalake_df2csv.py:40} INFO - ================================================================================
[2026-02-22T02:34:24.308+0000] {datalake_df2csv.py:41} INFO - 🚀 BẮT ĐẦU TASK: ingest_daily_price
[2026-02-22T02:34:24.309+0000] {datalake_df2csv.py:42} INFO - ================================================================================
[2026-02-22T02:34:24.314+0000] {datalake_df2csv.py:43} INFO - 📋 Thông tin cấu hình:
[2026-02-22T02:34:24.315+0000] {datalake_df2csv.py:44} INFO -   - Logic file: history_price
[2026-02-22T02:34:24.321+0000] {datalake_df2csv.py:45} INFO -   - DataFrame name: get_history_price_batch
[2026-02-22T02:34:24.330+0000] {datalake_df2csv.py:46} INFO -   - Bucket: thongtin-congty-va-bctc
[2026-02-22T02:34:24.331+0000] {datalake_df2csv.py:47} INFO -   - Object path: daily_price/2026-02-16/batch_272.csv
[2026-02-22T02:34:24.333+0000] {datalake_df2csv.py:48} INFO -   - Connection ID: minio_finance
[2026-02-22T02:34:24.349+0000] {datalake_df2csv.py:49} INFO -   - Tham số truyền vào: {'symbols': ['FBC', 'NFC', 'HNG', 'SD5', 'F88'], 'start_date': '2026-02-16', 'end_date': '2026-02-17'}
[2026-02-22T02:34:24.350+0000] {datalake_df2csv.py:50} INFO - --------------------------------------------------------------------------------
[2026-02-22T02:34:24.351+0000] {datalake_df2csv.py:54} INFO - 📥 Bước 1: Đang load dữ liệu từ logic file...
[2026-02-22T02:34:24.372+0000] {datalake_df2csv.py:148} INFO -   - Logic directory: /opt/airflow/plugins/logic
[2026-02-22T02:34:24.383+0000] {datalake_df2csv.py:149} INFO -   - Module path: /opt/airflow/plugins/logic/history_price.py
[2026-02-22T02:34:24.389+0000] {datalake_df2csv.py:153} INFO -   - Đã thêm logic directory vào sys.path
[2026-02-22T02:34:24.417+0000] {datalake_df2csv.py:159} INFO -   - Đang load module 'history_price'...
[2026-02-22T02:34:24.440+0000] {datalake_df2csv.py:163} INFO -   - ✅ Module loaded thành công
[2026-02-22T02:34:24.447+0000] {datalake_df2csv.py:165} INFO -   - Đang tìm DataFrame/function: 'get_history_price_batch'...
[2026-02-22T02:34:24.448+0000] {datalake_df2csv.py:170} INFO -   - ✅ Tìm thấy object: function
[2026-02-22T02:34:24.450+0000] {datalake_df2csv.py:173} INFO -   - Đang gọi function với tham số: {'symbols': ['FBC', 'NFC', 'HNG', 'SD5', 'F88'], 'start_date': '2026-02-16', 'end_date': '2026-02-17'}
[2026-02-22T02:34:30.805+0000] {datalake_df2csv.py:68} INFO - ✅ Load dữ liệu thành công!
[2026-02-22T02:34:30.807+0000] {datalake_df2csv.py:69} INFO - 📊 Thông tin DataFrame:
[2026-02-22T02:34:30.810+0000] {datalake_df2csv.py:70} INFO -   - Số dòng: 20
[2026-02-22T02:34:30.812+0000] {datalake_df2csv.py:71} INFO -   - Số cột: 7
[2026-02-22T02:34:30.812+0000] {datalake_df2csv.py:72} INFO -   - Tên các cột: ['ticker', 'trading_date', 'open', 'high', 'low', 'close', 'volume']
[2026-02-22T02:34:30.815+0000] {datalake_df2csv.py:73} INFO -   - Kiểu dữ liệu: {'ticker': 'object', 'trading_date': 'object', 'open': 'float64', 'high': 'float64', 'low': 'float64', 'close': 'float64', 'volume': 'int64'}
[2026-02-22T02:34:30.825+0000] {datalake_df2csv.py:74} INFO -   - Bộ nhớ sử dụng: 0.00 MB
[2026-02-22T02:34:30.831+0000] {datalake_df2csv.py:83} INFO -   - Không có giá trị NULL
[2026-02-22T02:34:30.832+0000] {datalake_df2csv.py:86} INFO -   - Mẫu dữ liệu (5 dòng đầu):
[2026-02-22T02:34:30.836+0000] {datalake_df2csv.py:88} INFO -     Row 0: {'ticker': 'FBC', 'trading_date': '2024-07-22', 'open': 3.7, 'high': 3.7, 'low': 3.7, 'close': 3.7, 'volume': 0}
[2026-02-22T02:34:30.841+0000] {datalake_df2csv.py:88} INFO -     Row 1: {'ticker': 'FBC', 'trading_date': '2024-07-23', 'open': 3.7, 'high': 3.7, 'low': 3.7, 'close': 3.7, 'volume': 0}
[2026-02-22T02:34:30.847+0000] {datalake_df2csv.py:88} INFO -     Row 2: {'ticker': 'FBC', 'trading_date': '2024-07-24', 'open': 3.7, 'high': 3.7, 'low': 3.7, 'close': 3.7, 'volume': 0}
[2026-02-22T02:34:30.852+0000] {datalake_df2csv.py:88} INFO -     Row 3: {'ticker': 'FBC', 'trading_date': '2024-07-25', 'open': 3.7, 'high': 3.7, 'low': 3.7, 'close': 3.7, 'volume': 0}
[2026-02-22T02:34:30.855+0000] {datalake_df2csv.py:88} INFO -     Row 4: {'ticker': 'NFC', 'trading_date': '2026-02-09', 'open': 67.0, 'high': 67.0, 'low': 67.0, 'close': 67.0, 'volume': 800}
[2026-02-22T02:34:30.856+0000] {datalake_df2csv.py:90} INFO - --------------------------------------------------------------------------------
[2026-02-22T02:34:30.857+0000] {datalake_df2csv.py:93} INFO - 📝 Bước 2: Đang chuyển đổi DataFrame sang CSV...
[2026-02-22T02:34:30.875+0000] {datalake_df2csv.py:97} INFO - ✅ Chuyển đổi CSV thành công!
[2026-02-22T02:34:30.880+0000] {datalake_df2csv.py:98} INFO -   - Kích thước file: 0.00 MB
[2026-02-22T02:34:30.883+0000] {datalake_df2csv.py:99} INFO -   - Thời gian chuyển đổi: 0.01 giây
[2026-02-22T02:34:30.885+0000] {datalake_df2csv.py:100} INFO - --------------------------------------------------------------------------------
[2026-02-22T02:34:30.887+0000] {datalake_df2csv.py:103} INFO - ☁️  Bước 3: Đang upload lên MinIO/S3...
[2026-02-22T02:34:30.924+0000] {base.py:84} INFO - Using connection ID 'minio_finance' for task execution.
[2026-02-22T02:34:30.925+0000] {connection_wrapper.py:384} INFO - AWS Connection (conn_id='minio_finance', conn_type='aws') credentials retrieved from login and password.
[2026-02-22T02:34:32.913+0000] {datalake_df2csv.py:112} INFO -   - Bucket 'thongtin-congty-va-bctc' đã tồn tại
[2026-02-22T02:34:33.053+0000] {datalake_df2csv.py:117} INFO - ✅ Upload thành công!
[2026-02-22T02:34:33.054+0000] {datalake_df2csv.py:118} INFO -   - Đường dẫn: s3://thongtin-congty-va-bctc/daily_price/2026-02-16/batch_272.csv
[2026-02-22T02:34:33.055+0000] {datalake_df2csv.py:119} INFO -   - Số dòng: 20
[2026-02-22T02:34:33.055+0000] {datalake_df2csv.py:120} INFO -   - Thời gian upload: 2.17 giây
[2026-02-22T02:34:33.066+0000] {datalake_df2csv.py:121} INFO - --------------------------------------------------------------------------------
[2026-02-22T02:34:33.070+0000] {datalake_df2csv.py:125} INFO - 📈 TỔNG KẾT:
[2026-02-22T02:34:33.073+0000] {datalake_df2csv.py:126} INFO -   - Tổng thời gian thực thi: 8.76 giây
[2026-02-22T02:34:33.081+0000] {datalake_df2csv.py:127} INFO -   - Tốc độ xử lý: 2 dòng/giây
[2026-02-22T02:34:33.088+0000] {datalake_df2csv.py:128} INFO - ================================================================================
[2026-02-22T02:34:33.092+0000] {datalake_df2csv.py:129} INFO - ✅ HOÀN THÀNH TASK: ingest_daily_price
[2026-02-22T02:34:33.111+0000] {datalake_df2csv.py:130} INFO - ================================================================================
[2026-02-22T02:34:33.127+0000] {taskinstance.py:441} INFO - ::group::Post task execution logs
[2026-02-22T02:34:33.205+0000] {taskinstance.py:1206} INFO - Marking task as SUCCESS. dag_id=daily_price_minio, task_id=ingest_daily_price, run_id=scheduled__2026-02-16T16:00:00+00:00, map_index=272, execution_date=20260216T160000, start_date=20260222T023422, end_date=20260222T023433
[2026-02-22T02:34:33.361+0000] {local_task_job_runner.py:243} INFO - Task exited with return code 0
[2026-02-22T02:34:33.417+0000] {taskinstance.py:3503} INFO - 0 downstream tasks scheduled from follow-on schedule check
[2026-02-22T02:34:33.435+0000] {local_task_job_runner.py:222} INFO - ::endgroup::
