[2026-02-22T02:43:36.498+0000] {local_task_job_runner.py:120} INFO - ::group::Pre task execution logs
[2026-02-22T02:43:36.561+0000] {taskinstance.py:2076} INFO - Dependencies all met for dep_context=non-requeueable deps ti=<TaskInstance: company_overview_to_minio.ingest_overview manual__2026-02-22T02:41:53.488760+00:00 map_index=30 [queued]>
[2026-02-22T02:43:36.598+0000] {taskinstance.py:2076} INFO - Dependencies all met for dep_context=requeueable deps ti=<TaskInstance: company_overview_to_minio.ingest_overview manual__2026-02-22T02:41:53.488760+00:00 map_index=30 [queued]>
[2026-02-22T02:43:36.599+0000] {taskinstance.py:2306} INFO - Starting attempt 1 of 2
[2026-02-22T02:43:36.656+0000] {taskinstance.py:2330} INFO - Executing <Mapped(DfToCsvOperator): ingest_overview> on 2026-02-22 02:41:53.488760+00:00
[2026-02-22T02:43:36.693+0000] {warnings.py:112} WARNING - This process (pid=2742) is multi-threaded, use of fork() may lead to deadlocks in the child.

[2026-02-22T02:43:36.693+0000] {standard_task_runner.py:90} INFO - Running: ['***', 'tasks', 'run', 'company_overview_to_minio', 'ingest_overview', 'manual__2026-02-22T02:41:53.488760+00:00', '--job-id', '23923', '--raw', '--subdir', 'DAGS_FOLDER/dl_overview.py', '--cfg-path', '/tmp/tmpcvhivsfn', '--map-index', '30']
[2026-02-22T02:43:36.713+0000] {standard_task_runner.py:64} INFO - Started process 2759 to run task
[2026-02-22T02:43:36.714+0000] {standard_task_runner.py:91} INFO - Job 23923: Subtask ingest_overview
[2026-02-22T02:43:36.936+0000] {task_command.py:426} INFO - Running <TaskInstance: company_overview_to_minio.ingest_overview manual__2026-02-22T02:41:53.488760+00:00 map_index=30 [running]> on host 1b22f72dc705
[2026-02-22T02:43:37.354+0000] {taskinstance.py:2648} INFO - Exporting env vars: AIRFLOW_CTX_DAG_OWNER='***' AIRFLOW_CTX_DAG_ID='company_overview_to_minio' AIRFLOW_CTX_TASK_ID='ingest_overview' AIRFLOW_CTX_EXECUTION_DATE='2026-02-22T02:41:53.488760+00:00' AIRFLOW_CTX_TRY_NUMBER='1' AIRFLOW_CTX_DAG_RUN_ID='manual__2026-02-22T02:41:53.488760+00:00'
[2026-02-22T02:43:37.370+0000] {taskinstance.py:430} INFO - ::endgroup::
[2026-02-22T02:43:37.372+0000] {datalake_df2csv.py:40} INFO - ================================================================================
[2026-02-22T02:43:37.373+0000] {datalake_df2csv.py:41} INFO - 🚀 BẮT ĐẦU TASK: ingest_overview
[2026-02-22T02:43:37.383+0000] {datalake_df2csv.py:42} INFO - ================================================================================
[2026-02-22T02:43:37.384+0000] {datalake_df2csv.py:43} INFO - 📋 Thông tin cấu hình:
[2026-02-22T02:43:37.385+0000] {datalake_df2csv.py:44} INFO -   - Logic file: thongtincongty
[2026-02-22T02:43:37.385+0000] {datalake_df2csv.py:45} INFO -   - DataFrame name: get_overview_batch
[2026-02-22T02:43:37.387+0000] {datalake_df2csv.py:46} INFO -   - Bucket: thongtin-congty-va-bctc
[2026-02-22T02:43:37.388+0000] {datalake_df2csv.py:47} INFO -   - Object path: overview/2026-02-22/batch_30.csv
[2026-02-22T02:43:37.389+0000] {datalake_df2csv.py:48} INFO -   - Connection ID: minio_finance
[2026-02-22T02:43:37.390+0000] {datalake_df2csv.py:49} INFO -   - Tham số truyền vào: {'symbols': ['TCL', 'THM', 'SDC', 'BNW', 'PHR', 'PTE', 'SCI', 'SPH', 'THD', 'NGC', 'PWA', 'CDC', 'HHC', 'PVS', 'DBD', 'UPH', 'X20', 'RCD', 'DTA', 'PJT']}
[2026-02-22T02:43:37.392+0000] {datalake_df2csv.py:50} INFO - --------------------------------------------------------------------------------
[2026-02-22T02:43:37.398+0000] {datalake_df2csv.py:54} INFO - 📥 Bước 1: Đang load dữ liệu từ logic file...
[2026-02-22T02:43:37.409+0000] {datalake_df2csv.py:148} INFO -   - Logic directory: /opt/airflow/plugins/logic
[2026-02-22T02:43:37.411+0000] {datalake_df2csv.py:149} INFO -   - Module path: /opt/airflow/plugins/logic/thongtincongty.py
[2026-02-22T02:43:37.415+0000] {datalake_df2csv.py:153} INFO -   - Đã thêm logic directory vào sys.path
[2026-02-22T02:43:37.424+0000] {datalake_df2csv.py:159} INFO -   - Đang load module 'thongtincongty'...
[2026-02-22T02:43:37.435+0000] {datalake_df2csv.py:163} INFO -   - ✅ Module loaded thành công
[2026-02-22T02:43:37.439+0000] {datalake_df2csv.py:165} INFO -   - Đang tìm DataFrame/function: 'get_overview_batch'...
[2026-02-22T02:43:37.440+0000] {datalake_df2csv.py:170} INFO -   - ✅ Tìm thấy object: function
[2026-02-22T02:43:37.442+0000] {datalake_df2csv.py:173} INFO -   - Đang gọi function với tham số: {'symbols': ['TCL', 'THM', 'SDC', 'BNW', 'PHR', 'PTE', 'SCI', 'SPH', 'THD', 'NGC', 'PWA', 'CDC', 'HHC', 'PVS', 'DBD', 'UPH', 'X20', 'RCD', 'DTA', 'PJT']}
[2026-02-22T02:43:53.076+0000] {log.py:232} WARNING - 2026-02-22 02:43:53 - vnstock.core.utils.client - ERROR - API request failed: HTTPSConnectionPool(host='kbbuddywts.kbsec.com.vn', port=443): Max retries exceeded with url: /iis-server/investment/sector/stock?code=7&l=1 (Caused by NameResolutionError("<urllib3.connection.HTTPSConnection object at 0x7fd064536bd0>: Failed to resolve 'kbbuddywts.kbsec.com.vn' ([Errno -3] Temporary failure in name resolution)"))
[2026-02-22T02:43:53.034+0000] {client.py:297} ERROR - API request failed: HTTPSConnectionPool(host='kbbuddywts.kbsec.com.vn', port=443): Max retries exceeded with url: /iis-server/investment/sector/stock?code=7&l=1 (Caused by NameResolutionError("<urllib3.connection.HTTPSConnection object at 0x7fd064536bd0>: Failed to resolve 'kbbuddywts.kbsec.com.vn' ([Errno -3] Temporary failure in name resolution)"))
[2026-02-22T02:43:57.920+0000] {warnings.py:112} WARNING - DataFrame.applymap has been deprecated. Use DataFrame.map instead.

[2026-02-22T02:43:59.185+0000] {warnings.py:112} WARNING - DataFrame.applymap has been deprecated. Use DataFrame.map instead.

[2026-02-22T02:44:00.450+0000] {warnings.py:112} WARNING - DataFrame.applymap has been deprecated. Use DataFrame.map instead.

[2026-02-22T02:44:02.877+0000] {warnings.py:112} WARNING - DataFrame.applymap has been deprecated. Use DataFrame.map instead.

[2026-02-22T02:44:04.144+0000] {warnings.py:112} WARNING - DataFrame.applymap has been deprecated. Use DataFrame.map instead.

[2026-02-22T02:44:05.394+0000] {warnings.py:112} WARNING - DataFrame.applymap has been deprecated. Use DataFrame.map instead.

[2026-02-22T02:44:06.632+0000] {warnings.py:112} WARNING - DataFrame.applymap has been deprecated. Use DataFrame.map instead.

[2026-02-22T02:44:07.869+0000] {warnings.py:112} WARNING - DataFrame.applymap has been deprecated. Use DataFrame.map instead.

[2026-02-22T02:44:09.104+0000] {warnings.py:112} WARNING - DataFrame.applymap has been deprecated. Use DataFrame.map instead.

[2026-02-22T02:44:10.394+0000] {warnings.py:112} WARNING - DataFrame.applymap has been deprecated. Use DataFrame.map instead.

[2026-02-22T02:44:11.638+0000] {warnings.py:112} WARNING - DataFrame.applymap has been deprecated. Use DataFrame.map instead.

[2026-02-22T02:44:12.875+0000] {warnings.py:112} WARNING - DataFrame.applymap has been deprecated. Use DataFrame.map instead.

[2026-02-22T02:44:14.181+0000] {warnings.py:112} WARNING - DataFrame.applymap has been deprecated. Use DataFrame.map instead.

[2026-02-22T02:44:15.457+0000] {warnings.py:112} WARNING - DataFrame.applymap has been deprecated. Use DataFrame.map instead.

[2026-02-22T02:44:16.804+0000] {warnings.py:112} WARNING - DataFrame.applymap has been deprecated. Use DataFrame.map instead.

[2026-02-22T02:44:18.033+0000] {warnings.py:112} WARNING - DataFrame.applymap has been deprecated. Use DataFrame.map instead.

[2026-02-22T02:44:19.256+0000] {warnings.py:112} WARNING - DataFrame.applymap has been deprecated. Use DataFrame.map instead.

[2026-02-22T02:44:20.505+0000] {warnings.py:112} WARNING - DataFrame.applymap has been deprecated. Use DataFrame.map instead.

[2026-02-22T02:44:21.761+0000] {warnings.py:112} WARNING - DataFrame.applymap has been deprecated. Use DataFrame.map instead.

[2026-02-22T02:44:23.064+0000] {warnings.py:112} WARNING - DataFrame.applymap has been deprecated. Use DataFrame.map instead.

[2026-02-22T02:44:24.087+0000] {datalake_df2csv.py:68} INFO - ✅ Load dữ liệu thành công!
[2026-02-22T02:44:24.088+0000] {datalake_df2csv.py:69} INFO - 📊 Thông tin DataFrame:
[2026-02-22T02:44:24.089+0000] {datalake_df2csv.py:70} INFO -   - Số dòng: 20
[2026-02-22T02:44:24.091+0000] {datalake_df2csv.py:71} INFO -   - Số cột: 9
[2026-02-22T02:44:24.092+0000] {datalake_df2csv.py:72} INFO -   - Tên các cột: ['symbol', 'company_profile', 'icb_name2', 'icb_name3', 'icb_name4', 'exchange', 'type_info', 'organ_short_name', 'organ_name']
[2026-02-22T02:44:24.093+0000] {datalake_df2csv.py:73} INFO -   - Kiểu dữ liệu: {'symbol': 'object', 'company_profile': 'object', 'icb_name2': 'object', 'icb_name3': 'object', 'icb_name4': 'object', 'exchange': 'object', 'type_info': 'object', 'organ_short_name': 'object', 'organ_name': 'object'}
[2026-02-22T02:44:24.096+0000] {datalake_df2csv.py:74} INFO -   - Bộ nhớ sử dụng: 0.04 MB
[2026-02-22T02:44:24.098+0000] {datalake_df2csv.py:79} INFO -   - Số giá trị NULL:
[2026-02-22T02:44:24.100+0000] {datalake_df2csv.py:81} INFO -     + exchange: 8
[2026-02-22T02:44:24.100+0000] {datalake_df2csv.py:81} INFO -     + type_info: 8
[2026-02-22T02:44:24.101+0000] {datalake_df2csv.py:81} INFO -     + organ_short_name: 8
[2026-02-22T02:44:24.101+0000] {datalake_df2csv.py:81} INFO -     + organ_name: 8
[2026-02-22T02:44:24.102+0000] {datalake_df2csv.py:86} INFO -   - Mẫu dữ liệu (5 dòng đầu):
[2026-02-22T02:44:24.103+0000] {datalake_df2csv.py:88} INFO -     Row 0: {'symbol': 'TCL', 'company_profile': 'Công ty Cổ phần Đại lý Giao nhận Vận tải Xếp dỡ Tân Cảng (TCL) được thành lập năm 2007, là một đơn vị thành viên của công ty Tân Cảng Sài Gòn, hoạt động chủ yếu trong lĩnh vực vận tải đường bộ và đường thủy, xếp dỡ containers, dịch vụ đại lý hải quan và khai thác depots chứa containers rỗng. Hiện nay, công ty đang sử dụng nhiều phương tiện kỹ thuật hiện đại bao gồm: cẩu Kocks, cẩu xếp dỡ RTG6+1; cẩu Mijack3+1; xe nâng container rỗng, xe nâng container hàng tại cả Tân Cảng Logistic và Tân Cảng Hải Phòng. Ngày 24/12/2009, TCL thực hiện giao dịch đầu tiên trên sàn chứng khoán thành phố Hồ Chí Minh (HOSE)', 'icb_name2': 'Hàng & Dịch vụ Công nghiệp', 'icb_name3': 'Vận tải', 'icb_name4': 'Dịch vụ vận tải', 'exchange': 'HOSE', 'type_info': '', 'organ_short_name': '', 'organ_name': 'CTCP Đại lý Giao nhận Vận tải Xếp dỡ Tân Cảng'}
[2026-02-22T02:44:24.103+0000] {datalake_df2csv.py:88} INFO -     Row 1: {'symbol': 'THM', 'company_profile': 'Công ty Cổ phần Tứ Hải Hà Nam (THM) là một doanh nghiệp hoạt động trong ngành dệt may được thành lập từ năm 2010. Công ty chuyên cung cấp dịch vụ may đo, gia công số lượng lớn cho các thương hiệu nước ngoài. THM sở hữu 10 dây chuyền sản xuất, công suất ước tính 3 triệu sản phẩm/năm. Các sản phẩm chính của công ty là Áo Jacket và quần Soóc. Các sản phẩm của công ty hiện đang được xuất khẩu sang các nước EU, Mỹ, Hàn Quốc, ... với các đối tác như Zara, Bershka, Pull&Bear, Robinson, Delaney,... THM chính thức được giao dịch tại thị trường UPCoM từ ngày 18/10/2023.', 'icb_name2': 'Hàng cá nhân & Gia dụng', 'icb_name3': 'Hàng cá nhân', 'icb_name4': 'Hàng May mặc', 'exchange': nan, 'type_info': nan, 'organ_short_name': nan, 'organ_name': nan}
[2026-02-22T02:44:24.104+0000] {datalake_df2csv.py:88} INFO -     Row 2: {'symbol': 'SDC', 'company_profile': 'Công ty Cổ phần Tư vấn Sông Đà (SDC), tiền thân Xí nghiệp Thiết kế Sông Đà được thành lập năm 1975. Năm 2005, Công ty chuyển đổi mô hình kinh doanh hoạt động là Công ty Cổ phần. Hoạt động chính của Công ty là Tư vấn, lập dự án, thiết kế, giám sát thi công công trình thủy lợi, thủy điện. Công ty có lợi thế là thành viên của Tổng Công ty Sông Đà nên được kế thừa về những kinh nghiệm truyền thống, kỹ thuật cao trong lĩnh vực thuỷ điện. Sau hơn 50 năm xây dựng và phát triển, SDC đã có những bước tiến xa trong lĩnh vực thiết kế, khảo sát, tư vấn giám sát các công trình lớn, công trình trọng điểm quốc gia như: Thủy điện Thác bà, Hòa Bình, Yaly, Vĩnh Sơn, Sông Hinh, Sê San 3A, Sê San 4, Tuyên Quang..; Các công trình thủy điện nước ngoài: Xekaman 1, Xekaman3, Xekaman 4, Sekong 1, Nậm Nghiệp 1...tại Lào; Các công trình công nghiệp dân dụng: Nhà máy xi măng Tuyên Quang, Sông Đà, Yaly, Hạ Long, Thép Việt  - Ý... Ngày 25/12/2006, SDC chính thức giao dịch trên Sở Giao dịch Chứng khoán Hà Nội (HNX).', 'icb_name2': 'Hàng & Dịch vụ Công nghiệp', 'icb_name3': 'Tư vấn & Hỗ trợ Kinh doanh', 'icb_name4': 'Tư vấn & Hỗ trợ KD', 'exchange': 'HNX', 'type_info': '', 'organ_short_name': '', 'organ_name': 'CTCP Tư vấn Sông Đà'}
[2026-02-22T02:44:24.106+0000] {datalake_df2csv.py:88} INFO -     Row 3: {'symbol': 'BNW', 'company_profile': 'Công ty Cổ phần Nước sạch Bắc Ninh (BNW) có tiền thân là Công ty Cấp thoát nước Bắc Ninh, được thành lập vào năm 1997. Công ty hoạt động chính trong lĩnh vực sản xuất và kinh doanh nước sạch trên địa bàn thành phố Bắc Ninh, các thị trấn huyện lỵ thuộc tỉnh Bắc Ninh và các vùng phụ cận. Bên cạnh đó, Công ty còn tham gia xây dựng các công trình cấp thoát nước, hệ thống điện hạ thế đến 35KV, công trình dân dụng và công nghiệp, và quản lý vận hành hệ thống cấp thoát nước và xử lý nước thải đô thị và khu công nghiệp. Công ty quản lý và vận hành các nhà máy nước trực thuộc với tổng công suất khoảng 36.400m3/ngày đêm và Nhà máy xử lý nước thải thành phố Bắc Ninh với công suất 28.000m3/ngày đêm. BNW được giao dịch trên thị trường UPCoM từ tháng 12/2018.', 'icb_name2': 'Điện, nước & xăng dầu khí đốt', 'icb_name3': 'Nước & Khí đốt', 'icb_name4': 'Nước', 'exchange': nan, 'type_info': nan, 'organ_short_name': nan, 'organ_name': nan}
[2026-02-22T02:44:24.106+0000] {datalake_df2csv.py:88} INFO -     Row 4: {'symbol': 'PHR', 'company_profile': 'Công ty Cổ phần Cao su Phước Hòa (PHR) có tiền thân là Đồn điền Cao su Phước Hòa được thành lập sau ngày miền Nam hoàn toàn giải phóng. Công ty hoạt động trong lĩnh vực trồng, khai thác, chế biến mủ cao su và chế biến gỗ cao su. PHR chính thức hoạt động theo mô hình công ty cổ phần từ năm 2008. Công ty là một trong những công ty có diện tích cao su lớn của ngành, nằm trong Top 5 đơn vị quản lý diện tích và sản lượng cao su lớn nhất ngành. Công ty có diện tích đất trồng cao su là 15.227 ha và 3 nhà máy chế biến mủ cao su với tổng công suất 27.000 tấn/năm. PHR được niêm yết và giao dịch trên Sở Giao dịch Chứng khoán Thành phố Hồ Chí Minh (HOSE) từ tháng 08/2009.', 'icb_name2': 'Hóa chất', 'icb_name3': 'Hóa chất', 'icb_name4': 'Nhựa, cao su & sợi', 'exchange': 'HOSE', 'type_info': '', 'organ_short_name': '', 'organ_name': 'CTCP Cao su Phước Hòa'}
[2026-02-22T02:44:24.107+0000] {datalake_df2csv.py:90} INFO - --------------------------------------------------------------------------------
[2026-02-22T02:44:24.107+0000] {datalake_df2csv.py:93} INFO - 📝 Bước 2: Đang chuyển đổi DataFrame sang CSV...
[2026-02-22T02:44:24.112+0000] {datalake_df2csv.py:97} INFO - ✅ Chuyển đổi CSV thành công!
[2026-02-22T02:44:24.112+0000] {datalake_df2csv.py:98} INFO -   - Kích thước file: 0.02 MB
[2026-02-22T02:44:24.113+0000] {datalake_df2csv.py:99} INFO -   - Thời gian chuyển đổi: 0.00 giây
[2026-02-22T02:44:24.113+0000] {datalake_df2csv.py:100} INFO - --------------------------------------------------------------------------------
[2026-02-22T02:44:24.114+0000] {datalake_df2csv.py:103} INFO - ☁️  Bước 3: Đang upload lên MinIO/S3...
[2026-02-22T02:44:24.125+0000] {base.py:84} INFO - Using connection ID 'minio_finance' for task execution.
[2026-02-22T02:44:24.126+0000] {connection_wrapper.py:384} INFO - AWS Connection (conn_id='minio_finance', conn_type='aws') credentials retrieved from login and password.
[2026-02-22T02:44:24.700+0000] {datalake_df2csv.py:112} INFO -   - Bucket 'thongtin-congty-va-bctc' đã tồn tại
[2026-02-22T02:44:24.750+0000] {datalake_df2csv.py:117} INFO - ✅ Upload thành công!
[2026-02-22T02:44:24.750+0000] {datalake_df2csv.py:118} INFO -   - Đường dẫn: s3://thongtin-congty-va-bctc/overview/2026-02-22/batch_30.csv
[2026-02-22T02:44:24.751+0000] {datalake_df2csv.py:119} INFO -   - Số dòng: 20
[2026-02-22T02:44:24.751+0000] {datalake_df2csv.py:120} INFO -   - Thời gian upload: 0.64 giây
[2026-02-22T02:44:24.751+0000] {datalake_df2csv.py:121} INFO - --------------------------------------------------------------------------------
[2026-02-22T02:44:24.752+0000] {datalake_df2csv.py:125} INFO - 📈 TỔNG KẾT:
[2026-02-22T02:44:24.752+0000] {datalake_df2csv.py:126} INFO -   - Tổng thời gian thực thi: 47.38 giây
[2026-02-22T02:44:24.753+0000] {datalake_df2csv.py:127} INFO -   - Tốc độ xử lý: 0 dòng/giây
[2026-02-22T02:44:24.753+0000] {datalake_df2csv.py:128} INFO - ================================================================================
[2026-02-22T02:44:24.753+0000] {datalake_df2csv.py:129} INFO - ✅ HOÀN THÀNH TASK: ingest_overview
[2026-02-22T02:44:24.754+0000] {datalake_df2csv.py:130} INFO - ================================================================================
[2026-02-22T02:44:24.755+0000] {taskinstance.py:441} INFO - ::group::Post task execution logs
[2026-02-22T02:44:24.767+0000] {taskinstance.py:1206} INFO - Marking task as SUCCESS. dag_id=company_overview_to_minio, task_id=ingest_overview, run_id=manual__2026-02-22T02:41:53.488760+00:00, map_index=30, execution_date=20260222T024153, start_date=20260222T024336, end_date=20260222T024424
[2026-02-22T02:44:24.817+0000] {local_task_job_runner.py:243} INFO - Task exited with return code 0
[2026-02-22T02:44:24.860+0000] {taskinstance.py:3503} INFO - 0 downstream tasks scheduled from follow-on schedule check
[2026-02-22T02:44:24.864+0000] {local_task_job_runner.py:222} INFO - ::endgroup::
