[2026-03-12T14:10:59.923+0000] {local_task_job_runner.py:120} INFO - ::group::Pre task execution logs
[2026-03-12T14:10:59.973+0000] {taskinstance.py:2076} INFO - Dependencies all met for dep_context=non-requeueable deps ti=<TaskInstance: daily_price.ingest_daily_price scheduled__2026-03-10T16:00:00+00:00 map_index=209 [queued]>
[2026-03-12T14:11:00.012+0000] {taskinstance.py:2076} INFO - Dependencies all met for dep_context=requeueable deps ti=<TaskInstance: daily_price.ingest_daily_price scheduled__2026-03-10T16:00:00+00:00 map_index=209 [queued]>
[2026-03-12T14:11:00.014+0000] {taskinstance.py:2306} INFO - Starting attempt 1 of 2
[2026-03-12T14:11:00.045+0000] {taskinstance.py:2330} INFO - Executing <Mapped(DfToCsvOperator): ingest_daily_price> on 2026-03-10 16:00:00+00:00
[2026-03-12T14:11:00.060+0000] {warnings.py:112} WARNING - This process (pid=2310) is multi-threaded, use of fork() may lead to deadlocks in the child.

[2026-03-12T14:11:00.062+0000] {standard_task_runner.py:64} INFO - Started process 2380 to run task
[2026-03-12T14:11:00.064+0000] {standard_task_runner.py:90} INFO - Running: ['***', 'tasks', 'run', 'daily_price', 'ingest_daily_price', 'scheduled__2026-03-10T16:00:00+00:00', '--job-id', '32802', '--raw', '--subdir', 'DAGS_FOLDER/dl_dailly_price.py', '--cfg-path', '/tmp/tmpi8ab9mt5', '--map-index', '209']
[2026-03-12T14:11:00.070+0000] {standard_task_runner.py:91} INFO - Job 32802: Subtask ingest_daily_price
[2026-03-12T14:11:00.152+0000] {task_command.py:426} INFO - Running <TaskInstance: daily_price.ingest_daily_price scheduled__2026-03-10T16:00:00+00:00 map_index=209 [running]> on host 3111d10f607a
[2026-03-12T14:11:00.612+0000] {taskinstance.py:2648} INFO - Exporting env vars: AIRFLOW_CTX_DAG_OWNER='***' AIRFLOW_CTX_DAG_ID='daily_price' AIRFLOW_CTX_TASK_ID='ingest_daily_price' AIRFLOW_CTX_EXECUTION_DATE='2026-03-10T16:00:00+00:00' AIRFLOW_CTX_TRY_NUMBER='1' AIRFLOW_CTX_DAG_RUN_ID='scheduled__2026-03-10T16:00:00+00:00'
[2026-03-12T14:11:00.613+0000] {taskinstance.py:430} INFO - ::endgroup::
[2026-03-12T14:11:00.614+0000] {datalake_df2csv.py:40} INFO - ================================================================================
[2026-03-12T14:11:00.615+0000] {datalake_df2csv.py:41} INFO - 🚀 BẮT ĐẦU TASK: ingest_daily_price
[2026-03-12T14:11:00.615+0000] {datalake_df2csv.py:42} INFO - ================================================================================
[2026-03-12T14:11:00.616+0000] {datalake_df2csv.py:43} INFO - 📋 Thông tin cấu hình:
[2026-03-12T14:11:00.616+0000] {datalake_df2csv.py:44} INFO -   - Logic file: history_price
[2026-03-12T14:11:00.616+0000] {datalake_df2csv.py:45} INFO -   - DataFrame name: get_history_price_batch
[2026-03-12T14:11:00.617+0000] {datalake_df2csv.py:46} INFO -   - Bucket: thongtin-congty-va-bctc
[2026-03-12T14:11:00.617+0000] {datalake_df2csv.py:47} INFO -   - Object path: daily_price/2026-03-10/batch_209.csv
[2026-03-12T14:11:00.619+0000] {datalake_df2csv.py:48} INFO -   - Connection ID: minio_finance
[2026-03-12T14:11:00.620+0000] {datalake_df2csv.py:49} INFO -   - Tham số truyền vào: {'symbols': ['NDT', 'AAM', 'HPB', 'ALV', 'PDB'], 'start_date': '2026-03-10', 'end_date': '2026-03-11'}
[2026-03-12T14:11:00.621+0000] {datalake_df2csv.py:50} INFO - --------------------------------------------------------------------------------
[2026-03-12T14:11:00.621+0000] {datalake_df2csv.py:54} INFO - 📥 Bước 1: Đang load dữ liệu từ logic file...
[2026-03-12T14:11:00.626+0000] {datalake_df2csv.py:148} INFO -   - Logic directory: /opt/airflow/plugins/logic
[2026-03-12T14:11:00.627+0000] {datalake_df2csv.py:149} INFO -   - Module path: /opt/airflow/plugins/logic/history_price.py
[2026-03-12T14:11:00.628+0000] {datalake_df2csv.py:153} INFO -   - Đã thêm logic directory vào sys.path
[2026-03-12T14:11:00.630+0000] {datalake_df2csv.py:159} INFO -   - Đang load module 'history_price'...
[2026-03-12T14:11:00.636+0000] {datalake_df2csv.py:163} INFO -   - ✅ Module loaded thành công
[2026-03-12T14:11:00.637+0000] {datalake_df2csv.py:165} INFO -   - Đang tìm DataFrame/function: 'get_history_price_batch'...
[2026-03-12T14:11:00.638+0000] {datalake_df2csv.py:170} INFO -   - ✅ Tìm thấy object: function
[2026-03-12T14:11:00.638+0000] {datalake_df2csv.py:173} INFO -   - Đang gọi function với tham số: {'symbols': ['NDT', 'AAM', 'HPB', 'ALV', 'PDB'], 'start_date': '2026-03-10', 'end_date': '2026-03-11'}
[2026-03-12T14:11:13.080+0000] {log.py:232} WARNING - 2026-03-12 14:11:13 - vnstock.core.utils.client - ERROR - API request failed: HTTPSConnectionPool(host='trading.vietcap.com.vn', port=443): Max retries exceeded with url: /api/chart/OHLCChart/gap-chart (Caused by NameResolutionError("<urllib3.connection.HTTPSConnection object at 0x7f13918ce5a0>: Failed to resolve 'trading.vietcap.com.vn' ([Errno -3] Temporary failure in name resolution)"))
[2026-03-12T14:11:13.079+0000] {client.py:297} ERROR - API request failed: HTTPSConnectionPool(host='trading.vietcap.com.vn', port=443): Max retries exceeded with url: /api/chart/OHLCChart/gap-chart (Caused by NameResolutionError("<urllib3.connection.HTTPSConnection object at 0x7f13918ce5a0>: Failed to resolve 'trading.vietcap.com.vn' ([Errno -3] Temporary failure in name resolution)"))
[2026-03-12T14:11:25.142+0000] {log.py:232} WARNING - 2026-03-12 14:11:25 - vnstock.core.utils.client - ERROR - API request failed: HTTPSConnectionPool(host='trading.vietcap.com.vn', port=443): Max retries exceeded with url: /api/chart/OHLCChart/gap-chart (Caused by NameResolutionError("<urllib3.connection.HTTPSConnection object at 0x7f13918cdc70>: Failed to resolve 'trading.vietcap.com.vn' ([Errno -3] Temporary failure in name resolution)"))
[2026-03-12T14:11:25.141+0000] {client.py:297} ERROR - API request failed: HTTPSConnectionPool(host='trading.vietcap.com.vn', port=443): Max retries exceeded with url: /api/chart/OHLCChart/gap-chart (Caused by NameResolutionError("<urllib3.connection.HTTPSConnection object at 0x7f13918cdc70>: Failed to resolve 'trading.vietcap.com.vn' ([Errno -3] Temporary failure in name resolution)"))
[2026-03-12T14:11:39.145+0000] {log.py:232} WARNING - 2026-03-12 14:11:39 - vnstock.core.utils.client - ERROR - API request failed: HTTPSConnectionPool(host='trading.vietcap.com.vn', port=443): Max retries exceeded with url: /api/chart/OHLCChart/gap-chart (Caused by NameResolutionError("<urllib3.connection.HTTPSConnection object at 0x7f13918cf4a0>: Failed to resolve 'trading.vietcap.com.vn' ([Errno -3] Temporary failure in name resolution)"))
[2026-03-12T14:11:39.141+0000] {client.py:297} ERROR - API request failed: HTTPSConnectionPool(host='trading.vietcap.com.vn', port=443): Max retries exceeded with url: /api/chart/OHLCChart/gap-chart (Caused by NameResolutionError("<urllib3.connection.HTTPSConnection object at 0x7f13918cf4a0>: Failed to resolve 'trading.vietcap.com.vn' ([Errno -3] Temporary failure in name resolution)"))
[2026-03-12T14:11:51.276+0000] {log.py:232} WARNING - 2026-03-12 14:11:51 - vnstock.core.utils.client - ERROR - API request failed: HTTPSConnectionPool(host='trading.vietcap.com.vn', port=443): Max retries exceeded with url: /api/chart/OHLCChart/gap-chart (Caused by NameResolutionError("<urllib3.connection.HTTPSConnection object at 0x7f1391930500>: Failed to resolve 'trading.vietcap.com.vn' ([Errno -3] Temporary failure in name resolution)"))
[2026-03-12T14:11:51.276+0000] {client.py:297} ERROR - API request failed: HTTPSConnectionPool(host='trading.vietcap.com.vn', port=443): Max retries exceeded with url: /api/chart/OHLCChart/gap-chart (Caused by NameResolutionError("<urllib3.connection.HTTPSConnection object at 0x7f1391930500>: Failed to resolve 'trading.vietcap.com.vn' ([Errno -3] Temporary failure in name resolution)"))
[2026-03-12T14:11:54.380+0000] {datalake_df2csv.py:68} INFO - ✅ Load dữ liệu thành công!
[2026-03-12T14:11:54.381+0000] {datalake_df2csv.py:69} INFO - 📊 Thông tin DataFrame:
[2026-03-12T14:11:54.381+0000] {datalake_df2csv.py:70} INFO -   - Số dòng: 20
[2026-03-12T14:11:54.384+0000] {datalake_df2csv.py:71} INFO -   - Số cột: 7
[2026-03-12T14:11:54.385+0000] {datalake_df2csv.py:72} INFO -   - Tên các cột: ['ticker', 'trading_date', 'open', 'high', 'low', 'close', 'volume']
[2026-03-12T14:11:54.386+0000] {datalake_df2csv.py:73} INFO -   - Kiểu dữ liệu: {'ticker': 'object', 'trading_date': 'object', 'open': 'float64', 'high': 'float64', 'low': 'float64', 'close': 'float64', 'volume': 'int64'}
[2026-03-12T14:11:54.389+0000] {datalake_df2csv.py:74} INFO -   - Bộ nhớ sử dụng: 0.00 MB
[2026-03-12T14:11:54.391+0000] {datalake_df2csv.py:83} INFO -   - Không có giá trị NULL
[2026-03-12T14:11:54.392+0000] {datalake_df2csv.py:86} INFO -   - Mẫu dữ liệu (5 dòng đầu):
[2026-03-12T14:11:54.393+0000] {datalake_df2csv.py:88} INFO -     Row 0: {'ticker': 'NDT', 'trading_date': '2026-03-09', 'open': 4.6, 'high': 5.0, 'low': 4.6, 'close': 5.0, 'volume': 34100}
[2026-03-12T14:11:54.394+0000] {datalake_df2csv.py:88} INFO -     Row 1: {'ticker': 'NDT', 'trading_date': '2026-03-10', 'open': 4.3, 'high': 5.1, 'low': 4.3, 'close': 4.8, 'volume': 8900}
[2026-03-12T14:11:54.394+0000] {datalake_df2csv.py:88} INFO -     Row 2: {'ticker': 'NDT', 'trading_date': '2026-03-11', 'open': 4.9, 'high': 4.9, 'low': 4.9, 'close': 4.9, 'volume': 4000}
[2026-03-12T14:11:54.395+0000] {datalake_df2csv.py:88} INFO -     Row 3: {'ticker': 'NDT', 'trading_date': '2026-03-12', 'open': 4.9, 'high': 5.1, 'low': 4.9, 'close': 5.1, 'volume': 200}
[2026-03-12T14:11:54.396+0000] {datalake_df2csv.py:88} INFO -     Row 4: {'ticker': 'AAM', 'trading_date': '2026-03-09', 'open': 6.5, 'high': 6.5, 'low': 6.15, 'close': 6.3, 'volume': 19600}
[2026-03-12T14:11:54.396+0000] {datalake_df2csv.py:90} INFO - --------------------------------------------------------------------------------
[2026-03-12T14:11:54.397+0000] {datalake_df2csv.py:93} INFO - 📝 Bước 2: Đang chuyển đổi DataFrame sang CSV...
[2026-03-12T14:11:54.403+0000] {datalake_df2csv.py:97} INFO - ✅ Chuyển đổi CSV thành công!
[2026-03-12T14:11:54.403+0000] {datalake_df2csv.py:98} INFO -   - Kích thước file: 0.00 MB
[2026-03-12T14:11:54.404+0000] {datalake_df2csv.py:99} INFO -   - Thời gian chuyển đổi: 0.01 giây
[2026-03-12T14:11:54.405+0000] {datalake_df2csv.py:100} INFO - --------------------------------------------------------------------------------
[2026-03-12T14:11:54.405+0000] {datalake_df2csv.py:103} INFO - ☁️  Bước 3: Đang upload lên MinIO/S3...
[2026-03-12T14:11:54.418+0000] {base.py:84} INFO - Using connection ID 'minio_finance' for task execution.
[2026-03-12T14:11:54.418+0000] {connection_wrapper.py:384} INFO - AWS Connection (conn_id='minio_finance', conn_type='aws') credentials retrieved from login and password.
[2026-03-12T14:11:55.114+0000] {datalake_df2csv.py:112} INFO -   - Bucket 'thongtin-congty-va-bctc' đã tồn tại
[2026-03-12T14:11:55.154+0000] {datalake_df2csv.py:117} INFO - ✅ Upload thành công!
[2026-03-12T14:11:55.155+0000] {datalake_df2csv.py:118} INFO -   - Đường dẫn: s3://thongtin-congty-va-bctc/daily_price/2026-03-10/batch_209.csv
[2026-03-12T14:11:55.156+0000] {datalake_df2csv.py:119} INFO -   - Số dòng: 20
[2026-03-12T14:11:55.156+0000] {datalake_df2csv.py:120} INFO -   - Thời gian upload: 0.75 giây
[2026-03-12T14:11:55.157+0000] {datalake_df2csv.py:121} INFO - --------------------------------------------------------------------------------
[2026-03-12T14:11:55.157+0000] {datalake_df2csv.py:125} INFO - 📈 TỔNG KẾT:
[2026-03-12T14:11:55.158+0000] {datalake_df2csv.py:126} INFO -   - Tổng thời gian thực thi: 54.54 giây
[2026-03-12T14:11:55.158+0000] {datalake_df2csv.py:127} INFO -   - Tốc độ xử lý: 0 dòng/giây
[2026-03-12T14:11:55.159+0000] {datalake_df2csv.py:128} INFO - ================================================================================
[2026-03-12T14:11:55.159+0000] {datalake_df2csv.py:129} INFO - ✅ HOÀN THÀNH TASK: ingest_daily_price
[2026-03-12T14:11:55.160+0000] {datalake_df2csv.py:130} INFO - ================================================================================
[2026-03-12T14:11:55.160+0000] {taskinstance.py:441} INFO - ::group::Post task execution logs
[2026-03-12T14:11:55.172+0000] {taskinstance.py:1206} INFO - Marking task as SUCCESS. dag_id=daily_price, task_id=ingest_daily_price, run_id=scheduled__2026-03-10T16:00:00+00:00, map_index=209, execution_date=20260310T160000, start_date=20260312T141059, end_date=20260312T141155
[2026-03-12T14:11:55.263+0000] {local_task_job_runner.py:243} INFO - Task exited with return code 0
[2026-03-12T14:11:55.294+0000] {taskinstance.py:3503} INFO - 0 downstream tasks scheduled from follow-on schedule check
[2026-03-12T14:11:55.298+0000] {local_task_job_runner.py:222} INFO - ::endgroup::
