[2026-02-28T01:58:37.231+0000] {local_task_job_runner.py:120} INFO - ::group::Pre task execution logs
[2026-02-28T01:58:37.312+0000] {taskinstance.py:2076} INFO - Dependencies all met for dep_context=non-requeueable deps ti=<TaskInstance: daily_price.ingest_daily_price scheduled__2026-02-26T16:00:00+00:00 map_index=150 [queued]>
[2026-02-28T01:58:37.389+0000] {taskinstance.py:2076} INFO - Dependencies all met for dep_context=requeueable deps ti=<TaskInstance: daily_price.ingest_daily_price scheduled__2026-02-26T16:00:00+00:00 map_index=150 [queued]>
[2026-02-28T01:58:37.392+0000] {taskinstance.py:2306} INFO - Starting attempt 1 of 2
[2026-02-28T01:58:37.443+0000] {taskinstance.py:2330} INFO - Executing <Mapped(DfToCsvOperator): ingest_daily_price> on 2026-02-26 16:00:00+00:00
[2026-02-28T01:58:37.466+0000] {warnings.py:112} WARNING - This process (pid=1786) is multi-threaded, use of fork() may lead to deadlocks in the child.

[2026-02-28T01:58:37.469+0000] {standard_task_runner.py:64} INFO - Started process 1830 to run task
[2026-02-28T01:58:37.476+0000] {standard_task_runner.py:90} INFO - Running: ['***', 'tasks', 'run', 'daily_price', 'ingest_daily_price', 'scheduled__2026-02-26T16:00:00+00:00', '--job-id', '28294', '--raw', '--subdir', 'DAGS_FOLDER/dl_dailly_price.py', '--cfg-path', '/tmp/tmpx6yxxb3x', '--map-index', '150']
[2026-02-28T01:58:37.488+0000] {standard_task_runner.py:91} INFO - Job 28294: Subtask ingest_daily_price
[2026-02-28T01:58:37.629+0000] {task_command.py:426} INFO - Running <TaskInstance: daily_price.ingest_daily_price scheduled__2026-02-26T16:00:00+00:00 map_index=150 [running]> on host b6d397e728c6
[2026-02-28T01:58:38.694+0000] {taskinstance.py:2648} INFO - Exporting env vars: AIRFLOW_CTX_DAG_OWNER='***' AIRFLOW_CTX_DAG_ID='daily_price' AIRFLOW_CTX_TASK_ID='ingest_daily_price' AIRFLOW_CTX_EXECUTION_DATE='2026-02-26T16:00:00+00:00' AIRFLOW_CTX_TRY_NUMBER='1' AIRFLOW_CTX_DAG_RUN_ID='scheduled__2026-02-26T16:00:00+00:00'
[2026-02-28T01:58:38.701+0000] {taskinstance.py:430} INFO - ::endgroup::
[2026-02-28T01:58:38.705+0000] {datalake_df2csv.py:40} INFO - ================================================================================
[2026-02-28T01:58:38.707+0000] {datalake_df2csv.py:41} INFO - 🚀 BẮT ĐẦU TASK: ingest_daily_price
[2026-02-28T01:58:38.711+0000] {datalake_df2csv.py:42} INFO - ================================================================================
[2026-02-28T01:58:38.712+0000] {datalake_df2csv.py:43} INFO - 📋 Thông tin cấu hình:
[2026-02-28T01:58:38.713+0000] {datalake_df2csv.py:44} INFO -   - Logic file: history_price
[2026-02-28T01:58:38.718+0000] {datalake_df2csv.py:45} INFO -   - DataFrame name: get_history_price_batch
[2026-02-28T01:58:38.719+0000] {datalake_df2csv.py:46} INFO -   - Bucket: thongtin-congty-va-bctc
[2026-02-28T01:58:38.720+0000] {datalake_df2csv.py:47} INFO -   - Object path: daily_price/2026-02-26/batch_150.csv
[2026-02-28T01:58:38.722+0000] {datalake_df2csv.py:48} INFO -   - Connection ID: minio_finance
[2026-02-28T01:58:38.724+0000] {datalake_df2csv.py:49} INFO -   - Tham số truyền vào: {'symbols': ['NHC', 'DC4', 'THP', 'IN4', 'NHH'], 'start_date': '2026-02-26', 'end_date': '2026-02-27'}
[2026-02-28T01:58:38.727+0000] {datalake_df2csv.py:50} INFO - --------------------------------------------------------------------------------
[2026-02-28T01:58:38.728+0000] {datalake_df2csv.py:54} INFO - 📥 Bước 1: Đang load dữ liệu từ logic file...
[2026-02-28T01:58:38.736+0000] {datalake_df2csv.py:148} INFO -   - Logic directory: /opt/airflow/plugins/logic
[2026-02-28T01:58:38.738+0000] {datalake_df2csv.py:149} INFO -   - Module path: /opt/airflow/plugins/logic/history_price.py
[2026-02-28T01:58:38.739+0000] {datalake_df2csv.py:153} INFO -   - Đã thêm logic directory vào sys.path
[2026-02-28T01:58:38.746+0000] {datalake_df2csv.py:159} INFO -   - Đang load module 'history_price'...
[2026-02-28T01:58:38.787+0000] {datalake_df2csv.py:163} INFO -   - ✅ Module loaded thành công
[2026-02-28T01:58:38.787+0000] {datalake_df2csv.py:165} INFO -   - Đang tìm DataFrame/function: 'get_history_price_batch'...
[2026-02-28T01:58:38.788+0000] {datalake_df2csv.py:170} INFO -   - ✅ Tìm thấy object: function
[2026-02-28T01:58:38.791+0000] {datalake_df2csv.py:173} INFO -   - Đang gọi function với tham số: {'symbols': ['NHC', 'DC4', 'THP', 'IN4', 'NHH'], 'start_date': '2026-02-26', 'end_date': '2026-02-27'}
[2026-02-28T01:58:45.563+0000] {datalake_df2csv.py:68} INFO - ✅ Load dữ liệu thành công!
[2026-02-28T01:58:45.569+0000] {datalake_df2csv.py:69} INFO - 📊 Thông tin DataFrame:
[2026-02-28T01:58:45.572+0000] {datalake_df2csv.py:70} INFO -   - Số dòng: 15
[2026-02-28T01:58:45.578+0000] {datalake_df2csv.py:71} INFO -   - Số cột: 7
[2026-02-28T01:58:45.592+0000] {datalake_df2csv.py:72} INFO -   - Tên các cột: ['ticker', 'trading_date', 'open', 'high', 'low', 'close', 'volume']
[2026-02-28T01:58:45.598+0000] {datalake_df2csv.py:73} INFO -   - Kiểu dữ liệu: {'ticker': 'object', 'trading_date': 'object', 'open': 'float64', 'high': 'float64', 'low': 'float64', 'close': 'float64', 'volume': 'int64'}
[2026-02-28T01:58:45.607+0000] {datalake_df2csv.py:74} INFO -   - Bộ nhớ sử dụng: 0.00 MB
[2026-02-28T01:58:45.618+0000] {datalake_df2csv.py:83} INFO -   - Không có giá trị NULL
[2026-02-28T01:58:45.621+0000] {datalake_df2csv.py:86} INFO -   - Mẫu dữ liệu (5 dòng đầu):
[2026-02-28T01:58:45.624+0000] {datalake_df2csv.py:88} INFO -     Row 0: {'ticker': 'NHC', 'trading_date': '2026-01-23', 'open': 21.0, 'high': 21.0, 'low': 19.0, 'close': 19.0, 'volume': 4200}
[2026-02-28T01:58:45.629+0000] {datalake_df2csv.py:88} INFO -     Row 1: {'ticker': 'NHC', 'trading_date': '2026-01-30', 'open': 18.9, 'high': 18.9, 'low': 18.9, 'close': 18.9, 'volume': 900}
[2026-02-28T01:58:45.633+0000] {datalake_df2csv.py:88} INFO -     Row 2: {'ticker': 'NHC', 'trading_date': '2026-02-25', 'open': 20.5, 'high': 20.5, 'low': 20.5, 'close': 20.5, 'volume': 100}
[2026-02-28T01:58:45.637+0000] {datalake_df2csv.py:88} INFO -     Row 3: {'ticker': 'DC4', 'trading_date': '2026-02-25', 'open': 10.15, 'high': 10.25, 'low': 10.05, 'close': 10.05, 'volume': 106300}
[2026-02-28T01:58:45.638+0000] {datalake_df2csv.py:88} INFO -     Row 4: {'ticker': 'DC4', 'trading_date': '2026-02-26', 'open': 10.15, 'high': 10.15, 'low': 10.05, 'close': 10.1, 'volume': 104400}
[2026-02-28T01:58:45.639+0000] {datalake_df2csv.py:90} INFO - --------------------------------------------------------------------------------
[2026-02-28T01:58:45.640+0000] {datalake_df2csv.py:93} INFO - 📝 Bước 2: Đang chuyển đổi DataFrame sang CSV...
[2026-02-28T01:58:45.652+0000] {datalake_df2csv.py:97} INFO - ✅ Chuyển đổi CSV thành công!
[2026-02-28T01:58:45.662+0000] {datalake_df2csv.py:98} INFO -   - Kích thước file: 0.00 MB
[2026-02-28T01:58:45.667+0000] {datalake_df2csv.py:99} INFO -   - Thời gian chuyển đổi: 0.01 giây
[2026-02-28T01:58:45.668+0000] {datalake_df2csv.py:100} INFO - --------------------------------------------------------------------------------
[2026-02-28T01:58:45.673+0000] {datalake_df2csv.py:103} INFO - ☁️  Bước 3: Đang upload lên MinIO/S3...
[2026-02-28T01:58:45.718+0000] {base.py:84} INFO - Using connection ID 'minio_finance' for task execution.
[2026-02-28T01:58:45.724+0000] {connection_wrapper.py:384} INFO - AWS Connection (conn_id='minio_finance', conn_type='aws') credentials retrieved from login and password.
[2026-02-28T01:58:48.178+0000] {datalake_df2csv.py:112} INFO -   - Bucket 'thongtin-congty-va-bctc' đã tồn tại
[2026-02-28T01:58:48.299+0000] {datalake_df2csv.py:117} INFO - ✅ Upload thành công!
[2026-02-28T01:58:48.300+0000] {datalake_df2csv.py:118} INFO -   - Đường dẫn: s3://thongtin-congty-va-bctc/daily_price/2026-02-26/batch_150.csv
[2026-02-28T01:58:48.301+0000] {datalake_df2csv.py:119} INFO -   - Số dòng: 15
[2026-02-28T01:58:48.301+0000] {datalake_df2csv.py:120} INFO -   - Thời gian upload: 2.62 giây
[2026-02-28T01:58:48.302+0000] {datalake_df2csv.py:121} INFO - --------------------------------------------------------------------------------
[2026-02-28T01:58:48.303+0000] {datalake_df2csv.py:125} INFO - 📈 TỔNG KẾT:
[2026-02-28T01:58:48.303+0000] {datalake_df2csv.py:126} INFO -   - Tổng thời gian thực thi: 9.60 giây
[2026-02-28T01:58:48.304+0000] {datalake_df2csv.py:127} INFO -   - Tốc độ xử lý: 2 dòng/giây
[2026-02-28T01:58:48.304+0000] {datalake_df2csv.py:128} INFO - ================================================================================
[2026-02-28T01:58:48.305+0000] {datalake_df2csv.py:129} INFO - ✅ HOÀN THÀNH TASK: ingest_daily_price
[2026-02-28T01:58:48.306+0000] {datalake_df2csv.py:130} INFO - ================================================================================
[2026-02-28T01:58:48.307+0000] {taskinstance.py:441} INFO - ::group::Post task execution logs
[2026-02-28T01:58:48.332+0000] {taskinstance.py:1206} INFO - Marking task as SUCCESS. dag_id=daily_price, task_id=ingest_daily_price, run_id=scheduled__2026-02-26T16:00:00+00:00, map_index=150, execution_date=20260226T160000, start_date=20260228T015837, end_date=20260228T015848
[2026-02-28T01:58:48.615+0000] {local_task_job_runner.py:243} INFO - Task exited with return code 0
[2026-02-28T01:58:48.622+0000] {local_task_job_runner.py:222} INFO - ::endgroup::
