[2026-02-04T14:57:09.605+0000] {local_task_job_runner.py:120} INFO - ::group::Pre task execution logs
[2026-02-04T14:57:09.658+0000] {taskinstance.py:2076} INFO - Dependencies all met for dep_context=non-requeueable deps ti=<TaskInstance: financial_ratios_minio.ingest_financial_ratios manual__2026-02-04T14:54:19+00:00 map_index=64 [queued]>
[2026-02-04T14:57:09.681+0000] {taskinstance.py:2076} INFO - Dependencies all met for dep_context=requeueable deps ti=<TaskInstance: financial_ratios_minio.ingest_financial_ratios manual__2026-02-04T14:54:19+00:00 map_index=64 [queued]>
[2026-02-04T14:57:09.694+0000] {taskinstance.py:2306} INFO - Starting attempt 1 of 2
[2026-02-04T14:57:09.736+0000] {taskinstance.py:2330} INFO - Executing <Mapped(DfToCsvOperator): ingest_financial_ratios> on 2026-02-04 14:54:19+00:00
[2026-02-04T14:57:09.761+0000] {warnings.py:112} WARNING - This process (pid=8576) is multi-threaded, use of fork() may lead to deadlocks in the child.

[2026-02-04T14:57:09.766+0000] {standard_task_runner.py:64} INFO - Started process 8709 to run task
[2026-02-04T14:57:09.772+0000] {standard_task_runner.py:90} INFO - Running: ['***', 'tasks', 'run', 'financial_ratios_minio', 'ingest_financial_ratios', 'manual__2026-02-04T14:54:19+00:00', '--job-id', '16918', '--raw', '--subdir', 'DAGS_FOLDER/dl_financial_ratios.py', '--cfg-path', '/tmp/tmpg2x3o3mg', '--map-index', '64']
[2026-02-04T14:57:09.781+0000] {standard_task_runner.py:91} INFO - Job 16918: Subtask ingest_financial_ratios
[2026-02-04T14:57:09.886+0000] {task_command.py:426} INFO - Running <TaskInstance: financial_ratios_minio.ingest_financial_ratios manual__2026-02-04T14:54:19+00:00 map_index=64 [running]> on host 918dbd497d34
[2026-02-04T14:57:10.113+0000] {taskinstance.py:2648} INFO - Exporting env vars: AIRFLOW_CTX_DAG_OWNER='***' AIRFLOW_CTX_DAG_ID='financial_ratios_minio' AIRFLOW_CTX_TASK_ID='ingest_financial_ratios' AIRFLOW_CTX_EXECUTION_DATE='2026-02-04T14:54:19+00:00' AIRFLOW_CTX_TRY_NUMBER='1' AIRFLOW_CTX_DAG_RUN_ID='manual__2026-02-04T14:54:19+00:00'
[2026-02-04T14:57:10.117+0000] {taskinstance.py:430} INFO - ::endgroup::
[2026-02-04T14:57:10.146+0000] {logging_mixin.py:188} INFO - [RATIO] Bắt đầu xử lý batch 2 mã: ['VIB', 'VHM']
[2026-02-04T14:57:10.147+0000] {logging_mixin.py:188} INFO - [RATIO] Kỳ dữ liệu: quarter
[2026-02-04T14:57:10.148+0000] {logging_mixin.py:188} INFO -  >> [RATIO] Đang lấy dữ liệu: VIB
[2026-02-04T14:57:11.103+0000] {logging_mixin.py:188} INFO -  ✓ [RATIO] VIB: 52 rows
[2026-02-04T14:57:13.097+0000] {logging_mixin.py:188} INFO -  >> [RATIO] Đang lấy dữ liệu: VHM
[2026-02-04T14:57:13.842+0000] {logging_mixin.py:188} INFO -  ✓ [RATIO] VHM: 38 rows
[2026-02-04T14:57:15.852+0000] {logging_mixin.py:188} INFO -  ✅ [RATIO] Hoàn thành batch. Tổng số dòng: 90
[2026-02-04T14:57:15.892+0000] {base.py:84} INFO - Using connection ID 'minio_finance' for task execution.
[2026-02-04T14:57:15.894+0000] {connection_wrapper.py:384} INFO - AWS Connection (conn_id='minio_finance', conn_type='aws') credentials retrieved from login and password.
[2026-02-04T14:57:16.620+0000] {datalake_df2csv.py:52} INFO - ✅ Đã upload 90 dòng -> s3://thongtin-congty-va-bctc/financial_ratios/2026-02-04/batch_64.csv
[2026-02-04T14:57:16.622+0000] {taskinstance.py:441} INFO - ::group::Post task execution logs
[2026-02-04T14:57:16.641+0000] {taskinstance.py:1206} INFO - Marking task as SUCCESS. dag_id=financial_ratios_minio, task_id=ingest_financial_ratios, run_id=manual__2026-02-04T14:54:19+00:00, map_index=64, execution_date=20260204T145419, start_date=20260204T145709, end_date=20260204T145716
[2026-02-04T14:57:16.708+0000] {local_task_job_runner.py:243} INFO - Task exited with return code 0
[2026-02-04T14:57:16.723+0000] {local_task_job_runner.py:222} INFO - ::endgroup::
