[2026-02-22T02:42:07.137+0000] {local_task_job_runner.py:120} INFO - ::group::Pre task execution logs
[2026-02-22T02:42:07.181+0000] {taskinstance.py:2076} INFO - Dependencies all met for dep_context=non-requeueable deps ti=<TaskInstance: company_overview_to_minio.ingest_overview manual__2026-02-22T02:41:53.488760+00:00 map_index=2 [queued]>
[2026-02-22T02:42:07.233+0000] {taskinstance.py:2076} INFO - Dependencies all met for dep_context=requeueable deps ti=<TaskInstance: company_overview_to_minio.ingest_overview manual__2026-02-22T02:41:53.488760+00:00 map_index=2 [queued]>
[2026-02-22T02:42:07.234+0000] {taskinstance.py:2306} INFO - Starting attempt 1 of 2
[2026-02-22T02:42:07.317+0000] {taskinstance.py:2330} INFO - Executing <Mapped(DfToCsvOperator): ingest_overview> on 2026-02-22 02:41:53.488760+00:00
[2026-02-22T02:42:07.354+0000] {warnings.py:112} WARNING - This process (pid=2556) is multi-threaded, use of fork() may lead to deadlocks in the child.

[2026-02-22T02:42:07.357+0000] {standard_task_runner.py:64} INFO - Started process 2595 to run task
[2026-02-22T02:42:07.362+0000] {standard_task_runner.py:90} INFO - Running: ['***', 'tasks', 'run', 'company_overview_to_minio', 'ingest_overview', 'manual__2026-02-22T02:41:53.488760+00:00', '--job-id', '23910', '--raw', '--subdir', 'DAGS_FOLDER/dl_overview.py', '--cfg-path', '/tmp/tmp3qvaitae', '--map-index', '2']
[2026-02-22T02:42:07.369+0000] {standard_task_runner.py:91} INFO - Job 23910: Subtask ingest_overview
[2026-02-22T02:42:07.505+0000] {task_command.py:426} INFO - Running <TaskInstance: company_overview_to_minio.ingest_overview manual__2026-02-22T02:41:53.488760+00:00 map_index=2 [running]> on host 1b22f72dc705
[2026-02-22T02:42:07.767+0000] {taskinstance.py:2648} INFO - Exporting env vars: AIRFLOW_CTX_DAG_OWNER='***' AIRFLOW_CTX_DAG_ID='company_overview_to_minio' AIRFLOW_CTX_TASK_ID='ingest_overview' AIRFLOW_CTX_EXECUTION_DATE='2026-02-22T02:41:53.488760+00:00' AIRFLOW_CTX_TRY_NUMBER='1' AIRFLOW_CTX_DAG_RUN_ID='manual__2026-02-22T02:41:53.488760+00:00'
[2026-02-22T02:42:07.768+0000] {taskinstance.py:430} INFO - ::endgroup::
[2026-02-22T02:42:07.769+0000] {datalake_df2csv.py:40} INFO - ================================================================================
[2026-02-22T02:42:07.770+0000] {datalake_df2csv.py:41} INFO - 🚀 BẮT ĐẦU TASK: ingest_overview
[2026-02-22T02:42:07.771+0000] {datalake_df2csv.py:42} INFO - ================================================================================
[2026-02-22T02:42:07.771+0000] {datalake_df2csv.py:43} INFO - 📋 Thông tin cấu hình:
[2026-02-22T02:42:07.772+0000] {datalake_df2csv.py:44} INFO -   - Logic file: thongtincongty
[2026-02-22T02:42:07.773+0000] {datalake_df2csv.py:45} INFO -   - DataFrame name: get_overview_batch
[2026-02-22T02:42:07.775+0000] {datalake_df2csv.py:46} INFO -   - Bucket: thongtin-congty-va-bctc
[2026-02-22T02:42:07.778+0000] {datalake_df2csv.py:47} INFO -   - Object path: overview/2026-02-22/batch_2.csv
[2026-02-22T02:42:07.779+0000] {datalake_df2csv.py:48} INFO -   - Connection ID: minio_finance
[2026-02-22T02:42:07.779+0000] {datalake_df2csv.py:49} INFO -   - Tham số truyền vào: {'symbols': ['CBI', 'STL', 'VKP', 'XMD', 'IMP', 'VTK', 'PTD', 'HUG', 'BHC', 'HBH', 'NTP', 'SDP', 'SBR', 'S99', 'FPT', 'SGH', 'BED', 'CMI', 'STK', 'TCD']}
[2026-02-22T02:42:07.780+0000] {datalake_df2csv.py:50} INFO - --------------------------------------------------------------------------------
[2026-02-22T02:42:07.780+0000] {datalake_df2csv.py:54} INFO - 📥 Bước 1: Đang load dữ liệu từ logic file...
[2026-02-22T02:42:07.785+0000] {datalake_df2csv.py:148} INFO -   - Logic directory: /opt/airflow/plugins/logic
[2026-02-22T02:42:07.786+0000] {datalake_df2csv.py:149} INFO -   - Module path: /opt/airflow/plugins/logic/thongtincongty.py
[2026-02-22T02:42:07.787+0000] {datalake_df2csv.py:153} INFO -   - Đã thêm logic directory vào sys.path
[2026-02-22T02:42:07.794+0000] {datalake_df2csv.py:159} INFO -   - Đang load module 'thongtincongty'...
[2026-02-22T02:42:07.801+0000] {datalake_df2csv.py:163} INFO -   - ✅ Module loaded thành công
[2026-02-22T02:42:07.802+0000] {datalake_df2csv.py:165} INFO -   - Đang tìm DataFrame/function: 'get_overview_batch'...
[2026-02-22T02:42:07.802+0000] {datalake_df2csv.py:170} INFO -   - ✅ Tìm thấy object: function
[2026-02-22T02:42:07.803+0000] {datalake_df2csv.py:173} INFO -   - Đang gọi function với tham số: {'symbols': ['CBI', 'STL', 'VKP', 'XMD', 'IMP', 'VTK', 'PTD', 'HUG', 'BHC', 'HBH', 'NTP', 'SDP', 'SBR', 'S99', 'FPT', 'SGH', 'BED', 'CMI', 'STK', 'TCD']}
[2026-02-22T02:42:13.119+0000] {warnings.py:112} WARNING - DataFrame.applymap has been deprecated. Use DataFrame.map instead.

[2026-02-22T02:42:18.392+0000] {logging_mixin.py:188} INFO - Err overview STL: RetryError[<Future at 0x7fd064d62d50 state=finished raised AttributeError>]
[2026-02-22T02:42:23.618+0000] {logging_mixin.py:188} INFO - Err overview VKP: RetryError[<Future at 0x7fd0644a1310 state=finished raised AttributeError>]
[2026-02-22T02:42:24.897+0000] {warnings.py:112} WARNING - DataFrame.applymap has been deprecated. Use DataFrame.map instead.

[2026-02-22T02:42:26.143+0000] {warnings.py:112} WARNING - DataFrame.applymap has been deprecated. Use DataFrame.map instead.

[2026-02-22T02:42:27.389+0000] {warnings.py:112} WARNING - DataFrame.applymap has been deprecated. Use DataFrame.map instead.

[2026-02-22T02:42:41.649+0000] {warnings.py:112} WARNING - DataFrame.applymap has been deprecated. Use DataFrame.map instead.

[2026-02-22T02:42:43.030+0000] {warnings.py:112} WARNING - DataFrame.applymap has been deprecated. Use DataFrame.map instead.

[2026-02-22T02:42:44.324+0000] {warnings.py:112} WARNING - DataFrame.applymap has been deprecated. Use DataFrame.map instead.

[2026-02-22T02:43:00.518+0000] {log.py:232} WARNING - 2026-02-22 02:43:00 - vnstock.core.utils.client - ERROR - API request failed: HTTPSConnectionPool(host='trading.vietcap.com.vn', port=443): Max retries exceeded with url: /data-mt/graphql (Caused by NameResolutionError("<urllib3.connection.HTTPSConnection object at 0x7fd064470e90>: Failed to resolve 'trading.vietcap.com.vn' ([Errno -3] Temporary failure in name resolution)"))
[2026-02-22T02:43:00.170+0000] {client.py:297} ERROR - API request failed: HTTPSConnectionPool(host='trading.vietcap.com.vn', port=443): Max retries exceeded with url: /data-mt/graphql (Caused by NameResolutionError("<urllib3.connection.HTTPSConnection object at 0x7fd064470e90>: Failed to resolve 'trading.vietcap.com.vn' ([Errno -3] Temporary failure in name resolution)"))
[2026-02-22T02:43:03.976+0000] {logging_mixin.py:188} INFO - Err overview HBH: API request failed: HTTPSConnectionPool(host='trading.vietcap.com.vn', port=443): Max retries exceeded with url: /data-mt/graphql (Caused by NameResolutionError("<urllib3.connection.HTTPSConnection object at 0x7fd064470e90>: Failed to resolve 'trading.vietcap.com.vn' ([Errno -3] Temporary failure in name resolution)"))
[2026-02-22T02:43:15.022+0000] {log.py:232} WARNING - 2026-02-22 02:43:15 - vnstock.core.utils.client - ERROR - API request failed: HTTPSConnectionPool(host='trading.vietcap.com.vn', port=443): Max retries exceeded with url: /data-mt/graphql (Caused by NameResolutionError("<urllib3.connection.HTTPSConnection object at 0x7fd0644a0800>: Failed to resolve 'trading.vietcap.com.vn' ([Errno -3] Temporary failure in name resolution)"))
[2026-02-22T02:43:15.019+0000] {client.py:297} ERROR - API request failed: HTTPSConnectionPool(host='trading.vietcap.com.vn', port=443): Max retries exceeded with url: /data-mt/graphql (Caused by NameResolutionError("<urllib3.connection.HTTPSConnection object at 0x7fd0644a0800>: Failed to resolve 'trading.vietcap.com.vn' ([Errno -3] Temporary failure in name resolution)"))
[2026-02-22T02:43:15.036+0000] {logging_mixin.py:188} INFO - Err overview NTP: API request failed: HTTPSConnectionPool(host='trading.vietcap.com.vn', port=443): Max retries exceeded with url: /data-mt/graphql (Caused by NameResolutionError("<urllib3.connection.HTTPSConnection object at 0x7fd0644a0800>: Failed to resolve 'trading.vietcap.com.vn' ([Errno -3] Temporary failure in name resolution)"))
[2026-02-22T02:43:16.852+0000] {warnings.py:112} WARNING - DataFrame.applymap has been deprecated. Use DataFrame.map instead.

[2026-02-22T02:43:18.253+0000] {warnings.py:112} WARNING - DataFrame.applymap has been deprecated. Use DataFrame.map instead.

[2026-02-22T02:43:19.556+0000] {warnings.py:112} WARNING - DataFrame.applymap has been deprecated. Use DataFrame.map instead.

[2026-02-22T02:43:20.880+0000] {warnings.py:112} WARNING - DataFrame.applymap has been deprecated. Use DataFrame.map instead.

[2026-02-22T02:43:22.257+0000] {warnings.py:112} WARNING - DataFrame.applymap has been deprecated. Use DataFrame.map instead.

[2026-02-22T02:43:23.527+0000] {warnings.py:112} WARNING - DataFrame.applymap has been deprecated. Use DataFrame.map instead.

[2026-02-22T02:43:24.789+0000] {warnings.py:112} WARNING - DataFrame.applymap has been deprecated. Use DataFrame.map instead.

[2026-02-22T02:43:26.091+0000] {warnings.py:112} WARNING - DataFrame.applymap has been deprecated. Use DataFrame.map instead.

[2026-02-22T02:43:27.422+0000] {warnings.py:112} WARNING - DataFrame.applymap has been deprecated. Use DataFrame.map instead.

[2026-02-22T02:43:28.498+0000] {datalake_df2csv.py:68} INFO - ✅ Load dữ liệu thành công!
[2026-02-22T02:43:28.500+0000] {datalake_df2csv.py:69} INFO - 📊 Thông tin DataFrame:
[2026-02-22T02:43:28.503+0000] {datalake_df2csv.py:70} INFO -   - Số dòng: 16
[2026-02-22T02:43:28.508+0000] {datalake_df2csv.py:71} INFO -   - Số cột: 9
[2026-02-22T02:43:28.509+0000] {datalake_df2csv.py:72} INFO -   - Tên các cột: ['symbol', 'company_profile', 'icb_name2', 'icb_name3', 'icb_name4', 'exchange', 'type_info', 'organ_short_name', 'organ_name']
[2026-02-22T02:43:28.513+0000] {datalake_df2csv.py:73} INFO -   - Kiểu dữ liệu: {'symbol': 'object', 'company_profile': 'object', 'icb_name2': 'object', 'icb_name3': 'object', 'icb_name4': 'object', 'exchange': 'object', 'type_info': 'object', 'organ_short_name': 'object', 'organ_name': 'object'}
[2026-02-22T02:43:28.528+0000] {datalake_df2csv.py:74} INFO -   - Bộ nhớ sử dụng: 0.03 MB
[2026-02-22T02:43:28.532+0000] {datalake_df2csv.py:79} INFO -   - Số giá trị NULL:
[2026-02-22T02:43:28.534+0000] {datalake_df2csv.py:81} INFO -     + exchange: 8
[2026-02-22T02:43:28.535+0000] {datalake_df2csv.py:81} INFO -     + type_info: 8
[2026-02-22T02:43:28.536+0000] {datalake_df2csv.py:81} INFO -     + organ_short_name: 8
[2026-02-22T02:43:28.540+0000] {datalake_df2csv.py:81} INFO -     + organ_name: 8
[2026-02-22T02:43:28.542+0000] {datalake_df2csv.py:86} INFO -   - Mẫu dữ liệu (5 dòng đầu):
[2026-02-22T02:43:28.545+0000] {datalake_df2csv.py:88} INFO -     Row 0: {'symbol': 'CBI', 'company_profile': 'Công ty Cổ phần Gang thép Cao Bằng (CBI) được thành lập vào năm 2006. Công ty hoạt động chính trong lĩnh vực khai thác khoáng sản, sản xuất, kinh doanh, xuất nhập khẩu các loại gang thép và vật liệu xây dựng. CBI hiện quản lý khai thác Mỏ sắt Nà Rụa có trữ lượng hơn 16.700.000 tấn quặng sắt, hàm lượng Fe bình quân là 57,83% và vận hành Khu liên hợp gang thép Cao Bằng với tổng công suất thiết kế đạt 221.600 tấn phôi thép/năm. CBI được giao dịch trên thị trường UPCOM từ cuối tháng 09/2017.', 'icb_name2': 'Tài nguyên Cơ bản', 'icb_name3': 'Kim loại', 'icb_name4': 'Thép và sản phẩm thép', 'exchange': nan, 'type_info': nan, 'organ_short_name': nan, 'organ_name': nan}
[2026-02-22T02:43:28.547+0000] {datalake_df2csv.py:88} INFO -     Row 1: {'symbol': 'XMD', 'company_profile': 'Công ty Cổ phần Xuân Mai  - Đạo Tú (XMD) tiền thân là Công ty cổ phần Bê tông và Xây dựng Vinaconex Xuân Mai  - Chi nhánh Vĩnh Phúc hoạt động chủ yếu trong lĩnh vực sản xuất và kinh doanh vật liệu xây dựng với sản phẩm chính là cấu kiện bê tông đúc sẵn, bê tông thương phẩm, cung cấp cho thị trường Hà Nội, Vĩnh Phúc và một số tỉnh thành miền Bắc Việt Nam. Công ty được chính thức cổ phần hóa và chuyển đổi hoạt động sang hình thức công ty cổ phần từ năm 2008. XMD được giao dịch trên thị trường UPCOM từ cuối năm 2015.', 'icb_name2': 'Xây dựng và Vật liệu', 'icb_name3': 'Xây dựng và Vật liệu', 'icb_name4': 'Vật liệu xây dựng & Nội thất', 'exchange': nan, 'type_info': nan, 'organ_short_name': nan, 'organ_name': nan}
[2026-02-22T02:43:28.548+0000] {datalake_df2csv.py:88} INFO -     Row 2: {'symbol': 'IMP', 'company_profile': 'Công ty Cổ phần Dược phẩm Imexpharm (IMP) được thành lập từ năm 1983, với tiền thân của công ty là Xí Nghiệp Liên hiệp Dược Đồng Tháp. Năm 2001, Công ty chuyển đổi và hoạt động dưới hình thức công ty cổ phần. Công ty hoạt động trong lĩnh vực sản xuất kinh doanh, xuất nhập khẩu sản phẩm tân dược, dụng cụ y tế, nguyên phụ liệu ngành. Công ty có 2 nhà máy sản xuất chính đặt tại khu trụ sở thuộc tỉnh Đồng Tháp đạt tiêu chuẩn GMP  - ASEAN, hệ thống kho đạt tiêu chuẩn GSP  - ASEAN và Phòng thí nghiệm đạt tiêu chuẩn GLP  - ASEAN. IMP được cấp visa Châu Âu cho sản phẩm thuốc Cephalexin 500mg và việc được cấp giấy chứng nhận WHO-GMP cho nhà máy sản xuất Thực phẩm bảo vệ sức khỏe. Sản phẩm sản xuất tập trung các nhóm hạ sốt giảm đau, kháng sinh, vitamin, thực phẩm chức năng. Về mạng lưới thị trường, Công ty hiện có 18 chi nhánh phụ trách bán hàng trên toàn quốc. Công ty còn hợp tác với các công ty dược phẩm khác để trở thành đại lý độc quyền phân phối. IMP chính thức niêm yết trên sàn HOSE từ ngày 04/12/2006.', 'icb_name2': 'Y tế', 'icb_name3': 'Dược phẩm', 'icb_name4': 'Dược phẩm', 'exchange': 'HOSE', 'type_info': '', 'organ_short_name': '', 'organ_name': 'CTCP Dược phẩm Imexpharm'}
[2026-02-22T02:43:28.550+0000] {datalake_df2csv.py:88} INFO -     Row 3: {'symbol': 'VTK', 'company_profile': 'Công ty Cổ phần Tư vấn và Dịch vụ Viettel (VTK) có tiền thân là Xí nghiệp Khảo sát Thiết kế được thành lập vào năm 1995. Công ty hoạt động trong lĩnh vực tư vấn thiết kế hạ tầng viễn thông, dân dụng. VTK chính thức hoạt động theo mô hình công ty cổ phần từ năm 2010. VTK là công ty số 1 Việt Nam trong lĩnh vực tư vấn đầu tư xây dựng hạ tầng viễn thông và là đơn vị thiết kế hàng đầu tại các thị trường nước ngoài mà Viettel đầu tư. Bêm cạnh thị trường trong nước, VTK đã tiến hành thực hiện tư vấn thiết kế xây dựng các dự án tiêu biểu như: 1.400 trạm BTS và 2.000 km truyền dẫn cáp quang tại Campuchia, 22 tuyến truyền dẫn cáp quang đường trục, 3.500 km cáp quang các tuyến nhánh và 2.000 trạm BTS tại Lào, 2.200 trạm BTS và các trạm viba SDH tại Mozambique, 1.500 trạm BTS tại Cameroon. VTK được giao dịch trên thị trường UPCOM từ tháng 12/2018.', 'icb_name2': 'Hàng & Dịch vụ Công nghiệp', 'icb_name3': 'Tư vấn & Hỗ trợ Kinh doanh', 'icb_name4': 'Tư vấn & Hỗ trợ KD', 'exchange': nan, 'type_info': nan, 'organ_short_name': nan, 'organ_name': nan}
[2026-02-22T02:43:28.552+0000] {datalake_df2csv.py:88} INFO -     Row 4: {'symbol': 'PTD', 'company_profile': 'Công ty Cổ phần Thiết kế  - Xây dựng  - Thương mại Phúc Thịnh (PTD), tiền thân là Công ty Trách nhiệm hữu hạn Xây dựng  - Thương mại Phúc Thịnh được thành lập năm 2001. Năm 2008 Công ty chuyển sang hoạt động theo mô hình công ty cổ phần. Sản phẩm, dịch vụ chính của Công ty bao gồm tư vấn, thiết kế, giám sát, thi công các công trình xây dựng. Trong đó doanh thu chính đến từ hoạt động thi công các công trình, hoạt động này chiếm khoảng 90% trong cơ cấu doanh thu của Công ty. Công ty thi công xây dựng cho một số dự án lớn như Midea Consumer Electric Vietnam Co., Ltd (chủ đầu tư Trung Quốc), Hua Da (Vietnam) Plastic Packging Co., Ltd (Đài Loan), Ming Pak (Vietnam) Plastic Co., Ltd (Hồng Kông)... Số lượng khách hàng của Công ty hiện có hơn 50 nhà đầu tư, trong đó có những nhà đầu tư lớn đến từ Trung Quốc, Hồng Kông và Đài Loan. Ngày 10/11/2015, PTD chính thức giao dịch trên Sở Giao dịch Chứng khoán Hà Nội (HNX).', 'icb_name2': 'Xây dựng và Vật liệu', 'icb_name3': 'Xây dựng và Vật liệu', 'icb_name4': 'Xây dựng', 'exchange': 'HNX', 'type_info': '', 'organ_short_name': '', 'organ_name': 'CTCP Thiết kế Xây dựng Thương mại Phúc Thịnh'}
[2026-02-22T02:43:28.555+0000] {datalake_df2csv.py:90} INFO - --------------------------------------------------------------------------------
[2026-02-22T02:43:28.562+0000] {datalake_df2csv.py:93} INFO - 📝 Bước 2: Đang chuyển đổi DataFrame sang CSV...
[2026-02-22T02:43:28.664+0000] {datalake_df2csv.py:97} INFO - ✅ Chuyển đổi CSV thành công!
[2026-02-22T02:43:28.665+0000] {datalake_df2csv.py:98} INFO -   - Kích thước file: 0.02 MB
[2026-02-22T02:43:28.666+0000] {datalake_df2csv.py:99} INFO -   - Thời gian chuyển đổi: 0.10 giây
[2026-02-22T02:43:28.673+0000] {datalake_df2csv.py:100} INFO - --------------------------------------------------------------------------------
[2026-02-22T02:43:28.675+0000] {datalake_df2csv.py:103} INFO - ☁️  Bước 3: Đang upload lên MinIO/S3...
[2026-02-22T02:43:28.790+0000] {base.py:84} INFO - Using connection ID 'minio_finance' for task execution.
[2026-02-22T02:43:28.796+0000] {connection_wrapper.py:384} INFO - AWS Connection (conn_id='minio_finance', conn_type='aws') credentials retrieved from login and password.
[2026-02-22T02:43:30.247+0000] {datalake_df2csv.py:112} INFO -   - Bucket 'thongtin-congty-va-bctc' đã tồn tại
[2026-02-22T02:43:30.335+0000] {datalake_df2csv.py:117} INFO - ✅ Upload thành công!
[2026-02-22T02:43:30.336+0000] {datalake_df2csv.py:118} INFO -   - Đường dẫn: s3://thongtin-congty-va-bctc/overview/2026-02-22/batch_2.csv
[2026-02-22T02:43:30.338+0000] {datalake_df2csv.py:119} INFO -   - Số dòng: 16
[2026-02-22T02:43:30.339+0000] {datalake_df2csv.py:120} INFO -   - Thời gian upload: 1.66 giây
[2026-02-22T02:43:30.340+0000] {datalake_df2csv.py:121} INFO - --------------------------------------------------------------------------------
[2026-02-22T02:43:30.340+0000] {datalake_df2csv.py:125} INFO - 📈 TỔNG KẾT:
[2026-02-22T02:43:30.341+0000] {datalake_df2csv.py:126} INFO -   - Tổng thời gian thực thi: 82.57 giây
[2026-02-22T02:43:30.342+0000] {datalake_df2csv.py:127} INFO -   - Tốc độ xử lý: 0 dòng/giây
[2026-02-22T02:43:30.342+0000] {datalake_df2csv.py:128} INFO - ================================================================================
[2026-02-22T02:43:30.343+0000] {datalake_df2csv.py:129} INFO - ✅ HOÀN THÀNH TASK: ingest_overview
[2026-02-22T02:43:30.344+0000] {datalake_df2csv.py:130} INFO - ================================================================================
[2026-02-22T02:43:30.345+0000] {taskinstance.py:441} INFO - ::group::Post task execution logs
[2026-02-22T02:43:30.381+0000] {taskinstance.py:1206} INFO - Marking task as SUCCESS. dag_id=company_overview_to_minio, task_id=ingest_overview, run_id=manual__2026-02-22T02:41:53.488760+00:00, map_index=2, execution_date=20260222T024153, start_date=20260222T024207, end_date=20260222T024330
[2026-02-22T02:43:30.477+0000] {local_task_job_runner.py:243} INFO - Task exited with return code 0
[2026-02-22T02:43:30.578+0000] {taskinstance.py:3503} INFO - 0 downstream tasks scheduled from follow-on schedule check
[2026-02-22T02:43:30.590+0000] {local_task_job_runner.py:222} INFO - ::endgroup::
