[2026-04-15T13:53:28.248+0000] {local_task_job_runner.py:120} INFO - ::group::Pre task execution logs
[2026-04-15T13:53:28.359+0000] {taskinstance.py:2076} INFO - Dependencies all met for dep_context=non-requeueable deps ti=<TaskInstance: minio_to_db_sync.sync_overview scheduled__2026-04-14T03:00:00+00:00 [queued]>
[2026-04-15T13:53:28.382+0000] {taskinstance.py:2076} INFO - Dependencies all met for dep_context=requeueable deps ti=<TaskInstance: minio_to_db_sync.sync_overview scheduled__2026-04-14T03:00:00+00:00 [queued]>
[2026-04-15T13:53:28.384+0000] {taskinstance.py:2306} INFO - Starting attempt 1 of 3
[2026-04-15T13:53:28.443+0000] {taskinstance.py:2330} INFO - Executing <Task(_PythonDecoratedOperator): sync_overview> on 2026-04-14 03:00:00+00:00
[2026-04-15T13:53:28.472+0000] {warnings.py:112} WARNING - This process (pid=70) is multi-threaded, use of fork() may lead to deadlocks in the child.

[2026-04-15T13:53:28.476+0000] {standard_task_runner.py:64} INFO - Started process 110 to run task
[2026-04-15T13:53:28.499+0000] {standard_task_runner.py:90} INFO - Running: ['***', 'tasks', 'run', 'minio_to_db_sync', 'sync_overview', 'scheduled__2026-04-14T03:00:00+00:00', '--job-id', '42341', '--raw', '--subdir', 'DAGS_FOLDER/minio_to_db_sync.py', '--cfg-path', '/tmp/tmpsxgqw_vf']
[2026-04-15T13:53:28.654+0000] {standard_task_runner.py:91} INFO - Job 42341: Subtask sync_overview
[2026-04-15T13:53:29.059+0000] {task_command.py:426} INFO - Running <TaskInstance: minio_to_db_sync.sync_overview scheduled__2026-04-14T03:00:00+00:00 [running]> on host 0c77025344c6
[2026-04-15T13:53:29.687+0000] {taskinstance.py:2648} INFO - Exporting env vars: AIRFLOW_CTX_DAG_OWNER='***' AIRFLOW_CTX_DAG_ID='minio_to_db_sync' AIRFLOW_CTX_TASK_ID='sync_overview' AIRFLOW_CTX_EXECUTION_DATE='2026-04-14T03:00:00+00:00' AIRFLOW_CTX_TRY_NUMBER='1' AIRFLOW_CTX_DAG_RUN_ID='scheduled__2026-04-14T03:00:00+00:00'
[2026-04-15T13:53:29.692+0000] {taskinstance.py:430} INFO - ::endgroup::
[2026-04-15T13:53:29.715+0000] {logging_mixin.py:188} INFO - ======================================================================
[2026-04-15T13:53:29.715+0000] {logging_mixin.py:188} INFO - 📊 SYNC COMPANY OVERVIEW TO DATABASE
[2026-04-15T13:53:29.716+0000] {logging_mixin.py:188} INFO - ======================================================================
[2026-04-15T13:53:29.718+0000] {logging_mixin.py:188} INFO - 
[1/4] Finding latest partition...
[2026-04-15T13:53:29.869+0000] {base.py:84} INFO - Using connection ID 'minio_finance' for task execution.
[2026-04-15T13:53:29.876+0000] {connection_wrapper.py:384} INFO - AWS Connection (conn_id='minio_finance', conn_type='aws') credentials retrieved from login and password.
[2026-04-15T13:54:53.135+0000] {logging_mixin.py:188} INFO - 📂 Scanning 1511 objects in thongtin-congty-va-bctc/overview/
[2026-04-15T13:54:53.142+0000] {logging_mixin.py:188} INFO - 📅 Found 13 valid date partition(s): ['2025-12-30', '2026-01-01', '2026-01-04', '2026-01-11', '2026-01-12', '2026-01-13', '2026-01-15', '2026-01-18', '2026-01-19', '2026-02-01', '2026-02-08', '2026-02-15', '2026-02-22']
[2026-04-15T13:54:53.144+0000] {logging_mixin.py:188} INFO - ✅ Latest partition selected: overview/2026-02-22/
[2026-04-15T13:54:53.146+0000] {logging_mixin.py:188} INFO - 
[2/4] Reading CSV files...
[2026-04-15T13:54:53.161+0000] {base.py:84} INFO - Using connection ID 'minio_finance' for task execution.
[2026-04-15T13:54:53.163+0000] {connection_wrapper.py:384} INFO - AWS Connection (conn_id='minio_finance', conn_type='aws') credentials retrieved from login and password.
[2026-04-15T13:54:55.189+0000] {logging_mixin.py:188} INFO - ✓ Found 50 CSV files in thongtin-congty-va-bctc/overview/2026-02-22/
[2026-04-15T13:54:55.199+0000] {base.py:84} INFO - Using connection ID 'minio_finance' for task execution.
[2026-04-15T13:54:55.200+0000] {connection_wrapper.py:384} INFO - AWS Connection (conn_id='minio_finance', conn_type='aws') credentials retrieved from login and password.
[2026-04-15T13:54:55.391+0000] {logging_mixin.py:188} INFO - ✓ Read 18 rows from overview/2026-02-22/batch_0.csv
[2026-04-15T13:54:55.404+0000] {base.py:84} INFO - Using connection ID 'minio_finance' for task execution.
[2026-04-15T13:54:55.405+0000] {connection_wrapper.py:384} INFO - AWS Connection (conn_id='minio_finance', conn_type='aws') credentials retrieved from login and password.
[2026-04-15T13:54:55.590+0000] {logging_mixin.py:188} INFO - ✓ Read 17 rows from overview/2026-02-22/batch_1.csv
[2026-04-15T13:54:55.607+0000] {base.py:84} INFO - Using connection ID 'minio_finance' for task execution.
[2026-04-15T13:54:55.608+0000] {connection_wrapper.py:384} INFO - AWS Connection (conn_id='minio_finance', conn_type='aws') credentials retrieved from login and password.
[2026-04-15T13:54:55.810+0000] {logging_mixin.py:188} INFO - ✓ Read 18 rows from overview/2026-02-22/batch_10.csv
[2026-04-15T13:54:55.821+0000] {base.py:84} INFO - Using connection ID 'minio_finance' for task execution.
[2026-04-15T13:54:55.822+0000] {connection_wrapper.py:384} INFO - AWS Connection (conn_id='minio_finance', conn_type='aws') credentials retrieved from login and password.
[2026-04-15T13:54:56.009+0000] {logging_mixin.py:188} INFO - ✓ Read 17 rows from overview/2026-02-22/batch_11.csv
[2026-04-15T13:54:56.019+0000] {base.py:84} INFO - Using connection ID 'minio_finance' for task execution.
[2026-04-15T13:54:56.020+0000] {connection_wrapper.py:384} INFO - AWS Connection (conn_id='minio_finance', conn_type='aws') credentials retrieved from login and password.
[2026-04-15T13:54:56.165+0000] {logging_mixin.py:188} INFO - ✓ Read 18 rows from overview/2026-02-22/batch_12.csv
[2026-04-15T13:54:56.174+0000] {base.py:84} INFO - Using connection ID 'minio_finance' for task execution.
[2026-04-15T13:54:56.175+0000] {connection_wrapper.py:384} INFO - AWS Connection (conn_id='minio_finance', conn_type='aws') credentials retrieved from login and password.
[2026-04-15T13:54:56.400+0000] {logging_mixin.py:188} INFO - ✓ Read 17 rows from overview/2026-02-22/batch_13.csv
[2026-04-15T13:54:56.414+0000] {base.py:84} INFO - Using connection ID 'minio_finance' for task execution.
[2026-04-15T13:54:56.415+0000] {connection_wrapper.py:384} INFO - AWS Connection (conn_id='minio_finance', conn_type='aws') credentials retrieved from login and password.
[2026-04-15T13:54:56.610+0000] {logging_mixin.py:188} INFO - ✓ Read 17 rows from overview/2026-02-22/batch_14.csv
[2026-04-15T13:54:56.623+0000] {base.py:84} INFO - Using connection ID 'minio_finance' for task execution.
[2026-04-15T13:54:56.624+0000] {connection_wrapper.py:384} INFO - AWS Connection (conn_id='minio_finance', conn_type='aws') credentials retrieved from login and password.
[2026-04-15T13:54:56.803+0000] {logging_mixin.py:188} INFO - ✓ Read 17 rows from overview/2026-02-22/batch_15.csv
[2026-04-15T13:54:56.812+0000] {base.py:84} INFO - Using connection ID 'minio_finance' for task execution.
[2026-04-15T13:54:56.813+0000] {connection_wrapper.py:384} INFO - AWS Connection (conn_id='minio_finance', conn_type='aws') credentials retrieved from login and password.
[2026-04-15T13:54:56.992+0000] {logging_mixin.py:188} INFO - ✓ Read 19 rows from overview/2026-02-22/batch_16.csv
[2026-04-15T13:54:57.002+0000] {base.py:84} INFO - Using connection ID 'minio_finance' for task execution.
[2026-04-15T13:54:57.003+0000] {connection_wrapper.py:384} INFO - AWS Connection (conn_id='minio_finance', conn_type='aws') credentials retrieved from login and password.
[2026-04-15T13:54:57.159+0000] {logging_mixin.py:188} INFO - ✓ Read 19 rows from overview/2026-02-22/batch_18.csv
[2026-04-15T13:54:57.168+0000] {base.py:84} INFO - Using connection ID 'minio_finance' for task execution.
[2026-04-15T13:54:57.169+0000] {connection_wrapper.py:384} INFO - AWS Connection (conn_id='minio_finance', conn_type='aws') credentials retrieved from login and password.
[2026-04-15T13:54:57.308+0000] {logging_mixin.py:188} INFO - ✓ Read 20 rows from overview/2026-02-22/batch_19.csv
[2026-04-15T13:54:57.319+0000] {base.py:84} INFO - Using connection ID 'minio_finance' for task execution.
[2026-04-15T13:54:57.320+0000] {connection_wrapper.py:384} INFO - AWS Connection (conn_id='minio_finance', conn_type='aws') credentials retrieved from login and password.
[2026-04-15T13:54:57.965+0000] {logging_mixin.py:188} INFO - ✓ Read 16 rows from overview/2026-02-22/batch_2.csv
[2026-04-15T13:54:57.973+0000] {base.py:84} INFO - Using connection ID 'minio_finance' for task execution.
[2026-04-15T13:54:57.974+0000] {connection_wrapper.py:384} INFO - AWS Connection (conn_id='minio_finance', conn_type='aws') credentials retrieved from login and password.
[2026-04-15T13:54:58.103+0000] {logging_mixin.py:188} INFO - ✓ Read 20 rows from overview/2026-02-22/batch_20.csv
[2026-04-15T13:54:58.111+0000] {base.py:84} INFO - Using connection ID 'minio_finance' for task execution.
[2026-04-15T13:54:58.112+0000] {connection_wrapper.py:384} INFO - AWS Connection (conn_id='minio_finance', conn_type='aws') credentials retrieved from login and password.
[2026-04-15T13:54:58.244+0000] {logging_mixin.py:188} INFO - ✓ Read 20 rows from overview/2026-02-22/batch_21.csv
[2026-04-15T13:54:58.252+0000] {base.py:84} INFO - Using connection ID 'minio_finance' for task execution.
[2026-04-15T13:54:58.253+0000] {connection_wrapper.py:384} INFO - AWS Connection (conn_id='minio_finance', conn_type='aws') credentials retrieved from login and password.
[2026-04-15T13:54:58.527+0000] {logging_mixin.py:188} INFO - ✓ Read 20 rows from overview/2026-02-22/batch_22.csv
[2026-04-15T13:54:58.534+0000] {base.py:84} INFO - Using connection ID 'minio_finance' for task execution.
[2026-04-15T13:54:58.535+0000] {connection_wrapper.py:384} INFO - AWS Connection (conn_id='minio_finance', conn_type='aws') credentials retrieved from login and password.
[2026-04-15T13:54:58.655+0000] {logging_mixin.py:188} INFO - ✓ Read 20 rows from overview/2026-02-22/batch_24.csv
[2026-04-15T13:54:58.664+0000] {base.py:84} INFO - Using connection ID 'minio_finance' for task execution.
[2026-04-15T13:54:58.665+0000] {connection_wrapper.py:384} INFO - AWS Connection (conn_id='minio_finance', conn_type='aws') credentials retrieved from login and password.
[2026-04-15T13:54:58.858+0000] {logging_mixin.py:188} INFO - ✓ Read 19 rows from overview/2026-02-22/batch_26.csv
[2026-04-15T13:54:58.872+0000] {base.py:84} INFO - Using connection ID 'minio_finance' for task execution.
[2026-04-15T13:54:58.873+0000] {connection_wrapper.py:384} INFO - AWS Connection (conn_id='minio_finance', conn_type='aws') credentials retrieved from login and password.
[2026-04-15T13:54:59.036+0000] {logging_mixin.py:188} INFO - ✓ Read 20 rows from overview/2026-02-22/batch_28.csv
[2026-04-15T13:54:59.045+0000] {base.py:84} INFO - Using connection ID 'minio_finance' for task execution.
[2026-04-15T13:54:59.046+0000] {connection_wrapper.py:384} INFO - AWS Connection (conn_id='minio_finance', conn_type='aws') credentials retrieved from login and password.
[2026-04-15T13:54:59.183+0000] {logging_mixin.py:188} INFO - ✓ Read 20 rows from overview/2026-02-22/batch_29.csv
[2026-04-15T13:54:59.193+0000] {base.py:84} INFO - Using connection ID 'minio_finance' for task execution.
[2026-04-15T13:54:59.194+0000] {connection_wrapper.py:384} INFO - AWS Connection (conn_id='minio_finance', conn_type='aws') credentials retrieved from login and password.
[2026-04-15T13:54:59.358+0000] {logging_mixin.py:188} INFO - ✓ Read 18 rows from overview/2026-02-22/batch_3.csv
[2026-04-15T13:54:59.368+0000] {base.py:84} INFO - Using connection ID 'minio_finance' for task execution.
[2026-04-15T13:54:59.369+0000] {connection_wrapper.py:384} INFO - AWS Connection (conn_id='minio_finance', conn_type='aws') credentials retrieved from login and password.
[2026-04-15T13:54:59.522+0000] {logging_mixin.py:188} INFO - ✓ Read 20 rows from overview/2026-02-22/batch_30.csv
[2026-04-15T13:54:59.530+0000] {base.py:84} INFO - Using connection ID 'minio_finance' for task execution.
[2026-04-15T13:54:59.530+0000] {connection_wrapper.py:384} INFO - AWS Connection (conn_id='minio_finance', conn_type='aws') credentials retrieved from login and password.
[2026-04-15T13:54:59.646+0000] {logging_mixin.py:188} INFO - ✓ Read 20 rows from overview/2026-02-22/batch_32.csv
[2026-04-15T13:54:59.655+0000] {base.py:84} INFO - Using connection ID 'minio_finance' for task execution.
[2026-04-15T13:54:59.656+0000] {connection_wrapper.py:384} INFO - AWS Connection (conn_id='minio_finance', conn_type='aws') credentials retrieved from login and password.
[2026-04-15T13:54:59.803+0000] {logging_mixin.py:188} INFO - ✓ Read 20 rows from overview/2026-02-22/batch_33.csv
[2026-04-15T13:54:59.812+0000] {base.py:84} INFO - Using connection ID 'minio_finance' for task execution.
[2026-04-15T13:54:59.813+0000] {connection_wrapper.py:384} INFO - AWS Connection (conn_id='minio_finance', conn_type='aws') credentials retrieved from login and password.
[2026-04-15T13:54:59.956+0000] {logging_mixin.py:188} INFO - ✓ Read 20 rows from overview/2026-02-22/batch_34.csv
[2026-04-15T13:54:59.965+0000] {base.py:84} INFO - Using connection ID 'minio_finance' for task execution.
[2026-04-15T13:54:59.967+0000] {connection_wrapper.py:384} INFO - AWS Connection (conn_id='minio_finance', conn_type='aws') credentials retrieved from login and password.
[2026-04-15T13:55:00.657+0000] {logging_mixin.py:188} INFO - ✓ Read 20 rows from overview/2026-02-22/batch_35.csv
[2026-04-15T13:55:00.668+0000] {base.py:84} INFO - Using connection ID 'minio_finance' for task execution.
[2026-04-15T13:55:00.669+0000] {connection_wrapper.py:384} INFO - AWS Connection (conn_id='minio_finance', conn_type='aws') credentials retrieved from login and password.
[2026-04-15T13:55:00.838+0000] {logging_mixin.py:188} INFO - ✓ Read 20 rows from overview/2026-02-22/batch_36.csv
[2026-04-15T13:55:00.847+0000] {base.py:84} INFO - Using connection ID 'minio_finance' for task execution.
[2026-04-15T13:55:00.848+0000] {connection_wrapper.py:384} INFO - AWS Connection (conn_id='minio_finance', conn_type='aws') credentials retrieved from login and password.
[2026-04-15T13:55:00.985+0000] {logging_mixin.py:188} INFO - ✓ Read 20 rows from overview/2026-02-22/batch_38.csv
[2026-04-15T13:55:00.993+0000] {base.py:84} INFO - Using connection ID 'minio_finance' for task execution.
[2026-04-15T13:55:00.994+0000] {connection_wrapper.py:384} INFO - AWS Connection (conn_id='minio_finance', conn_type='aws') credentials retrieved from login and password.
[2026-04-15T13:55:01.140+0000] {logging_mixin.py:188} INFO - ✓ Read 20 rows from overview/2026-02-22/batch_39.csv
[2026-04-15T13:55:01.148+0000] {base.py:84} INFO - Using connection ID 'minio_finance' for task execution.
[2026-04-15T13:55:01.148+0000] {connection_wrapper.py:384} INFO - AWS Connection (conn_id='minio_finance', conn_type='aws') credentials retrieved from login and password.
[2026-04-15T13:55:01.306+0000] {logging_mixin.py:188} INFO - ✓ Read 18 rows from overview/2026-02-22/batch_4.csv
[2026-04-15T13:55:01.315+0000] {base.py:84} INFO - Using connection ID 'minio_finance' for task execution.
[2026-04-15T13:55:01.316+0000] {connection_wrapper.py:384} INFO - AWS Connection (conn_id='minio_finance', conn_type='aws') credentials retrieved from login and password.
[2026-04-15T13:55:01.472+0000] {logging_mixin.py:188} INFO - ✓ Read 20 rows from overview/2026-02-22/batch_40.csv
[2026-04-15T13:55:01.481+0000] {base.py:84} INFO - Using connection ID 'minio_finance' for task execution.
[2026-04-15T13:55:01.482+0000] {connection_wrapper.py:384} INFO - AWS Connection (conn_id='minio_finance', conn_type='aws') credentials retrieved from login and password.
[2026-04-15T13:55:01.618+0000] {logging_mixin.py:188} INFO - ✓ Read 20 rows from overview/2026-02-22/batch_44.csv
[2026-04-15T13:55:01.628+0000] {base.py:84} INFO - Using connection ID 'minio_finance' for task execution.
[2026-04-15T13:55:01.628+0000] {connection_wrapper.py:384} INFO - AWS Connection (conn_id='minio_finance', conn_type='aws') credentials retrieved from login and password.
[2026-04-15T13:55:01.749+0000] {logging_mixin.py:188} INFO - ✓ Read 20 rows from overview/2026-02-22/batch_45.csv
[2026-04-15T13:55:01.764+0000] {base.py:84} INFO - Using connection ID 'minio_finance' for task execution.
[2026-04-15T13:55:01.765+0000] {connection_wrapper.py:384} INFO - AWS Connection (conn_id='minio_finance', conn_type='aws') credentials retrieved from login and password.
[2026-04-15T13:55:01.967+0000] {logging_mixin.py:188} INFO - ✓ Read 20 rows from overview/2026-02-22/batch_46.csv
[2026-04-15T13:55:01.976+0000] {base.py:84} INFO - Using connection ID 'minio_finance' for task execution.
[2026-04-15T13:55:01.977+0000] {connection_wrapper.py:384} INFO - AWS Connection (conn_id='minio_finance', conn_type='aws') credentials retrieved from login and password.
[2026-04-15T13:55:02.079+0000] {logging_mixin.py:188} INFO - ✓ Read 20 rows from overview/2026-02-22/batch_47.csv
[2026-04-15T13:55:02.089+0000] {base.py:84} INFO - Using connection ID 'minio_finance' for task execution.
[2026-04-15T13:55:02.090+0000] {connection_wrapper.py:384} INFO - AWS Connection (conn_id='minio_finance', conn_type='aws') credentials retrieved from login and password.
[2026-04-15T13:55:02.207+0000] {logging_mixin.py:188} INFO - ✓ Read 18 rows from overview/2026-02-22/batch_5.csv
[2026-04-15T13:55:02.214+0000] {base.py:84} INFO - Using connection ID 'minio_finance' for task execution.
[2026-04-15T13:55:02.215+0000] {connection_wrapper.py:384} INFO - AWS Connection (conn_id='minio_finance', conn_type='aws') credentials retrieved from login and password.
[2026-04-15T13:55:02.319+0000] {logging_mixin.py:188} INFO - ✓ Read 15 rows from overview/2026-02-22/batch_51.csv
[2026-04-15T13:55:02.326+0000] {base.py:84} INFO - Using connection ID 'minio_finance' for task execution.
[2026-04-15T13:55:02.327+0000] {connection_wrapper.py:384} INFO - AWS Connection (conn_id='minio_finance', conn_type='aws') credentials retrieved from login and password.
[2026-04-15T13:55:02.436+0000] {logging_mixin.py:188} INFO - ✓ Read 14 rows from overview/2026-02-22/batch_52.csv
[2026-04-15T13:55:02.444+0000] {base.py:84} INFO - Using connection ID 'minio_finance' for task execution.
[2026-04-15T13:55:02.445+0000] {connection_wrapper.py:384} INFO - AWS Connection (conn_id='minio_finance', conn_type='aws') credentials retrieved from login and password.
[2026-04-15T13:55:02.991+0000] {logging_mixin.py:188} INFO - ✓ Read 14 rows from overview/2026-02-22/batch_53.csv
[2026-04-15T13:55:02.998+0000] {base.py:84} INFO - Using connection ID 'minio_finance' for task execution.
[2026-04-15T13:55:02.998+0000] {connection_wrapper.py:384} INFO - AWS Connection (conn_id='minio_finance', conn_type='aws') credentials retrieved from login and password.
[2026-04-15T13:55:03.086+0000] {logging_mixin.py:188} INFO - ✓ Read 17 rows from overview/2026-02-22/batch_54.csv
[2026-04-15T13:55:03.092+0000] {base.py:84} INFO - Using connection ID 'minio_finance' for task execution.
[2026-04-15T13:55:03.093+0000] {connection_wrapper.py:384} INFO - AWS Connection (conn_id='minio_finance', conn_type='aws') credentials retrieved from login and password.
[2026-04-15T13:55:03.211+0000] {logging_mixin.py:188} INFO - ✓ Read 17 rows from overview/2026-02-22/batch_56.csv
[2026-04-15T13:55:03.219+0000] {base.py:84} INFO - Using connection ID 'minio_finance' for task execution.
[2026-04-15T13:55:03.219+0000] {connection_wrapper.py:384} INFO - AWS Connection (conn_id='minio_finance', conn_type='aws') credentials retrieved from login and password.
[2026-04-15T13:55:03.326+0000] {logging_mixin.py:188} INFO - ✓ Read 16 rows from overview/2026-02-22/batch_57.csv
[2026-04-15T13:55:03.333+0000] {base.py:84} INFO - Using connection ID 'minio_finance' for task execution.
[2026-04-15T13:55:03.334+0000] {connection_wrapper.py:384} INFO - AWS Connection (conn_id='minio_finance', conn_type='aws') credentials retrieved from login and password.
[2026-04-15T13:55:03.455+0000] {logging_mixin.py:188} INFO - ✓ Read 17 rows from overview/2026-02-22/batch_58.csv
[2026-04-15T13:55:03.463+0000] {base.py:84} INFO - Using connection ID 'minio_finance' for task execution.
[2026-04-15T13:55:03.464+0000] {connection_wrapper.py:384} INFO - AWS Connection (conn_id='minio_finance', conn_type='aws') credentials retrieved from login and password.
[2026-04-15T13:55:03.575+0000] {logging_mixin.py:188} INFO - ✓ Read 16 rows from overview/2026-02-22/batch_59.csv
[2026-04-15T13:55:03.582+0000] {base.py:84} INFO - Using connection ID 'minio_finance' for task execution.
[2026-04-15T13:55:03.583+0000] {connection_wrapper.py:384} INFO - AWS Connection (conn_id='minio_finance', conn_type='aws') credentials retrieved from login and password.
[2026-04-15T13:55:03.683+0000] {logging_mixin.py:188} INFO - ✓ Read 17 rows from overview/2026-02-22/batch_6.csv
[2026-04-15T13:55:03.691+0000] {base.py:84} INFO - Using connection ID 'minio_finance' for task execution.
[2026-04-15T13:55:03.692+0000] {connection_wrapper.py:384} INFO - AWS Connection (conn_id='minio_finance', conn_type='aws') credentials retrieved from login and password.
[2026-04-15T13:55:03.788+0000] {logging_mixin.py:188} INFO - ✓ Read 17 rows from overview/2026-02-22/batch_60.csv
[2026-04-15T13:55:03.795+0000] {base.py:84} INFO - Using connection ID 'minio_finance' for task execution.
[2026-04-15T13:55:03.796+0000] {connection_wrapper.py:384} INFO - AWS Connection (conn_id='minio_finance', conn_type='aws') credentials retrieved from login and password.
[2026-04-15T13:55:03.922+0000] {logging_mixin.py:188} INFO - ✓ Read 17 rows from overview/2026-02-22/batch_61.csv
[2026-04-15T13:55:03.929+0000] {base.py:84} INFO - Using connection ID 'minio_finance' for task execution.
[2026-04-15T13:55:03.930+0000] {connection_wrapper.py:384} INFO - AWS Connection (conn_id='minio_finance', conn_type='aws') credentials retrieved from login and password.
[2026-04-15T13:55:04.050+0000] {logging_mixin.py:188} INFO - ✓ Read 16 rows from overview/2026-02-22/batch_63.csv
[2026-04-15T13:55:04.057+0000] {base.py:84} INFO - Using connection ID 'minio_finance' for task execution.
[2026-04-15T13:55:04.058+0000] {connection_wrapper.py:384} INFO - AWS Connection (conn_id='minio_finance', conn_type='aws') credentials retrieved from login and password.
[2026-04-15T13:55:04.173+0000] {logging_mixin.py:188} INFO - ✓ Read 18 rows from overview/2026-02-22/batch_7.csv
[2026-04-15T13:55:04.183+0000] {base.py:84} INFO - Using connection ID 'minio_finance' for task execution.
[2026-04-15T13:55:04.184+0000] {connection_wrapper.py:384} INFO - AWS Connection (conn_id='minio_finance', conn_type='aws') credentials retrieved from login and password.
[2026-04-15T13:55:04.317+0000] {logging_mixin.py:188} INFO - ✓ Read 16 rows from overview/2026-02-22/batch_8.csv
[2026-04-15T13:55:04.327+0000] {base.py:84} INFO - Using connection ID 'minio_finance' for task execution.
[2026-04-15T13:55:04.328+0000] {connection_wrapper.py:384} INFO - AWS Connection (conn_id='minio_finance', conn_type='aws') credentials retrieved from login and password.
[2026-04-15T13:55:04.464+0000] {logging_mixin.py:188} INFO - ✓ Read 16 rows from overview/2026-02-22/batch_9.csv
[2026-04-15T13:55:04.472+0000] {logging_mixin.py:188} INFO - ✓ Concatenated 50 files into 909 total rows
[2026-04-15T13:55:04.474+0000] {logging_mixin.py:188} INFO - Loaded 909 rows
[2026-04-15T13:55:04.474+0000] {logging_mixin.py:188} INFO - 
[3/4] Cleaning and transforming data...
[2026-04-15T13:55:04.504+0000] {logging_mixin.py:188} INFO - After cleaning: 909 rows
[2026-04-15T13:55:04.505+0000] {logging_mixin.py:188} INFO - 
[4/4] Inserting into database...
[2026-04-15T13:55:04.552+0000] {logging_mixin.py:188} INFO - ✓ Schema hethong_phantich_chungkhoan ensured
[2026-04-15T13:55:04.724+0000] {logging_mixin.py:188} INFO - ✅ Upserted 909 rows
[2026-04-15T13:55:04.726+0000] {python.py:237} INFO - Done. Returned value was: ✅ Success: 909 rows
[2026-04-15T13:55:04.726+0000] {taskinstance.py:441} INFO - ::group::Post task execution logs
[2026-04-15T13:55:04.752+0000] {taskinstance.py:1206} INFO - Marking task as SUCCESS. dag_id=minio_to_db_sync, task_id=sync_overview, run_id=scheduled__2026-04-14T03:00:00+00:00, execution_date=20260414T030000, start_date=20260415T135328, end_date=20260415T135504
[2026-04-15T13:55:04.831+0000] {local_task_job_runner.py:243} INFO - Task exited with return code 0
[2026-04-15T13:55:04.896+0000] {taskinstance.py:3503} INFO - 0 downstream tasks scheduled from follow-on schedule check
[2026-04-15T13:55:04.901+0000] {local_task_job_runner.py:222} INFO - ::endgroup::
