[2026-01-12T14:54:43.504+0000] {local_task_job_runner.py:120} INFO - ::group::Pre task execution logs
[2026-01-12T14:54:43.540+0000] {taskinstance.py:2076} INFO - Dependencies all met for dep_context=non-requeueable deps ti=<TaskInstance: financial_ratios_etl.ingest_financial_ratios scheduled__2026-01-04T02:00:00+00:00 map_index=126 [queued]>
[2026-01-12T14:54:43.559+0000] {taskinstance.py:2076} INFO - Dependencies all met for dep_context=requeueable deps ti=<TaskInstance: financial_ratios_etl.ingest_financial_ratios scheduled__2026-01-04T02:00:00+00:00 map_index=126 [queued]>
[2026-01-12T14:54:43.560+0000] {taskinstance.py:2306} INFO - Starting attempt 1 of 2
[2026-01-12T14:54:43.586+0000] {taskinstance.py:2330} INFO - Executing <Mapped(DfToCsvOperator): ingest_financial_ratios> on 2026-01-04 02:00:00+00:00
[2026-01-12T14:54:43.600+0000] {warnings.py:112} WARNING - This process (pid=6832) is multi-threaded, use of fork() may lead to deadlocks in the child.

[2026-01-12T14:54:43.605+0000] {standard_task_runner.py:64} INFO - Started process 6983 to run task
[2026-01-12T14:54:43.628+0000] {standard_task_runner.py:90} INFO - Running: ['***', 'tasks', 'run', 'financial_ratios_etl', 'ingest_financial_ratios', 'scheduled__2026-01-04T02:00:00+00:00', '--job-id', '12807', '--raw', '--subdir', 'DAGS_FOLDER/financial_ratios_etl.py', '--cfg-path', '/tmp/tmp029r9qbs', '--map-index', '126']
[2026-01-12T14:54:43.637+0000] {standard_task_runner.py:91} INFO - Job 12807: Subtask ingest_financial_ratios
[2026-01-12T14:54:43.792+0000] {task_command.py:426} INFO - Running <TaskInstance: financial_ratios_etl.ingest_financial_ratios scheduled__2026-01-04T02:00:00+00:00 map_index=126 [running]> on host 5a20a797a43c
[2026-01-12T14:54:44.040+0000] {taskinstance.py:2648} INFO - Exporting env vars: AIRFLOW_CTX_DAG_OWNER='***' AIRFLOW_CTX_DAG_ID='financial_ratios_etl' AIRFLOW_CTX_TASK_ID='ingest_financial_ratios' AIRFLOW_CTX_EXECUTION_DATE='2026-01-04T02:00:00+00:00' AIRFLOW_CTX_TRY_NUMBER='1' AIRFLOW_CTX_DAG_RUN_ID='scheduled__2026-01-04T02:00:00+00:00'
[2026-01-12T14:54:44.045+0000] {taskinstance.py:430} INFO - ::endgroup::
[2026-01-12T14:54:44.064+0000] {taskinstance.py:441} INFO - ::group::Post task execution logs
[2026-01-12T14:54:44.069+0000] {taskinstance.py:2905} ERROR - Task failed with exception
Traceback (most recent call last):
  File "/home/airflow/.local/lib/python3.12/site-packages/airflow/models/taskinstance.py", line 465, in _execute_task
    result = _execute_callable(context=context, **execute_callable_kwargs)
             ^^^^^^^^^^^^^^^^^^^^^^^^^^^^^^^^^^^^^^^^^^^^^^^^^^^^^^^^^^^^^
  File "/home/airflow/.local/lib/python3.12/site-packages/airflow/models/taskinstance.py", line 432, in _execute_callable
    return execute_callable(context=context, **execute_callable_kwargs)
           ^^^^^^^^^^^^^^^^^^^^^^^^^^^^^^^^^^^^^^^^^^^^^^^^^^^^^^^^^^^^
  File "/home/airflow/.local/lib/python3.12/site-packages/airflow/models/baseoperator.py", line 401, in wrapper
    return func(self, *args, **kwargs)
           ^^^^^^^^^^^^^^^^^^^^^^^^^^^
  File "/opt/airflow/plugins/function/datalake_df2csv.py", line 38, in execute
    df = self._load_dataframe()
         ^^^^^^^^^^^^^^^^^^^^^^
  File "/opt/airflow/plugins/function/datalake_df2csv.py", line 67, in _load_dataframe
    spec.loader.exec_module(module)
  File "<frozen importlib._bootstrap_external>", line 995, in exec_module
  File "<frozen importlib._bootstrap>", line 488, in _call_with_frames_removed
  File "/opt/airflow/plugins/logic/financial_ratios.py", line 9, in <module>
    from vnstock import finance
ImportError: cannot import name 'finance' from 'vnstock' (/home/airflow/.local/lib/python3.12/site-packages/vnstock/__init__.py). Did you mean: 'Finance'?
[2026-01-12T14:54:44.117+0000] {taskinstance.py:1206} INFO - Marking task as UP_FOR_RETRY. dag_id=financial_ratios_etl, task_id=ingest_financial_ratios, run_id=scheduled__2026-01-04T02:00:00+00:00, map_index=126, execution_date=20260104T020000, start_date=20260112T145443, end_date=20260112T145444
[2026-01-12T14:54:44.149+0000] {standard_task_runner.py:110} ERROR - Failed to execute job 12807 for task ingest_financial_ratios (cannot import name 'finance' from 'vnstock' (/home/airflow/.local/lib/python3.12/site-packages/vnstock/__init__.py); 6983)
[2026-01-12T14:54:44.199+0000] {local_task_job_runner.py:243} INFO - Task exited with return code 1
[2026-01-12T14:54:44.233+0000] {taskinstance.py:3503} INFO - 0 downstream tasks scheduled from follow-on schedule check
[2026-01-12T14:54:44.238+0000] {local_task_job_runner.py:222} INFO - ::endgroup::
[2026-01-17T08:58:30.799+0000] {local_task_job_runner.py:120} INFO - ::group::Pre task execution logs
[2026-01-17T08:58:30.832+0000] {taskinstance.py:2076} INFO - Dependencies all met for dep_context=non-requeueable deps ti=<TaskInstance: financial_ratios_etl.ingest_financial_ratios scheduled__2026-01-04T02:00:00+00:00 map_index=126 [queued]>
[2026-01-17T08:58:30.857+0000] {taskinstance.py:2076} INFO - Dependencies all met for dep_context=requeueable deps ti=<TaskInstance: financial_ratios_etl.ingest_financial_ratios scheduled__2026-01-04T02:00:00+00:00 map_index=126 [queued]>
[2026-01-17T08:58:30.858+0000] {taskinstance.py:2306} INFO - Starting attempt 1 of 2
[2026-01-17T08:58:30.875+0000] {taskinstance.py:2330} INFO - Executing <Mapped(DfToCsvOperator): ingest_financial_ratios> on 2026-01-04 02:00:00+00:00
[2026-01-17T08:58:30.887+0000] {warnings.py:112} WARNING - This process (pid=8404) is multi-threaded, use of fork() may lead to deadlocks in the child.

[2026-01-17T08:58:30.889+0000] {standard_task_runner.py:64} INFO - Started process 8466 to run task
[2026-01-17T08:58:30.892+0000] {standard_task_runner.py:90} INFO - Running: ['***', 'tasks', 'run', 'financial_ratios_etl', 'ingest_financial_ratios', 'scheduled__2026-01-04T02:00:00+00:00', '--job-id', '485', '--raw', '--subdir', 'DAGS_FOLDER/financial_ratios_etl.py', '--cfg-path', '/tmp/tmptrz402z0', '--map-index', '126']
[2026-01-17T08:58:30.896+0000] {standard_task_runner.py:91} INFO - Job 485: Subtask ingest_financial_ratios
[2026-01-17T08:58:30.957+0000] {task_command.py:426} INFO - Running <TaskInstance: financial_ratios_etl.ingest_financial_ratios scheduled__2026-01-04T02:00:00+00:00 map_index=126 [running]> on host d8c064bd46bc
[2026-01-17T08:58:31.070+0000] {taskinstance.py:2648} INFO - Exporting env vars: AIRFLOW_CTX_DAG_OWNER='***' AIRFLOW_CTX_DAG_ID='financial_ratios_etl' AIRFLOW_CTX_TASK_ID='ingest_financial_ratios' AIRFLOW_CTX_EXECUTION_DATE='2026-01-04T02:00:00+00:00' AIRFLOW_CTX_TRY_NUMBER='1' AIRFLOW_CTX_DAG_RUN_ID='scheduled__2026-01-04T02:00:00+00:00'
[2026-01-17T08:58:31.071+0000] {taskinstance.py:430} INFO - ::endgroup::
[2026-01-17T08:58:31.079+0000] {logging_mixin.py:188} INFO - [RATIO] Bắt đầu xử lý batch 2 mã: ['TTA', 'TT6']
[2026-01-17T08:58:31.079+0000] {logging_mixin.py:188} INFO - [RATIO] Kỳ dữ liệu: quarter
[2026-01-17T08:58:31.080+0000] {logging_mixin.py:188} INFO -  >> [RATIO] Đang lấy dữ liệu: TTA
[2026-01-17T08:58:36.582+0000] {logging_mixin.py:188} INFO -  ✓ [RATIO] TTA: 22 rows
[2026-01-17T08:58:38.584+0000] {logging_mixin.py:188} INFO -  >> [RATIO] Đang lấy dữ liệu: TT6
[2026-01-17T08:58:45.074+0000] {logging_mixin.py:188} INFO - ❌ Lỗi TT6: RetryError[<Future at 0x7f97183c9700 state=finished raised ConnectionError>]
[2026-01-17T08:58:45.076+0000] {logging_mixin.py:188} INFO -  ⚠️ [RATIO] TT6: No data from API
[2026-01-17T08:58:47.077+0000] {logging_mixin.py:188} INFO -  ✅ [RATIO] Hoàn thành batch. Tổng số dòng: 22
[2026-01-17T08:58:47.098+0000] {base.py:84} INFO - Using connection ID 'minio_finance' for task execution.
[2026-01-17T08:58:47.099+0000] {connection_wrapper.py:384} INFO - AWS Connection (conn_id='minio_finance', conn_type='aws') credentials retrieved from login and password.
[2026-01-17T08:58:47.821+0000] {datalake_df2csv.py:52} INFO - ✅ Đã upload 22 dòng -> s3://thongtin-congty-va-bctc/financial_ratios/2026-01-04/batch_126.csv
[2026-01-17T08:58:47.823+0000] {taskinstance.py:441} INFO - ::group::Post task execution logs
[2026-01-17T08:58:47.834+0000] {taskinstance.py:1206} INFO - Marking task as SUCCESS. dag_id=financial_ratios_etl, task_id=ingest_financial_ratios, run_id=scheduled__2026-01-04T02:00:00+00:00, map_index=126, execution_date=20260104T020000, start_date=20260117T085830, end_date=20260117T085847
[2026-01-17T08:58:47.905+0000] {local_task_job_runner.py:243} INFO - Task exited with return code 0
[2026-01-17T08:58:47.924+0000] {taskinstance.py:3503} INFO - 0 downstream tasks scheduled from follow-on schedule check
[2026-01-17T08:58:47.927+0000] {local_task_job_runner.py:222} INFO - ::endgroup::
