[2026-05-05T02:49:21.535+0000] {local_task_job_runner.py:120} INFO - ::group::Pre task execution logs
[2026-05-05T02:49:21.565+0000] {taskinstance.py:2076} INFO - Dependencies all met for dep_context=non-requeueable deps ti=<TaskInstance: minio_to_db_sync.sync_financial_ratio scheduled__2026-05-04T20:00:00+00:00 [queued]>
[2026-05-05T02:49:21.578+0000] {taskinstance.py:2076} INFO - Dependencies all met for dep_context=requeueable deps ti=<TaskInstance: minio_to_db_sync.sync_financial_ratio scheduled__2026-05-04T20:00:00+00:00 [queued]>
[2026-05-05T02:49:21.579+0000] {taskinstance.py:2306} INFO - Starting attempt 1 of 3
[2026-05-05T02:49:21.612+0000] {taskinstance.py:2330} INFO - Executing <Task(_PythonDecoratedOperator): sync_financial_ratio> on 2026-05-04 20:00:00+00:00
[2026-05-05T02:49:21.626+0000] {warnings.py:112} WARNING - This process (pid=8150) is multi-threaded, use of fork() may lead to deadlocks in the child.

[2026-05-05T02:49:21.628+0000] {standard_task_runner.py:64} INFO - Started process 8220 to run task
[2026-05-05T02:49:21.630+0000] {standard_task_runner.py:90} INFO - Running: ['***', 'tasks', 'run', 'minio_to_db_sync', 'sync_financial_ratio', 'scheduled__2026-05-04T20:00:00+00:00', '--job-id', '47821', '--raw', '--subdir', 'DAGS_FOLDER/minio_to_db_sync.py', '--cfg-path', '/tmp/tmp7f6k34eu']
[2026-05-05T02:49:21.634+0000] {standard_task_runner.py:91} INFO - Job 47821: Subtask sync_financial_ratio
[2026-05-05T02:49:21.733+0000] {task_command.py:426} INFO - Running <TaskInstance: minio_to_db_sync.sync_financial_ratio scheduled__2026-05-04T20:00:00+00:00 [running]> on host 0486a22c7dcb
[2026-05-05T02:49:21.897+0000] {taskinstance.py:2648} INFO - Exporting env vars: AIRFLOW_CTX_DAG_OWNER='***' AIRFLOW_CTX_DAG_ID='minio_to_db_sync' AIRFLOW_CTX_TASK_ID='sync_financial_ratio' AIRFLOW_CTX_EXECUTION_DATE='2026-05-04T20:00:00+00:00' AIRFLOW_CTX_TRY_NUMBER='1' AIRFLOW_CTX_DAG_RUN_ID='scheduled__2026-05-04T20:00:00+00:00'
[2026-05-05T02:49:21.898+0000] {taskinstance.py:430} INFO - ::endgroup::
[2026-05-05T02:49:21.912+0000] {logging_mixin.py:188} INFO - ======================================================================
[2026-05-05T02:49:21.913+0000] {logging_mixin.py:188} INFO - 📊 SYNC FIN_RATIO_V2 TO DATABASE (UPDATE + INSERT)
[2026-05-05T02:49:21.913+0000] {logging_mixin.py:188} INFO - ======================================================================
[2026-05-05T02:49:21.914+0000] {logging_mixin.py:188} INFO - 
[1/4] Finding latest partition...
[2026-05-05T02:49:21.931+0000] {base.py:84} INFO - Using connection ID 'minio_finance' for task execution.
[2026-05-05T02:49:21.933+0000] {connection_wrapper.py:384} INFO - AWS Connection (conn_id='minio_finance', conn_type='aws') credentials retrieved from login and password.
[2026-05-05T02:49:22.587+0000] {logging_mixin.py:188} INFO - ✅ Latest partition selected: fin_ratio_v2/2026-04-12_03:07:34:748/
[2026-05-05T02:49:22.589+0000] {logging_mixin.py:188} INFO - 
[2/4] Reading CSV data from latest partition...
[2026-05-05T02:49:22.616+0000] {base.py:84} INFO - Using connection ID 'minio_finance' for task execution.
[2026-05-05T02:49:22.624+0000] {connection_wrapper.py:384} INFO - AWS Connection (conn_id='minio_finance', conn_type='aws') credentials retrieved from login and password.
[2026-05-05T02:49:22.919+0000] {logging_mixin.py:188} INFO - ✓ Found 1 CSV files in thongtin-congty-va-bctc/fin_ratio_v2/2026-04-12_03:07:34:748/
[2026-05-05T02:49:22.938+0000] {base.py:84} INFO - Using connection ID 'minio_finance' for task execution.
[2026-05-05T02:49:22.945+0000] {connection_wrapper.py:384} INFO - AWS Connection (conn_id='minio_finance', conn_type='aws') credentials retrieved from login and password.
[2026-05-05T02:49:24.181+0000] {warnings.py:112} WARNING - Columns (6) have mixed types. Specify dtype option on import or set low_memory=False.

[2026-05-05T02:49:24.263+0000] {logging_mixin.py:188} INFO - ✓ Read 50858 rows from fin_ratio_v2/2026-04-12_03:07:34:748/fin_ratio_v2.csv
[2026-05-05T02:49:24.265+0000] {logging_mixin.py:188} INFO - ✓ Concatenated 1 files into 50858 total rows
[2026-05-05T02:49:24.266+0000] {logging_mixin.py:188} INFO - Loaded rows: 50,858
[2026-05-05T02:49:24.266+0000] {logging_mixin.py:188} INFO - 
[3/4] Cleaning and preparing data...
[2026-05-05T02:49:26.965+0000] {logging_mixin.py:188} INFO - Rows after cleaning/dedup: 50,858
[2026-05-05T02:49:26.966+0000] {logging_mixin.py:188} INFO - 
[4/4] Upserting to database...
[2026-05-05T02:49:26.972+0000] {logging_mixin.py:188} INFO - ✓ Schema hethong_phantich_chungkhoan ensured
[2026-05-05T02:49:31.710+0000] {local_task_job_runner.py:313} WARNING - State of this instance has been externally set to success. Terminating instance.
[2026-05-05T02:49:31.711+0000] {local_task_job_runner.py:222} INFO - ::endgroup::
[2026-05-05T02:49:31.714+0000] {process_utils.py:132} INFO - Sending 15 to group 8220. PIDs of all processes in the group: [8220]
[2026-05-05T02:49:31.715+0000] {process_utils.py:87} INFO - Sending the signal 15 to group 8220
[2026-05-05T02:49:31.716+0000] {taskinstance.py:2611} ERROR - Received SIGTERM. Terminating subprocesses.
[2026-05-05T02:49:31.722+0000] {taskinstance.py:441} INFO - ::group::Post task execution logs
[2026-05-05T02:49:31.808+0000] {process_utils.py:80} INFO - Process psutil.Process(pid=8220, status='terminated', exitcode=0, started='02:49:21') (8220) terminated with exit code 0
