[2026-01-24T08:57:47.901+0000] {local_task_job_runner.py:120} INFO - ::group::Pre task execution logs
[2026-01-24T08:57:47.968+0000] {taskinstance.py:2076} INFO - Dependencies all met for dep_context=non-requeueable deps ti=<TaskInstance: financial_ratios_etl.ingest_financial_ratios manual__2026-01-24T08:33:50+00:00 map_index=535 [queued]>
[2026-01-24T08:57:48.019+0000] {taskinstance.py:2076} INFO - Dependencies all met for dep_context=requeueable deps ti=<TaskInstance: financial_ratios_etl.ingest_financial_ratios manual__2026-01-24T08:33:50+00:00 map_index=535 [queued]>
[2026-01-24T08:57:48.019+0000] {taskinstance.py:2306} INFO - Starting attempt 1 of 2
[2026-01-24T08:57:48.049+0000] {taskinstance.py:2330} INFO - Executing <Mapped(DfToCsvOperator): ingest_financial_ratios> on 2026-01-24 08:33:50+00:00
[2026-01-24T08:57:48.062+0000] {warnings.py:112} WARNING - This process (pid=14260) is multi-threaded, use of fork() may lead to deadlocks in the child.

[2026-01-24T08:57:48.064+0000] {standard_task_runner.py:64} INFO - Started process 14361 to run task
[2026-01-24T08:57:48.068+0000] {standard_task_runner.py:90} INFO - Running: ['***', 'tasks', 'run', 'financial_ratios_etl', 'ingest_financial_ratios', 'manual__2026-01-24T08:33:50+00:00', '--job-id', '6834', '--raw', '--subdir', 'DAGS_FOLDER/dl_financial_ratios.py', '--cfg-path', '/tmp/tmpiwqpaesp', '--map-index', '535']
[2026-01-24T08:57:48.072+0000] {standard_task_runner.py:91} INFO - Job 6834: Subtask ingest_financial_ratios
[2026-01-24T08:57:48.155+0000] {task_command.py:426} INFO - Running <TaskInstance: financial_ratios_etl.ingest_financial_ratios manual__2026-01-24T08:33:50+00:00 map_index=535 [running]> on host 05b4b3a77fa2
[2026-01-24T08:57:48.319+0000] {taskinstance.py:2648} INFO - Exporting env vars: AIRFLOW_CTX_DAG_OWNER='***' AIRFLOW_CTX_DAG_ID='financial_ratios_etl' AIRFLOW_CTX_TASK_ID='ingest_financial_ratios' AIRFLOW_CTX_EXECUTION_DATE='2026-01-24T08:33:50+00:00' AIRFLOW_CTX_TRY_NUMBER='1' AIRFLOW_CTX_DAG_RUN_ID='manual__2026-01-24T08:33:50+00:00'
[2026-01-24T08:57:48.321+0000] {taskinstance.py:430} INFO - ::endgroup::
[2026-01-24T08:57:48.330+0000] {logging_mixin.py:188} INFO - [RATIO] Bắt đầu xử lý batch 2 mã: ['HSP', 'HSM']
[2026-01-24T08:57:48.331+0000] {logging_mixin.py:188} INFO - [RATIO] Kỳ dữ liệu: quarter
[2026-01-24T08:57:48.331+0000] {logging_mixin.py:188} INFO -  >> [RATIO] Đang lấy dữ liệu: HSP
[2026-01-24T08:57:54.306+0000] {logging_mixin.py:188} INFO -  ✓ [RATIO] HSP: 35 rows
[2026-01-24T08:57:56.307+0000] {logging_mixin.py:188} INFO -  >> [RATIO] Đang lấy dữ liệu: HSM
[2026-01-24T08:57:59.977+0000] {logging_mixin.py:188} INFO -  ✓ [RATIO] HSM: 37 rows
[2026-01-24T08:58:01.987+0000] {logging_mixin.py:188} INFO -  ✅ [RATIO] Hoàn thành batch. Tổng số dòng: 72
[2026-01-24T08:58:02.068+0000] {base.py:84} INFO - Using connection ID 'minio_finance' for task execution.
[2026-01-24T08:58:02.071+0000] {connection_wrapper.py:384} INFO - AWS Connection (conn_id='minio_finance', conn_type='aws') credentials retrieved from login and password.
[2026-01-24T08:58:03.216+0000] {datalake_df2csv.py:52} INFO - ✅ Đã upload 72 dòng -> s3://thongtin-congty-va-bctc/financial_ratios/2026-01-24/batch_535.csv
[2026-01-24T08:58:03.218+0000] {taskinstance.py:441} INFO - ::group::Post task execution logs
[2026-01-24T08:58:03.239+0000] {taskinstance.py:1206} INFO - Marking task as SUCCESS. dag_id=financial_ratios_etl, task_id=ingest_financial_ratios, run_id=manual__2026-01-24T08:33:50+00:00, map_index=535, execution_date=20260124T083350, start_date=20260124T085747, end_date=20260124T085803
[2026-01-24T08:58:03.326+0000] {local_task_job_runner.py:243} INFO - Task exited with return code 0
[2026-01-24T08:58:03.359+0000] {taskinstance.py:3503} INFO - 0 downstream tasks scheduled from follow-on schedule check
[2026-01-24T08:58:03.364+0000] {local_task_job_runner.py:222} INFO - ::endgroup::
