[2026-01-18T02:56:10.800+0000] {local_task_job_runner.py:120} INFO - ::group::Pre task execution logs
[2026-01-18T02:56:10.829+0000] {taskinstance.py:2076} INFO - Dependencies all met for dep_context=non-requeueable deps ti=<TaskInstance: bctc.ingest_bctc scheduled__2026-01-11T00:00:00+00:00 map_index=4 [queued]>
[2026-01-18T02:56:10.843+0000] {taskinstance.py:2076} INFO - Dependencies all met for dep_context=requeueable deps ti=<TaskInstance: bctc.ingest_bctc scheduled__2026-01-11T00:00:00+00:00 map_index=4 [queued]>
[2026-01-18T02:56:10.844+0000] {taskinstance.py:2306} INFO - Starting attempt 1 of 2
[2026-01-18T02:56:10.866+0000] {taskinstance.py:2330} INFO - Executing <Mapped(DfToCsvOperator): ingest_bctc> on 2026-01-11 00:00:00+00:00
[2026-01-18T02:56:10.880+0000] {warnings.py:112} WARNING - This process (pid=954) is multi-threaded, use of fork() may lead to deadlocks in the child.

[2026-01-18T02:56:10.882+0000] {standard_task_runner.py:64} INFO - Started process 1014 to run task
[2026-01-18T02:56:10.885+0000] {standard_task_runner.py:90} INFO - Running: ['***', 'tasks', 'run', 'bctc', 'ingest_bctc', 'scheduled__2026-01-11T00:00:00+00:00', '--job-id', '1593', '--raw', '--subdir', 'DAGS_FOLDER/tt_cty_bctc.py', '--cfg-path', '/tmp/tmpvtmsj3uq', '--map-index', '4']
[2026-01-18T02:56:10.890+0000] {standard_task_runner.py:91} INFO - Job 1593: Subtask ingest_bctc
[2026-01-18T02:56:10.969+0000] {task_command.py:426} INFO - Running <TaskInstance: bctc.ingest_bctc scheduled__2026-01-11T00:00:00+00:00 map_index=4 [running]> on host 931c2101ff2f
[2026-01-18T02:56:11.106+0000] {taskinstance.py:2648} INFO - Exporting env vars: AIRFLOW_CTX_DAG_OWNER='***' AIRFLOW_CTX_DAG_ID='bctc' AIRFLOW_CTX_TASK_ID='ingest_bctc' AIRFLOW_CTX_EXECUTION_DATE='2026-01-11T00:00:00+00:00' AIRFLOW_CTX_TRY_NUMBER='1' AIRFLOW_CTX_DAG_RUN_ID='scheduled__2026-01-11T00:00:00+00:00'
[2026-01-18T02:56:11.108+0000] {taskinstance.py:430} INFO - ::endgroup::
[2026-01-18T02:56:11.114+0000] {logging_mixin.py:188} INFO - Bắt đầu xử lý batch 20 mã: ['VNS', 'VNR', 'VNP', 'VNM', 'VNL', 'VNI', 'VNH', 'VNG', 'VNF', 'VNE', 'VND', 'VNC', 'VNB', 'VNA', 'VMT', 'VMS', 'VMK', 'VMI', 'VMG', 'VMD']
[2026-01-18T02:56:11.115+0000] {logging_mixin.py:188} INFO -  >> Đang lấy dữ liệu: VNS
[2026-01-18T02:56:21.409+0000] {logging_mixin.py:188} INFO -  >> Đang lấy dữ liệu: VNR
[2026-01-18T02:56:30.067+0000] {logging_mixin.py:188} INFO -  >> Đang lấy dữ liệu: VNP
[2026-01-18T02:56:39.329+0000] {logging_mixin.py:188} INFO -  >> Đang lấy dữ liệu: VNM
[2026-01-18T02:56:47.919+0000] {logging_mixin.py:188} INFO -  >> Đang lấy dữ liệu: VNL
[2026-01-18T02:57:10.310+0000] {logging_mixin.py:188} INFO -  >> Đang lấy dữ liệu: VNI
[2026-01-18T02:57:19.573+0000] {logging_mixin.py:188} INFO -  >> Đang lấy dữ liệu: VNH
[2026-01-18T02:57:28.167+0000] {logging_mixin.py:188} INFO -  >> Đang lấy dữ liệu: VNG
[2026-01-18T02:57:36.909+0000] {logging_mixin.py:188} INFO -  >> Đang lấy dữ liệu: VNF
[2026-01-18T02:57:48.376+0000] {logging_mixin.py:188} INFO -  >> Đang lấy dữ liệu: VNE
[2026-01-18T02:57:58.016+0000] {logging_mixin.py:188} INFO -  >> Đang lấy dữ liệu: VND
[2026-01-18T02:58:10.300+0000] {logging_mixin.py:188} INFO -  >> Đang lấy dữ liệu: VNC
[2026-01-18T02:58:19.733+0000] {logging_mixin.py:188} INFO -  >> Đang lấy dữ liệu: VNB
[2026-01-18T02:58:29.995+0000] {logging_mixin.py:188} INFO -  >> Đang lấy dữ liệu: VNA
[2026-01-18T02:58:40.079+0000] {logging_mixin.py:188} INFO -  >> Đang lấy dữ liệu: VMT
[2026-01-18T02:58:47.486+0000] {logging_mixin.py:188} INFO - ❌ Lỗi income_statement: RetryError[<Future at 0x7f4732d73d10 state=finished raised KeyError>]
[2026-01-18T02:58:53.449+0000] {logging_mixin.py:188} INFO - ❌ Lỗi balance_sheet: RetryError[<Future at 0x7f47796525d0 state=finished raised KeyError>]
[2026-01-18T02:59:00.021+0000] {logging_mixin.py:188} INFO - ❌ Lỗi cash_flow: RetryError[<Future at 0x7f4732d72870 state=finished raised KeyError>]
[2026-01-18T02:59:03.523+0000] {logging_mixin.py:188} INFO -  >> Đang lấy dữ liệu: VMS
[2026-01-18T02:59:13.083+0000] {logging_mixin.py:188} INFO -  >> Đang lấy dữ liệu: VMK
[2026-01-18T02:59:18.291+0000] {logging_mixin.py:188} INFO - ❌ Lỗi income_statement: RetryError[<Future at 0x7f4732dd75f0 state=finished raised KeyError>]
[2026-01-18T02:59:25.129+0000] {logging_mixin.py:188} INFO - ❌ Lỗi balance_sheet: RetryError[<Future at 0x7f4732dd71a0 state=finished raised KeyError>]
[2026-01-18T02:59:32.411+0000] {logging_mixin.py:188} INFO - ❌ Lỗi cash_flow: RetryError[<Future at 0x7f4732dd51f0 state=finished raised KeyError>]
[2026-01-18T02:59:35.912+0000] {logging_mixin.py:188} INFO -  >> Đang lấy dữ liệu: VMI
[2026-01-18T02:59:46.229+0000] {logging_mixin.py:188} INFO -  >> Đang lấy dữ liệu: VMG
[2026-01-18T02:59:55.009+0000] {logging_mixin.py:188} INFO -  >> Đang lấy dữ liệu: VMD
[2026-01-18T03:00:04.146+0000] {logging_mixin.py:188} INFO -  ⚠ Batch này không thu được dữ liệu nào.
[2026-01-18T03:00:04.147+0000] {datalake_df2csv.py:40} INFO - DataFrame rỗng, bỏ qua upload CSV.
[2026-01-18T03:00:04.148+0000] {taskinstance.py:441} INFO - ::group::Post task execution logs
[2026-01-18T03:00:04.161+0000] {taskinstance.py:1206} INFO - Marking task as SUCCESS. dag_id=bctc, task_id=ingest_bctc, run_id=scheduled__2026-01-11T00:00:00+00:00, map_index=4, execution_date=20260111T000000, start_date=20260118T025610, end_date=20260118T030004
[2026-01-18T03:00:04.194+0000] {local_task_job_runner.py:243} INFO - Task exited with return code 0
[2026-01-18T03:00:04.225+0000] {taskinstance.py:3503} INFO - 0 downstream tasks scheduled from follow-on schedule check
[2026-01-18T03:00:04.227+0000] {local_task_job_runner.py:222} INFO - ::endgroup::
