[2026-03-10T13:48:37.210+0000] {local_task_job_runner.py:120} INFO - ::group::Pre task execution logs
[2026-03-10T13:48:37.235+0000] {taskinstance.py:2076} INFO - Dependencies all met for dep_context=non-requeueable deps ti=<TaskInstance: daily_price.ingest_daily_price scheduled__2026-03-06T16:00:00+00:00 map_index=105 [queued]>
[2026-03-10T13:48:37.251+0000] {taskinstance.py:2076} INFO - Dependencies all met for dep_context=requeueable deps ti=<TaskInstance: daily_price.ingest_daily_price scheduled__2026-03-06T16:00:00+00:00 map_index=105 [queued]>
[2026-03-10T13:48:37.251+0000] {taskinstance.py:2306} INFO - Starting attempt 1 of 2
[2026-03-10T13:48:37.267+0000] {taskinstance.py:2330} INFO - Executing <Mapped(DfToCsvOperator): ingest_daily_price> on 2026-03-06 16:00:00+00:00
[2026-03-10T13:48:37.277+0000] {warnings.py:112} WARNING - This process (pid=1333) is multi-threaded, use of fork() may lead to deadlocks in the child.

[2026-03-10T13:48:37.279+0000] {standard_task_runner.py:64} INFO - Started process 1377 to run task
[2026-03-10T13:48:37.281+0000] {standard_task_runner.py:90} INFO - Running: ['***', 'tasks', 'run', 'daily_price', 'ingest_daily_price', 'scheduled__2026-03-06T16:00:00+00:00', '--job-id', '31971', '--raw', '--subdir', 'DAGS_FOLDER/dl_dailly_price.py', '--cfg-path', '/tmp/tmph0m7lcs5', '--map-index', '105']
[2026-03-10T13:48:37.285+0000] {standard_task_runner.py:91} INFO - Job 31971: Subtask ingest_daily_price
[2026-03-10T13:48:37.339+0000] {task_command.py:426} INFO - Running <TaskInstance: daily_price.ingest_daily_price scheduled__2026-03-06T16:00:00+00:00 map_index=105 [running]> on host a484976c6a47
[2026-03-10T13:48:37.678+0000] {taskinstance.py:2648} INFO - Exporting env vars: AIRFLOW_CTX_DAG_OWNER='***' AIRFLOW_CTX_DAG_ID='daily_price' AIRFLOW_CTX_TASK_ID='ingest_daily_price' AIRFLOW_CTX_EXECUTION_DATE='2026-03-06T16:00:00+00:00' AIRFLOW_CTX_TRY_NUMBER='1' AIRFLOW_CTX_DAG_RUN_ID='scheduled__2026-03-06T16:00:00+00:00'
[2026-03-10T13:48:37.679+0000] {taskinstance.py:430} INFO - ::endgroup::
[2026-03-10T13:48:37.680+0000] {datalake_df2csv.py:40} INFO - ================================================================================
[2026-03-10T13:48:37.680+0000] {datalake_df2csv.py:41} INFO - 🚀 BẮT ĐẦU TASK: ingest_daily_price
[2026-03-10T13:48:37.680+0000] {datalake_df2csv.py:42} INFO - ================================================================================
[2026-03-10T13:48:37.681+0000] {datalake_df2csv.py:43} INFO - 📋 Thông tin cấu hình:
[2026-03-10T13:48:37.681+0000] {datalake_df2csv.py:44} INFO -   - Logic file: history_price
[2026-03-10T13:48:37.681+0000] {datalake_df2csv.py:45} INFO -   - DataFrame name: get_history_price_batch
[2026-03-10T13:48:37.682+0000] {datalake_df2csv.py:46} INFO -   - Bucket: thongtin-congty-va-bctc
[2026-03-10T13:48:37.682+0000] {datalake_df2csv.py:47} INFO -   - Object path: daily_price/2026-03-06/batch_105.csv
[2026-03-10T13:48:37.682+0000] {datalake_df2csv.py:48} INFO -   - Connection ID: minio_finance
[2026-03-10T13:48:37.683+0000] {datalake_df2csv.py:49} INFO -   - Tham số truyền vào: {'symbols': ['MCG', 'CLM', 'TCK', 'CHS', 'KHP'], 'start_date': '2026-03-06', 'end_date': '2026-03-07'}
[2026-03-10T13:48:37.683+0000] {datalake_df2csv.py:50} INFO - --------------------------------------------------------------------------------
[2026-03-10T13:48:37.683+0000] {datalake_df2csv.py:54} INFO - 📥 Bước 1: Đang load dữ liệu từ logic file...
[2026-03-10T13:48:37.686+0000] {datalake_df2csv.py:148} INFO -   - Logic directory: /opt/airflow/plugins/logic
[2026-03-10T13:48:37.687+0000] {datalake_df2csv.py:149} INFO -   - Module path: /opt/airflow/plugins/logic/history_price.py
[2026-03-10T13:48:37.687+0000] {datalake_df2csv.py:153} INFO -   - Đã thêm logic directory vào sys.path
[2026-03-10T13:48:37.688+0000] {datalake_df2csv.py:159} INFO -   - Đang load module 'history_price'...
[2026-03-10T13:48:37.693+0000] {datalake_df2csv.py:163} INFO -   - ✅ Module loaded thành công
[2026-03-10T13:48:37.693+0000] {datalake_df2csv.py:165} INFO -   - Đang tìm DataFrame/function: 'get_history_price_batch'...
[2026-03-10T13:48:37.694+0000] {datalake_df2csv.py:170} INFO -   - ✅ Tìm thấy object: function
[2026-03-10T13:48:37.694+0000] {datalake_df2csv.py:173} INFO -   - Đang gọi function với tham số: {'symbols': ['MCG', 'CLM', 'TCK', 'CHS', 'KHP'], 'start_date': '2026-03-06', 'end_date': '2026-03-07'}
[2026-03-10T13:48:42.040+0000] {datalake_df2csv.py:68} INFO - ✅ Load dữ liệu thành công!
[2026-03-10T13:48:42.040+0000] {datalake_df2csv.py:69} INFO - 📊 Thông tin DataFrame:
[2026-03-10T13:48:42.041+0000] {datalake_df2csv.py:70} INFO -   - Số dòng: 10
[2026-03-10T13:48:42.042+0000] {datalake_df2csv.py:71} INFO -   - Số cột: 7
[2026-03-10T13:48:42.042+0000] {datalake_df2csv.py:72} INFO -   - Tên các cột: ['ticker', 'trading_date', 'open', 'high', 'low', 'close', 'volume']
[2026-03-10T13:48:42.043+0000] {datalake_df2csv.py:73} INFO -   - Kiểu dữ liệu: {'ticker': 'object', 'trading_date': 'object', 'open': 'float64', 'high': 'float64', 'low': 'float64', 'close': 'float64', 'volume': 'int64'}
[2026-03-10T13:48:42.046+0000] {datalake_df2csv.py:74} INFO -   - Bộ nhớ sử dụng: 0.00 MB
[2026-03-10T13:48:42.048+0000] {datalake_df2csv.py:83} INFO -   - Không có giá trị NULL
[2026-03-10T13:48:42.049+0000] {datalake_df2csv.py:86} INFO -   - Mẫu dữ liệu (5 dòng đầu):
[2026-03-10T13:48:42.050+0000] {datalake_df2csv.py:88} INFO -     Row 0: {'ticker': 'MCG', 'trading_date': '2026-03-05', 'open': 2.3, 'high': 2.5, 'low': 2.2, 'close': 2.4, 'volume': 284900}
[2026-03-10T13:48:42.051+0000] {datalake_df2csv.py:88} INFO -     Row 1: {'ticker': 'MCG', 'trading_date': '2026-03-06', 'open': 2.4, 'high': 2.5, 'low': 2.4, 'close': 2.4, 'volume': 157500}
[2026-03-10T13:48:42.052+0000] {datalake_df2csv.py:88} INFO -     Row 2: {'ticker': 'CLM', 'trading_date': '2026-03-05', 'open': 75.0, 'high': 75.0, 'low': 74.6, 'close': 74.6, 'volume': 400}
[2026-03-10T13:48:42.052+0000] {datalake_df2csv.py:88} INFO -     Row 3: {'ticker': 'CLM', 'trading_date': '2026-03-06', 'open': 72.1, 'high': 72.1, 'low': 72.0, 'close': 72.0, 'volume': 2100}
[2026-03-10T13:48:42.053+0000] {datalake_df2csv.py:88} INFO -     Row 4: {'ticker': 'TCK', 'trading_date': '2026-01-16', 'open': 3.0, 'high': 3.0, 'low': 3.0, 'close': 3.0, 'volume': 3600}
[2026-03-10T13:48:42.053+0000] {datalake_df2csv.py:90} INFO - --------------------------------------------------------------------------------
[2026-03-10T13:48:42.054+0000] {datalake_df2csv.py:93} INFO - 📝 Bước 2: Đang chuyển đổi DataFrame sang CSV...
[2026-03-10T13:48:42.058+0000] {datalake_df2csv.py:97} INFO - ✅ Chuyển đổi CSV thành công!
[2026-03-10T13:48:42.058+0000] {datalake_df2csv.py:98} INFO -   - Kích thước file: 0.00 MB
[2026-03-10T13:48:42.059+0000] {datalake_df2csv.py:99} INFO -   - Thời gian chuyển đổi: 0.00 giây
[2026-03-10T13:48:42.059+0000] {datalake_df2csv.py:100} INFO - --------------------------------------------------------------------------------
[2026-03-10T13:48:42.059+0000] {datalake_df2csv.py:103} INFO - ☁️  Bước 3: Đang upload lên MinIO/S3...
[2026-03-10T13:48:42.071+0000] {base.py:84} INFO - Using connection ID 'minio_finance' for task execution.
[2026-03-10T13:48:42.072+0000] {connection_wrapper.py:384} INFO - AWS Connection (conn_id='minio_finance', conn_type='aws') credentials retrieved from login and password.
[2026-03-10T13:48:42.589+0000] {datalake_df2csv.py:112} INFO -   - Bucket 'thongtin-congty-va-bctc' đã tồn tại
[2026-03-10T13:48:42.626+0000] {datalake_df2csv.py:117} INFO - ✅ Upload thành công!
[2026-03-10T13:48:42.627+0000] {datalake_df2csv.py:118} INFO -   - Đường dẫn: s3://thongtin-congty-va-bctc/daily_price/2026-03-06/batch_105.csv
[2026-03-10T13:48:42.627+0000] {datalake_df2csv.py:119} INFO -   - Số dòng: 10
[2026-03-10T13:48:42.628+0000] {datalake_df2csv.py:120} INFO -   - Thời gian upload: 0.57 giây
[2026-03-10T13:48:42.628+0000] {datalake_df2csv.py:121} INFO - --------------------------------------------------------------------------------
[2026-03-10T13:48:42.629+0000] {datalake_df2csv.py:125} INFO - 📈 TỔNG KẾT:
[2026-03-10T13:48:42.629+0000] {datalake_df2csv.py:126} INFO -   - Tổng thời gian thực thi: 4.95 giây
[2026-03-10T13:48:42.630+0000] {datalake_df2csv.py:127} INFO -   - Tốc độ xử lý: 2 dòng/giây
[2026-03-10T13:48:42.631+0000] {datalake_df2csv.py:128} INFO - ================================================================================
[2026-03-10T13:48:42.631+0000] {datalake_df2csv.py:129} INFO - ✅ HOÀN THÀNH TASK: ingest_daily_price
[2026-03-10T13:48:42.632+0000] {datalake_df2csv.py:130} INFO - ================================================================================
[2026-03-10T13:48:42.633+0000] {taskinstance.py:441} INFO - ::group::Post task execution logs
[2026-03-10T13:48:42.645+0000] {taskinstance.py:1206} INFO - Marking task as SUCCESS. dag_id=daily_price, task_id=ingest_daily_price, run_id=scheduled__2026-03-06T16:00:00+00:00, map_index=105, execution_date=20260306T160000, start_date=20260310T134837, end_date=20260310T134842
[2026-03-10T13:48:42.738+0000] {local_task_job_runner.py:243} INFO - Task exited with return code 0
[2026-03-10T13:48:42.752+0000] {taskinstance.py:3503} INFO - 0 downstream tasks scheduled from follow-on schedule check
[2026-03-10T13:48:42.756+0000] {local_task_job_runner.py:222} INFO - ::endgroup::
