[2026-01-19T14:14:24.431+0000] {local_task_job_runner.py:120} INFO - ::group::Pre task execution logs
[2026-01-19T14:14:24.466+0000] {taskinstance.py:2076} INFO - Dependencies all met for dep_context=non-requeueable deps ti=<TaskInstance: financial_ratios_etl.ingest_financial_ratios manual__2026-01-19T13:56:35+00:00 map_index=12 [queued]>
[2026-01-19T14:14:24.483+0000] {taskinstance.py:2076} INFO - Dependencies all met for dep_context=requeueable deps ti=<TaskInstance: financial_ratios_etl.ingest_financial_ratios manual__2026-01-19T13:56:35+00:00 map_index=12 [queued]>
[2026-01-19T14:14:24.484+0000] {taskinstance.py:2306} INFO - Starting attempt 1 of 2
[2026-01-19T14:14:24.505+0000] {taskinstance.py:2330} INFO - Executing <Mapped(DfToCsvOperator): ingest_financial_ratios> on 2026-01-19 13:56:35+00:00
[2026-01-19T14:14:24.525+0000] {warnings.py:112} WARNING - This process (pid=7375) is multi-threaded, use of fork() may lead to deadlocks in the child.

[2026-01-19T14:14:24.527+0000] {standard_task_runner.py:64} INFO - Started process 7398 to run task
[2026-01-19T14:14:24.531+0000] {standard_task_runner.py:90} INFO - Running: ['***', 'tasks', 'run', 'financial_ratios_etl', 'ingest_financial_ratios', 'manual__2026-01-19T13:56:35+00:00', '--job-id', '3308', '--raw', '--subdir', 'DAGS_FOLDER/financial_ratios_etl.py', '--cfg-path', '/tmp/tmpg2rghhpz', '--map-index', '12']
[2026-01-19T14:14:24.535+0000] {standard_task_runner.py:91} INFO - Job 3308: Subtask ingest_financial_ratios
[2026-01-19T14:14:24.602+0000] {task_command.py:426} INFO - Running <TaskInstance: financial_ratios_etl.ingest_financial_ratios manual__2026-01-19T13:56:35+00:00 map_index=12 [running]> on host 8cee9c20419f
[2026-01-19T14:14:24.741+0000] {taskinstance.py:2648} INFO - Exporting env vars: AIRFLOW_CTX_DAG_OWNER='***' AIRFLOW_CTX_DAG_ID='financial_ratios_etl' AIRFLOW_CTX_TASK_ID='ingest_financial_ratios' AIRFLOW_CTX_EXECUTION_DATE='2026-01-19T13:56:35+00:00' AIRFLOW_CTX_TRY_NUMBER='1' AIRFLOW_CTX_DAG_RUN_ID='manual__2026-01-19T13:56:35+00:00'
[2026-01-19T14:14:24.743+0000] {taskinstance.py:430} INFO - ::endgroup::
[2026-01-19T14:14:24.752+0000] {logging_mixin.py:188} INFO - [RATIO] Bắt đầu xử lý batch 2 mã: ['VVS', 'VVN']
[2026-01-19T14:14:24.753+0000] {logging_mixin.py:188} INFO - [RATIO] Kỳ dữ liệu: quarter
[2026-01-19T14:14:24.753+0000] {logging_mixin.py:188} INFO -  >> [RATIO] Đang lấy dữ liệu: VVS
[2026-01-19T14:14:25.378+0000] {logging_mixin.py:188} INFO -  ❌ [RATIO] Lỗi xử lý mã VVS: Failed to fetch data: 429 - Too Many Requests
[2026-01-19T14:14:25.380+0000] {logging_mixin.py:188} INFO -  >> [RATIO] Đang lấy dữ liệu: VVN
[2026-01-19T14:14:33.792+0000] {logging_mixin.py:188} INFO - ❌ Lỗi VVN: RetryError[<Future at 0x7fc886d67380 state=finished raised ConnectionError>]
[2026-01-19T14:14:33.795+0000] {logging_mixin.py:188} INFO -  ⚠️ [RATIO] VVN: No data from API
[2026-01-19T14:14:35.770+0000] {logging_mixin.py:188} INFO -  ⚠ [RATIO] Batch này không thu được dữ liệu nào.
[2026-01-19T14:14:35.774+0000] {datalake_df2csv.py:40} INFO - DataFrame rỗng, bỏ qua upload CSV.
[2026-01-19T14:14:35.774+0000] {taskinstance.py:441} INFO - ::group::Post task execution logs
[2026-01-19T14:14:35.808+0000] {taskinstance.py:1206} INFO - Marking task as SUCCESS. dag_id=financial_ratios_etl, task_id=ingest_financial_ratios, run_id=manual__2026-01-19T13:56:35+00:00, map_index=12, execution_date=20260119T135635, start_date=20260119T141424, end_date=20260119T141435
[2026-01-19T14:14:35.878+0000] {local_task_job_runner.py:243} INFO - Task exited with return code 0
[2026-01-19T14:14:35.903+0000] {taskinstance.py:3503} INFO - 0 downstream tasks scheduled from follow-on schedule check
[2026-01-19T14:14:35.906+0000] {local_task_job_runner.py:222} INFO - ::endgroup::
