[2026-03-04T14:09:31.457+0000] {local_task_job_runner.py:120} INFO - ::group::Pre task execution logs
[2026-03-04T14:09:31.523+0000] {taskinstance.py:2076} INFO - Dependencies all met for dep_context=non-requeueable deps ti=<TaskInstance: daily_price.ingest_daily_price scheduled__2026-03-02T16:00:00+00:00 map_index=274 [queued]>
[2026-03-04T14:09:31.573+0000] {taskinstance.py:2076} INFO - Dependencies all met for dep_context=requeueable deps ti=<TaskInstance: daily_price.ingest_daily_price scheduled__2026-03-02T16:00:00+00:00 map_index=274 [queued]>
[2026-03-04T14:09:31.574+0000] {taskinstance.py:2306} INFO - Starting attempt 1 of 2
[2026-03-04T14:09:31.607+0000] {taskinstance.py:2330} INFO - Executing <Mapped(DfToCsvOperator): ingest_daily_price> on 2026-03-02 16:00:00+00:00
[2026-03-04T14:09:31.623+0000] {warnings.py:112} WARNING - This process (pid=2939) is multi-threaded, use of fork() may lead to deadlocks in the child.

[2026-03-04T14:09:31.626+0000] {standard_task_runner.py:64} INFO - Started process 2993 to run task
[2026-03-04T14:09:31.629+0000] {standard_task_runner.py:90} INFO - Running: ['***', 'tasks', 'run', 'daily_price', 'ingest_daily_price', 'scheduled__2026-03-02T16:00:00+00:00', '--job-id', '30594', '--raw', '--subdir', 'DAGS_FOLDER/dl_dailly_price.py', '--cfg-path', '/tmp/tmpaho2xg62', '--map-index', '274']
[2026-03-04T14:09:31.635+0000] {standard_task_runner.py:91} INFO - Job 30594: Subtask ingest_daily_price
[2026-03-04T14:09:31.761+0000] {task_command.py:426} INFO - Running <TaskInstance: daily_price.ingest_daily_price scheduled__2026-03-02T16:00:00+00:00 map_index=274 [running]> on host 6cdbaa9d95d1
[2026-03-04T14:09:32.340+0000] {taskinstance.py:2648} INFO - Exporting env vars: AIRFLOW_CTX_DAG_OWNER='***' AIRFLOW_CTX_DAG_ID='daily_price' AIRFLOW_CTX_TASK_ID='ingest_daily_price' AIRFLOW_CTX_EXECUTION_DATE='2026-03-02T16:00:00+00:00' AIRFLOW_CTX_TRY_NUMBER='1' AIRFLOW_CTX_DAG_RUN_ID='scheduled__2026-03-02T16:00:00+00:00'
[2026-03-04T14:09:32.347+0000] {taskinstance.py:430} INFO - ::endgroup::
[2026-03-04T14:09:32.348+0000] {datalake_df2csv.py:40} INFO - ================================================================================
[2026-03-04T14:09:32.351+0000] {datalake_df2csv.py:41} INFO - 🚀 BẮT ĐẦU TASK: ingest_daily_price
[2026-03-04T14:09:32.353+0000] {datalake_df2csv.py:42} INFO - ================================================================================
[2026-03-04T14:09:32.354+0000] {datalake_df2csv.py:43} INFO - 📋 Thông tin cấu hình:
[2026-03-04T14:09:32.354+0000] {datalake_df2csv.py:44} INFO -   - Logic file: history_price
[2026-03-04T14:09:32.355+0000] {datalake_df2csv.py:45} INFO -   - DataFrame name: get_history_price_batch
[2026-03-04T14:09:32.356+0000] {datalake_df2csv.py:46} INFO -   - Bucket: thongtin-congty-va-bctc
[2026-03-04T14:09:32.356+0000] {datalake_df2csv.py:47} INFO -   - Object path: daily_price/2026-03-02/batch_274.csv
[2026-03-04T14:09:32.356+0000] {datalake_df2csv.py:48} INFO -   - Connection ID: minio_finance
[2026-03-04T14:09:32.357+0000] {datalake_df2csv.py:49} INFO -   - Tham số truyền vào: {'symbols': ['VHL', 'KDH', 'PAN', 'DST', 'HPI'], 'start_date': '2026-03-02', 'end_date': '2026-03-03'}
[2026-03-04T14:09:32.357+0000] {datalake_df2csv.py:50} INFO - --------------------------------------------------------------------------------
[2026-03-04T14:09:32.359+0000] {datalake_df2csv.py:54} INFO - 📥 Bước 1: Đang load dữ liệu từ logic file...
[2026-03-04T14:09:32.377+0000] {datalake_df2csv.py:148} INFO -   - Logic directory: /opt/airflow/plugins/logic
[2026-03-04T14:09:32.378+0000] {datalake_df2csv.py:149} INFO -   - Module path: /opt/airflow/plugins/logic/history_price.py
[2026-03-04T14:09:32.380+0000] {datalake_df2csv.py:153} INFO -   - Đã thêm logic directory vào sys.path
[2026-03-04T14:09:32.383+0000] {datalake_df2csv.py:159} INFO -   - Đang load module 'history_price'...
[2026-03-04T14:09:32.392+0000] {datalake_df2csv.py:163} INFO -   - ✅ Module loaded thành công
[2026-03-04T14:09:32.393+0000] {datalake_df2csv.py:165} INFO -   - Đang tìm DataFrame/function: 'get_history_price_batch'...
[2026-03-04T14:09:32.395+0000] {datalake_df2csv.py:170} INFO -   - ✅ Tìm thấy object: function
[2026-03-04T14:09:32.396+0000] {datalake_df2csv.py:173} INFO -   - Đang gọi function với tham số: {'symbols': ['VHL', 'KDH', 'PAN', 'DST', 'HPI'], 'start_date': '2026-03-02', 'end_date': '2026-03-03'}
[2026-03-04T14:09:37.870+0000] {datalake_df2csv.py:68} INFO - ✅ Load dữ liệu thành công!
[2026-03-04T14:09:37.870+0000] {datalake_df2csv.py:69} INFO - 📊 Thông tin DataFrame:
[2026-03-04T14:09:37.871+0000] {datalake_df2csv.py:70} INFO -   - Số dòng: 20
[2026-03-04T14:09:37.873+0000] {datalake_df2csv.py:71} INFO -   - Số cột: 7
[2026-03-04T14:09:37.873+0000] {datalake_df2csv.py:72} INFO -   - Tên các cột: ['ticker', 'trading_date', 'open', 'high', 'low', 'close', 'volume']
[2026-03-04T14:09:37.874+0000] {datalake_df2csv.py:73} INFO -   - Kiểu dữ liệu: {'ticker': 'object', 'trading_date': 'object', 'open': 'float64', 'high': 'float64', 'low': 'float64', 'close': 'float64', 'volume': 'int64'}
[2026-03-04T14:09:37.878+0000] {datalake_df2csv.py:74} INFO -   - Bộ nhớ sử dụng: 0.00 MB
[2026-03-04T14:09:37.880+0000] {datalake_df2csv.py:83} INFO -   - Không có giá trị NULL
[2026-03-04T14:09:37.881+0000] {datalake_df2csv.py:86} INFO -   - Mẫu dữ liệu (5 dòng đầu):
[2026-03-04T14:09:37.884+0000] {datalake_df2csv.py:88} INFO -     Row 0: {'ticker': 'VHL', 'trading_date': '2026-02-25', 'open': 12.6, 'high': 12.6, 'low': 11.8, 'close': 11.8, 'volume': 1700}
[2026-03-04T14:09:37.887+0000] {datalake_df2csv.py:88} INFO -     Row 1: {'ticker': 'VHL', 'trading_date': '2026-02-26', 'open': 11.8, 'high': 11.8, 'low': 11.8, 'close': 11.8, 'volume': 300}
[2026-03-04T14:09:37.890+0000] {datalake_df2csv.py:88} INFO -     Row 2: {'ticker': 'VHL', 'trading_date': '2026-03-02', 'open': 11.8, 'high': 11.8, 'low': 11.8, 'close': 11.8, 'volume': 500}
[2026-03-04T14:09:37.892+0000] {datalake_df2csv.py:88} INFO -     Row 3: {'ticker': 'VHL', 'trading_date': '2026-03-04', 'open': 11.2, 'high': 11.2, 'low': 11.2, 'close': 11.2, 'volume': 1900}
[2026-03-04T14:09:37.893+0000] {datalake_df2csv.py:88} INFO -     Row 4: {'ticker': 'KDH', 'trading_date': '2026-02-27', 'open': 28.1, 'high': 28.25, 'low': 27.2, 'close': 27.25, 'volume': 4380200}
[2026-03-04T14:09:37.894+0000] {datalake_df2csv.py:90} INFO - --------------------------------------------------------------------------------
[2026-03-04T14:09:37.895+0000] {datalake_df2csv.py:93} INFO - 📝 Bước 2: Đang chuyển đổi DataFrame sang CSV...
[2026-03-04T14:09:37.909+0000] {datalake_df2csv.py:97} INFO - ✅ Chuyển đổi CSV thành công!
[2026-03-04T14:09:37.910+0000] {datalake_df2csv.py:98} INFO -   - Kích thước file: 0.00 MB
[2026-03-04T14:09:37.911+0000] {datalake_df2csv.py:99} INFO -   - Thời gian chuyển đổi: 0.01 giây
[2026-03-04T14:09:37.911+0000] {datalake_df2csv.py:100} INFO - --------------------------------------------------------------------------------
[2026-03-04T14:09:37.913+0000] {datalake_df2csv.py:103} INFO - ☁️  Bước 3: Đang upload lên MinIO/S3...
[2026-03-04T14:09:37.934+0000] {base.py:84} INFO - Using connection ID 'minio_finance' for task execution.
[2026-03-04T14:09:37.935+0000] {connection_wrapper.py:384} INFO - AWS Connection (conn_id='minio_finance', conn_type='aws') credentials retrieved from login and password.
[2026-03-04T14:09:39.175+0000] {datalake_df2csv.py:112} INFO -   - Bucket 'thongtin-congty-va-bctc' đã tồn tại
[2026-03-04T14:09:39.338+0000] {datalake_df2csv.py:117} INFO - ✅ Upload thành công!
[2026-03-04T14:09:39.340+0000] {datalake_df2csv.py:118} INFO -   - Đường dẫn: s3://thongtin-congty-va-bctc/daily_price/2026-03-02/batch_274.csv
[2026-03-04T14:09:39.341+0000] {datalake_df2csv.py:119} INFO -   - Số dòng: 20
[2026-03-04T14:09:39.342+0000] {datalake_df2csv.py:120} INFO -   - Thời gian upload: 1.42 giây
[2026-03-04T14:09:39.343+0000] {datalake_df2csv.py:121} INFO - --------------------------------------------------------------------------------
[2026-03-04T14:09:39.344+0000] {datalake_df2csv.py:125} INFO - 📈 TỔNG KẾT:
[2026-03-04T14:09:39.345+0000] {datalake_df2csv.py:126} INFO -   - Tổng thời gian thực thi: 7.00 giây
[2026-03-04T14:09:39.346+0000] {datalake_df2csv.py:127} INFO -   - Tốc độ xử lý: 3 dòng/giây
[2026-03-04T14:09:39.347+0000] {datalake_df2csv.py:128} INFO - ================================================================================
[2026-03-04T14:09:39.348+0000] {datalake_df2csv.py:129} INFO - ✅ HOÀN THÀNH TASK: ingest_daily_price
[2026-03-04T14:09:39.349+0000] {datalake_df2csv.py:130} INFO - ================================================================================
[2026-03-04T14:09:39.355+0000] {taskinstance.py:441} INFO - ::group::Post task execution logs
[2026-03-04T14:09:39.378+0000] {taskinstance.py:1206} INFO - Marking task as SUCCESS. dag_id=daily_price, task_id=ingest_daily_price, run_id=scheduled__2026-03-02T16:00:00+00:00, map_index=274, execution_date=20260302T160000, start_date=20260304T140931, end_date=20260304T140939
[2026-03-04T14:09:39.465+0000] {local_task_job_runner.py:243} INFO - Task exited with return code 0
[2026-03-04T14:09:39.495+0000] {taskinstance.py:3503} INFO - 0 downstream tasks scheduled from follow-on schedule check
[2026-03-04T14:09:39.504+0000] {local_task_job_runner.py:222} INFO - ::endgroup::
