[2026-01-31T01:21:00.971+0000] {local_task_job_runner.py:120} INFO - ::group::Pre task execution logs
[2026-01-31T01:21:01.006+0000] {taskinstance.py:2076} INFO - Dependencies all met for dep_context=non-requeueable deps ti=<TaskInstance: daily_news_paper_minio.crawl_and_upload scheduled__2026-01-29T18:00:00+00:00 [queued]>
[2026-01-31T01:21:01.021+0000] {taskinstance.py:2076} INFO - Dependencies all met for dep_context=requeueable deps ti=<TaskInstance: daily_news_paper_minio.crawl_and_upload scheduled__2026-01-29T18:00:00+00:00 [queued]>
[2026-01-31T01:21:01.023+0000] {taskinstance.py:2306} INFO - Starting attempt 1 of 2
[2026-01-31T01:21:01.064+0000] {taskinstance.py:2330} INFO - Executing <Task(DfToCsvOperator): crawl_and_upload> on 2026-01-29 18:00:00+00:00
[2026-01-31T01:21:01.081+0000] {warnings.py:112} WARNING - This process (pid=273) is multi-threaded, use of fork() may lead to deadlocks in the child.

[2026-01-31T01:21:01.094+0000] {standard_task_runner.py:64} INFO - Started process 347 to run task
[2026-01-31T01:21:01.100+0000] {standard_task_runner.py:90} INFO - Running: ['***', 'tasks', 'run', 'daily_news_paper_minio', 'crawl_and_upload', 'scheduled__2026-01-29T18:00:00+00:00', '--job-id', '10123', '--raw', '--subdir', 'DAGS_FOLDER/dl_daily_paper.py', '--cfg-path', '/tmp/tmpjl2eli16']
[2026-01-31T01:21:01.112+0000] {standard_task_runner.py:91} INFO - Job 10123: Subtask crawl_and_upload
[2026-01-31T01:21:01.249+0000] {task_command.py:426} INFO - Running <TaskInstance: daily_news_paper_minio.crawl_and_upload scheduled__2026-01-29T18:00:00+00:00 [running]> on host 5061baebb91b
[2026-01-31T01:21:01.525+0000] {taskinstance.py:2648} INFO - Exporting env vars: AIRFLOW_CTX_DAG_OWNER='***' AIRFLOW_CTX_DAG_ID='daily_news_paper_minio' AIRFLOW_CTX_TASK_ID='crawl_and_upload' AIRFLOW_CTX_EXECUTION_DATE='2026-01-29T18:00:00+00:00' AIRFLOW_CTX_TRY_NUMBER='1' AIRFLOW_CTX_DAG_RUN_ID='scheduled__2026-01-29T18:00:00+00:00'
[2026-01-31T01:21:01.534+0000] {taskinstance.py:430} INFO - ::endgroup::
[2026-01-31T01:21:01.876+0000] {news_site_safe.py:140} INFO - Collected 50 urls from cafef
[2026-01-31T01:21:02.213+0000] {news_site_safe.py:140} INFO - Collected 500 urls from vneconomy
[2026-01-31T01:21:02.754+0000] {news_site_safe.py:140} INFO - Collected 49 urls from vnexpress
[2026-01-31T01:21:02.755+0000] {news_site_safe.py:149} INFO - Target date 2026-01-29 - total candidate urls: 599
[2026-01-31T01:24:44.794+0000] {news_site_safe.py:162} INFO - First pass matched 1 articles
[2026-01-31T01:24:44.863+0000] {base.py:84} INFO - Using connection ID 'minio_finance' for task execution.
[2026-01-31T01:24:44.877+0000] {connection_wrapper.py:384} INFO - AWS Connection (conn_id='minio_finance', conn_type='aws') credentials retrieved from login and password.
[2026-01-31T01:24:45.813+0000] {datalake_df2csv.py:52} INFO - ✅ Đã upload 1 dòng -> s3://thongtin-congty-va-bctc/news/site/2026-01-29/news_site_20260129T180000.csv
[2026-01-31T01:24:45.815+0000] {taskinstance.py:441} INFO - ::group::Post task execution logs
[2026-01-31T01:24:45.837+0000] {taskinstance.py:1206} INFO - Marking task as SUCCESS. dag_id=daily_news_paper_minio, task_id=crawl_and_upload, run_id=scheduled__2026-01-29T18:00:00+00:00, execution_date=20260129T180000, start_date=20260131T012101, end_date=20260131T012445
[2026-01-31T01:24:45.971+0000] {local_task_job_runner.py:243} INFO - Task exited with return code 0
[2026-01-31T01:24:46.349+0000] {taskinstance.py:3503} INFO - 0 downstream tasks scheduled from follow-on schedule check
[2026-01-31T01:24:46.353+0000] {local_task_job_runner.py:222} INFO - ::endgroup::
