[2026-04-29T12:51:28.609+0000] {local_task_job_runner.py:120} INFO - ::group::Pre task execution logs
[2026-04-29T12:51:28.666+0000] {taskinstance.py:2076} INFO - Dependencies all met for dep_context=non-requeueable deps ti=<TaskInstance: daily_price.ingest_daily_price scheduled__2026-04-27T16:00:00+00:00 map_index=121 [queued]>
[2026-04-29T12:51:28.719+0000] {taskinstance.py:2076} INFO - Dependencies all met for dep_context=requeueable deps ti=<TaskInstance: daily_price.ingest_daily_price scheduled__2026-04-27T16:00:00+00:00 map_index=121 [queued]>
[2026-04-29T12:51:28.722+0000] {taskinstance.py:2306} INFO - Starting attempt 1 of 2
[2026-04-29T12:51:28.777+0000] {taskinstance.py:2330} INFO - Executing <Mapped(DfToCsvOperator): ingest_daily_price> on 2026-04-27 16:00:00+00:00
[2026-04-29T12:51:28.794+0000] {warnings.py:112} WARNING - This process (pid=1523) is multi-threaded, use of fork() may lead to deadlocks in the child.

[2026-04-29T12:51:28.797+0000] {standard_task_runner.py:64} INFO - Started process 1571 to run task
[2026-04-29T12:51:28.806+0000] {standard_task_runner.py:90} INFO - Running: ['***', 'tasks', 'run', 'daily_price', 'ingest_daily_price', 'scheduled__2026-04-27T16:00:00+00:00', '--job-id', '45987', '--raw', '--subdir', 'DAGS_FOLDER/dl_dailly_price.py', '--cfg-path', '/tmp/tmprbnyr76s', '--map-index', '121']
[2026-04-29T12:51:28.811+0000] {standard_task_runner.py:91} INFO - Job 45987: Subtask ingest_daily_price
[2026-04-29T12:51:28.942+0000] {task_command.py:426} INFO - Running <TaskInstance: daily_price.ingest_daily_price scheduled__2026-04-27T16:00:00+00:00 map_index=121 [running]> on host e6b8a6339933
[2026-04-29T12:51:29.538+0000] {taskinstance.py:2648} INFO - Exporting env vars: AIRFLOW_CTX_DAG_OWNER='***' AIRFLOW_CTX_DAG_ID='daily_price' AIRFLOW_CTX_TASK_ID='ingest_daily_price' AIRFLOW_CTX_EXECUTION_DATE='2026-04-27T16:00:00+00:00' AIRFLOW_CTX_TRY_NUMBER='1' AIRFLOW_CTX_DAG_RUN_ID='scheduled__2026-04-27T16:00:00+00:00'
[2026-04-29T12:51:29.539+0000] {taskinstance.py:430} INFO - ::endgroup::
[2026-04-29T12:51:29.540+0000] {datalake_df2csv.py:40} INFO - ================================================================================
[2026-04-29T12:51:29.541+0000] {datalake_df2csv.py:41} INFO - 🚀 BẮT ĐẦU TASK: ingest_daily_price
[2026-04-29T12:51:29.541+0000] {datalake_df2csv.py:42} INFO - ================================================================================
[2026-04-29T12:51:29.541+0000] {datalake_df2csv.py:43} INFO - 📋 Thông tin cấu hình:
[2026-04-29T12:51:29.542+0000] {datalake_df2csv.py:44} INFO -   - Logic file: history_price
[2026-04-29T12:51:29.543+0000] {datalake_df2csv.py:45} INFO -   - DataFrame name: get_history_price_batch
[2026-04-29T12:51:29.543+0000] {datalake_df2csv.py:46} INFO -   - Bucket: thongtin-congty-va-bctc
[2026-04-29T12:51:29.543+0000] {datalake_df2csv.py:47} INFO -   - Object path: daily_price/2026-04-27/batch_121.csv
[2026-04-29T12:51:29.544+0000] {datalake_df2csv.py:48} INFO -   - Connection ID: minio_finance
[2026-04-29T12:51:29.544+0000] {datalake_df2csv.py:49} INFO -   - Tham số truyền vào: {'symbols': ['CDO', 'C32', 'CKV', 'NTW', 'FTS'], 'start_date': '2026-04-27', 'end_date': '2026-04-28'}
[2026-04-29T12:51:29.545+0000] {datalake_df2csv.py:50} INFO - --------------------------------------------------------------------------------
[2026-04-29T12:51:29.546+0000] {datalake_df2csv.py:54} INFO - 📥 Bước 1: Đang load dữ liệu từ logic file...
[2026-04-29T12:51:29.552+0000] {datalake_df2csv.py:148} INFO -   - Logic directory: /opt/airflow/plugins/logic
[2026-04-29T12:51:29.553+0000] {datalake_df2csv.py:149} INFO -   - Module path: /opt/airflow/plugins/logic/history_price.py
[2026-04-29T12:51:29.553+0000] {datalake_df2csv.py:153} INFO -   - Đã thêm logic directory vào sys.path
[2026-04-29T12:51:29.555+0000] {datalake_df2csv.py:159} INFO -   - Đang load module 'history_price'...
[2026-04-29T12:51:29.579+0000] {datalake_df2csv.py:163} INFO -   - ✅ Module loaded thành công
[2026-04-29T12:51:29.580+0000] {datalake_df2csv.py:165} INFO -   - Đang tìm DataFrame/function: 'get_history_price_batch'...
[2026-04-29T12:51:29.580+0000] {datalake_df2csv.py:170} INFO -   - ✅ Tìm thấy object: function
[2026-04-29T12:51:29.581+0000] {datalake_df2csv.py:173} INFO -   - Đang gọi function với tham số: {'symbols': ['CDO', 'C32', 'CKV', 'NTW', 'FTS'], 'start_date': '2026-04-27', 'end_date': '2026-04-28'}
[2026-04-29T12:51:48.391+0000] {log.py:232} WARNING - 2026-04-29 12:51:48 - vnstock.core.utils.client - ERROR - API request failed: HTTPSConnectionPool(host='trading.vietcap.com.vn', port=443): Max retries exceeded with url: /api/chart/OHLCChart/gap-chart (Caused by NameResolutionError("<urllib3.connection.HTTPSConnection object at 0x7f9a80e9f110>: Failed to resolve 'trading.vietcap.com.vn' ([Errno -3] Temporary failure in name resolution)"))
[2026-04-29T12:51:48.390+0000] {client.py:297} ERROR - API request failed: HTTPSConnectionPool(host='trading.vietcap.com.vn', port=443): Max retries exceeded with url: /api/chart/OHLCChart/gap-chart (Caused by NameResolutionError("<urllib3.connection.HTTPSConnection object at 0x7f9a80e9f110>: Failed to resolve 'trading.vietcap.com.vn' ([Errno -3] Temporary failure in name resolution)"))
[2026-04-29T12:51:43.341+0000] {datalake_df2csv.py:68} INFO - ✅ Load dữ liệu thành công!
[2026-04-29T12:51:43.341+0000] {datalake_df2csv.py:69} INFO - 📊 Thông tin DataFrame:
[2026-04-29T12:51:43.343+0000] {datalake_df2csv.py:70} INFO -   - Số dòng: 20
[2026-04-29T12:51:43.346+0000] {datalake_df2csv.py:71} INFO -   - Số cột: 7
[2026-04-29T12:51:43.348+0000] {datalake_df2csv.py:72} INFO -   - Tên các cột: ['ticker', 'trading_date', 'open', 'high', 'low', 'close', 'volume']
[2026-04-29T12:51:43.349+0000] {datalake_df2csv.py:73} INFO -   - Kiểu dữ liệu: {'ticker': 'object', 'trading_date': 'object', 'open': 'float64', 'high': 'float64', 'low': 'float64', 'close': 'float64', 'volume': 'int64'}
[2026-04-29T12:51:43.353+0000] {datalake_df2csv.py:74} INFO -   - Bộ nhớ sử dụng: 0.00 MB
[2026-04-29T12:51:43.356+0000] {datalake_df2csv.py:83} INFO -   - Không có giá trị NULL
[2026-04-29T12:51:43.357+0000] {datalake_df2csv.py:86} INFO -   - Mẫu dữ liệu (5 dòng đầu):
[2026-04-29T12:51:43.358+0000] {datalake_df2csv.py:88} INFO -     Row 0: {'ticker': 'CDO', 'trading_date': '2026-04-03', 'open': 1.6, 'high': 1.7, 'low': 1.6, 'close': 1.7, 'volume': 48200}
[2026-04-29T12:51:43.359+0000] {datalake_df2csv.py:88} INFO -     Row 1: {'ticker': 'CDO', 'trading_date': '2026-04-10', 'open': 1.6, 'high': 1.7, 'low': 1.5, 'close': 1.7, 'volume': 222700}
[2026-04-29T12:51:43.360+0000] {datalake_df2csv.py:88} INFO -     Row 2: {'ticker': 'CDO', 'trading_date': '2026-04-17', 'open': 1.7, 'high': 1.7, 'low': 1.4, 'close': 1.6, 'volume': 53100}
[2026-04-29T12:51:43.361+0000] {datalake_df2csv.py:88} INFO -     Row 3: {'ticker': 'CDO', 'trading_date': '2026-04-24', 'open': 1.6, 'high': 1.6, 'low': 1.4, 'close': 1.6, 'volume': 160800}
[2026-04-29T12:51:43.362+0000] {datalake_df2csv.py:88} INFO -     Row 4: {'ticker': 'C32', 'trading_date': '2026-04-23', 'open': 10.7, 'high': 11.2, 'low': 10.7, 'close': 11.2, 'volume': 6100}
[2026-04-29T12:51:43.363+0000] {datalake_df2csv.py:90} INFO - --------------------------------------------------------------------------------
[2026-04-29T12:51:43.364+0000] {datalake_df2csv.py:93} INFO - 📝 Bước 2: Đang chuyển đổi DataFrame sang CSV...
[2026-04-29T12:51:43.373+0000] {datalake_df2csv.py:97} INFO - ✅ Chuyển đổi CSV thành công!
[2026-04-29T12:51:43.375+0000] {datalake_df2csv.py:98} INFO -   - Kích thước file: 0.00 MB
[2026-04-29T12:51:43.377+0000] {datalake_df2csv.py:99} INFO -   - Thời gian chuyển đổi: 0.01 giây
[2026-04-29T12:51:43.379+0000] {datalake_df2csv.py:100} INFO - --------------------------------------------------------------------------------
[2026-04-29T12:51:43.380+0000] {datalake_df2csv.py:103} INFO - ☁️  Bước 3: Đang upload lên MinIO/S3...
[2026-04-29T12:51:43.398+0000] {base.py:84} INFO - Using connection ID 'minio_finance' for task execution.
[2026-04-29T12:51:43.399+0000] {connection_wrapper.py:384} INFO - AWS Connection (conn_id='minio_finance', conn_type='aws') credentials retrieved from login and password.
[2026-04-29T12:51:44.114+0000] {datalake_df2csv.py:112} INFO -   - Bucket 'thongtin-congty-va-bctc' đã tồn tại
[2026-04-29T12:51:44.165+0000] {datalake_df2csv.py:117} INFO - ✅ Upload thành công!
[2026-04-29T12:51:44.166+0000] {datalake_df2csv.py:118} INFO -   - Đường dẫn: s3://thongtin-congty-va-bctc/daily_price/2026-04-27/batch_121.csv
[2026-04-29T12:51:44.166+0000] {datalake_df2csv.py:119} INFO -   - Số dòng: 20
[2026-04-29T12:51:44.167+0000] {datalake_df2csv.py:120} INFO -   - Thời gian upload: 0.78 giây
[2026-04-29T12:51:44.168+0000] {datalake_df2csv.py:121} INFO - --------------------------------------------------------------------------------
[2026-04-29T12:51:44.168+0000] {datalake_df2csv.py:125} INFO - 📈 TỔNG KẾT:
[2026-04-29T12:51:44.169+0000] {datalake_df2csv.py:126} INFO -   - Tổng thời gian thực thi: 14.63 giây
[2026-04-29T12:51:44.169+0000] {datalake_df2csv.py:127} INFO -   - Tốc độ xử lý: 1 dòng/giây
[2026-04-29T12:51:44.170+0000] {datalake_df2csv.py:128} INFO - ================================================================================
[2026-04-29T12:51:44.170+0000] {datalake_df2csv.py:129} INFO - ✅ HOÀN THÀNH TASK: ingest_daily_price
[2026-04-29T12:51:44.171+0000] {datalake_df2csv.py:130} INFO - ================================================================================
[2026-04-29T12:51:44.171+0000] {taskinstance.py:441} INFO - ::group::Post task execution logs
[2026-04-29T12:51:44.187+0000] {taskinstance.py:1206} INFO - Marking task as SUCCESS. dag_id=daily_price, task_id=ingest_daily_price, run_id=scheduled__2026-04-27T16:00:00+00:00, map_index=121, execution_date=20260427T160000, start_date=20260429T125128, end_date=20260429T125144
[2026-04-29T12:51:52.844+0000] {local_task_job_runner.py:243} INFO - Task exited with return code 0
[2026-04-29T12:51:52.869+0000] {taskinstance.py:3503} INFO - 0 downstream tasks scheduled from follow-on schedule check
[2026-04-29T12:51:52.874+0000] {local_task_job_runner.py:222} INFO - ::endgroup::
