[2026-01-24T03:42:08.994+0000] {local_task_job_runner.py:120} INFO - ::group::Pre task execution logs
[2026-01-24T03:42:09.049+0000] {taskinstance.py:2076} INFO - Dependencies all met for dep_context=non-requeueable deps ti=<TaskInstance: daily_price_minio.ingest_daily_price scheduled__2026-01-22T16:00:00+00:00 map_index=209 [queued]>
[2026-01-24T03:42:09.088+0000] {taskinstance.py:2076} INFO - Dependencies all met for dep_context=requeueable deps ti=<TaskInstance: daily_price_minio.ingest_daily_price scheduled__2026-01-22T16:00:00+00:00 map_index=209 [queued]>
[2026-01-24T03:42:09.088+0000] {taskinstance.py:2306} INFO - Starting attempt 1 of 2
[2026-01-24T03:42:09.146+0000] {taskinstance.py:2330} INFO - Executing <Mapped(DfToCsvOperator): ingest_daily_price> on 2026-01-22 16:00:00+00:00
[2026-01-24T03:42:09.160+0000] {warnings.py:112} WARNING - This process (pid=3215) is multi-threaded, use of fork() may lead to deadlocks in the child.

[2026-01-24T03:42:09.162+0000] {standard_task_runner.py:64} INFO - Started process 3316 to run task
[2026-01-24T03:42:09.165+0000] {standard_task_runner.py:90} INFO - Running: ['***', 'tasks', 'run', 'daily_price_minio', 'ingest_daily_price', 'scheduled__2026-01-22T16:00:00+00:00', '--job-id', '5522', '--raw', '--subdir', 'DAGS_FOLDER/daily_price_minio.py', '--cfg-path', '/tmp/tmp__dn8r10', '--map-index', '209']
[2026-01-24T03:42:09.170+0000] {standard_task_runner.py:91} INFO - Job 5522: Subtask ingest_daily_price
[2026-01-24T03:42:09.253+0000] {task_command.py:426} INFO - Running <TaskInstance: daily_price_minio.ingest_daily_price scheduled__2026-01-22T16:00:00+00:00 map_index=209 [running]> on host 09addc28f735
[2026-01-24T03:42:09.411+0000] {taskinstance.py:2648} INFO - Exporting env vars: AIRFLOW_CTX_DAG_OWNER='***' AIRFLOW_CTX_DAG_ID='daily_price_minio' AIRFLOW_CTX_TASK_ID='ingest_daily_price' AIRFLOW_CTX_EXECUTION_DATE='2026-01-22T16:00:00+00:00' AIRFLOW_CTX_TRY_NUMBER='1' AIRFLOW_CTX_DAG_RUN_ID='scheduled__2026-01-22T16:00:00+00:00'
[2026-01-24T03:42:09.413+0000] {taskinstance.py:430} INFO - ::endgroup::
[2026-01-24T03:42:14.977+0000] {logging_mixin.py:188} INFO - HUX: RetryError[<Future at 0x7f9d4ec8d730 state=finished raised ValueError>]
[2026-01-24T03:42:17.795+0000] {base.py:84} INFO - Using connection ID 'minio_finance' for task execution.
[2026-01-24T03:42:17.796+0000] {connection_wrapper.py:384} INFO - AWS Connection (conn_id='minio_finance', conn_type='aws') credentials retrieved from login and password.
[2026-01-24T03:42:18.433+0000] {datalake_df2csv.py:52} INFO - ✅ Đã upload 12 dòng -> s3://thongtin-congty-va-bctc/daily_price/2026-01-22/batch_209.csv
[2026-01-24T03:42:18.434+0000] {taskinstance.py:441} INFO - ::group::Post task execution logs
[2026-01-24T03:42:18.446+0000] {taskinstance.py:1206} INFO - Marking task as SUCCESS. dag_id=daily_price_minio, task_id=ingest_daily_price, run_id=scheduled__2026-01-22T16:00:00+00:00, map_index=209, execution_date=20260122T160000, start_date=20260124T034209, end_date=20260124T034218
[2026-01-24T03:42:18.500+0000] {local_task_job_runner.py:243} INFO - Task exited with return code 0
[2026-01-24T03:42:18.520+0000] {taskinstance.py:3503} INFO - 0 downstream tasks scheduled from follow-on schedule check
[2026-01-24T03:42:18.525+0000] {local_task_job_runner.py:222} INFO - ::endgroup::
