[2026-01-18T03:46:36.081+0000] {local_task_job_runner.py:120} INFO - ::group::Pre task execution logs
[2026-01-18T03:46:36.158+0000] {taskinstance.py:2076} INFO - Dependencies all met for dep_context=non-requeueable deps ti=<TaskInstance: financial_ratios_etl.ingest_financial_ratios scheduled__2026-01-11T02:00:00+00:00 map_index=589 [queued]>
[2026-01-18T03:46:36.217+0000] {taskinstance.py:2076} INFO - Dependencies all met for dep_context=requeueable deps ti=<TaskInstance: financial_ratios_etl.ingest_financial_ratios scheduled__2026-01-11T02:00:00+00:00 map_index=589 [queued]>
[2026-01-18T03:46:36.218+0000] {taskinstance.py:2306} INFO - Starting attempt 1 of 2
[2026-01-18T03:46:36.242+0000] {taskinstance.py:2330} INFO - Executing <Mapped(DfToCsvOperator): ingest_financial_ratios> on 2026-01-11 02:00:00+00:00
[2026-01-18T03:46:36.258+0000] {warnings.py:112} WARNING - This process (pid=12777) is multi-threaded, use of fork() may lead to deadlocks in the child.

[2026-01-18T03:46:36.260+0000] {standard_task_runner.py:64} INFO - Started process 12815 to run task
[2026-01-18T03:46:36.263+0000] {standard_task_runner.py:90} INFO - Running: ['***', 'tasks', 'run', 'financial_ratios_etl', 'ingest_financial_ratios', 'scheduled__2026-01-11T02:00:00+00:00', '--job-id', '2437', '--raw', '--subdir', 'DAGS_FOLDER/financial_ratios_etl.py', '--cfg-path', '/tmp/tmphcwpmhz2', '--map-index', '589']
[2026-01-18T03:46:36.268+0000] {standard_task_runner.py:91} INFO - Job 2437: Subtask ingest_financial_ratios
[2026-01-18T03:46:36.352+0000] {task_command.py:426} INFO - Running <TaskInstance: financial_ratios_etl.ingest_financial_ratios scheduled__2026-01-11T02:00:00+00:00 map_index=589 [running]> on host 5ae19da926ef
[2026-01-18T03:46:36.551+0000] {taskinstance.py:2648} INFO - Exporting env vars: AIRFLOW_CTX_DAG_OWNER='***' AIRFLOW_CTX_DAG_ID='financial_ratios_etl' AIRFLOW_CTX_TASK_ID='ingest_financial_ratios' AIRFLOW_CTX_EXECUTION_DATE='2026-01-11T02:00:00+00:00' AIRFLOW_CTX_TRY_NUMBER='1' AIRFLOW_CTX_DAG_RUN_ID='scheduled__2026-01-11T02:00:00+00:00'
[2026-01-18T03:46:36.553+0000] {taskinstance.py:430} INFO - ::endgroup::
[2026-01-18T03:46:36.565+0000] {logging_mixin.py:188} INFO - [RATIO] Bắt đầu xử lý batch 2 mã: ['HAW', 'HAV']
[2026-01-18T03:46:36.566+0000] {logging_mixin.py:188} INFO - [RATIO] Kỳ dữ liệu: quarter
[2026-01-18T03:46:36.567+0000] {logging_mixin.py:188} INFO -  >> [RATIO] Đang lấy dữ liệu: HAW
[2026-01-18T03:46:38.714+0000] {logging_mixin.py:188} INFO -  ❌ [RATIO] Lỗi xử lý mã HAW: 'NoneType' object is not subscriptable
[2026-01-18T03:46:38.714+0000] {logging_mixin.py:188} INFO -  >> [RATIO] Đang lấy dữ liệu: HAV
[2026-01-18T03:46:44.858+0000] {logging_mixin.py:188} INFO - ❌ Lỗi HAV: RetryError[<Future at 0x7f4f120daba0 state=finished raised KeyError>]
[2026-01-18T03:46:44.860+0000] {logging_mixin.py:188} INFO -  ⚠️ [RATIO] HAV: No data from API
[2026-01-18T03:46:46.860+0000] {logging_mixin.py:188} INFO -  ⚠ [RATIO] Batch này không thu được dữ liệu nào.
[2026-01-18T03:46:46.861+0000] {datalake_df2csv.py:40} INFO - DataFrame rỗng, bỏ qua upload CSV.
[2026-01-18T03:46:46.862+0000] {taskinstance.py:441} INFO - ::group::Post task execution logs
[2026-01-18T03:46:46.873+0000] {taskinstance.py:1206} INFO - Marking task as SUCCESS. dag_id=financial_ratios_etl, task_id=ingest_financial_ratios, run_id=scheduled__2026-01-11T02:00:00+00:00, map_index=589, execution_date=20260111T020000, start_date=20260118T034636, end_date=20260118T034646
[2026-01-18T03:46:46.945+0000] {local_task_job_runner.py:243} INFO - Task exited with return code 0
[2026-01-18T03:46:46.966+0000] {taskinstance.py:3503} INFO - 0 downstream tasks scheduled from follow-on schedule check
[2026-01-18T03:46:46.970+0000] {local_task_job_runner.py:222} INFO - ::endgroup::
