[2026-03-03T01:13:27.333+0000] {local_task_job_runner.py:120} INFO - ::group::Pre task execution logs
[2026-03-03T01:13:27.412+0000] {taskinstance.py:2076} INFO - Dependencies all met for dep_context=non-requeueable deps ti=<TaskInstance: daily_price.ingest_daily_price scheduled__2026-02-27T16:00:00+00:00 map_index=267 [queued]>
[2026-03-03T01:13:27.464+0000] {taskinstance.py:2076} INFO - Dependencies all met for dep_context=requeueable deps ti=<TaskInstance: daily_price.ingest_daily_price scheduled__2026-02-27T16:00:00+00:00 map_index=267 [queued]>
[2026-03-03T01:13:27.467+0000] {taskinstance.py:2306} INFO - Starting attempt 1 of 2
[2026-03-03T01:13:27.505+0000] {taskinstance.py:2330} INFO - Executing <Mapped(DfToCsvOperator): ingest_daily_price> on 2026-02-27 16:00:00+00:00
[2026-03-03T01:13:27.530+0000] {warnings.py:112} WARNING - This process (pid=2835) is multi-threaded, use of fork() may lead to deadlocks in the child.

[2026-03-03T01:13:27.535+0000] {standard_task_runner.py:64} INFO - Started process 2891 to run task
[2026-03-03T01:13:27.539+0000] {standard_task_runner.py:90} INFO - Running: ['***', 'tasks', 'run', 'daily_price', 'ingest_daily_price', 'scheduled__2026-02-27T16:00:00+00:00', '--job-id', '30198', '--raw', '--subdir', 'DAGS_FOLDER/dl_dailly_price.py', '--cfg-path', '/tmp/tmpjogfq3fj', '--map-index', '267']
[2026-03-03T01:13:27.547+0000] {standard_task_runner.py:91} INFO - Job 30198: Subtask ingest_daily_price
[2026-03-03T01:13:27.655+0000] {task_command.py:426} INFO - Running <TaskInstance: daily_price.ingest_daily_price scheduled__2026-02-27T16:00:00+00:00 map_index=267 [running]> on host 9d2419bb4975
[2026-03-03T01:13:28.388+0000] {taskinstance.py:2648} INFO - Exporting env vars: AIRFLOW_CTX_DAG_OWNER='***' AIRFLOW_CTX_DAG_ID='daily_price' AIRFLOW_CTX_TASK_ID='ingest_daily_price' AIRFLOW_CTX_EXECUTION_DATE='2026-02-27T16:00:00+00:00' AIRFLOW_CTX_TRY_NUMBER='1' AIRFLOW_CTX_DAG_RUN_ID='scheduled__2026-02-27T16:00:00+00:00'
[2026-03-03T01:13:28.391+0000] {taskinstance.py:430} INFO - ::endgroup::
[2026-03-03T01:13:28.394+0000] {datalake_df2csv.py:40} INFO - ================================================================================
[2026-03-03T01:13:28.396+0000] {datalake_df2csv.py:41} INFO - 🚀 BẮT ĐẦU TASK: ingest_daily_price
[2026-03-03T01:13:28.398+0000] {datalake_df2csv.py:42} INFO - ================================================================================
[2026-03-03T01:13:28.403+0000] {datalake_df2csv.py:43} INFO - 📋 Thông tin cấu hình:
[2026-03-03T01:13:28.404+0000] {datalake_df2csv.py:44} INFO -   - Logic file: history_price
[2026-03-03T01:13:28.409+0000] {datalake_df2csv.py:45} INFO -   - DataFrame name: get_history_price_batch
[2026-03-03T01:13:28.410+0000] {datalake_df2csv.py:46} INFO -   - Bucket: thongtin-congty-va-bctc
[2026-03-03T01:13:28.411+0000] {datalake_df2csv.py:47} INFO -   - Object path: daily_price/2026-02-27/batch_267.csv
[2026-03-03T01:13:28.412+0000] {datalake_df2csv.py:48} INFO -   - Connection ID: minio_finance
[2026-03-03T01:13:28.413+0000] {datalake_df2csv.py:49} INFO -   - Tham số truyền vào: {'symbols': ['PPI', 'GAS', 'LDP', 'HPW', 'SHP'], 'start_date': '2026-02-27', 'end_date': '2026-02-28'}
[2026-03-03T01:13:28.414+0000] {datalake_df2csv.py:50} INFO - --------------------------------------------------------------------------------
[2026-03-03T01:13:28.417+0000] {datalake_df2csv.py:54} INFO - 📥 Bước 1: Đang load dữ liệu từ logic file...
[2026-03-03T01:13:28.423+0000] {datalake_df2csv.py:148} INFO -   - Logic directory: /opt/airflow/plugins/logic
[2026-03-03T01:13:28.425+0000] {datalake_df2csv.py:149} INFO -   - Module path: /opt/airflow/plugins/logic/history_price.py
[2026-03-03T01:13:28.425+0000] {datalake_df2csv.py:153} INFO -   - Đã thêm logic directory vào sys.path
[2026-03-03T01:13:28.428+0000] {datalake_df2csv.py:159} INFO -   - Đang load module 'history_price'...
[2026-03-03T01:13:28.436+0000] {datalake_df2csv.py:163} INFO -   - ✅ Module loaded thành công
[2026-03-03T01:13:28.437+0000] {datalake_df2csv.py:165} INFO -   - Đang tìm DataFrame/function: 'get_history_price_batch'...
[2026-03-03T01:13:28.438+0000] {datalake_df2csv.py:170} INFO -   - ✅ Tìm thấy object: function
[2026-03-03T01:13:28.439+0000] {datalake_df2csv.py:173} INFO -   - Đang gọi function với tham số: {'symbols': ['PPI', 'GAS', 'LDP', 'HPW', 'SHP'], 'start_date': '2026-02-27', 'end_date': '2026-02-28'}
[2026-03-03T01:13:33.789+0000] {datalake_df2csv.py:68} INFO - ✅ Load dữ liệu thành công!
[2026-03-03T01:13:33.802+0000] {datalake_df2csv.py:69} INFO - 📊 Thông tin DataFrame:
[2026-03-03T01:13:33.804+0000] {datalake_df2csv.py:70} INFO -   - Số dòng: 10
[2026-03-03T01:13:33.806+0000] {datalake_df2csv.py:71} INFO -   - Số cột: 7
[2026-03-03T01:13:33.808+0000] {datalake_df2csv.py:72} INFO -   - Tên các cột: ['ticker', 'trading_date', 'open', 'high', 'low', 'close', 'volume']
[2026-03-03T01:13:33.826+0000] {datalake_df2csv.py:73} INFO -   - Kiểu dữ liệu: {'ticker': 'object', 'trading_date': 'object', 'open': 'float64', 'high': 'float64', 'low': 'float64', 'close': 'float64', 'volume': 'int64'}
[2026-03-03T01:13:33.876+0000] {datalake_df2csv.py:74} INFO -   - Bộ nhớ sử dụng: 0.00 MB
[2026-03-03T01:13:34.113+0000] {datalake_df2csv.py:83} INFO -   - Không có giá trị NULL
[2026-03-03T01:13:34.122+0000] {datalake_df2csv.py:86} INFO -   - Mẫu dữ liệu (5 dòng đầu):
[2026-03-03T01:13:34.131+0000] {datalake_df2csv.py:88} INFO -     Row 0: {'ticker': 'PPI', 'trading_date': '2024-07-24', 'open': 0.4, 'high': 0.4, 'low': 0.4, 'close': 0.4, 'volume': 0}
[2026-03-03T01:13:34.132+0000] {datalake_df2csv.py:88} INFO -     Row 1: {'ticker': 'PPI', 'trading_date': '2024-07-25', 'open': 0.4, 'high': 0.4, 'low': 0.4, 'close': 0.4, 'volume': 0}
[2026-03-03T01:13:34.134+0000] {datalake_df2csv.py:88} INFO -     Row 2: {'ticker': 'GAS', 'trading_date': '2026-02-26', 'open': 111.0, 'high': 111.0, 'low': 105.5, 'close': 106.0, 'volume': 3151900}
[2026-03-03T01:13:34.136+0000] {datalake_df2csv.py:88} INFO -     Row 3: {'ticker': 'GAS', 'trading_date': '2026-02-27', 'open': 106.0, 'high': 111.9, 'low': 105.5, 'close': 107.9, 'volume': 2827100}
[2026-03-03T01:13:34.137+0000] {datalake_df2csv.py:88} INFO -     Row 4: {'ticker': 'LDP', 'trading_date': '2026-02-26', 'open': 9.1, 'high': 9.1, 'low': 8.9, 'close': 9.0, 'volume': 53400}
[2026-03-03T01:13:34.138+0000] {datalake_df2csv.py:90} INFO - --------------------------------------------------------------------------------
[2026-03-03T01:13:34.138+0000] {datalake_df2csv.py:93} INFO - 📝 Bước 2: Đang chuyển đổi DataFrame sang CSV...
[2026-03-03T01:13:34.156+0000] {datalake_df2csv.py:97} INFO - ✅ Chuyển đổi CSV thành công!
[2026-03-03T01:13:34.157+0000] {datalake_df2csv.py:98} INFO -   - Kích thước file: 0.00 MB
[2026-03-03T01:13:34.158+0000] {datalake_df2csv.py:99} INFO -   - Thời gian chuyển đổi: 0.02 giây
[2026-03-03T01:13:34.158+0000] {datalake_df2csv.py:100} INFO - --------------------------------------------------------------------------------
[2026-03-03T01:13:34.159+0000] {datalake_df2csv.py:103} INFO - ☁️  Bước 3: Đang upload lên MinIO/S3...
[2026-03-03T01:13:34.440+0000] {base.py:84} INFO - Using connection ID 'minio_finance' for task execution.
[2026-03-03T01:13:34.443+0000] {connection_wrapper.py:384} INFO - AWS Connection (conn_id='minio_finance', conn_type='aws') credentials retrieved from login and password.
[2026-03-03T01:13:36.112+0000] {datalake_df2csv.py:112} INFO -   - Bucket 'thongtin-congty-va-bctc' đã tồn tại
[2026-03-03T01:13:36.244+0000] {datalake_df2csv.py:117} INFO - ✅ Upload thành công!
[2026-03-03T01:13:36.247+0000] {datalake_df2csv.py:118} INFO -   - Đường dẫn: s3://thongtin-congty-va-bctc/daily_price/2026-02-27/batch_267.csv
[2026-03-03T01:13:36.248+0000] {datalake_df2csv.py:119} INFO -   - Số dòng: 10
[2026-03-03T01:13:36.248+0000] {datalake_df2csv.py:120} INFO -   - Thời gian upload: 2.08 giây
[2026-03-03T01:13:36.249+0000] {datalake_df2csv.py:121} INFO - --------------------------------------------------------------------------------
[2026-03-03T01:13:36.250+0000] {datalake_df2csv.py:125} INFO - 📈 TỔNG KẾT:
[2026-03-03T01:13:36.251+0000] {datalake_df2csv.py:126} INFO -   - Tổng thời gian thực thi: 7.86 giây
[2026-03-03T01:13:36.253+0000] {datalake_df2csv.py:127} INFO -   - Tốc độ xử lý: 1 dòng/giây
[2026-03-03T01:13:36.254+0000] {datalake_df2csv.py:128} INFO - ================================================================================
[2026-03-03T01:13:36.254+0000] {datalake_df2csv.py:129} INFO - ✅ HOÀN THÀNH TASK: ingest_daily_price
[2026-03-03T01:13:36.255+0000] {datalake_df2csv.py:130} INFO - ================================================================================
[2026-03-03T01:13:36.256+0000] {taskinstance.py:441} INFO - ::group::Post task execution logs
[2026-03-03T01:13:36.273+0000] {taskinstance.py:1206} INFO - Marking task as SUCCESS. dag_id=daily_price, task_id=ingest_daily_price, run_id=scheduled__2026-02-27T16:00:00+00:00, map_index=267, execution_date=20260227T160000, start_date=20260303T011327, end_date=20260303T011336
[2026-03-03T01:13:36.510+0000] {local_task_job_runner.py:243} INFO - Task exited with return code 0
[2026-03-03T01:13:36.530+0000] {local_task_job_runner.py:222} INFO - ::endgroup::
