[2026-02-22T08:21:18.418+0000] {local_task_job_runner.py:120} INFO - ::group::Pre task execution logs
[2026-02-22T08:21:18.442+0000] {taskinstance.py:2076} INFO - Dependencies all met for dep_context=non-requeueable deps ti=<TaskInstance: bctc.ingest_bctc manual__2026-02-22T08:11:52+00:00 map_index=13 [queued]>
[2026-02-22T08:21:18.456+0000] {taskinstance.py:2076} INFO - Dependencies all met for dep_context=requeueable deps ti=<TaskInstance: bctc.ingest_bctc manual__2026-02-22T08:11:52+00:00 map_index=13 [queued]>
[2026-02-22T08:21:18.457+0000] {taskinstance.py:2306} INFO - Starting attempt 2 of 2
[2026-02-22T08:21:18.478+0000] {taskinstance.py:2330} INFO - Executing <Mapped(DfToCsvOperator): ingest_bctc> on 2026-02-22 08:11:52+00:00
[2026-02-22T08:21:18.489+0000] {warnings.py:112} WARNING - This process (pid=3451) is multi-threaded, use of fork() may lead to deadlocks in the child.

[2026-02-22T08:21:18.490+0000] {standard_task_runner.py:64} INFO - Started process 3481 to run task
[2026-02-22T08:21:18.493+0000] {standard_task_runner.py:90} INFO - Running: ['***', 'tasks', 'run', 'bctc', 'ingest_bctc', 'manual__2026-02-22T08:11:52+00:00', '--job-id', '25696', '--raw', '--subdir', 'DAGS_FOLDER/dl_bctc.py', '--cfg-path', '/tmp/tmp4u8k1oja', '--map-index', '13']
[2026-02-22T08:21:18.496+0000] {standard_task_runner.py:91} INFO - Job 25696: Subtask ingest_bctc
[2026-02-22T08:21:18.561+0000] {task_command.py:426} INFO - Running <TaskInstance: bctc.ingest_bctc manual__2026-02-22T08:11:52+00:00 map_index=13 [running]> on host 5e21db6dfc0b
[2026-02-22T08:21:18.709+0000] {taskinstance.py:2648} INFO - Exporting env vars: AIRFLOW_CTX_DAG_OWNER='***' AIRFLOW_CTX_DAG_ID='bctc' AIRFLOW_CTX_TASK_ID='ingest_bctc' AIRFLOW_CTX_EXECUTION_DATE='2026-02-22T08:11:52+00:00' AIRFLOW_CTX_TRY_NUMBER='2' AIRFLOW_CTX_DAG_RUN_ID='manual__2026-02-22T08:11:52+00:00'
[2026-02-22T08:21:18.712+0000] {taskinstance.py:430} INFO - ::endgroup::
[2026-02-22T08:21:18.713+0000] {datalake_df2csv.py:40} INFO - ================================================================================
[2026-02-22T08:21:18.714+0000] {datalake_df2csv.py:41} INFO - 🚀 BẮT ĐẦU TASK: ingest_bctc
[2026-02-22T08:21:18.716+0000] {datalake_df2csv.py:42} INFO - ================================================================================
[2026-02-22T08:21:18.716+0000] {datalake_df2csv.py:43} INFO - 📋 Thông tin cấu hình:
[2026-02-22T08:21:18.717+0000] {datalake_df2csv.py:44} INFO -   - Logic file: bctc
[2026-02-22T08:21:18.717+0000] {datalake_df2csv.py:45} INFO -   - DataFrame name: get_financial_reports
[2026-02-22T08:21:18.717+0000] {datalake_df2csv.py:46} INFO -   - Bucket: thongtin-congty-va-bctc
[2026-02-22T08:21:18.718+0000] {datalake_df2csv.py:47} INFO -   - Object path: bctc/2026-02-22/batch_13.csv
[2026-02-22T08:21:18.718+0000] {datalake_df2csv.py:48} INFO -   - Connection ID: minio_finance
[2026-02-22T08:21:18.719+0000] {datalake_df2csv.py:49} INFO -   - Tham số truyền vào: {'symbols': ['TBW', 'LTC', 'MGG', 'PRE', 'YTC', 'SWC', 'VJC', 'VGL', 'TQN', 'CIG', 'HAF', 'MRF', 'SDU', 'HLA', 'MTP', 'SRB', 'STB', 'APH', 'BMD', 'PAT'], 'current_year': '2025'}
[2026-02-22T08:21:18.719+0000] {datalake_df2csv.py:50} INFO - --------------------------------------------------------------------------------
[2026-02-22T08:21:18.720+0000] {datalake_df2csv.py:54} INFO - 📥 Bước 1: Đang load dữ liệu từ logic file...
[2026-02-22T08:21:18.728+0000] {datalake_df2csv.py:148} INFO -   - Logic directory: /opt/airflow/plugins/logic
[2026-02-22T08:21:18.731+0000] {datalake_df2csv.py:149} INFO -   - Module path: /opt/airflow/plugins/logic/bctc.py
[2026-02-22T08:21:18.732+0000] {datalake_df2csv.py:153} INFO -   - Đã thêm logic directory vào sys.path
[2026-02-22T08:21:18.733+0000] {datalake_df2csv.py:159} INFO -   - Đang load module 'bctc'...
[2026-02-22T08:21:18.739+0000] {datalake_df2csv.py:163} INFO -   - ✅ Module loaded thành công
[2026-02-22T08:21:18.739+0000] {datalake_df2csv.py:165} INFO -   - Đang tìm DataFrame/function: 'get_financial_reports'...
[2026-02-22T08:21:18.740+0000] {datalake_df2csv.py:170} INFO -   - ✅ Tìm thấy object: function
[2026-02-22T08:21:18.740+0000] {datalake_df2csv.py:173} INFO -   - Đang gọi function với tham số: {'symbols': ['TBW', 'LTC', 'MGG', 'PRE', 'YTC', 'SWC', 'VJC', 'VGL', 'TQN', 'CIG', 'HAF', 'MRF', 'SDU', 'HLA', 'MTP', 'SRB', 'STB', 'APH', 'BMD', 'PAT'], 'current_year': '2025'}
[2026-02-22T08:21:18.741+0000] {logging_mixin.py:188} INFO - Bắt đầu xử lý batch 20 mã: ['TBW', 'LTC', 'MGG', 'PRE', 'YTC', 'SWC', 'VJC', 'VGL', 'TQN', 'CIG', 'HAF', 'MRF', 'SDU', 'HLA', 'MTP', 'SRB', 'STB', 'APH', 'BMD', 'PAT']
[2026-02-22T08:21:18.742+0000] {logging_mixin.py:188} INFO -  >> Đang lấy dữ liệu: TBW
[2026-02-22T08:21:40.172+0000] {logging_mixin.py:188} INFO - ❌ Lỗi income_statement: RetryError[<Future at 0x7fd839e83740 state=finished raised KeyError>]
[2026-02-22T08:21:46.349+0000] {logging_mixin.py:188} INFO - ❌ Lỗi balance_sheet: RetryError[<Future at 0x7fd839a72a50 state=finished raised KeyError>]
[2026-02-22T08:21:52.541+0000] {logging_mixin.py:188} INFO - ❌ Lỗi cash_flow: RetryError[<Future at 0x7fd839aaaae0 state=finished raised KeyError>]
[2026-02-22T08:21:59.044+0000] {logging_mixin.py:188} INFO -  >> Đang lấy dữ liệu: LTC
[2026-02-22T08:22:05.669+0000] {logging_mixin.py:188} INFO - 
⚠️ 
============================================================
⚠️  GIỚI HẠN API ĐÃ ĐẠT TỐI ĐA (Rate Limit Exceeded)
============================================================

📌 Bạn đã đạt giới hạn tối đa số lượt yêu cầu API trong 1 phút (minute).
   (You have reached the maximum API request limit for this period)

📊 Chi tiết (Details):
   • Gói hiện tại: Khách (Guest)
   • Giới hạn: 20 requests/phút
   • Đã sử dụng: 20/20
   • Chờ 54 giây để tiếp tục (Wait to retry)

💡 Giải pháp (Solutions):
   1️⃣ Chờ 54 giây rồi thử lại
      (Wait and retry)
   2️⃣ Tham gia gói thành viên tài trợ để sử dụng không bị gián đoạn
      (Join sponsor membership for uninterrupted access)

🚀 Nâng cấp (Upgrade):
   • Phiên bản cộng đồng (60 request/phút - Community):
     Đăng ký API key miễn phí: https://vnstocks.com/login
   • Gói thành viên tài trợ (180-600 request/phút - Sponsor):
     Tham gia: https://vnstocks.com/insiders-program

============================================================
[2026-02-22T08:22:05.671+0000] {taskinstance.py:441} INFO - ::group::Post task execution logs
[2026-02-22T08:22:05.672+0000] {taskinstance.py:2907} ERROR - Task failed due to SystemExit(Rate limit exceeded. 
============================================================
⚠️  GIỚI HẠN API ĐÃ ĐẠT TỐI ĐA (Rate Limit Exceeded)
============================================================

📌 Bạn đã đạt giới hạn tối đa số lượt yêu cầu API trong 1 phút (minute).
   (You have reached the maximum API request limit for this period)

📊 Chi tiết (Details):
   • Gói hiện tại: Khách (Guest)
   • Giới hạn: 20 requests/phút
   • Đã sử dụng: 20/20
   • Chờ 54 giây để tiếp tục (Wait to retry)

💡 Giải pháp (Solutions):
   1️⃣ Chờ 54 giây rồi thử lại
      (Wait and retry)
   2️⃣ Tham gia gói thành viên tài trợ để sử dụng không bị gián đoạn
      (Join sponsor membership for uninterrupted access)

🚀 Nâng cấp (Upgrade):
   • Phiên bản cộng đồng (60 request/phút - Community):
     Đăng ký API key miễn phí: https://vnstocks.com/login
   • Gói thành viên tài trợ (180-600 request/phút - Sponsor):
     Tham gia: https://vnstocks.com/insiders-program

============================================================
 Process terminated.)
[2026-02-22T08:22:05.692+0000] {taskinstance.py:1206} INFO - Marking task as FAILED. dag_id=bctc, task_id=ingest_bctc, run_id=manual__2026-02-22T08:11:52+00:00, map_index=13, execution_date=20260222T081152, start_date=20260222T082118, end_date=20260222T082205
[2026-02-22T08:22:05.726+0000] {standard_task_runner.py:110} ERROR - Failed to execute job 25696 for task ingest_bctc (Task failed due to SystemExit(Rate limit exceeded. 
============================================================
⚠️  GIỚI HẠN API ĐÃ ĐẠT TỐI ĐA (Rate Limit Exceeded)
============================================================

📌 Bạn đã đạt giới hạn tối đa số lượt yêu cầu API trong 1 phút (minute).
   (You have reached the maximum API request limit for this period)

📊 Chi tiết (Details):
   • Gói hiện tại: Khách (Guest)
   • Giới hạn: 20 requests/phút
   • Đã sử dụng: 20/20
   • Chờ 54 giây để tiếp tục (Wait to retry)

💡 Giải pháp (Solutions):
   1️⃣ Chờ 54 giây rồi thử lại
      (Wait and retry)
   2️⃣ Tham gia gói thành viên tài trợ để sử dụng không bị gián đoạn
      (Join sponsor membership for uninterrupted access)

🚀 Nâng cấp (Upgrade):
   • Phiên bản cộng đồng (60 request/phút - Community):
     Đăng ký API key miễn phí: https://vnstocks.com/login
   • Gói thành viên tài trợ (180-600 request/phút - Sponsor):
     Tham gia: https://vnstocks.com/insiders-program

============================================================
 Process terminated.); 3481)
[2026-02-22T08:22:05.776+0000] {local_task_job_runner.py:243} INFO - Task exited with return code 1
[2026-02-22T08:22:05.894+0000] {taskinstance.py:3503} INFO - 0 downstream tasks scheduled from follow-on schedule check
[2026-02-22T08:22:05.970+0000] {local_task_job_runner.py:222} INFO - ::endgroup::
