[2026-04-03T16:02:50.953+0000] {local_task_job_runner.py:120} INFO - ::group::Pre task execution logs
[2026-04-03T16:02:51.038+0000] {taskinstance.py:2076} INFO - Dependencies all met for dep_context=non-requeueable deps ti=<TaskInstance: daily_price.ingest_daily_price scheduled__2026-04-02T16:00:00+00:00 map_index=57 [queued]>
[2026-04-03T16:02:51.121+0000] {taskinstance.py:2076} INFO - Dependencies all met for dep_context=requeueable deps ti=<TaskInstance: daily_price.ingest_daily_price scheduled__2026-04-02T16:00:00+00:00 map_index=57 [queued]>
[2026-04-03T16:02:51.123+0000] {taskinstance.py:2306} INFO - Starting attempt 1 of 2
[2026-04-03T16:02:51.247+0000] {taskinstance.py:2330} INFO - Executing <Mapped(DfToCsvOperator): ingest_daily_price> on 2026-04-02 16:00:00+00:00
[2026-04-03T16:02:51.280+0000] {warnings.py:112} WARNING - This process (pid=1111) is multi-threaded, use of fork() may lead to deadlocks in the child.

[2026-04-03T16:02:51.288+0000] {standard_task_runner.py:90} INFO - Running: ['***', 'tasks', 'run', 'daily_price', 'ingest_daily_price', 'scheduled__2026-04-02T16:00:00+00:00', '--job-id', '38793', '--raw', '--subdir', 'DAGS_FOLDER/dl_dailly_price.py', '--cfg-path', '/tmp/tmpzsz110fv', '--map-index', '57']
[2026-04-03T16:02:51.295+0000] {standard_task_runner.py:64} INFO - Started process 1155 to run task
[2026-04-03T16:02:51.295+0000] {standard_task_runner.py:91} INFO - Job 38793: Subtask ingest_daily_price
[2026-04-03T16:02:51.512+0000] {task_command.py:426} INFO - Running <TaskInstance: daily_price.ingest_daily_price scheduled__2026-04-02T16:00:00+00:00 map_index=57 [running]> on host f1f3ec63581f
[2026-04-03T16:02:51.896+0000] {taskinstance.py:2648} INFO - Exporting env vars: AIRFLOW_CTX_DAG_OWNER='***' AIRFLOW_CTX_DAG_ID='daily_price' AIRFLOW_CTX_TASK_ID='ingest_daily_price' AIRFLOW_CTX_EXECUTION_DATE='2026-04-02T16:00:00+00:00' AIRFLOW_CTX_TRY_NUMBER='1' AIRFLOW_CTX_DAG_RUN_ID='scheduled__2026-04-02T16:00:00+00:00'
[2026-04-03T16:02:51.902+0000] {taskinstance.py:430} INFO - ::endgroup::
[2026-04-03T16:02:51.910+0000] {datalake_df2csv.py:40} INFO - ================================================================================
[2026-04-03T16:02:51.911+0000] {datalake_df2csv.py:41} INFO - 🚀 BẮT ĐẦU TASK: ingest_daily_price
[2026-04-03T16:02:51.914+0000] {datalake_df2csv.py:42} INFO - ================================================================================
[2026-04-03T16:02:51.927+0000] {datalake_df2csv.py:43} INFO - 📋 Thông tin cấu hình:
[2026-04-03T16:02:51.950+0000] {datalake_df2csv.py:44} INFO -   - Logic file: history_price
[2026-04-03T16:02:51.952+0000] {datalake_df2csv.py:45} INFO -   - DataFrame name: get_history_price_batch
[2026-04-03T16:02:51.955+0000] {datalake_df2csv.py:46} INFO -   - Bucket: thongtin-congty-va-bctc
[2026-04-03T16:02:51.959+0000] {datalake_df2csv.py:47} INFO -   - Object path: daily_price/2026-04-02/batch_57.csv
[2026-04-03T16:02:51.961+0000] {datalake_df2csv.py:48} INFO -   - Connection ID: minio_finance
[2026-04-03T16:02:51.962+0000] {datalake_df2csv.py:49} INFO -   - Tham số truyền vào: {'symbols': ['PNJ', 'DTG', 'SJG', 'TPS', 'C69'], 'start_date': '2026-04-02', 'end_date': '2026-04-03'}
[2026-04-03T16:02:51.962+0000] {datalake_df2csv.py:50} INFO - --------------------------------------------------------------------------------
[2026-04-03T16:02:51.963+0000] {datalake_df2csv.py:54} INFO - 📥 Bước 1: Đang load dữ liệu từ logic file...
[2026-04-03T16:02:51.970+0000] {datalake_df2csv.py:148} INFO -   - Logic directory: /opt/airflow/plugins/logic
[2026-04-03T16:02:51.971+0000] {datalake_df2csv.py:149} INFO -   - Module path: /opt/airflow/plugins/logic/history_price.py
[2026-04-03T16:02:51.984+0000] {datalake_df2csv.py:153} INFO -   - Đã thêm logic directory vào sys.path
[2026-04-03T16:02:51.985+0000] {datalake_df2csv.py:159} INFO -   - Đang load module 'history_price'...
[2026-04-03T16:02:52.006+0000] {datalake_df2csv.py:163} INFO -   - ✅ Module loaded thành công
[2026-04-03T16:02:52.013+0000] {datalake_df2csv.py:165} INFO -   - Đang tìm DataFrame/function: 'get_history_price_batch'...
[2026-04-03T16:02:52.022+0000] {datalake_df2csv.py:170} INFO -   - ✅ Tìm thấy object: function
[2026-04-03T16:02:52.023+0000] {datalake_df2csv.py:173} INFO -   - Đang gọi function với tham số: {'symbols': ['PNJ', 'DTG', 'SJG', 'TPS', 'C69'], 'start_date': '2026-04-02', 'end_date': '2026-04-03'}
[2026-04-03T16:02:59.240+0000] {datalake_df2csv.py:68} INFO - ✅ Load dữ liệu thành công!
[2026-04-03T16:02:59.241+0000] {datalake_df2csv.py:69} INFO - 📊 Thông tin DataFrame:
[2026-04-03T16:02:59.242+0000] {datalake_df2csv.py:70} INFO -   - Số dòng: 15
[2026-04-03T16:02:59.243+0000] {datalake_df2csv.py:71} INFO -   - Số cột: 7
[2026-04-03T16:02:59.244+0000] {datalake_df2csv.py:72} INFO -   - Tên các cột: ['ticker', 'trading_date', 'open', 'high', 'low', 'close', 'volume']
[2026-04-03T16:02:59.245+0000] {datalake_df2csv.py:73} INFO -   - Kiểu dữ liệu: {'ticker': 'object', 'trading_date': 'object', 'open': 'float64', 'high': 'float64', 'low': 'float64', 'close': 'float64', 'volume': 'int64'}
[2026-04-03T16:02:59.250+0000] {datalake_df2csv.py:74} INFO -   - Bộ nhớ sử dụng: 0.00 MB
[2026-04-03T16:02:59.252+0000] {datalake_df2csv.py:83} INFO -   - Không có giá trị NULL
[2026-04-03T16:02:59.252+0000] {datalake_df2csv.py:86} INFO -   - Mẫu dữ liệu (5 dòng đầu):
[2026-04-03T16:02:59.253+0000] {datalake_df2csv.py:88} INFO -     Row 0: {'ticker': 'PNJ', 'trading_date': '2026-04-01', 'open': 109.1, 'high': 109.7, 'low': 107.9, 'close': 109.3, 'volume': 813000}
[2026-04-03T16:02:59.254+0000] {datalake_df2csv.py:88} INFO -     Row 1: {'ticker': 'PNJ', 'trading_date': '2026-04-02', 'open': 106.5, 'high': 108.9, 'low': 106.2, 'close': 108.9, 'volume': 937100}
[2026-04-03T16:02:59.254+0000] {datalake_df2csv.py:88} INFO -     Row 2: {'ticker': 'PNJ', 'trading_date': '2026-04-03', 'open': 107.4, 'high': 108.8, 'low': 106.8, 'close': 108.8, 'volume': 1010700}
[2026-04-03T16:02:59.256+0000] {datalake_df2csv.py:88} INFO -     Row 3: {'ticker': 'DTG', 'trading_date': '2026-03-27', 'open': 15.7, 'high': 15.8, 'low': 15.7, 'close': 15.8, 'volume': 6100}
[2026-04-03T16:02:59.257+0000] {datalake_df2csv.py:88} INFO -     Row 4: {'ticker': 'DTG', 'trading_date': '2026-03-30', 'open': 15.8, 'high': 15.9, 'low': 15.8, 'close': 15.9, 'volume': 1600}
[2026-04-03T16:02:59.258+0000] {datalake_df2csv.py:90} INFO - --------------------------------------------------------------------------------
[2026-04-03T16:02:59.259+0000] {datalake_df2csv.py:93} INFO - 📝 Bước 2: Đang chuyển đổi DataFrame sang CSV...
[2026-04-03T16:02:59.266+0000] {datalake_df2csv.py:97} INFO - ✅ Chuyển đổi CSV thành công!
[2026-04-03T16:02:59.266+0000] {datalake_df2csv.py:98} INFO -   - Kích thước file: 0.00 MB
[2026-04-03T16:02:59.267+0000] {datalake_df2csv.py:99} INFO -   - Thời gian chuyển đổi: 0.01 giây
[2026-04-03T16:02:59.268+0000] {datalake_df2csv.py:100} INFO - --------------------------------------------------------------------------------
[2026-04-03T16:02:59.269+0000] {datalake_df2csv.py:103} INFO - ☁️  Bước 3: Đang upload lên MinIO/S3...
[2026-04-03T16:02:59.285+0000] {base.py:84} INFO - Using connection ID 'minio_finance' for task execution.
[2026-04-03T16:02:59.286+0000] {connection_wrapper.py:384} INFO - AWS Connection (conn_id='minio_finance', conn_type='aws') credentials retrieved from login and password.
[2026-04-03T16:03:00.684+0000] {datalake_df2csv.py:112} INFO -   - Bucket 'thongtin-congty-va-bctc' đã tồn tại
[2026-04-03T16:03:00.836+0000] {datalake_df2csv.py:117} INFO - ✅ Upload thành công!
[2026-04-03T16:03:00.838+0000] {datalake_df2csv.py:118} INFO -   - Đường dẫn: s3://thongtin-congty-va-bctc/daily_price/2026-04-02/batch_57.csv
[2026-04-03T16:03:00.839+0000] {datalake_df2csv.py:119} INFO -   - Số dòng: 15
[2026-04-03T16:03:00.839+0000] {datalake_df2csv.py:120} INFO -   - Thời gian upload: 1.57 giây
[2026-04-03T16:03:00.840+0000] {datalake_df2csv.py:121} INFO - --------------------------------------------------------------------------------
[2026-04-03T16:03:00.841+0000] {datalake_df2csv.py:125} INFO - 📈 TỔNG KẾT:
[2026-04-03T16:03:00.845+0000] {datalake_df2csv.py:126} INFO -   - Tổng thời gian thực thi: 8.93 giây
[2026-04-03T16:03:00.846+0000] {datalake_df2csv.py:127} INFO -   - Tốc độ xử lý: 2 dòng/giây
[2026-04-03T16:03:00.847+0000] {datalake_df2csv.py:128} INFO - ================================================================================
[2026-04-03T16:03:00.848+0000] {datalake_df2csv.py:129} INFO - ✅ HOÀN THÀNH TASK: ingest_daily_price
[2026-04-03T16:03:00.849+0000] {datalake_df2csv.py:130} INFO - ================================================================================
[2026-04-03T16:03:00.850+0000] {taskinstance.py:441} INFO - ::group::Post task execution logs
[2026-04-03T16:03:00.880+0000] {taskinstance.py:1206} INFO - Marking task as SUCCESS. dag_id=daily_price, task_id=ingest_daily_price, run_id=scheduled__2026-04-02T16:00:00+00:00, map_index=57, execution_date=20260402T160000, start_date=20260403T160251, end_date=20260403T160300
[2026-04-03T16:03:01.122+0000] {local_task_job_runner.py:243} INFO - Task exited with return code 0
[2026-04-03T16:03:01.153+0000] {taskinstance.py:3503} INFO - 0 downstream tasks scheduled from follow-on schedule check
[2026-04-03T16:03:01.161+0000] {local_task_job_runner.py:222} INFO - ::endgroup::
