[2026-01-24T09:21:34.338+0000] {local_task_job_runner.py:120} INFO - ::group::Pre task execution logs
[2026-01-24T09:21:34.376+0000] {taskinstance.py:2076} INFO - Dependencies all met for dep_context=non-requeueable deps ti=<TaskInstance: daily_price_minio.ingest_daily_price manual__2026-01-24T09:18:02.943539+00:00 map_index=186 [queued]>
[2026-01-24T09:21:34.399+0000] {taskinstance.py:2076} INFO - Dependencies all met for dep_context=requeueable deps ti=<TaskInstance: daily_price_minio.ingest_daily_price manual__2026-01-24T09:18:02.943539+00:00 map_index=186 [queued]>
[2026-01-24T09:21:34.400+0000] {taskinstance.py:2306} INFO - Starting attempt 1 of 2
[2026-01-24T09:21:34.418+0000] {taskinstance.py:2330} INFO - Executing <Mapped(DfToCsvOperator): ingest_daily_price> on 2026-01-24 09:18:02.943539+00:00
[2026-01-24T09:21:34.430+0000] {warnings.py:112} WARNING - This process (pid=21287) is multi-threaded, use of fork() may lead to deadlocks in the child.

[2026-01-24T09:21:34.432+0000] {standard_task_runner.py:64} INFO - Started process 21363 to run task
[2026-01-24T09:21:34.435+0000] {standard_task_runner.py:90} INFO - Running: ['***', 'tasks', 'run', 'daily_price_minio', 'ingest_daily_price', 'manual__2026-01-24T09:18:02.943539+00:00', '--job-id', '7358', '--raw', '--subdir', 'DAGS_FOLDER/dl_dailly_price.py', '--cfg-path', '/tmp/tmph14bra2p', '--map-index', '186']
[2026-01-24T09:21:34.440+0000] {standard_task_runner.py:91} INFO - Job 7358: Subtask ingest_daily_price
[2026-01-24T09:21:34.501+0000] {task_command.py:426} INFO - Running <TaskInstance: daily_price_minio.ingest_daily_price manual__2026-01-24T09:18:02.943539+00:00 map_index=186 [running]> on host 05b4b3a77fa2
[2026-01-24T09:21:34.642+0000] {taskinstance.py:2648} INFO - Exporting env vars: AIRFLOW_CTX_DAG_OWNER='***' AIRFLOW_CTX_DAG_ID='daily_price_minio' AIRFLOW_CTX_TASK_ID='ingest_daily_price' AIRFLOW_CTX_EXECUTION_DATE='2026-01-24T09:18:02.943539+00:00' AIRFLOW_CTX_TRY_NUMBER='1' AIRFLOW_CTX_DAG_RUN_ID='manual__2026-01-24T09:18:02.943539+00:00'
[2026-01-24T09:21:34.643+0000] {taskinstance.py:430} INFO - ::endgroup::
[2026-01-24T09:21:39.498+0000] {base.py:84} INFO - Using connection ID 'minio_finance' for task execution.
[2026-01-24T09:21:39.500+0000] {connection_wrapper.py:384} INFO - AWS Connection (conn_id='minio_finance', conn_type='aws') credentials retrieved from login and password.
[2026-01-24T09:21:40.310+0000] {datalake_df2csv.py:52} INFO - ✅ Đã upload 10 dòng -> s3://thongtin-congty-va-bctc/daily_price/2026-01-24/batch_186.csv
[2026-01-24T09:21:40.311+0000] {taskinstance.py:441} INFO - ::group::Post task execution logs
[2026-01-24T09:21:40.323+0000] {taskinstance.py:1206} INFO - Marking task as SUCCESS. dag_id=daily_price_minio, task_id=ingest_daily_price, run_id=manual__2026-01-24T09:18:02.943539+00:00, map_index=186, execution_date=20260124T091802, start_date=20260124T092134, end_date=20260124T092140
[2026-01-24T09:21:40.368+0000] {local_task_job_runner.py:243} INFO - Task exited with return code 0
[2026-01-24T09:21:40.387+0000] {taskinstance.py:3503} INFO - 0 downstream tasks scheduled from follow-on schedule check
[2026-01-24T09:21:40.389+0000] {local_task_job_runner.py:222} INFO - ::endgroup::
