[2026-02-28T07:51:32.520+0000] {local_task_job_runner.py:120} INFO - ::group::Pre task execution logs
[2026-02-28T07:51:32.541+0000] {taskinstance.py:2076} INFO - Dependencies all met for dep_context=non-requeueable deps ti=<TaskInstance: company_hr.people_minio manual__2026-02-28T07:39:26.732399+00:00 map_index=47 [queued]>
[2026-02-28T07:51:32.555+0000] {taskinstance.py:2076} INFO - Dependencies all met for dep_context=requeueable deps ti=<TaskInstance: company_hr.people_minio manual__2026-02-28T07:39:26.732399+00:00 map_index=47 [queued]>
[2026-02-28T07:51:32.556+0000] {taskinstance.py:2306} INFO - Starting attempt 2 of 2
[2026-02-28T07:51:32.572+0000] {taskinstance.py:2330} INFO - Executing <Mapped(DfToCsvOperator): people_minio> on 2026-02-28 07:39:26.732399+00:00
[2026-02-28T07:51:32.582+0000] {warnings.py:112} WARNING - This process (pid=3552) is multi-threaded, use of fork() may lead to deadlocks in the child.

[2026-02-28T07:51:32.583+0000] {standard_task_runner.py:64} INFO - Started process 3581 to run task
[2026-02-28T07:51:32.585+0000] {standard_task_runner.py:90} INFO - Running: ['***', 'tasks', 'run', 'company_hr', 'people_minio', 'manual__2026-02-28T07:39:26.732399+00:00', '--job-id', '28911', '--raw', '--subdir', 'DAGS_FOLDER/dl_people.py', '--cfg-path', '/tmp/tmpnxk48stq', '--map-index', '47']
[2026-02-28T07:51:32.588+0000] {standard_task_runner.py:91} INFO - Job 28911: Subtask people_minio
[2026-02-28T07:51:32.638+0000] {task_command.py:426} INFO - Running <TaskInstance: company_hr.people_minio manual__2026-02-28T07:39:26.732399+00:00 map_index=47 [running]> on host c3317bef54fc
[2026-02-28T07:51:32.741+0000] {taskinstance.py:2648} INFO - Exporting env vars: AIRFLOW_CTX_DAG_OWNER='***' AIRFLOW_CTX_DAG_ID='company_hr' AIRFLOW_CTX_TASK_ID='people_minio' AIRFLOW_CTX_EXECUTION_DATE='2026-02-28T07:39:26.732399+00:00' AIRFLOW_CTX_TRY_NUMBER='2' AIRFLOW_CTX_DAG_RUN_ID='manual__2026-02-28T07:39:26.732399+00:00'
[2026-02-28T07:51:32.743+0000] {taskinstance.py:430} INFO - ::endgroup::
[2026-02-28T07:51:32.743+0000] {datalake_df2csv.py:40} INFO - ================================================================================
[2026-02-28T07:51:32.744+0000] {datalake_df2csv.py:41} INFO - 🚀 BẮT ĐẦU TASK: people_minio
[2026-02-28T07:51:32.745+0000] {datalake_df2csv.py:42} INFO - ================================================================================
[2026-02-28T07:51:32.745+0000] {datalake_df2csv.py:43} INFO - 📋 Thông tin cấu hình:
[2026-02-28T07:51:32.746+0000] {datalake_df2csv.py:44} INFO -   - Logic file: thongtincongty
[2026-02-28T07:51:32.746+0000] {datalake_df2csv.py:45} INFO -   - DataFrame name: get_people_batch
[2026-02-28T07:51:32.747+0000] {datalake_df2csv.py:46} INFO -   - Bucket: thongtin-congty-va-bctc
[2026-02-28T07:51:32.747+0000] {datalake_df2csv.py:47} INFO -   - Object path: people/2026-02-28/batch_47.csv
[2026-02-28T07:51:32.747+0000] {datalake_df2csv.py:48} INFO -   - Connection ID: minio_finance
[2026-02-28T07:51:32.748+0000] {datalake_df2csv.py:49} INFO -   - Tham số truyền vào: {'symbols': ['PWS', 'S55', 'OPC', 'LSS', 'LMI', 'DHB', 'MTA', 'BID', 'PVM', 'MGC', 'DWC', 'FHS', 'DTI', 'AGX', 'QSP', 'HTT', 'TBR', 'NHC', 'VCB', 'DKC']}
[2026-02-28T07:51:32.748+0000] {datalake_df2csv.py:50} INFO - --------------------------------------------------------------------------------
[2026-02-28T07:51:32.748+0000] {datalake_df2csv.py:54} INFO - 📥 Bước 1: Đang load dữ liệu từ logic file...
[2026-02-28T07:51:32.752+0000] {datalake_df2csv.py:148} INFO -   - Logic directory: /opt/airflow/plugins/logic
[2026-02-28T07:51:32.755+0000] {datalake_df2csv.py:149} INFO -   - Module path: /opt/airflow/plugins/logic/thongtincongty.py
[2026-02-28T07:51:32.756+0000] {datalake_df2csv.py:153} INFO -   - Đã thêm logic directory vào sys.path
[2026-02-28T07:51:32.757+0000] {datalake_df2csv.py:159} INFO -   - Đang load module 'thongtincongty'...
[2026-02-28T07:51:32.761+0000] {datalake_df2csv.py:163} INFO -   - ✅ Module loaded thành công
[2026-02-28T07:51:32.762+0000] {datalake_df2csv.py:165} INFO -   - Đang tìm DataFrame/function: 'get_people_batch'...
[2026-02-28T07:51:32.762+0000] {datalake_df2csv.py:170} INFO -   - ✅ Tìm thấy object: function
[2026-02-28T07:51:32.763+0000] {datalake_df2csv.py:173} INFO -   - Đang gọi function với tham số: {'symbols': ['PWS', 'S55', 'OPC', 'LSS', 'LMI', 'DHB', 'MTA', 'BID', 'PVM', 'MGC', 'DWC', 'FHS', 'DTI', 'AGX', 'QSP', 'HTT', 'TBR', 'NHC', 'VCB', 'DKC']}
[2026-02-28T07:51:46.898+0000] {logging_mixin.py:188} INFO - 
⚠️ 
============================================================
⚠️  GIỚI HẠN API ĐÃ ĐẠT TỐI ĐA (Rate Limit Exceeded)
============================================================

📌 Bạn đã đạt giới hạn tối đa số lượt yêu cầu API trong 1 phút (minute).
   (You have reached the maximum API request limit for this period)

📊 Chi tiết (Details):
   • Gói hiện tại: Khách (Guest)
   • Giới hạn: 20 requests/phút
   • Đã sử dụng: 20/20
   • Chờ 13 giây để tiếp tục (Wait to retry)

💡 Giải pháp (Solutions):
   1️⃣ Chờ 13 giây rồi thử lại
      (Wait and retry)
   2️⃣ Tham gia gói thành viên tài trợ để sử dụng không bị gián đoạn
      (Join sponsor membership for uninterrupted access)

🚀 Nâng cấp (Upgrade):
   • Phiên bản cộng đồng (60 request/phút - Community):
     Đăng ký API key miễn phí: https://vnstocks.com/login
   • Gói thành viên tài trợ (180-600 request/phút - Sponsor):
     Tham gia: https://vnstocks.com/insiders-program

============================================================
[2026-02-28T07:51:46.899+0000] {taskinstance.py:441} INFO - ::group::Post task execution logs
[2026-02-28T07:51:46.900+0000] {taskinstance.py:2907} ERROR - Task failed due to SystemExit(Rate limit exceeded. 
============================================================
⚠️  GIỚI HẠN API ĐÃ ĐẠT TỐI ĐA (Rate Limit Exceeded)
============================================================

📌 Bạn đã đạt giới hạn tối đa số lượt yêu cầu API trong 1 phút (minute).
   (You have reached the maximum API request limit for this period)

📊 Chi tiết (Details):
   • Gói hiện tại: Khách (Guest)
   • Giới hạn: 20 requests/phút
   • Đã sử dụng: 20/20
   • Chờ 13 giây để tiếp tục (Wait to retry)

💡 Giải pháp (Solutions):
   1️⃣ Chờ 13 giây rồi thử lại
      (Wait and retry)
   2️⃣ Tham gia gói thành viên tài trợ để sử dụng không bị gián đoạn
      (Join sponsor membership for uninterrupted access)

🚀 Nâng cấp (Upgrade):
   • Phiên bản cộng đồng (60 request/phút - Community):
     Đăng ký API key miễn phí: https://vnstocks.com/login
   • Gói thành viên tài trợ (180-600 request/phút - Sponsor):
     Tham gia: https://vnstocks.com/insiders-program

============================================================
 Process terminated.)
[2026-02-28T07:51:46.913+0000] {taskinstance.py:1206} INFO - Marking task as FAILED. dag_id=company_hr, task_id=people_minio, run_id=manual__2026-02-28T07:39:26.732399+00:00, map_index=47, execution_date=20260228T073926, start_date=20260228T075132, end_date=20260228T075146
[2026-02-28T07:51:46.935+0000] {standard_task_runner.py:110} ERROR - Failed to execute job 28911 for task people_minio (Task failed due to SystemExit(Rate limit exceeded. 
============================================================
⚠️  GIỚI HẠN API ĐÃ ĐẠT TỐI ĐA (Rate Limit Exceeded)
============================================================

📌 Bạn đã đạt giới hạn tối đa số lượt yêu cầu API trong 1 phút (minute).
   (You have reached the maximum API request limit for this period)

📊 Chi tiết (Details):
   • Gói hiện tại: Khách (Guest)
   • Giới hạn: 20 requests/phút
   • Đã sử dụng: 20/20
   • Chờ 13 giây để tiếp tục (Wait to retry)

💡 Giải pháp (Solutions):
   1️⃣ Chờ 13 giây rồi thử lại
      (Wait and retry)
   2️⃣ Tham gia gói thành viên tài trợ để sử dụng không bị gián đoạn
      (Join sponsor membership for uninterrupted access)

🚀 Nâng cấp (Upgrade):
   • Phiên bản cộng đồng (60 request/phút - Community):
     Đăng ký API key miễn phí: https://vnstocks.com/login
   • Gói thành viên tài trợ (180-600 request/phút - Sponsor):
     Tham gia: https://vnstocks.com/insiders-program

============================================================
 Process terminated.); 3581)
[2026-02-28T07:51:46.985+0000] {local_task_job_runner.py:243} INFO - Task exited with return code 1
[2026-02-28T07:51:47.087+0000] {taskinstance.py:3503} INFO - 0 downstream tasks scheduled from follow-on schedule check
[2026-02-28T07:51:47.091+0000] {local_task_job_runner.py:222} INFO - ::endgroup::
