[2026-02-28T01:56:16.026+0000] {local_task_job_runner.py:120} INFO - ::group::Pre task execution logs
[2026-02-28T01:56:16.079+0000] {taskinstance.py:2076} INFO - Dependencies all met for dep_context=non-requeueable deps ti=<TaskInstance: daily_price.ingest_daily_price scheduled__2026-02-26T16:00:00+00:00 map_index=44 [queued]>
[2026-02-28T01:56:16.117+0000] {taskinstance.py:2076} INFO - Dependencies all met for dep_context=requeueable deps ti=<TaskInstance: daily_price.ingest_daily_price scheduled__2026-02-26T16:00:00+00:00 map_index=44 [queued]>
[2026-02-28T01:56:16.119+0000] {taskinstance.py:2306} INFO - Starting attempt 1 of 2
[2026-02-28T01:56:16.156+0000] {taskinstance.py:2330} INFO - Executing <Mapped(DfToCsvOperator): ingest_daily_price> on 2026-02-26 16:00:00+00:00
[2026-02-28T01:56:16.217+0000] {warnings.py:112} WARNING - This process (pid=783) is multi-threaded, use of fork() may lead to deadlocks in the child.

[2026-02-28T01:56:16.221+0000] {standard_task_runner.py:64} INFO - Started process 866 to run task
[2026-02-28T01:56:16.252+0000] {standard_task_runner.py:90} INFO - Running: ['***', 'tasks', 'run', 'daily_price', 'ingest_daily_price', 'scheduled__2026-02-26T16:00:00+00:00', '--job-id', '28195', '--raw', '--subdir', 'DAGS_FOLDER/dl_dailly_price.py', '--cfg-path', '/tmp/tmpg6yztqdo', '--map-index', '44']
[2026-02-28T01:56:16.270+0000] {standard_task_runner.py:91} INFO - Job 28195: Subtask ingest_daily_price
[2026-02-28T01:56:16.578+0000] {task_command.py:426} INFO - Running <TaskInstance: daily_price.ingest_daily_price scheduled__2026-02-26T16:00:00+00:00 map_index=44 [running]> on host b6d397e728c6
[2026-02-28T01:56:17.020+0000] {taskinstance.py:2648} INFO - Exporting env vars: AIRFLOW_CTX_DAG_OWNER='***' AIRFLOW_CTX_DAG_ID='daily_price' AIRFLOW_CTX_TASK_ID='ingest_daily_price' AIRFLOW_CTX_EXECUTION_DATE='2026-02-26T16:00:00+00:00' AIRFLOW_CTX_TRY_NUMBER='1' AIRFLOW_CTX_DAG_RUN_ID='scheduled__2026-02-26T16:00:00+00:00'
[2026-02-28T01:56:17.022+0000] {taskinstance.py:430} INFO - ::endgroup::
[2026-02-28T01:56:17.025+0000] {datalake_df2csv.py:40} INFO - ================================================================================
[2026-02-28T01:56:17.026+0000] {datalake_df2csv.py:41} INFO - 🚀 BẮT ĐẦU TASK: ingest_daily_price
[2026-02-28T01:56:17.027+0000] {datalake_df2csv.py:42} INFO - ================================================================================
[2026-02-28T01:56:17.028+0000] {datalake_df2csv.py:43} INFO - 📋 Thông tin cấu hình:
[2026-02-28T01:56:17.028+0000] {datalake_df2csv.py:44} INFO -   - Logic file: history_price
[2026-02-28T01:56:17.029+0000] {datalake_df2csv.py:45} INFO -   - DataFrame name: get_history_price_batch
[2026-02-28T01:56:17.029+0000] {datalake_df2csv.py:46} INFO -   - Bucket: thongtin-congty-va-bctc
[2026-02-28T01:56:17.029+0000] {datalake_df2csv.py:47} INFO -   - Object path: daily_price/2026-02-26/batch_44.csv
[2026-02-28T01:56:17.032+0000] {datalake_df2csv.py:48} INFO -   - Connection ID: minio_finance
[2026-02-28T01:56:17.033+0000] {datalake_df2csv.py:49} INFO -   - Tham số truyền vào: {'symbols': ['PSW', 'HNA', 'DNP', 'CAP', 'BNW'], 'start_date': '2026-02-26', 'end_date': '2026-02-27'}
[2026-02-28T01:56:17.034+0000] {datalake_df2csv.py:50} INFO - --------------------------------------------------------------------------------
[2026-02-28T01:56:17.034+0000] {datalake_df2csv.py:54} INFO - 📥 Bước 1: Đang load dữ liệu từ logic file...
[2026-02-28T01:56:17.038+0000] {datalake_df2csv.py:148} INFO -   - Logic directory: /opt/airflow/plugins/logic
[2026-02-28T01:56:17.040+0000] {datalake_df2csv.py:149} INFO -   - Module path: /opt/airflow/plugins/logic/history_price.py
[2026-02-28T01:56:17.040+0000] {datalake_df2csv.py:153} INFO -   - Đã thêm logic directory vào sys.path
[2026-02-28T01:56:17.042+0000] {datalake_df2csv.py:159} INFO -   - Đang load module 'history_price'...
[2026-02-28T01:56:17.046+0000] {datalake_df2csv.py:163} INFO -   - ✅ Module loaded thành công
[2026-02-28T01:56:17.047+0000] {datalake_df2csv.py:165} INFO -   - Đang tìm DataFrame/function: 'get_history_price_batch'...
[2026-02-28T01:56:17.048+0000] {datalake_df2csv.py:170} INFO -   - ✅ Tìm thấy object: function
[2026-02-28T01:56:17.048+0000] {datalake_df2csv.py:173} INFO -   - Đang gọi function với tham số: {'symbols': ['PSW', 'HNA', 'DNP', 'CAP', 'BNW'], 'start_date': '2026-02-26', 'end_date': '2026-02-27'}
[2026-02-28T01:56:23.812+0000] {datalake_df2csv.py:68} INFO - ✅ Load dữ liệu thành công!
[2026-02-28T01:56:23.815+0000] {datalake_df2csv.py:69} INFO - 📊 Thông tin DataFrame:
[2026-02-28T01:56:23.817+0000] {datalake_df2csv.py:70} INFO -   - Số dòng: 15
[2026-02-28T01:56:23.836+0000] {datalake_df2csv.py:71} INFO -   - Số cột: 7
[2026-02-28T01:56:23.845+0000] {datalake_df2csv.py:72} INFO -   - Tên các cột: ['ticker', 'trading_date', 'open', 'high', 'low', 'close', 'volume']
[2026-02-28T01:56:23.846+0000] {datalake_df2csv.py:73} INFO -   - Kiểu dữ liệu: {'ticker': 'object', 'trading_date': 'object', 'open': 'float64', 'high': 'float64', 'low': 'float64', 'close': 'float64', 'volume': 'int64'}
[2026-02-28T01:56:23.863+0000] {datalake_df2csv.py:74} INFO -   - Bộ nhớ sử dụng: 0.00 MB
[2026-02-28T01:56:23.875+0000] {datalake_df2csv.py:83} INFO -   - Không có giá trị NULL
[2026-02-28T01:56:23.885+0000] {datalake_df2csv.py:86} INFO -   - Mẫu dữ liệu (5 dòng đầu):
[2026-02-28T01:56:23.891+0000] {datalake_df2csv.py:88} INFO -     Row 0: {'ticker': 'PSW', 'trading_date': '2026-02-25', 'open': 7.7, 'high': 7.8, 'low': 7.7, 'close': 7.8, 'volume': 18100}
[2026-02-28T01:56:23.892+0000] {datalake_df2csv.py:88} INFO -     Row 1: {'ticker': 'PSW', 'trading_date': '2026-02-26', 'open': 7.8, 'high': 7.8, 'low': 7.7, 'close': 7.8, 'volume': 1400}
[2026-02-28T01:56:23.897+0000] {datalake_df2csv.py:88} INFO -     Row 2: {'ticker': 'PSW', 'trading_date': '2026-02-27', 'open': 7.8, 'high': 7.8, 'low': 7.7, 'close': 7.8, 'volume': 15400}
[2026-02-28T01:56:23.903+0000] {datalake_df2csv.py:88} INFO -     Row 3: {'ticker': 'HNA', 'trading_date': '2026-02-25', 'open': 22.95, 'high': 22.95, 'low': 22.95, 'close': 22.95, 'volume': 1800}
[2026-02-28T01:56:23.916+0000] {datalake_df2csv.py:88} INFO -     Row 4: {'ticker': 'HNA', 'trading_date': '2026-02-26', 'open': 21.7, 'high': 23.15, 'low': 21.7, 'close': 22.3, 'volume': 25200}
[2026-02-28T01:56:23.935+0000] {datalake_df2csv.py:90} INFO - --------------------------------------------------------------------------------
[2026-02-28T01:56:23.956+0000] {datalake_df2csv.py:93} INFO - 📝 Bước 2: Đang chuyển đổi DataFrame sang CSV...
[2026-02-28T01:56:23.978+0000] {datalake_df2csv.py:97} INFO - ✅ Chuyển đổi CSV thành công!
[2026-02-28T01:56:23.980+0000] {datalake_df2csv.py:98} INFO -   - Kích thước file: 0.00 MB
[2026-02-28T01:56:23.984+0000] {datalake_df2csv.py:99} INFO -   - Thời gian chuyển đổi: 0.02 giây
[2026-02-28T01:56:23.985+0000] {datalake_df2csv.py:100} INFO - --------------------------------------------------------------------------------
[2026-02-28T01:56:23.986+0000] {datalake_df2csv.py:103} INFO - ☁️  Bước 3: Đang upload lên MinIO/S3...
[2026-02-28T01:56:24.017+0000] {base.py:84} INFO - Using connection ID 'minio_finance' for task execution.
[2026-02-28T01:56:24.018+0000] {connection_wrapper.py:384} INFO - AWS Connection (conn_id='minio_finance', conn_type='aws') credentials retrieved from login and password.
[2026-02-28T01:56:24.967+0000] {datalake_df2csv.py:112} INFO -   - Bucket 'thongtin-congty-va-bctc' đã tồn tại
[2026-02-28T01:56:25.058+0000] {datalake_df2csv.py:117} INFO - ✅ Upload thành công!
[2026-02-28T01:56:25.059+0000] {datalake_df2csv.py:118} INFO -   - Đường dẫn: s3://thongtin-congty-va-bctc/daily_price/2026-02-26/batch_44.csv
[2026-02-28T01:56:25.061+0000] {datalake_df2csv.py:119} INFO -   - Số dòng: 15
[2026-02-28T01:56:25.062+0000] {datalake_df2csv.py:120} INFO -   - Thời gian upload: 1.07 giây
[2026-02-28T01:56:25.063+0000] {datalake_df2csv.py:121} INFO - --------------------------------------------------------------------------------
[2026-02-28T01:56:25.063+0000] {datalake_df2csv.py:125} INFO - 📈 TỔNG KẾT:
[2026-02-28T01:56:25.064+0000] {datalake_df2csv.py:126} INFO -   - Tổng thời gian thực thi: 8.04 giây
[2026-02-28T01:56:25.066+0000] {datalake_df2csv.py:127} INFO -   - Tốc độ xử lý: 2 dòng/giây
[2026-02-28T01:56:25.067+0000] {datalake_df2csv.py:128} INFO - ================================================================================
[2026-02-28T01:56:25.068+0000] {datalake_df2csv.py:129} INFO - ✅ HOÀN THÀNH TASK: ingest_daily_price
[2026-02-28T01:56:25.068+0000] {datalake_df2csv.py:130} INFO - ================================================================================
[2026-02-28T01:56:25.070+0000] {taskinstance.py:441} INFO - ::group::Post task execution logs
[2026-02-28T01:56:25.104+0000] {taskinstance.py:1206} INFO - Marking task as SUCCESS. dag_id=daily_price, task_id=ingest_daily_price, run_id=scheduled__2026-02-26T16:00:00+00:00, map_index=44, execution_date=20260226T160000, start_date=20260228T015616, end_date=20260228T015625
[2026-02-28T01:56:25.260+0000] {local_task_job_runner.py:243} INFO - Task exited with return code 0
[2026-02-28T01:56:25.299+0000] {taskinstance.py:3503} INFO - 0 downstream tasks scheduled from follow-on schedule check
[2026-02-28T01:56:25.309+0000] {local_task_job_runner.py:222} INFO - ::endgroup::
