[2026-02-07T01:17:26.123+0000] {local_task_job_runner.py:120} INFO - ::group::Pre task execution logs
[2026-02-07T01:17:26.161+0000] {taskinstance.py:2076} INFO - Dependencies all met for dep_context=non-requeueable deps ti=<TaskInstance: daily_price_minio.ingest_daily_price scheduled__2026-02-05T16:00:00+00:00 map_index=209 [queued]>
[2026-02-07T01:17:26.196+0000] {taskinstance.py:2076} INFO - Dependencies all met for dep_context=requeueable deps ti=<TaskInstance: daily_price_minio.ingest_daily_price scheduled__2026-02-05T16:00:00+00:00 map_index=209 [queued]>
[2026-02-07T01:17:26.197+0000] {taskinstance.py:2306} INFO - Starting attempt 1 of 2
[2026-02-07T01:17:26.217+0000] {taskinstance.py:2330} INFO - Executing <Mapped(DfToCsvOperator): ingest_daily_price> on 2026-02-05 16:00:00+00:00
[2026-02-07T01:17:26.232+0000] {warnings.py:112} WARNING - This process (pid=10378) is multi-threaded, use of fork() may lead to deadlocks in the child.

[2026-02-07T01:17:26.234+0000] {standard_task_runner.py:64} INFO - Started process 10407 to run task
[2026-02-07T01:17:26.237+0000] {standard_task_runner.py:90} INFO - Running: ['***', 'tasks', 'run', 'daily_price_minio', 'ingest_daily_price', 'scheduled__2026-02-05T16:00:00+00:00', '--job-id', '19384', '--raw', '--subdir', 'DAGS_FOLDER/dl_dailly_price.py', '--cfg-path', '/tmp/tmpwa3aayzd', '--map-index', '209']
[2026-02-07T01:17:26.242+0000] {standard_task_runner.py:91} INFO - Job 19384: Subtask ingest_daily_price
[2026-02-07T01:17:26.368+0000] {task_command.py:426} INFO - Running <TaskInstance: daily_price_minio.ingest_daily_price scheduled__2026-02-05T16:00:00+00:00 map_index=209 [running]> on host 92ec87cbc427
[2026-02-07T01:17:26.536+0000] {taskinstance.py:2648} INFO - Exporting env vars: AIRFLOW_CTX_DAG_OWNER='***' AIRFLOW_CTX_DAG_ID='daily_price_minio' AIRFLOW_CTX_TASK_ID='ingest_daily_price' AIRFLOW_CTX_EXECUTION_DATE='2026-02-05T16:00:00+00:00' AIRFLOW_CTX_TRY_NUMBER='1' AIRFLOW_CTX_DAG_RUN_ID='scheduled__2026-02-05T16:00:00+00:00'
[2026-02-07T01:17:26.538+0000] {taskinstance.py:430} INFO - ::endgroup::
[2026-02-07T01:17:32.631+0000] {logging_mixin.py:188} INFO - HUX: RetryError (source=VCI), retry 1/3 in 2.0s
[2026-02-07T01:17:39.144+0000] {logging_mixin.py:188} INFO - HUX: RetryError (source=VCI), retry 2/3 in 4.0s
[2026-02-07T01:17:47.670+0000] {logging_mixin.py:188} INFO - HUX: RetryError (source=VCI), retry 3/3 in 8.0s
[2026-02-07T01:17:55.667+0000] {logging_mixin.py:188} INFO - HUX: Exhausted retries for source=VCI, trying next source...
[2026-02-07T01:18:00.076+0000] {logging_mixin.py:188} INFO - HUX: RetryError (source=TCBS), retry 1/3 in 2.0s
[2026-02-07T01:18:06.550+0000] {logging_mixin.py:188} INFO - HUX: RetryError (source=TCBS), retry 2/3 in 4.0s
[2026-02-07T01:18:15.010+0000] {logging_mixin.py:188} INFO - HUX: RetryError (source=TCBS), retry 3/3 in 8.0s
[2026-02-07T01:18:23.000+0000] {logging_mixin.py:188} INFO - HUX: Exhausted retries for source=TCBS, trying next source...
[2026-02-07T01:18:23.001+0000] {logging_mixin.py:188} INFO - HUX: All sources failed after retries
[2026-02-07T01:18:24.854+0000] {base.py:84} INFO - Using connection ID 'minio_finance' for task execution.
[2026-02-07T01:18:24.855+0000] {connection_wrapper.py:384} INFO - AWS Connection (conn_id='minio_finance', conn_type='aws') credentials retrieved from login and password.
[2026-02-07T01:18:25.310+0000] {datalake_df2csv.py:52} INFO - ✅ Đã upload 12 dòng -> s3://thongtin-congty-va-bctc/daily_price/2026-02-05/batch_209.csv
[2026-02-07T01:18:25.311+0000] {taskinstance.py:441} INFO - ::group::Post task execution logs
[2026-02-07T01:18:25.322+0000] {taskinstance.py:1206} INFO - Marking task as SUCCESS. dag_id=daily_price_minio, task_id=ingest_daily_price, run_id=scheduled__2026-02-05T16:00:00+00:00, map_index=209, execution_date=20260205T160000, start_date=20260207T011726, end_date=20260207T011825
[2026-02-07T01:18:25.367+0000] {local_task_job_runner.py:243} INFO - Task exited with return code 0
[2026-02-07T01:18:25.383+0000] {taskinstance.py:3503} INFO - 0 downstream tasks scheduled from follow-on schedule check
[2026-02-07T01:18:25.386+0000] {local_task_job_runner.py:222} INFO - ::endgroup::
