[2026-01-24T08:33:42.000+0000] {local_task_job_runner.py:120} INFO - ::group::Pre task execution logs
[2026-01-24T08:33:42.048+0000] {taskinstance.py:2076} INFO - Dependencies all met for dep_context=non-requeueable deps ti=<TaskInstance: company_overview_to_minio.ingest_overview manual__2026-01-24T08:33:14.283743+00:00 map_index=3 [queued]>
[2026-01-24T08:33:42.074+0000] {taskinstance.py:2076} INFO - Dependencies all met for dep_context=requeueable deps ti=<TaskInstance: company_overview_to_minio.ingest_overview manual__2026-01-24T08:33:14.283743+00:00 map_index=3 [queued]>
[2026-01-24T08:33:42.075+0000] {taskinstance.py:2306} INFO - Starting attempt 1 of 2
[2026-01-24T08:33:42.115+0000] {taskinstance.py:2330} INFO - Executing <Mapped(DfToCsvOperator): ingest_overview> on 2026-01-24 08:33:14.283743+00:00
[2026-01-24T08:33:42.131+0000] {warnings.py:112} WARNING - This process (pid=2133) is multi-threaded, use of fork() may lead to deadlocks in the child.

[2026-01-24T08:33:42.134+0000] {standard_task_runner.py:64} INFO - Started process 2282 to run task
[2026-01-24T08:33:42.144+0000] {standard_task_runner.py:90} INFO - Running: ['***', 'tasks', 'run', 'company_overview_to_minio', 'ingest_overview', 'manual__2026-01-24T08:33:14.283743+00:00', '--job-id', '5767', '--raw', '--subdir', 'DAGS_FOLDER/company_overview_to_minio.py', '--cfg-path', '/tmp/tmpghpjz1y6', '--map-index', '3']
[2026-01-24T08:33:42.154+0000] {standard_task_runner.py:91} INFO - Job 5767: Subtask ingest_overview
[2026-01-24T08:33:42.282+0000] {task_command.py:426} INFO - Running <TaskInstance: company_overview_to_minio.ingest_overview manual__2026-01-24T08:33:14.283743+00:00 map_index=3 [running]> on host 05b4b3a77fa2
[2026-01-24T08:33:42.483+0000] {taskinstance.py:2648} INFO - Exporting env vars: AIRFLOW_CTX_DAG_OWNER='***' AIRFLOW_CTX_DAG_ID='company_overview_to_minio' AIRFLOW_CTX_TASK_ID='ingest_overview' AIRFLOW_CTX_EXECUTION_DATE='2026-01-24T08:33:14.283743+00:00' AIRFLOW_CTX_TRY_NUMBER='1' AIRFLOW_CTX_DAG_RUN_ID='manual__2026-01-24T08:33:14.283743+00:00'
[2026-01-24T08:33:42.487+0000] {taskinstance.py:430} INFO - ::endgroup::
[2026-01-24T08:33:47.158+0000] {logging_mixin.py:188} INFO - Listing metadata error: RetryError[<Future at 0x7fdaeccb4530 state=finished raised ConnectionError>]
[2026-01-24T08:33:47.325+0000] {logging_mixin.py:188} INFO - Err overview VRC: Failed to fetch data: 429 - Too Many Requests
[2026-01-24T08:33:48.433+0000] {logging_mixin.py:188} INFO - Err overview VQC: Failed to fetch data: 429 - Too Many Requests
[2026-01-24T08:33:50.887+0000] {logging_mixin.py:188} INFO - Err overview VPX: Failed to fetch data: 429 - Too Many Requests
[2026-01-24T08:33:52.350+0000] {logging_mixin.py:188} INFO - Err overview VPW: Failed to fetch data: 429 - Too Many Requests
[2026-01-24T08:33:53.451+0000] {logging_mixin.py:188} INFO - Err overview VPS: Failed to fetch data: 429 - Too Many Requests
[2026-01-24T08:33:54.542+0000] {logging_mixin.py:188} INFO - Err overview VPR: Failed to fetch data: 429 - Too Many Requests
[2026-01-24T08:33:55.666+0000] {logging_mixin.py:188} INFO - Err overview VPL: Failed to fetch data: 429 - Too Many Requests
[2026-01-24T08:33:56.768+0000] {logging_mixin.py:188} INFO - Err overview VPI: Failed to fetch data: 429 - Too Many Requests
[2026-01-24T08:33:57.897+0000] {logging_mixin.py:188} INFO - Err overview VPH: Failed to fetch data: 429 - Too Many Requests
[2026-01-24T08:33:58.988+0000] {logging_mixin.py:188} INFO - Err overview VPG: Failed to fetch data: 429 - Too Many Requests
[2026-01-24T08:34:00.087+0000] {logging_mixin.py:188} INFO - Err overview VPD: Failed to fetch data: 429 - Too Many Requests
[2026-01-24T08:34:01.182+0000] {logging_mixin.py:188} INFO - Err overview VPC: Failed to fetch data: 429 - Too Many Requests
[2026-01-24T08:34:03.329+0000] {logging_mixin.py:188} INFO - Err overview VPB: Failed to fetch data: 429 - Too Many Requests
[2026-01-24T08:34:04.462+0000] {logging_mixin.py:188} INFO - Err overview VPA: Failed to fetch data: 429 - Too Many Requests
[2026-01-24T08:34:05.843+0000] {logging_mixin.py:188} INFO - Err overview VOS: Failed to fetch data: 429 - Too Many Requests
[2026-01-24T08:34:07.276+0000] {logging_mixin.py:188} INFO - Err overview VOC: Failed to fetch data: 429 - Too Many Requests
[2026-01-24T08:34:08.544+0000] {logging_mixin.py:188} INFO - Err overview VNZ: Failed to fetch data: 429 - Too Many Requests
[2026-01-24T08:34:10.746+0000] {logging_mixin.py:188} INFO - Err overview VNY: Failed to fetch data: 429 - Too Many Requests
[2026-01-24T08:34:11.845+0000] {logging_mixin.py:188} INFO - Err overview VNX: Failed to fetch data: 429 - Too Many Requests
[2026-01-24T08:34:12.978+0000] {logging_mixin.py:188} INFO - Err overview VNT: Failed to fetch data: 429 - Too Many Requests
[2026-01-24T08:34:13.983+0000] {datalake_df2csv.py:40} INFO - DataFrame rỗng, bỏ qua upload CSV.
[2026-01-24T08:34:13.984+0000] {taskinstance.py:441} INFO - ::group::Post task execution logs
[2026-01-24T08:34:14.027+0000] {taskinstance.py:1206} INFO - Marking task as SUCCESS. dag_id=company_overview_to_minio, task_id=ingest_overview, run_id=manual__2026-01-24T08:33:14.283743+00:00, map_index=3, execution_date=20260124T083314, start_date=20260124T083342, end_date=20260124T083414
[2026-01-24T08:34:14.145+0000] {local_task_job_runner.py:243} INFO - Task exited with return code 0
[2026-01-24T08:34:14.191+0000] {taskinstance.py:3503} INFO - 0 downstream tasks scheduled from follow-on schedule check
[2026-01-24T08:34:14.193+0000] {local_task_job_runner.py:222} INFO - ::endgroup::
