[2026-01-18T03:28:55.674+0000] {local_task_job_runner.py:120} INFO - ::group::Pre task execution logs
[2026-01-18T03:28:55.697+0000] {taskinstance.py:2076} INFO - Dependencies all met for dep_context=non-requeueable deps ti=<TaskInstance: company_overview_to_minio.ingest_overview scheduled__2026-01-11T00:00:00+00:00 map_index=72 [queued]>
[2026-01-18T03:28:55.710+0000] {taskinstance.py:2076} INFO - Dependencies all met for dep_context=requeueable deps ti=<TaskInstance: company_overview_to_minio.ingest_overview scheduled__2026-01-11T00:00:00+00:00 map_index=72 [queued]>
[2026-01-18T03:28:55.711+0000] {taskinstance.py:2306} INFO - Starting attempt 1 of 2
[2026-01-18T03:28:55.723+0000] {taskinstance.py:2330} INFO - Executing <Mapped(DfToCsvOperator): ingest_overview> on 2026-01-11 00:00:00+00:00
[2026-01-18T03:28:55.734+0000] {warnings.py:112} WARNING - This process (pid=3681) is multi-threaded, use of fork() may lead to deadlocks in the child.

[2026-01-18T03:28:55.735+0000] {standard_task_runner.py:64} INFO - Started process 3704 to run task
[2026-01-18T03:28:55.737+0000] {standard_task_runner.py:90} INFO - Running: ['***', 'tasks', 'run', 'company_overview_to_minio', 'ingest_overview', 'scheduled__2026-01-11T00:00:00+00:00', '--job-id', '1791', '--raw', '--subdir', 'DAGS_FOLDER/company_overview_to_minio.py', '--cfg-path', '/tmp/tmp79mcrq8x', '--map-index', '72']
[2026-01-18T03:28:55.741+0000] {standard_task_runner.py:91} INFO - Job 1791: Subtask ingest_overview
[2026-01-18T03:28:55.786+0000] {task_command.py:426} INFO - Running <TaskInstance: company_overview_to_minio.ingest_overview scheduled__2026-01-11T00:00:00+00:00 map_index=72 [running]> on host 5ae19da926ef
[2026-01-18T03:28:55.875+0000] {taskinstance.py:2648} INFO - Exporting env vars: AIRFLOW_CTX_DAG_OWNER='***' AIRFLOW_CTX_DAG_ID='company_overview_to_minio' AIRFLOW_CTX_TASK_ID='ingest_overview' AIRFLOW_CTX_EXECUTION_DATE='2026-01-11T00:00:00+00:00' AIRFLOW_CTX_TRY_NUMBER='1' AIRFLOW_CTX_DAG_RUN_ID='scheduled__2026-01-11T00:00:00+00:00'
[2026-01-18T03:28:55.877+0000] {taskinstance.py:430} INFO - ::endgroup::
[2026-01-18T03:28:57.707+0000] {warnings.py:112} WARNING - DataFrame.applymap has been deprecated. Use DataFrame.map instead.

[2026-01-18T03:28:59.115+0000] {warnings.py:112} WARNING - DataFrame.applymap has been deprecated. Use DataFrame.map instead.

[2026-01-18T03:29:00.379+0000] {warnings.py:112} WARNING - DataFrame.applymap has been deprecated. Use DataFrame.map instead.

[2026-01-18T03:29:01.666+0000] {warnings.py:112} WARNING - DataFrame.applymap has been deprecated. Use DataFrame.map instead.

[2026-01-18T03:29:07.003+0000] {logging_mixin.py:188} INFO - Err overview CTA: RetryError[<Future at 0x7f4f54615dc0 state=finished raised AttributeError>]
[2026-01-18T03:29:08.259+0000] {warnings.py:112} WARNING - DataFrame.applymap has been deprecated. Use DataFrame.map instead.

[2026-01-18T03:29:13.602+0000] {logging_mixin.py:188} INFO - Err overview CT5: RetryError[<Future at 0x7f4f12115280 state=finished raised AttributeError>]
[2026-01-18T03:29:15.491+0000] {warnings.py:112} WARNING - DataFrame.applymap has been deprecated. Use DataFrame.map instead.

[2026-01-18T03:29:16.629+0000] {warnings.py:112} WARNING - DataFrame.applymap has been deprecated. Use DataFrame.map instead.

[2026-01-18T03:29:17.819+0000] {warnings.py:112} WARNING - DataFrame.applymap has been deprecated. Use DataFrame.map instead.

[2026-01-18T03:29:19.010+0000] {warnings.py:112} WARNING - DataFrame.applymap has been deprecated. Use DataFrame.map instead.

[2026-01-18T03:29:20.181+0000] {warnings.py:112} WARNING - DataFrame.applymap has been deprecated. Use DataFrame.map instead.

[2026-01-18T03:29:23.071+0000] {warnings.py:112} WARNING - DataFrame.applymap has been deprecated. Use DataFrame.map instead.

[2026-01-18T03:29:24.296+0000] {warnings.py:112} WARNING - DataFrame.applymap has been deprecated. Use DataFrame.map instead.

[2026-01-18T03:29:25.788+0000] {warnings.py:112} WARNING - DataFrame.applymap has been deprecated. Use DataFrame.map instead.

[2026-01-18T03:29:27.377+0000] {warnings.py:112} WARNING - DataFrame.applymap has been deprecated. Use DataFrame.map instead.

[2026-01-18T03:29:28.522+0000] {warnings.py:112} WARNING - DataFrame.applymap has been deprecated. Use DataFrame.map instead.

[2026-01-18T03:29:30.098+0000] {warnings.py:112} WARNING - DataFrame.applymap has been deprecated. Use DataFrame.map instead.

[2026-01-18T03:29:31.364+0000] {warnings.py:112} WARNING - DataFrame.applymap has been deprecated. Use DataFrame.map instead.

[2026-01-18T03:29:32.655+0000] {warnings.py:112} WARNING - DataFrame.applymap has been deprecated. Use DataFrame.map instead.

[2026-01-18T03:29:33.695+0000] {base.py:84} INFO - Using connection ID 'minio_finance' for task execution.
[2026-01-18T03:29:33.695+0000] {connection_wrapper.py:384} INFO - AWS Connection (conn_id='minio_finance', conn_type='aws') credentials retrieved from login and password.
[2026-01-18T03:29:34.559+0000] {datalake_df2csv.py:52} INFO - ✅ Đã upload 18 dòng -> s3://thongtin-congty-va-bctc/overview/date=2026-01-11/batch_72.csv
[2026-01-18T03:29:34.560+0000] {taskinstance.py:441} INFO - ::group::Post task execution logs
[2026-01-18T03:29:34.570+0000] {taskinstance.py:1206} INFO - Marking task as SUCCESS. dag_id=company_overview_to_minio, task_id=ingest_overview, run_id=scheduled__2026-01-11T00:00:00+00:00, map_index=72, execution_date=20260111T000000, start_date=20260118T032855, end_date=20260118T032934
[2026-01-18T03:29:34.673+0000] {local_task_job_runner.py:243} INFO - Task exited with return code 0
[2026-01-18T03:29:34.700+0000] {taskinstance.py:3503} INFO - 0 downstream tasks scheduled from follow-on schedule check
[2026-01-18T03:29:34.703+0000] {local_task_job_runner.py:222} INFO - ::endgroup::
