[2026-02-05T14:04:48.048+0000] {local_task_job_runner.py:120} INFO - ::group::Pre task execution logs
[2026-02-05T14:04:48.234+0000] {taskinstance.py:2076} INFO - Dependencies all met for dep_context=non-requeueable deps ti=<TaskInstance: minio_to_db_sync.sync_electric_board scheduled__2026-02-04T03:00:00+00:00 [queued]>
[2026-02-05T14:04:48.292+0000] {taskinstance.py:2076} INFO - Dependencies all met for dep_context=requeueable deps ti=<TaskInstance: minio_to_db_sync.sync_electric_board scheduled__2026-02-04T03:00:00+00:00 [queued]>
[2026-02-05T14:04:48.321+0000] {taskinstance.py:2306} INFO - Starting attempt 2 of 3
[2026-02-05T14:04:48.393+0000] {taskinstance.py:2330} INFO - Executing <Task(_PythonDecoratedOperator): sync_electric_board> on 2026-02-04 03:00:00+00:00
[2026-02-05T14:04:48.442+0000] {warnings.py:112} WARNING - This process (pid=2890) is multi-threaded, use of fork() may lead to deadlocks in the child.

[2026-02-05T14:04:48.445+0000] {standard_task_runner.py:64} INFO - Started process 2989 to run task
[2026-02-05T14:04:48.462+0000] {standard_task_runner.py:90} INFO - Running: ['***', 'tasks', 'run', 'minio_to_db_sync', 'sync_electric_board', 'scheduled__2026-02-04T03:00:00+00:00', '--job-id', '18336', '--raw', '--subdir', 'DAGS_FOLDER/minio_to_db_sync.py', '--cfg-path', '/tmp/tmp8f8fpzji']
[2026-02-05T14:04:48.473+0000] {standard_task_runner.py:91} INFO - Job 18336: Subtask sync_electric_board
[2026-02-05T14:04:48.663+0000] {task_command.py:426} INFO - Running <TaskInstance: minio_to_db_sync.sync_electric_board scheduled__2026-02-04T03:00:00+00:00 [running]> on host f1dca83810e1
[2026-02-05T14:04:48.976+0000] {taskinstance.py:2648} INFO - Exporting env vars: AIRFLOW_CTX_DAG_OWNER='***' AIRFLOW_CTX_DAG_ID='minio_to_db_sync' AIRFLOW_CTX_TASK_ID='sync_electric_board' AIRFLOW_CTX_EXECUTION_DATE='2026-02-04T03:00:00+00:00' AIRFLOW_CTX_TRY_NUMBER='2' AIRFLOW_CTX_DAG_RUN_ID='scheduled__2026-02-04T03:00:00+00:00'
[2026-02-05T14:04:48.979+0000] {taskinstance.py:430} INFO - ::endgroup::
[2026-02-05T14:04:48.988+0000] {logging_mixin.py:188} INFO - ======================================================================
[2026-02-05T14:04:48.989+0000] {logging_mixin.py:188} INFO - 📊 SYNC ELECTRIC BOARD TO DATABASE
[2026-02-05T14:04:48.990+0000] {logging_mixin.py:188} INFO - ======================================================================
[2026-02-05T14:04:48.990+0000] {logging_mixin.py:188} INFO - 
[1/4] Finding latest partition...
[2026-02-05T14:04:49.028+0000] {base.py:84} INFO - Using connection ID 'minio_finance' for task execution.
[2026-02-05T14:04:49.034+0000] {connection_wrapper.py:384} INFO - AWS Connection (conn_id='minio_finance', conn_type='aws') credentials retrieved from login and password.
[2026-02-05T14:05:02.491+0000] {logging_mixin.py:188} INFO - 📂 Scanning 280 objects in thongtin-congty-va-bctc/electric_board_per_day/
[2026-02-05T14:05:02.493+0000] {logging_mixin.py:188} INFO - 📅 Found 8 valid date partition(s): ['2026-01-23', '2026-01-25', '2026-01-26', '2026-01-27', '2026-01-29', '2026-01-30', '2026-02-02', '2026-02-03']
[2026-02-05T14:05:02.495+0000] {logging_mixin.py:188} INFO - ✅ Latest partition selected: electric_board_per_day/2026-02-03/
[2026-02-05T14:05:02.497+0000] {logging_mixin.py:188} INFO - 
[2/4] Reading CSV files...
[2026-02-05T14:05:02.521+0000] {base.py:84} INFO - Using connection ID 'minio_finance' for task execution.
[2026-02-05T14:05:02.523+0000] {connection_wrapper.py:384} INFO - AWS Connection (conn_id='minio_finance', conn_type='aws') credentials retrieved from login and password.
[2026-02-05T14:05:03.542+0000] {logging_mixin.py:188} INFO - ✓ Found 35 CSV files in thongtin-congty-va-bctc/electric_board_per_day/2026-02-03/
[2026-02-05T14:05:03.563+0000] {base.py:84} INFO - Using connection ID 'minio_finance' for task execution.
[2026-02-05T14:05:03.566+0000] {connection_wrapper.py:384} INFO - AWS Connection (conn_id='minio_finance', conn_type='aws') credentials retrieved from login and password.
[2026-02-05T14:05:03.820+0000] {logging_mixin.py:188} INFO - ✓ Read 40 rows from electric_board_per_day/2026-02-03/batch_0.csv
[2026-02-05T14:05:03.840+0000] {base.py:84} INFO - Using connection ID 'minio_finance' for task execution.
[2026-02-05T14:05:03.842+0000] {connection_wrapper.py:384} INFO - AWS Connection (conn_id='minio_finance', conn_type='aws') credentials retrieved from login and password.
[2026-02-05T14:05:04.079+0000] {logging_mixin.py:188} INFO - ✓ Read 37 rows from electric_board_per_day/2026-02-03/batch_1.csv
[2026-02-05T14:05:04.093+0000] {base.py:84} INFO - Using connection ID 'minio_finance' for task execution.
[2026-02-05T14:05:04.095+0000] {connection_wrapper.py:384} INFO - AWS Connection (conn_id='minio_finance', conn_type='aws') credentials retrieved from login and password.
[2026-02-05T14:05:04.278+0000] {logging_mixin.py:188} INFO - ✓ Read 30 rows from electric_board_per_day/2026-02-03/batch_10.csv
[2026-02-05T14:05:04.298+0000] {base.py:84} INFO - Using connection ID 'minio_finance' for task execution.
[2026-02-05T14:05:04.304+0000] {connection_wrapper.py:384} INFO - AWS Connection (conn_id='minio_finance', conn_type='aws') credentials retrieved from login and password.
[2026-02-05T14:05:04.621+0000] {logging_mixin.py:188} INFO - ✓ Read 29 rows from electric_board_per_day/2026-02-03/batch_11.csv
[2026-02-05T14:05:04.638+0000] {base.py:84} INFO - Using connection ID 'minio_finance' for task execution.
[2026-02-05T14:05:04.639+0000] {connection_wrapper.py:384} INFO - AWS Connection (conn_id='minio_finance', conn_type='aws') credentials retrieved from login and password.
[2026-02-05T14:05:05.648+0000] {logging_mixin.py:188} INFO - ✓ Read 30 rows from electric_board_per_day/2026-02-03/batch_12.csv
[2026-02-05T14:05:05.663+0000] {base.py:84} INFO - Using connection ID 'minio_finance' for task execution.
[2026-02-05T14:05:05.664+0000] {connection_wrapper.py:384} INFO - AWS Connection (conn_id='minio_finance', conn_type='aws') credentials retrieved from login and password.
[2026-02-05T14:05:05.960+0000] {logging_mixin.py:188} INFO - ✓ Read 37 rows from electric_board_per_day/2026-02-03/batch_13.csv
[2026-02-05T14:05:05.981+0000] {base.py:84} INFO - Using connection ID 'minio_finance' for task execution.
[2026-02-05T14:05:05.991+0000] {connection_wrapper.py:384} INFO - AWS Connection (conn_id='minio_finance', conn_type='aws') credentials retrieved from login and password.
[2026-02-05T14:05:06.208+0000] {logging_mixin.py:188} INFO - ✓ Read 35 rows from electric_board_per_day/2026-02-03/batch_14.csv
[2026-02-05T14:05:06.229+0000] {base.py:84} INFO - Using connection ID 'minio_finance' for task execution.
[2026-02-05T14:05:06.233+0000] {connection_wrapper.py:384} INFO - AWS Connection (conn_id='minio_finance', conn_type='aws') credentials retrieved from login and password.
[2026-02-05T14:05:06.516+0000] {logging_mixin.py:188} INFO - ✓ Read 33 rows from electric_board_per_day/2026-02-03/batch_15.csv
[2026-02-05T14:05:06.532+0000] {base.py:84} INFO - Using connection ID 'minio_finance' for task execution.
[2026-02-05T14:05:06.539+0000] {connection_wrapper.py:384} INFO - AWS Connection (conn_id='minio_finance', conn_type='aws') credentials retrieved from login and password.
[2026-02-05T14:05:06.759+0000] {logging_mixin.py:188} INFO - ✓ Read 39 rows from electric_board_per_day/2026-02-03/batch_16.csv
[2026-02-05T14:05:06.771+0000] {base.py:84} INFO - Using connection ID 'minio_finance' for task execution.
[2026-02-05T14:05:06.787+0000] {connection_wrapper.py:384} INFO - AWS Connection (conn_id='minio_finance', conn_type='aws') credentials retrieved from login and password.
[2026-02-05T14:05:07.031+0000] {logging_mixin.py:188} INFO - ✓ Read 35 rows from electric_board_per_day/2026-02-03/batch_17.csv
[2026-02-05T14:05:07.047+0000] {base.py:84} INFO - Using connection ID 'minio_finance' for task execution.
[2026-02-05T14:05:07.048+0000] {connection_wrapper.py:384} INFO - AWS Connection (conn_id='minio_finance', conn_type='aws') credentials retrieved from login and password.
[2026-02-05T14:05:07.272+0000] {logging_mixin.py:188} INFO - ✓ Read 26 rows from electric_board_per_day/2026-02-03/batch_18.csv
[2026-02-05T14:05:07.295+0000] {base.py:84} INFO - Using connection ID 'minio_finance' for task execution.
[2026-02-05T14:05:07.305+0000] {connection_wrapper.py:384} INFO - AWS Connection (conn_id='minio_finance', conn_type='aws') credentials retrieved from login and password.
[2026-02-05T14:05:07.575+0000] {logging_mixin.py:188} INFO - ✓ Read 30 rows from electric_board_per_day/2026-02-03/batch_19.csv
[2026-02-05T14:05:07.594+0000] {base.py:84} INFO - Using connection ID 'minio_finance' for task execution.
[2026-02-05T14:05:07.599+0000] {connection_wrapper.py:384} INFO - AWS Connection (conn_id='minio_finance', conn_type='aws') credentials retrieved from login and password.
[2026-02-05T14:05:07.870+0000] {logging_mixin.py:188} INFO - ✓ Read 31 rows from electric_board_per_day/2026-02-03/batch_2.csv
[2026-02-05T14:05:07.887+0000] {base.py:84} INFO - Using connection ID 'minio_finance' for task execution.
[2026-02-05T14:05:07.889+0000] {connection_wrapper.py:384} INFO - AWS Connection (conn_id='minio_finance', conn_type='aws') credentials retrieved from login and password.
[2026-02-05T14:05:08.096+0000] {logging_mixin.py:188} INFO - ✓ Read 34 rows from electric_board_per_day/2026-02-03/batch_20.csv
[2026-02-05T14:05:08.113+0000] {base.py:84} INFO - Using connection ID 'minio_finance' for task execution.
[2026-02-05T14:05:08.115+0000] {connection_wrapper.py:384} INFO - AWS Connection (conn_id='minio_finance', conn_type='aws') credentials retrieved from login and password.
[2026-02-05T14:05:08.310+0000] {logging_mixin.py:188} INFO - ✓ Read 31 rows from electric_board_per_day/2026-02-03/batch_21.csv
[2026-02-05T14:05:08.322+0000] {base.py:84} INFO - Using connection ID 'minio_finance' for task execution.
[2026-02-05T14:05:08.324+0000] {connection_wrapper.py:384} INFO - AWS Connection (conn_id='minio_finance', conn_type='aws') credentials retrieved from login and password.
[2026-02-05T14:05:08.583+0000] {logging_mixin.py:188} INFO - ✓ Read 30 rows from electric_board_per_day/2026-02-03/batch_22.csv
[2026-02-05T14:05:08.601+0000] {base.py:84} INFO - Using connection ID 'minio_finance' for task execution.
[2026-02-05T14:05:08.602+0000] {connection_wrapper.py:384} INFO - AWS Connection (conn_id='minio_finance', conn_type='aws') credentials retrieved from login and password.
[2026-02-05T14:05:08.797+0000] {logging_mixin.py:188} INFO - ✓ Read 34 rows from electric_board_per_day/2026-02-03/batch_23.csv
[2026-02-05T14:05:08.809+0000] {base.py:84} INFO - Using connection ID 'minio_finance' for task execution.
[2026-02-05T14:05:08.810+0000] {connection_wrapper.py:384} INFO - AWS Connection (conn_id='minio_finance', conn_type='aws') credentials retrieved from login and password.
[2026-02-05T14:05:09.846+0000] {logging_mixin.py:188} INFO - ✓ Read 36 rows from electric_board_per_day/2026-02-03/batch_24.csv
[2026-02-05T14:05:09.865+0000] {base.py:84} INFO - Using connection ID 'minio_finance' for task execution.
[2026-02-05T14:05:09.870+0000] {connection_wrapper.py:384} INFO - AWS Connection (conn_id='minio_finance', conn_type='aws') credentials retrieved from login and password.
[2026-02-05T14:05:10.553+0000] {logging_mixin.py:188} INFO - ✓ Read 32 rows from electric_board_per_day/2026-02-03/batch_25.csv
[2026-02-05T14:05:10.576+0000] {base.py:84} INFO - Using connection ID 'minio_finance' for task execution.
[2026-02-05T14:05:10.577+0000] {connection_wrapper.py:384} INFO - AWS Connection (conn_id='minio_finance', conn_type='aws') credentials retrieved from login and password.
[2026-02-05T14:05:10.808+0000] {logging_mixin.py:188} INFO - ✓ Read 33 rows from electric_board_per_day/2026-02-03/batch_26.csv
[2026-02-05T14:05:10.820+0000] {base.py:84} INFO - Using connection ID 'minio_finance' for task execution.
[2026-02-05T14:05:10.822+0000] {connection_wrapper.py:384} INFO - AWS Connection (conn_id='minio_finance', conn_type='aws') credentials retrieved from login and password.
[2026-02-05T14:05:11.008+0000] {logging_mixin.py:188} INFO - ✓ Read 32 rows from electric_board_per_day/2026-02-03/batch_27.csv
[2026-02-05T14:05:11.025+0000] {base.py:84} INFO - Using connection ID 'minio_finance' for task execution.
[2026-02-05T14:05:11.027+0000] {connection_wrapper.py:384} INFO - AWS Connection (conn_id='minio_finance', conn_type='aws') credentials retrieved from login and password.
[2026-02-05T14:05:11.251+0000] {logging_mixin.py:188} INFO - ✓ Read 34 rows from electric_board_per_day/2026-02-03/batch_28.csv
[2026-02-05T14:05:11.270+0000] {base.py:84} INFO - Using connection ID 'minio_finance' for task execution.
[2026-02-05T14:05:11.271+0000] {connection_wrapper.py:384} INFO - AWS Connection (conn_id='minio_finance', conn_type='aws') credentials retrieved from login and password.
[2026-02-05T14:05:11.508+0000] {logging_mixin.py:188} INFO - ✓ Read 40 rows from electric_board_per_day/2026-02-03/batch_29.csv
[2026-02-05T14:05:11.523+0000] {base.py:84} INFO - Using connection ID 'minio_finance' for task execution.
[2026-02-05T14:05:11.524+0000] {connection_wrapper.py:384} INFO - AWS Connection (conn_id='minio_finance', conn_type='aws') credentials retrieved from login and password.
[2026-02-05T14:05:11.714+0000] {logging_mixin.py:188} INFO - ✓ Read 32 rows from electric_board_per_day/2026-02-03/batch_3.csv
[2026-02-05T14:05:11.739+0000] {base.py:84} INFO - Using connection ID 'minio_finance' for task execution.
[2026-02-05T14:05:11.742+0000] {connection_wrapper.py:384} INFO - AWS Connection (conn_id='minio_finance', conn_type='aws') credentials retrieved from login and password.
[2026-02-05T14:05:11.996+0000] {logging_mixin.py:188} INFO - ✓ Read 29 rows from electric_board_per_day/2026-02-03/batch_30.csv
[2026-02-05T14:05:12.012+0000] {base.py:84} INFO - Using connection ID 'minio_finance' for task execution.
[2026-02-05T14:05:12.015+0000] {connection_wrapper.py:384} INFO - AWS Connection (conn_id='minio_finance', conn_type='aws') credentials retrieved from login and password.
[2026-02-05T14:05:12.242+0000] {logging_mixin.py:188} INFO - ✓ Read 38 rows from electric_board_per_day/2026-02-03/batch_31.csv
[2026-02-05T14:05:12.256+0000] {base.py:84} INFO - Using connection ID 'minio_finance' for task execution.
[2026-02-05T14:05:12.261+0000] {connection_wrapper.py:384} INFO - AWS Connection (conn_id='minio_finance', conn_type='aws') credentials retrieved from login and password.
[2026-02-05T14:05:12.494+0000] {logging_mixin.py:188} INFO - ✓ Read 33 rows from electric_board_per_day/2026-02-03/batch_32.csv
[2026-02-05T14:05:12.511+0000] {base.py:84} INFO - Using connection ID 'minio_finance' for task execution.
[2026-02-05T14:05:12.514+0000] {connection_wrapper.py:384} INFO - AWS Connection (conn_id='minio_finance', conn_type='aws') credentials retrieved from login and password.
[2026-02-05T14:05:12.748+0000] {logging_mixin.py:188} INFO - ✓ Read 33 rows from electric_board_per_day/2026-02-03/batch_33.csv
[2026-02-05T14:05:12.767+0000] {base.py:84} INFO - Using connection ID 'minio_finance' for task execution.
[2026-02-05T14:05:12.768+0000] {connection_wrapper.py:384} INFO - AWS Connection (conn_id='minio_finance', conn_type='aws') credentials retrieved from login and password.
[2026-02-05T14:05:13.046+0000] {logging_mixin.py:188} INFO - ✓ Read 29 rows from electric_board_per_day/2026-02-03/batch_34.csv
[2026-02-05T14:05:13.058+0000] {base.py:84} INFO - Using connection ID 'minio_finance' for task execution.
[2026-02-05T14:05:13.059+0000] {connection_wrapper.py:384} INFO - AWS Connection (conn_id='minio_finance', conn_type='aws') credentials retrieved from login and password.
[2026-02-05T14:05:13.314+0000] {logging_mixin.py:188} INFO - ✓ Read 34 rows from electric_board_per_day/2026-02-03/batch_4.csv
[2026-02-05T14:05:13.326+0000] {base.py:84} INFO - Using connection ID 'minio_finance' for task execution.
[2026-02-05T14:05:13.327+0000] {connection_wrapper.py:384} INFO - AWS Connection (conn_id='minio_finance', conn_type='aws') credentials retrieved from login and password.
[2026-02-05T14:05:14.352+0000] {logging_mixin.py:188} INFO - ✓ Read 35 rows from electric_board_per_day/2026-02-03/batch_5.csv
[2026-02-05T14:05:14.364+0000] {base.py:84} INFO - Using connection ID 'minio_finance' for task execution.
[2026-02-05T14:05:14.366+0000] {connection_wrapper.py:384} INFO - AWS Connection (conn_id='minio_finance', conn_type='aws') credentials retrieved from login and password.
[2026-02-05T14:05:14.555+0000] {logging_mixin.py:188} INFO - ✓ Read 31 rows from electric_board_per_day/2026-02-03/batch_6.csv
[2026-02-05T14:05:14.567+0000] {base.py:84} INFO - Using connection ID 'minio_finance' for task execution.
[2026-02-05T14:05:14.568+0000] {connection_wrapper.py:384} INFO - AWS Connection (conn_id='minio_finance', conn_type='aws') credentials retrieved from login and password.
[2026-02-05T14:05:14.776+0000] {logging_mixin.py:188} INFO - ✓ Read 32 rows from electric_board_per_day/2026-02-03/batch_7.csv
[2026-02-05T14:05:14.786+0000] {base.py:84} INFO - Using connection ID 'minio_finance' for task execution.
[2026-02-05T14:05:14.788+0000] {connection_wrapper.py:384} INFO - AWS Connection (conn_id='minio_finance', conn_type='aws') credentials retrieved from login and password.
[2026-02-05T14:05:15.022+0000] {logging_mixin.py:188} INFO - ✓ Read 29 rows from electric_board_per_day/2026-02-03/batch_8.csv
[2026-02-05T14:05:15.036+0000] {base.py:84} INFO - Using connection ID 'minio_finance' for task execution.
[2026-02-05T14:05:15.038+0000] {connection_wrapper.py:384} INFO - AWS Connection (conn_id='minio_finance', conn_type='aws') credentials retrieved from login and password.
[2026-02-05T14:05:15.263+0000] {logging_mixin.py:188} INFO - ✓ Read 38 rows from electric_board_per_day/2026-02-03/batch_9.csv
[2026-02-05T14:05:15.278+0000] {logging_mixin.py:188} INFO - ✓ Concatenated 35 files into 1161 total rows
[2026-02-05T14:05:15.281+0000] {logging_mixin.py:188} INFO - Loaded 1161 rows
[2026-02-05T14:05:15.283+0000] {logging_mixin.py:188} INFO - 
[3/4] Transforming data...
[2026-02-05T14:05:15.335+0000] {logging_mixin.py:188} INFO - After cleaning: 1161 rows
[2026-02-05T14:05:15.337+0000] {logging_mixin.py:188} INFO - 
[4/4] Inserting into database...
[2026-02-05T14:05:15.409+0000] {logging_mixin.py:188} INFO - ✓ Schema hethong_phantich_chungkhoan ensured
[2026-02-05T14:05:15.414+0000] {logging_mixin.py:188} INFO - ✓ Table hethong_phantich_chungkhoan.electric_board ensured
[2026-02-05T14:05:16.075+0000] {logging_mixin.py:188} INFO - ❌ Error: there is no unique or exclusion constraint matching the ON CONFLICT specification
[2026-02-05T14:05:16.076+0000] {taskinstance.py:441} INFO - ::group::Post task execution logs
[2026-02-05T14:05:16.078+0000] {taskinstance.py:2905} ERROR - Task failed with exception
Traceback (most recent call last):
  File "/home/airflow/.local/lib/python3.12/site-packages/airflow/models/taskinstance.py", line 465, in _execute_task
    result = _execute_callable(context=context, **execute_callable_kwargs)
             ^^^^^^^^^^^^^^^^^^^^^^^^^^^^^^^^^^^^^^^^^^^^^^^^^^^^^^^^^^^^^
  File "/home/airflow/.local/lib/python3.12/site-packages/airflow/models/taskinstance.py", line 432, in _execute_callable
    return execute_callable(context=context, **execute_callable_kwargs)
           ^^^^^^^^^^^^^^^^^^^^^^^^^^^^^^^^^^^^^^^^^^^^^^^^^^^^^^^^^^^^
  File "/home/airflow/.local/lib/python3.12/site-packages/airflow/models/baseoperator.py", line 401, in wrapper
    return func(self, *args, **kwargs)
           ^^^^^^^^^^^^^^^^^^^^^^^^^^^
  File "/home/airflow/.local/lib/python3.12/site-packages/airflow/decorators/base.py", line 265, in execute
    return_value = super().execute(context)
                   ^^^^^^^^^^^^^^^^^^^^^^^^
  File "/home/airflow/.local/lib/python3.12/site-packages/airflow/models/baseoperator.py", line 401, in wrapper
    return func(self, *args, **kwargs)
           ^^^^^^^^^^^^^^^^^^^^^^^^^^^
  File "/home/airflow/.local/lib/python3.12/site-packages/airflow/operators/python.py", line 235, in execute
    return_value = self.execute_callable()
                   ^^^^^^^^^^^^^^^^^^^^^^^
  File "/home/airflow/.local/lib/python3.12/site-packages/airflow/operators/python.py", line 252, in execute_callable
    return self.python_callable(*self.op_args, **self.op_kwargs)
           ^^^^^^^^^^^^^^^^^^^^^^^^^^^^^^^^^^^^^^^^^^^^^^^^^^^^^
  File "/opt/airflow/dags/minio_to_db_sync.py", line 147, in task_sync_electric_board
    return sync_electric_board_to_db(
           ^^^^^^^^^^^^^^^^^^^^^^^^^^
  File "/opt/airflow/plugins/lake_to_dwh/sync_electric_board.py", line 235, in sync_electric_board_to_db
    execute_values(cur, upsert_sql, rows, page_size=1000)
  File "/home/airflow/.local/lib/python3.12/site-packages/psycopg2/extras.py", line 1299, in execute_values
    cur.execute(b''.join(parts))
psycopg2.errors.InvalidColumnReference: there is no unique or exclusion constraint matching the ON CONFLICT specification

[2026-02-05T14:05:16.109+0000] {taskinstance.py:1206} INFO - Marking task as UP_FOR_RETRY. dag_id=minio_to_db_sync, task_id=sync_electric_board, run_id=scheduled__2026-02-04T03:00:00+00:00, execution_date=20260204T030000, start_date=20260205T140448, end_date=20260205T140516
[2026-02-05T14:05:16.247+0000] {standard_task_runner.py:110} ERROR - Failed to execute job 18336 for task sync_electric_board (there is no unique or exclusion constraint matching the ON CONFLICT specification
; 2989)
[2026-02-05T14:05:16.333+0000] {local_task_job_runner.py:243} INFO - Task exited with return code 1
[2026-02-05T14:05:16.389+0000] {taskinstance.py:3503} INFO - 0 downstream tasks scheduled from follow-on schedule check
[2026-02-05T14:05:16.401+0000] {local_task_job_runner.py:222} INFO - ::endgroup::
