[2026-04-28T01:51:28.475+0000] {local_task_job_runner.py:120} INFO - ::group::Pre task execution logs
[2026-04-28T01:51:28.617+0000] {taskinstance.py:2076} INFO - Dependencies all met for dep_context=non-requeueable deps ti=<TaskInstance: daily_price.ingest_daily_price scheduled__2026-04-24T16:00:00+00:00 map_index=163 [queued]>
[2026-04-28T01:51:28.723+0000] {taskinstance.py:2076} INFO - Dependencies all met for dep_context=requeueable deps ti=<TaskInstance: daily_price.ingest_daily_price scheduled__2026-04-24T16:00:00+00:00 map_index=163 [queued]>
[2026-04-28T01:51:28.724+0000] {taskinstance.py:2306} INFO - Starting attempt 1 of 2
[2026-04-28T01:51:28.804+0000] {taskinstance.py:2330} INFO - Executing <Mapped(DfToCsvOperator): ingest_daily_price> on 2026-04-24 16:00:00+00:00
[2026-04-28T01:51:28.897+0000] {warnings.py:112} WARNING - This process (pid=1352) is multi-threaded, use of fork() may lead to deadlocks in the child.

[2026-04-28T01:51:28.921+0000] {standard_task_runner.py:64} INFO - Started process 1405 to run task
[2026-04-28T01:51:29.022+0000] {standard_task_runner.py:90} INFO - Running: ['***', 'tasks', 'run', 'daily_price', 'ingest_daily_price', 'scheduled__2026-04-24T16:00:00+00:00', '--job-id', '45620', '--raw', '--subdir', 'DAGS_FOLDER/dl_dailly_price.py', '--cfg-path', '/tmp/tmpnyjltxli', '--map-index', '163']
[2026-04-28T01:51:29.083+0000] {standard_task_runner.py:91} INFO - Job 45620: Subtask ingest_daily_price
[2026-04-28T01:51:30.236+0000] {task_command.py:426} INFO - Running <TaskInstance: daily_price.ingest_daily_price scheduled__2026-04-24T16:00:00+00:00 map_index=163 [running]> on host 2c72c62453dc
[2026-04-28T01:51:32.580+0000] {taskinstance.py:2648} INFO - Exporting env vars: AIRFLOW_CTX_DAG_OWNER='***' AIRFLOW_CTX_DAG_ID='daily_price' AIRFLOW_CTX_TASK_ID='ingest_daily_price' AIRFLOW_CTX_EXECUTION_DATE='2026-04-24T16:00:00+00:00' AIRFLOW_CTX_TRY_NUMBER='1' AIRFLOW_CTX_DAG_RUN_ID='scheduled__2026-04-24T16:00:00+00:00'
[2026-04-28T01:51:32.597+0000] {taskinstance.py:430} INFO - ::endgroup::
[2026-04-28T01:51:32.605+0000] {datalake_df2csv.py:40} INFO - ================================================================================
[2026-04-28T01:51:32.608+0000] {datalake_df2csv.py:41} INFO - 🚀 BẮT ĐẦU TASK: ingest_daily_price
[2026-04-28T01:51:32.612+0000] {datalake_df2csv.py:42} INFO - ================================================================================
[2026-04-28T01:51:32.612+0000] {datalake_df2csv.py:43} INFO - 📋 Thông tin cấu hình:
[2026-04-28T01:51:32.613+0000] {datalake_df2csv.py:44} INFO -   - Logic file: history_price
[2026-04-28T01:51:32.613+0000] {datalake_df2csv.py:45} INFO -   - DataFrame name: get_history_price_batch
[2026-04-28T01:51:32.613+0000] {datalake_df2csv.py:46} INFO -   - Bucket: thongtin-congty-va-bctc
[2026-04-28T01:51:32.615+0000] {datalake_df2csv.py:47} INFO -   - Object path: daily_price/2026-04-24/batch_163.csv
[2026-04-28T01:51:32.616+0000] {datalake_df2csv.py:48} INFO -   - Connection ID: minio_finance
[2026-04-28T01:51:32.616+0000] {datalake_df2csv.py:49} INFO -   - Tham số truyền vào: {'symbols': ['VLW', 'HAG', 'HTT', 'CMN', 'FGL'], 'start_date': '2026-04-24', 'end_date': '2026-04-25'}
[2026-04-28T01:51:32.617+0000] {datalake_df2csv.py:50} INFO - --------------------------------------------------------------------------------
[2026-04-28T01:51:32.617+0000] {datalake_df2csv.py:54} INFO - 📥 Bước 1: Đang load dữ liệu từ logic file...
[2026-04-28T01:51:32.632+0000] {datalake_df2csv.py:148} INFO -   - Logic directory: /opt/airflow/plugins/logic
[2026-04-28T01:51:32.633+0000] {datalake_df2csv.py:149} INFO -   - Module path: /opt/airflow/plugins/logic/history_price.py
[2026-04-28T01:51:32.634+0000] {datalake_df2csv.py:153} INFO -   - Đã thêm logic directory vào sys.path
[2026-04-28T01:51:32.647+0000] {datalake_df2csv.py:159} INFO -   - Đang load module 'history_price'...
[2026-04-28T01:51:32.656+0000] {datalake_df2csv.py:163} INFO -   - ✅ Module loaded thành công
[2026-04-28T01:51:32.660+0000] {datalake_df2csv.py:165} INFO -   - Đang tìm DataFrame/function: 'get_history_price_batch'...
[2026-04-28T01:51:32.664+0000] {datalake_df2csv.py:170} INFO -   - ✅ Tìm thấy object: function
[2026-04-28T01:51:32.673+0000] {datalake_df2csv.py:173} INFO -   - Đang gọi function với tham số: {'symbols': ['VLW', 'HAG', 'HTT', 'CMN', 'FGL'], 'start_date': '2026-04-24', 'end_date': '2026-04-25'}
[2026-04-28T01:51:39.634+0000] {datalake_df2csv.py:68} INFO - ✅ Load dữ liệu thành công!
[2026-04-28T01:51:39.651+0000] {datalake_df2csv.py:69} INFO - 📊 Thông tin DataFrame:
[2026-04-28T01:51:39.663+0000] {datalake_df2csv.py:70} INFO -   - Số dòng: 10
[2026-04-28T01:51:39.679+0000] {datalake_df2csv.py:71} INFO -   - Số cột: 7
[2026-04-28T01:51:39.688+0000] {datalake_df2csv.py:72} INFO -   - Tên các cột: ['ticker', 'trading_date', 'open', 'high', 'low', 'close', 'volume']
[2026-04-28T01:51:39.691+0000] {datalake_df2csv.py:73} INFO -   - Kiểu dữ liệu: {'ticker': 'object', 'trading_date': 'object', 'open': 'float64', 'high': 'float64', 'low': 'float64', 'close': 'float64', 'volume': 'int64'}
[2026-04-28T01:51:39.704+0000] {datalake_df2csv.py:74} INFO -   - Bộ nhớ sử dụng: 0.00 MB
[2026-04-28T01:51:39.735+0000] {datalake_df2csv.py:83} INFO -   - Không có giá trị NULL
[2026-04-28T01:51:39.744+0000] {datalake_df2csv.py:86} INFO -   - Mẫu dữ liệu (5 dòng đầu):
[2026-04-28T01:51:39.746+0000] {datalake_df2csv.py:88} INFO -     Row 0: {'ticker': 'VLW', 'trading_date': '2026-04-16', 'open': 49.9, 'high': 49.9, 'low': 49.9, 'close': 49.9, 'volume': 100}
[2026-04-28T01:51:39.747+0000] {datalake_df2csv.py:88} INFO -     Row 1: {'ticker': 'VLW', 'trading_date': '2026-04-20', 'open': 42.5, 'high': 42.5, 'low': 42.5, 'close': 42.5, 'volume': 200}
[2026-04-28T01:51:39.750+0000] {datalake_df2csv.py:88} INFO -     Row 2: {'ticker': 'HAG', 'trading_date': '2026-04-23', 'open': 16.35, 'high': 16.45, 'low': 16.1, 'close': 16.35, 'volume': 3209700}
[2026-04-28T01:51:39.755+0000] {datalake_df2csv.py:88} INFO -     Row 3: {'ticker': 'HAG', 'trading_date': '2026-04-24', 'open': 16.25, 'high': 16.35, 'low': 16.1, 'close': 16.3, 'volume': 2651700}
[2026-04-28T01:51:39.764+0000] {datalake_df2csv.py:88} INFO -     Row 4: {'ticker': 'HTT', 'trading_date': '2026-04-17', 'open': 1.3, 'high': 1.5, 'low': 1.3, 'close': 1.5, 'volume': 2900}
[2026-04-28T01:51:39.767+0000] {datalake_df2csv.py:90} INFO - --------------------------------------------------------------------------------
[2026-04-28T01:51:39.768+0000] {datalake_df2csv.py:93} INFO - 📝 Bước 2: Đang chuyển đổi DataFrame sang CSV...
[2026-04-28T01:51:39.818+0000] {datalake_df2csv.py:97} INFO - ✅ Chuyển đổi CSV thành công!
[2026-04-28T01:51:39.823+0000] {datalake_df2csv.py:98} INFO -   - Kích thước file: 0.00 MB
[2026-04-28T01:51:39.828+0000] {datalake_df2csv.py:99} INFO -   - Thời gian chuyển đổi: 0.04 giây
[2026-04-28T01:51:39.831+0000] {datalake_df2csv.py:100} INFO - --------------------------------------------------------------------------------
[2026-04-28T01:51:39.832+0000] {datalake_df2csv.py:103} INFO - ☁️  Bước 3: Đang upload lên MinIO/S3...
[2026-04-28T01:51:39.915+0000] {base.py:84} INFO - Using connection ID 'minio_finance' for task execution.
[2026-04-28T01:51:39.919+0000] {connection_wrapper.py:384} INFO - AWS Connection (conn_id='minio_finance', conn_type='aws') credentials retrieved from login and password.
[2026-04-28T01:51:42.621+0000] {datalake_df2csv.py:112} INFO -   - Bucket 'thongtin-congty-va-bctc' đã tồn tại
[2026-04-28T01:51:42.992+0000] {datalake_df2csv.py:117} INFO - ✅ Upload thành công!
[2026-04-28T01:51:42.993+0000] {datalake_df2csv.py:118} INFO -   - Đường dẫn: s3://thongtin-congty-va-bctc/daily_price/2026-04-24/batch_163.csv
[2026-04-28T01:51:42.994+0000] {datalake_df2csv.py:119} INFO -   - Số dòng: 10
[2026-04-28T01:51:42.995+0000] {datalake_df2csv.py:120} INFO -   - Thời gian upload: 3.15 giây
[2026-04-28T01:51:42.996+0000] {datalake_df2csv.py:121} INFO - --------------------------------------------------------------------------------
[2026-04-28T01:51:42.996+0000] {datalake_df2csv.py:125} INFO - 📈 TỔNG KẾT:
[2026-04-28T01:51:42.997+0000] {datalake_df2csv.py:126} INFO -   - Tổng thời gian thực thi: 10.39 giây
[2026-04-28T01:51:42.998+0000] {datalake_df2csv.py:127} INFO -   - Tốc độ xử lý: 1 dòng/giây
[2026-04-28T01:51:43.014+0000] {datalake_df2csv.py:128} INFO - ================================================================================
[2026-04-28T01:51:43.029+0000] {datalake_df2csv.py:129} INFO - ✅ HOÀN THÀNH TASK: ingest_daily_price
[2026-04-28T01:51:43.033+0000] {datalake_df2csv.py:130} INFO - ================================================================================
[2026-04-28T01:51:43.037+0000] {taskinstance.py:441} INFO - ::group::Post task execution logs
[2026-04-28T01:51:43.147+0000] {taskinstance.py:1206} INFO - Marking task as SUCCESS. dag_id=daily_price, task_id=ingest_daily_price, run_id=scheduled__2026-04-24T16:00:00+00:00, map_index=163, execution_date=20260424T160000, start_date=20260428T015128, end_date=20260428T015143
[2026-04-28T01:51:43.430+0000] {local_task_job_runner.py:243} INFO - Task exited with return code 0
[2026-04-28T01:51:43.597+0000] {taskinstance.py:3503} INFO - 0 downstream tasks scheduled from follow-on schedule check
[2026-04-28T01:51:43.644+0000] {local_task_job_runner.py:222} INFO - ::endgroup::
