[2026-02-12T14:15:56.412+0000] {local_task_job_runner.py:120} INFO - ::group::Pre task execution logs
[2026-02-12T14:15:56.441+0000] {taskinstance.py:2076} INFO - Dependencies all met for dep_context=non-requeueable deps ti=<TaskInstance: company_overview_to_minio.ingest_overview scheduled__2026-02-01T00:00:00+00:00 map_index=26 [queued]>
[2026-02-12T14:15:56.459+0000] {taskinstance.py:2076} INFO - Dependencies all met for dep_context=requeueable deps ti=<TaskInstance: company_overview_to_minio.ingest_overview scheduled__2026-02-01T00:00:00+00:00 map_index=26 [queued]>
[2026-02-12T14:15:56.460+0000] {taskinstance.py:2306} INFO - Starting attempt 1 of 2
[2026-02-12T14:15:56.482+0000] {taskinstance.py:2330} INFO - Executing <Mapped(DfToCsvOperator): ingest_overview> on 2026-02-01 00:00:00+00:00
[2026-02-12T14:15:56.494+0000] {warnings.py:112} WARNING - This process (pid=1592) is multi-threaded, use of fork() may lead to deadlocks in the child.

[2026-02-12T14:15:56.497+0000] {standard_task_runner.py:64} INFO - Started process 1620 to run task
[2026-02-12T14:15:56.502+0000] {standard_task_runner.py:90} INFO - Running: ['***', 'tasks', 'run', 'company_overview_to_minio', 'ingest_overview', 'scheduled__2026-02-01T00:00:00+00:00', '--job-id', '20684', '--raw', '--subdir', 'DAGS_FOLDER/dl_overview.py', '--cfg-path', '/tmp/tmp0078_tmu', '--map-index', '26']
[2026-02-12T14:15:56.505+0000] {standard_task_runner.py:91} INFO - Job 20684: Subtask ingest_overview
[2026-02-12T14:15:56.567+0000] {task_command.py:426} INFO - Running <TaskInstance: company_overview_to_minio.ingest_overview scheduled__2026-02-01T00:00:00+00:00 map_index=26 [running]> on host fe54ecce8de4
[2026-02-12T14:15:56.709+0000] {taskinstance.py:2648} INFO - Exporting env vars: AIRFLOW_CTX_DAG_OWNER='***' AIRFLOW_CTX_DAG_ID='company_overview_to_minio' AIRFLOW_CTX_TASK_ID='ingest_overview' AIRFLOW_CTX_EXECUTION_DATE='2026-02-01T00:00:00+00:00' AIRFLOW_CTX_TRY_NUMBER='1' AIRFLOW_CTX_DAG_RUN_ID='scheduled__2026-02-01T00:00:00+00:00'
[2026-02-12T14:15:56.710+0000] {taskinstance.py:430} INFO - ::endgroup::
[2026-02-12T14:15:56.711+0000] {datalake_df2csv.py:40} INFO - ================================================================================
[2026-02-12T14:15:56.711+0000] {datalake_df2csv.py:41} INFO - 🚀 BẮT ĐẦU TASK: ingest_overview
[2026-02-12T14:15:56.712+0000] {datalake_df2csv.py:42} INFO - ================================================================================
[2026-02-12T14:15:56.712+0000] {datalake_df2csv.py:43} INFO - 📋 Thông tin cấu hình:
[2026-02-12T14:15:56.712+0000] {datalake_df2csv.py:44} INFO -   - Logic file: thongtincongty
[2026-02-12T14:15:56.713+0000] {datalake_df2csv.py:45} INFO -   - DataFrame name: get_overview_batch
[2026-02-12T14:15:56.713+0000] {datalake_df2csv.py:46} INFO -   - Bucket: thongtin-congty-va-bctc
[2026-02-12T14:15:56.713+0000] {datalake_df2csv.py:47} INFO -   - Object path: overview/2026-02-01/batch_26.csv
[2026-02-12T14:15:56.714+0000] {datalake_df2csv.py:48} INFO -   - Connection ID: minio_finance
[2026-02-12T14:15:56.714+0000] {datalake_df2csv.py:49} INFO -   - Tham số truyền vào: {'symbols': ['DHC', 'TKC', 'CTP', 'CDO', 'NDW', 'MDF', 'CLX', 'NS2', 'SMT', 'VNE', 'GLW', 'LBE', 'MTS', 'IFS', 'PNC', 'CMS', 'DQC', 'BWE', 'PPP', 'BMJ']}
[2026-02-12T14:15:56.714+0000] {datalake_df2csv.py:50} INFO - --------------------------------------------------------------------------------
[2026-02-12T14:15:56.715+0000] {datalake_df2csv.py:54} INFO - 📥 Bước 1: Đang load dữ liệu từ logic file...
[2026-02-12T14:15:56.717+0000] {datalake_df2csv.py:148} INFO -   - Logic directory: /opt/airflow/plugins/logic
[2026-02-12T14:15:56.718+0000] {datalake_df2csv.py:149} INFO -   - Module path: /opt/airflow/plugins/logic/thongtincongty.py
[2026-02-12T14:15:56.719+0000] {datalake_df2csv.py:153} INFO -   - Đã thêm logic directory vào sys.path
[2026-02-12T14:15:56.720+0000] {datalake_df2csv.py:159} INFO -   - Đang load module 'thongtincongty'...
[2026-02-12T14:15:56.725+0000] {datalake_df2csv.py:163} INFO -   - ✅ Module loaded thành công
[2026-02-12T14:15:56.726+0000] {datalake_df2csv.py:165} INFO -   - Đang tìm DataFrame/function: 'get_overview_batch'...
[2026-02-12T14:15:56.726+0000] {datalake_df2csv.py:170} INFO -   - ✅ Tìm thấy object: function
[2026-02-12T14:15:56.727+0000] {datalake_df2csv.py:173} INFO -   - Đang gọi function với tham số: {'symbols': ['DHC', 'TKC', 'CTP', 'CDO', 'NDW', 'MDF', 'CLX', 'NS2', 'SMT', 'VNE', 'GLW', 'LBE', 'MTS', 'IFS', 'PNC', 'CMS', 'DQC', 'BWE', 'PPP', 'BMJ']}
[2026-02-12T14:16:23.168+0000] {log.py:232} WARNING - 2026-02-12 14:16:23 - vnstock.core.utils.client - ERROR - API request failed: HTTPSConnectionPool(host='kbbuddywts.kbsec.com.vn', port=443): Max retries exceeded with url: /iis-server/investment/sector/stock?code=20&l=1 (Caused by NameResolutionError("<urllib3.connection.HTTPSConnection object at 0x7f18531c7a10>: Failed to resolve 'kbbuddywts.kbsec.com.vn' ([Errno -3] Temporary failure in name resolution)"))
[2026-02-12T14:16:23.162+0000] {client.py:297} ERROR - API request failed: HTTPSConnectionPool(host='kbbuddywts.kbsec.com.vn', port=443): Max retries exceeded with url: /iis-server/investment/sector/stock?code=20&l=1 (Caused by NameResolutionError("<urllib3.connection.HTTPSConnection object at 0x7f18531c7a10>: Failed to resolve 'kbbuddywts.kbsec.com.vn' ([Errno -3] Temporary failure in name resolution)"))
[2026-02-12T14:16:41.160+0000] {warnings.py:112} WARNING - DataFrame.applymap has been deprecated. Use DataFrame.map instead.

[2026-02-12T14:16:42.644+0000] {warnings.py:112} WARNING - DataFrame.applymap has been deprecated. Use DataFrame.map instead.

[2026-02-12T14:16:43.946+0000] {warnings.py:112} WARNING - DataFrame.applymap has been deprecated. Use DataFrame.map instead.

[2026-02-12T14:16:45.223+0000] {warnings.py:112} WARNING - DataFrame.applymap has been deprecated. Use DataFrame.map instead.

[2026-02-12T14:16:46.559+0000] {warnings.py:112} WARNING - DataFrame.applymap has been deprecated. Use DataFrame.map instead.

[2026-02-12T14:16:48.062+0000] {warnings.py:112} WARNING - DataFrame.applymap has been deprecated. Use DataFrame.map instead.

[2026-02-12T14:16:49.315+0000] {warnings.py:112} WARNING - DataFrame.applymap has been deprecated. Use DataFrame.map instead.

[2026-02-12T14:16:50.851+0000] {warnings.py:112} WARNING - DataFrame.applymap has been deprecated. Use DataFrame.map instead.

[2026-02-12T14:16:52.131+0000] {warnings.py:112} WARNING - DataFrame.applymap has been deprecated. Use DataFrame.map instead.

[2026-02-12T14:16:54.065+0000] {warnings.py:112} WARNING - DataFrame.applymap has been deprecated. Use DataFrame.map instead.

[2026-02-12T14:16:55.327+0000] {warnings.py:112} WARNING - DataFrame.applymap has been deprecated. Use DataFrame.map instead.

[2026-02-12T14:16:57.064+0000] {warnings.py:112} WARNING - DataFrame.applymap has been deprecated. Use DataFrame.map instead.

[2026-02-12T14:16:58.568+0000] {warnings.py:112} WARNING - DataFrame.applymap has been deprecated. Use DataFrame.map instead.

[2026-02-12T14:16:59.818+0000] {warnings.py:112} WARNING - DataFrame.applymap has been deprecated. Use DataFrame.map instead.

[2026-02-12T14:17:01.149+0000] {warnings.py:112} WARNING - DataFrame.applymap has been deprecated. Use DataFrame.map instead.

[2026-02-12T14:17:02.391+0000] {warnings.py:112} WARNING - DataFrame.applymap has been deprecated. Use DataFrame.map instead.

[2026-02-12T14:17:03.918+0000] {warnings.py:112} WARNING - DataFrame.applymap has been deprecated. Use DataFrame.map instead.

[2026-02-12T14:17:05.210+0000] {warnings.py:112} WARNING - DataFrame.applymap has been deprecated. Use DataFrame.map instead.

[2026-02-12T14:17:06.522+0000] {warnings.py:112} WARNING - DataFrame.applymap has been deprecated. Use DataFrame.map instead.

[2026-02-12T14:17:07.787+0000] {warnings.py:112} WARNING - DataFrame.applymap has been deprecated. Use DataFrame.map instead.

[2026-02-12T14:17:08.806+0000] {datalake_df2csv.py:68} INFO - ✅ Load dữ liệu thành công!
[2026-02-12T14:17:08.806+0000] {datalake_df2csv.py:69} INFO - 📊 Thông tin DataFrame:
[2026-02-12T14:17:08.807+0000] {datalake_df2csv.py:70} INFO -   - Số dòng: 20
[2026-02-12T14:17:08.808+0000] {datalake_df2csv.py:71} INFO -   - Số cột: 9
[2026-02-12T14:17:08.809+0000] {datalake_df2csv.py:72} INFO -   - Tên các cột: ['symbol', 'company_profile', 'icb_name2', 'icb_name3', 'icb_name4', 'exchange', 'type_info', 'organ_short_name', 'organ_name']
[2026-02-12T14:17:08.810+0000] {datalake_df2csv.py:73} INFO -   - Kiểu dữ liệu: {'symbol': 'object', 'company_profile': 'object', 'icb_name2': 'object', 'icb_name3': 'object', 'icb_name4': 'object', 'exchange': 'object', 'type_info': 'object', 'organ_short_name': 'object', 'organ_name': 'object'}
[2026-02-12T14:17:08.813+0000] {datalake_df2csv.py:74} INFO -   - Bộ nhớ sử dụng: 0.04 MB
[2026-02-12T14:17:08.814+0000] {datalake_df2csv.py:79} INFO -   - Số giá trị NULL:
[2026-02-12T14:17:08.815+0000] {datalake_df2csv.py:81} INFO -     + exchange: 10
[2026-02-12T14:17:08.816+0000] {datalake_df2csv.py:81} INFO -     + type_info: 10
[2026-02-12T14:17:08.816+0000] {datalake_df2csv.py:81} INFO -     + organ_short_name: 10
[2026-02-12T14:17:08.816+0000] {datalake_df2csv.py:81} INFO -     + organ_name: 10
[2026-02-12T14:17:08.817+0000] {datalake_df2csv.py:86} INFO -   - Mẫu dữ liệu (5 dòng đầu):
[2026-02-12T14:17:08.817+0000] {datalake_df2csv.py:88} INFO -     Row 0: {'symbol': 'DHC', 'company_profile': 'Công ty Cổ phần Đông Hải Bến Tre (DHC) có tiền thân là Nhà máy Bao bì được thành lập thành lập năm 1994. Công ty chính thức hoạt động theo mô hình công ty cổ phần từ năm 2003. Công ty hoạt động trong lĩnh vực sản xuất, kinh doanh các sản phẩm từ giấy và chế biến thủy sản. Hoạt động kinh doanh chính của Công ty là sản xuất các loại giấy cuộn công nghiệp (Kraft, Texlinner, Medeum), sản xuất bao bì carton (3 lớp, 5 lớp, 7 lớp với các chủng loại đa dạng), nuôi cá tra thương phẩm. Trong lĩnh vực nuôi trồng thủy sản Công ty hiện có 20 ao trên diện tích 25 ha bao gồm các sản phẩm cá da trơn và nghêu sò với tổng công suất chế biến thiết kế khoảng 7.000 tấn thành phẩm/năm. Hiện tại Công ty đang sở hữu 1 dây chuyền sản xuất giấy cuộn có công suất 7.500 tấn/năm, 1 dây chuyền sản xuất giấy carton 3 lớp, 5 lớp, 7 lớp công suất 25.000.000 m2/năm. Dây chuyền sản xuất bao bì carton các kiểu có công suất 15.000.000 sản phẩm/năm. Dây chuyền sản xuất giấy cuộn có công suất 180 tấn/ngày. Sản phẩm giấy và bao bì carton của Công ty hiện nay được tiêu thụ chủ yếu tại khu vực Đồng bằng sông Cửu Long, một số tỉnh miền Đông Nam Bộ và Thành phố Hồ Chí Minh. Ngày 23/07/2009, DHC chính thức giao dịch trên Sở Giao dịch Chứng khoán Thành phố Hồ Chí Minh (HOSE).', 'icb_name2': 'Tài nguyên Cơ bản', 'icb_name3': 'Lâm nghiệp và Giấy', 'icb_name4': 'Sản xuất giấy', 'exchange': 'HOSE', 'type_info': '', 'organ_short_name': '', 'organ_name': 'CTCP Đông Hải Bến Tre'}
[2026-02-12T14:17:08.818+0000] {datalake_df2csv.py:88} INFO -     Row 1: {'symbol': 'TKC', 'company_profile': 'Công ty cổ phần Xây dựng và Kinh doanh Địa ốc Tân Kỷ (TKC) tiền thân là công ty TNHH Xây dựng – Dịch vụ Tân Kỷ được thành lập năm 1999. Năm 2007, Công ty chính thức chuyển đổi thành Công ty Cổ phần. Lĩnh vực kinh doanh chính của công ty là: Xây dựng công nghiệp, xây dựng dân dụng và trang trì nội thất; Xây dựng cầu đường; Lập dự án đầu tư, tư vấn đầu tư, tư vấn đấu thầu. Thị trường kinh doanh chính của công ty bao gồm thành phố Hồ Chí Minh, Nha Trang, Đà Nẵng. Công ty đã trang bị đầy đủ các máy móc thiết bị thi công cơ giới, làm đất, nền đường, mặt đường, … cho thi công cầu đường. Các loại máy vận thăng, cẩu tháp, cắt thép, uốn thép, xoa, cán phẳng nền bêtông, …', 'icb_name2': 'Xây dựng và Vật liệu', 'icb_name3': 'Xây dựng và Vật liệu', 'icb_name4': 'Xây dựng', 'exchange': nan, 'type_info': nan, 'organ_short_name': nan, 'organ_name': nan}
[2026-02-12T14:17:08.818+0000] {datalake_df2csv.py:88} INFO -     Row 2: {'symbol': 'CTP', 'company_profile': 'Công ty Cổ phần Tập đoàn CTP Group (CTP) được thành lập với vốn điều lệ ban đầu là 3 tỷ đồng vào ngày 25/10/2010. CTP chuyên sản xuất, chế biến và kinh doanh các sản phẩm cà phê. Công ty có hệ thống kho bãi và dây chuyền máy móc thiết bị sản xuất công nghệ cao với tổng diện tích 13.142 m2 và tổng công xuất chế biến 150.000 tấn/ngày. Sản phẩm cà phê Arabica của CTP hiện đang chiếm tới 20% tổng sản lượng cà phê Arabica tại Huyện Hướng Hoá, tỉnh Quảng Trị.', 'icb_name2': 'Thực phẩm và đồ uống', 'icb_name3': 'Bia và đồ uống', 'icb_name4': 'Đồ uống & giải khát', 'exchange': 'HNX', 'type_info': '', 'organ_short_name': '', 'organ_name': 'CTCP Tập đoàn CTP Group'}
[2026-02-12T14:17:08.819+0000] {datalake_df2csv.py:88} INFO -     Row 3: {'symbol': 'CDO', 'company_profile': 'Công ty cổ phần Tư vấn thiết kế và Phát triển đô thị (CDO) là một công ty thiết kế, thi công các công trình. CDO chuyên thiết kế, thi công các dự án cao ốc văn phòng, căn hộ, khách sạn, khu nghỉ dưỡng, quy mô lớn nhiều triệu đô. CDO đã thiết kế một loạt các dự án nổi tiếng như khách sạn 4 sao Candle Hà Nội, Trung tâm tổ chức sự kiện Cung Xuân, Tổ hợp tòa nhà văn phòng CDC, khách sạn Phoenix Mỹ Đình...CDO được giao dịch trên thị trường UPCOM từ tháng 10/2018.', 'icb_name2': 'Xây dựng và Vật liệu', 'icb_name3': 'Xây dựng và Vật liệu', 'icb_name4': 'Xây dựng', 'exchange': nan, 'type_info': nan, 'organ_short_name': nan, 'organ_name': nan}
[2026-02-12T14:17:08.820+0000] {datalake_df2csv.py:88} INFO -     Row 4: {'symbol': 'NDW', 'company_profile': 'Công ty Cổ phần Cấp nước Nam Định (NDW), tiền thân là Nhà máy nước Nam Định, được xây dựng năm 1924 với công suất ban đầu là 600m3/ngày đêm. Đến năm 2017, chuyển đổi mô hình kinh doanh và đổi tên thành Công ty Cổ phần cấp nước Nam Định. Hoạt động kinh doanh kinh doanh chính mang lại nguồn doanh thu lớn cho Công ty là hoạt động khai thác, xử lý và cung cấp nước sạch. Thành lập từ năm 1924, Công ty đã có gần 100 năm kinh nghiệm trong hoạt động cung ứng dịch vụ quản lý, khai thác, sản xuất kinh doanh nước sạch phục vụ sinh hoạt, sản xuất trên địa bàn tỉnh Nam Định. Với công suất của nhà máy cấp nước là 75.000m3/ngày đêm đảm bảo đủ cung cấp nhu cầu nước sinh hoạt trên địa bàn Tỉnh. Ngày 11/06/2019, NDW chính thức giao dịch trên thị trường UPCOM.', 'icb_name2': 'Điện, nước & xăng dầu khí đốt', 'icb_name3': 'Nước & Khí đốt', 'icb_name4': 'Nước', 'exchange': nan, 'type_info': nan, 'organ_short_name': nan, 'organ_name': nan}
[2026-02-12T14:17:08.820+0000] {datalake_df2csv.py:90} INFO - --------------------------------------------------------------------------------
[2026-02-12T14:17:08.821+0000] {datalake_df2csv.py:93} INFO - 📝 Bước 2: Đang chuyển đổi DataFrame sang CSV...
[2026-02-12T14:17:08.826+0000] {datalake_df2csv.py:97} INFO - ✅ Chuyển đổi CSV thành công!
[2026-02-12T14:17:08.827+0000] {datalake_df2csv.py:98} INFO -   - Kích thước file: 0.02 MB
[2026-02-12T14:17:08.828+0000] {datalake_df2csv.py:99} INFO -   - Thời gian chuyển đổi: 0.01 giây
[2026-02-12T14:17:08.828+0000] {datalake_df2csv.py:100} INFO - --------------------------------------------------------------------------------
[2026-02-12T14:17:08.828+0000] {datalake_df2csv.py:103} INFO - ☁️  Bước 3: Đang upload lên MinIO/S3...
[2026-02-12T14:17:08.840+0000] {base.py:84} INFO - Using connection ID 'minio_finance' for task execution.
[2026-02-12T14:17:08.841+0000] {connection_wrapper.py:384} INFO - AWS Connection (conn_id='minio_finance', conn_type='aws') credentials retrieved from login and password.
[2026-02-12T14:17:09.343+0000] {datalake_df2csv.py:112} INFO -   - Bucket 'thongtin-congty-va-bctc' đã tồn tại
[2026-02-12T14:17:09.382+0000] {datalake_df2csv.py:117} INFO - ✅ Upload thành công!
[2026-02-12T14:17:09.383+0000] {datalake_df2csv.py:118} INFO -   - Đường dẫn: s3://thongtin-congty-va-bctc/overview/2026-02-01/batch_26.csv
[2026-02-12T14:17:09.383+0000] {datalake_df2csv.py:119} INFO -   - Số dòng: 20
[2026-02-12T14:17:09.384+0000] {datalake_df2csv.py:120} INFO -   - Thời gian upload: 0.55 giây
[2026-02-12T14:17:09.384+0000] {datalake_df2csv.py:121} INFO - --------------------------------------------------------------------------------
[2026-02-12T14:17:09.384+0000] {datalake_df2csv.py:125} INFO - 📈 TỔNG KẾT:
[2026-02-12T14:17:09.385+0000] {datalake_df2csv.py:126} INFO -   - Tổng thời gian thực thi: 72.67 giây
[2026-02-12T14:17:09.385+0000] {datalake_df2csv.py:127} INFO -   - Tốc độ xử lý: 0 dòng/giây
[2026-02-12T14:17:09.385+0000] {datalake_df2csv.py:128} INFO - ================================================================================
[2026-02-12T14:17:09.386+0000] {datalake_df2csv.py:129} INFO - ✅ HOÀN THÀNH TASK: ingest_overview
[2026-02-12T14:17:09.386+0000] {datalake_df2csv.py:130} INFO - ================================================================================
[2026-02-12T14:17:09.387+0000] {taskinstance.py:441} INFO - ::group::Post task execution logs
[2026-02-12T14:17:09.398+0000] {taskinstance.py:1206} INFO - Marking task as SUCCESS. dag_id=company_overview_to_minio, task_id=ingest_overview, run_id=scheduled__2026-02-01T00:00:00+00:00, map_index=26, execution_date=20260201T000000, start_date=20260212T141556, end_date=20260212T141709
[2026-02-12T14:17:09.457+0000] {local_task_job_runner.py:243} INFO - Task exited with return code 0
[2026-02-12T14:17:09.478+0000] {taskinstance.py:3503} INFO - 0 downstream tasks scheduled from follow-on schedule check
[2026-02-12T14:17:09.480+0000] {local_task_job_runner.py:222} INFO - ::endgroup::
