[2026-02-26T13:57:27.598+0000] {local_task_job_runner.py:120} INFO - ::group::Pre task execution logs
[2026-02-26T13:57:27.635+0000] {taskinstance.py:2076} INFO - Dependencies all met for dep_context=non-requeueable deps ti=<TaskInstance: daily_price.ingest_daily_price scheduled__2026-02-24T16:00:00+00:00 map_index=250 [queued]>
[2026-02-26T13:57:27.659+0000] {taskinstance.py:2076} INFO - Dependencies all met for dep_context=requeueable deps ti=<TaskInstance: daily_price.ingest_daily_price scheduled__2026-02-24T16:00:00+00:00 map_index=250 [queued]>
[2026-02-26T13:57:27.660+0000] {taskinstance.py:2306} INFO - Starting attempt 1 of 2
[2026-02-26T13:57:27.675+0000] {taskinstance.py:2330} INFO - Executing <Mapped(DfToCsvOperator): ingest_daily_price> on 2026-02-24 16:00:00+00:00
[2026-02-26T13:57:27.688+0000] {warnings.py:112} WARNING - This process (pid=1279) is multi-threaded, use of fork() may lead to deadlocks in the child.

[2026-02-26T13:57:27.690+0000] {standard_task_runner.py:64} INFO - Started process 1281 to run task
[2026-02-26T13:57:27.692+0000] {standard_task_runner.py:90} INFO - Running: ['***', 'tasks', 'run', 'daily_price', 'ingest_daily_price', 'scheduled__2026-02-24T16:00:00+00:00', '--job-id', '27198', '--raw', '--subdir', 'DAGS_FOLDER/dl_dailly_price.py', '--cfg-path', '/tmp/tmpsytnacny', '--map-index', '250']
[2026-02-26T13:57:27.696+0000] {standard_task_runner.py:91} INFO - Job 27198: Subtask ingest_daily_price
[2026-02-26T13:57:27.762+0000] {task_command.py:426} INFO - Running <TaskInstance: daily_price.ingest_daily_price scheduled__2026-02-24T16:00:00+00:00 map_index=250 [running]> on host 3712393133aa
[2026-02-26T13:57:28.183+0000] {taskinstance.py:2648} INFO - Exporting env vars: AIRFLOW_CTX_DAG_OWNER='***' AIRFLOW_CTX_DAG_ID='daily_price' AIRFLOW_CTX_TASK_ID='ingest_daily_price' AIRFLOW_CTX_EXECUTION_DATE='2026-02-24T16:00:00+00:00' AIRFLOW_CTX_TRY_NUMBER='1' AIRFLOW_CTX_DAG_RUN_ID='scheduled__2026-02-24T16:00:00+00:00'
[2026-02-26T13:57:28.185+0000] {taskinstance.py:430} INFO - ::endgroup::
[2026-02-26T13:57:28.185+0000] {datalake_df2csv.py:40} INFO - ================================================================================
[2026-02-26T13:57:28.186+0000] {datalake_df2csv.py:41} INFO - 🚀 BẮT ĐẦU TASK: ingest_daily_price
[2026-02-26T13:57:28.187+0000] {datalake_df2csv.py:42} INFO - ================================================================================
[2026-02-26T13:57:28.188+0000] {datalake_df2csv.py:43} INFO - 📋 Thông tin cấu hình:
[2026-02-26T13:57:28.188+0000] {datalake_df2csv.py:44} INFO -   - Logic file: history_price
[2026-02-26T13:57:28.189+0000] {datalake_df2csv.py:45} INFO -   - DataFrame name: get_history_price_batch
[2026-02-26T13:57:28.190+0000] {datalake_df2csv.py:46} INFO -   - Bucket: thongtin-congty-va-bctc
[2026-02-26T13:57:28.190+0000] {datalake_df2csv.py:47} INFO -   - Object path: daily_price/2026-02-24/batch_250.csv
[2026-02-26T13:57:28.191+0000] {datalake_df2csv.py:48} INFO -   - Connection ID: minio_finance
[2026-02-26T13:57:28.191+0000] {datalake_df2csv.py:49} INFO -   - Tham số truyền vào: {'symbols': ['MEF', 'SBS', 'LIC', 'HSM', 'TMX'], 'start_date': '2026-02-24', 'end_date': '2026-02-25'}
[2026-02-26T13:57:28.192+0000] {datalake_df2csv.py:50} INFO - --------------------------------------------------------------------------------
[2026-02-26T13:57:28.193+0000] {datalake_df2csv.py:54} INFO - 📥 Bước 1: Đang load dữ liệu từ logic file...
[2026-02-26T13:57:28.199+0000] {datalake_df2csv.py:148} INFO -   - Logic directory: /opt/airflow/plugins/logic
[2026-02-26T13:57:28.200+0000] {datalake_df2csv.py:149} INFO -   - Module path: /opt/airflow/plugins/logic/history_price.py
[2026-02-26T13:57:28.201+0000] {datalake_df2csv.py:153} INFO -   - Đã thêm logic directory vào sys.path
[2026-02-26T13:57:28.203+0000] {datalake_df2csv.py:159} INFO -   - Đang load module 'history_price'...
[2026-02-26T13:57:28.212+0000] {datalake_df2csv.py:163} INFO -   - ✅ Module loaded thành công
[2026-02-26T13:57:28.213+0000] {datalake_df2csv.py:165} INFO -   - Đang tìm DataFrame/function: 'get_history_price_batch'...
[2026-02-26T13:57:28.214+0000] {datalake_df2csv.py:170} INFO -   - ✅ Tìm thấy object: function
[2026-02-26T13:57:28.215+0000] {datalake_df2csv.py:173} INFO -   - Đang gọi function với tham số: {'symbols': ['MEF', 'SBS', 'LIC', 'HSM', 'TMX'], 'start_date': '2026-02-24', 'end_date': '2026-02-25'}
[2026-02-26T13:57:32.884+0000] {datalake_df2csv.py:68} INFO - ✅ Load dữ liệu thành công!
[2026-02-26T13:57:32.885+0000] {datalake_df2csv.py:69} INFO - 📊 Thông tin DataFrame:
[2026-02-26T13:57:32.885+0000] {datalake_df2csv.py:70} INFO -   - Số dòng: 20
[2026-02-26T13:57:32.887+0000] {datalake_df2csv.py:71} INFO -   - Số cột: 7
[2026-02-26T13:57:32.887+0000] {datalake_df2csv.py:72} INFO -   - Tên các cột: ['ticker', 'trading_date', 'open', 'high', 'low', 'close', 'volume']
[2026-02-26T13:57:32.888+0000] {datalake_df2csv.py:73} INFO -   - Kiểu dữ liệu: {'ticker': 'object', 'trading_date': 'object', 'open': 'float64', 'high': 'float64', 'low': 'float64', 'close': 'float64', 'volume': 'int64'}
[2026-02-26T13:57:32.891+0000] {datalake_df2csv.py:74} INFO -   - Bộ nhớ sử dụng: 0.00 MB
[2026-02-26T13:57:32.893+0000] {datalake_df2csv.py:83} INFO -   - Không có giá trị NULL
[2026-02-26T13:57:32.893+0000] {datalake_df2csv.py:86} INFO -   - Mẫu dữ liệu (5 dòng đầu):
[2026-02-26T13:57:32.894+0000] {datalake_df2csv.py:88} INFO -     Row 0: {'ticker': 'MEF', 'trading_date': '2025-05-23', 'open': 0.8, 'high': 0.8, 'low': 0.8, 'close': 0.8, 'volume': 0}
[2026-02-26T13:57:32.895+0000] {datalake_df2csv.py:88} INFO -     Row 1: {'ticker': 'MEF', 'trading_date': '2025-05-26', 'open': 0.8, 'high': 0.8, 'low': 0.8, 'close': 0.8, 'volume': 0}
[2026-02-26T13:57:32.895+0000] {datalake_df2csv.py:88} INFO -     Row 2: {'ticker': 'MEF', 'trading_date': '2025-05-27', 'open': 0.8, 'high': 0.8, 'low': 0.8, 'close': 0.8, 'volume': 0}
[2026-02-26T13:57:32.896+0000] {datalake_df2csv.py:88} INFO -     Row 3: {'ticker': 'MEF', 'trading_date': '2025-11-12', 'open': 1.1, 'high': 1.1, 'low': 1.1, 'close': 1.1, 'volume': 100}
[2026-02-26T13:57:32.897+0000] {datalake_df2csv.py:88} INFO -     Row 4: {'ticker': 'SBS', 'trading_date': '2026-02-23', 'open': 6.0, 'high': 6.0, 'low': 5.9, 'close': 6.0, 'volume': 267000}
[2026-02-26T13:57:32.898+0000] {datalake_df2csv.py:90} INFO - --------------------------------------------------------------------------------
[2026-02-26T13:57:32.898+0000] {datalake_df2csv.py:93} INFO - 📝 Bước 2: Đang chuyển đổi DataFrame sang CSV...
[2026-02-26T13:57:32.902+0000] {datalake_df2csv.py:97} INFO - ✅ Chuyển đổi CSV thành công!
[2026-02-26T13:57:32.903+0000] {datalake_df2csv.py:98} INFO -   - Kích thước file: 0.00 MB
[2026-02-26T13:57:32.903+0000] {datalake_df2csv.py:99} INFO -   - Thời gian chuyển đổi: 0.00 giây
[2026-02-26T13:57:32.904+0000] {datalake_df2csv.py:100} INFO - --------------------------------------------------------------------------------
[2026-02-26T13:57:32.904+0000] {datalake_df2csv.py:103} INFO - ☁️  Bước 3: Đang upload lên MinIO/S3...
[2026-02-26T13:57:32.916+0000] {base.py:84} INFO - Using connection ID 'minio_finance' for task execution.
[2026-02-26T13:57:32.917+0000] {connection_wrapper.py:384} INFO - AWS Connection (conn_id='minio_finance', conn_type='aws') credentials retrieved from login and password.
[2026-02-26T13:57:33.570+0000] {datalake_df2csv.py:112} INFO -   - Bucket 'thongtin-congty-va-bctc' đã tồn tại
[2026-02-26T13:57:33.635+0000] {datalake_df2csv.py:117} INFO - ✅ Upload thành công!
[2026-02-26T13:57:33.635+0000] {datalake_df2csv.py:118} INFO -   - Đường dẫn: s3://thongtin-congty-va-bctc/daily_price/2026-02-24/batch_250.csv
[2026-02-26T13:57:33.636+0000] {datalake_df2csv.py:119} INFO -   - Số dòng: 20
[2026-02-26T13:57:33.636+0000] {datalake_df2csv.py:120} INFO -   - Thời gian upload: 0.73 giây
[2026-02-26T13:57:33.637+0000] {datalake_df2csv.py:121} INFO - --------------------------------------------------------------------------------
[2026-02-26T13:57:33.638+0000] {datalake_df2csv.py:125} INFO - 📈 TỔNG KẾT:
[2026-02-26T13:57:33.638+0000] {datalake_df2csv.py:126} INFO -   - Tổng thời gian thực thi: 5.45 giây
[2026-02-26T13:57:33.639+0000] {datalake_df2csv.py:127} INFO -   - Tốc độ xử lý: 4 dòng/giây
[2026-02-26T13:57:33.639+0000] {datalake_df2csv.py:128} INFO - ================================================================================
[2026-02-26T13:57:33.640+0000] {datalake_df2csv.py:129} INFO - ✅ HOÀN THÀNH TASK: ingest_daily_price
[2026-02-26T13:57:33.640+0000] {datalake_df2csv.py:130} INFO - ================================================================================
[2026-02-26T13:57:33.641+0000] {taskinstance.py:441} INFO - ::group::Post task execution logs
[2026-02-26T13:57:33.653+0000] {taskinstance.py:1206} INFO - Marking task as SUCCESS. dag_id=daily_price, task_id=ingest_daily_price, run_id=scheduled__2026-02-24T16:00:00+00:00, map_index=250, execution_date=20260224T160000, start_date=20260226T135727, end_date=20260226T135733
[2026-02-26T13:57:33.696+0000] {local_task_job_runner.py:243} INFO - Task exited with return code 0
[2026-02-26T13:57:33.714+0000] {taskinstance.py:3503} INFO - 0 downstream tasks scheduled from follow-on schedule check
[2026-02-26T13:57:33.716+0000] {local_task_job_runner.py:222} INFO - ::endgroup::
