[2026-02-18T15:36:13.229+0000] {local_task_job_runner.py:120} INFO - ::group::Pre task execution logs
[2026-02-18T15:36:13.258+0000] {taskinstance.py:2076} INFO - Dependencies all met for dep_context=non-requeueable deps ti=<TaskInstance: minio_to_db_sync.sync_people scheduled__2026-02-17T03:00:00+00:00 [queued]>
[2026-02-18T15:36:13.271+0000] {taskinstance.py:2076} INFO - Dependencies all met for dep_context=requeueable deps ti=<TaskInstance: minio_to_db_sync.sync_people scheduled__2026-02-17T03:00:00+00:00 [queued]>
[2026-02-18T15:36:13.273+0000] {taskinstance.py:2306} INFO - Starting attempt 1 of 3
[2026-02-18T15:36:13.306+0000] {taskinstance.py:2330} INFO - Executing <Task(_PythonDecoratedOperator): sync_people> on 2026-02-17 03:00:00+00:00
[2026-02-18T15:36:13.346+0000] {warnings.py:112} WARNING - This process (pid=72) is multi-threaded, use of fork() may lead to deadlocks in the child.

[2026-02-18T15:36:13.356+0000] {standard_task_runner.py:64} INFO - Started process 99 to run task
[2026-02-18T15:36:13.350+0000] {standard_task_runner.py:90} INFO - Running: ['***', 'tasks', 'run', 'minio_to_db_sync', 'sync_people', 'scheduled__2026-02-17T03:00:00+00:00', '--job-id', '21816', '--raw', '--subdir', 'DAGS_FOLDER/minio_to_db_sync.py', '--cfg-path', '/tmp/tmp1uva13zk']
[2026-02-18T15:36:13.384+0000] {standard_task_runner.py:91} INFO - Job 21816: Subtask sync_people
[2026-02-18T15:36:13.657+0000] {task_command.py:426} INFO - Running <TaskInstance: minio_to_db_sync.sync_people scheduled__2026-02-17T03:00:00+00:00 [running]> on host 83ee49e7e828
[2026-02-18T15:36:16.761+0000] {taskinstance.py:2648} INFO - Exporting env vars: AIRFLOW_CTX_DAG_OWNER='***' AIRFLOW_CTX_DAG_ID='minio_to_db_sync' AIRFLOW_CTX_TASK_ID='sync_people' AIRFLOW_CTX_EXECUTION_DATE='2026-02-17T03:00:00+00:00' AIRFLOW_CTX_TRY_NUMBER='1' AIRFLOW_CTX_DAG_RUN_ID='scheduled__2026-02-17T03:00:00+00:00'
[2026-02-18T15:36:16.765+0000] {taskinstance.py:430} INFO - ::endgroup::
[2026-02-18T15:36:16.789+0000] {logging_mixin.py:188} INFO - ======================================================================
[2026-02-18T15:36:16.789+0000] {logging_mixin.py:188} INFO - 📊 SYNC COMPANY PEOPLE/OWNER TO DATABASE
[2026-02-18T15:36:16.790+0000] {logging_mixin.py:188} INFO - ======================================================================
[2026-02-18T15:36:16.791+0000] {logging_mixin.py:188} INFO - 
[1/4] Finding latest partition...
[2026-02-18T15:36:16.831+0000] {base.py:84} INFO - Using connection ID 'minio_finance' for task execution.
[2026-02-18T15:36:16.860+0000] {connection_wrapper.py:384} INFO - AWS Connection (conn_id='minio_finance', conn_type='aws') credentials retrieved from login and password.
[2026-02-18T15:38:21.842+0000] {logging_mixin.py:188} INFO - 📂 Scanning 1291 objects in thongtin-congty-va-bctc/people/
[2026-02-18T15:38:22.548+0000] {logging_mixin.py:188} INFO - 📅 Found 10 valid date partition(s): ['2025-12-30', '2026-01-01', '2026-01-04', '2026-01-11', '2026-01-12', '2026-01-15', '2026-01-18', '2026-01-19', '2026-02-01', '2026-02-04']
[2026-02-18T15:38:22.555+0000] {logging_mixin.py:188} INFO - ✅ Latest partition selected: people/2026-02-04/
[2026-02-18T15:38:22.559+0000] {logging_mixin.py:188} INFO - 
[2/4] Reading CSV files...
[2026-02-18T15:38:22.972+0000] {base.py:84} INFO - Using connection ID 'minio_finance' for task execution.
[2026-02-18T15:38:22.982+0000] {connection_wrapper.py:384} INFO - AWS Connection (conn_id='minio_finance', conn_type='aws') credentials retrieved from login and password.
[2026-02-18T15:38:46.056+0000] {logging_mixin.py:188} INFO - ✓ Found 87 CSV files in thongtin-congty-va-bctc/people/2026-02-04/
[2026-02-18T15:38:46.257+0000] {base.py:84} INFO - Using connection ID 'minio_finance' for task execution.
[2026-02-18T15:38:46.288+0000] {connection_wrapper.py:384} INFO - AWS Connection (conn_id='minio_finance', conn_type='aws') credentials retrieved from login and password.
[2026-02-18T15:38:48.191+0000] {logging_mixin.py:188} INFO - ✓ Read 483 rows from people/2026-02-04/batch_0.csv
[2026-02-18T15:38:48.208+0000] {base.py:84} INFO - Using connection ID 'minio_finance' for task execution.
[2026-02-18T15:38:48.210+0000] {connection_wrapper.py:384} INFO - AWS Connection (conn_id='minio_finance', conn_type='aws') credentials retrieved from login and password.
[2026-02-18T15:38:48.475+0000] {logging_mixin.py:188} INFO - ✓ Read 500 rows from people/2026-02-04/batch_1.csv
[2026-02-18T15:38:48.490+0000] {base.py:84} INFO - Using connection ID 'minio_finance' for task execution.
[2026-02-18T15:38:48.492+0000] {connection_wrapper.py:384} INFO - AWS Connection (conn_id='minio_finance', conn_type='aws') credentials retrieved from login and password.
[2026-02-18T15:38:48.769+0000] {logging_mixin.py:188} INFO - ✓ Read 493 rows from people/2026-02-04/batch_10.csv
[2026-02-18T15:38:48.791+0000] {base.py:84} INFO - Using connection ID 'minio_finance' for task execution.
[2026-02-18T15:38:48.793+0000] {connection_wrapper.py:384} INFO - AWS Connection (conn_id='minio_finance', conn_type='aws') credentials retrieved from login and password.
[2026-02-18T15:38:49.004+0000] {logging_mixin.py:188} INFO - ✓ Read 585 rows from people/2026-02-04/batch_11.csv
[2026-02-18T15:38:49.018+0000] {base.py:84} INFO - Using connection ID 'minio_finance' for task execution.
[2026-02-18T15:38:49.021+0000] {connection_wrapper.py:384} INFO - AWS Connection (conn_id='minio_finance', conn_type='aws') credentials retrieved from login and password.
[2026-02-18T15:38:49.291+0000] {logging_mixin.py:188} INFO - ✓ Read 544 rows from people/2026-02-04/batch_12.csv
[2026-02-18T15:38:49.326+0000] {base.py:84} INFO - Using connection ID 'minio_finance' for task execution.
[2026-02-18T15:38:49.332+0000] {connection_wrapper.py:384} INFO - AWS Connection (conn_id='minio_finance', conn_type='aws') credentials retrieved from login and password.
[2026-02-18T15:38:49.877+0000] {logging_mixin.py:188} INFO - ✓ Read 536 rows from people/2026-02-04/batch_13.csv
[2026-02-18T15:38:49.906+0000] {base.py:84} INFO - Using connection ID 'minio_finance' for task execution.
[2026-02-18T15:38:49.910+0000] {connection_wrapper.py:384} INFO - AWS Connection (conn_id='minio_finance', conn_type='aws') credentials retrieved from login and password.
[2026-02-18T15:38:50.775+0000] {logging_mixin.py:188} INFO - ✓ Read 617 rows from people/2026-02-04/batch_14.csv
[2026-02-18T15:38:50.832+0000] {base.py:84} INFO - Using connection ID 'minio_finance' for task execution.
[2026-02-18T15:38:50.834+0000] {connection_wrapper.py:384} INFO - AWS Connection (conn_id='minio_finance', conn_type='aws') credentials retrieved from login and password.
[2026-02-18T15:38:51.286+0000] {logging_mixin.py:188} INFO - ✓ Read 636 rows from people/2026-02-04/batch_15.csv
[2026-02-18T15:38:51.352+0000] {base.py:84} INFO - Using connection ID 'minio_finance' for task execution.
[2026-02-18T15:38:51.357+0000] {connection_wrapper.py:384} INFO - AWS Connection (conn_id='minio_finance', conn_type='aws') credentials retrieved from login and password.
[2026-02-18T15:38:51.611+0000] {logging_mixin.py:188} INFO - ✓ Read 555 rows from people/2026-02-04/batch_16.csv
[2026-02-18T15:38:51.635+0000] {base.py:84} INFO - Using connection ID 'minio_finance' for task execution.
[2026-02-18T15:38:51.636+0000] {connection_wrapper.py:384} INFO - AWS Connection (conn_id='minio_finance', conn_type='aws') credentials retrieved from login and password.
[2026-02-18T15:38:51.883+0000] {logging_mixin.py:188} INFO - ✓ Read 650 rows from people/2026-02-04/batch_17.csv
[2026-02-18T15:38:51.901+0000] {base.py:84} INFO - Using connection ID 'minio_finance' for task execution.
[2026-02-18T15:38:51.902+0000] {connection_wrapper.py:384} INFO - AWS Connection (conn_id='minio_finance', conn_type='aws') credentials retrieved from login and password.
[2026-02-18T15:38:55.239+0000] {logging_mixin.py:188} INFO - ✓ Read 571 rows from people/2026-02-04/batch_18.csv
[2026-02-18T15:38:55.265+0000] {base.py:84} INFO - Using connection ID 'minio_finance' for task execution.
[2026-02-18T15:38:55.268+0000] {connection_wrapper.py:384} INFO - AWS Connection (conn_id='minio_finance', conn_type='aws') credentials retrieved from login and password.
[2026-02-18T15:38:55.566+0000] {logging_mixin.py:188} INFO - ✓ Read 449 rows from people/2026-02-04/batch_19.csv
[2026-02-18T15:38:55.583+0000] {base.py:84} INFO - Using connection ID 'minio_finance' for task execution.
[2026-02-18T15:38:55.585+0000] {connection_wrapper.py:384} INFO - AWS Connection (conn_id='minio_finance', conn_type='aws') credentials retrieved from login and password.
[2026-02-18T15:38:55.835+0000] {logging_mixin.py:188} INFO - ✓ Read 625 rows from people/2026-02-04/batch_2.csv
[2026-02-18T15:38:55.859+0000] {base.py:84} INFO - Using connection ID 'minio_finance' for task execution.
[2026-02-18T15:38:55.860+0000] {connection_wrapper.py:384} INFO - AWS Connection (conn_id='minio_finance', conn_type='aws') credentials retrieved from login and password.
[2026-02-18T15:38:56.175+0000] {logging_mixin.py:188} INFO - ✓ Read 709 rows from people/2026-02-04/batch_20.csv
[2026-02-18T15:38:56.193+0000] {base.py:84} INFO - Using connection ID 'minio_finance' for task execution.
[2026-02-18T15:38:56.194+0000] {connection_wrapper.py:384} INFO - AWS Connection (conn_id='minio_finance', conn_type='aws') credentials retrieved from login and password.
[2026-02-18T15:38:56.446+0000] {logging_mixin.py:188} INFO - ✓ Read 573 rows from people/2026-02-04/batch_21.csv
[2026-02-18T15:38:56.474+0000] {base.py:84} INFO - Using connection ID 'minio_finance' for task execution.
[2026-02-18T15:38:56.475+0000] {connection_wrapper.py:384} INFO - AWS Connection (conn_id='minio_finance', conn_type='aws') credentials retrieved from login and password.
[2026-02-18T15:38:56.740+0000] {logging_mixin.py:188} INFO - ✓ Read 605 rows from people/2026-02-04/batch_22.csv
[2026-02-18T15:38:56.754+0000] {base.py:84} INFO - Using connection ID 'minio_finance' for task execution.
[2026-02-18T15:38:56.756+0000] {connection_wrapper.py:384} INFO - AWS Connection (conn_id='minio_finance', conn_type='aws') credentials retrieved from login and password.
[2026-02-18T15:38:57.197+0000] {logging_mixin.py:188} INFO - ✓ Read 658 rows from people/2026-02-04/batch_23.csv
[2026-02-18T15:38:57.218+0000] {base.py:84} INFO - Using connection ID 'minio_finance' for task execution.
[2026-02-18T15:38:57.221+0000] {connection_wrapper.py:384} INFO - AWS Connection (conn_id='minio_finance', conn_type='aws') credentials retrieved from login and password.
[2026-02-18T15:38:58.051+0000] {logging_mixin.py:188} INFO - ✓ Read 595 rows from people/2026-02-04/batch_24.csv
[2026-02-18T15:38:58.167+0000] {base.py:84} INFO - Using connection ID 'minio_finance' for task execution.
[2026-02-18T15:38:58.229+0000] {connection_wrapper.py:384} INFO - AWS Connection (conn_id='minio_finance', conn_type='aws') credentials retrieved from login and password.
[2026-02-18T15:38:58.641+0000] {logging_mixin.py:188} INFO - ✓ Read 563 rows from people/2026-02-04/batch_25.csv
[2026-02-18T15:38:58.690+0000] {base.py:84} INFO - Using connection ID 'minio_finance' for task execution.
[2026-02-18T15:38:58.692+0000] {connection_wrapper.py:384} INFO - AWS Connection (conn_id='minio_finance', conn_type='aws') credentials retrieved from login and password.
[2026-02-18T15:38:59.092+0000] {logging_mixin.py:188} INFO - ✓ Read 648 rows from people/2026-02-04/batch_26.csv
[2026-02-18T15:38:59.124+0000] {base.py:84} INFO - Using connection ID 'minio_finance' for task execution.
[2026-02-18T15:38:59.128+0000] {connection_wrapper.py:384} INFO - AWS Connection (conn_id='minio_finance', conn_type='aws') credentials retrieved from login and password.
[2026-02-18T15:38:59.541+0000] {logging_mixin.py:188} INFO - ✓ Read 557 rows from people/2026-02-04/batch_27.csv
[2026-02-18T15:38:59.578+0000] {base.py:84} INFO - Using connection ID 'minio_finance' for task execution.
[2026-02-18T15:38:59.579+0000] {connection_wrapper.py:384} INFO - AWS Connection (conn_id='minio_finance', conn_type='aws') credentials retrieved from login and password.
[2026-02-18T15:38:59.971+0000] {logging_mixin.py:188} INFO - ✓ Read 520 rows from people/2026-02-04/batch_28.csv
[2026-02-18T15:38:59.993+0000] {base.py:84} INFO - Using connection ID 'minio_finance' for task execution.
[2026-02-18T15:38:59.994+0000] {connection_wrapper.py:384} INFO - AWS Connection (conn_id='minio_finance', conn_type='aws') credentials retrieved from login and password.
[2026-02-18T15:39:00.290+0000] {logging_mixin.py:188} INFO - ✓ Read 497 rows from people/2026-02-04/batch_29.csv
[2026-02-18T15:39:00.317+0000] {base.py:84} INFO - Using connection ID 'minio_finance' for task execution.
[2026-02-18T15:39:00.318+0000] {connection_wrapper.py:384} INFO - AWS Connection (conn_id='minio_finance', conn_type='aws') credentials retrieved from login and password.
[2026-02-18T15:39:00.639+0000] {logging_mixin.py:188} INFO - ✓ Read 618 rows from people/2026-02-04/batch_3.csv
[2026-02-18T15:39:00.670+0000] {base.py:84} INFO - Using connection ID 'minio_finance' for task execution.
[2026-02-18T15:39:00.676+0000] {connection_wrapper.py:384} INFO - AWS Connection (conn_id='minio_finance', conn_type='aws') credentials retrieved from login and password.
[2026-02-18T15:39:01.980+0000] {logging_mixin.py:188} INFO - ✓ Read 651 rows from people/2026-02-04/batch_30.csv
[2026-02-18T15:39:01.993+0000] {base.py:84} INFO - Using connection ID 'minio_finance' for task execution.
[2026-02-18T15:39:01.997+0000] {connection_wrapper.py:384} INFO - AWS Connection (conn_id='minio_finance', conn_type='aws') credentials retrieved from login and password.
[2026-02-18T15:39:02.236+0000] {logging_mixin.py:188} INFO - ✓ Read 534 rows from people/2026-02-04/batch_31.csv
[2026-02-18T15:39:02.254+0000] {base.py:84} INFO - Using connection ID 'minio_finance' for task execution.
[2026-02-18T15:39:02.255+0000] {connection_wrapper.py:384} INFO - AWS Connection (conn_id='minio_finance', conn_type='aws') credentials retrieved from login and password.
[2026-02-18T15:39:02.550+0000] {logging_mixin.py:188} INFO - ✓ Read 516 rows from people/2026-02-04/batch_32.csv
[2026-02-18T15:39:02.562+0000] {base.py:84} INFO - Using connection ID 'minio_finance' for task execution.
[2026-02-18T15:39:02.563+0000] {connection_wrapper.py:384} INFO - AWS Connection (conn_id='minio_finance', conn_type='aws') credentials retrieved from login and password.
[2026-02-18T15:39:02.778+0000] {logging_mixin.py:188} INFO - ✓ Read 715 rows from people/2026-02-04/batch_33.csv
[2026-02-18T15:39:02.800+0000] {base.py:84} INFO - Using connection ID 'minio_finance' for task execution.
[2026-02-18T15:39:02.806+0000] {connection_wrapper.py:384} INFO - AWS Connection (conn_id='minio_finance', conn_type='aws') credentials retrieved from login and password.
[2026-02-18T15:39:03.005+0000] {logging_mixin.py:188} INFO - ✓ Read 604 rows from people/2026-02-04/batch_34.csv
[2026-02-18T15:39:03.019+0000] {base.py:84} INFO - Using connection ID 'minio_finance' for task execution.
[2026-02-18T15:39:03.022+0000] {connection_wrapper.py:384} INFO - AWS Connection (conn_id='minio_finance', conn_type='aws') credentials retrieved from login and password.
[2026-02-18T15:39:03.228+0000] {logging_mixin.py:188} INFO - ✓ Read 647 rows from people/2026-02-04/batch_35.csv
[2026-02-18T15:39:03.241+0000] {base.py:84} INFO - Using connection ID 'minio_finance' for task execution.
[2026-02-18T15:39:03.243+0000] {connection_wrapper.py:384} INFO - AWS Connection (conn_id='minio_finance', conn_type='aws') credentials retrieved from login and password.
[2026-02-18T15:39:03.511+0000] {logging_mixin.py:188} INFO - ✓ Read 547 rows from people/2026-02-04/batch_36.csv
[2026-02-18T15:39:03.526+0000] {base.py:84} INFO - Using connection ID 'minio_finance' for task execution.
[2026-02-18T15:39:03.527+0000] {connection_wrapper.py:384} INFO - AWS Connection (conn_id='minio_finance', conn_type='aws') credentials retrieved from login and password.
[2026-02-18T15:39:03.775+0000] {logging_mixin.py:188} INFO - ✓ Read 654 rows from people/2026-02-04/batch_37.csv
[2026-02-18T15:39:03.799+0000] {base.py:84} INFO - Using connection ID 'minio_finance' for task execution.
[2026-02-18T15:39:03.815+0000] {connection_wrapper.py:384} INFO - AWS Connection (conn_id='minio_finance', conn_type='aws') credentials retrieved from login and password.
[2026-02-18T15:39:04.112+0000] {logging_mixin.py:188} INFO - ✓ Read 605 rows from people/2026-02-04/batch_38.csv
[2026-02-18T15:39:04.141+0000] {base.py:84} INFO - Using connection ID 'minio_finance' for task execution.
[2026-02-18T15:39:04.144+0000] {connection_wrapper.py:384} INFO - AWS Connection (conn_id='minio_finance', conn_type='aws') credentials retrieved from login and password.
[2026-02-18T15:39:04.478+0000] {logging_mixin.py:188} INFO - ✓ Read 537 rows from people/2026-02-04/batch_39.csv
[2026-02-18T15:39:04.511+0000] {base.py:84} INFO - Using connection ID 'minio_finance' for task execution.
[2026-02-18T15:39:04.550+0000] {connection_wrapper.py:384} INFO - AWS Connection (conn_id='minio_finance', conn_type='aws') credentials retrieved from login and password.
[2026-02-18T15:39:05.231+0000] {logging_mixin.py:188} INFO - ✓ Read 714 rows from people/2026-02-04/batch_4.csv
[2026-02-18T15:39:05.335+0000] {base.py:84} INFO - Using connection ID 'minio_finance' for task execution.
[2026-02-18T15:39:05.345+0000] {connection_wrapper.py:384} INFO - AWS Connection (conn_id='minio_finance', conn_type='aws') credentials retrieved from login and password.
[2026-02-18T15:39:05.639+0000] {logging_mixin.py:188} INFO - ✓ Read 594 rows from people/2026-02-04/batch_40.csv
[2026-02-18T15:39:05.653+0000] {base.py:84} INFO - Using connection ID 'minio_finance' for task execution.
[2026-02-18T15:39:05.655+0000] {connection_wrapper.py:384} INFO - AWS Connection (conn_id='minio_finance', conn_type='aws') credentials retrieved from login and password.
[2026-02-18T15:39:05.923+0000] {logging_mixin.py:188} INFO - ✓ Read 591 rows from people/2026-02-04/batch_41.csv
[2026-02-18T15:39:05.950+0000] {base.py:84} INFO - Using connection ID 'minio_finance' for task execution.
[2026-02-18T15:39:05.954+0000] {connection_wrapper.py:384} INFO - AWS Connection (conn_id='minio_finance', conn_type='aws') credentials retrieved from login and password.
[2026-02-18T15:39:07.503+0000] {logging_mixin.py:188} INFO - ✓ Read 636 rows from people/2026-02-04/batch_42.csv
[2026-02-18T15:39:07.535+0000] {base.py:84} INFO - Using connection ID 'minio_finance' for task execution.
[2026-02-18T15:39:07.540+0000] {connection_wrapper.py:384} INFO - AWS Connection (conn_id='minio_finance', conn_type='aws') credentials retrieved from login and password.
[2026-02-18T15:39:07.855+0000] {logging_mixin.py:188} INFO - ✓ Read 522 rows from people/2026-02-04/batch_43.csv
[2026-02-18T15:39:07.870+0000] {base.py:84} INFO - Using connection ID 'minio_finance' for task execution.
[2026-02-18T15:39:07.872+0000] {connection_wrapper.py:384} INFO - AWS Connection (conn_id='minio_finance', conn_type='aws') credentials retrieved from login and password.
[2026-02-18T15:39:08.163+0000] {logging_mixin.py:188} INFO - ✓ Read 695 rows from people/2026-02-04/batch_44.csv
[2026-02-18T15:39:08.178+0000] {base.py:84} INFO - Using connection ID 'minio_finance' for task execution.
[2026-02-18T15:39:08.179+0000] {connection_wrapper.py:384} INFO - AWS Connection (conn_id='minio_finance', conn_type='aws') credentials retrieved from login and password.
[2026-02-18T15:39:08.481+0000] {logging_mixin.py:188} INFO - ✓ Read 607 rows from people/2026-02-04/batch_45.csv
[2026-02-18T15:39:08.507+0000] {base.py:84} INFO - Using connection ID 'minio_finance' for task execution.
[2026-02-18T15:39:08.508+0000] {connection_wrapper.py:384} INFO - AWS Connection (conn_id='minio_finance', conn_type='aws') credentials retrieved from login and password.
[2026-02-18T15:39:08.714+0000] {logging_mixin.py:188} INFO - ✓ Read 602 rows from people/2026-02-04/batch_46.csv
[2026-02-18T15:39:08.744+0000] {base.py:84} INFO - Using connection ID 'minio_finance' for task execution.
[2026-02-18T15:39:08.745+0000] {connection_wrapper.py:384} INFO - AWS Connection (conn_id='minio_finance', conn_type='aws') credentials retrieved from login and password.
[2026-02-18T15:39:09.140+0000] {logging_mixin.py:188} INFO - ✓ Read 643 rows from people/2026-02-04/batch_47.csv
[2026-02-18T15:39:09.160+0000] {base.py:84} INFO - Using connection ID 'minio_finance' for task execution.
[2026-02-18T15:39:09.166+0000] {connection_wrapper.py:384} INFO - AWS Connection (conn_id='minio_finance', conn_type='aws') credentials retrieved from login and password.
[2026-02-18T15:39:09.487+0000] {logging_mixin.py:188} INFO - ✓ Read 576 rows from people/2026-02-04/batch_48.csv
[2026-02-18T15:39:09.506+0000] {base.py:84} INFO - Using connection ID 'minio_finance' for task execution.
[2026-02-18T15:39:09.508+0000] {connection_wrapper.py:384} INFO - AWS Connection (conn_id='minio_finance', conn_type='aws') credentials retrieved from login and password.
[2026-02-18T15:39:09.706+0000] {logging_mixin.py:188} INFO - ✓ Read 753 rows from people/2026-02-04/batch_49.csv
[2026-02-18T15:39:09.719+0000] {base.py:84} INFO - Using connection ID 'minio_finance' for task execution.
[2026-02-18T15:39:09.720+0000] {connection_wrapper.py:384} INFO - AWS Connection (conn_id='minio_finance', conn_type='aws') credentials retrieved from login and password.
[2026-02-18T15:39:10.011+0000] {logging_mixin.py:188} INFO - ✓ Read 563 rows from people/2026-02-04/batch_5.csv
[2026-02-18T15:39:10.027+0000] {base.py:84} INFO - Using connection ID 'minio_finance' for task execution.
[2026-02-18T15:39:10.028+0000] {connection_wrapper.py:384} INFO - AWS Connection (conn_id='minio_finance', conn_type='aws') credentials retrieved from login and password.
[2026-02-18T15:39:10.309+0000] {logging_mixin.py:188} INFO - ✓ Read 543 rows from people/2026-02-04/batch_50.csv
[2026-02-18T15:39:10.320+0000] {base.py:84} INFO - Using connection ID 'minio_finance' for task execution.
[2026-02-18T15:39:10.321+0000] {connection_wrapper.py:384} INFO - AWS Connection (conn_id='minio_finance', conn_type='aws') credentials retrieved from login and password.
[2026-02-18T15:39:10.510+0000] {logging_mixin.py:188} INFO - ✓ Read 632 rows from people/2026-02-04/batch_51.csv
[2026-02-18T15:39:10.524+0000] {base.py:84} INFO - Using connection ID 'minio_finance' for task execution.
[2026-02-18T15:39:10.525+0000] {connection_wrapper.py:384} INFO - AWS Connection (conn_id='minio_finance', conn_type='aws') credentials retrieved from login and password.
[2026-02-18T15:39:10.759+0000] {logging_mixin.py:188} INFO - ✓ Read 692 rows from people/2026-02-04/batch_52.csv
[2026-02-18T15:39:10.773+0000] {base.py:84} INFO - Using connection ID 'minio_finance' for task execution.
[2026-02-18T15:39:10.774+0000] {connection_wrapper.py:384} INFO - AWS Connection (conn_id='minio_finance', conn_type='aws') credentials retrieved from login and password.
[2026-02-18T15:39:11.149+0000] {logging_mixin.py:188} INFO - ✓ Read 599 rows from people/2026-02-04/batch_53.csv
[2026-02-18T15:39:11.186+0000] {base.py:84} INFO - Using connection ID 'minio_finance' for task execution.
[2026-02-18T15:39:11.191+0000] {connection_wrapper.py:384} INFO - AWS Connection (conn_id='minio_finance', conn_type='aws') credentials retrieved from login and password.
[2026-02-18T15:39:13.349+0000] {logging_mixin.py:188} INFO - ✓ Read 698 rows from people/2026-02-04/batch_54.csv
[2026-02-18T15:39:13.371+0000] {base.py:84} INFO - Using connection ID 'minio_finance' for task execution.
[2026-02-18T15:39:13.372+0000] {connection_wrapper.py:384} INFO - AWS Connection (conn_id='minio_finance', conn_type='aws') credentials retrieved from login and password.
[2026-02-18T15:39:13.600+0000] {logging_mixin.py:188} INFO - ✓ Read 541 rows from people/2026-02-04/batch_55.csv
[2026-02-18T15:39:13.610+0000] {base.py:84} INFO - Using connection ID 'minio_finance' for task execution.
[2026-02-18T15:39:13.613+0000] {connection_wrapper.py:384} INFO - AWS Connection (conn_id='minio_finance', conn_type='aws') credentials retrieved from login and password.
[2026-02-18T15:39:13.876+0000] {logging_mixin.py:188} INFO - ✓ Read 483 rows from people/2026-02-04/batch_56.csv
[2026-02-18T15:39:13.911+0000] {base.py:84} INFO - Using connection ID 'minio_finance' for task execution.
[2026-02-18T15:39:13.915+0000] {connection_wrapper.py:384} INFO - AWS Connection (conn_id='minio_finance', conn_type='aws') credentials retrieved from login and password.
[2026-02-18T15:39:14.235+0000] {logging_mixin.py:188} INFO - ✓ Read 473 rows from people/2026-02-04/batch_57.csv
[2026-02-18T15:39:14.250+0000] {base.py:84} INFO - Using connection ID 'minio_finance' for task execution.
[2026-02-18T15:39:14.252+0000] {connection_wrapper.py:384} INFO - AWS Connection (conn_id='minio_finance', conn_type='aws') credentials retrieved from login and password.
[2026-02-18T15:39:14.549+0000] {logging_mixin.py:188} INFO - ✓ Read 662 rows from people/2026-02-04/batch_58.csv
[2026-02-18T15:39:14.596+0000] {base.py:84} INFO - Using connection ID 'minio_finance' for task execution.
[2026-02-18T15:39:14.599+0000] {connection_wrapper.py:384} INFO - AWS Connection (conn_id='minio_finance', conn_type='aws') credentials retrieved from login and password.
[2026-02-18T15:39:14.874+0000] {logging_mixin.py:188} INFO - ✓ Read 610 rows from people/2026-02-04/batch_59.csv
[2026-02-18T15:39:14.887+0000] {base.py:84} INFO - Using connection ID 'minio_finance' for task execution.
[2026-02-18T15:39:14.889+0000] {connection_wrapper.py:384} INFO - AWS Connection (conn_id='minio_finance', conn_type='aws') credentials retrieved from login and password.
[2026-02-18T15:39:15.200+0000] {logging_mixin.py:188} INFO - ✓ Read 711 rows from people/2026-02-04/batch_6.csv
[2026-02-18T15:39:15.224+0000] {base.py:84} INFO - Using connection ID 'minio_finance' for task execution.
[2026-02-18T15:39:15.226+0000] {connection_wrapper.py:384} INFO - AWS Connection (conn_id='minio_finance', conn_type='aws') credentials retrieved from login and password.
[2026-02-18T15:39:15.515+0000] {logging_mixin.py:188} INFO - ✓ Read 624 rows from people/2026-02-04/batch_60.csv
[2026-02-18T15:39:15.528+0000] {base.py:84} INFO - Using connection ID 'minio_finance' for task execution.
[2026-02-18T15:39:15.530+0000] {connection_wrapper.py:384} INFO - AWS Connection (conn_id='minio_finance', conn_type='aws') credentials retrieved from login and password.
[2026-02-18T15:39:15.769+0000] {logging_mixin.py:188} INFO - ✓ Read 571 rows from people/2026-02-04/batch_61.csv
[2026-02-18T15:39:15.779+0000] {base.py:84} INFO - Using connection ID 'minio_finance' for task execution.
[2026-02-18T15:39:15.781+0000] {connection_wrapper.py:384} INFO - AWS Connection (conn_id='minio_finance', conn_type='aws') credentials retrieved from login and password.
[2026-02-18T15:39:15.936+0000] {logging_mixin.py:188} INFO - ✓ Read 660 rows from people/2026-02-04/batch_62.csv
[2026-02-18T15:39:15.951+0000] {base.py:84} INFO - Using connection ID 'minio_finance' for task execution.
[2026-02-18T15:39:15.953+0000] {connection_wrapper.py:384} INFO - AWS Connection (conn_id='minio_finance', conn_type='aws') credentials retrieved from login and password.
[2026-02-18T15:39:16.192+0000] {logging_mixin.py:188} INFO - ✓ Read 588 rows from people/2026-02-04/batch_63.csv
[2026-02-18T15:39:16.216+0000] {base.py:84} INFO - Using connection ID 'minio_finance' for task execution.
[2026-02-18T15:39:16.219+0000] {connection_wrapper.py:384} INFO - AWS Connection (conn_id='minio_finance', conn_type='aws') credentials retrieved from login and password.
[2026-02-18T15:39:16.463+0000] {logging_mixin.py:188} INFO - ✓ Read 537 rows from people/2026-02-04/batch_64.csv
[2026-02-18T15:39:16.473+0000] {base.py:84} INFO - Using connection ID 'minio_finance' for task execution.
[2026-02-18T15:39:16.475+0000] {connection_wrapper.py:384} INFO - AWS Connection (conn_id='minio_finance', conn_type='aws') credentials retrieved from login and password.
[2026-02-18T15:39:16.679+0000] {logging_mixin.py:188} INFO - ✓ Read 519 rows from people/2026-02-04/batch_65.csv
[2026-02-18T15:39:16.691+0000] {base.py:84} INFO - Using connection ID 'minio_finance' for task execution.
[2026-02-18T15:39:16.695+0000] {connection_wrapper.py:384} INFO - AWS Connection (conn_id='minio_finance', conn_type='aws') credentials retrieved from login and password.
[2026-02-18T15:39:17.663+0000] {logging_mixin.py:188} INFO - ✓ Read 639 rows from people/2026-02-04/batch_66.csv
[2026-02-18T15:39:17.685+0000] {base.py:84} INFO - Using connection ID 'minio_finance' for task execution.
[2026-02-18T15:39:17.688+0000] {connection_wrapper.py:384} INFO - AWS Connection (conn_id='minio_finance', conn_type='aws') credentials retrieved from login and password.
[2026-02-18T15:39:17.994+0000] {logging_mixin.py:188} INFO - ✓ Read 544 rows from people/2026-02-04/batch_67.csv
[2026-02-18T15:39:18.020+0000] {base.py:84} INFO - Using connection ID 'minio_finance' for task execution.
[2026-02-18T15:39:18.022+0000] {connection_wrapper.py:384} INFO - AWS Connection (conn_id='minio_finance', conn_type='aws') credentials retrieved from login and password.
[2026-02-18T15:39:18.337+0000] {logging_mixin.py:188} INFO - ✓ Read 544 rows from people/2026-02-04/batch_68.csv
[2026-02-18T15:39:18.381+0000] {base.py:84} INFO - Using connection ID 'minio_finance' for task execution.
[2026-02-18T15:39:18.383+0000] {connection_wrapper.py:384} INFO - AWS Connection (conn_id='minio_finance', conn_type='aws') credentials retrieved from login and password.
[2026-02-18T15:39:18.705+0000] {logging_mixin.py:188} INFO - ✓ Read 678 rows from people/2026-02-04/batch_69.csv
[2026-02-18T15:39:18.751+0000] {base.py:84} INFO - Using connection ID 'minio_finance' for task execution.
[2026-02-18T15:39:18.757+0000] {connection_wrapper.py:384} INFO - AWS Connection (conn_id='minio_finance', conn_type='aws') credentials retrieved from login and password.
[2026-02-18T15:39:19.042+0000] {logging_mixin.py:188} INFO - ✓ Read 553 rows from people/2026-02-04/batch_7.csv
[2026-02-18T15:39:19.066+0000] {base.py:84} INFO - Using connection ID 'minio_finance' for task execution.
[2026-02-18T15:39:19.068+0000] {connection_wrapper.py:384} INFO - AWS Connection (conn_id='minio_finance', conn_type='aws') credentials retrieved from login and password.
[2026-02-18T15:39:19.345+0000] {logging_mixin.py:188} INFO - ✓ Read 654 rows from people/2026-02-04/batch_70.csv
[2026-02-18T15:39:19.362+0000] {base.py:84} INFO - Using connection ID 'minio_finance' for task execution.
[2026-02-18T15:39:19.378+0000] {connection_wrapper.py:384} INFO - AWS Connection (conn_id='minio_finance', conn_type='aws') credentials retrieved from login and password.
[2026-02-18T15:39:20.285+0000] {logging_mixin.py:188} INFO - ✓ Read 559 rows from people/2026-02-04/batch_71.csv
[2026-02-18T15:39:20.369+0000] {base.py:84} INFO - Using connection ID 'minio_finance' for task execution.
[2026-02-18T15:39:20.407+0000] {connection_wrapper.py:384} INFO - AWS Connection (conn_id='minio_finance', conn_type='aws') credentials retrieved from login and password.
[2026-02-18T15:39:20.758+0000] {logging_mixin.py:188} INFO - ✓ Read 735 rows from people/2026-02-04/batch_72.csv
[2026-02-18T15:39:20.784+0000] {base.py:84} INFO - Using connection ID 'minio_finance' for task execution.
[2026-02-18T15:39:20.788+0000] {connection_wrapper.py:384} INFO - AWS Connection (conn_id='minio_finance', conn_type='aws') credentials retrieved from login and password.
[2026-02-18T15:39:21.198+0000] {logging_mixin.py:188} INFO - ✓ Read 506 rows from people/2026-02-04/batch_73.csv
[2026-02-18T15:39:21.231+0000] {base.py:84} INFO - Using connection ID 'minio_finance' for task execution.
[2026-02-18T15:39:21.233+0000] {connection_wrapper.py:384} INFO - AWS Connection (conn_id='minio_finance', conn_type='aws') credentials retrieved from login and password.
[2026-02-18T15:39:21.640+0000] {logging_mixin.py:188} INFO - ✓ Read 676 rows from people/2026-02-04/batch_74.csv
[2026-02-18T15:39:21.654+0000] {base.py:84} INFO - Using connection ID 'minio_finance' for task execution.
[2026-02-18T15:39:21.658+0000] {connection_wrapper.py:384} INFO - AWS Connection (conn_id='minio_finance', conn_type='aws') credentials retrieved from login and password.
[2026-02-18T15:39:21.983+0000] {logging_mixin.py:188} INFO - ✓ Read 539 rows from people/2026-02-04/batch_75.csv
[2026-02-18T15:39:21.999+0000] {base.py:84} INFO - Using connection ID 'minio_finance' for task execution.
[2026-02-18T15:39:22.003+0000] {connection_wrapper.py:384} INFO - AWS Connection (conn_id='minio_finance', conn_type='aws') credentials retrieved from login and password.
[2026-02-18T15:39:22.304+0000] {logging_mixin.py:188} INFO - ✓ Read 567 rows from people/2026-02-04/batch_76.csv
[2026-02-18T15:39:22.322+0000] {base.py:84} INFO - Using connection ID 'minio_finance' for task execution.
[2026-02-18T15:39:22.324+0000] {connection_wrapper.py:384} INFO - AWS Connection (conn_id='minio_finance', conn_type='aws') credentials retrieved from login and password.
[2026-02-18T15:39:22.578+0000] {logging_mixin.py:188} INFO - ✓ Read 669 rows from people/2026-02-04/batch_77.csv
[2026-02-18T15:39:22.610+0000] {base.py:84} INFO - Using connection ID 'minio_finance' for task execution.
[2026-02-18T15:39:22.612+0000] {connection_wrapper.py:384} INFO - AWS Connection (conn_id='minio_finance', conn_type='aws') credentials retrieved from login and password.
[2026-02-18T15:39:22.817+0000] {logging_mixin.py:188} INFO - ✓ Read 548 rows from people/2026-02-04/batch_78.csv
[2026-02-18T15:39:22.832+0000] {base.py:84} INFO - Using connection ID 'minio_finance' for task execution.
[2026-02-18T15:39:22.833+0000] {connection_wrapper.py:384} INFO - AWS Connection (conn_id='minio_finance', conn_type='aws') credentials retrieved from login and password.
[2026-02-18T15:39:23.889+0000] {logging_mixin.py:188} INFO - ✓ Read 474 rows from people/2026-02-04/batch_79.csv
[2026-02-18T15:39:23.905+0000] {base.py:84} INFO - Using connection ID 'minio_finance' for task execution.
[2026-02-18T15:39:23.907+0000] {connection_wrapper.py:384} INFO - AWS Connection (conn_id='minio_finance', conn_type='aws') credentials retrieved from login and password.
[2026-02-18T15:39:24.294+0000] {logging_mixin.py:188} INFO - ✓ Read 587 rows from people/2026-02-04/batch_8.csv
[2026-02-18T15:39:24.331+0000] {base.py:84} INFO - Using connection ID 'minio_finance' for task execution.
[2026-02-18T15:39:24.332+0000] {connection_wrapper.py:384} INFO - AWS Connection (conn_id='minio_finance', conn_type='aws') credentials retrieved from login and password.
[2026-02-18T15:39:24.654+0000] {logging_mixin.py:188} INFO - ✓ Read 470 rows from people/2026-02-04/batch_80.csv
[2026-02-18T15:39:24.687+0000] {base.py:84} INFO - Using connection ID 'minio_finance' for task execution.
[2026-02-18T15:39:24.689+0000] {connection_wrapper.py:384} INFO - AWS Connection (conn_id='minio_finance', conn_type='aws') credentials retrieved from login and password.
[2026-02-18T15:39:24.959+0000] {logging_mixin.py:188} INFO - ✓ Read 489 rows from people/2026-02-04/batch_81.csv
[2026-02-18T15:39:24.973+0000] {base.py:84} INFO - Using connection ID 'minio_finance' for task execution.
[2026-02-18T15:39:24.975+0000] {connection_wrapper.py:384} INFO - AWS Connection (conn_id='minio_finance', conn_type='aws') credentials retrieved from login and password.
[2026-02-18T15:39:25.213+0000] {logging_mixin.py:188} INFO - ✓ Read 517 rows from people/2026-02-04/batch_82.csv
[2026-02-18T15:39:25.234+0000] {base.py:84} INFO - Using connection ID 'minio_finance' for task execution.
[2026-02-18T15:39:25.237+0000] {connection_wrapper.py:384} INFO - AWS Connection (conn_id='minio_finance', conn_type='aws') credentials retrieved from login and password.
[2026-02-18T15:39:25.498+0000] {logging_mixin.py:188} INFO - ✓ Read 511 rows from people/2026-02-04/batch_83.csv
[2026-02-18T15:39:25.528+0000] {base.py:84} INFO - Using connection ID 'minio_finance' for task execution.
[2026-02-18T15:39:25.529+0000] {connection_wrapper.py:384} INFO - AWS Connection (conn_id='minio_finance', conn_type='aws') credentials retrieved from login and password.
[2026-02-18T15:39:25.868+0000] {logging_mixin.py:188} INFO - ✓ Read 603 rows from people/2026-02-04/batch_84.csv
[2026-02-18T15:39:25.889+0000] {base.py:84} INFO - Using connection ID 'minio_finance' for task execution.
[2026-02-18T15:39:25.891+0000] {connection_wrapper.py:384} INFO - AWS Connection (conn_id='minio_finance', conn_type='aws') credentials retrieved from login and password.
[2026-02-18T15:39:26.201+0000] {logging_mixin.py:188} INFO - ✓ Read 563 rows from people/2026-02-04/batch_85.csv
[2026-02-18T15:39:26.221+0000] {base.py:84} INFO - Using connection ID 'minio_finance' for task execution.
[2026-02-18T15:39:26.230+0000] {connection_wrapper.py:384} INFO - AWS Connection (conn_id='minio_finance', conn_type='aws') credentials retrieved from login and password.
[2026-02-18T15:39:26.461+0000] {logging_mixin.py:188} INFO - ✓ Read 633 rows from people/2026-02-04/batch_86.csv
[2026-02-18T15:39:26.472+0000] {base.py:84} INFO - Using connection ID 'minio_finance' for task execution.
[2026-02-18T15:39:26.476+0000] {connection_wrapper.py:384} INFO - AWS Connection (conn_id='minio_finance', conn_type='aws') credentials retrieved from login and password.
[2026-02-18T15:39:26.756+0000] {logging_mixin.py:188} INFO - ✓ Read 653 rows from people/2026-02-04/batch_9.csv
[2026-02-18T15:39:26.773+0000] {logging_mixin.py:188} INFO - ✓ Concatenated 87 files into 51347 total rows
[2026-02-18T15:39:26.799+0000] {logging_mixin.py:188} INFO - Loaded 51347 rows
[2026-02-18T15:39:26.800+0000] {logging_mixin.py:188} INFO - 
[3/4] Cleaning and transforming data...
[2026-02-18T15:39:27.696+0000] {logging_mixin.py:188} INFO - After cleaning: 51319 rows
[2026-02-18T15:39:27.698+0000] {logging_mixin.py:188} INFO - 
[4/4] Replacing data in database (full refresh)...
[2026-02-18T15:39:27.729+0000] {logging_mixin.py:188} INFO - ✓ Schema hethong_phantich_chungkhoan ensured
[2026-02-18T15:39:34.387+0000] {logging_mixin.py:188} INFO - ✓ Truncated table hethong_phantich_chungkhoan.owner
[2026-02-18T15:39:36.993+0000] {logging_mixin.py:188} INFO - ==================================================
[2026-02-18T15:39:36.994+0000] {logging_mixin.py:188} INFO - 📥 LOADED from MinIO: 51319 rows
[2026-02-18T15:39:36.995+0000] {logging_mixin.py:188} INFO - 📤 REPLACED in DB: 51319 rows (full refresh)
[2026-02-18T15:39:36.996+0000] {logging_mixin.py:188} INFO - ==================================================
[2026-02-18T15:39:37.024+0000] {python.py:237} INFO - Done. Returned value was: ✅ Success: Loaded 51319 | Replaced 51319 rows
[2026-02-18T15:39:37.028+0000] {taskinstance.py:441} INFO - ::group::Post task execution logs
[2026-02-18T15:39:37.101+0000] {taskinstance.py:1206} INFO - Marking task as SUCCESS. dag_id=minio_to_db_sync, task_id=sync_people, run_id=scheduled__2026-02-17T03:00:00+00:00, execution_date=20260217T030000, start_date=20260218T153613, end_date=20260218T153937
[2026-02-18T15:39:37.264+0000] {local_task_job_runner.py:243} INFO - Task exited with return code 0
[2026-02-18T15:39:37.745+0000] {taskinstance.py:3503} INFO - 0 downstream tasks scheduled from follow-on schedule check
[2026-02-18T15:39:37.750+0000] {local_task_job_runner.py:222} INFO - ::endgroup::
