[2026-04-21T01:29:22.464+0000] {local_task_job_runner.py:120} INFO - ::group::Pre task execution logs
[2026-04-21T01:29:22.527+0000] {taskinstance.py:2076} INFO - Dependencies all met for dep_context=non-requeueable deps ti=<TaskInstance: daily_price.ingest_daily_price scheduled__2026-04-17T16:00:00+00:00 map_index=255 [queued]>
[2026-04-21T01:29:22.568+0000] {taskinstance.py:2076} INFO - Dependencies all met for dep_context=requeueable deps ti=<TaskInstance: daily_price.ingest_daily_price scheduled__2026-04-17T16:00:00+00:00 map_index=255 [queued]>
[2026-04-21T01:29:22.568+0000] {taskinstance.py:2306} INFO - Starting attempt 1 of 2
[2026-04-21T01:29:22.629+0000] {taskinstance.py:2330} INFO - Executing <Mapped(DfToCsvOperator): ingest_daily_price> on 2026-04-17 16:00:00+00:00
[2026-04-21T01:29:22.649+0000] {warnings.py:112} WARNING - This process (pid=2335) is multi-threaded, use of fork() may lead to deadlocks in the child.

[2026-04-21T01:29:22.651+0000] {standard_task_runner.py:64} INFO - Started process 2383 to run task
[2026-04-21T01:29:22.655+0000] {standard_task_runner.py:90} INFO - Running: ['***', 'tasks', 'run', 'daily_price', 'ingest_daily_price', 'scheduled__2026-04-17T16:00:00+00:00', '--job-id', '44173', '--raw', '--subdir', 'DAGS_FOLDER/dl_dailly_price.py', '--cfg-path', '/tmp/tmpon39jzxy', '--map-index', '255']
[2026-04-21T01:29:22.660+0000] {standard_task_runner.py:91} INFO - Job 44173: Subtask ingest_daily_price
[2026-04-21T01:29:22.739+0000] {task_command.py:426} INFO - Running <TaskInstance: daily_price.ingest_daily_price scheduled__2026-04-17T16:00:00+00:00 map_index=255 [running]> on host 582423675ff6
[2026-04-21T01:29:23.212+0000] {taskinstance.py:2648} INFO - Exporting env vars: AIRFLOW_CTX_DAG_OWNER='***' AIRFLOW_CTX_DAG_ID='daily_price' AIRFLOW_CTX_TASK_ID='ingest_daily_price' AIRFLOW_CTX_EXECUTION_DATE='2026-04-17T16:00:00+00:00' AIRFLOW_CTX_TRY_NUMBER='1' AIRFLOW_CTX_DAG_RUN_ID='scheduled__2026-04-17T16:00:00+00:00'
[2026-04-21T01:29:23.214+0000] {taskinstance.py:430} INFO - ::endgroup::
[2026-04-21T01:29:23.214+0000] {datalake_df2csv.py:40} INFO - ================================================================================
[2026-04-21T01:29:23.215+0000] {datalake_df2csv.py:41} INFO - 🚀 BẮT ĐẦU TASK: ingest_daily_price
[2026-04-21T01:29:23.215+0000] {datalake_df2csv.py:42} INFO - ================================================================================
[2026-04-21T01:29:23.216+0000] {datalake_df2csv.py:43} INFO - 📋 Thông tin cấu hình:
[2026-04-21T01:29:23.216+0000] {datalake_df2csv.py:44} INFO -   - Logic file: history_price
[2026-04-21T01:29:23.217+0000] {datalake_df2csv.py:45} INFO -   - DataFrame name: get_history_price_batch
[2026-04-21T01:29:23.217+0000] {datalake_df2csv.py:46} INFO -   - Bucket: thongtin-congty-va-bctc
[2026-04-21T01:29:23.217+0000] {datalake_df2csv.py:47} INFO -   - Object path: daily_price/2026-04-17/batch_255.csv
[2026-04-21T01:29:23.218+0000] {datalake_df2csv.py:48} INFO -   - Connection ID: minio_finance
[2026-04-21T01:29:23.218+0000] {datalake_df2csv.py:49} INFO -   - Tham số truyền vào: {'symbols': ['DLR', 'BLN', 'E12', 'BVL', 'MBG'], 'start_date': '2026-04-17', 'end_date': '2026-04-18'}
[2026-04-21T01:29:23.218+0000] {datalake_df2csv.py:50} INFO - --------------------------------------------------------------------------------
[2026-04-21T01:29:23.219+0000] {datalake_df2csv.py:54} INFO - 📥 Bước 1: Đang load dữ liệu từ logic file...
[2026-04-21T01:29:23.222+0000] {datalake_df2csv.py:148} INFO -   - Logic directory: /opt/airflow/plugins/logic
[2026-04-21T01:29:23.223+0000] {datalake_df2csv.py:149} INFO -   - Module path: /opt/airflow/plugins/logic/history_price.py
[2026-04-21T01:29:23.223+0000] {datalake_df2csv.py:153} INFO -   - Đã thêm logic directory vào sys.path
[2026-04-21T01:29:23.224+0000] {datalake_df2csv.py:159} INFO -   - Đang load module 'history_price'...
[2026-04-21T01:29:23.228+0000] {datalake_df2csv.py:163} INFO -   - ✅ Module loaded thành công
[2026-04-21T01:29:23.228+0000] {datalake_df2csv.py:165} INFO -   - Đang tìm DataFrame/function: 'get_history_price_batch'...
[2026-04-21T01:29:23.229+0000] {datalake_df2csv.py:170} INFO -   - ✅ Tìm thấy object: function
[2026-04-21T01:29:23.230+0000] {datalake_df2csv.py:173} INFO -   - Đang gọi function với tham số: {'symbols': ['DLR', 'BLN', 'E12', 'BVL', 'MBG'], 'start_date': '2026-04-17', 'end_date': '2026-04-18'}
[2026-04-21T01:29:27.811+0000] {datalake_df2csv.py:68} INFO - ✅ Load dữ liệu thành công!
[2026-04-21T01:29:27.812+0000] {datalake_df2csv.py:69} INFO - 📊 Thông tin DataFrame:
[2026-04-21T01:29:27.812+0000] {datalake_df2csv.py:70} INFO -   - Số dòng: 10
[2026-04-21T01:29:27.813+0000] {datalake_df2csv.py:71} INFO -   - Số cột: 7
[2026-04-21T01:29:27.814+0000] {datalake_df2csv.py:72} INFO -   - Tên các cột: ['ticker', 'trading_date', 'open', 'high', 'low', 'close', 'volume']
[2026-04-21T01:29:27.815+0000] {datalake_df2csv.py:73} INFO -   - Kiểu dữ liệu: {'ticker': 'object', 'trading_date': 'object', 'open': 'float64', 'high': 'float64', 'low': 'float64', 'close': 'float64', 'volume': 'int64'}
[2026-04-21T01:29:27.818+0000] {datalake_df2csv.py:74} INFO -   - Bộ nhớ sử dụng: 0.00 MB
[2026-04-21T01:29:27.821+0000] {datalake_df2csv.py:83} INFO -   - Không có giá trị NULL
[2026-04-21T01:29:27.821+0000] {datalake_df2csv.py:86} INFO -   - Mẫu dữ liệu (5 dòng đầu):
[2026-04-21T01:29:27.823+0000] {datalake_df2csv.py:88} INFO -     Row 0: {'ticker': 'DLR', 'trading_date': '2025-11-28', 'open': 15.9, 'high': 15.9, 'low': 15.9, 'close': 15.9, 'volume': 16300}
[2026-04-21T01:29:27.824+0000] {datalake_df2csv.py:88} INFO -     Row 1: {'ticker': 'DLR', 'trading_date': '2026-01-09', 'open': 13.6, 'high': 13.6, 'low': 13.6, 'close': 13.6, 'volume': 200}
[2026-04-21T01:29:27.825+0000] {datalake_df2csv.py:88} INFO -     Row 2: {'ticker': 'BLN', 'trading_date': '2026-04-14', 'open': 9.0, 'high': 9.0, 'low': 9.0, 'close': 9.0, 'volume': 1300}
[2026-04-21T01:29:27.826+0000] {datalake_df2csv.py:88} INFO -     Row 3: {'ticker': 'BLN', 'trading_date': '2026-04-17', 'open': 7.7, 'high': 7.7, 'low': 7.7, 'close': 7.7, 'volume': 100}
[2026-04-21T01:29:27.827+0000] {datalake_df2csv.py:88} INFO -     Row 4: {'ticker': 'E12', 'trading_date': '2026-04-16', 'open': 4.0, 'high': 4.3, 'low': 3.8, 'close': 4.0, 'volume': 2100}
[2026-04-21T01:29:27.828+0000] {datalake_df2csv.py:90} INFO - --------------------------------------------------------------------------------
[2026-04-21T01:29:27.828+0000] {datalake_df2csv.py:93} INFO - 📝 Bước 2: Đang chuyển đổi DataFrame sang CSV...
[2026-04-21T01:29:27.835+0000] {datalake_df2csv.py:97} INFO - ✅ Chuyển đổi CSV thành công!
[2026-04-21T01:29:27.836+0000] {datalake_df2csv.py:98} INFO -   - Kích thước file: 0.00 MB
[2026-04-21T01:29:27.837+0000] {datalake_df2csv.py:99} INFO -   - Thời gian chuyển đổi: 0.01 giây
[2026-04-21T01:29:27.837+0000] {datalake_df2csv.py:100} INFO - --------------------------------------------------------------------------------
[2026-04-21T01:29:27.838+0000] {datalake_df2csv.py:103} INFO - ☁️  Bước 3: Đang upload lên MinIO/S3...
[2026-04-21T01:29:27.852+0000] {base.py:84} INFO - Using connection ID 'minio_finance' for task execution.
[2026-04-21T01:29:27.853+0000] {connection_wrapper.py:384} INFO - AWS Connection (conn_id='minio_finance', conn_type='aws') credentials retrieved from login and password.
[2026-04-21T01:29:28.643+0000] {datalake_df2csv.py:112} INFO -   - Bucket 'thongtin-congty-va-bctc' đã tồn tại
[2026-04-21T01:29:28.691+0000] {datalake_df2csv.py:117} INFO - ✅ Upload thành công!
[2026-04-21T01:29:28.692+0000] {datalake_df2csv.py:118} INFO -   - Đường dẫn: s3://thongtin-congty-va-bctc/daily_price/2026-04-17/batch_255.csv
[2026-04-21T01:29:28.692+0000] {datalake_df2csv.py:119} INFO -   - Số dòng: 10
[2026-04-21T01:29:28.693+0000] {datalake_df2csv.py:120} INFO -   - Thời gian upload: 0.85 giây
[2026-04-21T01:29:28.693+0000] {datalake_df2csv.py:121} INFO - --------------------------------------------------------------------------------
[2026-04-21T01:29:28.694+0000] {datalake_df2csv.py:125} INFO - 📈 TỔNG KẾT:
[2026-04-21T01:29:28.694+0000] {datalake_df2csv.py:126} INFO -   - Tổng thời gian thực thi: 5.48 giây
[2026-04-21T01:29:28.694+0000] {datalake_df2csv.py:127} INFO -   - Tốc độ xử lý: 2 dòng/giây
[2026-04-21T01:29:28.695+0000] {datalake_df2csv.py:128} INFO - ================================================================================
[2026-04-21T01:29:28.695+0000] {datalake_df2csv.py:129} INFO - ✅ HOÀN THÀNH TASK: ingest_daily_price
[2026-04-21T01:29:28.696+0000] {datalake_df2csv.py:130} INFO - ================================================================================
[2026-04-21T01:29:28.697+0000] {taskinstance.py:441} INFO - ::group::Post task execution logs
[2026-04-21T01:29:28.730+0000] {taskinstance.py:1206} INFO - Marking task as SUCCESS. dag_id=daily_price, task_id=ingest_daily_price, run_id=scheduled__2026-04-17T16:00:00+00:00, map_index=255, execution_date=20260417T160000, start_date=20260421T012922, end_date=20260421T012928
[2026-04-21T01:29:28.825+0000] {local_task_job_runner.py:243} INFO - Task exited with return code 0
[2026-04-21T01:29:28.851+0000] {taskinstance.py:3503} INFO - 0 downstream tasks scheduled from follow-on schedule check
[2026-04-21T01:29:28.856+0000] {local_task_job_runner.py:222} INFO - ::endgroup::
