[2026-04-13T16:04:18.334+0000] {local_task_job_runner.py:120} INFO - ::group::Pre task execution logs
[2026-04-13T16:04:18.400+0000] {taskinstance.py:2076} INFO - Dependencies all met for dep_context=non-requeueable deps ti=<TaskInstance: daily_price.ingest_daily_price scheduled__2026-04-10T16:00:00+00:00 map_index=169 [queued]>
[2026-04-13T16:04:18.451+0000] {taskinstance.py:2076} INFO - Dependencies all met for dep_context=requeueable deps ti=<TaskInstance: daily_price.ingest_daily_price scheduled__2026-04-10T16:00:00+00:00 map_index=169 [queued]>
[2026-04-13T16:04:18.453+0000] {taskinstance.py:2306} INFO - Starting attempt 1 of 2
[2026-04-13T16:04:18.496+0000] {taskinstance.py:2330} INFO - Executing <Mapped(DfToCsvOperator): ingest_daily_price> on 2026-04-10 16:00:00+00:00
[2026-04-13T16:04:18.515+0000] {warnings.py:112} WARNING - This process (pid=4028) is multi-threaded, use of fork() may lead to deadlocks in the child.

[2026-04-13T16:04:18.518+0000] {standard_task_runner.py:64} INFO - Started process 4075 to run task
[2026-04-13T16:04:18.521+0000] {standard_task_runner.py:90} INFO - Running: ['***', 'tasks', 'run', 'daily_price', 'ingest_daily_price', 'scheduled__2026-04-10T16:00:00+00:00', '--job-id', '42193', '--raw', '--subdir', 'DAGS_FOLDER/dl_dailly_price.py', '--cfg-path', '/tmp/tmp25vzhb_g', '--map-index', '169']
[2026-04-13T16:04:18.530+0000] {standard_task_runner.py:91} INFO - Job 42193: Subtask ingest_daily_price
[2026-04-13T16:04:18.650+0000] {task_command.py:426} INFO - Running <TaskInstance: daily_price.ingest_daily_price scheduled__2026-04-10T16:00:00+00:00 map_index=169 [running]> on host 379c2ed41535
[2026-04-13T16:04:19.414+0000] {taskinstance.py:2648} INFO - Exporting env vars: AIRFLOW_CTX_DAG_OWNER='***' AIRFLOW_CTX_DAG_ID='daily_price' AIRFLOW_CTX_TASK_ID='ingest_daily_price' AIRFLOW_CTX_EXECUTION_DATE='2026-04-10T16:00:00+00:00' AIRFLOW_CTX_TRY_NUMBER='1' AIRFLOW_CTX_DAG_RUN_ID='scheduled__2026-04-10T16:00:00+00:00'
[2026-04-13T16:04:19.415+0000] {taskinstance.py:430} INFO - ::endgroup::
[2026-04-13T16:04:19.416+0000] {datalake_df2csv.py:40} INFO - ================================================================================
[2026-04-13T16:04:19.417+0000] {datalake_df2csv.py:41} INFO - 🚀 BẮT ĐẦU TASK: ingest_daily_price
[2026-04-13T16:04:19.417+0000] {datalake_df2csv.py:42} INFO - ================================================================================
[2026-04-13T16:04:19.418+0000] {datalake_df2csv.py:43} INFO - 📋 Thông tin cấu hình:
[2026-04-13T16:04:19.418+0000] {datalake_df2csv.py:44} INFO -   - Logic file: history_price
[2026-04-13T16:04:19.419+0000] {datalake_df2csv.py:45} INFO -   - DataFrame name: get_history_price_batch
[2026-04-13T16:04:19.419+0000] {datalake_df2csv.py:46} INFO -   - Bucket: thongtin-congty-va-bctc
[2026-04-13T16:04:19.421+0000] {datalake_df2csv.py:47} INFO -   - Object path: daily_price/2026-04-10/batch_169.csv
[2026-04-13T16:04:19.424+0000] {datalake_df2csv.py:48} INFO -   - Connection ID: minio_finance
[2026-04-13T16:04:19.425+0000] {datalake_df2csv.py:49} INFO -   - Tham số truyền vào: {'symbols': ['HMC', 'BXH', 'SZL', 'RTB', 'GAS'], 'start_date': '2026-04-10', 'end_date': '2026-04-11'}
[2026-04-13T16:04:19.426+0000] {datalake_df2csv.py:50} INFO - --------------------------------------------------------------------------------
[2026-04-13T16:04:19.427+0000] {datalake_df2csv.py:54} INFO - 📥 Bước 1: Đang load dữ liệu từ logic file...
[2026-04-13T16:04:19.432+0000] {datalake_df2csv.py:148} INFO -   - Logic directory: /opt/airflow/plugins/logic
[2026-04-13T16:04:19.433+0000] {datalake_df2csv.py:149} INFO -   - Module path: /opt/airflow/plugins/logic/history_price.py
[2026-04-13T16:04:19.434+0000] {datalake_df2csv.py:153} INFO -   - Đã thêm logic directory vào sys.path
[2026-04-13T16:04:19.436+0000] {datalake_df2csv.py:159} INFO -   - Đang load module 'history_price'...
[2026-04-13T16:04:19.443+0000] {datalake_df2csv.py:163} INFO -   - ✅ Module loaded thành công
[2026-04-13T16:04:19.443+0000] {datalake_df2csv.py:165} INFO -   - Đang tìm DataFrame/function: 'get_history_price_batch'...
[2026-04-13T16:04:19.444+0000] {datalake_df2csv.py:170} INFO -   - ✅ Tìm thấy object: function
[2026-04-13T16:04:19.445+0000] {datalake_df2csv.py:173} INFO -   - Đang gọi function với tham số: {'symbols': ['HMC', 'BXH', 'SZL', 'RTB', 'GAS'], 'start_date': '2026-04-10', 'end_date': '2026-04-11'}
[2026-04-13T16:04:58.268+0000] {datalake_df2csv.py:68} INFO - ✅ Load dữ liệu thành công!
[2026-04-13T16:04:58.269+0000] {datalake_df2csv.py:69} INFO - 📊 Thông tin DataFrame:
[2026-04-13T16:04:58.270+0000] {datalake_df2csv.py:70} INFO -   - Số dòng: 10
[2026-04-13T16:04:58.271+0000] {datalake_df2csv.py:71} INFO -   - Số cột: 7
[2026-04-13T16:04:58.271+0000] {datalake_df2csv.py:72} INFO -   - Tên các cột: ['ticker', 'trading_date', 'open', 'high', 'low', 'close', 'volume']
[2026-04-13T16:04:58.272+0000] {datalake_df2csv.py:73} INFO -   - Kiểu dữ liệu: {'ticker': 'object', 'trading_date': 'object', 'open': 'float64', 'high': 'float64', 'low': 'float64', 'close': 'float64', 'volume': 'int64'}
[2026-04-13T16:04:58.276+0000] {datalake_df2csv.py:74} INFO -   - Bộ nhớ sử dụng: 0.00 MB
[2026-04-13T16:04:58.279+0000] {datalake_df2csv.py:83} INFO -   - Không có giá trị NULL
[2026-04-13T16:04:58.279+0000] {datalake_df2csv.py:86} INFO -   - Mẫu dữ liệu (5 dòng đầu):
[2026-04-13T16:04:58.280+0000] {datalake_df2csv.py:88} INFO -     Row 0: {'ticker': 'HMC', 'trading_date': '2026-04-09', 'open': 11.6, 'high': 11.8, 'low': 11.6, 'close': 11.7, 'volume': 23300}
[2026-04-13T16:04:58.281+0000] {datalake_df2csv.py:88} INFO -     Row 1: {'ticker': 'HMC', 'trading_date': '2026-04-10', 'open': 11.8, 'high': 11.85, 'low': 11.7, 'close': 11.8, 'volume': 7000}
[2026-04-13T16:04:58.282+0000] {datalake_df2csv.py:88} INFO -     Row 2: {'ticker': 'BXH', 'trading_date': '2026-04-02', 'open': 12.3, 'high': 12.3, 'low': 12.3, 'close': 12.3, 'volume': 12000}
[2026-04-13T16:04:58.282+0000] {datalake_df2csv.py:88} INFO -     Row 3: {'ticker': 'BXH', 'trading_date': '2026-04-03', 'open': 12.3, 'high': 12.3, 'low': 12.3, 'close': 12.3, 'volume': 100}
[2026-04-13T16:04:58.283+0000] {datalake_df2csv.py:88} INFO -     Row 4: {'ticker': 'SZL', 'trading_date': '2026-04-09', 'open': 48.6, 'high': 48.95, 'low': 48.5, 'close': 48.6, 'volume': 12900}
[2026-04-13T16:04:58.285+0000] {datalake_df2csv.py:90} INFO - --------------------------------------------------------------------------------
[2026-04-13T16:04:58.285+0000] {datalake_df2csv.py:93} INFO - 📝 Bước 2: Đang chuyển đổi DataFrame sang CSV...
[2026-04-13T16:04:58.296+0000] {datalake_df2csv.py:97} INFO - ✅ Chuyển đổi CSV thành công!
[2026-04-13T16:04:58.296+0000] {datalake_df2csv.py:98} INFO -   - Kích thước file: 0.00 MB
[2026-04-13T16:04:58.297+0000] {datalake_df2csv.py:99} INFO -   - Thời gian chuyển đổi: 0.01 giây
[2026-04-13T16:04:58.297+0000] {datalake_df2csv.py:100} INFO - --------------------------------------------------------------------------------
[2026-04-13T16:04:58.298+0000] {datalake_df2csv.py:103} INFO - ☁️  Bước 3: Đang upload lên MinIO/S3...
[2026-04-13T16:04:58.311+0000] {base.py:84} INFO - Using connection ID 'minio_finance' for task execution.
[2026-04-13T16:04:58.312+0000] {connection_wrapper.py:384} INFO - AWS Connection (conn_id='minio_finance', conn_type='aws') credentials retrieved from login and password.
[2026-04-13T16:04:59.413+0000] {datalake_df2csv.py:112} INFO -   - Bucket 'thongtin-congty-va-bctc' đã tồn tại
[2026-04-13T16:04:59.509+0000] {datalake_df2csv.py:117} INFO - ✅ Upload thành công!
[2026-04-13T16:04:59.510+0000] {datalake_df2csv.py:118} INFO -   - Đường dẫn: s3://thongtin-congty-va-bctc/daily_price/2026-04-10/batch_169.csv
[2026-04-13T16:04:59.516+0000] {datalake_df2csv.py:119} INFO -   - Số dòng: 10
[2026-04-13T16:04:59.517+0000] {datalake_df2csv.py:120} INFO -   - Thời gian upload: 1.21 giây
[2026-04-13T16:04:59.517+0000] {datalake_df2csv.py:121} INFO - --------------------------------------------------------------------------------
[2026-04-13T16:04:59.518+0000] {datalake_df2csv.py:125} INFO - 📈 TỔNG KẾT:
[2026-04-13T16:04:59.518+0000] {datalake_df2csv.py:126} INFO -   - Tổng thời gian thực thi: 40.10 giây
[2026-04-13T16:04:59.519+0000] {datalake_df2csv.py:127} INFO -   - Tốc độ xử lý: 0 dòng/giây
[2026-04-13T16:04:59.519+0000] {datalake_df2csv.py:128} INFO - ================================================================================
[2026-04-13T16:04:59.520+0000] {datalake_df2csv.py:129} INFO - ✅ HOÀN THÀNH TASK: ingest_daily_price
[2026-04-13T16:04:59.520+0000] {datalake_df2csv.py:130} INFO - ================================================================================
[2026-04-13T16:04:59.522+0000] {taskinstance.py:441} INFO - ::group::Post task execution logs
[2026-04-13T16:04:59.538+0000] {taskinstance.py:1206} INFO - Marking task as SUCCESS. dag_id=daily_price, task_id=ingest_daily_price, run_id=scheduled__2026-04-10T16:00:00+00:00, map_index=169, execution_date=20260410T160000, start_date=20260413T160418, end_date=20260413T160459
[2026-04-13T16:04:59.598+0000] {local_task_job_runner.py:243} INFO - Task exited with return code 0
[2026-04-13T16:04:59.623+0000] {taskinstance.py:3503} INFO - 0 downstream tasks scheduled from follow-on schedule check
[2026-04-13T16:04:59.628+0000] {local_task_job_runner.py:222} INFO - ::endgroup::
