[2026-01-27T15:07:34.053+0000] {local_task_job_runner.py:120} INFO - ::group::Pre task execution logs
[2026-01-27T15:07:34.100+0000] {taskinstance.py:2076} INFO - Dependencies all met for dep_context=non-requeueable deps ti=<TaskInstance: financial_ratios_minio.ingest_financial_ratios scheduled__2026-01-18T02:00:00+00:00 map_index=191 [queued]>
[2026-01-27T15:07:34.133+0000] {taskinstance.py:2076} INFO - Dependencies all met for dep_context=requeueable deps ti=<TaskInstance: financial_ratios_minio.ingest_financial_ratios scheduled__2026-01-18T02:00:00+00:00 map_index=191 [queued]>
[2026-01-27T15:07:34.134+0000] {taskinstance.py:2306} INFO - Starting attempt 1 of 2
[2026-01-27T15:07:34.155+0000] {taskinstance.py:2330} INFO - Executing <Mapped(DfToCsvOperator): ingest_financial_ratios> on 2026-01-18 02:00:00+00:00
[2026-01-27T15:07:34.170+0000] {warnings.py:112} WARNING - This process (pid=9483) is multi-threaded, use of fork() may lead to deadlocks in the child.

[2026-01-27T15:07:34.172+0000] {standard_task_runner.py:64} INFO - Started process 9529 to run task
[2026-01-27T15:07:34.175+0000] {standard_task_runner.py:90} INFO - Running: ['***', 'tasks', 'run', 'financial_ratios_minio', 'ingest_financial_ratios', 'scheduled__2026-01-18T02:00:00+00:00', '--job-id', '8304', '--raw', '--subdir', 'DAGS_FOLDER/dl_financial_ratios.py', '--cfg-path', '/tmp/tmpc98_epxv', '--map-index', '191']
[2026-01-27T15:07:34.181+0000] {standard_task_runner.py:91} INFO - Job 8304: Subtask ingest_financial_ratios
[2026-01-27T15:07:34.255+0000] {task_command.py:426} INFO - Running <TaskInstance: financial_ratios_minio.ingest_financial_ratios scheduled__2026-01-18T02:00:00+00:00 map_index=191 [running]> on host c05a814b0743
[2026-01-27T15:07:34.395+0000] {taskinstance.py:2648} INFO - Exporting env vars: AIRFLOW_CTX_DAG_OWNER='***' AIRFLOW_CTX_DAG_ID='financial_ratios_minio' AIRFLOW_CTX_TASK_ID='ingest_financial_ratios' AIRFLOW_CTX_EXECUTION_DATE='2026-01-18T02:00:00+00:00' AIRFLOW_CTX_TRY_NUMBER='1' AIRFLOW_CTX_DAG_RUN_ID='scheduled__2026-01-18T02:00:00+00:00'
[2026-01-27T15:07:34.397+0000] {taskinstance.py:430} INFO - ::endgroup::
[2026-01-27T15:07:34.414+0000] {logging_mixin.py:188} INFO - [RATIO] Bắt đầu xử lý batch 2 mã: ['TAC', 'TAB']
[2026-01-27T15:07:34.415+0000] {logging_mixin.py:188} INFO - [RATIO] Kỳ dữ liệu: quarter
[2026-01-27T15:07:34.415+0000] {logging_mixin.py:188} INFO -  >> [RATIO] Đang lấy dữ liệu: TAC
[2026-01-27T15:07:34.552+0000] {logging_mixin.py:188} INFO -  ❌ [RATIO] Lỗi xử lý mã TAC: Failed to fetch data: 429 - Too Many Requests
[2026-01-27T15:07:34.555+0000] {logging_mixin.py:188} INFO -  >> [RATIO] Đang lấy dữ liệu: TAB
[2026-01-27T15:07:34.692+0000] {logging_mixin.py:188} INFO -  ❌ [RATIO] Lỗi xử lý mã TAB: Failed to fetch data: 429 - Too Many Requests
[2026-01-27T15:07:34.693+0000] {logging_mixin.py:188} INFO -  ⚠ [RATIO] Batch này không thu được dữ liệu nào.
[2026-01-27T15:07:34.698+0000] {datalake_df2csv.py:40} INFO - DataFrame rỗng, bỏ qua upload CSV.
[2026-01-27T15:07:34.699+0000] {taskinstance.py:441} INFO - ::group::Post task execution logs
[2026-01-27T15:07:34.713+0000] {taskinstance.py:1206} INFO - Marking task as SUCCESS. dag_id=financial_ratios_minio, task_id=ingest_financial_ratios, run_id=scheduled__2026-01-18T02:00:00+00:00, map_index=191, execution_date=20260118T020000, start_date=20260127T150734, end_date=20260127T150734
[2026-01-27T15:07:34.790+0000] {local_task_job_runner.py:243} INFO - Task exited with return code 0
[2026-01-27T15:07:34.808+0000] {taskinstance.py:3503} INFO - 0 downstream tasks scheduled from follow-on schedule check
[2026-01-27T15:07:34.812+0000] {local_task_job_runner.py:222} INFO - ::endgroup::
