[2026-04-08T16:07:46.094+0000] {local_task_job_runner.py:120} INFO - ::group::Pre task execution logs
[2026-04-08T16:07:46.195+0000] {taskinstance.py:2076} INFO - Dependencies all met for dep_context=non-requeueable deps ti=<TaskInstance: daily_price.ingest_daily_price scheduled__2026-04-07T16:00:00+00:00 map_index=156 [queued]>
[2026-04-08T16:07:46.251+0000] {taskinstance.py:2076} INFO - Dependencies all met for dep_context=requeueable deps ti=<TaskInstance: daily_price.ingest_daily_price scheduled__2026-04-07T16:00:00+00:00 map_index=156 [queued]>
[2026-04-08T16:07:46.253+0000] {taskinstance.py:2306} INFO - Starting attempt 1 of 2
[2026-04-08T16:07:46.337+0000] {taskinstance.py:2330} INFO - Executing <Mapped(DfToCsvOperator): ingest_daily_price> on 2026-04-07 16:00:00+00:00
[2026-04-08T16:07:46.372+0000] {warnings.py:112} WARNING - This process (pid=6366) is multi-threaded, use of fork() may lead to deadlocks in the child.

[2026-04-08T16:07:46.380+0000] {standard_task_runner.py:64} INFO - Started process 6419 to run task
[2026-04-08T16:07:46.408+0000] {standard_task_runner.py:90} INFO - Running: ['***', 'tasks', 'run', 'daily_price', 'ingest_daily_price', 'scheduled__2026-04-07T16:00:00+00:00', '--job-id', '40614', '--raw', '--subdir', 'DAGS_FOLDER/dl_dailly_price.py', '--cfg-path', '/tmp/tmpwn3j04b7', '--map-index', '156']
[2026-04-08T16:07:46.421+0000] {standard_task_runner.py:91} INFO - Job 40614: Subtask ingest_daily_price
[2026-04-08T16:07:46.694+0000] {task_command.py:426} INFO - Running <TaskInstance: daily_price.ingest_daily_price scheduled__2026-04-07T16:00:00+00:00 map_index=156 [running]> on host e7eab8490099
[2026-04-08T16:07:47.898+0000] {taskinstance.py:2648} INFO - Exporting env vars: AIRFLOW_CTX_DAG_OWNER='***' AIRFLOW_CTX_DAG_ID='daily_price' AIRFLOW_CTX_TASK_ID='ingest_daily_price' AIRFLOW_CTX_EXECUTION_DATE='2026-04-07T16:00:00+00:00' AIRFLOW_CTX_TRY_NUMBER='1' AIRFLOW_CTX_DAG_RUN_ID='scheduled__2026-04-07T16:00:00+00:00'
[2026-04-08T16:07:47.904+0000] {taskinstance.py:430} INFO - ::endgroup::
[2026-04-08T16:07:47.904+0000] {datalake_df2csv.py:40} INFO - ================================================================================
[2026-04-08T16:07:47.905+0000] {datalake_df2csv.py:41} INFO - 🚀 BẮT ĐẦU TASK: ingest_daily_price
[2026-04-08T16:07:47.906+0000] {datalake_df2csv.py:42} INFO - ================================================================================
[2026-04-08T16:07:47.906+0000] {datalake_df2csv.py:43} INFO - 📋 Thông tin cấu hình:
[2026-04-08T16:07:47.906+0000] {datalake_df2csv.py:44} INFO -   - Logic file: history_price
[2026-04-08T16:07:47.907+0000] {datalake_df2csv.py:45} INFO -   - DataFrame name: get_history_price_batch
[2026-04-08T16:07:47.907+0000] {datalake_df2csv.py:46} INFO -   - Bucket: thongtin-congty-va-bctc
[2026-04-08T16:07:47.908+0000] {datalake_df2csv.py:47} INFO -   - Object path: daily_price/2026-04-07/batch_156.csv
[2026-04-08T16:07:47.908+0000] {datalake_df2csv.py:48} INFO -   - Connection ID: minio_finance
[2026-04-08T16:07:47.909+0000] {datalake_df2csv.py:49} INFO -   - Tham số truyền vào: {'symbols': ['VEA', 'QCG', 'SDD', 'XDH', 'IRC'], 'start_date': '2026-04-07', 'end_date': '2026-04-08'}
[2026-04-08T16:07:47.909+0000] {datalake_df2csv.py:50} INFO - --------------------------------------------------------------------------------
[2026-04-08T16:07:47.910+0000] {datalake_df2csv.py:54} INFO - 📥 Bước 1: Đang load dữ liệu từ logic file...
[2026-04-08T16:07:47.916+0000] {datalake_df2csv.py:148} INFO -   - Logic directory: /opt/airflow/plugins/logic
[2026-04-08T16:07:47.918+0000] {datalake_df2csv.py:149} INFO -   - Module path: /opt/airflow/plugins/logic/history_price.py
[2026-04-08T16:07:47.919+0000] {datalake_df2csv.py:153} INFO -   - Đã thêm logic directory vào sys.path
[2026-04-08T16:07:47.921+0000] {datalake_df2csv.py:159} INFO -   - Đang load module 'history_price'...
[2026-04-08T16:07:47.941+0000] {datalake_df2csv.py:163} INFO -   - ✅ Module loaded thành công
[2026-04-08T16:07:47.942+0000] {datalake_df2csv.py:165} INFO -   - Đang tìm DataFrame/function: 'get_history_price_batch'...
[2026-04-08T16:07:47.943+0000] {datalake_df2csv.py:170} INFO -   - ✅ Tìm thấy object: function
[2026-04-08T16:07:47.944+0000] {datalake_df2csv.py:173} INFO -   - Đang gọi function với tham số: {'symbols': ['VEA', 'QCG', 'SDD', 'XDH', 'IRC'], 'start_date': '2026-04-07', 'end_date': '2026-04-08'}
[2026-04-08T16:07:54.535+0000] {datalake_df2csv.py:68} INFO - ✅ Load dữ liệu thành công!
[2026-04-08T16:07:54.541+0000] {datalake_df2csv.py:69} INFO - 📊 Thông tin DataFrame:
[2026-04-08T16:07:54.546+0000] {datalake_df2csv.py:70} INFO -   - Số dòng: 20
[2026-04-08T16:07:54.556+0000] {datalake_df2csv.py:71} INFO -   - Số cột: 7
[2026-04-08T16:07:54.561+0000] {datalake_df2csv.py:72} INFO -   - Tên các cột: ['ticker', 'trading_date', 'open', 'high', 'low', 'close', 'volume']
[2026-04-08T16:07:54.581+0000] {datalake_df2csv.py:73} INFO -   - Kiểu dữ liệu: {'ticker': 'object', 'trading_date': 'object', 'open': 'float64', 'high': 'float64', 'low': 'float64', 'close': 'float64', 'volume': 'int64'}
[2026-04-08T16:07:54.607+0000] {datalake_df2csv.py:74} INFO -   - Bộ nhớ sử dụng: 0.00 MB
[2026-04-08T16:07:54.618+0000] {datalake_df2csv.py:83} INFO -   - Không có giá trị NULL
[2026-04-08T16:07:54.620+0000] {datalake_df2csv.py:86} INFO -   - Mẫu dữ liệu (5 dòng đầu):
[2026-04-08T16:07:54.621+0000] {datalake_df2csv.py:88} INFO -     Row 0: {'ticker': 'VEA', 'trading_date': '2026-04-03', 'open': 33.1, 'high': 33.5, 'low': 32.9, 'close': 32.9, 'volume': 460600}
[2026-04-08T16:07:54.623+0000] {datalake_df2csv.py:88} INFO -     Row 1: {'ticker': 'VEA', 'trading_date': '2026-04-06', 'open': 33.1, 'high': 33.2, 'low': 33.0, 'close': 33.0, 'volume': 146600}
[2026-04-08T16:07:54.624+0000] {datalake_df2csv.py:88} INFO -     Row 2: {'ticker': 'VEA', 'trading_date': '2026-04-07', 'open': 33.1, 'high': 33.3, 'low': 33.0, 'close': 33.2, 'volume': 213700}
[2026-04-08T16:07:54.626+0000] {datalake_df2csv.py:88} INFO -     Row 3: {'ticker': 'VEA', 'trading_date': '2026-04-08', 'open': 33.2, 'high': 33.6, 'low': 33.1, 'close': 33.6, 'volume': 331800}
[2026-04-08T16:07:54.628+0000] {datalake_df2csv.py:88} INFO -     Row 4: {'ticker': 'QCG', 'trading_date': '2026-04-03', 'open': 13.6, 'high': 13.75, 'low': 13.5, 'close': 13.6, 'volume': 124800}
[2026-04-08T16:07:54.633+0000] {datalake_df2csv.py:90} INFO - --------------------------------------------------------------------------------
[2026-04-08T16:07:54.638+0000] {datalake_df2csv.py:93} INFO - 📝 Bước 2: Đang chuyển đổi DataFrame sang CSV...
[2026-04-08T16:07:54.660+0000] {datalake_df2csv.py:97} INFO - ✅ Chuyển đổi CSV thành công!
[2026-04-08T16:07:54.661+0000] {datalake_df2csv.py:98} INFO -   - Kích thước file: 0.00 MB
[2026-04-08T16:07:54.664+0000] {datalake_df2csv.py:99} INFO -   - Thời gian chuyển đổi: 0.02 giây
[2026-04-08T16:07:54.665+0000] {datalake_df2csv.py:100} INFO - --------------------------------------------------------------------------------
[2026-04-08T16:07:54.666+0000] {datalake_df2csv.py:103} INFO - ☁️  Bước 3: Đang upload lên MinIO/S3...
[2026-04-08T16:07:54.691+0000] {base.py:84} INFO - Using connection ID 'minio_finance' for task execution.
[2026-04-08T16:07:54.695+0000] {connection_wrapper.py:384} INFO - AWS Connection (conn_id='minio_finance', conn_type='aws') credentials retrieved from login and password.
[2026-04-08T16:08:03.830+0000] {datalake_df2csv.py:112} INFO -   - Bucket 'thongtin-congty-va-bctc' đã tồn tại
[2026-04-08T16:08:03.960+0000] {datalake_df2csv.py:117} INFO - ✅ Upload thành công!
[2026-04-08T16:08:03.961+0000] {datalake_df2csv.py:118} INFO -   - Đường dẫn: s3://thongtin-congty-va-bctc/daily_price/2026-04-07/batch_156.csv
[2026-04-08T16:08:03.962+0000] {datalake_df2csv.py:119} INFO -   - Số dòng: 20
[2026-04-08T16:08:03.963+0000] {datalake_df2csv.py:120} INFO -   - Thời gian upload: 9.29 giây
[2026-04-08T16:08:03.964+0000] {datalake_df2csv.py:121} INFO - --------------------------------------------------------------------------------
[2026-04-08T16:08:03.965+0000] {datalake_df2csv.py:125} INFO - 📈 TỔNG KẾT:
[2026-04-08T16:08:03.966+0000] {datalake_df2csv.py:126} INFO -   - Tổng thời gian thực thi: 16.06 giây
[2026-04-08T16:08:03.966+0000] {datalake_df2csv.py:127} INFO -   - Tốc độ xử lý: 1 dòng/giây
[2026-04-08T16:08:03.967+0000] {datalake_df2csv.py:128} INFO - ================================================================================
[2026-04-08T16:08:03.968+0000] {datalake_df2csv.py:129} INFO - ✅ HOÀN THÀNH TASK: ingest_daily_price
[2026-04-08T16:08:03.969+0000] {datalake_df2csv.py:130} INFO - ================================================================================
[2026-04-08T16:08:03.971+0000] {taskinstance.py:441} INFO - ::group::Post task execution logs
[2026-04-08T16:08:03.990+0000] {taskinstance.py:1206} INFO - Marking task as SUCCESS. dag_id=daily_price, task_id=ingest_daily_price, run_id=scheduled__2026-04-07T16:00:00+00:00, map_index=156, execution_date=20260407T160000, start_date=20260408T160746, end_date=20260408T160803
[2026-04-08T16:08:04.088+0000] {local_task_job_runner.py:243} INFO - Task exited with return code 0
[2026-04-08T16:08:04.104+0000] {local_task_job_runner.py:222} INFO - ::endgroup::
