[2026-01-14T13:05:36.659+0000] {local_task_job_runner.py:120} INFO - ::group::Pre task execution logs
[2026-01-14T13:05:36.720+0000] {taskinstance.py:2076} INFO - Dependencies all met for dep_context=non-requeueable deps ti=<TaskInstance: daily_price_minio.ingest_daily_price scheduled__2026-01-12T16:00:00+00:00 map_index=317 [queued]>
[2026-01-14T13:05:36.790+0000] {taskinstance.py:2076} INFO - Dependencies all met for dep_context=requeueable deps ti=<TaskInstance: daily_price_minio.ingest_daily_price scheduled__2026-01-12T16:00:00+00:00 map_index=317 [queued]>
[2026-01-14T13:05:36.792+0000] {taskinstance.py:2306} INFO - Starting attempt 1 of 2
[2026-01-14T13:05:36.839+0000] {taskinstance.py:2330} INFO - Executing <Mapped(DfToCsvOperator): ingest_daily_price> on 2026-01-12 16:00:00+00:00
[2026-01-14T13:05:36.880+0000] {warnings.py:112} WARNING - This process (pid=4060) is multi-threaded, use of fork() may lead to deadlocks in the child.

[2026-01-14T13:05:36.886+0000] {standard_task_runner.py:64} INFO - Started process 4168 to run task
[2026-01-14T13:05:36.887+0000] {standard_task_runner.py:90} INFO - Running: ['***', 'tasks', 'run', 'daily_price_minio', 'ingest_daily_price', 'scheduled__2026-01-12T16:00:00+00:00', '--job-id', '15474', '--raw', '--subdir', 'DAGS_FOLDER/daily_price_minio.py', '--cfg-path', '/tmp/tmp87zsi7ch', '--map-index', '317']
[2026-01-14T13:05:36.893+0000] {standard_task_runner.py:91} INFO - Job 15474: Subtask ingest_daily_price
[2026-01-14T13:05:37.071+0000] {task_command.py:426} INFO - Running <TaskInstance: daily_price_minio.ingest_daily_price scheduled__2026-01-12T16:00:00+00:00 map_index=317 [running]> on host 4b83cd04ee12
[2026-01-14T13:05:37.413+0000] {taskinstance.py:2648} INFO - Exporting env vars: AIRFLOW_CTX_DAG_OWNER='***' AIRFLOW_CTX_DAG_ID='daily_price_minio' AIRFLOW_CTX_TASK_ID='ingest_daily_price' AIRFLOW_CTX_EXECUTION_DATE='2026-01-12T16:00:00+00:00' AIRFLOW_CTX_TRY_NUMBER='1' AIRFLOW_CTX_DAG_RUN_ID='scheduled__2026-01-12T16:00:00+00:00'
[2026-01-14T13:05:37.416+0000] {taskinstance.py:430} INFO - ::endgroup::
[2026-01-14T13:05:42.846+0000] {base.py:84} INFO - Using connection ID 'minio_finance' for task execution.
[2026-01-14T13:05:42.847+0000] {connection_wrapper.py:384} INFO - AWS Connection (conn_id='minio_finance', conn_type='aws') credentials retrieved from login and password.
[2026-01-14T13:05:43.431+0000] {datalake_df2csv.py:52} INFO - ✅ Đã upload 20 dòng -> s3://thongtin-congty-va-bctc/daily_price/2026-01-12/batch_317.csv
[2026-01-14T13:05:43.432+0000] {taskinstance.py:441} INFO - ::group::Post task execution logs
[2026-01-14T13:05:43.442+0000] {taskinstance.py:1206} INFO - Marking task as SUCCESS. dag_id=daily_price_minio, task_id=ingest_daily_price, run_id=scheduled__2026-01-12T16:00:00+00:00, map_index=317, execution_date=20260112T160000, start_date=20260114T130536, end_date=20260114T130543
[2026-01-14T13:05:43.480+0000] {local_task_job_runner.py:243} INFO - Task exited with return code 0
[2026-01-14T13:05:43.495+0000] {taskinstance.py:3503} INFO - 0 downstream tasks scheduled from follow-on schedule check
[2026-01-14T13:05:43.499+0000] {local_task_job_runner.py:222} INFO - ::endgroup::
