[2026-01-18T03:19:26.448+0000] {local_task_job_runner.py:120} INFO - ::group::Pre task execution logs
[2026-01-18T03:19:26.465+0000] {taskinstance.py:2076} INFO - Dependencies all met for dep_context=non-requeueable deps ti=<TaskInstance: company_people_to_minio.ingest_people scheduled__2026-01-11T00:00:00+00:00 map_index=45 [queued]>
[2026-01-18T03:19:26.473+0000] {taskinstance.py:2076} INFO - Dependencies all met for dep_context=requeueable deps ti=<TaskInstance: company_people_to_minio.ingest_people scheduled__2026-01-11T00:00:00+00:00 map_index=45 [queued]>
[2026-01-18T03:19:26.474+0000] {taskinstance.py:2306} INFO - Starting attempt 1 of 2
[2026-01-18T03:19:26.485+0000] {taskinstance.py:2330} INFO - Executing <Mapped(DfToCsvOperator): ingest_people> on 2026-01-11 00:00:00+00:00
[2026-01-18T03:19:26.494+0000] {warnings.py:112} WARNING - This process (pid=1472) is multi-threaded, use of fork() may lead to deadlocks in the child.

[2026-01-18T03:19:26.495+0000] {standard_task_runner.py:64} INFO - Started process 1501 to run task
[2026-01-18T03:19:26.497+0000] {standard_task_runner.py:90} INFO - Running: ['***', 'tasks', 'run', 'company_people_to_minio', 'ingest_people', 'scheduled__2026-01-11T00:00:00+00:00', '--job-id', '1699', '--raw', '--subdir', 'DAGS_FOLDER/company_people_to_minio.py', '--cfg-path', '/tmp/tmpd_6eg8gu', '--map-index', '45']
[2026-01-18T03:19:26.500+0000] {standard_task_runner.py:91} INFO - Job 1699: Subtask ingest_people
[2026-01-18T03:19:26.540+0000] {task_command.py:426} INFO - Running <TaskInstance: company_people_to_minio.ingest_people scheduled__2026-01-11T00:00:00+00:00 map_index=45 [running]> on host 5ae19da926ef
[2026-01-18T03:19:26.625+0000] {taskinstance.py:2648} INFO - Exporting env vars: AIRFLOW_CTX_DAG_OWNER='***' AIRFLOW_CTX_DAG_ID='company_people_to_minio' AIRFLOW_CTX_TASK_ID='ingest_people' AIRFLOW_CTX_EXECUTION_DATE='2026-01-11T00:00:00+00:00' AIRFLOW_CTX_TRY_NUMBER='1' AIRFLOW_CTX_DAG_RUN_ID='scheduled__2026-01-11T00:00:00+00:00'
[2026-01-18T03:19:26.626+0000] {taskinstance.py:430} INFO - ::endgroup::
[2026-01-18T03:19:38.476+0000] {logging_mixin.py:188} INFO - officers LSG: RetryError[<Future at 0x7f4f120c0260 state=finished raised KeyError>]
[2026-01-18T03:19:58.758+0000] {base.py:84} INFO - Using connection ID 'minio_finance' for task execution.
[2026-01-18T03:19:58.759+0000] {connection_wrapper.py:384} INFO - AWS Connection (conn_id='minio_finance', conn_type='aws') credentials retrieved from login and password.
[2026-01-18T03:19:59.150+0000] {datalake_df2csv.py:52} INFO - ✅ Đã upload 628 dòng -> s3://thongtin-congty-va-bctc/people/date=2026-01-11/batch_45.csv
[2026-01-18T03:19:59.151+0000] {taskinstance.py:441} INFO - ::group::Post task execution logs
[2026-01-18T03:19:59.159+0000] {taskinstance.py:1206} INFO - Marking task as SUCCESS. dag_id=company_people_to_minio, task_id=ingest_people, run_id=scheduled__2026-01-11T00:00:00+00:00, map_index=45, execution_date=20260111T000000, start_date=20260118T031926, end_date=20260118T031959
[2026-01-18T03:19:59.194+0000] {local_task_job_runner.py:243} INFO - Task exited with return code 0
[2026-01-18T03:19:59.218+0000] {taskinstance.py:3503} INFO - 0 downstream tasks scheduled from follow-on schedule check
[2026-01-18T03:19:59.220+0000] {local_task_job_runner.py:222} INFO - ::endgroup::
