[2026-05-05T01:23:59.071+0000] {local_task_job_runner.py:120} INFO - ::group::Pre task execution logs
[2026-05-05T01:23:59.142+0000] {taskinstance.py:2076} INFO - Dependencies all met for dep_context=non-requeueable deps ti=<TaskInstance: daily_price.ingest_daily_price scheduled__2026-05-01T16:00:00+00:00 map_index=297 [queued]>
[2026-05-05T01:23:59.191+0000] {taskinstance.py:2076} INFO - Dependencies all met for dep_context=requeueable deps ti=<TaskInstance: daily_price.ingest_daily_price scheduled__2026-05-01T16:00:00+00:00 map_index=297 [queued]>
[2026-05-05T01:23:59.193+0000] {taskinstance.py:2306} INFO - Starting attempt 1 of 2
[2026-05-05T01:23:59.246+0000] {taskinstance.py:2330} INFO - Executing <Mapped(DfToCsvOperator): ingest_daily_price> on 2026-05-01 16:00:00+00:00
[2026-05-05T01:23:59.264+0000] {warnings.py:112} WARNING - This process (pid=5790) is multi-threaded, use of fork() may lead to deadlocks in the child.

[2026-05-05T01:23:59.267+0000] {standard_task_runner.py:64} INFO - Started process 5944 to run task
[2026-05-05T01:23:59.269+0000] {standard_task_runner.py:90} INFO - Running: ['***', 'tasks', 'run', 'daily_price', 'ingest_daily_price', 'scheduled__2026-05-01T16:00:00+00:00', '--job-id', '47781', '--raw', '--subdir', 'DAGS_FOLDER/dl_dailly_price.py', '--cfg-path', '/tmp/tmp3234k_c5', '--map-index', '297']
[2026-05-05T01:23:59.277+0000] {standard_task_runner.py:91} INFO - Job 47781: Subtask ingest_daily_price
[2026-05-05T01:23:59.467+0000] {task_command.py:426} INFO - Running <TaskInstance: daily_price.ingest_daily_price scheduled__2026-05-01T16:00:00+00:00 map_index=297 [running]> on host 0486a22c7dcb
[2026-05-05T01:23:59.835+0000] {taskinstance.py:2648} INFO - Exporting env vars: AIRFLOW_CTX_DAG_OWNER='***' AIRFLOW_CTX_DAG_ID='daily_price' AIRFLOW_CTX_TASK_ID='ingest_daily_price' AIRFLOW_CTX_EXECUTION_DATE='2026-05-01T16:00:00+00:00' AIRFLOW_CTX_TRY_NUMBER='1' AIRFLOW_CTX_DAG_RUN_ID='scheduled__2026-05-01T16:00:00+00:00'
[2026-05-05T01:23:59.842+0000] {taskinstance.py:430} INFO - ::endgroup::
[2026-05-05T01:23:59.846+0000] {datalake_df2csv.py:40} INFO - ================================================================================
[2026-05-05T01:23:59.848+0000] {datalake_df2csv.py:41} INFO - 🚀 BẮT ĐẦU TASK: ingest_daily_price
[2026-05-05T01:23:59.849+0000] {datalake_df2csv.py:42} INFO - ================================================================================
[2026-05-05T01:23:59.850+0000] {datalake_df2csv.py:43} INFO - 📋 Thông tin cấu hình:
[2026-05-05T01:23:59.852+0000] {datalake_df2csv.py:44} INFO -   - Logic file: history_price
[2026-05-05T01:23:59.853+0000] {datalake_df2csv.py:45} INFO -   - DataFrame name: get_history_price_batch
[2026-05-05T01:23:59.854+0000] {datalake_df2csv.py:46} INFO -   - Bucket: thongtin-congty-va-bctc
[2026-05-05T01:23:59.855+0000] {datalake_df2csv.py:47} INFO -   - Object path: daily_price/2026-05-01/batch_297.csv
[2026-05-05T01:23:59.856+0000] {datalake_df2csv.py:48} INFO -   - Connection ID: minio_finance
[2026-05-05T01:23:59.857+0000] {datalake_df2csv.py:49} INFO -   - Tham số truyền vào: {'symbols': ['RBC', 'CHC', 'VBT', 'NTT', 'HVT'], 'start_date': '2026-05-01', 'end_date': '2026-05-02'}
[2026-05-05T01:23:59.858+0000] {datalake_df2csv.py:50} INFO - --------------------------------------------------------------------------------
[2026-05-05T01:23:59.858+0000] {datalake_df2csv.py:54} INFO - 📥 Bước 1: Đang load dữ liệu từ logic file...
[2026-05-05T01:23:59.866+0000] {datalake_df2csv.py:148} INFO -   - Logic directory: /opt/airflow/plugins/logic
[2026-05-05T01:23:59.868+0000] {datalake_df2csv.py:149} INFO -   - Module path: /opt/airflow/plugins/logic/history_price.py
[2026-05-05T01:23:59.869+0000] {datalake_df2csv.py:153} INFO -   - Đã thêm logic directory vào sys.path
[2026-05-05T01:23:59.870+0000] {datalake_df2csv.py:159} INFO -   - Đang load module 'history_price'...
[2026-05-05T01:23:59.891+0000] {datalake_df2csv.py:163} INFO -   - ✅ Module loaded thành công
[2026-05-05T01:23:59.893+0000] {datalake_df2csv.py:165} INFO -   - Đang tìm DataFrame/function: 'get_history_price_batch'...
[2026-05-05T01:23:59.898+0000] {datalake_df2csv.py:170} INFO -   - ✅ Tìm thấy object: function
[2026-05-05T01:23:59.900+0000] {datalake_df2csv.py:173} INFO -   - Đang gọi function với tham số: {'symbols': ['RBC', 'CHC', 'VBT', 'NTT', 'HVT'], 'start_date': '2026-05-01', 'end_date': '2026-05-02'}
[2026-05-05T01:24:01.986+0000] {logging_mixin.py:188} INFO - ┏━━━━━━━━━━━━━━━━━━━━━━━━━━━━━━━━━━━━━━━━━━━━━━━━━━━━━━━━━━━━━━━━━━━━━━━━━━━━━━━━━┓
┃                                                                                 ┃
┃  ⚠️ THÔNG BÁO QUAN TRỌNG                                                        ┃
┃                                                                                 ┃
┃  Phát hành vnstock 4.0.1 cung cấp sửa lỗi quan trọng và bổ sung giao diện API   ┃
┃  thống nhất (Unified UI), tăng tính ổn định của code.                           ┃
┃  Cập nhật: pip install vnstock -U                                               ┃
┃  AI Agent Guide: https://github.com/vnstock-hq/vnstock-agent-guide/             ┃
┃                                                                                 ┃
┃  ────────────────────────────────────────────────────────────────────────────── ┃
┃                                                                                 ┃
┃  🚀 VNSTOCK INSIDERS PROGRAM - NÂNG TẦM TRẢI NGHIỆM CỦA BẠN! 🚀                 ┃
┃                                                                                 ┃
┃  Nếu bạn cảm thấy khó chịu với các thông báo và quảng cáo:                      ┃
┃                                                                                 ┃
┃  ✨ Ẩn toàn bộ thông báo và quảng cáo phiền hà                                  ┃
┃  🔓 Mở rộng khả năng sử dụng API tối đa                                         ┃
┃  ⚡ Tăng tốc tải dữ liệu từ 5-8 lần                                              ┃
┃  📈 Tăng giới hạn truy cập API lên đến 5 lần                                    ┃
┃  🤖 Dùng AI Agent viết code hiệu quả với tài liệu Agent Guide                    ┃
┃                                                                                 ┃
┃  🔗 Tham gia ngay: https://vnstocks.com/insiders-program#tiers                  ┃
┃                                                                                 ┃
┗━━━━━━━━━━━━━━━━━━━━━━━━━━━━━━━━━━━━━━━━━━━━━━━━━━━━━━━━━━━━━━━━━━━━━━━━━━━━━━━━━┛
[2026-05-05T01:24:08.641+0000] {logging_mixin.py:188} INFO - VBT: RetryError (source=VCI), retry 1/3 in 2.0s
[2026-05-05T01:24:15.388+0000] {logging_mixin.py:188} INFO - VBT: RetryError (source=VCI), retry 2/3 in 4.0s
[2026-05-05T01:24:24.184+0000] {logging_mixin.py:188} INFO - VBT: RetryError (source=VCI), retry 3/3 in 8.0s
[2026-05-05T01:24:32.185+0000] {logging_mixin.py:188} INFO - VBT: Exhausted retries for source=VCI, trying next source...
[2026-05-05T01:24:32.186+0000] {logging_mixin.py:188} INFO - VBT: Non-retryable error (source=TCBS): ValueError: Lớp Quote chỉ nhận giá trị tham số source là kbs, vci, msn, dnse, binance, fmp, fmarket.
[2026-05-05T01:24:32.186+0000] {logging_mixin.py:188} INFO - VBT: Exhausted retries for source=TCBS, trying next source...
[2026-05-05T01:24:32.187+0000] {logging_mixin.py:188} INFO - VBT: All sources failed after retries
[2026-05-05T01:24:34.359+0000] {datalake_df2csv.py:68} INFO - ✅ Load dữ liệu thành công!
[2026-05-05T01:24:34.360+0000] {datalake_df2csv.py:69} INFO - 📊 Thông tin DataFrame:
[2026-05-05T01:24:34.361+0000] {datalake_df2csv.py:70} INFO -   - Số dòng: 8
[2026-05-05T01:24:34.362+0000] {datalake_df2csv.py:71} INFO -   - Số cột: 7
[2026-05-05T01:24:34.362+0000] {datalake_df2csv.py:72} INFO -   - Tên các cột: ['ticker', 'trading_date', 'open', 'high', 'low', 'close', 'volume']
[2026-05-05T01:24:34.363+0000] {datalake_df2csv.py:73} INFO -   - Kiểu dữ liệu: {'ticker': 'object', 'trading_date': 'object', 'open': 'float64', 'high': 'float64', 'low': 'float64', 'close': 'float64', 'volume': 'int64'}
[2026-05-05T01:24:34.365+0000] {datalake_df2csv.py:74} INFO -   - Bộ nhớ sử dụng: 0.00 MB
[2026-05-05T01:24:34.367+0000] {datalake_df2csv.py:83} INFO -   - Không có giá trị NULL
[2026-05-05T01:24:34.367+0000] {datalake_df2csv.py:86} INFO -   - Mẫu dữ liệu (5 dòng đầu):
[2026-05-05T01:24:34.368+0000] {datalake_df2csv.py:88} INFO -     Row 0: {'ticker': 'RBC', 'trading_date': '2026-04-23', 'open': 6.8, 'high': 6.8, 'low': 5.3, 'close': 5.3, 'volume': 2100}
[2026-05-05T01:24:34.368+0000] {datalake_df2csv.py:88} INFO -     Row 1: {'ticker': 'RBC', 'trading_date': '2026-04-24', 'open': 6.2, 'high': 6.2, 'low': 6.2, 'close': 6.2, 'volume': 100}
[2026-05-05T01:24:34.369+0000] {datalake_df2csv.py:88} INFO -     Row 2: {'ticker': 'CHC', 'trading_date': '2026-04-21', 'open': 6.0, 'high': 6.0, 'low': 6.0, 'close': 6.0, 'volume': 1000}
[2026-05-05T01:24:34.370+0000] {datalake_df2csv.py:88} INFO -     Row 3: {'ticker': 'CHC', 'trading_date': '2026-04-22', 'open': 6.0, 'high': 6.0, 'low': 5.6, 'close': 5.6, 'volume': 10000}
[2026-05-05T01:24:34.370+0000] {datalake_df2csv.py:88} INFO -     Row 4: {'ticker': 'NTT', 'trading_date': '2026-04-17', 'open': 9.8, 'high': 9.8, 'low': 9.8, 'close': 9.8, 'volume': 400}
[2026-05-05T01:24:34.371+0000] {datalake_df2csv.py:90} INFO - --------------------------------------------------------------------------------
[2026-05-05T01:24:34.371+0000] {datalake_df2csv.py:93} INFO - 📝 Bước 2: Đang chuyển đổi DataFrame sang CSV...
[2026-05-05T01:24:34.376+0000] {datalake_df2csv.py:97} INFO - ✅ Chuyển đổi CSV thành công!
[2026-05-05T01:24:34.376+0000] {datalake_df2csv.py:98} INFO -   - Kích thước file: 0.00 MB
[2026-05-05T01:24:34.377+0000] {datalake_df2csv.py:99} INFO -   - Thời gian chuyển đổi: 0.00 giây
[2026-05-05T01:24:34.377+0000] {datalake_df2csv.py:100} INFO - --------------------------------------------------------------------------------
[2026-05-05T01:24:34.378+0000] {datalake_df2csv.py:103} INFO - ☁️  Bước 3: Đang upload lên MinIO/S3...
[2026-05-05T01:24:34.388+0000] {base.py:84} INFO - Using connection ID 'minio_finance' for task execution.
[2026-05-05T01:24:34.389+0000] {connection_wrapper.py:384} INFO - AWS Connection (conn_id='minio_finance', conn_type='aws') credentials retrieved from login and password.
[2026-05-05T01:24:34.570+0000] {datalake_df2csv.py:112} INFO -   - Bucket 'thongtin-congty-va-bctc' đã tồn tại
[2026-05-05T01:24:34.602+0000] {datalake_df2csv.py:117} INFO - ✅ Upload thành công!
[2026-05-05T01:24:34.603+0000] {datalake_df2csv.py:118} INFO -   - Đường dẫn: s3://thongtin-congty-va-bctc/daily_price/2026-05-01/batch_297.csv
[2026-05-05T01:24:34.603+0000] {datalake_df2csv.py:119} INFO -   - Số dòng: 8
[2026-05-05T01:24:34.604+0000] {datalake_df2csv.py:120} INFO -   - Thời gian upload: 0.22 giây
[2026-05-05T01:24:34.604+0000] {datalake_df2csv.py:121} INFO - --------------------------------------------------------------------------------
[2026-05-05T01:24:34.604+0000] {datalake_df2csv.py:125} INFO - 📈 TỔNG KẾT:
[2026-05-05T01:24:34.605+0000] {datalake_df2csv.py:126} INFO -   - Tổng thời gian thực thi: 34.76 giây
[2026-05-05T01:24:34.605+0000] {datalake_df2csv.py:127} INFO -   - Tốc độ xử lý: 0 dòng/giây
[2026-05-05T01:24:34.606+0000] {datalake_df2csv.py:128} INFO - ================================================================================
[2026-05-05T01:24:34.606+0000] {datalake_df2csv.py:129} INFO - ✅ HOÀN THÀNH TASK: ingest_daily_price
[2026-05-05T01:24:34.606+0000] {datalake_df2csv.py:130} INFO - ================================================================================
[2026-05-05T01:24:34.607+0000] {taskinstance.py:441} INFO - ::group::Post task execution logs
[2026-05-05T01:24:34.619+0000] {taskinstance.py:1206} INFO - Marking task as SUCCESS. dag_id=daily_price, task_id=ingest_daily_price, run_id=scheduled__2026-05-01T16:00:00+00:00, map_index=297, execution_date=20260501T160000, start_date=20260505T012359, end_date=20260505T012434
[2026-05-05T01:24:34.660+0000] {local_task_job_runner.py:243} INFO - Task exited with return code 0
[2026-05-05T01:24:34.678+0000] {taskinstance.py:3503} INFO - 0 downstream tasks scheduled from follow-on schedule check
[2026-05-05T01:24:34.682+0000] {local_task_job_runner.py:222} INFO - ::endgroup::
