[2026-02-07T01:58:45.696+0000] {local_task_job_runner.py:120} INFO - ::group::Pre task execution logs
[2026-02-07T01:58:45.725+0000] {taskinstance.py:2076} INFO - Dependencies all met for dep_context=non-requeueable deps ti=<TaskInstance: bctc_minio.ingest_bctc manual__2026-02-07T01:54:42+00:00 map_index=18 [queued]>
[2026-02-07T01:58:45.741+0000] {taskinstance.py:2076} INFO - Dependencies all met for dep_context=requeueable deps ti=<TaskInstance: bctc_minio.ingest_bctc manual__2026-02-07T01:54:42+00:00 map_index=18 [queued]>
[2026-02-07T01:58:45.742+0000] {taskinstance.py:2306} INFO - Starting attempt 1 of 2
[2026-02-07T01:58:45.777+0000] {taskinstance.py:2330} INFO - Executing <Mapped(DfToCsvOperator): ingest_bctc> on 2026-02-07 01:54:42+00:00
[2026-02-07T01:58:45.793+0000] {warnings.py:112} WARNING - This process (pid=14334) is multi-threaded, use of fork() may lead to deadlocks in the child.

[2026-02-07T01:58:45.803+0000] {standard_task_runner.py:64} INFO - Started process 14379 to run task
[2026-02-07T01:58:45.807+0000] {standard_task_runner.py:90} INFO - Running: ['***', 'tasks', 'run', 'bctc_minio', 'ingest_bctc', 'manual__2026-02-07T01:54:42+00:00', '--job-id', '19572', '--raw', '--subdir', 'DAGS_FOLDER/dl_bctc.py', '--cfg-path', '/tmp/tmpjy2fgmd4', '--map-index', '18']
[2026-02-07T01:58:45.822+0000] {standard_task_runner.py:91} INFO - Job 19572: Subtask ingest_bctc
[2026-02-07T01:58:45.914+0000] {task_command.py:426} INFO - Running <TaskInstance: bctc_minio.ingest_bctc manual__2026-02-07T01:54:42+00:00 map_index=18 [running]> on host 92ec87cbc427
[2026-02-07T01:58:46.123+0000] {taskinstance.py:2648} INFO - Exporting env vars: AIRFLOW_CTX_DAG_OWNER='***' AIRFLOW_CTX_DAG_ID='bctc_minio' AIRFLOW_CTX_TASK_ID='ingest_bctc' AIRFLOW_CTX_EXECUTION_DATE='2026-02-07T01:54:42+00:00' AIRFLOW_CTX_TRY_NUMBER='1' AIRFLOW_CTX_DAG_RUN_ID='manual__2026-02-07T01:54:42+00:00'
[2026-02-07T01:58:46.124+0000] {taskinstance.py:430} INFO - ::endgroup::
[2026-02-07T01:58:46.134+0000] {logging_mixin.py:188} INFO - Bắt đầu xử lý batch 20 mã: ['TCL', 'TCK', 'TCJ', 'TCI', 'TCH', 'TCD', 'TCB', 'TC6', 'TBX', 'TBW', 'TBT', 'TBR', 'TBH', 'TBD', 'TBC', 'TB8', 'TAW', 'TAR', 'TAP', 'TAN']
[2026-02-07T01:58:46.135+0000] {logging_mixin.py:188} INFO -  >> Đang lấy dữ liệu: TCL
[2026-02-07T01:58:59.784+0000] {logging_mixin.py:188} INFO -  >> Đang lấy dữ liệu: TCK
[2026-02-07T01:59:10.790+0000] {logging_mixin.py:188} INFO -  >> Đang lấy dữ liệu: TCJ
[2026-02-07T01:59:10.903+0000] {logging_mixin.py:188} INFO -  Lỗi xử lý mã TCJ: Failed to fetch data: 429 - Too Many Requests
[2026-02-07T01:59:10.905+0000] {logging_mixin.py:188} INFO -  >> Đang lấy dữ liệu: TCI
[2026-02-07T01:59:13.195+0000] {logging_mixin.py:188} INFO -  Lỗi xử lý mã TCI: Failed to fetch data: 429 - Too Many Requests
[2026-02-07T01:59:13.196+0000] {logging_mixin.py:188} INFO -  >> Đang lấy dữ liệu: TCH
[2026-02-07T01:59:22.863+0000] {logging_mixin.py:188} INFO -  >> Đang lấy dữ liệu: TCD
[2026-02-07T01:59:23.140+0000] {logging_mixin.py:188} INFO -  Lỗi xử lý mã TCD: Failed to fetch data: 502 - Bad Gateway
[2026-02-07T01:59:23.142+0000] {logging_mixin.py:188} INFO -  >> Đang lấy dữ liệu: TCB
[2026-02-07T01:59:23.264+0000] {logging_mixin.py:188} INFO -  Lỗi xử lý mã TCB: Failed to fetch data: 429 - Too Many Requests
[2026-02-07T01:59:23.265+0000] {logging_mixin.py:188} INFO -  >> Đang lấy dữ liệu: TC6
[2026-02-07T01:59:37.128+0000] {logging_mixin.py:188} INFO -  >> Đang lấy dữ liệu: TBX
[2026-02-07T01:59:47.376+0000] {log.py:232} WARNING - 2026-02-07 01:59:47 - vnstock.core.utils.client - ERROR - API request failed: HTTPSConnectionPool(host='trading.vietcap.com.vn', port=443): Max retries exceeded with url: /data-mt/graphql (Caused by NameResolutionError("<urllib3.connection.HTTPSConnection object at 0x7f9dd37fc7a0>: Failed to resolve 'trading.vietcap.com.vn' ([Errno -3] Temporary failure in name resolution)"))
[2026-02-07T01:59:47.333+0000] {client.py:414} ERROR - API request failed: HTTPSConnectionPool(host='trading.vietcap.com.vn', port=443): Max retries exceeded with url: /data-mt/graphql (Caused by NameResolutionError("<urllib3.connection.HTTPSConnection object at 0x7f9dd37fc7a0>: Failed to resolve 'trading.vietcap.com.vn' ([Errno -3] Temporary failure in name resolution)"))
[2026-02-07T01:59:48.088+0000] {logging_mixin.py:188} INFO -  Lỗi xử lý mã TBX: API request failed: HTTPSConnectionPool(host='trading.vietcap.com.vn', port=443): Max retries exceeded with url: /data-mt/graphql (Caused by NameResolutionError("<urllib3.connection.HTTPSConnection object at 0x7f9dd37fc7a0>: Failed to resolve 'trading.vietcap.com.vn' ([Errno -3] Temporary failure in name resolution)"))
[2026-02-07T01:59:48.120+0000] {logging_mixin.py:188} INFO -  >> Đang lấy dữ liệu: TBW
[2026-02-07T01:59:54.405+0000] {logging_mixin.py:188} INFO - ❌ Lỗi income_statement: RetryError[<Future at 0x7f9dd37fdcd0 state=finished raised KeyError>]
[2026-02-07T02:00:00.439+0000] {logging_mixin.py:188} INFO - ❌ Lỗi balance_sheet: RetryError[<Future at 0x7f9dd3613a40 state=finished raised KeyError>]
[2026-02-07T02:00:06.663+0000] {logging_mixin.py:188} INFO - ❌ Lỗi cash_flow: RetryError[<Future at 0x7f9dd3611610 state=finished raised KeyError>]
[2026-02-07T02:00:10.166+0000] {logging_mixin.py:188} INFO -  >> Đang lấy dữ liệu: TBT
[2026-02-07T02:00:15.369+0000] {logging_mixin.py:188} INFO - ❌ Lỗi income_statement: RetryError[<Future at 0x7f9dd3611100 state=finished raised KeyError>]
[2026-02-07T02:00:29.117+0000] {log.py:232} WARNING - 2026-02-07 02:00:29 - vnstock.core.utils.client - ERROR - API request failed: HTTPSConnectionPool(host='trading.vietcap.com.vn', port=443): Max retries exceeded with url: /data-mt/graphql (Caused by NameResolutionError("<urllib3.connection.HTTPSConnection object at 0x7f9dd3613920>: Failed to resolve 'trading.vietcap.com.vn' ([Errno -3] Temporary failure in name resolution)"))
[2026-02-07T02:00:29.115+0000] {client.py:414} ERROR - API request failed: HTTPSConnectionPool(host='trading.vietcap.com.vn', port=443): Max retries exceeded with url: /data-mt/graphql (Caused by NameResolutionError("<urllib3.connection.HTTPSConnection object at 0x7f9dd3613920>: Failed to resolve 'trading.vietcap.com.vn' ([Errno -3] Temporary failure in name resolution)"))
[2026-02-07T02:00:33.839+0000] {logging_mixin.py:188} INFO - ❌ Lỗi balance_sheet: RetryError[<Future at 0x7f9dd3612030 state=finished raised KeyError>]
[2026-02-07T02:00:45.756+0000] {log.py:232} WARNING - 2026-02-07 02:00:45 - vnstock.core.utils.client - ERROR - API request failed: HTTPSConnectionPool(host='trading.vietcap.com.vn', port=443): Max retries exceeded with url: /data-mt/graphql (Caused by NameResolutionError("<urllib3.connection.HTTPSConnection object at 0x7f9dd37fd1f0>: Failed to resolve 'trading.vietcap.com.vn' ([Errno -3] Temporary failure in name resolution)"))
[2026-02-07T02:00:45.732+0000] {client.py:414} ERROR - API request failed: HTTPSConnectionPool(host='trading.vietcap.com.vn', port=443): Max retries exceeded with url: /data-mt/graphql (Caused by NameResolutionError("<urllib3.connection.HTTPSConnection object at 0x7f9dd37fd1f0>: Failed to resolve 'trading.vietcap.com.vn' ([Errno -3] Temporary failure in name resolution)"))
[2026-02-07T02:00:56.655+0000] {logging_mixin.py:188} INFO - ❌ Lỗi cash_flow: RetryError[<Future at 0x7f9dd3611580 state=finished raised KeyError>]
[2026-02-07T02:01:00.157+0000] {logging_mixin.py:188} INFO -  >> Đang lấy dữ liệu: TBR
[2026-02-07T02:01:05.121+0000] {logging_mixin.py:188} INFO - ❌ Lỗi income_statement: RetryError[<Future at 0x7f9dd37fdca0 state=finished raised KeyError>]
[2026-02-07T02:01:11.003+0000] {logging_mixin.py:188} INFO - ❌ Lỗi balance_sheet: RetryError[<Future at 0x7f9dd37fca40 state=finished raised KeyError>]
[2026-02-07T02:01:16.894+0000] {logging_mixin.py:188} INFO - ❌ Lỗi cash_flow: RetryError[<Future at 0x7f9dd37fe7b0 state=finished raised ConnectionError>]
[2026-02-07T02:01:20.400+0000] {logging_mixin.py:188} INFO -  >> Đang lấy dữ liệu: TBH
[2026-02-07T02:01:25.157+0000] {logging_mixin.py:188} INFO - ❌ Lỗi income_statement: RetryError[<Future at 0x7f9dd37ff080 state=finished raised KeyError>]
[2026-02-07T02:01:31.246+0000] {logging_mixin.py:188} INFO - ❌ Lỗi balance_sheet: RetryError[<Future at 0x7f9dd3853ce0 state=finished raised KeyError>]
[2026-02-07T02:01:37.173+0000] {logging_mixin.py:188} INFO - ❌ Lỗi cash_flow: RetryError[<Future at 0x7f9dd3671eb0 state=finished raised KeyError>]
[2026-02-07T02:01:40.696+0000] {logging_mixin.py:188} INFO -  >> Đang lấy dữ liệu: TBD
[2026-02-07T02:01:41.094+0000] {logging_mixin.py:188} INFO -  Lỗi xử lý mã TBD: Failed to fetch data: 429 - Too Many Requests
[2026-02-07T02:01:41.095+0000] {logging_mixin.py:188} INFO -  >> Đang lấy dữ liệu: TBC
[2026-02-07T02:01:49.651+0000] {logging_mixin.py:188} INFO -  >> Đang lấy dữ liệu: TB8
[2026-02-07T02:01:55.455+0000] {logging_mixin.py:188} INFO - ❌ Lỗi income_statement: RetryError[<Future at 0x7f9dd3629190 state=finished raised KeyError>]
[2026-02-07T02:02:01.432+0000] {logging_mixin.py:188} INFO - ❌ Lỗi balance_sheet: RetryError[<Future at 0x7f9dd3628650 state=finished raised KeyError>]
[2026-02-07T02:02:12.589+0000] {logging_mixin.py:188} INFO - ❌ Lỗi cash_flow: RetryError[<Future at 0x7f9dd362aba0 state=finished raised KeyError>]
[2026-02-07T02:02:16.092+0000] {logging_mixin.py:188} INFO -  >> Đang lấy dữ liệu: TAW
[2026-02-07T02:02:26.435+0000] {logging_mixin.py:188} INFO -  >> Đang lấy dữ liệu: TAR
[2026-02-07T02:02:34.642+0000] {logging_mixin.py:188} INFO -  >> Đang lấy dữ liệu: TAP
[2026-02-07T02:02:39.430+0000] {logging_mixin.py:188} INFO - ❌ Lỗi income_statement: RetryError[<Future at 0x7f9dd38bfbc0 state=finished raised ConnectionError>]
[2026-02-07T02:02:45.372+0000] {logging_mixin.py:188} INFO - ❌ Lỗi balance_sheet: RetryError[<Future at 0x7f9dd37ff7a0 state=finished raised ConnectionError>]
[2026-02-07T02:02:59.137+0000] {log.py:232} WARNING - 2026-02-07 02:02:59 - vnstock.core.utils.client - ERROR - API request failed: HTTPSConnectionPool(host='trading.vietcap.com.vn', port=443): Max retries exceeded with url: /data-mt/graphql (Caused by NameResolutionError("<urllib3.connection.HTTPSConnection object at 0x7f9dd3613b60>: Failed to resolve 'trading.vietcap.com.vn' ([Errno -3] Temporary failure in name resolution)"))
[2026-02-07T02:02:59.108+0000] {client.py:414} ERROR - API request failed: HTTPSConnectionPool(host='trading.vietcap.com.vn', port=443): Max retries exceeded with url: /data-mt/graphql (Caused by NameResolutionError("<urllib3.connection.HTTPSConnection object at 0x7f9dd3613b60>: Failed to resolve 'trading.vietcap.com.vn' ([Errno -3] Temporary failure in name resolution)"))
[2026-02-07T02:03:02.506+0000] {logging_mixin.py:188} INFO - ❌ Lỗi cash_flow: RetryError[<Future at 0x7f9dd3610170 state=finished raised KeyError>]
[2026-02-07T02:03:06.004+0000] {logging_mixin.py:188} INFO -  >> Đang lấy dữ liệu: TAN
[2026-02-07T02:03:06.131+0000] {logging_mixin.py:188} INFO -  Lỗi xử lý mã TAN: Failed to fetch data: 429 - Too Many Requests
[2026-02-07T02:03:06.142+0000] {logging_mixin.py:188} INFO -  ✓ Hoàn thành batch. Tổng số dòng: 2164
[2026-02-07T02:03:06.315+0000] {base.py:84} INFO - Using connection ID 'minio_finance' for task execution.
[2026-02-07T02:03:06.318+0000] {connection_wrapper.py:384} INFO - AWS Connection (conn_id='minio_finance', conn_type='aws') credentials retrieved from login and password.
[2026-02-07T02:03:07.844+0000] {datalake_df2csv.py:52} INFO - ✅ Đã upload 2164 dòng -> s3://thongtin-congty-va-bctc/bctc/2026-02-07/batch_18.csv
[2026-02-07T02:03:07.844+0000] {taskinstance.py:441} INFO - ::group::Post task execution logs
[2026-02-07T02:03:07.867+0000] {taskinstance.py:1206} INFO - Marking task as SUCCESS. dag_id=bctc_minio, task_id=ingest_bctc, run_id=manual__2026-02-07T01:54:42+00:00, map_index=18, execution_date=20260207T015442, start_date=20260207T015845, end_date=20260207T020307
[2026-02-07T02:03:07.956+0000] {local_task_job_runner.py:243} INFO - Task exited with return code 0
[2026-02-07T02:03:08.053+0000] {taskinstance.py:3503} INFO - 0 downstream tasks scheduled from follow-on schedule check
[2026-02-07T02:03:08.057+0000] {local_task_job_runner.py:222} INFO - ::endgroup::
