[2026-03-24T14:03:02.753+0000] {local_task_job_runner.py:120} INFO - ::group::Pre task execution logs
[2026-03-24T14:03:02.827+0000] {taskinstance.py:2076} INFO - Dependencies all met for dep_context=non-requeueable deps ti=<TaskInstance: daily_price.ingest_daily_price scheduled__2026-03-20T16:00:00+00:00 map_index=31 [queued]>
[2026-03-24T14:03:02.866+0000] {taskinstance.py:2076} INFO - Dependencies all met for dep_context=requeueable deps ti=<TaskInstance: daily_price.ingest_daily_price scheduled__2026-03-20T16:00:00+00:00 map_index=31 [queued]>
[2026-03-24T14:03:02.869+0000] {taskinstance.py:2306} INFO - Starting attempt 1 of 2
[2026-03-24T14:03:02.916+0000] {taskinstance.py:2330} INFO - Executing <Mapped(DfToCsvOperator): ingest_daily_price> on 2026-03-20 16:00:00+00:00
[2026-03-24T14:03:02.941+0000] {warnings.py:112} WARNING - This process (pid=714) is multi-threaded, use of fork() may lead to deadlocks in the child.

[2026-03-24T14:03:02.943+0000] {standard_task_runner.py:64} INFO - Started process 752 to run task
[2026-03-24T14:03:02.948+0000] {standard_task_runner.py:90} INFO - Running: ['***', 'tasks', 'run', 'daily_price', 'ingest_daily_price', 'scheduled__2026-03-20T16:00:00+00:00', '--job-id', '35706', '--raw', '--subdir', 'DAGS_FOLDER/dl_dailly_price.py', '--cfg-path', '/tmp/tmpl_y5thd6', '--map-index', '31']
[2026-03-24T14:03:02.962+0000] {standard_task_runner.py:91} INFO - Job 35706: Subtask ingest_daily_price
[2026-03-24T14:03:03.146+0000] {task_command.py:426} INFO - Running <TaskInstance: daily_price.ingest_daily_price scheduled__2026-03-20T16:00:00+00:00 map_index=31 [running]> on host e80ac71cca15
[2026-03-24T14:03:03.466+0000] {taskinstance.py:2648} INFO - Exporting env vars: AIRFLOW_CTX_DAG_OWNER='***' AIRFLOW_CTX_DAG_ID='daily_price' AIRFLOW_CTX_TASK_ID='ingest_daily_price' AIRFLOW_CTX_EXECUTION_DATE='2026-03-20T16:00:00+00:00' AIRFLOW_CTX_TRY_NUMBER='1' AIRFLOW_CTX_DAG_RUN_ID='scheduled__2026-03-20T16:00:00+00:00'
[2026-03-24T14:03:03.471+0000] {taskinstance.py:430} INFO - ::endgroup::
[2026-03-24T14:03:03.475+0000] {datalake_df2csv.py:40} INFO - ================================================================================
[2026-03-24T14:03:03.479+0000] {datalake_df2csv.py:41} INFO - 🚀 BẮT ĐẦU TASK: ingest_daily_price
[2026-03-24T14:03:03.484+0000] {datalake_df2csv.py:42} INFO - ================================================================================
[2026-03-24T14:03:03.488+0000] {datalake_df2csv.py:43} INFO - 📋 Thông tin cấu hình:
[2026-03-24T14:03:03.489+0000] {datalake_df2csv.py:44} INFO -   - Logic file: history_price
[2026-03-24T14:03:03.490+0000] {datalake_df2csv.py:45} INFO -   - DataFrame name: get_history_price_batch
[2026-03-24T14:03:03.491+0000] {datalake_df2csv.py:46} INFO -   - Bucket: thongtin-congty-va-bctc
[2026-03-24T14:03:03.494+0000] {datalake_df2csv.py:47} INFO -   - Object path: daily_price/2026-03-20/batch_31.csv
[2026-03-24T14:03:03.501+0000] {datalake_df2csv.py:48} INFO -   - Connection ID: minio_finance
[2026-03-24T14:03:03.506+0000] {datalake_df2csv.py:49} INFO -   - Tham số truyền vào: {'symbols': ['SJD', 'ABR', 'PEQ', 'SSC', 'CLH'], 'start_date': '2026-03-20', 'end_date': '2026-03-21'}
[2026-03-24T14:03:03.513+0000] {datalake_df2csv.py:50} INFO - --------------------------------------------------------------------------------
[2026-03-24T14:03:03.514+0000] {datalake_df2csv.py:54} INFO - 📥 Bước 1: Đang load dữ liệu từ logic file...
[2026-03-24T14:03:03.533+0000] {datalake_df2csv.py:148} INFO -   - Logic directory: /opt/airflow/plugins/logic
[2026-03-24T14:03:03.550+0000] {datalake_df2csv.py:149} INFO -   - Module path: /opt/airflow/plugins/logic/history_price.py
[2026-03-24T14:03:03.554+0000] {datalake_df2csv.py:153} INFO -   - Đã thêm logic directory vào sys.path
[2026-03-24T14:03:03.558+0000] {datalake_df2csv.py:159} INFO -   - Đang load module 'history_price'...
[2026-03-24T14:03:03.587+0000] {datalake_df2csv.py:163} INFO -   - ✅ Module loaded thành công
[2026-03-24T14:03:03.588+0000] {datalake_df2csv.py:165} INFO -   - Đang tìm DataFrame/function: 'get_history_price_batch'...
[2026-03-24T14:03:03.589+0000] {datalake_df2csv.py:170} INFO -   - ✅ Tìm thấy object: function
[2026-03-24T14:03:03.590+0000] {datalake_df2csv.py:173} INFO -   - Đang gọi function với tham số: {'symbols': ['SJD', 'ABR', 'PEQ', 'SSC', 'CLH'], 'start_date': '2026-03-20', 'end_date': '2026-03-21'}
[2026-03-24T14:03:17.650+0000] {datalake_df2csv.py:68} INFO - ✅ Load dữ liệu thành công!
[2026-03-24T14:03:17.652+0000] {datalake_df2csv.py:69} INFO - 📊 Thông tin DataFrame:
[2026-03-24T14:03:17.654+0000] {datalake_df2csv.py:70} INFO -   - Số dòng: 10
[2026-03-24T14:03:17.657+0000] {datalake_df2csv.py:71} INFO -   - Số cột: 7
[2026-03-24T14:03:17.658+0000] {datalake_df2csv.py:72} INFO -   - Tên các cột: ['ticker', 'trading_date', 'open', 'high', 'low', 'close', 'volume']
[2026-03-24T14:03:17.659+0000] {datalake_df2csv.py:73} INFO -   - Kiểu dữ liệu: {'ticker': 'object', 'trading_date': 'object', 'open': 'float64', 'high': 'float64', 'low': 'float64', 'close': 'float64', 'volume': 'int64'}
[2026-03-24T14:03:17.664+0000] {datalake_df2csv.py:74} INFO -   - Bộ nhớ sử dụng: 0.00 MB
[2026-03-24T14:03:17.667+0000] {datalake_df2csv.py:83} INFO -   - Không có giá trị NULL
[2026-03-24T14:03:17.668+0000] {datalake_df2csv.py:86} INFO -   - Mẫu dữ liệu (5 dòng đầu):
[2026-03-24T14:03:17.669+0000] {datalake_df2csv.py:88} INFO -     Row 0: {'ticker': 'SJD', 'trading_date': '2026-03-19', 'open': 14.05, 'high': 14.05, 'low': 14.0, 'close': 14.05, 'volume': 21300}
[2026-03-24T14:03:17.670+0000] {datalake_df2csv.py:88} INFO -     Row 1: {'ticker': 'SJD', 'trading_date': '2026-03-20', 'open': 14.05, 'high': 14.05, 'low': 13.95, 'close': 13.95, 'volume': 74700}
[2026-03-24T14:03:17.671+0000] {datalake_df2csv.py:88} INFO -     Row 2: {'ticker': 'ABR', 'trading_date': '2026-03-19', 'open': 13.0, 'high': 13.0, 'low': 13.0, 'close': 13.0, 'volume': 200}
[2026-03-24T14:03:17.672+0000] {datalake_df2csv.py:88} INFO -     Row 3: {'ticker': 'ABR', 'trading_date': '2026-03-20', 'open': 12.2, 'high': 12.2, 'low': 12.2, 'close': 12.2, 'volume': 100}
[2026-03-24T14:03:17.673+0000] {datalake_df2csv.py:88} INFO -     Row 4: {'ticker': 'PEQ', 'trading_date': '2026-03-19', 'open': 43.2, 'high': 49.6, 'low': 43.2, 'close': 48.5, 'volume': 1500}
[2026-03-24T14:03:17.673+0000] {datalake_df2csv.py:90} INFO - --------------------------------------------------------------------------------
[2026-03-24T14:03:17.674+0000] {datalake_df2csv.py:93} INFO - 📝 Bước 2: Đang chuyển đổi DataFrame sang CSV...
[2026-03-24T14:03:17.679+0000] {datalake_df2csv.py:97} INFO - ✅ Chuyển đổi CSV thành công!
[2026-03-24T14:03:17.679+0000] {datalake_df2csv.py:98} INFO -   - Kích thước file: 0.00 MB
[2026-03-24T14:03:17.680+0000] {datalake_df2csv.py:99} INFO -   - Thời gian chuyển đổi: 0.00 giây
[2026-03-24T14:03:17.681+0000] {datalake_df2csv.py:100} INFO - --------------------------------------------------------------------------------
[2026-03-24T14:03:17.681+0000] {datalake_df2csv.py:103} INFO - ☁️  Bước 3: Đang upload lên MinIO/S3...
[2026-03-24T14:03:17.700+0000] {base.py:84} INFO - Using connection ID 'minio_finance' for task execution.
[2026-03-24T14:03:17.702+0000] {connection_wrapper.py:384} INFO - AWS Connection (conn_id='minio_finance', conn_type='aws') credentials retrieved from login and password.
[2026-03-24T14:03:18.599+0000] {datalake_df2csv.py:112} INFO -   - Bucket 'thongtin-congty-va-bctc' đã tồn tại
[2026-03-24T14:03:18.659+0000] {datalake_df2csv.py:117} INFO - ✅ Upload thành công!
[2026-03-24T14:03:18.660+0000] {datalake_df2csv.py:118} INFO -   - Đường dẫn: s3://thongtin-congty-va-bctc/daily_price/2026-03-20/batch_31.csv
[2026-03-24T14:03:18.663+0000] {datalake_df2csv.py:119} INFO -   - Số dòng: 10
[2026-03-24T14:03:18.663+0000] {datalake_df2csv.py:120} INFO -   - Thời gian upload: 0.98 giây
[2026-03-24T14:03:18.664+0000] {datalake_df2csv.py:121} INFO - --------------------------------------------------------------------------------
[2026-03-24T14:03:18.665+0000] {datalake_df2csv.py:125} INFO - 📈 TỔNG KẾT:
[2026-03-24T14:03:18.665+0000] {datalake_df2csv.py:126} INFO -   - Tổng thời gian thực thi: 15.19 giây
[2026-03-24T14:03:18.666+0000] {datalake_df2csv.py:127} INFO -   - Tốc độ xử lý: 1 dòng/giây
[2026-03-24T14:03:18.666+0000] {datalake_df2csv.py:128} INFO - ================================================================================
[2026-03-24T14:03:18.667+0000] {datalake_df2csv.py:129} INFO - ✅ HOÀN THÀNH TASK: ingest_daily_price
[2026-03-24T14:03:18.667+0000] {datalake_df2csv.py:130} INFO - ================================================================================
[2026-03-24T14:03:18.668+0000] {taskinstance.py:441} INFO - ::group::Post task execution logs
[2026-03-24T14:03:18.684+0000] {taskinstance.py:1206} INFO - Marking task as SUCCESS. dag_id=daily_price, task_id=ingest_daily_price, run_id=scheduled__2026-03-20T16:00:00+00:00, map_index=31, execution_date=20260320T160000, start_date=20260324T140302, end_date=20260324T140318
[2026-03-24T14:03:18.736+0000] {local_task_job_runner.py:243} INFO - Task exited with return code 0
[2026-03-24T14:03:18.755+0000] {taskinstance.py:3503} INFO - 0 downstream tasks scheduled from follow-on schedule check
[2026-03-24T14:03:18.759+0000] {local_task_job_runner.py:222} INFO - ::endgroup::
