[2026-01-18T03:47:53.716+0000] {local_task_job_runner.py:120} INFO - ::group::Pre task execution logs
[2026-01-18T03:47:53.768+0000] {taskinstance.py:2076} INFO - Dependencies all met for dep_context=non-requeueable deps ti=<TaskInstance: financial_ratios_etl.ingest_financial_ratios scheduled__2026-01-11T02:00:00+00:00 map_index=661 [queued]>
[2026-01-18T03:47:53.812+0000] {taskinstance.py:2076} INFO - Dependencies all met for dep_context=requeueable deps ti=<TaskInstance: financial_ratios_etl.ingest_financial_ratios scheduled__2026-01-11T02:00:00+00:00 map_index=661 [queued]>
[2026-01-18T03:47:53.812+0000] {taskinstance.py:2306} INFO - Starting attempt 1 of 2
[2026-01-18T03:47:53.831+0000] {taskinstance.py:2330} INFO - Executing <Mapped(DfToCsvOperator): ingest_financial_ratios> on 2026-01-11 02:00:00+00:00
[2026-01-18T03:47:53.844+0000] {warnings.py:112} WARNING - This process (pid=13723) is multi-threaded, use of fork() may lead to deadlocks in the child.

[2026-01-18T03:47:53.845+0000] {standard_task_runner.py:64} INFO - Started process 13791 to run task
[2026-01-18T03:47:53.848+0000] {standard_task_runner.py:90} INFO - Running: ['***', 'tasks', 'run', 'financial_ratios_etl', 'ingest_financial_ratios', 'scheduled__2026-01-11T02:00:00+00:00', '--job-id', '2510', '--raw', '--subdir', 'DAGS_FOLDER/financial_ratios_etl.py', '--cfg-path', '/tmp/tmpryivqg2h', '--map-index', '661']
[2026-01-18T03:47:53.852+0000] {standard_task_runner.py:91} INFO - Job 2510: Subtask ingest_financial_ratios
[2026-01-18T03:47:53.903+0000] {task_command.py:426} INFO - Running <TaskInstance: financial_ratios_etl.ingest_financial_ratios scheduled__2026-01-11T02:00:00+00:00 map_index=661 [running]> on host 5ae19da926ef
[2026-01-18T03:47:54.013+0000] {taskinstance.py:2648} INFO - Exporting env vars: AIRFLOW_CTX_DAG_OWNER='***' AIRFLOW_CTX_DAG_ID='financial_ratios_etl' AIRFLOW_CTX_TASK_ID='ingest_financial_ratios' AIRFLOW_CTX_EXECUTION_DATE='2026-01-11T02:00:00+00:00' AIRFLOW_CTX_TRY_NUMBER='1' AIRFLOW_CTX_DAG_RUN_ID='scheduled__2026-01-11T02:00:00+00:00'
[2026-01-18T03:47:54.014+0000] {taskinstance.py:430} INFO - ::endgroup::
[2026-01-18T03:47:54.023+0000] {logging_mixin.py:188} INFO - [RATIO] Bắt đầu xử lý batch 2 mã: ['DSH', 'DSG']
[2026-01-18T03:47:54.024+0000] {logging_mixin.py:188} INFO - [RATIO] Kỳ dữ liệu: quarter
[2026-01-18T03:47:54.024+0000] {logging_mixin.py:188} INFO -  >> [RATIO] Đang lấy dữ liệu: DSH
[2026-01-18T03:47:59.432+0000] {logging_mixin.py:188} INFO - ❌ Lỗi DSH: RetryError[<Future at 0x7f4f1217fe00 state=finished raised KeyError>]
[2026-01-18T03:47:59.434+0000] {logging_mixin.py:188} INFO -  ⚠️ [RATIO] DSH: No data from API
[2026-01-18T03:48:01.435+0000] {logging_mixin.py:188} INFO -  >> [RATIO] Đang lấy dữ liệu: DSG
[2026-01-18T03:48:02.911+0000] {logging_mixin.py:188} INFO -  ✓ [RATIO] DSG: 30 rows
[2026-01-18T03:48:04.912+0000] {logging_mixin.py:188} INFO -  ✅ [RATIO] Hoàn thành batch. Tổng số dòng: 30
[2026-01-18T03:48:04.928+0000] {base.py:84} INFO - Using connection ID 'minio_finance' for task execution.
[2026-01-18T03:48:04.929+0000] {connection_wrapper.py:384} INFO - AWS Connection (conn_id='minio_finance', conn_type='aws') credentials retrieved from login and password.
[2026-01-18T03:48:05.466+0000] {datalake_df2csv.py:52} INFO - ✅ Đã upload 30 dòng -> s3://thongtin-congty-va-bctc/financial_ratios/2026-01-11/batch_661.csv
[2026-01-18T03:48:05.467+0000] {taskinstance.py:441} INFO - ::group::Post task execution logs
[2026-01-18T03:48:05.479+0000] {taskinstance.py:1206} INFO - Marking task as SUCCESS. dag_id=financial_ratios_etl, task_id=ingest_financial_ratios, run_id=scheduled__2026-01-11T02:00:00+00:00, map_index=661, execution_date=20260111T020000, start_date=20260118T034753, end_date=20260118T034805
[2026-01-18T03:48:05.538+0000] {local_task_job_runner.py:243} INFO - Task exited with return code 0
[2026-01-18T03:48:05.549+0000] {local_task_job_runner.py:222} INFO - ::endgroup::
