[2026-02-03T14:09:31.859+0000] {local_task_job_runner.py:120} INFO - ::group::Pre task execution logs
[2026-02-03T14:09:31.928+0000] {taskinstance.py:2076} INFO - Dependencies all met for dep_context=non-requeueable deps ti=<TaskInstance: daily_price_minio.ingest_daily_price manual__2026-02-03T13:52:24.891460+00:00 map_index=192 [queued]>
[2026-02-03T14:09:31.976+0000] {taskinstance.py:2076} INFO - Dependencies all met for dep_context=requeueable deps ti=<TaskInstance: daily_price_minio.ingest_daily_price manual__2026-02-03T13:52:24.891460+00:00 map_index=192 [queued]>
[2026-02-03T14:09:31.978+0000] {taskinstance.py:2306} INFO - Starting attempt 1 of 2
[2026-02-03T14:09:32.006+0000] {taskinstance.py:2330} INFO - Executing <Mapped(DfToCsvOperator): ingest_daily_price> on 2026-02-03 13:52:24.891460+00:00
[2026-02-03T14:09:32.026+0000] {warnings.py:112} WARNING - This process (pid=981) is multi-threaded, use of fork() may lead to deadlocks in the child.

[2026-02-03T14:09:32.028+0000] {standard_task_runner.py:64} INFO - Started process 1070 to run task
[2026-02-03T14:09:32.034+0000] {standard_task_runner.py:90} INFO - Running: ['***', 'tasks', 'run', 'daily_price_minio', 'ingest_daily_price', 'manual__2026-02-03T13:52:24.891460+00:00', '--job-id', '15792', '--raw', '--subdir', 'DAGS_FOLDER/dl_dailly_price.py', '--cfg-path', '/tmp/tmpynuhnp6n', '--map-index', '192']
[2026-02-03T14:09:32.040+0000] {standard_task_runner.py:91} INFO - Job 15792: Subtask ingest_daily_price
[2026-02-03T14:09:32.111+0000] {task_command.py:426} INFO - Running <TaskInstance: daily_price_minio.ingest_daily_price manual__2026-02-03T13:52:24.891460+00:00 map_index=192 [running]> on host 9a961c7ad7bb
[2026-02-03T14:09:32.291+0000] {taskinstance.py:2648} INFO - Exporting env vars: AIRFLOW_CTX_DAG_OWNER='***' AIRFLOW_CTX_DAG_ID='daily_price_minio' AIRFLOW_CTX_TASK_ID='ingest_daily_price' AIRFLOW_CTX_EXECUTION_DATE='2026-02-03T13:52:24.891460+00:00' AIRFLOW_CTX_TRY_NUMBER='1' AIRFLOW_CTX_DAG_RUN_ID='manual__2026-02-03T13:52:24.891460+00:00'
[2026-02-03T14:09:32.293+0000] {taskinstance.py:430} INFO - ::endgroup::
[2026-02-03T14:09:35.916+0000] {base.py:84} INFO - Using connection ID 'minio_finance' for task execution.
[2026-02-03T14:09:35.919+0000] {connection_wrapper.py:384} INFO - AWS Connection (conn_id='minio_finance', conn_type='aws') credentials retrieved from login and password.
[2026-02-03T14:09:37.023+0000] {datalake_df2csv.py:52} INFO - ✅ Đã upload 20 dòng -> s3://thongtin-congty-va-bctc/daily_price/2026-02-03/batch_192.csv
[2026-02-03T14:09:37.025+0000] {taskinstance.py:441} INFO - ::group::Post task execution logs
[2026-02-03T14:09:37.040+0000] {taskinstance.py:1206} INFO - Marking task as SUCCESS. dag_id=daily_price_minio, task_id=ingest_daily_price, run_id=manual__2026-02-03T13:52:24.891460+00:00, map_index=192, execution_date=20260203T135224, start_date=20260203T140931, end_date=20260203T140937
[2026-02-03T14:09:37.274+0000] {local_task_job_runner.py:243} INFO - Task exited with return code 0
[2026-02-03T14:09:37.296+0000] {taskinstance.py:3503} INFO - 0 downstream tasks scheduled from follow-on schedule check
[2026-02-03T14:09:37.299+0000] {local_task_job_runner.py:222} INFO - ::endgroup::
