[2026-03-03T01:09:32.114+0000] {local_task_job_runner.py:120} INFO - ::group::Pre task execution logs
[2026-03-03T01:09:32.197+0000] {taskinstance.py:2076} INFO - Dependencies all met for dep_context=non-requeueable deps ti=<TaskInstance: daily_price.ingest_daily_price scheduled__2026-02-27T16:00:00+00:00 map_index=115 [queued]>
[2026-03-03T01:09:32.247+0000] {taskinstance.py:2076} INFO - Dependencies all met for dep_context=requeueable deps ti=<TaskInstance: daily_price.ingest_daily_price scheduled__2026-02-27T16:00:00+00:00 map_index=115 [queued]>
[2026-03-03T01:09:32.251+0000] {taskinstance.py:2306} INFO - Starting attempt 1 of 2
[2026-03-03T01:09:32.297+0000] {taskinstance.py:2330} INFO - Executing <Mapped(DfToCsvOperator): ingest_daily_price> on 2026-02-27 16:00:00+00:00
[2026-03-03T01:09:32.314+0000] {warnings.py:112} WARNING - This process (pid=1445) is multi-threaded, use of fork() may lead to deadlocks in the child.

[2026-03-03T01:09:32.316+0000] {standard_task_runner.py:64} INFO - Started process 1492 to run task
[2026-03-03T01:09:32.326+0000] {standard_task_runner.py:90} INFO - Running: ['***', 'tasks', 'run', 'daily_price', 'ingest_daily_price', 'scheduled__2026-02-27T16:00:00+00:00', '--job-id', '30043', '--raw', '--subdir', 'DAGS_FOLDER/dl_dailly_price.py', '--cfg-path', '/tmp/tmpnu68kj8z', '--map-index', '115']
[2026-03-03T01:09:32.332+0000] {standard_task_runner.py:91} INFO - Job 30043: Subtask ingest_daily_price
[2026-03-03T01:09:32.469+0000] {task_command.py:426} INFO - Running <TaskInstance: daily_price.ingest_daily_price scheduled__2026-02-27T16:00:00+00:00 map_index=115 [running]> on host 9d2419bb4975
[2026-03-03T01:09:33.194+0000] {taskinstance.py:2648} INFO - Exporting env vars: AIRFLOW_CTX_DAG_OWNER='***' AIRFLOW_CTX_DAG_ID='daily_price' AIRFLOW_CTX_TASK_ID='ingest_daily_price' AIRFLOW_CTX_EXECUTION_DATE='2026-02-27T16:00:00+00:00' AIRFLOW_CTX_TRY_NUMBER='1' AIRFLOW_CTX_DAG_RUN_ID='scheduled__2026-02-27T16:00:00+00:00'
[2026-03-03T01:09:33.199+0000] {taskinstance.py:430} INFO - ::endgroup::
[2026-03-03T01:09:33.200+0000] {datalake_df2csv.py:40} INFO - ================================================================================
[2026-03-03T01:09:33.201+0000] {datalake_df2csv.py:41} INFO - 🚀 BẮT ĐẦU TASK: ingest_daily_price
[2026-03-03T01:09:33.201+0000] {datalake_df2csv.py:42} INFO - ================================================================================
[2026-03-03T01:09:33.202+0000] {datalake_df2csv.py:43} INFO - 📋 Thông tin cấu hình:
[2026-03-03T01:09:33.202+0000] {datalake_df2csv.py:44} INFO -   - Logic file: history_price
[2026-03-03T01:09:33.203+0000] {datalake_df2csv.py:45} INFO -   - DataFrame name: get_history_price_batch
[2026-03-03T01:09:33.205+0000] {datalake_df2csv.py:46} INFO -   - Bucket: thongtin-congty-va-bctc
[2026-03-03T01:09:33.206+0000] {datalake_df2csv.py:47} INFO -   - Object path: daily_price/2026-02-27/batch_115.csv
[2026-03-03T01:09:33.207+0000] {datalake_df2csv.py:48} INFO -   - Connection ID: minio_finance
[2026-03-03T01:09:33.209+0000] {datalake_df2csv.py:49} INFO -   - Tham số truyền vào: {'symbols': ['TIS', 'ICC', 'GPC', 'HHB', 'JOS'], 'start_date': '2026-02-27', 'end_date': '2026-02-28'}
[2026-03-03T01:09:33.210+0000] {datalake_df2csv.py:50} INFO - --------------------------------------------------------------------------------
[2026-03-03T01:09:33.212+0000] {datalake_df2csv.py:54} INFO - 📥 Bước 1: Đang load dữ liệu từ logic file...
[2026-03-03T01:09:33.224+0000] {datalake_df2csv.py:148} INFO -   - Logic directory: /opt/airflow/plugins/logic
[2026-03-03T01:09:33.229+0000] {datalake_df2csv.py:149} INFO -   - Module path: /opt/airflow/plugins/logic/history_price.py
[2026-03-03T01:09:33.230+0000] {datalake_df2csv.py:153} INFO -   - Đã thêm logic directory vào sys.path
[2026-03-03T01:09:33.232+0000] {datalake_df2csv.py:159} INFO -   - Đang load module 'history_price'...
[2026-03-03T01:09:33.241+0000] {datalake_df2csv.py:163} INFO -   - ✅ Module loaded thành công
[2026-03-03T01:09:33.245+0000] {datalake_df2csv.py:165} INFO -   - Đang tìm DataFrame/function: 'get_history_price_batch'...
[2026-03-03T01:09:33.246+0000] {datalake_df2csv.py:170} INFO -   - ✅ Tìm thấy object: function
[2026-03-03T01:09:33.247+0000] {datalake_df2csv.py:173} INFO -   - Đang gọi function với tham số: {'symbols': ['TIS', 'ICC', 'GPC', 'HHB', 'JOS'], 'start_date': '2026-02-27', 'end_date': '2026-02-28'}
[2026-03-03T01:09:38.722+0000] {datalake_df2csv.py:68} INFO - ✅ Load dữ liệu thành công!
[2026-03-03T01:09:38.723+0000] {datalake_df2csv.py:69} INFO - 📊 Thông tin DataFrame:
[2026-03-03T01:09:38.724+0000] {datalake_df2csv.py:70} INFO -   - Số dòng: 10
[2026-03-03T01:09:38.725+0000] {datalake_df2csv.py:71} INFO -   - Số cột: 7
[2026-03-03T01:09:38.725+0000] {datalake_df2csv.py:72} INFO -   - Tên các cột: ['ticker', 'trading_date', 'open', 'high', 'low', 'close', 'volume']
[2026-03-03T01:09:38.727+0000] {datalake_df2csv.py:73} INFO -   - Kiểu dữ liệu: {'ticker': 'object', 'trading_date': 'object', 'open': 'float64', 'high': 'float64', 'low': 'float64', 'close': 'float64', 'volume': 'int64'}
[2026-03-03T01:09:38.730+0000] {datalake_df2csv.py:74} INFO -   - Bộ nhớ sử dụng: 0.00 MB
[2026-03-03T01:09:38.732+0000] {datalake_df2csv.py:83} INFO -   - Không có giá trị NULL
[2026-03-03T01:09:38.732+0000] {datalake_df2csv.py:86} INFO -   - Mẫu dữ liệu (5 dòng đầu):
[2026-03-03T01:09:38.734+0000] {datalake_df2csv.py:88} INFO -     Row 0: {'ticker': 'TIS', 'trading_date': '2026-02-26', 'open': 5.3, 'high': 5.3, 'low': 5.2, 'close': 5.3, 'volume': 12400}
[2026-03-03T01:09:38.735+0000] {datalake_df2csv.py:88} INFO -     Row 1: {'ticker': 'TIS', 'trading_date': '2026-02-27', 'open': 5.3, 'high': 5.3, 'low': 5.0, 'close': 5.0, 'volume': 72600}
[2026-03-03T01:09:38.736+0000] {datalake_df2csv.py:88} INFO -     Row 2: {'ticker': 'ICC', 'trading_date': '2026-02-26', 'open': 42.0, 'high': 42.0, 'low': 42.0, 'close': 42.0, 'volume': 200}
[2026-03-03T01:09:38.737+0000] {datalake_df2csv.py:88} INFO -     Row 3: {'ticker': 'ICC', 'trading_date': '2026-02-27', 'open': 35.7, 'high': 35.7, 'low': 35.7, 'close': 35.7, 'volume': 14700}
[2026-03-03T01:09:38.738+0000] {datalake_df2csv.py:88} INFO -     Row 4: {'ticker': 'GPC', 'trading_date': '2026-02-26', 'open': 2.3, 'high': 2.4, 'low': 2.2, 'close': 2.2, 'volume': 29800}
[2026-03-03T01:09:38.739+0000] {datalake_df2csv.py:90} INFO - --------------------------------------------------------------------------------
[2026-03-03T01:09:38.739+0000] {datalake_df2csv.py:93} INFO - 📝 Bước 2: Đang chuyển đổi DataFrame sang CSV...
[2026-03-03T01:09:38.745+0000] {datalake_df2csv.py:97} INFO - ✅ Chuyển đổi CSV thành công!
[2026-03-03T01:09:38.747+0000] {datalake_df2csv.py:98} INFO -   - Kích thước file: 0.00 MB
[2026-03-03T01:09:38.749+0000] {datalake_df2csv.py:99} INFO -   - Thời gian chuyển đổi: 0.00 giây
[2026-03-03T01:09:38.749+0000] {datalake_df2csv.py:100} INFO - --------------------------------------------------------------------------------
[2026-03-03T01:09:38.750+0000] {datalake_df2csv.py:103} INFO - ☁️  Bước 3: Đang upload lên MinIO/S3...
[2026-03-03T01:09:38.766+0000] {base.py:84} INFO - Using connection ID 'minio_finance' for task execution.
[2026-03-03T01:09:38.767+0000] {connection_wrapper.py:384} INFO - AWS Connection (conn_id='minio_finance', conn_type='aws') credentials retrieved from login and password.
[2026-03-03T01:09:39.913+0000] {datalake_df2csv.py:112} INFO -   - Bucket 'thongtin-congty-va-bctc' đã tồn tại
[2026-03-03T01:09:40.061+0000] {datalake_df2csv.py:117} INFO - ✅ Upload thành công!
[2026-03-03T01:09:40.062+0000] {datalake_df2csv.py:118} INFO -   - Đường dẫn: s3://thongtin-congty-va-bctc/daily_price/2026-02-27/batch_115.csv
[2026-03-03T01:09:40.063+0000] {datalake_df2csv.py:119} INFO -   - Số dòng: 10
[2026-03-03T01:09:40.064+0000] {datalake_df2csv.py:120} INFO -   - Thời gian upload: 1.31 giây
[2026-03-03T01:09:40.064+0000] {datalake_df2csv.py:121} INFO - --------------------------------------------------------------------------------
[2026-03-03T01:09:40.065+0000] {datalake_df2csv.py:125} INFO - 📈 TỔNG KẾT:
[2026-03-03T01:09:40.066+0000] {datalake_df2csv.py:126} INFO -   - Tổng thời gian thực thi: 6.86 giây
[2026-03-03T01:09:40.067+0000] {datalake_df2csv.py:127} INFO -   - Tốc độ xử lý: 1 dòng/giây
[2026-03-03T01:09:40.067+0000] {datalake_df2csv.py:128} INFO - ================================================================================
[2026-03-03T01:09:40.068+0000] {datalake_df2csv.py:129} INFO - ✅ HOÀN THÀNH TASK: ingest_daily_price
[2026-03-03T01:09:40.069+0000] {datalake_df2csv.py:130} INFO - ================================================================================
[2026-03-03T01:09:40.071+0000] {taskinstance.py:441} INFO - ::group::Post task execution logs
[2026-03-03T01:09:40.096+0000] {taskinstance.py:1206} INFO - Marking task as SUCCESS. dag_id=daily_price, task_id=ingest_daily_price, run_id=scheduled__2026-02-27T16:00:00+00:00, map_index=115, execution_date=20260227T160000, start_date=20260303T010932, end_date=20260303T010940
[2026-03-03T01:09:40.181+0000] {local_task_job_runner.py:243} INFO - Task exited with return code 0
[2026-03-03T01:09:40.205+0000] {taskinstance.py:3503} INFO - 0 downstream tasks scheduled from follow-on schedule check
[2026-03-03T01:09:40.209+0000] {local_task_job_runner.py:222} INFO - ::endgroup::
