[2026-04-23T13:56:09.279+0000] {local_task_job_runner.py:120} INFO - ::group::Pre task execution logs
[2026-04-23T13:56:09.365+0000] {taskinstance.py:2076} INFO - Dependencies all met for dep_context=non-requeueable deps ti=<TaskInstance: daily_price.ingest_daily_price scheduled__2026-04-21T16:00:00+00:00 map_index=278 [queued]>
[2026-04-23T13:56:09.427+0000] {taskinstance.py:2076} INFO - Dependencies all met for dep_context=requeueable deps ti=<TaskInstance: daily_price.ingest_daily_price scheduled__2026-04-21T16:00:00+00:00 map_index=278 [queued]>
[2026-04-23T13:56:09.428+0000] {taskinstance.py:2306} INFO - Starting attempt 1 of 2
[2026-04-23T13:56:09.471+0000] {taskinstance.py:2330} INFO - Executing <Mapped(DfToCsvOperator): ingest_daily_price> on 2026-04-21 16:00:00+00:00
[2026-04-23T13:56:09.487+0000] {warnings.py:112} WARNING - This process (pid=3005) is multi-threaded, use of fork() may lead to deadlocks in the child.

[2026-04-23T13:56:09.489+0000] {standard_task_runner.py:64} INFO - Started process 3051 to run task
[2026-04-23T13:56:09.493+0000] {standard_task_runner.py:90} INFO - Running: ['***', 'tasks', 'run', 'daily_price', 'ingest_daily_price', 'scheduled__2026-04-21T16:00:00+00:00', '--job-id', '44598', '--raw', '--subdir', 'DAGS_FOLDER/dl_dailly_price.py', '--cfg-path', '/tmp/tmp1r63b2wa', '--map-index', '278']
[2026-04-23T13:56:09.499+0000] {standard_task_runner.py:91} INFO - Job 44598: Subtask ingest_daily_price
[2026-04-23T13:56:09.607+0000] {task_command.py:426} INFO - Running <TaskInstance: daily_price.ingest_daily_price scheduled__2026-04-21T16:00:00+00:00 map_index=278 [running]> on host df0317362dff
[2026-04-23T13:56:10.254+0000] {taskinstance.py:2648} INFO - Exporting env vars: AIRFLOW_CTX_DAG_OWNER='***' AIRFLOW_CTX_DAG_ID='daily_price' AIRFLOW_CTX_TASK_ID='ingest_daily_price' AIRFLOW_CTX_EXECUTION_DATE='2026-04-21T16:00:00+00:00' AIRFLOW_CTX_TRY_NUMBER='1' AIRFLOW_CTX_DAG_RUN_ID='scheduled__2026-04-21T16:00:00+00:00'
[2026-04-23T13:56:10.257+0000] {taskinstance.py:430} INFO - ::endgroup::
[2026-04-23T13:56:10.259+0000] {datalake_df2csv.py:40} INFO - ================================================================================
[2026-04-23T13:56:10.261+0000] {datalake_df2csv.py:41} INFO - 🚀 BẮT ĐẦU TASK: ingest_daily_price
[2026-04-23T13:56:10.262+0000] {datalake_df2csv.py:42} INFO - ================================================================================
[2026-04-23T13:56:10.263+0000] {datalake_df2csv.py:43} INFO - 📋 Thông tin cấu hình:
[2026-04-23T13:56:10.265+0000] {datalake_df2csv.py:44} INFO -   - Logic file: history_price
[2026-04-23T13:56:10.266+0000] {datalake_df2csv.py:45} INFO -   - DataFrame name: get_history_price_batch
[2026-04-23T13:56:10.267+0000] {datalake_df2csv.py:46} INFO -   - Bucket: thongtin-congty-va-bctc
[2026-04-23T13:56:10.267+0000] {datalake_df2csv.py:47} INFO -   - Object path: daily_price/2026-04-21/batch_278.csv
[2026-04-23T13:56:10.268+0000] {datalake_df2csv.py:48} INFO -   - Connection ID: minio_finance
[2026-04-23T13:56:10.268+0000] {datalake_df2csv.py:49} INFO -   - Tham số truyền vào: {'symbols': ['BHP', 'PLC', 'TQW', 'VE1', 'VCF'], 'start_date': '2026-04-21', 'end_date': '2026-04-22'}
[2026-04-23T13:56:10.269+0000] {datalake_df2csv.py:50} INFO - --------------------------------------------------------------------------------
[2026-04-23T13:56:10.269+0000] {datalake_df2csv.py:54} INFO - 📥 Bước 1: Đang load dữ liệu từ logic file...
[2026-04-23T13:56:10.274+0000] {datalake_df2csv.py:148} INFO -   - Logic directory: /opt/airflow/plugins/logic
[2026-04-23T13:56:10.278+0000] {datalake_df2csv.py:149} INFO -   - Module path: /opt/airflow/plugins/logic/history_price.py
[2026-04-23T13:56:10.279+0000] {datalake_df2csv.py:153} INFO -   - Đã thêm logic directory vào sys.path
[2026-04-23T13:56:10.281+0000] {datalake_df2csv.py:159} INFO -   - Đang load module 'history_price'...
[2026-04-23T13:56:10.286+0000] {datalake_df2csv.py:163} INFO -   - ✅ Module loaded thành công
[2026-04-23T13:56:10.287+0000] {datalake_df2csv.py:165} INFO -   - Đang tìm DataFrame/function: 'get_history_price_batch'...
[2026-04-23T13:56:10.288+0000] {datalake_df2csv.py:170} INFO -   - ✅ Tìm thấy object: function
[2026-04-23T13:56:10.289+0000] {datalake_df2csv.py:173} INFO -   - Đang gọi function với tham số: {'symbols': ['BHP', 'PLC', 'TQW', 'VE1', 'VCF'], 'start_date': '2026-04-21', 'end_date': '2026-04-22'}
[2026-04-23T13:56:15.849+0000] {datalake_df2csv.py:68} INFO - ✅ Load dữ liệu thành công!
[2026-04-23T13:56:15.851+0000] {datalake_df2csv.py:69} INFO - 📊 Thông tin DataFrame:
[2026-04-23T13:56:15.852+0000] {datalake_df2csv.py:70} INFO -   - Số dòng: 20
[2026-04-23T13:56:15.858+0000] {datalake_df2csv.py:71} INFO -   - Số cột: 7
[2026-04-23T13:56:15.859+0000] {datalake_df2csv.py:72} INFO -   - Tên các cột: ['ticker', 'trading_date', 'open', 'high', 'low', 'close', 'volume']
[2026-04-23T13:56:15.863+0000] {datalake_df2csv.py:73} INFO -   - Kiểu dữ liệu: {'ticker': 'object', 'trading_date': 'object', 'open': 'float64', 'high': 'float64', 'low': 'float64', 'close': 'float64', 'volume': 'int64'}
[2026-04-23T13:56:15.870+0000] {datalake_df2csv.py:74} INFO -   - Bộ nhớ sử dụng: 0.00 MB
[2026-04-23T13:56:15.891+0000] {datalake_df2csv.py:83} INFO -   - Không có giá trị NULL
[2026-04-23T13:56:15.903+0000] {datalake_df2csv.py:86} INFO -   - Mẫu dữ liệu (5 dòng đầu):
[2026-04-23T13:56:15.906+0000] {datalake_df2csv.py:88} INFO -     Row 0: {'ticker': 'BHP', 'trading_date': '2026-03-25', 'open': 6.8, 'high': 7.2, 'low': 6.8, 'close': 7.2, 'volume': 200}
[2026-04-23T13:56:15.909+0000] {datalake_df2csv.py:88} INFO -     Row 1: {'ticker': 'BHP', 'trading_date': '2026-04-10', 'open': 7.2, 'high': 7.2, 'low': 7.2, 'close': 7.2, 'volume': 200}
[2026-04-23T13:56:15.914+0000] {datalake_df2csv.py:88} INFO -     Row 2: {'ticker': 'BHP', 'trading_date': '2026-04-13', 'open': 8.2, 'high': 8.2, 'low': 8.2, 'close': 8.2, 'volume': 100}
[2026-04-23T13:56:15.915+0000] {datalake_df2csv.py:88} INFO -     Row 3: {'ticker': 'BHP', 'trading_date': '2026-04-20', 'open': 7.0, 'high': 7.0, 'low': 7.0, 'close': 7.0, 'volume': 100}
[2026-04-23T13:56:15.916+0000] {datalake_df2csv.py:88} INFO -     Row 4: {'ticker': 'PLC', 'trading_date': '2026-04-20', 'open': 23.3, 'high': 23.8, 'low': 23.3, 'close': 23.4, 'volume': 161000}
[2026-04-23T13:56:15.917+0000] {datalake_df2csv.py:90} INFO - --------------------------------------------------------------------------------
[2026-04-23T13:56:15.930+0000] {datalake_df2csv.py:93} INFO - 📝 Bước 2: Đang chuyển đổi DataFrame sang CSV...
[2026-04-23T13:56:15.938+0000] {datalake_df2csv.py:97} INFO - ✅ Chuyển đổi CSV thành công!
[2026-04-23T13:56:15.939+0000] {datalake_df2csv.py:98} INFO -   - Kích thước file: 0.00 MB
[2026-04-23T13:56:15.943+0000] {datalake_df2csv.py:99} INFO -   - Thời gian chuyển đổi: 0.01 giây
[2026-04-23T13:56:15.946+0000] {datalake_df2csv.py:100} INFO - --------------------------------------------------------------------------------
[2026-04-23T13:56:15.949+0000] {datalake_df2csv.py:103} INFO - ☁️  Bước 3: Đang upload lên MinIO/S3...
[2026-04-23T13:56:15.983+0000] {base.py:84} INFO - Using connection ID 'minio_finance' for task execution.
[2026-04-23T13:56:15.985+0000] {connection_wrapper.py:384} INFO - AWS Connection (conn_id='minio_finance', conn_type='aws') credentials retrieved from login and password.
[2026-04-23T13:56:17.133+0000] {datalake_df2csv.py:112} INFO -   - Bucket 'thongtin-congty-va-bctc' đã tồn tại
[2026-04-23T13:56:17.229+0000] {datalake_df2csv.py:117} INFO - ✅ Upload thành công!
[2026-04-23T13:56:17.231+0000] {datalake_df2csv.py:118} INFO -   - Đường dẫn: s3://thongtin-congty-va-bctc/daily_price/2026-04-21/batch_278.csv
[2026-04-23T13:56:17.232+0000] {datalake_df2csv.py:119} INFO -   - Số dòng: 20
[2026-04-23T13:56:17.232+0000] {datalake_df2csv.py:120} INFO -   - Thời gian upload: 1.27 giây
[2026-04-23T13:56:17.233+0000] {datalake_df2csv.py:121} INFO - --------------------------------------------------------------------------------
[2026-04-23T13:56:17.233+0000] {datalake_df2csv.py:125} INFO - 📈 TỔNG KẾT:
[2026-04-23T13:56:17.233+0000] {datalake_df2csv.py:126} INFO -   - Tổng thời gian thực thi: 6.97 giây
[2026-04-23T13:56:17.234+0000] {datalake_df2csv.py:127} INFO -   - Tốc độ xử lý: 3 dòng/giây
[2026-04-23T13:56:17.234+0000] {datalake_df2csv.py:128} INFO - ================================================================================
[2026-04-23T13:56:17.234+0000] {datalake_df2csv.py:129} INFO - ✅ HOÀN THÀNH TASK: ingest_daily_price
[2026-04-23T13:56:17.235+0000] {datalake_df2csv.py:130} INFO - ================================================================================
[2026-04-23T13:56:17.236+0000] {taskinstance.py:441} INFO - ::group::Post task execution logs
[2026-04-23T13:56:17.263+0000] {taskinstance.py:1206} INFO - Marking task as SUCCESS. dag_id=daily_price, task_id=ingest_daily_price, run_id=scheduled__2026-04-21T16:00:00+00:00, map_index=278, execution_date=20260421T160000, start_date=20260423T135609, end_date=20260423T135617
[2026-04-23T13:56:17.370+0000] {local_task_job_runner.py:243} INFO - Task exited with return code 0
[2026-04-23T13:56:17.413+0000] {taskinstance.py:3503} INFO - 0 downstream tasks scheduled from follow-on schedule check
[2026-04-23T13:56:17.432+0000] {local_task_job_runner.py:222} INFO - ::endgroup::
