[2026-01-19T13:20:05.558+0000] {local_task_job_runner.py:120} INFO - ::group::Pre task execution logs
[2026-01-19T13:20:05.586+0000] {taskinstance.py:2076} INFO - Dependencies all met for dep_context=non-requeueable deps ti=<TaskInstance: backup_db_parallel.sync_news_partition manual__2026-01-19T13:10:29.558110+00:00 map_index=3 [queued]>
[2026-01-19T13:20:05.603+0000] {taskinstance.py:2076} INFO - Dependencies all met for dep_context=requeueable deps ti=<TaskInstance: backup_db_parallel.sync_news_partition manual__2026-01-19T13:10:29.558110+00:00 map_index=3 [queued]>
[2026-01-19T13:20:05.603+0000] {taskinstance.py:2306} INFO - Starting attempt 1 of 3
[2026-01-19T13:20:05.626+0000] {taskinstance.py:2330} INFO - Executing <Mapped(_PythonDecoratedOperator): sync_news_partition> on 2026-01-19 13:10:29.558110+00:00
[2026-01-19T13:20:05.638+0000] {warnings.py:112} WARNING - This process (pid=647) is multi-threaded, use of fork() may lead to deadlocks in the child.

[2026-01-19T13:20:05.640+0000] {standard_task_runner.py:64} INFO - Started process 657 to run task
[2026-01-19T13:20:05.643+0000] {standard_task_runner.py:90} INFO - Running: ['***', 'tasks', 'run', 'backup_db_parallel', 'sync_news_partition', 'manual__2026-01-19T13:10:29.558110+00:00', '--job-id', '3033', '--raw', '--subdir', 'DAGS_FOLDER/backup_db_parallel.py', '--cfg-path', '/tmp/tmpww27xvhm', '--map-index', '3']
[2026-01-19T13:20:05.647+0000] {standard_task_runner.py:91} INFO - Job 3033: Subtask sync_news_partition
[2026-01-19T13:20:05.703+0000] {task_command.py:426} INFO - Running <TaskInstance: backup_db_parallel.sync_news_partition manual__2026-01-19T13:10:29.558110+00:00 map_index=3 [running]> on host 8cee9c20419f
[2026-01-19T13:20:05.842+0000] {taskinstance.py:2648} INFO - Exporting env vars: AIRFLOW_CTX_DAG_OWNER='***' AIRFLOW_CTX_DAG_ID='backup_db_parallel' AIRFLOW_CTX_TASK_ID='sync_news_partition' AIRFLOW_CTX_EXECUTION_DATE='2026-01-19T13:10:29.558110+00:00' AIRFLOW_CTX_TRY_NUMBER='1' AIRFLOW_CTX_DAG_RUN_ID='manual__2026-01-19T13:10:29.558110+00:00'
[2026-01-19T13:20:05.844+0000] {taskinstance.py:430} INFO - ::endgroup::
[2026-01-19T13:20:05.865+0000] {base.py:84} INFO - Using connection ID 'minio_finance' for task execution.
[2026-01-19T13:20:05.866+0000] {connection_wrapper.py:384} INFO - AWS Connection (conn_id='minio_finance', conn_type='aws') credentials retrieved from login and password.
[2026-01-19T13:20:06.893+0000] {logging_mixin.py:188} INFO - ✓ Found 1 CSV files in thongtin-congty-va-bctc/news/daily/2026-01-14/
[2026-01-19T13:20:06.906+0000] {base.py:84} INFO - Using connection ID 'minio_finance' for task execution.
[2026-01-19T13:20:06.907+0000] {connection_wrapper.py:384} INFO - AWS Connection (conn_id='minio_finance', conn_type='aws') credentials retrieved from login and password.
[2026-01-19T13:20:07.454+0000] {logging_mixin.py:188} INFO - ✓ Read 9169 rows from news/daily/2026-01-14/news_daily_20260114T000000.csv
[2026-01-19T13:20:07.458+0000] {logging_mixin.py:188} INFO - ✓ Concatenated 1 files into 9169 total rows
[2026-01-19T13:20:08.728+0000] {python.py:237} INFO - Done. Returned value was: {'partition': 'news/daily/2026-01-14/', 'rows': 0, 'status': 'error: column "related_ticker" of relation "news" does not exist\nLINE 1: ...T INTO hethong_phantich_chungkhoan.news (news_id, related_ti...\n                                                             ^\n'}
[2026-01-19T13:20:08.729+0000] {taskinstance.py:441} INFO - ::group::Post task execution logs
[2026-01-19T13:20:08.755+0000] {taskinstance.py:1206} INFO - Marking task as SUCCESS. dag_id=backup_db_parallel, task_id=sync_news_partition, run_id=manual__2026-01-19T13:10:29.558110+00:00, map_index=3, execution_date=20260119T131029, start_date=20260119T132005, end_date=20260119T132008
[2026-01-19T13:20:08.789+0000] {local_task_job_runner.py:243} INFO - Task exited with return code 0
[2026-01-19T13:20:08.823+0000] {taskinstance.py:3503} INFO - 0 downstream tasks scheduled from follow-on schedule check
[2026-01-19T13:20:08.825+0000] {local_task_job_runner.py:222} INFO - ::endgroup::
