[2026-01-18T03:53:15.360+0000] {local_task_job_runner.py:120} INFO - ::group::Pre task execution logs
[2026-01-18T03:53:15.485+0000] {taskinstance.py:2076} INFO - Dependencies all met for dep_context=non-requeueable deps ti=<TaskInstance: financial_ratios_etl.ingest_financial_ratios scheduled__2026-01-11T02:00:00+00:00 map_index=835 [queued]>
[2026-01-18T03:53:15.568+0000] {taskinstance.py:2076} INFO - Dependencies all met for dep_context=requeueable deps ti=<TaskInstance: financial_ratios_etl.ingest_financial_ratios scheduled__2026-01-11T02:00:00+00:00 map_index=835 [queued]>
[2026-01-18T03:53:15.569+0000] {taskinstance.py:2306} INFO - Starting attempt 1 of 2
[2026-01-18T03:53:15.589+0000] {taskinstance.py:2330} INFO - Executing <Mapped(DfToCsvOperator): ingest_financial_ratios> on 2026-01-11 02:00:00+00:00
[2026-01-18T03:53:15.602+0000] {warnings.py:112} WARNING - This process (pid=16230) is multi-threaded, use of fork() may lead to deadlocks in the child.

[2026-01-18T03:53:15.604+0000] {standard_task_runner.py:64} INFO - Started process 16294 to run task
[2026-01-18T03:53:15.607+0000] {standard_task_runner.py:90} INFO - Running: ['***', 'tasks', 'run', 'financial_ratios_etl', 'ingest_financial_ratios', 'scheduled__2026-01-11T02:00:00+00:00', '--job-id', '2705', '--raw', '--subdir', 'DAGS_FOLDER/financial_ratios_etl.py', '--cfg-path', '/tmp/tmp6znkf6py', '--map-index', '835']
[2026-01-18T03:53:15.612+0000] {standard_task_runner.py:91} INFO - Job 2705: Subtask ingest_financial_ratios
[2026-01-18T03:53:15.679+0000] {task_command.py:426} INFO - Running <TaskInstance: financial_ratios_etl.ingest_financial_ratios scheduled__2026-01-11T02:00:00+00:00 map_index=835 [running]> on host 5ae19da926ef
[2026-01-18T03:53:15.830+0000] {taskinstance.py:2648} INFO - Exporting env vars: AIRFLOW_CTX_DAG_OWNER='***' AIRFLOW_CTX_DAG_ID='financial_ratios_etl' AIRFLOW_CTX_TASK_ID='ingest_financial_ratios' AIRFLOW_CTX_EXECUTION_DATE='2026-01-11T02:00:00+00:00' AIRFLOW_CTX_TRY_NUMBER='1' AIRFLOW_CTX_DAG_RUN_ID='scheduled__2026-01-11T02:00:00+00:00'
[2026-01-18T03:53:15.832+0000] {taskinstance.py:430} INFO - ::endgroup::
[2026-01-18T03:53:15.842+0000] {logging_mixin.py:188} INFO - [RATIO] Bắt đầu xử lý batch 2 mã: ['ASP', 'ASM']
[2026-01-18T03:53:15.842+0000] {logging_mixin.py:188} INFO - [RATIO] Kỳ dữ liệu: quarter
[2026-01-18T03:53:15.843+0000] {logging_mixin.py:188} INFO -  >> [RATIO] Đang lấy dữ liệu: ASP
[2026-01-18T03:53:18.164+0000] {logging_mixin.py:188} INFO -  ✓ [RATIO] ASP: 51 rows
[2026-01-18T03:53:20.165+0000] {logging_mixin.py:188} INFO -  >> [RATIO] Đang lấy dữ liệu: ASM
[2026-01-18T03:53:21.271+0000] {logging_mixin.py:188} INFO -  ✓ [RATIO] ASM: 51 rows
[2026-01-18T03:53:23.275+0000] {logging_mixin.py:188} INFO -  ✅ [RATIO] Hoàn thành batch. Tổng số dòng: 102
[2026-01-18T03:53:23.307+0000] {base.py:84} INFO - Using connection ID 'minio_finance' for task execution.
[2026-01-18T03:53:23.308+0000] {connection_wrapper.py:384} INFO - AWS Connection (conn_id='minio_finance', conn_type='aws') credentials retrieved from login and password.
[2026-01-18T03:53:24.110+0000] {datalake_df2csv.py:52} INFO - ✅ Đã upload 102 dòng -> s3://thongtin-congty-va-bctc/financial_ratios/2026-01-11/batch_835.csv
[2026-01-18T03:53:24.111+0000] {taskinstance.py:441} INFO - ::group::Post task execution logs
[2026-01-18T03:53:24.126+0000] {taskinstance.py:1206} INFO - Marking task as SUCCESS. dag_id=financial_ratios_etl, task_id=ingest_financial_ratios, run_id=scheduled__2026-01-11T02:00:00+00:00, map_index=835, execution_date=20260111T020000, start_date=20260118T035315, end_date=20260118T035324
[2026-01-18T03:53:24.175+0000] {local_task_job_runner.py:243} INFO - Task exited with return code 0
[2026-01-18T03:53:24.188+0000] {local_task_job_runner.py:222} INFO - ::endgroup::
