[2026-03-25T13:43:18.205+0000] {local_task_job_runner.py:120} INFO - ::group::Pre task execution logs
[2026-03-25T13:43:18.267+0000] {taskinstance.py:2076} INFO - Dependencies all met for dep_context=non-requeueable deps ti=<TaskInstance: daily_price.ingest_daily_price scheduled__2026-03-23T16:00:00+00:00 map_index=63 [queued]>
[2026-03-25T13:43:18.307+0000] {taskinstance.py:2076} INFO - Dependencies all met for dep_context=requeueable deps ti=<TaskInstance: daily_price.ingest_daily_price scheduled__2026-03-23T16:00:00+00:00 map_index=63 [queued]>
[2026-03-25T13:43:18.308+0000] {taskinstance.py:2306} INFO - Starting attempt 1 of 2
[2026-03-25T13:43:18.338+0000] {taskinstance.py:2330} INFO - Executing <Mapped(DfToCsvOperator): ingest_daily_price> on 2026-03-23 16:00:00+00:00
[2026-03-25T13:43:18.357+0000] {warnings.py:112} WARNING - This process (pid=1013) is multi-threaded, use of fork() may lead to deadlocks in the child.

[2026-03-25T13:43:18.360+0000] {standard_task_runner.py:64} INFO - Started process 1070 to run task
[2026-03-25T13:43:18.365+0000] {standard_task_runner.py:90} INFO - Running: ['***', 'tasks', 'run', 'daily_price', 'ingest_daily_price', 'scheduled__2026-03-23T16:00:00+00:00', '--job-id', '36113', '--raw', '--subdir', 'DAGS_FOLDER/dl_dailly_price.py', '--cfg-path', '/tmp/tmpiuh1e663', '--map-index', '63']
[2026-03-25T13:43:18.369+0000] {standard_task_runner.py:91} INFO - Job 36113: Subtask ingest_daily_price
[2026-03-25T13:43:18.452+0000] {task_command.py:426} INFO - Running <TaskInstance: daily_price.ingest_daily_price scheduled__2026-03-23T16:00:00+00:00 map_index=63 [running]> on host 4acdd4ba2090
[2026-03-25T13:43:19.057+0000] {taskinstance.py:2648} INFO - Exporting env vars: AIRFLOW_CTX_DAG_OWNER='***' AIRFLOW_CTX_DAG_ID='daily_price' AIRFLOW_CTX_TASK_ID='ingest_daily_price' AIRFLOW_CTX_EXECUTION_DATE='2026-03-23T16:00:00+00:00' AIRFLOW_CTX_TRY_NUMBER='1' AIRFLOW_CTX_DAG_RUN_ID='scheduled__2026-03-23T16:00:00+00:00'
[2026-03-25T13:43:19.062+0000] {taskinstance.py:430} INFO - ::endgroup::
[2026-03-25T13:43:19.063+0000] {datalake_df2csv.py:40} INFO - ================================================================================
[2026-03-25T13:43:19.064+0000] {datalake_df2csv.py:41} INFO - 🚀 BẮT ĐẦU TASK: ingest_daily_price
[2026-03-25T13:43:19.066+0000] {datalake_df2csv.py:42} INFO - ================================================================================
[2026-03-25T13:43:19.068+0000] {datalake_df2csv.py:43} INFO - 📋 Thông tin cấu hình:
[2026-03-25T13:43:19.069+0000] {datalake_df2csv.py:44} INFO -   - Logic file: history_price
[2026-03-25T13:43:19.070+0000] {datalake_df2csv.py:45} INFO -   - DataFrame name: get_history_price_batch
[2026-03-25T13:43:19.070+0000] {datalake_df2csv.py:46} INFO -   - Bucket: thongtin-congty-va-bctc
[2026-03-25T13:43:19.071+0000] {datalake_df2csv.py:47} INFO -   - Object path: daily_price/2026-03-23/batch_63.csv
[2026-03-25T13:43:19.072+0000] {datalake_df2csv.py:48} INFO -   - Connection ID: minio_finance
[2026-03-25T13:43:19.072+0000] {datalake_df2csv.py:49} INFO -   - Tham số truyền vào: {'symbols': ['NHT', 'FCM', 'VIP', 'THS', 'TDB'], 'start_date': '2026-03-23', 'end_date': '2026-03-24'}
[2026-03-25T13:43:19.073+0000] {datalake_df2csv.py:50} INFO - --------------------------------------------------------------------------------
[2026-03-25T13:43:19.074+0000] {datalake_df2csv.py:54} INFO - 📥 Bước 1: Đang load dữ liệu từ logic file...
[2026-03-25T13:43:19.078+0000] {datalake_df2csv.py:148} INFO -   - Logic directory: /opt/airflow/plugins/logic
[2026-03-25T13:43:19.079+0000] {datalake_df2csv.py:149} INFO -   - Module path: /opt/airflow/plugins/logic/history_price.py
[2026-03-25T13:43:19.080+0000] {datalake_df2csv.py:153} INFO -   - Đã thêm logic directory vào sys.path
[2026-03-25T13:43:19.082+0000] {datalake_df2csv.py:159} INFO -   - Đang load module 'history_price'...
[2026-03-25T13:43:19.093+0000] {datalake_df2csv.py:163} INFO -   - ✅ Module loaded thành công
[2026-03-25T13:43:19.094+0000] {datalake_df2csv.py:165} INFO -   - Đang tìm DataFrame/function: 'get_history_price_batch'...
[2026-03-25T13:43:19.095+0000] {datalake_df2csv.py:170} INFO -   - ✅ Tìm thấy object: function
[2026-03-25T13:43:19.098+0000] {datalake_df2csv.py:173} INFO -   - Đang gọi function với tham số: {'symbols': ['NHT', 'FCM', 'VIP', 'THS', 'TDB'], 'start_date': '2026-03-23', 'end_date': '2026-03-24'}
[2026-03-25T13:43:25.342+0000] {datalake_df2csv.py:68} INFO - ✅ Load dữ liệu thành công!
[2026-03-25T13:43:25.343+0000] {datalake_df2csv.py:69} INFO - 📊 Thông tin DataFrame:
[2026-03-25T13:43:25.343+0000] {datalake_df2csv.py:70} INFO -   - Số dòng: 20
[2026-03-25T13:43:25.345+0000] {datalake_df2csv.py:71} INFO -   - Số cột: 7
[2026-03-25T13:43:25.345+0000] {datalake_df2csv.py:72} INFO -   - Tên các cột: ['ticker', 'trading_date', 'open', 'high', 'low', 'close', 'volume']
[2026-03-25T13:43:25.346+0000] {datalake_df2csv.py:73} INFO -   - Kiểu dữ liệu: {'ticker': 'object', 'trading_date': 'object', 'open': 'float64', 'high': 'float64', 'low': 'float64', 'close': 'float64', 'volume': 'int64'}
[2026-03-25T13:43:25.350+0000] {datalake_df2csv.py:74} INFO -   - Bộ nhớ sử dụng: 0.00 MB
[2026-03-25T13:43:25.354+0000] {datalake_df2csv.py:83} INFO -   - Không có giá trị NULL
[2026-03-25T13:43:25.355+0000] {datalake_df2csv.py:86} INFO -   - Mẫu dữ liệu (5 dòng đầu):
[2026-03-25T13:43:25.356+0000] {datalake_df2csv.py:88} INFO -     Row 0: {'ticker': 'NHT', 'trading_date': '2026-03-16', 'open': 11.15, 'high': 11.15, 'low': 11.15, 'close': 11.15, 'volume': 1300}
[2026-03-25T13:43:25.357+0000] {datalake_df2csv.py:88} INFO -     Row 1: {'ticker': 'NHT', 'trading_date': '2026-03-18', 'open': 11.1, 'high': 11.1, 'low': 11.1, 'close': 11.1, 'volume': 300}
[2026-03-25T13:43:25.357+0000] {datalake_df2csv.py:88} INFO -     Row 2: {'ticker': 'NHT', 'trading_date': '2026-03-19', 'open': 10.5, 'high': 10.5, 'low': 10.5, 'close': 10.5, 'volume': 1000}
[2026-03-25T13:43:25.358+0000] {datalake_df2csv.py:88} INFO -     Row 3: {'ticker': 'NHT', 'trading_date': '2026-03-23', 'open': 11.0, 'high': 11.0, 'low': 11.0, 'close': 11.0, 'volume': 400}
[2026-03-25T13:43:25.359+0000] {datalake_df2csv.py:88} INFO -     Row 4: {'ticker': 'FCM', 'trading_date': '2026-03-20', 'open': 3.32, 'high': 3.34, 'low': 3.28, 'close': 3.31, 'volume': 37100}
[2026-03-25T13:43:25.359+0000] {datalake_df2csv.py:90} INFO - --------------------------------------------------------------------------------
[2026-03-25T13:43:25.360+0000] {datalake_df2csv.py:93} INFO - 📝 Bước 2: Đang chuyển đổi DataFrame sang CSV...
[2026-03-25T13:43:25.368+0000] {datalake_df2csv.py:97} INFO - ✅ Chuyển đổi CSV thành công!
[2026-03-25T13:43:25.369+0000] {datalake_df2csv.py:98} INFO -   - Kích thước file: 0.00 MB
[2026-03-25T13:43:25.369+0000] {datalake_df2csv.py:99} INFO -   - Thời gian chuyển đổi: 0.01 giây
[2026-03-25T13:43:25.370+0000] {datalake_df2csv.py:100} INFO - --------------------------------------------------------------------------------
[2026-03-25T13:43:25.370+0000] {datalake_df2csv.py:103} INFO - ☁️  Bước 3: Đang upload lên MinIO/S3...
[2026-03-25T13:43:25.384+0000] {base.py:84} INFO - Using connection ID 'minio_finance' for task execution.
[2026-03-25T13:43:25.385+0000] {connection_wrapper.py:384} INFO - AWS Connection (conn_id='minio_finance', conn_type='aws') credentials retrieved from login and password.
[2026-03-25T13:43:27.548+0000] {datalake_df2csv.py:112} INFO -   - Bucket 'thongtin-congty-va-bctc' đã tồn tại
[2026-03-25T13:43:27.618+0000] {datalake_df2csv.py:117} INFO - ✅ Upload thành công!
[2026-03-25T13:43:27.618+0000] {datalake_df2csv.py:118} INFO -   - Đường dẫn: s3://thongtin-congty-va-bctc/daily_price/2026-03-23/batch_63.csv
[2026-03-25T13:43:27.619+0000] {datalake_df2csv.py:119} INFO -   - Số dòng: 20
[2026-03-25T13:43:27.620+0000] {datalake_df2csv.py:120} INFO -   - Thời gian upload: 2.25 giây
[2026-03-25T13:43:27.620+0000] {datalake_df2csv.py:121} INFO - --------------------------------------------------------------------------------
[2026-03-25T13:43:27.621+0000] {datalake_df2csv.py:125} INFO - 📈 TỔNG KẾT:
[2026-03-25T13:43:27.621+0000] {datalake_df2csv.py:126} INFO -   - Tổng thời gian thực thi: 8.56 giây
[2026-03-25T13:43:27.622+0000] {datalake_df2csv.py:127} INFO -   - Tốc độ xử lý: 2 dòng/giây
[2026-03-25T13:43:27.623+0000] {datalake_df2csv.py:128} INFO - ================================================================================
[2026-03-25T13:43:27.626+0000] {datalake_df2csv.py:129} INFO - ✅ HOÀN THÀNH TASK: ingest_daily_price
[2026-03-25T13:43:27.628+0000] {datalake_df2csv.py:130} INFO - ================================================================================
[2026-03-25T13:43:27.630+0000] {taskinstance.py:441} INFO - ::group::Post task execution logs
[2026-03-25T13:43:27.644+0000] {taskinstance.py:1206} INFO - Marking task as SUCCESS. dag_id=daily_price, task_id=ingest_daily_price, run_id=scheduled__2026-03-23T16:00:00+00:00, map_index=63, execution_date=20260323T160000, start_date=20260325T134318, end_date=20260325T134327
[2026-03-25T13:43:27.730+0000] {local_task_job_runner.py:243} INFO - Task exited with return code 0
[2026-03-25T13:43:27.743+0000] {local_task_job_runner.py:222} INFO - ::endgroup::
