[2026-02-22T02:33:15.886+0000] {local_task_job_runner.py:120} INFO - ::group::Pre task execution logs
[2026-02-22T02:33:16.017+0000] {taskinstance.py:2076} INFO - Dependencies all met for dep_context=non-requeueable deps ti=<TaskInstance: daily_price_minio.ingest_daily_price scheduled__2026-02-16T16:00:00+00:00 map_index=244 [queued]>
[2026-02-22T02:33:16.103+0000] {taskinstance.py:2076} INFO - Dependencies all met for dep_context=requeueable deps ti=<TaskInstance: daily_price_minio.ingest_daily_price scheduled__2026-02-16T16:00:00+00:00 map_index=244 [queued]>
[2026-02-22T02:33:16.104+0000] {taskinstance.py:2306} INFO - Starting attempt 1 of 2
[2026-02-22T02:33:16.193+0000] {taskinstance.py:2330} INFO - Executing <Mapped(DfToCsvOperator): ingest_daily_price> on 2026-02-16 16:00:00+00:00
[2026-02-22T02:33:16.277+0000] {warnings.py:112} WARNING - This process (pid=454) is multi-threaded, use of fork() may lead to deadlocks in the child.

[2026-02-22T02:33:16.277+0000] {standard_task_runner.py:90} INFO - Running: ['***', 'tasks', 'run', 'daily_price_minio', 'ingest_daily_price', 'scheduled__2026-02-16T16:00:00+00:00', '--job-id', '23701', '--raw', '--subdir', 'DAGS_FOLDER/dl_dailly_price.py', '--cfg-path', '/tmp/tmp2ux2e0d3', '--map-index', '244']
[2026-02-22T02:33:16.299+0000] {standard_task_runner.py:91} INFO - Job 23701: Subtask ingest_daily_price
[2026-02-22T02:33:16.297+0000] {standard_task_runner.py:64} INFO - Started process 513 to run task
[2026-02-22T02:33:16.554+0000] {task_command.py:426} INFO - Running <TaskInstance: daily_price_minio.ingest_daily_price scheduled__2026-02-16T16:00:00+00:00 map_index=244 [running]> on host 1b22f72dc705
[2026-02-22T02:33:17.636+0000] {taskinstance.py:2648} INFO - Exporting env vars: AIRFLOW_CTX_DAG_OWNER='***' AIRFLOW_CTX_DAG_ID='daily_price_minio' AIRFLOW_CTX_TASK_ID='ingest_daily_price' AIRFLOW_CTX_EXECUTION_DATE='2026-02-16T16:00:00+00:00' AIRFLOW_CTX_TRY_NUMBER='1' AIRFLOW_CTX_DAG_RUN_ID='scheduled__2026-02-16T16:00:00+00:00'
[2026-02-22T02:33:17.639+0000] {taskinstance.py:430} INFO - ::endgroup::
[2026-02-22T02:33:17.648+0000] {datalake_df2csv.py:40} INFO - ================================================================================
[2026-02-22T02:33:17.651+0000] {datalake_df2csv.py:41} INFO - 🚀 BẮT ĐẦU TASK: ingest_daily_price
[2026-02-22T02:33:17.654+0000] {datalake_df2csv.py:42} INFO - ================================================================================
[2026-02-22T02:33:17.657+0000] {datalake_df2csv.py:43} INFO - 📋 Thông tin cấu hình:
[2026-02-22T02:33:17.659+0000] {datalake_df2csv.py:44} INFO -   - Logic file: history_price
[2026-02-22T02:33:17.661+0000] {datalake_df2csv.py:45} INFO -   - DataFrame name: get_history_price_batch
[2026-02-22T02:33:17.662+0000] {datalake_df2csv.py:46} INFO -   - Bucket: thongtin-congty-va-bctc
[2026-02-22T02:33:17.663+0000] {datalake_df2csv.py:47} INFO -   - Object path: daily_price/2026-02-16/batch_244.csv
[2026-02-22T02:33:17.667+0000] {datalake_df2csv.py:48} INFO -   - Connection ID: minio_finance
[2026-02-22T02:33:17.668+0000] {datalake_df2csv.py:49} INFO -   - Tham số truyền vào: {'symbols': ['VMA', 'VNR', 'QNU', 'SPC', 'PSL'], 'start_date': '2026-02-16', 'end_date': '2026-02-17'}
[2026-02-22T02:33:17.668+0000] {datalake_df2csv.py:50} INFO - --------------------------------------------------------------------------------
[2026-02-22T02:33:17.669+0000] {datalake_df2csv.py:54} INFO - 📥 Bước 1: Đang load dữ liệu từ logic file...
[2026-02-22T02:33:17.678+0000] {datalake_df2csv.py:148} INFO -   - Logic directory: /opt/airflow/plugins/logic
[2026-02-22T02:33:17.680+0000] {datalake_df2csv.py:149} INFO -   - Module path: /opt/airflow/plugins/logic/history_price.py
[2026-02-22T02:33:17.683+0000] {datalake_df2csv.py:153} INFO -   - Đã thêm logic directory vào sys.path
[2026-02-22T02:33:17.694+0000] {datalake_df2csv.py:159} INFO -   - Đang load module 'history_price'...
[2026-02-22T02:33:17.705+0000] {datalake_df2csv.py:163} INFO -   - ✅ Module loaded thành công
[2026-02-22T02:33:17.706+0000] {datalake_df2csv.py:165} INFO -   - Đang tìm DataFrame/function: 'get_history_price_batch'...
[2026-02-22T02:33:17.711+0000] {datalake_df2csv.py:170} INFO -   - ✅ Tìm thấy object: function
[2026-02-22T02:33:17.716+0000] {datalake_df2csv.py:173} INFO -   - Đang gọi function với tham số: {'symbols': ['VMA', 'VNR', 'QNU', 'SPC', 'PSL'], 'start_date': '2026-02-16', 'end_date': '2026-02-17'}
[2026-02-22T02:33:23.582+0000] {datalake_df2csv.py:68} INFO - ✅ Load dữ liệu thành công!
[2026-02-22T02:33:23.584+0000] {datalake_df2csv.py:69} INFO - 📊 Thông tin DataFrame:
[2026-02-22T02:33:23.587+0000] {datalake_df2csv.py:70} INFO -   - Số dòng: 20
[2026-02-22T02:33:23.590+0000] {datalake_df2csv.py:71} INFO -   - Số cột: 7
[2026-02-22T02:33:23.594+0000] {datalake_df2csv.py:72} INFO -   - Tên các cột: ['ticker', 'trading_date', 'open', 'high', 'low', 'close', 'volume']
[2026-02-22T02:33:23.597+0000] {datalake_df2csv.py:73} INFO -   - Kiểu dữ liệu: {'ticker': 'object', 'trading_date': 'object', 'open': 'float64', 'high': 'float64', 'low': 'float64', 'close': 'float64', 'volume': 'int64'}
[2026-02-22T02:33:23.602+0000] {datalake_df2csv.py:74} INFO -   - Bộ nhớ sử dụng: 0.00 MB
[2026-02-22T02:33:23.605+0000] {datalake_df2csv.py:83} INFO -   - Không có giá trị NULL
[2026-02-22T02:33:23.606+0000] {datalake_df2csv.py:86} INFO -   - Mẫu dữ liệu (5 dòng đầu):
[2026-02-22T02:33:23.608+0000] {datalake_df2csv.py:88} INFO -     Row 0: {'ticker': 'VMA', 'trading_date': '2025-05-22', 'open': 2.8, 'high': 2.8, 'low': 2.8, 'close': 2.8, 'volume': 0}
[2026-02-22T02:33:23.610+0000] {datalake_df2csv.py:88} INFO -     Row 1: {'ticker': 'VMA', 'trading_date': '2025-05-23', 'open': 2.8, 'high': 2.8, 'low': 2.8, 'close': 2.8, 'volume': 0}
[2026-02-22T02:33:23.613+0000] {datalake_df2csv.py:88} INFO -     Row 2: {'ticker': 'VMA', 'trading_date': '2025-05-26', 'open': 2.8, 'high': 2.8, 'low': 2.8, 'close': 2.8, 'volume': 0}
[2026-02-22T02:33:23.614+0000] {datalake_df2csv.py:88} INFO -     Row 3: {'ticker': 'VMA', 'trading_date': '2025-05-27', 'open': 2.8, 'high': 2.8, 'low': 2.8, 'close': 2.8, 'volume': 0}
[2026-02-22T02:33:23.615+0000] {datalake_df2csv.py:88} INFO -     Row 4: {'ticker': 'VNR', 'trading_date': '2026-02-10', 'open': 21.5, 'high': 21.5, 'low': 21.1, 'close': 21.1, 'volume': 18000}
[2026-02-22T02:33:23.616+0000] {datalake_df2csv.py:90} INFO - --------------------------------------------------------------------------------
[2026-02-22T02:33:23.617+0000] {datalake_df2csv.py:93} INFO - 📝 Bước 2: Đang chuyển đổi DataFrame sang CSV...
[2026-02-22T02:33:23.623+0000] {datalake_df2csv.py:97} INFO - ✅ Chuyển đổi CSV thành công!
[2026-02-22T02:33:23.624+0000] {datalake_df2csv.py:98} INFO -   - Kích thước file: 0.00 MB
[2026-02-22T02:33:23.624+0000] {datalake_df2csv.py:99} INFO -   - Thời gian chuyển đổi: 0.00 giây
[2026-02-22T02:33:23.625+0000] {datalake_df2csv.py:100} INFO - --------------------------------------------------------------------------------
[2026-02-22T02:33:23.626+0000] {datalake_df2csv.py:103} INFO - ☁️  Bước 3: Đang upload lên MinIO/S3...
[2026-02-22T02:33:23.641+0000] {base.py:84} INFO - Using connection ID 'minio_finance' for task execution.
[2026-02-22T02:33:23.643+0000] {connection_wrapper.py:384} INFO - AWS Connection (conn_id='minio_finance', conn_type='aws') credentials retrieved from login and password.
[2026-02-22T02:33:24.569+0000] {datalake_df2csv.py:112} INFO -   - Bucket 'thongtin-congty-va-bctc' đã tồn tại
[2026-02-22T02:33:24.727+0000] {datalake_df2csv.py:117} INFO - ✅ Upload thành công!
[2026-02-22T02:33:24.729+0000] {datalake_df2csv.py:118} INFO -   - Đường dẫn: s3://thongtin-congty-va-bctc/daily_price/2026-02-16/batch_244.csv
[2026-02-22T02:33:24.731+0000] {datalake_df2csv.py:119} INFO -   - Số dòng: 20
[2026-02-22T02:33:24.737+0000] {datalake_df2csv.py:120} INFO -   - Thời gian upload: 1.10 giây
[2026-02-22T02:33:24.738+0000] {datalake_df2csv.py:121} INFO - --------------------------------------------------------------------------------
[2026-02-22T02:33:24.739+0000] {datalake_df2csv.py:125} INFO - 📈 TỔNG KẾT:
[2026-02-22T02:33:24.739+0000] {datalake_df2csv.py:126} INFO -   - Tổng thời gian thực thi: 7.09 giây
[2026-02-22T02:33:24.740+0000] {datalake_df2csv.py:127} INFO -   - Tốc độ xử lý: 3 dòng/giây
[2026-02-22T02:33:24.740+0000] {datalake_df2csv.py:128} INFO - ================================================================================
[2026-02-22T02:33:24.741+0000] {datalake_df2csv.py:129} INFO - ✅ HOÀN THÀNH TASK: ingest_daily_price
[2026-02-22T02:33:24.744+0000] {datalake_df2csv.py:130} INFO - ================================================================================
[2026-02-22T02:33:24.746+0000] {taskinstance.py:441} INFO - ::group::Post task execution logs
[2026-02-22T02:33:24.786+0000] {taskinstance.py:1206} INFO - Marking task as SUCCESS. dag_id=daily_price_minio, task_id=ingest_daily_price, run_id=scheduled__2026-02-16T16:00:00+00:00, map_index=244, execution_date=20260216T160000, start_date=20260222T023316, end_date=20260222T023324
[2026-02-22T02:33:24.942+0000] {local_task_job_runner.py:243} INFO - Task exited with return code 0
[2026-02-22T02:33:25.011+0000] {taskinstance.py:3503} INFO - 0 downstream tasks scheduled from follow-on schedule check
[2026-02-22T02:33:25.021+0000] {local_task_job_runner.py:222} INFO - ::endgroup::
