[2026-02-27T15:30:20.995+0000] {local_task_job_runner.py:120} INFO - ::group::Pre task execution logs
[2026-02-27T15:30:21.076+0000] {taskinstance.py:2076} INFO - Dependencies all met for dep_context=non-requeueable deps ti=<TaskInstance: daily_price.ingest_daily_price manual__2026-02-27T15:28:31.126262+00:00 map_index=59 [queued]>
[2026-02-27T15:30:21.114+0000] {taskinstance.py:2076} INFO - Dependencies all met for dep_context=requeueable deps ti=<TaskInstance: daily_price.ingest_daily_price manual__2026-02-27T15:28:31.126262+00:00 map_index=59 [queued]>
[2026-02-27T15:30:21.115+0000] {taskinstance.py:2306} INFO - Starting attempt 1 of 2
[2026-02-27T15:30:21.176+0000] {taskinstance.py:2330} INFO - Executing <Mapped(DfToCsvOperator): ingest_daily_price> on 2026-02-27 15:28:31.126262+00:00
[2026-02-27T15:30:21.204+0000] {warnings.py:112} WARNING - This process (pid=903) is multi-threaded, use of fork() may lead to deadlocks in the child.

[2026-02-27T15:30:21.223+0000] {standard_task_runner.py:64} INFO - Started process 932 to run task
[2026-02-27T15:30:21.217+0000] {standard_task_runner.py:90} INFO - Running: ['***', 'tasks', 'run', 'daily_price', 'ingest_daily_price', 'manual__2026-02-27T15:28:31.126262+00:00', '--job-id', '27826', '--raw', '--subdir', 'DAGS_FOLDER/dl_dailly_price.py', '--cfg-path', '/tmp/tmp9h3hfk0v', '--map-index', '59']
[2026-02-27T15:30:21.226+0000] {standard_task_runner.py:91} INFO - Job 27826: Subtask ingest_daily_price
[2026-02-27T15:30:21.346+0000] {task_command.py:426} INFO - Running <TaskInstance: daily_price.ingest_daily_price manual__2026-02-27T15:28:31.126262+00:00 map_index=59 [running]> on host a3ff7e3985fc
[2026-02-27T15:30:21.692+0000] {taskinstance.py:2648} INFO - Exporting env vars: AIRFLOW_CTX_DAG_OWNER='***' AIRFLOW_CTX_DAG_ID='daily_price' AIRFLOW_CTX_TASK_ID='ingest_daily_price' AIRFLOW_CTX_EXECUTION_DATE='2026-02-27T15:28:31.126262+00:00' AIRFLOW_CTX_TRY_NUMBER='1' AIRFLOW_CTX_DAG_RUN_ID='manual__2026-02-27T15:28:31.126262+00:00'
[2026-02-27T15:30:21.697+0000] {taskinstance.py:430} INFO - ::endgroup::
[2026-02-27T15:30:21.705+0000] {datalake_df2csv.py:40} INFO - ================================================================================
[2026-02-27T15:30:21.709+0000] {datalake_df2csv.py:41} INFO - 🚀 BẮT ĐẦU TASK: ingest_daily_price
[2026-02-27T15:30:21.711+0000] {datalake_df2csv.py:42} INFO - ================================================================================
[2026-02-27T15:30:21.712+0000] {datalake_df2csv.py:43} INFO - 📋 Thông tin cấu hình:
[2026-02-27T15:30:21.713+0000] {datalake_df2csv.py:44} INFO -   - Logic file: history_price
[2026-02-27T15:30:21.714+0000] {datalake_df2csv.py:45} INFO -   - DataFrame name: get_history_price_batch
[2026-02-27T15:30:21.718+0000] {datalake_df2csv.py:46} INFO -   - Bucket: thongtin-congty-va-bctc
[2026-02-27T15:30:21.721+0000] {datalake_df2csv.py:47} INFO -   - Object path: daily_price/2026-02-27/batch_59.csv
[2026-02-27T15:30:21.722+0000] {datalake_df2csv.py:48} INFO -   - Connection ID: minio_finance
[2026-02-27T15:30:21.723+0000] {datalake_df2csv.py:49} INFO -   - Tham số truyền vào: {'symbols': ['ND2', 'BMV', 'VWS', 'KSD', 'PID'], 'start_date': '2026-02-27', 'end_date': '2026-02-28'}
[2026-02-27T15:30:21.724+0000] {datalake_df2csv.py:50} INFO - --------------------------------------------------------------------------------
[2026-02-27T15:30:21.725+0000] {datalake_df2csv.py:54} INFO - 📥 Bước 1: Đang load dữ liệu từ logic file...
[2026-02-27T15:30:21.738+0000] {datalake_df2csv.py:148} INFO -   - Logic directory: /opt/airflow/plugins/logic
[2026-02-27T15:30:21.743+0000] {datalake_df2csv.py:149} INFO -   - Module path: /opt/airflow/plugins/logic/history_price.py
[2026-02-27T15:30:21.745+0000] {datalake_df2csv.py:153} INFO -   - Đã thêm logic directory vào sys.path
[2026-02-27T15:30:21.759+0000] {datalake_df2csv.py:159} INFO -   - Đang load module 'history_price'...
[2026-02-27T15:30:21.765+0000] {datalake_df2csv.py:163} INFO -   - ✅ Module loaded thành công
[2026-02-27T15:30:21.766+0000] {datalake_df2csv.py:165} INFO -   - Đang tìm DataFrame/function: 'get_history_price_batch'...
[2026-02-27T15:30:21.773+0000] {datalake_df2csv.py:170} INFO -   - ✅ Tìm thấy object: function
[2026-02-27T15:30:21.774+0000] {datalake_df2csv.py:173} INFO -   - Đang gọi function với tham số: {'symbols': ['ND2', 'BMV', 'VWS', 'KSD', 'PID'], 'start_date': '2026-02-27', 'end_date': '2026-02-28'}
[2026-02-27T15:30:31.635+0000] {datalake_df2csv.py:68} INFO - ✅ Load dữ liệu thành công!
[2026-02-27T15:30:31.636+0000] {datalake_df2csv.py:69} INFO - 📊 Thông tin DataFrame:
[2026-02-27T15:30:31.637+0000] {datalake_df2csv.py:70} INFO -   - Số dòng: 10
[2026-02-27T15:30:31.638+0000] {datalake_df2csv.py:71} INFO -   - Số cột: 7
[2026-02-27T15:30:31.639+0000] {datalake_df2csv.py:72} INFO -   - Tên các cột: ['ticker', 'trading_date', 'open', 'high', 'low', 'close', 'volume']
[2026-02-27T15:30:31.640+0000] {datalake_df2csv.py:73} INFO -   - Kiểu dữ liệu: {'ticker': 'object', 'trading_date': 'object', 'open': 'float64', 'high': 'float64', 'low': 'float64', 'close': 'float64', 'volume': 'int64'}
[2026-02-27T15:30:31.643+0000] {datalake_df2csv.py:74} INFO -   - Bộ nhớ sử dụng: 0.00 MB
[2026-02-27T15:30:31.646+0000] {datalake_df2csv.py:83} INFO -   - Không có giá trị NULL
[2026-02-27T15:30:31.646+0000] {datalake_df2csv.py:86} INFO -   - Mẫu dữ liệu (5 dòng đầu):
[2026-02-27T15:30:31.648+0000] {datalake_df2csv.py:88} INFO -     Row 0: {'ticker': 'ND2', 'trading_date': '2026-02-26', 'open': 34.5, 'high': 35.8, 'low': 34.5, 'close': 34.7, 'volume': 30900}
[2026-02-27T15:30:31.649+0000] {datalake_df2csv.py:88} INFO -     Row 1: {'ticker': 'ND2', 'trading_date': '2026-02-27', 'open': 34.5, 'high': 35.8, 'low': 34.5, 'close': 35.8, 'volume': 6700}
[2026-02-27T15:30:31.652+0000] {datalake_df2csv.py:88} INFO -     Row 2: {'ticker': 'BMV', 'trading_date': '2026-01-30', 'open': 5.4, 'high': 5.4, 'low': 5.4, 'close': 5.4, 'volume': 300}
[2026-02-27T15:30:31.656+0000] {datalake_df2csv.py:88} INFO -     Row 3: {'ticker': 'BMV', 'trading_date': '2026-02-12', 'open': 5.4, 'high': 5.4, 'low': 5.4, 'close': 5.4, 'volume': 200}
[2026-02-27T15:30:31.658+0000] {datalake_df2csv.py:88} INFO -     Row 4: {'ticker': 'VWS', 'trading_date': '2026-01-26', 'open': 24.0, 'high': 24.0, 'low': 24.0, 'close': 24.0, 'volume': 500}
[2026-02-27T15:30:31.659+0000] {datalake_df2csv.py:90} INFO - --------------------------------------------------------------------------------
[2026-02-27T15:30:31.661+0000] {datalake_df2csv.py:93} INFO - 📝 Bước 2: Đang chuyển đổi DataFrame sang CSV...
[2026-02-27T15:30:31.670+0000] {datalake_df2csv.py:97} INFO - ✅ Chuyển đổi CSV thành công!
[2026-02-27T15:30:31.671+0000] {datalake_df2csv.py:98} INFO -   - Kích thước file: 0.00 MB
[2026-02-27T15:30:31.672+0000] {datalake_df2csv.py:99} INFO -   - Thời gian chuyển đổi: 0.01 giây
[2026-02-27T15:30:31.673+0000] {datalake_df2csv.py:100} INFO - --------------------------------------------------------------------------------
[2026-02-27T15:30:31.675+0000] {datalake_df2csv.py:103} INFO - ☁️  Bước 3: Đang upload lên MinIO/S3...
[2026-02-27T15:30:31.716+0000] {base.py:84} INFO - Using connection ID 'minio_finance' for task execution.
[2026-02-27T15:30:31.717+0000] {connection_wrapper.py:384} INFO - AWS Connection (conn_id='minio_finance', conn_type='aws') credentials retrieved from login and password.
[2026-02-27T15:30:34.885+0000] {datalake_df2csv.py:112} INFO -   - Bucket 'thongtin-congty-va-bctc' đã tồn tại
[2026-02-27T15:30:35.110+0000] {datalake_df2csv.py:117} INFO - ✅ Upload thành công!
[2026-02-27T15:30:35.111+0000] {datalake_df2csv.py:118} INFO -   - Đường dẫn: s3://thongtin-congty-va-bctc/daily_price/2026-02-27/batch_59.csv
[2026-02-27T15:30:35.112+0000] {datalake_df2csv.py:119} INFO -   - Số dòng: 10
[2026-02-27T15:30:35.115+0000] {datalake_df2csv.py:120} INFO -   - Thời gian upload: 3.43 giây
[2026-02-27T15:30:35.116+0000] {datalake_df2csv.py:121} INFO - --------------------------------------------------------------------------------
[2026-02-27T15:30:35.116+0000] {datalake_df2csv.py:125} INFO - 📈 TỔNG KẾT:
[2026-02-27T15:30:35.117+0000] {datalake_df2csv.py:126} INFO -   - Tổng thời gian thực thi: 13.41 giây
[2026-02-27T15:30:35.118+0000] {datalake_df2csv.py:127} INFO -   - Tốc độ xử lý: 1 dòng/giây
[2026-02-27T15:30:35.118+0000] {datalake_df2csv.py:128} INFO - ================================================================================
[2026-02-27T15:30:35.119+0000] {datalake_df2csv.py:129} INFO - ✅ HOÀN THÀNH TASK: ingest_daily_price
[2026-02-27T15:30:35.122+0000] {datalake_df2csv.py:130} INFO - ================================================================================
[2026-02-27T15:30:35.129+0000] {taskinstance.py:441} INFO - ::group::Post task execution logs
[2026-02-27T15:30:35.202+0000] {taskinstance.py:1206} INFO - Marking task as SUCCESS. dag_id=daily_price, task_id=ingest_daily_price, run_id=manual__2026-02-27T15:28:31.126262+00:00, map_index=59, execution_date=20260227T152831, start_date=20260227T153021, end_date=20260227T153035
[2026-02-27T15:30:35.588+0000] {local_task_job_runner.py:243} INFO - Task exited with return code 0
[2026-02-27T15:30:35.601+0000] {local_task_job_runner.py:222} INFO - ::endgroup::
