[2026-01-19T14:19:45.280+0000] {local_task_job_runner.py:120} INFO - ::group::Pre task execution logs
[2026-01-19T14:19:45.318+0000] {taskinstance.py:2076} INFO - Dependencies all met for dep_context=non-requeueable deps ti=<TaskInstance: financial_ratios_etl.ingest_financial_ratios manual__2026-01-19T13:56:35+00:00 map_index=62 [queued]>
[2026-01-19T14:19:45.339+0000] {taskinstance.py:2076} INFO - Dependencies all met for dep_context=requeueable deps ti=<TaskInstance: financial_ratios_etl.ingest_financial_ratios manual__2026-01-19T13:56:35+00:00 map_index=62 [queued]>
[2026-01-19T14:19:45.340+0000] {taskinstance.py:2306} INFO - Starting attempt 1 of 2
[2026-01-19T14:19:45.361+0000] {taskinstance.py:2330} INFO - Executing <Mapped(DfToCsvOperator): ingest_financial_ratios> on 2026-01-19 13:56:35+00:00
[2026-01-19T14:19:45.377+0000] {warnings.py:112} WARNING - This process (pid=8730) is multi-threaded, use of fork() may lead to deadlocks in the child.

[2026-01-19T14:19:45.379+0000] {standard_task_runner.py:64} INFO - Started process 8768 to run task
[2026-01-19T14:19:45.384+0000] {standard_task_runner.py:90} INFO - Running: ['***', 'tasks', 'run', 'financial_ratios_etl', 'ingest_financial_ratios', 'manual__2026-01-19T13:56:35+00:00', '--job-id', '3410', '--raw', '--subdir', 'DAGS_FOLDER/financial_ratios_etl.py', '--cfg-path', '/tmp/tmpj9kana62', '--map-index', '62']
[2026-01-19T14:19:45.389+0000] {standard_task_runner.py:91} INFO - Job 3410: Subtask ingest_financial_ratios
[2026-01-19T14:19:45.466+0000] {task_command.py:426} INFO - Running <TaskInstance: financial_ratios_etl.ingest_financial_ratios manual__2026-01-19T13:56:35+00:00 map_index=62 [running]> on host 8cee9c20419f
[2026-01-19T14:19:45.635+0000] {taskinstance.py:2648} INFO - Exporting env vars: AIRFLOW_CTX_DAG_OWNER='***' AIRFLOW_CTX_DAG_ID='financial_ratios_etl' AIRFLOW_CTX_TASK_ID='ingest_financial_ratios' AIRFLOW_CTX_EXECUTION_DATE='2026-01-19T13:56:35+00:00' AIRFLOW_CTX_TRY_NUMBER='1' AIRFLOW_CTX_DAG_RUN_ID='manual__2026-01-19T13:56:35+00:00'
[2026-01-19T14:19:45.637+0000] {taskinstance.py:430} INFO - ::endgroup::
[2026-01-19T14:19:45.646+0000] {logging_mixin.py:188} INFO - [RATIO] Bắt đầu xử lý batch 2 mã: ['VIF', 'VIE']
[2026-01-19T14:19:45.647+0000] {logging_mixin.py:188} INFO - [RATIO] Kỳ dữ liệu: quarter
[2026-01-19T14:19:45.648+0000] {logging_mixin.py:188} INFO -  >> [RATIO] Đang lấy dữ liệu: VIF
[2026-01-19T14:19:48.549+0000] {logging_mixin.py:188} INFO -  ✓ [RATIO] VIF: 36 rows
[2026-01-19T14:19:50.550+0000] {logging_mixin.py:188} INFO -  >> [RATIO] Đang lấy dữ liệu: VIE
[2026-01-19T14:19:54.575+0000] {logging_mixin.py:188} INFO -  ✓ [RATIO] VIE: 38 rows
[2026-01-19T14:19:56.602+0000] {logging_mixin.py:188} INFO -  ✅ [RATIO] Hoàn thành batch. Tổng số dòng: 74
[2026-01-19T14:19:56.656+0000] {base.py:84} INFO - Using connection ID 'minio_finance' for task execution.
[2026-01-19T14:19:56.661+0000] {connection_wrapper.py:384} INFO - AWS Connection (conn_id='minio_finance', conn_type='aws') credentials retrieved from login and password.
[2026-01-19T14:19:57.695+0000] {datalake_df2csv.py:52} INFO - ✅ Đã upload 74 dòng -> s3://thongtin-congty-va-bctc/financial_ratios/2026-01-19/batch_62.csv
[2026-01-19T14:19:57.697+0000] {taskinstance.py:441} INFO - ::group::Post task execution logs
[2026-01-19T14:19:57.717+0000] {taskinstance.py:1206} INFO - Marking task as SUCCESS. dag_id=financial_ratios_etl, task_id=ingest_financial_ratios, run_id=manual__2026-01-19T13:56:35+00:00, map_index=62, execution_date=20260119T135635, start_date=20260119T141945, end_date=20260119T141957
[2026-01-19T14:19:57.989+0000] {local_task_job_runner.py:243} INFO - Task exited with return code 0
[2026-01-19T14:19:58.040+0000] {taskinstance.py:3503} INFO - 0 downstream tasks scheduled from follow-on schedule check
[2026-01-19T14:19:58.057+0000] {local_task_job_runner.py:222} INFO - ::endgroup::
