[2026-04-03T13:47:37.328+0000] {local_task_job_runner.py:120} INFO - ::group::Pre task execution logs
[2026-04-03T13:47:37.380+0000] {taskinstance.py:2076} INFO - Dependencies all met for dep_context=non-requeueable deps ti=<TaskInstance: daily_price.ingest_daily_price scheduled__2026-04-01T16:00:00+00:00 map_index=175 [queued]>
[2026-04-03T13:47:37.415+0000] {taskinstance.py:2076} INFO - Dependencies all met for dep_context=requeueable deps ti=<TaskInstance: daily_price.ingest_daily_price scheduled__2026-04-01T16:00:00+00:00 map_index=175 [queued]>
[2026-04-03T13:47:37.416+0000] {taskinstance.py:2306} INFO - Starting attempt 1 of 2
[2026-04-03T13:47:37.443+0000] {taskinstance.py:2330} INFO - Executing <Mapped(DfToCsvOperator): ingest_daily_price> on 2026-04-01 16:00:00+00:00
[2026-04-03T13:47:37.459+0000] {warnings.py:112} WARNING - This process (pid=5337) is multi-threaded, use of fork() may lead to deadlocks in the child.

[2026-04-03T13:47:37.467+0000] {standard_task_runner.py:64} INFO - Started process 5389 to run task
[2026-04-03T13:47:37.465+0000] {standard_task_runner.py:90} INFO - Running: ['***', 'tasks', 'run', 'daily_price', 'ingest_daily_price', 'scheduled__2026-04-01T16:00:00+00:00', '--job-id', '38523', '--raw', '--subdir', 'DAGS_FOLDER/dl_dailly_price.py', '--cfg-path', '/tmp/tmpkq8n2c6f', '--map-index', '175']
[2026-04-03T13:47:37.470+0000] {standard_task_runner.py:91} INFO - Job 38523: Subtask ingest_daily_price
[2026-04-03T13:47:37.554+0000] {task_command.py:426} INFO - Running <TaskInstance: daily_price.ingest_daily_price scheduled__2026-04-01T16:00:00+00:00 map_index=175 [running]> on host f1f3ec63581f
[2026-04-03T13:47:38.157+0000] {taskinstance.py:2648} INFO - Exporting env vars: AIRFLOW_CTX_DAG_OWNER='***' AIRFLOW_CTX_DAG_ID='daily_price' AIRFLOW_CTX_TASK_ID='ingest_daily_price' AIRFLOW_CTX_EXECUTION_DATE='2026-04-01T16:00:00+00:00' AIRFLOW_CTX_TRY_NUMBER='1' AIRFLOW_CTX_DAG_RUN_ID='scheduled__2026-04-01T16:00:00+00:00'
[2026-04-03T13:47:38.159+0000] {taskinstance.py:430} INFO - ::endgroup::
[2026-04-03T13:47:38.159+0000] {datalake_df2csv.py:40} INFO - ================================================================================
[2026-04-03T13:47:38.160+0000] {datalake_df2csv.py:41} INFO - 🚀 BẮT ĐẦU TASK: ingest_daily_price
[2026-04-03T13:47:38.161+0000] {datalake_df2csv.py:42} INFO - ================================================================================
[2026-04-03T13:47:38.161+0000] {datalake_df2csv.py:43} INFO - 📋 Thông tin cấu hình:
[2026-04-03T13:47:38.161+0000] {datalake_df2csv.py:44} INFO -   - Logic file: history_price
[2026-04-03T13:47:38.162+0000] {datalake_df2csv.py:45} INFO -   - DataFrame name: get_history_price_batch
[2026-04-03T13:47:38.162+0000] {datalake_df2csv.py:46} INFO -   - Bucket: thongtin-congty-va-bctc
[2026-04-03T13:47:38.163+0000] {datalake_df2csv.py:47} INFO -   - Object path: daily_price/2026-04-01/batch_175.csv
[2026-04-03T13:47:38.163+0000] {datalake_df2csv.py:48} INFO -   - Connection ID: minio_finance
[2026-04-03T13:47:38.164+0000] {datalake_df2csv.py:49} INFO -   - Tham số truyền vào: {'symbols': ['PRC', 'CSV', 'BTS', 'DXG', 'SHS'], 'start_date': '2026-04-01', 'end_date': '2026-04-02'}
[2026-04-03T13:47:38.164+0000] {datalake_df2csv.py:50} INFO - --------------------------------------------------------------------------------
[2026-04-03T13:47:38.165+0000] {datalake_df2csv.py:54} INFO - 📥 Bước 1: Đang load dữ liệu từ logic file...
[2026-04-03T13:47:38.168+0000] {datalake_df2csv.py:148} INFO -   - Logic directory: /opt/airflow/plugins/logic
[2026-04-03T13:47:38.169+0000] {datalake_df2csv.py:149} INFO -   - Module path: /opt/airflow/plugins/logic/history_price.py
[2026-04-03T13:47:38.170+0000] {datalake_df2csv.py:153} INFO -   - Đã thêm logic directory vào sys.path
[2026-04-03T13:47:38.172+0000] {datalake_df2csv.py:159} INFO -   - Đang load module 'history_price'...
[2026-04-03T13:47:38.177+0000] {datalake_df2csv.py:163} INFO -   - ✅ Module loaded thành công
[2026-04-03T13:47:38.178+0000] {datalake_df2csv.py:165} INFO -   - Đang tìm DataFrame/function: 'get_history_price_batch'...
[2026-04-03T13:47:38.178+0000] {datalake_df2csv.py:170} INFO -   - ✅ Tìm thấy object: function
[2026-04-03T13:47:38.179+0000] {datalake_df2csv.py:173} INFO -   - Đang gọi function với tham số: {'symbols': ['PRC', 'CSV', 'BTS', 'DXG', 'SHS'], 'start_date': '2026-04-01', 'end_date': '2026-04-02'}
[2026-04-03T13:47:42.968+0000] {datalake_df2csv.py:68} INFO - ✅ Load dữ liệu thành công!
[2026-04-03T13:47:42.970+0000] {datalake_df2csv.py:69} INFO - 📊 Thông tin DataFrame:
[2026-04-03T13:47:42.971+0000] {datalake_df2csv.py:70} INFO -   - Số dòng: 20
[2026-04-03T13:47:42.973+0000] {datalake_df2csv.py:71} INFO -   - Số cột: 7
[2026-04-03T13:47:42.974+0000] {datalake_df2csv.py:72} INFO -   - Tên các cột: ['ticker', 'trading_date', 'open', 'high', 'low', 'close', 'volume']
[2026-04-03T13:47:42.975+0000] {datalake_df2csv.py:73} INFO -   - Kiểu dữ liệu: {'ticker': 'object', 'trading_date': 'object', 'open': 'float64', 'high': 'float64', 'low': 'float64', 'close': 'float64', 'volume': 'int64'}
[2026-04-03T13:47:42.982+0000] {datalake_df2csv.py:74} INFO -   - Bộ nhớ sử dụng: 0.00 MB
[2026-04-03T13:47:42.985+0000] {datalake_df2csv.py:83} INFO -   - Không có giá trị NULL
[2026-04-03T13:47:42.986+0000] {datalake_df2csv.py:86} INFO -   - Mẫu dữ liệu (5 dòng đầu):
[2026-04-03T13:47:42.987+0000] {datalake_df2csv.py:88} INFO -     Row 0: {'ticker': 'PRC', 'trading_date': '2026-03-30', 'open': 12.3, 'high': 12.3, 'low': 12.2, 'close': 12.2, 'volume': 200}
[2026-04-03T13:47:42.991+0000] {datalake_df2csv.py:88} INFO -     Row 1: {'ticker': 'PRC', 'trading_date': '2026-03-31', 'open': 12.2, 'high': 12.2, 'low': 12.0, 'close': 12.0, 'volume': 200}
[2026-04-03T13:47:42.993+0000] {datalake_df2csv.py:88} INFO -     Row 2: {'ticker': 'PRC', 'trading_date': '2026-04-01', 'open': 12.0, 'high': 12.0, 'low': 12.0, 'close': 12.0, 'volume': 100}
[2026-04-03T13:47:42.995+0000] {datalake_df2csv.py:88} INFO -     Row 3: {'ticker': 'PRC', 'trading_date': '2026-04-03', 'open': 11.9, 'high': 11.9, 'low': 11.8, 'close': 11.8, 'volume': 700}
[2026-04-03T13:47:42.997+0000] {datalake_df2csv.py:88} INFO -     Row 4: {'ticker': 'CSV', 'trading_date': '2026-03-31', 'open': 27.1, 'high': 27.45, 'low': 27.0, 'close': 27.0, 'volume': 419300}
[2026-04-03T13:47:42.998+0000] {datalake_df2csv.py:90} INFO - --------------------------------------------------------------------------------
[2026-04-03T13:47:42.999+0000] {datalake_df2csv.py:93} INFO - 📝 Bước 2: Đang chuyển đổi DataFrame sang CSV...
[2026-04-03T13:47:43.018+0000] {datalake_df2csv.py:97} INFO - ✅ Chuyển đổi CSV thành công!
[2026-04-03T13:47:43.024+0000] {datalake_df2csv.py:98} INFO -   - Kích thước file: 0.00 MB
[2026-04-03T13:47:43.025+0000] {datalake_df2csv.py:99} INFO -   - Thời gian chuyển đổi: 0.02 giây
[2026-04-03T13:47:43.028+0000] {datalake_df2csv.py:100} INFO - --------------------------------------------------------------------------------
[2026-04-03T13:47:43.029+0000] {datalake_df2csv.py:103} INFO - ☁️  Bước 3: Đang upload lên MinIO/S3...
[2026-04-03T13:47:43.048+0000] {base.py:84} INFO - Using connection ID 'minio_finance' for task execution.
[2026-04-03T13:47:43.049+0000] {connection_wrapper.py:384} INFO - AWS Connection (conn_id='minio_finance', conn_type='aws') credentials retrieved from login and password.
[2026-04-03T13:47:44.418+0000] {datalake_df2csv.py:112} INFO -   - Bucket 'thongtin-congty-va-bctc' đã tồn tại
[2026-04-03T13:47:44.465+0000] {datalake_df2csv.py:117} INFO - ✅ Upload thành công!
[2026-04-03T13:47:44.465+0000] {datalake_df2csv.py:118} INFO -   - Đường dẫn: s3://thongtin-congty-va-bctc/daily_price/2026-04-01/batch_175.csv
[2026-04-03T13:47:44.467+0000] {datalake_df2csv.py:119} INFO -   - Số dòng: 20
[2026-04-03T13:47:44.467+0000] {datalake_df2csv.py:120} INFO -   - Thời gian upload: 1.43 giây
[2026-04-03T13:47:44.468+0000] {datalake_df2csv.py:121} INFO - --------------------------------------------------------------------------------
[2026-04-03T13:47:44.469+0000] {datalake_df2csv.py:125} INFO - 📈 TỔNG KẾT:
[2026-04-03T13:47:44.469+0000] {datalake_df2csv.py:126} INFO -   - Tổng thời gian thực thi: 6.31 giây
[2026-04-03T13:47:44.470+0000] {datalake_df2csv.py:127} INFO -   - Tốc độ xử lý: 3 dòng/giây
[2026-04-03T13:47:44.471+0000] {datalake_df2csv.py:128} INFO - ================================================================================
[2026-04-03T13:47:44.472+0000] {datalake_df2csv.py:129} INFO - ✅ HOÀN THÀNH TASK: ingest_daily_price
[2026-04-03T13:47:44.473+0000] {datalake_df2csv.py:130} INFO - ================================================================================
[2026-04-03T13:47:44.474+0000] {taskinstance.py:441} INFO - ::group::Post task execution logs
[2026-04-03T13:47:44.493+0000] {taskinstance.py:1206} INFO - Marking task as SUCCESS. dag_id=daily_price, task_id=ingest_daily_price, run_id=scheduled__2026-04-01T16:00:00+00:00, map_index=175, execution_date=20260401T160000, start_date=20260403T134737, end_date=20260403T134744
[2026-04-03T13:47:44.603+0000] {local_task_job_runner.py:243} INFO - Task exited with return code 0
[2026-04-03T13:47:44.616+0000] {local_task_job_runner.py:222} INFO - ::endgroup::
