[2026-03-04T14:01:14.548+0000] {local_task_job_runner.py:120} INFO - ::group::Pre task execution logs
[2026-03-04T14:01:14.679+0000] {taskinstance.py:2076} INFO - Dependencies all met for dep_context=non-requeueable deps ti=<TaskInstance: global_index.ingest_eur_usd scheduled__2026-03-03T00:00:00+00:00 [queued]>
[2026-03-04T14:01:14.710+0000] {taskinstance.py:2076} INFO - Dependencies all met for dep_context=requeueable deps ti=<TaskInstance: global_index.ingest_eur_usd scheduled__2026-03-03T00:00:00+00:00 [queued]>
[2026-03-04T14:01:14.717+0000] {taskinstance.py:2306} INFO - Starting attempt 1 of 2
[2026-03-04T14:01:14.750+0000] {taskinstance.py:2330} INFO - Executing <Task(DfToCsvOperator): ingest_eur_usd> on 2026-03-03 00:00:00+00:00
[2026-03-04T14:01:14.767+0000] {warnings.py:112} WARNING - This process (pid=80) is multi-threaded, use of fork() may lead to deadlocks in the child.

[2026-03-04T14:01:14.771+0000] {standard_task_runner.py:64} INFO - Started process 104 to run task
[2026-03-04T14:01:14.783+0000] {standard_task_runner.py:90} INFO - Running: ['***', 'tasks', 'run', 'global_index', 'ingest_eur_usd', 'scheduled__2026-03-03T00:00:00+00:00', '--job-id', '30265', '--raw', '--subdir', 'DAGS_FOLDER/dl_global_index.py', '--cfg-path', '/tmp/tmphj4o6fha']
[2026-03-04T14:01:14.796+0000] {standard_task_runner.py:91} INFO - Job 30265: Subtask ingest_eur_usd
[2026-03-04T14:01:15.070+0000] {task_command.py:426} INFO - Running <TaskInstance: global_index.ingest_eur_usd scheduled__2026-03-03T00:00:00+00:00 [running]> on host 6cdbaa9d95d1
[2026-03-04T14:01:16.569+0000] {taskinstance.py:2648} INFO - Exporting env vars: AIRFLOW_CTX_DAG_OWNER='***' AIRFLOW_CTX_DAG_ID='global_index' AIRFLOW_CTX_TASK_ID='ingest_eur_usd' AIRFLOW_CTX_EXECUTION_DATE='2026-03-03T00:00:00+00:00' AIRFLOW_CTX_TRY_NUMBER='1' AIRFLOW_CTX_DAG_RUN_ID='scheduled__2026-03-03T00:00:00+00:00'
[2026-03-04T14:01:16.570+0000] {taskinstance.py:430} INFO - ::endgroup::
[2026-03-04T14:01:16.570+0000] {datalake_df2csv.py:40} INFO - ================================================================================
[2026-03-04T14:01:16.571+0000] {datalake_df2csv.py:41} INFO - 🚀 BẮT ĐẦU TASK: ingest_eur_usd
[2026-03-04T14:01:16.571+0000] {datalake_df2csv.py:42} INFO - ================================================================================
[2026-03-04T14:01:16.571+0000] {datalake_df2csv.py:43} INFO - 📋 Thông tin cấu hình:
[2026-03-04T14:01:16.572+0000] {datalake_df2csv.py:44} INFO -   - Logic file: eur_usd_data
[2026-03-04T14:01:16.572+0000] {datalake_df2csv.py:45} INFO -   - DataFrame name: get_eur_usd_rate
[2026-03-04T14:01:16.572+0000] {datalake_df2csv.py:46} INFO -   - Bucket: thongtin-congty-va-bctc
[2026-03-04T14:01:16.573+0000] {datalake_df2csv.py:47} INFO -   - Object path: global_index/eur_usd/2026-03-03/data.csv
[2026-03-04T14:01:16.573+0000] {datalake_df2csv.py:48} INFO -   - Connection ID: minio_finance
[2026-03-04T14:01:16.573+0000] {datalake_df2csv.py:49} INFO -   - Tham số truyền vào: {'start_date': '2026-03-03', 'end_date': '2026-03-04'}
[2026-03-04T14:01:16.573+0000] {datalake_df2csv.py:50} INFO - --------------------------------------------------------------------------------
[2026-03-04T14:01:16.574+0000] {datalake_df2csv.py:54} INFO - 📥 Bước 1: Đang load dữ liệu từ logic file...
[2026-03-04T14:01:16.576+0000] {datalake_df2csv.py:148} INFO -   - Logic directory: /opt/airflow/plugins/logic
[2026-03-04T14:01:16.577+0000] {datalake_df2csv.py:149} INFO -   - Module path: /opt/airflow/plugins/logic/eur_usd_data.py
[2026-03-04T14:01:16.577+0000] {datalake_df2csv.py:153} INFO -   - Đã thêm logic directory vào sys.path
[2026-03-04T14:01:16.579+0000] {datalake_df2csv.py:159} INFO -   - Đang load module 'eur_usd_data'...
[2026-03-04T14:01:16.583+0000] {datalake_df2csv.py:163} INFO -   - ✅ Module loaded thành công
[2026-03-04T14:01:16.583+0000] {datalake_df2csv.py:165} INFO -   - Đang tìm DataFrame/function: 'get_eur_usd_rate'...
[2026-03-04T14:01:16.583+0000] {datalake_df2csv.py:170} INFO -   - ✅ Tìm thấy object: function
[2026-03-04T14:01:16.584+0000] {datalake_df2csv.py:173} INFO -   - Đang gọi function với tham số: {'start_date': '2026-03-03', 'end_date': '2026-03-04'}
[2026-03-04T14:01:18.186+0000] {logging_mixin.py:188} INFO - ✅ Fetched 1 rows of EUR/USD data from 2026-03-03 to 2026-03-04
[2026-03-04T14:01:18.187+0000] {datalake_df2csv.py:68} INFO - ✅ Load dữ liệu thành công!
[2026-03-04T14:01:18.188+0000] {datalake_df2csv.py:69} INFO - 📊 Thông tin DataFrame:
[2026-03-04T14:01:18.189+0000] {datalake_df2csv.py:70} INFO -   - Số dòng: 1
[2026-03-04T14:01:18.189+0000] {datalake_df2csv.py:71} INFO -   - Số cột: 7
[2026-03-04T14:01:18.191+0000] {datalake_df2csv.py:72} INFO -   - Tên các cột: ['date', 'open', 'high', 'low', 'close', 'volume', 'indicator_type']
[2026-03-04T14:01:18.193+0000] {datalake_df2csv.py:73} INFO -   - Kiểu dữ liệu: {'date': 'object', 'open': 'float64', 'high': 'float64', 'low': 'float64', 'close': 'float64', 'volume': 'int64', 'indicator_type': 'object'}
[2026-03-04T14:01:18.197+0000] {datalake_df2csv.py:74} INFO -   - Bộ nhớ sử dụng: 0.00 MB
[2026-03-04T14:01:18.203+0000] {datalake_df2csv.py:83} INFO -   - Không có giá trị NULL
[2026-03-04T14:01:18.206+0000] {datalake_df2csv.py:86} INFO -   - Mẫu dữ liệu (5 dòng đầu):
[2026-03-04T14:01:18.208+0000] {datalake_df2csv.py:88} INFO -     Row 0: {'date': '2026-03-03', 'open': 1.1694538593292236, 'high': 1.1707134246826172, 'low': 1.153203010559082, 'close': 1.1697274446487427, 'volume': 0, 'indicator_type': 'EUR_USD'}
[2026-03-04T14:01:18.209+0000] {datalake_df2csv.py:90} INFO - --------------------------------------------------------------------------------
[2026-03-04T14:01:18.209+0000] {datalake_df2csv.py:93} INFO - 📝 Bước 2: Đang chuyển đổi DataFrame sang CSV...
[2026-03-04T14:01:18.239+0000] {datalake_df2csv.py:97} INFO - ✅ Chuyển đổi CSV thành công!
[2026-03-04T14:01:18.240+0000] {datalake_df2csv.py:98} INFO -   - Kích thước file: 0.00 MB
[2026-03-04T14:01:18.241+0000] {datalake_df2csv.py:99} INFO -   - Thời gian chuyển đổi: 0.03 giây
[2026-03-04T14:01:18.241+0000] {datalake_df2csv.py:100} INFO - --------------------------------------------------------------------------------
[2026-03-04T14:01:18.242+0000] {datalake_df2csv.py:103} INFO - ☁️  Bước 3: Đang upload lên MinIO/S3...
[2026-03-04T14:01:18.265+0000] {base.py:84} INFO - Using connection ID 'minio_finance' for task execution.
[2026-03-04T14:01:18.273+0000] {connection_wrapper.py:384} INFO - AWS Connection (conn_id='minio_finance', conn_type='aws') credentials retrieved from login and password.
[2026-03-04T14:01:20.761+0000] {datalake_df2csv.py:112} INFO -   - Bucket 'thongtin-congty-va-bctc' đã tồn tại
[2026-03-04T14:01:20.988+0000] {datalake_df2csv.py:117} INFO - ✅ Upload thành công!
[2026-03-04T14:01:20.989+0000] {datalake_df2csv.py:118} INFO -   - Đường dẫn: s3://thongtin-congty-va-bctc/global_index/eur_usd/2026-03-03/data.csv
[2026-03-04T14:01:20.991+0000] {datalake_df2csv.py:119} INFO -   - Số dòng: 1
[2026-03-04T14:01:20.994+0000] {datalake_df2csv.py:120} INFO -   - Thời gian upload: 2.75 giây
[2026-03-04T14:01:20.997+0000] {datalake_df2csv.py:121} INFO - --------------------------------------------------------------------------------
[2026-03-04T14:01:20.998+0000] {datalake_df2csv.py:125} INFO - 📈 TỔNG KẾT:
[2026-03-04T14:01:20.998+0000] {datalake_df2csv.py:126} INFO -   - Tổng thời gian thực thi: 4.43 giây
[2026-03-04T14:01:20.999+0000] {datalake_df2csv.py:127} INFO -   - Tốc độ xử lý: 0 dòng/giây
[2026-03-04T14:01:21.002+0000] {datalake_df2csv.py:128} INFO - ================================================================================
[2026-03-04T14:01:21.004+0000] {datalake_df2csv.py:129} INFO - ✅ HOÀN THÀNH TASK: ingest_eur_usd
[2026-03-04T14:01:21.005+0000] {datalake_df2csv.py:130} INFO - ================================================================================
[2026-03-04T14:01:21.030+0000] {taskinstance.py:441} INFO - ::group::Post task execution logs
[2026-03-04T14:01:21.119+0000] {taskinstance.py:1206} INFO - Marking task as SUCCESS. dag_id=global_index, task_id=ingest_eur_usd, run_id=scheduled__2026-03-03T00:00:00+00:00, execution_date=20260303T000000, start_date=20260304T140114, end_date=20260304T140121
[2026-03-04T14:01:21.272+0000] {local_task_job_runner.py:243} INFO - Task exited with return code 0
[2026-03-04T14:01:21.296+0000] {local_task_job_runner.py:222} INFO - ::endgroup::
