[2026-01-24T09:03:25.620+0000] {local_task_job_runner.py:120} INFO - ::group::Pre task execution logs
[2026-01-24T09:03:25.779+0000] {taskinstance.py:2076} INFO - Dependencies all met for dep_context=non-requeueable deps ti=<TaskInstance: financial_ratios_etl.ingest_financial_ratios manual__2026-01-24T08:33:50+00:00 map_index=831 [queued]>
[2026-01-24T09:03:25.918+0000] {taskinstance.py:2076} INFO - Dependencies all met for dep_context=requeueable deps ti=<TaskInstance: financial_ratios_etl.ingest_financial_ratios manual__2026-01-24T08:33:50+00:00 map_index=831 [queued]>
[2026-01-24T09:03:25.919+0000] {taskinstance.py:2306} INFO - Starting attempt 1 of 2
[2026-01-24T09:03:25.967+0000] {taskinstance.py:2330} INFO - Executing <Mapped(DfToCsvOperator): ingest_financial_ratios> on 2026-01-24 08:33:50+00:00
[2026-01-24T09:03:25.987+0000] {warnings.py:112} WARNING - This process (pid=18119) is multi-threaded, use of fork() may lead to deadlocks in the child.

[2026-01-24T09:03:25.990+0000] {standard_task_runner.py:64} INFO - Started process 18211 to run task
[2026-01-24T09:03:25.998+0000] {standard_task_runner.py:90} INFO - Running: ['***', 'tasks', 'run', 'financial_ratios_etl', 'ingest_financial_ratios', 'manual__2026-01-24T08:33:50+00:00', '--job-id', '7133', '--raw', '--subdir', 'DAGS_FOLDER/dl_financial_ratios.py', '--cfg-path', '/tmp/tmp_58o8k3t', '--map-index', '831']
[2026-01-24T09:03:26.006+0000] {standard_task_runner.py:91} INFO - Job 7133: Subtask ingest_financial_ratios
[2026-01-24T09:03:26.170+0000] {task_command.py:426} INFO - Running <TaskInstance: financial_ratios_etl.ingest_financial_ratios manual__2026-01-24T08:33:50+00:00 map_index=831 [running]> on host 05b4b3a77fa2
[2026-01-24T09:03:26.503+0000] {taskinstance.py:2648} INFO - Exporting env vars: AIRFLOW_CTX_DAG_OWNER='***' AIRFLOW_CTX_DAG_ID='financial_ratios_etl' AIRFLOW_CTX_TASK_ID='ingest_financial_ratios' AIRFLOW_CTX_EXECUTION_DATE='2026-01-24T08:33:50+00:00' AIRFLOW_CTX_TRY_NUMBER='1' AIRFLOW_CTX_DAG_RUN_ID='manual__2026-01-24T08:33:50+00:00'
[2026-01-24T09:03:26.507+0000] {taskinstance.py:430} INFO - ::endgroup::
[2026-01-24T09:03:26.537+0000] {logging_mixin.py:188} INFO - [RATIO] Bắt đầu xử lý batch 2 mã: ['B82', 'AVG']
[2026-01-24T09:03:26.538+0000] {logging_mixin.py:188} INFO - [RATIO] Kỳ dữ liệu: quarter
[2026-01-24T09:03:26.539+0000] {logging_mixin.py:188} INFO -  >> [RATIO] Đang lấy dữ liệu: B82
[2026-01-24T09:03:27.614+0000] {logging_mixin.py:188} INFO -  ✓ [RATIO] B82: 22 rows
[2026-01-24T09:03:29.615+0000] {logging_mixin.py:188} INFO -  >> [RATIO] Đang lấy dữ liệu: AVG
[2026-01-24T09:03:36.446+0000] {logging_mixin.py:188} INFO -  ✓ [RATIO] AVG: 8 rows
[2026-01-24T09:03:38.450+0000] {logging_mixin.py:188} INFO -  ✅ [RATIO] Hoàn thành batch. Tổng số dòng: 30
[2026-01-24T09:03:38.482+0000] {base.py:84} INFO - Using connection ID 'minio_finance' for task execution.
[2026-01-24T09:03:38.485+0000] {connection_wrapper.py:384} INFO - AWS Connection (conn_id='minio_finance', conn_type='aws') credentials retrieved from login and password.
[2026-01-24T09:03:39.587+0000] {datalake_df2csv.py:52} INFO - ✅ Đã upload 30 dòng -> s3://thongtin-congty-va-bctc/financial_ratios/2026-01-24/batch_831.csv
[2026-01-24T09:03:39.589+0000] {taskinstance.py:441} INFO - ::group::Post task execution logs
[2026-01-24T09:03:39.605+0000] {taskinstance.py:1206} INFO - Marking task as SUCCESS. dag_id=financial_ratios_etl, task_id=ingest_financial_ratios, run_id=manual__2026-01-24T08:33:50+00:00, map_index=831, execution_date=20260124T083350, start_date=20260124T090325, end_date=20260124T090339
[2026-01-24T09:03:39.677+0000] {local_task_job_runner.py:243} INFO - Task exited with return code 0
[2026-01-24T09:03:39.707+0000] {taskinstance.py:3503} INFO - 0 downstream tasks scheduled from follow-on schedule check
[2026-01-24T09:03:39.716+0000] {local_task_job_runner.py:222} INFO - ::endgroup::
