[2026-04-05T02:09:27.984+0000] {local_task_job_runner.py:120} INFO - ::group::Pre task execution logs
[2026-04-05T02:09:28.076+0000] {taskinstance.py:2076} INFO - Dependencies all met for dep_context=non-requeueable deps ti=<TaskInstance: financial_ratios.ingest_financial_ratios scheduled__2026-03-29T02:00:00+00:00 map_index=322 [queued]>
[2026-04-05T02:09:28.127+0000] {taskinstance.py:2076} INFO - Dependencies all met for dep_context=requeueable deps ti=<TaskInstance: financial_ratios.ingest_financial_ratios scheduled__2026-03-29T02:00:00+00:00 map_index=322 [queued]>
[2026-04-05T02:09:28.128+0000] {taskinstance.py:2306} INFO - Starting attempt 1 of 2
[2026-04-05T02:09:28.159+0000] {taskinstance.py:2330} INFO - Executing <Mapped(DfToCsvOperator): ingest_financial_ratios> on 2026-03-29 02:00:00+00:00
[2026-04-05T02:09:28.180+0000] {warnings.py:112} WARNING - This process (pid=2930) is multi-threaded, use of fork() may lead to deadlocks in the child.

[2026-04-05T02:09:28.183+0000] {standard_task_runner.py:64} INFO - Started process 2963 to run task
[2026-04-05T02:09:28.187+0000] {standard_task_runner.py:90} INFO - Running: ['***', 'tasks', 'run', 'financial_ratios', 'ingest_financial_ratios', 'scheduled__2026-03-29T02:00:00+00:00', '--job-id', '39581', '--raw', '--subdir', 'DAGS_FOLDER/dl_financial_ratios.py', '--cfg-path', '/tmp/tmpv0cte16e', '--map-index', '322']
[2026-04-05T02:09:28.193+0000] {standard_task_runner.py:91} INFO - Job 39581: Subtask ingest_financial_ratios
[2026-04-05T02:09:28.682+0000] {task_command.py:426} INFO - Running <TaskInstance: financial_ratios.ingest_financial_ratios scheduled__2026-03-29T02:00:00+00:00 map_index=322 [running]> on host 54b77794947c
[2026-04-05T02:09:28.920+0000] {taskinstance.py:2648} INFO - Exporting env vars: AIRFLOW_CTX_DAG_OWNER='***' AIRFLOW_CTX_DAG_ID='financial_ratios' AIRFLOW_CTX_TASK_ID='ingest_financial_ratios' AIRFLOW_CTX_EXECUTION_DATE='2026-03-29T02:00:00+00:00' AIRFLOW_CTX_TRY_NUMBER='1' AIRFLOW_CTX_DAG_RUN_ID='scheduled__2026-03-29T02:00:00+00:00'
[2026-04-05T02:09:28.930+0000] {taskinstance.py:430} INFO - ::endgroup::
[2026-04-05T02:09:28.931+0000] {datalake_df2csv.py:40} INFO - ================================================================================
[2026-04-05T02:09:28.935+0000] {datalake_df2csv.py:41} INFO - 🚀 BẮT ĐẦU TASK: ingest_financial_ratios
[2026-04-05T02:09:28.935+0000] {datalake_df2csv.py:42} INFO - ================================================================================
[2026-04-05T02:09:28.936+0000] {datalake_df2csv.py:43} INFO - 📋 Thông tin cấu hình:
[2026-04-05T02:09:28.936+0000] {datalake_df2csv.py:44} INFO -   - Logic file: financial_ratios
[2026-04-05T02:09:28.937+0000] {datalake_df2csv.py:45} INFO -   - DataFrame name: get_financial_ratios_batch
[2026-04-05T02:09:28.937+0000] {datalake_df2csv.py:46} INFO -   - Bucket: thongtin-congty-va-bctc
[2026-04-05T02:09:28.938+0000] {datalake_df2csv.py:47} INFO -   - Object path: financial_ratios/2026-03-29/batch_322.csv
[2026-04-05T02:09:28.938+0000] {datalake_df2csv.py:48} INFO -   - Connection ID: minio_finance
[2026-04-05T02:09:28.939+0000] {datalake_df2csv.py:49} INFO -   - Tham số truyền vào: {'symbols': ['MSR', 'ART'], 'period': 'quarter'}
[2026-04-05T02:09:28.939+0000] {datalake_df2csv.py:50} INFO - --------------------------------------------------------------------------------
[2026-04-05T02:09:28.940+0000] {datalake_df2csv.py:54} INFO - 📥 Bước 1: Đang load dữ liệu từ logic file...
[2026-04-05T02:09:28.954+0000] {datalake_df2csv.py:148} INFO -   - Logic directory: /opt/airflow/plugins/logic
[2026-04-05T02:09:28.956+0000] {datalake_df2csv.py:149} INFO -   - Module path: /opt/airflow/plugins/logic/financial_ratios.py
[2026-04-05T02:09:28.956+0000] {datalake_df2csv.py:153} INFO -   - Đã thêm logic directory vào sys.path
[2026-04-05T02:09:28.958+0000] {datalake_df2csv.py:159} INFO -   - Đang load module 'financial_ratios'...
[2026-04-05T02:09:28.968+0000] {datalake_df2csv.py:163} INFO -   - ✅ Module loaded thành công
[2026-04-05T02:09:28.969+0000] {datalake_df2csv.py:165} INFO -   - Đang tìm DataFrame/function: 'get_financial_ratios_batch'...
[2026-04-05T02:09:28.970+0000] {datalake_df2csv.py:170} INFO -   - ✅ Tìm thấy object: function
[2026-04-05T02:09:28.973+0000] {datalake_df2csv.py:173} INFO -   - Đang gọi function với tham số: {'symbols': ['MSR', 'ART'], 'period': 'quarter'}
[2026-04-05T02:09:28.975+0000] {logging_mixin.py:188} INFO - [RATIO] Bắt đầu xử lý batch 2 mã: ['MSR', 'ART']
[2026-04-05T02:09:28.976+0000] {logging_mixin.py:188} INFO - [RATIO] Kỳ dữ liệu: quarter
[2026-04-05T02:09:28.977+0000] {logging_mixin.py:188} INFO -  >> [RATIO] Đang lấy dữ liệu: MSR
[2026-04-05T02:09:30.061+0000] {logging_mixin.py:188} INFO -  ❌ [RATIO] Lỗi xử lý mã MSR: Failed to fetch data: 429 - Too Many Requests
[2026-04-05T02:09:30.062+0000] {logging_mixin.py:188} INFO -  >> [RATIO] Đang lấy dữ liệu: ART
[2026-04-05T02:09:30.380+0000] {logging_mixin.py:188} INFO -  ❌ [RATIO] Lỗi xử lý mã ART: Failed to fetch data: 429 - Too Many Requests
[2026-04-05T02:09:30.382+0000] {logging_mixin.py:188} INFO -  ⚠ [RATIO] Batch này không thu được dữ liệu nào.
[2026-04-05T02:09:30.385+0000] {datalake_df2csv.py:58} WARNING - ⚠️  DataFrame rỗng hoặc None
[2026-04-05T02:09:30.386+0000] {datalake_df2csv.py:59} INFO - 📊 Thông tin DataFrame:
[2026-04-05T02:09:30.386+0000] {datalake_df2csv.py:60} INFO -   - Số dòng: 0
[2026-04-05T02:09:30.387+0000] {datalake_df2csv.py:61} INFO -   - Kết luận: Bỏ qua upload CSV
[2026-04-05T02:09:30.387+0000] {datalake_df2csv.py:62} INFO - ================================================================================
[2026-04-05T02:09:30.388+0000] {datalake_df2csv.py:63} INFO - ✅ KẾT THÚC TASK (không có dữ liệu): ingest_financial_ratios
[2026-04-05T02:09:30.389+0000] {datalake_df2csv.py:64} INFO - ================================================================================
[2026-04-05T02:09:30.389+0000] {taskinstance.py:441} INFO - ::group::Post task execution logs
[2026-04-05T02:09:30.401+0000] {taskinstance.py:1206} INFO - Marking task as SUCCESS. dag_id=financial_ratios, task_id=ingest_financial_ratios, run_id=scheduled__2026-03-29T02:00:00+00:00, map_index=322, execution_date=20260329T020000, start_date=20260405T020928, end_date=20260405T020930
[2026-04-05T02:09:30.455+0000] {local_task_job_runner.py:243} INFO - Task exited with return code 0
[2026-04-05T02:09:30.468+0000] {local_task_job_runner.py:222} INFO - ::endgroup::
