[2026-04-08T16:11:38.064+0000] {local_task_job_runner.py:120} INFO - ::group::Pre task execution logs
[2026-04-08T16:11:38.202+0000] {taskinstance.py:2076} INFO - Dependencies all met for dep_context=non-requeueable deps ti=<TaskInstance: daily_price.ingest_daily_price scheduled__2026-04-07T16:00:00+00:00 map_index=274 [queued]>
[2026-04-08T16:11:38.299+0000] {taskinstance.py:2076} INFO - Dependencies all met for dep_context=requeueable deps ti=<TaskInstance: daily_price.ingest_daily_price scheduled__2026-04-07T16:00:00+00:00 map_index=274 [queued]>
[2026-04-08T16:11:38.302+0000] {taskinstance.py:2306} INFO - Starting attempt 1 of 2
[2026-04-08T16:11:38.409+0000] {taskinstance.py:2330} INFO - Executing <Mapped(DfToCsvOperator): ingest_daily_price> on 2026-04-07 16:00:00+00:00
[2026-04-08T16:11:38.457+0000] {warnings.py:112} WARNING - This process (pid=7463) is multi-threaded, use of fork() may lead to deadlocks in the child.

[2026-04-08T16:11:38.470+0000] {standard_task_runner.py:90} INFO - Running: ['***', 'tasks', 'run', 'daily_price', 'ingest_daily_price', 'scheduled__2026-04-07T16:00:00+00:00', '--job-id', '40734', '--raw', '--subdir', 'DAGS_FOLDER/dl_dailly_price.py', '--cfg-path', '/tmp/tmpyycon4eq', '--map-index', '274']
[2026-04-08T16:11:38.489+0000] {standard_task_runner.py:91} INFO - Job 40734: Subtask ingest_daily_price
[2026-04-08T16:11:38.481+0000] {standard_task_runner.py:64} INFO - Started process 7555 to run task
[2026-04-08T16:11:38.724+0000] {task_command.py:426} INFO - Running <TaskInstance: daily_price.ingest_daily_price scheduled__2026-04-07T16:00:00+00:00 map_index=274 [running]> on host e7eab8490099
[2026-04-08T16:11:39.898+0000] {taskinstance.py:2648} INFO - Exporting env vars: AIRFLOW_CTX_DAG_OWNER='***' AIRFLOW_CTX_DAG_ID='daily_price' AIRFLOW_CTX_TASK_ID='ingest_daily_price' AIRFLOW_CTX_EXECUTION_DATE='2026-04-07T16:00:00+00:00' AIRFLOW_CTX_TRY_NUMBER='1' AIRFLOW_CTX_DAG_RUN_ID='scheduled__2026-04-07T16:00:00+00:00'
[2026-04-08T16:11:39.925+0000] {taskinstance.py:430} INFO - ::endgroup::
[2026-04-08T16:11:39.942+0000] {datalake_df2csv.py:40} INFO - ================================================================================
[2026-04-08T16:11:39.963+0000] {datalake_df2csv.py:41} INFO - 🚀 BẮT ĐẦU TASK: ingest_daily_price
[2026-04-08T16:11:39.966+0000] {datalake_df2csv.py:42} INFO - ================================================================================
[2026-04-08T16:11:39.979+0000] {datalake_df2csv.py:43} INFO - 📋 Thông tin cấu hình:
[2026-04-08T16:11:39.990+0000] {datalake_df2csv.py:44} INFO -   - Logic file: history_price
[2026-04-08T16:11:40.004+0000] {datalake_df2csv.py:45} INFO -   - DataFrame name: get_history_price_batch
[2026-04-08T16:11:40.009+0000] {datalake_df2csv.py:46} INFO -   - Bucket: thongtin-congty-va-bctc
[2026-04-08T16:11:40.014+0000] {datalake_df2csv.py:47} INFO -   - Object path: daily_price/2026-04-07/batch_274.csv
[2026-04-08T16:11:40.015+0000] {datalake_df2csv.py:48} INFO -   - Connection ID: minio_finance
[2026-04-08T16:11:40.029+0000] {datalake_df2csv.py:49} INFO -   - Tham số truyền vào: {'symbols': ['VC5', 'HPB', 'DCR', 'SVH', 'ABW'], 'start_date': '2026-04-07', 'end_date': '2026-04-08'}
[2026-04-08T16:11:40.031+0000] {datalake_df2csv.py:50} INFO - --------------------------------------------------------------------------------
[2026-04-08T16:11:40.033+0000] {datalake_df2csv.py:54} INFO - 📥 Bước 1: Đang load dữ liệu từ logic file...
[2026-04-08T16:11:40.108+0000] {datalake_df2csv.py:148} INFO -   - Logic directory: /opt/airflow/plugins/logic
[2026-04-08T16:11:40.123+0000] {datalake_df2csv.py:149} INFO -   - Module path: /opt/airflow/plugins/logic/history_price.py
[2026-04-08T16:11:40.131+0000] {datalake_df2csv.py:153} INFO -   - Đã thêm logic directory vào sys.path
[2026-04-08T16:11:40.188+0000] {datalake_df2csv.py:159} INFO -   - Đang load module 'history_price'...
[2026-04-08T16:11:40.259+0000] {datalake_df2csv.py:163} INFO -   - ✅ Module loaded thành công
[2026-04-08T16:11:40.261+0000] {datalake_df2csv.py:165} INFO -   - Đang tìm DataFrame/function: 'get_history_price_batch'...
[2026-04-08T16:11:40.267+0000] {datalake_df2csv.py:170} INFO -   - ✅ Tìm thấy object: function
[2026-04-08T16:11:40.283+0000] {datalake_df2csv.py:173} INFO -   - Đang gọi function với tham số: {'symbols': ['VC5', 'HPB', 'DCR', 'SVH', 'ABW'], 'start_date': '2026-04-07', 'end_date': '2026-04-08'}
[2026-04-08T16:11:47.735+0000] {datalake_df2csv.py:68} INFO - ✅ Load dữ liệu thành công!
[2026-04-08T16:11:47.750+0000] {datalake_df2csv.py:69} INFO - 📊 Thông tin DataFrame:
[2026-04-08T16:11:47.770+0000] {datalake_df2csv.py:70} INFO -   - Số dòng: 20
[2026-04-08T16:11:47.771+0000] {datalake_df2csv.py:71} INFO -   - Số cột: 7
[2026-04-08T16:11:47.779+0000] {datalake_df2csv.py:72} INFO -   - Tên các cột: ['ticker', 'trading_date', 'open', 'high', 'low', 'close', 'volume']
[2026-04-08T16:11:47.785+0000] {datalake_df2csv.py:73} INFO -   - Kiểu dữ liệu: {'ticker': 'object', 'trading_date': 'object', 'open': 'float64', 'high': 'float64', 'low': 'float64', 'close': 'float64', 'volume': 'int64'}
[2026-04-08T16:11:47.804+0000] {datalake_df2csv.py:74} INFO -   - Bộ nhớ sử dụng: 0.00 MB
[2026-04-08T16:11:47.816+0000] {datalake_df2csv.py:83} INFO -   - Không có giá trị NULL
[2026-04-08T16:11:47.819+0000] {datalake_df2csv.py:86} INFO -   - Mẫu dữ liệu (5 dòng đầu):
[2026-04-08T16:11:47.824+0000] {datalake_df2csv.py:88} INFO -     Row 0: {'ticker': 'VC5', 'trading_date': '2025-04-18', 'open': 0.6, 'high': 0.6, 'low': 0.6, 'close': 0.6, 'volume': 700}
[2026-04-08T16:11:47.828+0000] {datalake_df2csv.py:88} INFO -     Row 1: {'ticker': 'VC5', 'trading_date': '2025-05-09', 'open': 0.5, 'high': 0.7, 'low': 0.5, 'close': 0.7, 'volume': 200}
[2026-04-08T16:11:47.837+0000] {datalake_df2csv.py:88} INFO -     Row 2: {'ticker': 'VC5', 'trading_date': '2025-05-23', 'open': 0.7, 'high': 0.7, 'low': 0.6, 'close': 0.6, 'volume': 2200}
[2026-04-08T16:11:47.840+0000] {datalake_df2csv.py:88} INFO -     Row 3: {'ticker': 'VC5', 'trading_date': '2025-05-30', 'open': 0.6, 'high': 0.8, 'low': 0.6, 'close': 0.7, 'volume': 1300}
[2026-04-08T16:11:47.842+0000] {datalake_df2csv.py:88} INFO -     Row 4: {'ticker': 'HPB', 'trading_date': '2026-04-02', 'open': 22.7, 'high': 22.7, 'low': 22.7, 'close': 22.7, 'volume': 500}
[2026-04-08T16:11:47.842+0000] {datalake_df2csv.py:90} INFO - --------------------------------------------------------------------------------
[2026-04-08T16:11:47.843+0000] {datalake_df2csv.py:93} INFO - 📝 Bước 2: Đang chuyển đổi DataFrame sang CSV...
[2026-04-08T16:11:47.861+0000] {datalake_df2csv.py:97} INFO - ✅ Chuyển đổi CSV thành công!
[2026-04-08T16:11:47.862+0000] {datalake_df2csv.py:98} INFO -   - Kích thước file: 0.00 MB
[2026-04-08T16:11:47.863+0000] {datalake_df2csv.py:99} INFO -   - Thời gian chuyển đổi: 0.02 giây
[2026-04-08T16:11:47.870+0000] {datalake_df2csv.py:100} INFO - --------------------------------------------------------------------------------
[2026-04-08T16:11:47.873+0000] {datalake_df2csv.py:103} INFO - ☁️  Bước 3: Đang upload lên MinIO/S3...
[2026-04-08T16:11:47.911+0000] {base.py:84} INFO - Using connection ID 'minio_finance' for task execution.
[2026-04-08T16:11:47.918+0000] {connection_wrapper.py:384} INFO - AWS Connection (conn_id='minio_finance', conn_type='aws') credentials retrieved from login and password.
[2026-04-08T16:11:49.784+0000] {datalake_df2csv.py:112} INFO -   - Bucket 'thongtin-congty-va-bctc' đã tồn tại
[2026-04-08T16:11:49.954+0000] {datalake_df2csv.py:117} INFO - ✅ Upload thành công!
[2026-04-08T16:11:49.956+0000] {datalake_df2csv.py:118} INFO -   - Đường dẫn: s3://thongtin-congty-va-bctc/daily_price/2026-04-07/batch_274.csv
[2026-04-08T16:11:49.958+0000] {datalake_df2csv.py:119} INFO -   - Số dòng: 20
[2026-04-08T16:11:49.960+0000] {datalake_df2csv.py:120} INFO -   - Thời gian upload: 2.07 giây
[2026-04-08T16:11:49.961+0000] {datalake_df2csv.py:121} INFO - --------------------------------------------------------------------------------
[2026-04-08T16:11:49.967+0000] {datalake_df2csv.py:125} INFO - 📈 TỔNG KẾT:
[2026-04-08T16:11:49.968+0000] {datalake_df2csv.py:126} INFO -   - Tổng thời gian thực thi: 10.03 giây
[2026-04-08T16:11:49.970+0000] {datalake_df2csv.py:127} INFO -   - Tốc độ xử lý: 2 dòng/giây
[2026-04-08T16:11:49.971+0000] {datalake_df2csv.py:128} INFO - ================================================================================
[2026-04-08T16:11:49.971+0000] {datalake_df2csv.py:129} INFO - ✅ HOÀN THÀNH TASK: ingest_daily_price
[2026-04-08T16:11:49.973+0000] {datalake_df2csv.py:130} INFO - ================================================================================
[2026-04-08T16:11:49.974+0000] {taskinstance.py:441} INFO - ::group::Post task execution logs
[2026-04-08T16:11:50.016+0000] {taskinstance.py:1206} INFO - Marking task as SUCCESS. dag_id=daily_price, task_id=ingest_daily_price, run_id=scheduled__2026-04-07T16:00:00+00:00, map_index=274, execution_date=20260407T160000, start_date=20260408T161138, end_date=20260408T161150
[2026-04-08T16:11:50.209+0000] {local_task_job_runner.py:243} INFO - Task exited with return code 0
[2026-04-08T16:11:50.311+0000] {taskinstance.py:3503} INFO - 0 downstream tasks scheduled from follow-on schedule check
[2026-04-08T16:11:50.344+0000] {local_task_job_runner.py:222} INFO - ::endgroup::
