[2026-05-03T03:00:05.916+0000] {local_task_job_runner.py:120} INFO - ::group::Pre task execution logs
[2026-05-03T03:00:05.949+0000] {taskinstance.py:2076} INFO - Dependencies all met for dep_context=non-requeueable deps ti=<TaskInstance: minio_to_db_sync.sync_macro_economy scheduled__2026-05-02T03:00:00+00:00 [queued]>
[2026-05-03T03:00:05.963+0000] {taskinstance.py:2076} INFO - Dependencies all met for dep_context=requeueable deps ti=<TaskInstance: minio_to_db_sync.sync_macro_economy scheduled__2026-05-02T03:00:00+00:00 [queued]>
[2026-05-03T03:00:05.965+0000] {taskinstance.py:2306} INFO - Starting attempt 1 of 3
[2026-05-03T03:00:05.989+0000] {taskinstance.py:2330} INFO - Executing <Task(_PythonDecoratedOperator): sync_macro_economy> on 2026-05-02 03:00:00+00:00
[2026-05-03T03:00:06.003+0000] {warnings.py:112} WARNING - This process (pid=112) is multi-threaded, use of fork() may lead to deadlocks in the child.

[2026-05-03T03:00:06.009+0000] {standard_task_runner.py:64} INFO - Started process 144 to run task
[2026-05-03T03:00:06.013+0000] {standard_task_runner.py:90} INFO - Running: ['***', 'tasks', 'run', 'minio_to_db_sync', 'sync_macro_economy', 'scheduled__2026-05-02T03:00:00+00:00', '--job-id', '47354', '--raw', '--subdir', 'DAGS_FOLDER/minio_to_db_sync.py', '--cfg-path', '/tmp/tmph5fdpg7q']
[2026-05-03T03:00:06.023+0000] {standard_task_runner.py:91} INFO - Job 47354: Subtask sync_macro_economy
[2026-05-03T03:00:06.141+0000] {task_command.py:426} INFO - Running <TaskInstance: minio_to_db_sync.sync_macro_economy scheduled__2026-05-02T03:00:00+00:00 [running]> on host d5324ae69e5b
[2026-05-03T03:00:06.367+0000] {taskinstance.py:2648} INFO - Exporting env vars: AIRFLOW_CTX_DAG_OWNER='***' AIRFLOW_CTX_DAG_ID='minio_to_db_sync' AIRFLOW_CTX_TASK_ID='sync_macro_economy' AIRFLOW_CTX_EXECUTION_DATE='2026-05-02T03:00:00+00:00' AIRFLOW_CTX_TRY_NUMBER='1' AIRFLOW_CTX_DAG_RUN_ID='scheduled__2026-05-02T03:00:00+00:00'
[2026-05-03T03:00:06.384+0000] {taskinstance.py:430} INFO - ::endgroup::
[2026-05-03T03:00:06.425+0000] {logging_mixin.py:188} INFO - ======================================================================
[2026-05-03T03:00:06.426+0000] {logging_mixin.py:188} INFO - 📊 SYNC MACRO ECONOMY TO DATABASE
[2026-05-03T03:00:06.426+0000] {logging_mixin.py:188} INFO - ======================================================================
[2026-05-03T03:00:06.427+0000] {logging_mixin.py:188} INFO - 
--- Processing XAU ---
[2026-05-03T03:00:06.452+0000] {base.py:84} INFO - Using connection ID 'minio_finance' for task execution.
[2026-05-03T03:00:06.458+0000] {connection_wrapper.py:384} INFO - AWS Connection (conn_id='minio_finance', conn_type='aws') credentials retrieved from login and password.
[2026-05-03T03:00:16.309+0000] {logging_mixin.py:188} INFO - 📂 Scanning 64 objects in thongtin-congty-va-bctc/macro_economy/xau/
[2026-05-03T03:00:16.310+0000] {logging_mixin.py:188} INFO - 📅 Found 64 valid date partition(s): ['2026-01-13', '2026-01-15', '2026-01-16', '2026-01-17', '2026-01-19', '2026-01-21', '2026-01-23', '2026-01-24', '2026-01-26', '2026-01-27', '2026-01-28', '2026-01-30', '2026-02-02', '2026-02-03', '2026-02-04', '2026-02-06', '2026-02-07', '2026-02-11', '2026-02-17', '2026-02-21', '2026-02-25', '2026-02-26', '2026-02-27', '2026-02-28', '2026-03-01', '2026-03-02', '2026-03-03', '2026-03-06', '2026-03-07', '2026-03-09', '2026-03-10', '2026-03-11', '2026-03-18', '2026-03-20', '2026-03-21', '2026-03-23', '2026-03-24', '2026-03-25', '2026-03-27', '2026-03-28', '2026-03-31', '2026-04-01', '2026-04-02', '2026-04-03', '2026-04-07', '2026-04-08', '2026-04-09', '2026-04-10', '2026-04-11', '2026-04-15', '2026-04-16', '2026-04-17', '2026-04-18', '2026-04-19', '2026-04-20', '2026-04-22', '2026-04-23', '2026-04-26', '2026-04-27', '2026-04-28', '2026-04-29', '2026-04-30', '2026-05-01', '2026-05-02']
[2026-05-03T03:00:16.311+0000] {logging_mixin.py:188} INFO - ✅ Latest partition selected: macro_economy/xau/2026-05-02/
[2026-05-03T03:00:16.320+0000] {base.py:84} INFO - Using connection ID 'minio_finance' for task execution.
[2026-05-03T03:00:16.321+0000] {connection_wrapper.py:384} INFO - AWS Connection (conn_id='minio_finance', conn_type='aws') credentials retrieved from login and password.
[2026-05-03T03:00:16.509+0000] {base.py:84} INFO - Using connection ID 'minio_finance' for task execution.
[2026-05-03T03:00:16.510+0000] {connection_wrapper.py:384} INFO - AWS Connection (conn_id='minio_finance', conn_type='aws') credentials retrieved from login and password.
[2026-05-03T03:00:16.640+0000] {logging_mixin.py:188} INFO - ✓ Read 1 rows from macro_economy/xau/2026-05-02/data.csv
[2026-05-03T03:00:16.642+0000] {logging_mixin.py:188} INFO - 
--- Processing OIL ---
[2026-05-03T03:00:16.650+0000] {base.py:84} INFO - Using connection ID 'minio_finance' for task execution.
[2026-05-03T03:00:16.651+0000] {connection_wrapper.py:384} INFO - AWS Connection (conn_id='minio_finance', conn_type='aws') credentials retrieved from login and password.
[2026-05-03T03:00:21.623+0000] {logging_mixin.py:188} INFO - 📂 Scanning 64 objects in thongtin-congty-va-bctc/macro_economy/oil/
[2026-05-03T03:00:21.624+0000] {logging_mixin.py:188} INFO - 📅 Found 64 valid date partition(s): ['2026-01-13', '2026-01-15', '2026-01-16', '2026-01-17', '2026-01-19', '2026-01-21', '2026-01-23', '2026-01-24', '2026-01-26', '2026-01-27', '2026-01-28', '2026-01-30', '2026-02-02', '2026-02-03', '2026-02-04', '2026-02-06', '2026-02-07', '2026-02-11', '2026-02-17', '2026-02-21', '2026-02-25', '2026-02-26', '2026-02-27', '2026-02-28', '2026-03-01', '2026-03-02', '2026-03-03', '2026-03-06', '2026-03-07', '2026-03-09', '2026-03-10', '2026-03-11', '2026-03-18', '2026-03-20', '2026-03-21', '2026-03-23', '2026-03-24', '2026-03-25', '2026-03-27', '2026-03-28', '2026-03-31', '2026-04-01', '2026-04-02', '2026-04-03', '2026-04-07', '2026-04-08', '2026-04-09', '2026-04-10', '2026-04-11', '2026-04-14', '2026-04-15', '2026-04-16', '2026-04-17', '2026-04-18', '2026-04-20', '2026-04-22', '2026-04-23', '2026-04-26', '2026-04-27', '2026-04-28', '2026-04-29', '2026-04-30', '2026-05-01', '2026-05-02']
[2026-05-03T03:00:21.625+0000] {logging_mixin.py:188} INFO - ✅ Latest partition selected: macro_economy/oil/2026-05-02/
[2026-05-03T03:00:21.635+0000] {base.py:84} INFO - Using connection ID 'minio_finance' for task execution.
[2026-05-03T03:00:21.636+0000] {connection_wrapper.py:384} INFO - AWS Connection (conn_id='minio_finance', conn_type='aws') credentials retrieved from login and password.
[2026-05-03T03:00:21.898+0000] {base.py:84} INFO - Using connection ID 'minio_finance' for task execution.
[2026-05-03T03:00:21.899+0000] {connection_wrapper.py:384} INFO - AWS Connection (conn_id='minio_finance', conn_type='aws') credentials retrieved from login and password.
[2026-05-03T03:00:22.051+0000] {logging_mixin.py:188} INFO - ✓ Read 1 rows from macro_economy/oil/2026-05-02/data.csv
[2026-05-03T03:00:22.053+0000] {logging_mixin.py:188} INFO - 
--- Processing DJI ---
[2026-05-03T03:00:22.065+0000] {base.py:84} INFO - Using connection ID 'minio_finance' for task execution.
[2026-05-03T03:00:22.066+0000] {connection_wrapper.py:384} INFO - AWS Connection (conn_id='minio_finance', conn_type='aws') credentials retrieved from login and password.
[2026-05-03T03:00:27.203+0000] {logging_mixin.py:188} INFO - 📂 Scanning 59 objects in thongtin-congty-va-bctc/macro_economy/dowjone/
[2026-05-03T03:00:27.204+0000] {logging_mixin.py:188} INFO - 📅 Found 59 valid date partition(s): ['2026-01-13', '2026-01-15', '2026-01-16', '2026-01-17', '2026-01-21', '2026-01-23', '2026-01-24', '2026-01-26', '2026-01-27', '2026-01-28', '2026-01-30', '2026-02-02', '2026-02-03', '2026-02-04', '2026-02-06', '2026-02-07', '2026-02-11', '2026-02-17', '2026-02-21', '2026-02-25', '2026-02-26', '2026-02-27', '2026-02-28', '2026-03-02', '2026-03-03', '2026-03-06', '2026-03-07', '2026-03-09', '2026-03-10', '2026-03-11', '2026-03-18', '2026-03-20', '2026-03-21', '2026-03-23', '2026-03-24', '2026-03-25', '2026-03-27', '2026-03-28', '2026-03-31', '2026-04-01', '2026-04-02', '2026-04-03', '2026-04-07', '2026-04-08', '2026-04-09', '2026-04-10', '2026-04-11', '2026-04-15', '2026-04-16', '2026-04-17', '2026-04-18', '2026-04-20', '2026-04-22', '2026-04-23', '2026-04-27', '2026-04-28', '2026-04-30', '2026-05-01', '2026-05-02']
[2026-05-03T03:00:27.205+0000] {logging_mixin.py:188} INFO - ✅ Latest partition selected: macro_economy/dowjone/2026-05-02/
[2026-05-03T03:00:27.213+0000] {base.py:84} INFO - Using connection ID 'minio_finance' for task execution.
[2026-05-03T03:00:27.213+0000] {connection_wrapper.py:384} INFO - AWS Connection (conn_id='minio_finance', conn_type='aws') credentials retrieved from login and password.
[2026-05-03T03:00:27.403+0000] {base.py:84} INFO - Using connection ID 'minio_finance' for task execution.
[2026-05-03T03:00:27.404+0000] {connection_wrapper.py:384} INFO - AWS Connection (conn_id='minio_finance', conn_type='aws') credentials retrieved from login and password.
[2026-05-03T03:00:27.520+0000] {logging_mixin.py:188} INFO - ✓ Read 1 rows from macro_economy/dowjone/2026-05-02/data.csv
[2026-05-03T03:00:27.523+0000] {logging_mixin.py:188} INFO - 
Total loaded: 3 rows
[2026-05-03T03:00:27.524+0000] {logging_mixin.py:188} INFO - 
Cleaning and transforming data...
[2026-05-03T03:00:27.547+0000] {logging_mixin.py:188} INFO - After cleaning: 3 rows
[2026-05-03T03:00:27.547+0000] {logging_mixin.py:188} INFO - 
Inserting into database...
[2026-05-03T03:00:27.556+0000] {logging_mixin.py:188} INFO - ✓ Schema hethong_phantich_chungkhoan ensured
[2026-05-03T03:00:27.569+0000] {logging_mixin.py:188} INFO - ✅ Inserted 3 rows
[2026-05-03T03:00:27.571+0000] {python.py:237} INFO - Done. Returned value was: ✅ Success: 3 rows
[2026-05-03T03:00:27.572+0000] {taskinstance.py:441} INFO - ::group::Post task execution logs
[2026-05-03T03:00:27.603+0000] {taskinstance.py:1206} INFO - Marking task as SUCCESS. dag_id=minio_to_db_sync, task_id=sync_macro_economy, run_id=scheduled__2026-05-02T03:00:00+00:00, execution_date=20260502T030000, start_date=20260503T030005, end_date=20260503T030027
[2026-05-03T03:00:27.671+0000] {local_task_job_runner.py:243} INFO - Task exited with return code 0
[2026-05-03T03:00:27.707+0000] {taskinstance.py:3503} INFO - 0 downstream tasks scheduled from follow-on schedule check
[2026-05-03T03:00:27.712+0000] {local_task_job_runner.py:222} INFO - ::endgroup::
