[2026-02-07T00:46:35.131+0000] {local_task_job_runner.py:120} INFO - ::group::Pre task execution logs
[2026-02-07T00:46:35.181+0000] {taskinstance.py:2076} INFO - Dependencies all met for dep_context=non-requeueable deps ti=<TaskInstance: minio_to_db_sync.sync_index_price scheduled__2026-02-05T03:00:00+00:00 [queued]>
[2026-02-07T00:46:35.203+0000] {taskinstance.py:2076} INFO - Dependencies all met for dep_context=requeueable deps ti=<TaskInstance: minio_to_db_sync.sync_index_price scheduled__2026-02-05T03:00:00+00:00 [queued]>
[2026-02-07T00:46:35.208+0000] {taskinstance.py:2306} INFO - Starting attempt 1 of 3
[2026-02-07T00:46:35.503+0000] {taskinstance.py:2330} INFO - Executing <Task(_PythonDecoratedOperator): sync_index_price> on 2026-02-05 03:00:00+00:00
[2026-02-07T00:46:35.533+0000] {warnings.py:112} WARNING - This process (pid=69) is multi-threaded, use of fork() may lead to deadlocks in the child.

[2026-02-07T00:46:35.551+0000] {standard_task_runner.py:64} INFO - Started process 260 to run task
[2026-02-07T00:46:35.573+0000] {standard_task_runner.py:90} INFO - Running: ['***', 'tasks', 'run', 'minio_to_db_sync', 'sync_index_price', 'scheduled__2026-02-05T03:00:00+00:00', '--job-id', '18761', '--raw', '--subdir', 'DAGS_FOLDER/minio_to_db_sync.py', '--cfg-path', '/tmp/tmp69syasuj']
[2026-02-07T00:46:35.588+0000] {standard_task_runner.py:91} INFO - Job 18761: Subtask sync_index_price
[2026-02-07T00:46:36.268+0000] {task_command.py:426} INFO - Running <TaskInstance: minio_to_db_sync.sync_index_price scheduled__2026-02-05T03:00:00+00:00 [running]> on host 92ec87cbc427
[2026-02-07T00:46:38.433+0000] {taskinstance.py:2648} INFO - Exporting env vars: AIRFLOW_CTX_DAG_OWNER='***' AIRFLOW_CTX_DAG_ID='minio_to_db_sync' AIRFLOW_CTX_TASK_ID='sync_index_price' AIRFLOW_CTX_EXECUTION_DATE='2026-02-05T03:00:00+00:00' AIRFLOW_CTX_TRY_NUMBER='1' AIRFLOW_CTX_DAG_RUN_ID='scheduled__2026-02-05T03:00:00+00:00'
[2026-02-07T00:46:38.440+0000] {taskinstance.py:430} INFO - ::endgroup::
[2026-02-07T00:46:38.463+0000] {logging_mixin.py:188} INFO - ======================================================================
[2026-02-07T00:46:38.463+0000] {logging_mixin.py:188} INFO - 📊 SYNC INDEX PRICE TO DATABASE
[2026-02-07T00:46:38.464+0000] {logging_mixin.py:188} INFO - ======================================================================
[2026-02-07T00:46:38.466+0000] {logging_mixin.py:188} INFO - 
[1/4] Finding latest partition...
[2026-02-07T00:46:38.514+0000] {base.py:84} INFO - Using connection ID 'minio_finance' for task execution.
[2026-02-07T00:46:38.517+0000] {connection_wrapper.py:384} INFO - AWS Connection (conn_id='minio_finance', conn_type='aws') credentials retrieved from login and password.
[2026-02-07T00:46:52.829+0000] {logging_mixin.py:188} INFO - 📂 Scanning 23 objects in thongtin-congty-va-bctc/index_price/
[2026-02-07T00:46:52.831+0000] {logging_mixin.py:188} INFO - 📅 Found 19 valid date partition(s): ['2025-12-31', '2026-01-09', '2026-01-12', '2026-01-13', '2026-01-15', '2026-01-16', '2026-01-19', '2026-01-20', '2026-01-21', '2026-01-22', '2026-01-23', '2026-01-24', '2026-01-27', '2026-01-28', '2026-01-29', '2026-01-30', '2026-02-02', '2026-02-03', '2026-02-04']
[2026-02-07T00:46:52.833+0000] {logging_mixin.py:188} INFO - ✅ Latest partition selected: index_price/2026-02-04/
[2026-02-07T00:46:52.835+0000] {logging_mixin.py:188} INFO - 
[2/4] Reading CSV files...
[2026-02-07T00:46:52.845+0000] {base.py:84} INFO - Using connection ID 'minio_finance' for task execution.
[2026-02-07T00:46:52.847+0000] {connection_wrapper.py:384} INFO - AWS Connection (conn_id='minio_finance', conn_type='aws') credentials retrieved from login and password.
[2026-02-07T00:46:53.119+0000] {logging_mixin.py:188} INFO - ✓ Found 1 CSV files in thongtin-congty-va-bctc/index_price/2026-02-04/
[2026-02-07T00:46:53.133+0000] {base.py:84} INFO - Using connection ID 'minio_finance' for task execution.
[2026-02-07T00:46:53.134+0000] {connection_wrapper.py:384} INFO - AWS Connection (conn_id='minio_finance', conn_type='aws') credentials retrieved from login and password.
[2026-02-07T00:46:53.366+0000] {logging_mixin.py:188} INFO - ✓ Read 115 rows from index_price/2026-02-04/index_price_20260204T150000.csv
[2026-02-07T00:46:53.368+0000] {logging_mixin.py:188} INFO - ✓ Concatenated 1 files into 115 total rows
[2026-02-07T00:46:53.369+0000] {logging_mixin.py:188} INFO - Loaded 115 rows
[2026-02-07T00:46:53.370+0000] {logging_mixin.py:188} INFO - 
[3/4] Cleaning and transforming data...
[2026-02-07T00:46:53.422+0000] {logging_mixin.py:188} INFO - After cleaning: 115 rows
[2026-02-07T00:46:53.425+0000] {logging_mixin.py:188} INFO - 
[4/4] Inserting into database...
[2026-02-07T00:46:53.438+0000] {logging_mixin.py:188} INFO - ✓ Schema hethong_phantich_chungkhoan ensured
[2026-02-07T00:46:53.493+0000] {logging_mixin.py:188} INFO - ✅ Inserted 115 rows
[2026-02-07T00:46:53.494+0000] {python.py:237} INFO - Done. Returned value was: ✅ Success: 115 rows
[2026-02-07T00:46:53.495+0000] {taskinstance.py:441} INFO - ::group::Post task execution logs
[2026-02-07T00:46:53.582+0000] {taskinstance.py:1206} INFO - Marking task as SUCCESS. dag_id=minio_to_db_sync, task_id=sync_index_price, run_id=scheduled__2026-02-05T03:00:00+00:00, execution_date=20260205T030000, start_date=20260207T004635, end_date=20260207T004653
[2026-02-07T00:46:53.645+0000] {local_task_job_runner.py:243} INFO - Task exited with return code 0
[2026-02-07T00:46:53.686+0000] {taskinstance.py:3503} INFO - 0 downstream tasks scheduled from follow-on schedule check
[2026-02-07T00:46:53.691+0000] {local_task_job_runner.py:222} INFO - ::endgroup::
