[2026-03-22T14:09:03.454+0000] {local_task_job_runner.py:120} INFO - ::group::Pre task execution logs
[2026-03-22T14:09:03.719+0000] {taskinstance.py:2076} INFO - Dependencies all met for dep_context=non-requeueable deps ti=<TaskInstance: financial_ratios.ingest_financial_ratios scheduled__2026-03-15T02:00:00+00:00 map_index=712 [queued]>
[2026-03-22T14:09:03.772+0000] {taskinstance.py:2076} INFO - Dependencies all met for dep_context=requeueable deps ti=<TaskInstance: financial_ratios.ingest_financial_ratios scheduled__2026-03-15T02:00:00+00:00 map_index=712 [queued]>
[2026-03-22T14:09:03.772+0000] {taskinstance.py:2306} INFO - Starting attempt 1 of 2
[2026-03-22T14:09:03.790+0000] {taskinstance.py:2330} INFO - Executing <Mapped(DfToCsvOperator): ingest_financial_ratios> on 2026-03-15 02:00:00+00:00
[2026-03-22T14:09:03.805+0000] {warnings.py:112} WARNING - This process (pid=6686) is multi-threaded, use of fork() may lead to deadlocks in the child.

[2026-03-22T14:09:03.809+0000] {standard_task_runner.py:64} INFO - Started process 6712 to run task
[2026-03-22T14:09:03.811+0000] {standard_task_runner.py:90} INFO - Running: ['***', 'tasks', 'run', 'financial_ratios', 'ingest_financial_ratios', 'scheduled__2026-03-15T02:00:00+00:00', '--job-id', '35559', '--raw', '--subdir', 'DAGS_FOLDER/dl_financial_ratios.py', '--cfg-path', '/tmp/tmptf7en1vy', '--map-index', '712']
[2026-03-22T14:09:03.819+0000] {standard_task_runner.py:91} INFO - Job 35559: Subtask ingest_financial_ratios
[2026-03-22T14:09:03.930+0000] {task_command.py:426} INFO - Running <TaskInstance: financial_ratios.ingest_financial_ratios scheduled__2026-03-15T02:00:00+00:00 map_index=712 [running]> on host b3b67f16e0e2
[2026-03-22T14:09:04.078+0000] {taskinstance.py:2648} INFO - Exporting env vars: AIRFLOW_CTX_DAG_OWNER='***' AIRFLOW_CTX_DAG_ID='financial_ratios' AIRFLOW_CTX_TASK_ID='ingest_financial_ratios' AIRFLOW_CTX_EXECUTION_DATE='2026-03-15T02:00:00+00:00' AIRFLOW_CTX_TRY_NUMBER='1' AIRFLOW_CTX_DAG_RUN_ID='scheduled__2026-03-15T02:00:00+00:00'
[2026-03-22T14:09:04.081+0000] {taskinstance.py:430} INFO - ::endgroup::
[2026-03-22T14:09:04.082+0000] {datalake_df2csv.py:40} INFO - ================================================================================
[2026-03-22T14:09:04.082+0000] {datalake_df2csv.py:41} INFO - 🚀 BẮT ĐẦU TASK: ingest_financial_ratios
[2026-03-22T14:09:04.082+0000] {datalake_df2csv.py:42} INFO - ================================================================================
[2026-03-22T14:09:04.082+0000] {datalake_df2csv.py:43} INFO - 📋 Thông tin cấu hình:
[2026-03-22T14:09:04.083+0000] {datalake_df2csv.py:44} INFO -   - Logic file: financial_ratios
[2026-03-22T14:09:04.083+0000] {datalake_df2csv.py:45} INFO -   - DataFrame name: get_financial_ratios_batch
[2026-03-22T14:09:04.083+0000] {datalake_df2csv.py:46} INFO -   - Bucket: thongtin-congty-va-bctc
[2026-03-22T14:09:04.084+0000] {datalake_df2csv.py:47} INFO -   - Object path: financial_ratios/2026-03-15/batch_712.csv
[2026-03-22T14:09:04.084+0000] {datalake_df2csv.py:48} INFO -   - Connection ID: minio_finance
[2026-03-22T14:09:04.084+0000] {datalake_df2csv.py:49} INFO -   - Tham số truyền vào: {'symbols': ['THP', 'ABS'], 'period': 'quarter'}
[2026-03-22T14:09:04.084+0000] {datalake_df2csv.py:50} INFO - --------------------------------------------------------------------------------
[2026-03-22T14:09:04.085+0000] {datalake_df2csv.py:54} INFO - 📥 Bước 1: Đang load dữ liệu từ logic file...
[2026-03-22T14:09:04.087+0000] {datalake_df2csv.py:148} INFO -   - Logic directory: /opt/airflow/plugins/logic
[2026-03-22T14:09:04.088+0000] {datalake_df2csv.py:149} INFO -   - Module path: /opt/airflow/plugins/logic/financial_ratios.py
[2026-03-22T14:09:04.089+0000] {datalake_df2csv.py:153} INFO -   - Đã thêm logic directory vào sys.path
[2026-03-22T14:09:04.090+0000] {datalake_df2csv.py:159} INFO -   - Đang load module 'financial_ratios'...
[2026-03-22T14:09:04.093+0000] {datalake_df2csv.py:163} INFO -   - ✅ Module loaded thành công
[2026-03-22T14:09:04.094+0000] {datalake_df2csv.py:165} INFO -   - Đang tìm DataFrame/function: 'get_financial_ratios_batch'...
[2026-03-22T14:09:04.094+0000] {datalake_df2csv.py:170} INFO -   - ✅ Tìm thấy object: function
[2026-03-22T14:09:04.094+0000] {datalake_df2csv.py:173} INFO -   - Đang gọi function với tham số: {'symbols': ['THP', 'ABS'], 'period': 'quarter'}
[2026-03-22T14:09:04.095+0000] {logging_mixin.py:188} INFO - [RATIO] Bắt đầu xử lý batch 2 mã: ['THP', 'ABS']
[2026-03-22T14:09:04.095+0000] {logging_mixin.py:188} INFO - [RATIO] Kỳ dữ liệu: quarter
[2026-03-22T14:09:04.095+0000] {logging_mixin.py:188} INFO -  >> [RATIO] Đang lấy dữ liệu: THP
[2026-03-22T14:09:29.890+0000] {log.py:232} WARNING - 2026-03-22 14:09:29 - vnstock.core.utils.client - ERROR - API request failed: HTTPSConnectionPool(host='trading.vietcap.com.vn', port=443): Max retries exceeded with url: /data-mt/graphql (Caused by NewConnectionError('<urllib3.connection.HTTPSConnection object at 0x7fb133da42f0>: Failed to establish a new connection: [Errno 101] Network is unreachable'))
[2026-03-22T14:09:29.890+0000] {client.py:297} ERROR - API request failed: HTTPSConnectionPool(host='trading.vietcap.com.vn', port=443): Max retries exceeded with url: /data-mt/graphql (Caused by NewConnectionError('<urllib3.connection.HTTPSConnection object at 0x7fb133da42f0>: Failed to establish a new connection: [Errno 101] Network is unreachable'))
[2026-03-22T14:09:29.893+0000] {logging_mixin.py:188} INFO -  ❌ [RATIO] Lỗi xử lý mã THP: API request failed: HTTPSConnectionPool(host='trading.vietcap.com.vn', port=443): Max retries exceeded with url: /data-mt/graphql (Caused by NewConnectionError('<urllib3.connection.HTTPSConnection object at 0x7fb133da42f0>: Failed to establish a new connection: [Errno 101] Network is unreachable'))
[2026-03-22T14:09:29.896+0000] {logging_mixin.py:188} INFO -  >> [RATIO] Đang lấy dữ liệu: ABS
[2026-03-22T14:09:51.336+0000] {log.py:232} WARNING - 2026-03-22 14:09:51 - vnstock.core.utils.client - ERROR - API request failed: HTTPSConnectionPool(host='trading.vietcap.com.vn', port=443): Max retries exceeded with url: /data-mt/graphql (Caused by NewConnectionError('<urllib3.connection.HTTPSConnection object at 0x7fb133da71d0>: Failed to establish a new connection: [Errno 101] Network is unreachable'))
[2026-03-22T14:09:51.336+0000] {client.py:297} ERROR - API request failed: HTTPSConnectionPool(host='trading.vietcap.com.vn', port=443): Max retries exceeded with url: /data-mt/graphql (Caused by NewConnectionError('<urllib3.connection.HTTPSConnection object at 0x7fb133da71d0>: Failed to establish a new connection: [Errno 101] Network is unreachable'))
[2026-03-22T14:09:51.337+0000] {logging_mixin.py:188} INFO -  ❌ [RATIO] Lỗi xử lý mã ABS: API request failed: HTTPSConnectionPool(host='trading.vietcap.com.vn', port=443): Max retries exceeded with url: /data-mt/graphql (Caused by NewConnectionError('<urllib3.connection.HTTPSConnection object at 0x7fb133da71d0>: Failed to establish a new connection: [Errno 101] Network is unreachable'))
[2026-03-22T14:09:51.338+0000] {logging_mixin.py:188} INFO -  ⚠ [RATIO] Batch này không thu được dữ liệu nào.
[2026-03-22T14:09:51.342+0000] {datalake_df2csv.py:58} WARNING - ⚠️  DataFrame rỗng hoặc None
[2026-03-22T14:09:51.342+0000] {datalake_df2csv.py:59} INFO - 📊 Thông tin DataFrame:
[2026-03-22T14:09:51.342+0000] {datalake_df2csv.py:60} INFO -   - Số dòng: 0
[2026-03-22T14:09:51.343+0000] {datalake_df2csv.py:61} INFO -   - Kết luận: Bỏ qua upload CSV
[2026-03-22T14:09:51.343+0000] {datalake_df2csv.py:62} INFO - ================================================================================
[2026-03-22T14:09:51.344+0000] {datalake_df2csv.py:63} INFO - ✅ KẾT THÚC TASK (không có dữ liệu): ingest_financial_ratios
[2026-03-22T14:09:51.345+0000] {datalake_df2csv.py:64} INFO - ================================================================================
[2026-03-22T14:09:51.345+0000] {taskinstance.py:441} INFO - ::group::Post task execution logs
[2026-03-22T14:09:51.356+0000] {taskinstance.py:1206} INFO - Marking task as SUCCESS. dag_id=financial_ratios, task_id=ingest_financial_ratios, run_id=scheduled__2026-03-15T02:00:00+00:00, map_index=712, execution_date=20260315T020000, start_date=20260322T140903, end_date=20260322T140951
[2026-03-22T14:09:51.447+0000] {local_task_job_runner.py:243} INFO - Task exited with return code 0
[2026-03-22T14:09:51.465+0000] {taskinstance.py:3503} INFO - 0 downstream tasks scheduled from follow-on schedule check
[2026-03-22T14:09:51.469+0000] {local_task_job_runner.py:222} INFO - ::endgroup::
