[2026-02-07T01:25:33.309+0000] {local_task_job_runner.py:120} INFO - ::group::Pre task execution logs
[2026-02-07T01:25:33.370+0000] {taskinstance.py:2076} INFO - Dependencies all met for dep_context=non-requeueable deps ti=<TaskInstance: daily_price_minio.ingest_daily_price scheduled__2026-02-05T16:00:00+00:00 map_index=337 [queued]>
[2026-02-07T01:25:33.416+0000] {taskinstance.py:2076} INFO - Dependencies all met for dep_context=requeueable deps ti=<TaskInstance: daily_price_minio.ingest_daily_price scheduled__2026-02-05T16:00:00+00:00 map_index=337 [queued]>
[2026-02-07T01:25:33.416+0000] {taskinstance.py:2306} INFO - Starting attempt 1 of 2
[2026-02-07T01:25:33.435+0000] {taskinstance.py:2330} INFO - Executing <Mapped(DfToCsvOperator): ingest_daily_price> on 2026-02-05 16:00:00+00:00
[2026-02-07T01:25:33.451+0000] {warnings.py:112} WARNING - This process (pid=13080) is multi-threaded, use of fork() may lead to deadlocks in the child.

[2026-02-07T01:25:33.453+0000] {standard_task_runner.py:64} INFO - Started process 13171 to run task
[2026-02-07T01:25:33.456+0000] {standard_task_runner.py:90} INFO - Running: ['***', 'tasks', 'run', 'daily_price_minio', 'ingest_daily_price', 'scheduled__2026-02-05T16:00:00+00:00', '--job-id', '19534', '--raw', '--subdir', 'DAGS_FOLDER/dl_dailly_price.py', '--cfg-path', '/tmp/tmpig67gxfg', '--map-index', '337']
[2026-02-07T01:25:33.460+0000] {standard_task_runner.py:91} INFO - Job 19534: Subtask ingest_daily_price
[2026-02-07T01:25:33.523+0000] {task_command.py:426} INFO - Running <TaskInstance: daily_price_minio.ingest_daily_price scheduled__2026-02-05T16:00:00+00:00 map_index=337 [running]> on host 92ec87cbc427
[2026-02-07T01:25:33.685+0000] {taskinstance.py:2648} INFO - Exporting env vars: AIRFLOW_CTX_DAG_OWNER='***' AIRFLOW_CTX_DAG_ID='daily_price_minio' AIRFLOW_CTX_TASK_ID='ingest_daily_price' AIRFLOW_CTX_EXECUTION_DATE='2026-02-05T16:00:00+00:00' AIRFLOW_CTX_TRY_NUMBER='1' AIRFLOW_CTX_DAG_RUN_ID='scheduled__2026-02-05T16:00:00+00:00'
[2026-02-07T01:25:33.687+0000] {taskinstance.py:430} INFO - ::endgroup::
[2026-02-07T01:25:37.311+0000] {base.py:84} INFO - Using connection ID 'minio_finance' for task execution.
[2026-02-07T01:25:37.334+0000] {connection_wrapper.py:384} INFO - AWS Connection (conn_id='minio_finance', conn_type='aws') credentials retrieved from login and password.
[2026-02-07T01:25:38.394+0000] {datalake_df2csv.py:52} INFO - ✅ Đã upload 15 dòng -> s3://thongtin-congty-va-bctc/daily_price/2026-02-05/batch_337.csv
[2026-02-07T01:25:38.396+0000] {taskinstance.py:441} INFO - ::group::Post task execution logs
[2026-02-07T01:25:38.418+0000] {taskinstance.py:1206} INFO - Marking task as SUCCESS. dag_id=daily_price_minio, task_id=ingest_daily_price, run_id=scheduled__2026-02-05T16:00:00+00:00, map_index=337, execution_date=20260205T160000, start_date=20260207T012533, end_date=20260207T012538
[2026-02-07T01:25:38.513+0000] {local_task_job_runner.py:243} INFO - Task exited with return code 0
[2026-02-07T01:25:38.545+0000] {taskinstance.py:3503} INFO - 0 downstream tasks scheduled from follow-on schedule check
[2026-02-07T01:25:38.560+0000] {local_task_job_runner.py:222} INFO - ::endgroup::
