[2026-03-26T16:03:47.254+0000] {local_task_job_runner.py:120} INFO - ::group::Pre task execution logs
[2026-03-26T16:03:47.291+0000] {taskinstance.py:2076} INFO - Dependencies all met for dep_context=non-requeueable deps ti=<TaskInstance: daily_price.ingest_daily_price scheduled__2026-03-25T16:00:00+00:00 map_index=64 [queued]>
[2026-03-26T16:03:47.320+0000] {taskinstance.py:2076} INFO - Dependencies all met for dep_context=requeueable deps ti=<TaskInstance: daily_price.ingest_daily_price scheduled__2026-03-25T16:00:00+00:00 map_index=64 [queued]>
[2026-03-26T16:03:47.321+0000] {taskinstance.py:2306} INFO - Starting attempt 1 of 2
[2026-03-26T16:03:47.347+0000] {taskinstance.py:2330} INFO - Executing <Mapped(DfToCsvOperator): ingest_daily_price> on 2026-03-25 16:00:00+00:00
[2026-03-26T16:03:47.362+0000] {warnings.py:112} WARNING - This process (pid=5839) is multi-threaded, use of fork() may lead to deadlocks in the child.

[2026-03-26T16:03:47.364+0000] {standard_task_runner.py:64} INFO - Started process 5863 to run task
[2026-03-26T16:03:47.369+0000] {standard_task_runner.py:90} INFO - Running: ['***', 'tasks', 'run', 'daily_price', 'ingest_daily_price', 'scheduled__2026-03-25T16:00:00+00:00', '--job-id', '36838', '--raw', '--subdir', 'DAGS_FOLDER/dl_dailly_price.py', '--cfg-path', '/tmp/tmpko20b7s3', '--map-index', '64']
[2026-03-26T16:03:47.375+0000] {standard_task_runner.py:91} INFO - Job 36838: Subtask ingest_daily_price
[2026-03-26T16:03:47.475+0000] {task_command.py:426} INFO - Running <TaskInstance: daily_price.ingest_daily_price scheduled__2026-03-25T16:00:00+00:00 map_index=64 [running]> on host 82e6e174d562
[2026-03-26T16:03:47.681+0000] {taskinstance.py:2648} INFO - Exporting env vars: AIRFLOW_CTX_DAG_OWNER='***' AIRFLOW_CTX_DAG_ID='daily_price' AIRFLOW_CTX_TASK_ID='ingest_daily_price' AIRFLOW_CTX_EXECUTION_DATE='2026-03-25T16:00:00+00:00' AIRFLOW_CTX_TRY_NUMBER='1' AIRFLOW_CTX_DAG_RUN_ID='scheduled__2026-03-25T16:00:00+00:00'
[2026-03-26T16:03:47.683+0000] {taskinstance.py:430} INFO - ::endgroup::
[2026-03-26T16:03:47.684+0000] {datalake_df2csv.py:40} INFO - ================================================================================
[2026-03-26T16:03:47.684+0000] {datalake_df2csv.py:41} INFO - 🚀 BẮT ĐẦU TASK: ingest_daily_price
[2026-03-26T16:03:47.685+0000] {datalake_df2csv.py:42} INFO - ================================================================================
[2026-03-26T16:03:47.685+0000] {datalake_df2csv.py:43} INFO - 📋 Thông tin cấu hình:
[2026-03-26T16:03:47.686+0000] {datalake_df2csv.py:44} INFO -   - Logic file: history_price
[2026-03-26T16:03:47.687+0000] {datalake_df2csv.py:45} INFO -   - DataFrame name: get_history_price_batch
[2026-03-26T16:03:47.688+0000] {datalake_df2csv.py:46} INFO -   - Bucket: thongtin-congty-va-bctc
[2026-03-26T16:03:47.689+0000] {datalake_df2csv.py:47} INFO -   - Object path: daily_price/2026-03-25/batch_64.csv
[2026-03-26T16:03:47.690+0000] {datalake_df2csv.py:48} INFO -   - Connection ID: minio_finance
[2026-03-26T16:03:47.690+0000] {datalake_df2csv.py:49} INFO -   - Tham số truyền vào: {'symbols': ['GTS', 'NLS', 'PGB', 'OCH', 'DXV'], 'start_date': '2026-03-25', 'end_date': '2026-03-26'}
[2026-03-26T16:03:47.691+0000] {datalake_df2csv.py:50} INFO - --------------------------------------------------------------------------------
[2026-03-26T16:03:47.692+0000] {datalake_df2csv.py:54} INFO - 📥 Bước 1: Đang load dữ liệu từ logic file...
[2026-03-26T16:03:47.703+0000] {datalake_df2csv.py:148} INFO -   - Logic directory: /opt/airflow/plugins/logic
[2026-03-26T16:03:47.704+0000] {datalake_df2csv.py:149} INFO -   - Module path: /opt/airflow/plugins/logic/history_price.py
[2026-03-26T16:03:47.705+0000] {datalake_df2csv.py:153} INFO -   - Đã thêm logic directory vào sys.path
[2026-03-26T16:03:47.707+0000] {datalake_df2csv.py:159} INFO -   - Đang load module 'history_price'...
[2026-03-26T16:03:47.715+0000] {datalake_df2csv.py:163} INFO -   - ✅ Module loaded thành công
[2026-03-26T16:03:47.717+0000] {datalake_df2csv.py:165} INFO -   - Đang tìm DataFrame/function: 'get_history_price_batch'...
[2026-03-26T16:03:47.718+0000] {datalake_df2csv.py:170} INFO -   - ✅ Tìm thấy object: function
[2026-03-26T16:03:47.719+0000] {datalake_df2csv.py:173} INFO -   - Đang gọi function với tham số: {'symbols': ['GTS', 'NLS', 'PGB', 'OCH', 'DXV'], 'start_date': '2026-03-25', 'end_date': '2026-03-26'}
[2026-03-26T16:04:04.233+0000] {datalake_df2csv.py:68} INFO - ✅ Load dữ liệu thành công!
[2026-03-26T16:04:04.235+0000] {datalake_df2csv.py:69} INFO - 📊 Thông tin DataFrame:
[2026-03-26T16:04:04.235+0000] {datalake_df2csv.py:70} INFO -   - Số dòng: 20
[2026-03-26T16:04:04.237+0000] {datalake_df2csv.py:71} INFO -   - Số cột: 7
[2026-03-26T16:04:04.238+0000] {datalake_df2csv.py:72} INFO -   - Tên các cột: ['ticker', 'trading_date', 'open', 'high', 'low', 'close', 'volume']
[2026-03-26T16:04:04.240+0000] {datalake_df2csv.py:73} INFO -   - Kiểu dữ liệu: {'ticker': 'object', 'trading_date': 'object', 'open': 'float64', 'high': 'float64', 'low': 'float64', 'close': 'float64', 'volume': 'int64'}
[2026-03-26T16:04:04.245+0000] {datalake_df2csv.py:74} INFO -   - Bộ nhớ sử dụng: 0.00 MB
[2026-03-26T16:04:04.253+0000] {datalake_df2csv.py:83} INFO -   - Không có giá trị NULL
[2026-03-26T16:04:04.256+0000] {datalake_df2csv.py:86} INFO -   - Mẫu dữ liệu (5 dòng đầu):
[2026-03-26T16:04:04.260+0000] {datalake_df2csv.py:88} INFO -     Row 0: {'ticker': 'GTS', 'trading_date': '2026-03-03', 'open': 11.0, 'high': 11.0, 'low': 11.0, 'close': 11.0, 'volume': 100}
[2026-03-26T16:04:04.263+0000] {datalake_df2csv.py:88} INFO -     Row 1: {'ticker': 'GTS', 'trading_date': '2026-03-09', 'open': 10.5, 'high': 10.6, 'low': 10.5, 'close': 10.6, 'volume': 1700}
[2026-03-26T16:04:04.264+0000] {datalake_df2csv.py:88} INFO -     Row 2: {'ticker': 'GTS', 'trading_date': '2026-03-16', 'open': 9.4, 'high': 9.4, 'low': 9.4, 'close': 9.4, 'volume': 100}
[2026-03-26T16:04:04.265+0000] {datalake_df2csv.py:88} INFO -     Row 3: {'ticker': 'GTS', 'trading_date': '2026-03-23', 'open': 10.6, 'high': 10.8, 'low': 10.6, 'close': 10.8, 'volume': 1300}
[2026-03-26T16:04:04.267+0000] {datalake_df2csv.py:88} INFO -     Row 4: {'ticker': 'NLS', 'trading_date': '2025-06-16', 'open': 3.5, 'high': 3.5, 'low': 3.5, 'close': 3.5, 'volume': 0}
[2026-03-26T16:04:04.268+0000] {datalake_df2csv.py:90} INFO - --------------------------------------------------------------------------------
[2026-03-26T16:04:04.269+0000] {datalake_df2csv.py:93} INFO - 📝 Bước 2: Đang chuyển đổi DataFrame sang CSV...
[2026-03-26T16:04:04.284+0000] {datalake_df2csv.py:97} INFO - ✅ Chuyển đổi CSV thành công!
[2026-03-26T16:04:04.285+0000] {datalake_df2csv.py:98} INFO -   - Kích thước file: 0.00 MB
[2026-03-26T16:04:04.286+0000] {datalake_df2csv.py:99} INFO -   - Thời gian chuyển đổi: 0.01 giây
[2026-03-26T16:04:04.287+0000] {datalake_df2csv.py:100} INFO - --------------------------------------------------------------------------------
[2026-03-26T16:04:04.289+0000] {datalake_df2csv.py:103} INFO - ☁️  Bước 3: Đang upload lên MinIO/S3...
[2026-03-26T16:04:04.316+0000] {base.py:84} INFO - Using connection ID 'minio_finance' for task execution.
[2026-03-26T16:04:04.318+0000] {connection_wrapper.py:384} INFO - AWS Connection (conn_id='minio_finance', conn_type='aws') credentials retrieved from login and password.
[2026-03-26T16:04:05.395+0000] {datalake_df2csv.py:112} INFO -   - Bucket 'thongtin-congty-va-bctc' đã tồn tại
[2026-03-26T16:04:05.478+0000] {datalake_df2csv.py:117} INFO - ✅ Upload thành công!
[2026-03-26T16:04:05.480+0000] {datalake_df2csv.py:118} INFO -   - Đường dẫn: s3://thongtin-congty-va-bctc/daily_price/2026-03-25/batch_64.csv
[2026-03-26T16:04:05.486+0000] {datalake_df2csv.py:119} INFO -   - Số dòng: 20
[2026-03-26T16:04:05.492+0000] {datalake_df2csv.py:120} INFO -   - Thời gian upload: 1.19 giây
[2026-03-26T16:04:05.495+0000] {datalake_df2csv.py:121} INFO - --------------------------------------------------------------------------------
[2026-03-26T16:04:05.496+0000] {datalake_df2csv.py:125} INFO - 📈 TỔNG KẾT:
[2026-03-26T16:04:05.497+0000] {datalake_df2csv.py:126} INFO -   - Tổng thời gian thực thi: 17.81 giây
[2026-03-26T16:04:05.498+0000] {datalake_df2csv.py:127} INFO -   - Tốc độ xử lý: 1 dòng/giây
[2026-03-26T16:04:05.501+0000] {datalake_df2csv.py:128} INFO - ================================================================================
[2026-03-26T16:04:05.506+0000] {datalake_df2csv.py:129} INFO - ✅ HOÀN THÀNH TASK: ingest_daily_price
[2026-03-26T16:04:05.510+0000] {datalake_df2csv.py:130} INFO - ================================================================================
[2026-03-26T16:04:05.515+0000] {taskinstance.py:441} INFO - ::group::Post task execution logs
[2026-03-26T16:04:05.556+0000] {taskinstance.py:1206} INFO - Marking task as SUCCESS. dag_id=daily_price, task_id=ingest_daily_price, run_id=scheduled__2026-03-25T16:00:00+00:00, map_index=64, execution_date=20260325T160000, start_date=20260326T160347, end_date=20260326T160405
[2026-03-26T16:04:05.642+0000] {local_task_job_runner.py:243} INFO - Task exited with return code 0
[2026-03-26T16:04:05.708+0000] {taskinstance.py:3503} INFO - 0 downstream tasks scheduled from follow-on schedule check
[2026-03-26T16:04:05.727+0000] {local_task_job_runner.py:222} INFO - ::endgroup::
