[2026-04-01T13:25:24.942+0000] {local_task_job_runner.py:120} INFO - ::group::Pre task execution logs
[2026-04-01T13:25:24.967+0000] {taskinstance.py:2076} INFO - Dependencies all met for dep_context=non-requeueable deps ti=<TaskInstance: electric_board_daily.ingest_electric_board scheduled__2026-03-30T16:00:00+00:00 map_index=13 [queued]>
[2026-04-01T13:25:24.979+0000] {taskinstance.py:2076} INFO - Dependencies all met for dep_context=requeueable deps ti=<TaskInstance: electric_board_daily.ingest_electric_board scheduled__2026-03-30T16:00:00+00:00 map_index=13 [queued]>
[2026-04-01T13:25:24.979+0000] {taskinstance.py:2306} INFO - Starting attempt 1 of 3
[2026-04-01T13:25:24.998+0000] {taskinstance.py:2330} INFO - Executing <Mapped(DfToCsvOperator): ingest_electric_board> on 2026-03-30 16:00:00+00:00
[2026-04-01T13:25:25.009+0000] {warnings.py:112} WARNING - This process (pid=438) is multi-threaded, use of fork() may lead to deadlocks in the child.

[2026-04-01T13:25:25.010+0000] {standard_task_runner.py:64} INFO - Started process 482 to run task
[2026-04-01T13:25:25.013+0000] {standard_task_runner.py:90} INFO - Running: ['***', 'tasks', 'run', 'electric_board_daily', 'ingest_electric_board', 'scheduled__2026-03-30T16:00:00+00:00', '--job-id', '37555', '--raw', '--subdir', 'DAGS_FOLDER/dl_electric_board.py', '--cfg-path', '/tmp/tmppw_f53u_', '--map-index', '13']
[2026-04-01T13:25:25.017+0000] {standard_task_runner.py:91} INFO - Job 37555: Subtask ingest_electric_board
[2026-04-01T13:25:25.067+0000] {task_command.py:426} INFO - Running <TaskInstance: electric_board_daily.ingest_electric_board scheduled__2026-03-30T16:00:00+00:00 map_index=13 [running]> on host c61b60073447
[2026-04-01T13:25:25.191+0000] {taskinstance.py:2648} INFO - Exporting env vars: AIRFLOW_CTX_DAG_OWNER='***' AIRFLOW_CTX_DAG_ID='electric_board_daily' AIRFLOW_CTX_TASK_ID='ingest_electric_board' AIRFLOW_CTX_EXECUTION_DATE='2026-03-30T16:00:00+00:00' AIRFLOW_CTX_TRY_NUMBER='1' AIRFLOW_CTX_DAG_RUN_ID='scheduled__2026-03-30T16:00:00+00:00'
[2026-04-01T13:25:25.192+0000] {taskinstance.py:430} INFO - ::endgroup::
[2026-04-01T13:25:25.193+0000] {datalake_df2csv.py:40} INFO - ================================================================================
[2026-04-01T13:25:25.193+0000] {datalake_df2csv.py:41} INFO - 🚀 BẮT ĐẦU TASK: ingest_electric_board
[2026-04-01T13:25:25.194+0000] {datalake_df2csv.py:42} INFO - ================================================================================
[2026-04-01T13:25:25.194+0000] {datalake_df2csv.py:43} INFO - 📋 Thông tin cấu hình:
[2026-04-01T13:25:25.195+0000] {datalake_df2csv.py:44} INFO -   - Logic file: electric_board
[2026-04-01T13:25:25.195+0000] {datalake_df2csv.py:45} INFO -   - DataFrame name: get_price_board_batch
[2026-04-01T13:25:25.195+0000] {datalake_df2csv.py:46} INFO -   - Bucket: thongtin-congty-va-bctc
[2026-04-01T13:25:25.196+0000] {datalake_df2csv.py:47} INFO -   - Object path: electric_board_per_day/2026-03-30/batch_13.csv
[2026-04-01T13:25:25.196+0000] {datalake_df2csv.py:48} INFO -   - Connection ID: minio_finance
[2026-04-01T13:25:25.196+0000] {datalake_df2csv.py:49} INFO -   - Tham số truyền vào: {'symbols': ['SIP', 'PTX', 'BVN', 'YBM', 'FTS', 'VIE', 'DDG', 'WTC', 'MCC', 'MVN', 'VEF', 'HLD', 'TV3', 'VXB', 'LMC', 'LBE', 'DUS', 'TB8', 'PNC', 'CLW', 'RGG', 'SMT', 'HHG', 'PCT', 'TKU', 'IFS', 'PX1', 'QNS', 'KMT', 'PVY', 'BGE', 'ACB', 'DNH', 'MH3', 'NBB', 'GTA', 'SFI', 'PAI', 'DBM', 'MED', 'FOC', 'AFX', 'HD6', 'VSN', 'TV1', 'BBT', 'CI5', 'VEC', 'BCP', 'USD'], 'trading_date': '2026-03-30'}
[2026-04-01T13:25:25.197+0000] {datalake_df2csv.py:50} INFO - --------------------------------------------------------------------------------
[2026-04-01T13:25:25.198+0000] {datalake_df2csv.py:54} INFO - 📥 Bước 1: Đang load dữ liệu từ logic file...
[2026-04-01T13:25:25.201+0000] {datalake_df2csv.py:148} INFO -   - Logic directory: /opt/airflow/plugins/logic
[2026-04-01T13:25:25.202+0000] {datalake_df2csv.py:149} INFO -   - Module path: /opt/airflow/plugins/logic/electric_board.py
[2026-04-01T13:25:25.203+0000] {datalake_df2csv.py:153} INFO -   - Đã thêm logic directory vào sys.path
[2026-04-01T13:25:25.204+0000] {datalake_df2csv.py:159} INFO -   - Đang load module 'electric_board'...
[2026-04-01T13:25:25.207+0000] {datalake_df2csv.py:163} INFO -   - ✅ Module loaded thành công
[2026-04-01T13:25:25.207+0000] {datalake_df2csv.py:165} INFO -   - Đang tìm DataFrame/function: 'get_price_board_batch'...
[2026-04-01T13:25:25.208+0000] {datalake_df2csv.py:170} INFO -   - ✅ Tìm thấy object: function
[2026-04-01T13:25:25.208+0000] {datalake_df2csv.py:173} INFO -   - Đang gọi function với tham số: {'symbols': ['SIP', 'PTX', 'BVN', 'YBM', 'FTS', 'VIE', 'DDG', 'WTC', 'MCC', 'MVN', 'VEF', 'HLD', 'TV3', 'VXB', 'LMC', 'LBE', 'DUS', 'TB8', 'PNC', 'CLW', 'RGG', 'SMT', 'HHG', 'PCT', 'TKU', 'IFS', 'PX1', 'QNS', 'KMT', 'PVY', 'BGE', 'ACB', 'DNH', 'MH3', 'NBB', 'GTA', 'SFI', 'PAI', 'DBM', 'MED', 'FOC', 'AFX', 'HD6', 'VSN', 'TV1', 'BBT', 'CI5', 'VEC', 'BCP', 'USD'], 'trading_date': '2026-03-30'}
[2026-04-01T13:25:25.209+0000] {logging_mixin.py:188} INFO - [ELECTRIC_BOARD] Fetching price board for 50 symbols: ['SIP', 'PTX', 'BVN', 'YBM', 'FTS']...
[2026-04-01T13:25:30.069+0000] {logging_mixin.py:188} INFO - [ELECTRIC_BOARD] ✅ Fetched 50 rows, 1 columns
[2026-04-01T13:25:30.070+0000] {datalake_df2csv.py:68} INFO - ✅ Load dữ liệu thành công!
[2026-04-01T13:25:30.071+0000] {datalake_df2csv.py:69} INFO - 📊 Thông tin DataFrame:
[2026-04-01T13:25:30.072+0000] {datalake_df2csv.py:70} INFO -   - Số dòng: 50
[2026-04-01T13:25:30.076+0000] {datalake_df2csv.py:71} INFO -   - Số cột: 1
[2026-04-01T13:25:30.077+0000] {datalake_df2csv.py:72} INFO -   - Tên các cột: ['trading_date']
[2026-04-01T13:25:30.078+0000] {datalake_df2csv.py:73} INFO -   - Kiểu dữ liệu: {'trading_date': 'object'}
[2026-04-01T13:25:30.083+0000] {datalake_df2csv.py:74} INFO -   - Bộ nhớ sử dụng: 0.00 MB
[2026-04-01T13:25:30.086+0000] {datalake_df2csv.py:83} INFO -   - Không có giá trị NULL
[2026-04-01T13:25:30.086+0000] {datalake_df2csv.py:86} INFO -   - Mẫu dữ liệu (5 dòng đầu):
[2026-04-01T13:25:30.087+0000] {datalake_df2csv.py:88} INFO -     Row 0: {'trading_date': '2026-03-30'}
[2026-04-01T13:25:30.088+0000] {datalake_df2csv.py:88} INFO -     Row 1: {'trading_date': '2026-03-30'}
[2026-04-01T13:25:30.090+0000] {datalake_df2csv.py:88} INFO -     Row 2: {'trading_date': '2026-03-30'}
[2026-04-01T13:25:30.091+0000] {datalake_df2csv.py:88} INFO -     Row 3: {'trading_date': '2026-03-30'}
[2026-04-01T13:25:30.092+0000] {datalake_df2csv.py:88} INFO -     Row 4: {'trading_date': '2026-03-30'}
[2026-04-01T13:25:30.095+0000] {datalake_df2csv.py:90} INFO - --------------------------------------------------------------------------------
[2026-04-01T13:25:30.098+0000] {datalake_df2csv.py:93} INFO - 📝 Bước 2: Đang chuyển đổi DataFrame sang CSV...
[2026-04-01T13:25:30.104+0000] {datalake_df2csv.py:97} INFO - ✅ Chuyển đổi CSV thành công!
[2026-04-01T13:25:30.105+0000] {datalake_df2csv.py:98} INFO -   - Kích thước file: 0.00 MB
[2026-04-01T13:25:30.106+0000] {datalake_df2csv.py:99} INFO -   - Thời gian chuyển đổi: 0.00 giây
[2026-04-01T13:25:30.107+0000] {datalake_df2csv.py:100} INFO - --------------------------------------------------------------------------------
[2026-04-01T13:25:30.107+0000] {datalake_df2csv.py:103} INFO - ☁️  Bước 3: Đang upload lên MinIO/S3...
[2026-04-01T13:25:30.122+0000] {base.py:84} INFO - Using connection ID 'minio_finance' for task execution.
[2026-04-01T13:25:30.123+0000] {connection_wrapper.py:384} INFO - AWS Connection (conn_id='minio_finance', conn_type='aws') credentials retrieved from login and password.
[2026-04-01T13:25:30.960+0000] {datalake_df2csv.py:112} INFO -   - Bucket 'thongtin-congty-va-bctc' đã tồn tại
[2026-04-01T13:25:31.032+0000] {datalake_df2csv.py:117} INFO - ✅ Upload thành công!
[2026-04-01T13:25:31.032+0000] {datalake_df2csv.py:118} INFO -   - Đường dẫn: s3://thongtin-congty-va-bctc/electric_board_per_day/2026-03-30/batch_13.csv
[2026-04-01T13:25:31.034+0000] {datalake_df2csv.py:119} INFO -   - Số dòng: 50
[2026-04-01T13:25:31.035+0000] {datalake_df2csv.py:120} INFO -   - Thời gian upload: 0.92 giây
[2026-04-01T13:25:31.035+0000] {datalake_df2csv.py:121} INFO - --------------------------------------------------------------------------------
[2026-04-01T13:25:31.036+0000] {datalake_df2csv.py:125} INFO - 📈 TỔNG KẾT:
[2026-04-01T13:25:31.037+0000] {datalake_df2csv.py:126} INFO -   - Tổng thời gian thực thi: 5.84 giây
[2026-04-01T13:25:31.039+0000] {datalake_df2csv.py:127} INFO -   - Tốc độ xử lý: 9 dòng/giây
[2026-04-01T13:25:31.040+0000] {datalake_df2csv.py:128} INFO - ================================================================================
[2026-04-01T13:25:31.040+0000] {datalake_df2csv.py:129} INFO - ✅ HOÀN THÀNH TASK: ingest_electric_board
[2026-04-01T13:25:31.041+0000] {datalake_df2csv.py:130} INFO - ================================================================================
[2026-04-01T13:25:31.042+0000] {taskinstance.py:441} INFO - ::group::Post task execution logs
[2026-04-01T13:25:31.057+0000] {taskinstance.py:1206} INFO - Marking task as SUCCESS. dag_id=electric_board_daily, task_id=ingest_electric_board, run_id=scheduled__2026-03-30T16:00:00+00:00, map_index=13, execution_date=20260330T160000, start_date=20260401T132524, end_date=20260401T132531
[2026-04-01T13:25:31.161+0000] {local_task_job_runner.py:243} INFO - Task exited with return code 0
[2026-04-01T13:25:31.192+0000] {taskinstance.py:3503} INFO - 0 downstream tasks scheduled from follow-on schedule check
[2026-04-01T13:25:31.197+0000] {local_task_job_runner.py:222} INFO - ::endgroup::
