[2026-01-22T14:34:24.802+0000] {local_task_job_runner.py:120} INFO - ::group::Pre task execution logs
[2026-01-22T14:34:24.907+0000] {taskinstance.py:2076} INFO - Dependencies all met for dep_context=non-requeueable deps ti=<TaskInstance: financial_ratios_etl.ingest_financial_ratios manual__2026-01-19T13:56:35+00:00 map_index=469 [queued]>
[2026-01-22T14:34:24.975+0000] {taskinstance.py:2076} INFO - Dependencies all met for dep_context=requeueable deps ti=<TaskInstance: financial_ratios_etl.ingest_financial_ratios manual__2026-01-19T13:56:35+00:00 map_index=469 [queued]>
[2026-01-22T14:34:24.976+0000] {taskinstance.py:2306} INFO - Starting attempt 1 of 2
[2026-01-22T14:34:25.008+0000] {taskinstance.py:2330} INFO - Executing <Mapped(DfToCsvOperator): ingest_financial_ratios> on 2026-01-19 13:56:35+00:00
[2026-01-22T14:34:25.029+0000] {warnings.py:112} WARNING - This process (pid=10785) is multi-threaded, use of fork() may lead to deadlocks in the child.

[2026-01-22T14:34:25.032+0000] {standard_task_runner.py:64} INFO - Started process 10874 to run task
[2026-01-22T14:34:25.034+0000] {standard_task_runner.py:90} INFO - Running: ['***', 'tasks', 'run', 'financial_ratios_etl', 'ingest_financial_ratios', 'manual__2026-01-19T13:56:35+00:00', '--job-id', '4678', '--raw', '--subdir', 'DAGS_FOLDER/financial_ratios_etl.py', '--cfg-path', '/tmp/tmpmvhpqyxp', '--map-index', '469']
[2026-01-22T14:34:25.040+0000] {standard_task_runner.py:91} INFO - Job 4678: Subtask ingest_financial_ratios
[2026-01-22T14:34:25.131+0000] {task_command.py:426} INFO - Running <TaskInstance: financial_ratios_etl.ingest_financial_ratios manual__2026-01-19T13:56:35+00:00 map_index=469 [running]> on host 4da96d4d1b09
[2026-01-22T14:34:25.313+0000] {taskinstance.py:2648} INFO - Exporting env vars: AIRFLOW_CTX_DAG_OWNER='***' AIRFLOW_CTX_DAG_ID='financial_ratios_etl' AIRFLOW_CTX_TASK_ID='ingest_financial_ratios' AIRFLOW_CTX_EXECUTION_DATE='2026-01-19T13:56:35+00:00' AIRFLOW_CTX_TRY_NUMBER='1' AIRFLOW_CTX_DAG_RUN_ID='manual__2026-01-19T13:56:35+00:00'
[2026-01-22T14:34:25.314+0000] {taskinstance.py:430} INFO - ::endgroup::
[2026-01-22T14:34:25.323+0000] {logging_mixin.py:188} INFO - [RATIO] Bắt đầu xử lý batch 2 mã: ['LBM', 'LBE']
[2026-01-22T14:34:25.324+0000] {logging_mixin.py:188} INFO - [RATIO] Kỳ dữ liệu: quarter
[2026-01-22T14:34:25.325+0000] {logging_mixin.py:188} INFO -  >> [RATIO] Đang lấy dữ liệu: LBM
[2026-01-22T14:34:26.137+0000] {logging_mixin.py:188} INFO -  ✓ [RATIO] LBM: 52 rows
[2026-01-22T14:34:28.138+0000] {logging_mixin.py:188} INFO -  >> [RATIO] Đang lấy dữ liệu: LBE
[2026-01-22T14:34:30.700+0000] {logging_mixin.py:188} INFO -  ✓ [RATIO] LBE: 52 rows
[2026-01-22T14:34:32.702+0000] {logging_mixin.py:188} INFO -  ✅ [RATIO] Hoàn thành batch. Tổng số dòng: 104
[2026-01-22T14:34:32.731+0000] {base.py:84} INFO - Using connection ID 'minio_finance' for task execution.
[2026-01-22T14:34:32.736+0000] {connection_wrapper.py:384} INFO - AWS Connection (conn_id='minio_finance', conn_type='aws') credentials retrieved from login and password.
[2026-01-22T14:34:33.840+0000] {datalake_df2csv.py:52} INFO - ✅ Đã upload 104 dòng -> s3://thongtin-congty-va-bctc/financial_ratios/2026-01-19/batch_469.csv
[2026-01-22T14:34:33.841+0000] {taskinstance.py:441} INFO - ::group::Post task execution logs
[2026-01-22T14:34:33.855+0000] {taskinstance.py:1206} INFO - Marking task as SUCCESS. dag_id=financial_ratios_etl, task_id=ingest_financial_ratios, run_id=manual__2026-01-19T13:56:35+00:00, map_index=469, execution_date=20260119T135635, start_date=20260122T143424, end_date=20260122T143433
[2026-01-22T14:34:33.909+0000] {local_task_job_runner.py:243} INFO - Task exited with return code 0
[2026-01-22T14:34:33.930+0000] {taskinstance.py:3503} INFO - 0 downstream tasks scheduled from follow-on schedule check
[2026-01-22T14:34:33.934+0000] {local_task_job_runner.py:222} INFO - ::endgroup::
