[2026-01-18T03:37:04.129+0000] {local_task_job_runner.py:120} INFO - ::group::Pre task execution logs
[2026-01-18T03:37:04.153+0000] {taskinstance.py:2076} INFO - Dependencies all met for dep_context=non-requeueable deps ti=<TaskInstance: financial_ratios_etl.ingest_financial_ratios scheduled__2026-01-11T02:00:00+00:00 map_index=89 [queued]>
[2026-01-18T03:37:04.170+0000] {taskinstance.py:2076} INFO - Dependencies all met for dep_context=requeueable deps ti=<TaskInstance: financial_ratios_etl.ingest_financial_ratios scheduled__2026-01-11T02:00:00+00:00 map_index=89 [queued]>
[2026-01-18T03:37:04.170+0000] {taskinstance.py:2306} INFO - Starting attempt 1 of 2
[2026-01-18T03:37:04.184+0000] {taskinstance.py:2330} INFO - Executing <Mapped(DfToCsvOperator): ingest_financial_ratios> on 2026-01-11 02:00:00+00:00
[2026-01-18T03:37:04.194+0000] {warnings.py:112} WARNING - This process (pid=6111) is multi-threaded, use of fork() may lead to deadlocks in the child.

[2026-01-18T03:37:04.196+0000] {standard_task_runner.py:64} INFO - Started process 6158 to run task
[2026-01-18T03:37:04.198+0000] {standard_task_runner.py:90} INFO - Running: ['***', 'tasks', 'run', 'financial_ratios_etl', 'ingest_financial_ratios', 'scheduled__2026-01-11T02:00:00+00:00', '--job-id', '1929', '--raw', '--subdir', 'DAGS_FOLDER/financial_ratios_etl.py', '--cfg-path', '/tmp/tmpsabqwm72', '--map-index', '89']
[2026-01-18T03:37:04.202+0000] {standard_task_runner.py:91} INFO - Job 1929: Subtask ingest_financial_ratios
[2026-01-18T03:37:04.251+0000] {task_command.py:426} INFO - Running <TaskInstance: financial_ratios_etl.ingest_financial_ratios scheduled__2026-01-11T02:00:00+00:00 map_index=89 [running]> on host 5ae19da926ef
[2026-01-18T03:37:04.361+0000] {taskinstance.py:2648} INFO - Exporting env vars: AIRFLOW_CTX_DAG_OWNER='***' AIRFLOW_CTX_DAG_ID='financial_ratios_etl' AIRFLOW_CTX_TASK_ID='ingest_financial_ratios' AIRFLOW_CTX_EXECUTION_DATE='2026-01-11T02:00:00+00:00' AIRFLOW_CTX_TRY_NUMBER='1' AIRFLOW_CTX_DAG_RUN_ID='scheduled__2026-01-11T02:00:00+00:00'
[2026-01-18T03:37:04.362+0000] {taskinstance.py:430} INFO - ::endgroup::
[2026-01-18T03:37:04.370+0000] {logging_mixin.py:188} INFO - [RATIO] Bắt đầu xử lý batch 2 mã: ['VCI', 'VCG']
[2026-01-18T03:37:04.370+0000] {logging_mixin.py:188} INFO - [RATIO] Kỳ dữ liệu: quarter
[2026-01-18T03:37:04.371+0000] {logging_mixin.py:188} INFO -  >> [RATIO] Đang lấy dữ liệu: VCI
[2026-01-18T03:37:05.901+0000] {logging_mixin.py:188} INFO -  ✓ [RATIO] VCI: 51 rows
[2026-01-18T03:37:07.902+0000] {logging_mixin.py:188} INFO -  >> [RATIO] Đang lấy dữ liệu: VCG
[2026-01-18T03:37:09.173+0000] {logging_mixin.py:188} INFO -  ✓ [RATIO] VCG: 53 rows
[2026-01-18T03:37:11.178+0000] {logging_mixin.py:188} INFO -  ✅ [RATIO] Hoàn thành batch. Tổng số dòng: 104
[2026-01-18T03:37:11.197+0000] {base.py:84} INFO - Using connection ID 'minio_finance' for task execution.
[2026-01-18T03:37:11.198+0000] {connection_wrapper.py:384} INFO - AWS Connection (conn_id='minio_finance', conn_type='aws') credentials retrieved from login and password.
[2026-01-18T03:37:11.766+0000] {datalake_df2csv.py:52} INFO - ✅ Đã upload 104 dòng -> s3://thongtin-congty-va-bctc/financial_ratios/2026-01-11/batch_89.csv
[2026-01-18T03:37:11.768+0000] {taskinstance.py:441} INFO - ::group::Post task execution logs
[2026-01-18T03:37:11.780+0000] {taskinstance.py:1206} INFO - Marking task as SUCCESS. dag_id=financial_ratios_etl, task_id=ingest_financial_ratios, run_id=scheduled__2026-01-11T02:00:00+00:00, map_index=89, execution_date=20260111T020000, start_date=20260118T033704, end_date=20260118T033711
[2026-01-18T03:37:11.842+0000] {local_task_job_runner.py:243} INFO - Task exited with return code 0
[2026-01-18T03:37:11.861+0000] {taskinstance.py:3503} INFO - 0 downstream tasks scheduled from follow-on schedule check
[2026-01-18T03:37:11.864+0000] {local_task_job_runner.py:222} INFO - ::endgroup::
