[2026-02-19T08:47:04.938+0000] {local_task_job_runner.py:120} INFO - ::group::Pre task execution logs
[2026-02-19T08:47:04.976+0000] {taskinstance.py:2076} INFO - Dependencies all met for dep_context=non-requeueable deps ti=<TaskInstance: minio_to_db_sync.sync_people manual__2026-02-19T08:46:57+00:00 [queued]>
[2026-02-19T08:47:04.999+0000] {taskinstance.py:2076} INFO - Dependencies all met for dep_context=requeueable deps ti=<TaskInstance: minio_to_db_sync.sync_people manual__2026-02-19T08:46:57+00:00 [queued]>
[2026-02-19T08:47:05.001+0000] {taskinstance.py:2306} INFO - Starting attempt 1 of 3
[2026-02-19T08:47:05.049+0000] {taskinstance.py:2330} INFO - Executing <Task(_PythonDecoratedOperator): sync_people> on 2026-02-19 08:46:57+00:00
[2026-02-19T08:47:05.070+0000] {warnings.py:112} WARNING - This process (pid=801) is multi-threaded, use of fork() may lead to deadlocks in the child.

[2026-02-19T08:47:05.075+0000] {standard_task_runner.py:64} INFO - Started process 817 to run task
[2026-02-19T08:47:05.083+0000] {standard_task_runner.py:90} INFO - Running: ['***', 'tasks', 'run', 'minio_to_db_sync', 'sync_people', 'manual__2026-02-19T08:46:57+00:00', '--job-id', '22469', '--raw', '--subdir', 'DAGS_FOLDER/minio_to_db_sync.py', '--cfg-path', '/tmp/tmp0ci5gzcc']
[2026-02-19T08:47:05.090+0000] {standard_task_runner.py:91} INFO - Job 22469: Subtask sync_people
[2026-02-19T08:47:05.190+0000] {task_command.py:426} INFO - Running <TaskInstance: minio_to_db_sync.sync_people manual__2026-02-19T08:46:57+00:00 [running]> on host ce3ec83b0f12
[2026-02-19T08:47:05.431+0000] {taskinstance.py:2648} INFO - Exporting env vars: AIRFLOW_CTX_DAG_OWNER='***' AIRFLOW_CTX_DAG_ID='minio_to_db_sync' AIRFLOW_CTX_TASK_ID='sync_people' AIRFLOW_CTX_EXECUTION_DATE='2026-02-19T08:46:57+00:00' AIRFLOW_CTX_TRY_NUMBER='1' AIRFLOW_CTX_DAG_RUN_ID='manual__2026-02-19T08:46:57+00:00'
[2026-02-19T08:47:05.438+0000] {taskinstance.py:430} INFO - ::endgroup::
[2026-02-19T08:47:05.472+0000] {logging_mixin.py:188} INFO - ======================================================================
[2026-02-19T08:47:05.472+0000] {logging_mixin.py:188} INFO - 📊 SYNC COMPANY PEOPLE/OWNER TO DATABASE
[2026-02-19T08:47:05.475+0000] {logging_mixin.py:188} INFO - ======================================================================
[2026-02-19T08:47:05.478+0000] {logging_mixin.py:188} INFO - 
[1/4] Finding latest partition...
[2026-02-19T08:47:05.505+0000] {base.py:84} INFO - Using connection ID 'minio_finance' for task execution.
[2026-02-19T08:47:05.507+0000] {connection_wrapper.py:384} INFO - AWS Connection (conn_id='minio_finance', conn_type='aws') credentials retrieved from login and password.
[2026-02-19T08:48:03.646+0000] {logging_mixin.py:188} INFO - 📂 Scanning 1291 objects in thongtin-congty-va-bctc/people/
[2026-02-19T08:48:03.649+0000] {logging_mixin.py:188} INFO - 📅 Found 10 valid date partition(s): ['2025-12-30', '2026-01-01', '2026-01-04', '2026-01-11', '2026-01-12', '2026-01-15', '2026-01-18', '2026-01-19', '2026-02-01', '2026-02-04']
[2026-02-19T08:48:03.650+0000] {logging_mixin.py:188} INFO - ✅ Latest partition selected: people/2026-02-04/
[2026-02-19T08:48:03.653+0000] {logging_mixin.py:188} INFO - 
[2/4] Reading CSV files...
[2026-02-19T08:48:03.664+0000] {base.py:84} INFO - Using connection ID 'minio_finance' for task execution.
[2026-02-19T08:48:03.665+0000] {connection_wrapper.py:384} INFO - AWS Connection (conn_id='minio_finance', conn_type='aws') credentials retrieved from login and password.
[2026-02-19T08:48:06.696+0000] {logging_mixin.py:188} INFO - ✓ Found 87 CSV files in thongtin-congty-va-bctc/people/2026-02-04/
[2026-02-19T08:48:06.704+0000] {base.py:84} INFO - Using connection ID 'minio_finance' for task execution.
[2026-02-19T08:48:06.705+0000] {connection_wrapper.py:384} INFO - AWS Connection (conn_id='minio_finance', conn_type='aws') credentials retrieved from login and password.
[2026-02-19T08:48:06.822+0000] {logging_mixin.py:188} INFO - ✓ Read 483 rows from people/2026-02-04/batch_0.csv
[2026-02-19T08:48:06.829+0000] {base.py:84} INFO - Using connection ID 'minio_finance' for task execution.
[2026-02-19T08:48:06.830+0000] {connection_wrapper.py:384} INFO - AWS Connection (conn_id='minio_finance', conn_type='aws') credentials retrieved from login and password.
[2026-02-19T08:48:06.940+0000] {logging_mixin.py:188} INFO - ✓ Read 500 rows from people/2026-02-04/batch_1.csv
[2026-02-19T08:48:06.947+0000] {base.py:84} INFO - Using connection ID 'minio_finance' for task execution.
[2026-02-19T08:48:06.948+0000] {connection_wrapper.py:384} INFO - AWS Connection (conn_id='minio_finance', conn_type='aws') credentials retrieved from login and password.
[2026-02-19T08:48:07.050+0000] {logging_mixin.py:188} INFO - ✓ Read 493 rows from people/2026-02-04/batch_10.csv
[2026-02-19T08:48:07.058+0000] {base.py:84} INFO - Using connection ID 'minio_finance' for task execution.
[2026-02-19T08:48:07.059+0000] {connection_wrapper.py:384} INFO - AWS Connection (conn_id='minio_finance', conn_type='aws') credentials retrieved from login and password.
[2026-02-19T08:48:07.167+0000] {logging_mixin.py:188} INFO - ✓ Read 585 rows from people/2026-02-04/batch_11.csv
[2026-02-19T08:48:07.175+0000] {base.py:84} INFO - Using connection ID 'minio_finance' for task execution.
[2026-02-19T08:48:07.176+0000] {connection_wrapper.py:384} INFO - AWS Connection (conn_id='minio_finance', conn_type='aws') credentials retrieved from login and password.
[2026-02-19T08:48:07.303+0000] {logging_mixin.py:188} INFO - ✓ Read 544 rows from people/2026-02-04/batch_12.csv
[2026-02-19T08:48:07.311+0000] {base.py:84} INFO - Using connection ID 'minio_finance' for task execution.
[2026-02-19T08:48:07.312+0000] {connection_wrapper.py:384} INFO - AWS Connection (conn_id='minio_finance', conn_type='aws') credentials retrieved from login and password.
[2026-02-19T08:48:07.453+0000] {logging_mixin.py:188} INFO - ✓ Read 536 rows from people/2026-02-04/batch_13.csv
[2026-02-19T08:48:07.463+0000] {base.py:84} INFO - Using connection ID 'minio_finance' for task execution.
[2026-02-19T08:48:07.464+0000] {connection_wrapper.py:384} INFO - AWS Connection (conn_id='minio_finance', conn_type='aws') credentials retrieved from login and password.
[2026-02-19T08:48:07.639+0000] {logging_mixin.py:188} INFO - ✓ Read 617 rows from people/2026-02-04/batch_14.csv
[2026-02-19T08:48:07.653+0000] {base.py:84} INFO - Using connection ID 'minio_finance' for task execution.
[2026-02-19T08:48:07.656+0000] {connection_wrapper.py:384} INFO - AWS Connection (conn_id='minio_finance', conn_type='aws') credentials retrieved from login and password.
[2026-02-19T08:48:07.965+0000] {logging_mixin.py:188} INFO - ✓ Read 636 rows from people/2026-02-04/batch_15.csv
[2026-02-19T08:48:07.976+0000] {base.py:84} INFO - Using connection ID 'minio_finance' for task execution.
[2026-02-19T08:48:07.978+0000] {connection_wrapper.py:384} INFO - AWS Connection (conn_id='minio_finance', conn_type='aws') credentials retrieved from login and password.
[2026-02-19T08:48:08.262+0000] {logging_mixin.py:188} INFO - ✓ Read 555 rows from people/2026-02-04/batch_16.csv
[2026-02-19T08:48:08.273+0000] {base.py:84} INFO - Using connection ID 'minio_finance' for task execution.
[2026-02-19T08:48:08.277+0000] {connection_wrapper.py:384} INFO - AWS Connection (conn_id='minio_finance', conn_type='aws') credentials retrieved from login and password.
[2026-02-19T08:48:08.430+0000] {logging_mixin.py:188} INFO - ✓ Read 650 rows from people/2026-02-04/batch_17.csv
[2026-02-19T08:48:08.440+0000] {base.py:84} INFO - Using connection ID 'minio_finance' for task execution.
[2026-02-19T08:48:08.441+0000] {connection_wrapper.py:384} INFO - AWS Connection (conn_id='minio_finance', conn_type='aws') credentials retrieved from login and password.
[2026-02-19T08:48:08.583+0000] {logging_mixin.py:188} INFO - ✓ Read 571 rows from people/2026-02-04/batch_18.csv
[2026-02-19T08:48:08.592+0000] {base.py:84} INFO - Using connection ID 'minio_finance' for task execution.
[2026-02-19T08:48:08.594+0000] {connection_wrapper.py:384} INFO - AWS Connection (conn_id='minio_finance', conn_type='aws') credentials retrieved from login and password.
[2026-02-19T08:48:09.219+0000] {logging_mixin.py:188} INFO - ✓ Read 449 rows from people/2026-02-04/batch_19.csv
[2026-02-19T08:48:09.229+0000] {base.py:84} INFO - Using connection ID 'minio_finance' for task execution.
[2026-02-19T08:48:09.230+0000] {connection_wrapper.py:384} INFO - AWS Connection (conn_id='minio_finance', conn_type='aws') credentials retrieved from login and password.
[2026-02-19T08:48:09.378+0000] {logging_mixin.py:188} INFO - ✓ Read 625 rows from people/2026-02-04/batch_2.csv
[2026-02-19T08:48:09.387+0000] {base.py:84} INFO - Using connection ID 'minio_finance' for task execution.
[2026-02-19T08:48:09.387+0000] {connection_wrapper.py:384} INFO - AWS Connection (conn_id='minio_finance', conn_type='aws') credentials retrieved from login and password.
[2026-02-19T08:48:09.510+0000] {logging_mixin.py:188} INFO - ✓ Read 709 rows from people/2026-02-04/batch_20.csv
[2026-02-19T08:48:09.532+0000] {base.py:84} INFO - Using connection ID 'minio_finance' for task execution.
[2026-02-19T08:48:09.534+0000] {connection_wrapper.py:384} INFO - AWS Connection (conn_id='minio_finance', conn_type='aws') credentials retrieved from login and password.
[2026-02-19T08:48:09.739+0000] {logging_mixin.py:188} INFO - ✓ Read 573 rows from people/2026-02-04/batch_21.csv
[2026-02-19T08:48:09.747+0000] {base.py:84} INFO - Using connection ID 'minio_finance' for task execution.
[2026-02-19T08:48:09.748+0000] {connection_wrapper.py:384} INFO - AWS Connection (conn_id='minio_finance', conn_type='aws') credentials retrieved from login and password.
[2026-02-19T08:48:09.876+0000] {logging_mixin.py:188} INFO - ✓ Read 605 rows from people/2026-02-04/batch_22.csv
[2026-02-19T08:48:09.883+0000] {base.py:84} INFO - Using connection ID 'minio_finance' for task execution.
[2026-02-19T08:48:09.884+0000] {connection_wrapper.py:384} INFO - AWS Connection (conn_id='minio_finance', conn_type='aws') credentials retrieved from login and password.
[2026-02-19T08:48:09.997+0000] {logging_mixin.py:188} INFO - ✓ Read 658 rows from people/2026-02-04/batch_23.csv
[2026-02-19T08:48:10.006+0000] {base.py:84} INFO - Using connection ID 'minio_finance' for task execution.
[2026-02-19T08:48:10.007+0000] {connection_wrapper.py:384} INFO - AWS Connection (conn_id='minio_finance', conn_type='aws') credentials retrieved from login and password.
[2026-02-19T08:48:10.125+0000] {logging_mixin.py:188} INFO - ✓ Read 595 rows from people/2026-02-04/batch_24.csv
[2026-02-19T08:48:10.133+0000] {base.py:84} INFO - Using connection ID 'minio_finance' for task execution.
[2026-02-19T08:48:10.134+0000] {connection_wrapper.py:384} INFO - AWS Connection (conn_id='minio_finance', conn_type='aws') credentials retrieved from login and password.
[2026-02-19T08:48:10.246+0000] {logging_mixin.py:188} INFO - ✓ Read 563 rows from people/2026-02-04/batch_25.csv
[2026-02-19T08:48:10.255+0000] {base.py:84} INFO - Using connection ID 'minio_finance' for task execution.
[2026-02-19T08:48:10.256+0000] {connection_wrapper.py:384} INFO - AWS Connection (conn_id='minio_finance', conn_type='aws') credentials retrieved from login and password.
[2026-02-19T08:48:10.369+0000] {logging_mixin.py:188} INFO - ✓ Read 648 rows from people/2026-02-04/batch_26.csv
[2026-02-19T08:48:10.377+0000] {base.py:84} INFO - Using connection ID 'minio_finance' for task execution.
[2026-02-19T08:48:10.379+0000] {connection_wrapper.py:384} INFO - AWS Connection (conn_id='minio_finance', conn_type='aws') credentials retrieved from login and password.
[2026-02-19T08:48:10.508+0000] {logging_mixin.py:188} INFO - ✓ Read 557 rows from people/2026-02-04/batch_27.csv
[2026-02-19T08:48:10.516+0000] {base.py:84} INFO - Using connection ID 'minio_finance' for task execution.
[2026-02-19T08:48:10.517+0000] {connection_wrapper.py:384} INFO - AWS Connection (conn_id='minio_finance', conn_type='aws') credentials retrieved from login and password.
[2026-02-19T08:48:10.644+0000] {logging_mixin.py:188} INFO - ✓ Read 520 rows from people/2026-02-04/batch_28.csv
[2026-02-19T08:48:10.652+0000] {base.py:84} INFO - Using connection ID 'minio_finance' for task execution.
[2026-02-19T08:48:10.653+0000] {connection_wrapper.py:384} INFO - AWS Connection (conn_id='minio_finance', conn_type='aws') credentials retrieved from login and password.
[2026-02-19T08:48:10.773+0000] {logging_mixin.py:188} INFO - ✓ Read 497 rows from people/2026-02-04/batch_29.csv
[2026-02-19T08:48:10.781+0000] {base.py:84} INFO - Using connection ID 'minio_finance' for task execution.
[2026-02-19T08:48:10.782+0000] {connection_wrapper.py:384} INFO - AWS Connection (conn_id='minio_finance', conn_type='aws') credentials retrieved from login and password.
[2026-02-19T08:48:10.924+0000] {logging_mixin.py:188} INFO - ✓ Read 618 rows from people/2026-02-04/batch_3.csv
[2026-02-19T08:48:10.931+0000] {base.py:84} INFO - Using connection ID 'minio_finance' for task execution.
[2026-02-19T08:48:10.932+0000] {connection_wrapper.py:384} INFO - AWS Connection (conn_id='minio_finance', conn_type='aws') credentials retrieved from login and password.
[2026-02-19T08:48:11.533+0000] {logging_mixin.py:188} INFO - ✓ Read 651 rows from people/2026-02-04/batch_30.csv
[2026-02-19T08:48:11.542+0000] {base.py:84} INFO - Using connection ID 'minio_finance' for task execution.
[2026-02-19T08:48:11.543+0000] {connection_wrapper.py:384} INFO - AWS Connection (conn_id='minio_finance', conn_type='aws') credentials retrieved from login and password.
[2026-02-19T08:48:11.671+0000] {logging_mixin.py:188} INFO - ✓ Read 534 rows from people/2026-02-04/batch_31.csv
[2026-02-19T08:48:11.679+0000] {base.py:84} INFO - Using connection ID 'minio_finance' for task execution.
[2026-02-19T08:48:11.681+0000] {connection_wrapper.py:384} INFO - AWS Connection (conn_id='minio_finance', conn_type='aws') credentials retrieved from login and password.
[2026-02-19T08:48:11.821+0000] {logging_mixin.py:188} INFO - ✓ Read 516 rows from people/2026-02-04/batch_32.csv
[2026-02-19T08:48:11.831+0000] {base.py:84} INFO - Using connection ID 'minio_finance' for task execution.
[2026-02-19T08:48:11.832+0000] {connection_wrapper.py:384} INFO - AWS Connection (conn_id='minio_finance', conn_type='aws') credentials retrieved from login and password.
[2026-02-19T08:48:11.981+0000] {logging_mixin.py:188} INFO - ✓ Read 715 rows from people/2026-02-04/batch_33.csv
[2026-02-19T08:48:11.990+0000] {base.py:84} INFO - Using connection ID 'minio_finance' for task execution.
[2026-02-19T08:48:11.991+0000] {connection_wrapper.py:384} INFO - AWS Connection (conn_id='minio_finance', conn_type='aws') credentials retrieved from login and password.
[2026-02-19T08:48:12.116+0000] {logging_mixin.py:188} INFO - ✓ Read 604 rows from people/2026-02-04/batch_34.csv
[2026-02-19T08:48:12.124+0000] {base.py:84} INFO - Using connection ID 'minio_finance' for task execution.
[2026-02-19T08:48:12.125+0000] {connection_wrapper.py:384} INFO - AWS Connection (conn_id='minio_finance', conn_type='aws') credentials retrieved from login and password.
[2026-02-19T08:48:12.251+0000] {logging_mixin.py:188} INFO - ✓ Read 647 rows from people/2026-02-04/batch_35.csv
[2026-02-19T08:48:12.260+0000] {base.py:84} INFO - Using connection ID 'minio_finance' for task execution.
[2026-02-19T08:48:12.262+0000] {connection_wrapper.py:384} INFO - AWS Connection (conn_id='minio_finance', conn_type='aws') credentials retrieved from login and password.
[2026-02-19T08:48:12.397+0000] {logging_mixin.py:188} INFO - ✓ Read 547 rows from people/2026-02-04/batch_36.csv
[2026-02-19T08:48:12.408+0000] {base.py:84} INFO - Using connection ID 'minio_finance' for task execution.
[2026-02-19T08:48:12.409+0000] {connection_wrapper.py:384} INFO - AWS Connection (conn_id='minio_finance', conn_type='aws') credentials retrieved from login and password.
[2026-02-19T08:48:12.528+0000] {logging_mixin.py:188} INFO - ✓ Read 654 rows from people/2026-02-04/batch_37.csv
[2026-02-19T08:48:12.539+0000] {base.py:84} INFO - Using connection ID 'minio_finance' for task execution.
[2026-02-19T08:48:12.540+0000] {connection_wrapper.py:384} INFO - AWS Connection (conn_id='minio_finance', conn_type='aws') credentials retrieved from login and password.
[2026-02-19T08:48:12.696+0000] {logging_mixin.py:188} INFO - ✓ Read 605 rows from people/2026-02-04/batch_38.csv
[2026-02-19T08:48:12.704+0000] {base.py:84} INFO - Using connection ID 'minio_finance' for task execution.
[2026-02-19T08:48:12.705+0000] {connection_wrapper.py:384} INFO - AWS Connection (conn_id='minio_finance', conn_type='aws') credentials retrieved from login and password.
[2026-02-19T08:48:12.834+0000] {logging_mixin.py:188} INFO - ✓ Read 537 rows from people/2026-02-04/batch_39.csv
[2026-02-19T08:48:12.843+0000] {base.py:84} INFO - Using connection ID 'minio_finance' for task execution.
[2026-02-19T08:48:12.844+0000] {connection_wrapper.py:384} INFO - AWS Connection (conn_id='minio_finance', conn_type='aws') credentials retrieved from login and password.
[2026-02-19T08:48:12.983+0000] {logging_mixin.py:188} INFO - ✓ Read 714 rows from people/2026-02-04/batch_4.csv
[2026-02-19T08:48:12.995+0000] {base.py:84} INFO - Using connection ID 'minio_finance' for task execution.
[2026-02-19T08:48:12.997+0000] {connection_wrapper.py:384} INFO - AWS Connection (conn_id='minio_finance', conn_type='aws') credentials retrieved from login and password.
[2026-02-19T08:48:13.163+0000] {logging_mixin.py:188} INFO - ✓ Read 594 rows from people/2026-02-04/batch_40.csv
[2026-02-19T08:48:13.174+0000] {base.py:84} INFO - Using connection ID 'minio_finance' for task execution.
[2026-02-19T08:48:13.176+0000] {connection_wrapper.py:384} INFO - AWS Connection (conn_id='minio_finance', conn_type='aws') credentials retrieved from login and password.
[2026-02-19T08:48:13.324+0000] {logging_mixin.py:188} INFO - ✓ Read 591 rows from people/2026-02-04/batch_41.csv
[2026-02-19T08:48:13.334+0000] {base.py:84} INFO - Using connection ID 'minio_finance' for task execution.
[2026-02-19T08:48:13.336+0000] {connection_wrapper.py:384} INFO - AWS Connection (conn_id='minio_finance', conn_type='aws') credentials retrieved from login and password.
[2026-02-19T08:48:13.468+0000] {logging_mixin.py:188} INFO - ✓ Read 636 rows from people/2026-02-04/batch_42.csv
[2026-02-19T08:48:13.477+0000] {base.py:84} INFO - Using connection ID 'minio_finance' for task execution.
[2026-02-19T08:48:13.478+0000] {connection_wrapper.py:384} INFO - AWS Connection (conn_id='minio_finance', conn_type='aws') credentials retrieved from login and password.
[2026-02-19T08:48:14.673+0000] {logging_mixin.py:188} INFO - ✓ Read 522 rows from people/2026-02-04/batch_43.csv
[2026-02-19T08:48:14.686+0000] {base.py:84} INFO - Using connection ID 'minio_finance' for task execution.
[2026-02-19T08:48:14.689+0000] {connection_wrapper.py:384} INFO - AWS Connection (conn_id='minio_finance', conn_type='aws') credentials retrieved from login and password.
[2026-02-19T08:48:14.885+0000] {logging_mixin.py:188} INFO - ✓ Read 695 rows from people/2026-02-04/batch_44.csv
[2026-02-19T08:48:14.899+0000] {base.py:84} INFO - Using connection ID 'minio_finance' for task execution.
[2026-02-19T08:48:14.900+0000] {connection_wrapper.py:384} INFO - AWS Connection (conn_id='minio_finance', conn_type='aws') credentials retrieved from login and password.
[2026-02-19T08:48:15.057+0000] {logging_mixin.py:188} INFO - ✓ Read 607 rows from people/2026-02-04/batch_45.csv
[2026-02-19T08:48:15.066+0000] {base.py:84} INFO - Using connection ID 'minio_finance' for task execution.
[2026-02-19T08:48:15.068+0000] {connection_wrapper.py:384} INFO - AWS Connection (conn_id='minio_finance', conn_type='aws') credentials retrieved from login and password.
[2026-02-19T08:48:15.229+0000] {logging_mixin.py:188} INFO - ✓ Read 602 rows from people/2026-02-04/batch_46.csv
[2026-02-19T08:48:15.241+0000] {base.py:84} INFO - Using connection ID 'minio_finance' for task execution.
[2026-02-19T08:48:15.242+0000] {connection_wrapper.py:384} INFO - AWS Connection (conn_id='minio_finance', conn_type='aws') credentials retrieved from login and password.
[2026-02-19T08:48:15.416+0000] {logging_mixin.py:188} INFO - ✓ Read 643 rows from people/2026-02-04/batch_47.csv
[2026-02-19T08:48:15.427+0000] {base.py:84} INFO - Using connection ID 'minio_finance' for task execution.
[2026-02-19T08:48:15.429+0000] {connection_wrapper.py:384} INFO - AWS Connection (conn_id='minio_finance', conn_type='aws') credentials retrieved from login and password.
[2026-02-19T08:48:15.627+0000] {logging_mixin.py:188} INFO - ✓ Read 576 rows from people/2026-02-04/batch_48.csv
[2026-02-19T08:48:15.637+0000] {base.py:84} INFO - Using connection ID 'minio_finance' for task execution.
[2026-02-19T08:48:15.639+0000] {connection_wrapper.py:384} INFO - AWS Connection (conn_id='minio_finance', conn_type='aws') credentials retrieved from login and password.
[2026-02-19T08:48:15.820+0000] {logging_mixin.py:188} INFO - ✓ Read 753 rows from people/2026-02-04/batch_49.csv
[2026-02-19T08:48:15.831+0000] {base.py:84} INFO - Using connection ID 'minio_finance' for task execution.
[2026-02-19T08:48:15.832+0000] {connection_wrapper.py:384} INFO - AWS Connection (conn_id='minio_finance', conn_type='aws') credentials retrieved from login and password.
[2026-02-19T08:48:16.006+0000] {logging_mixin.py:188} INFO - ✓ Read 563 rows from people/2026-02-04/batch_5.csv
[2026-02-19T08:48:16.017+0000] {base.py:84} INFO - Using connection ID 'minio_finance' for task execution.
[2026-02-19T08:48:16.018+0000] {connection_wrapper.py:384} INFO - AWS Connection (conn_id='minio_finance', conn_type='aws') credentials retrieved from login and password.
[2026-02-19T08:48:16.280+0000] {logging_mixin.py:188} INFO - ✓ Read 543 rows from people/2026-02-04/batch_50.csv
[2026-02-19T08:48:16.298+0000] {base.py:84} INFO - Using connection ID 'minio_finance' for task execution.
[2026-02-19T08:48:16.304+0000] {connection_wrapper.py:384} INFO - AWS Connection (conn_id='minio_finance', conn_type='aws') credentials retrieved from login and password.
[2026-02-19T08:48:16.573+0000] {logging_mixin.py:188} INFO - ✓ Read 632 rows from people/2026-02-04/batch_51.csv
[2026-02-19T08:48:16.584+0000] {base.py:84} INFO - Using connection ID 'minio_finance' for task execution.
[2026-02-19T08:48:16.585+0000] {connection_wrapper.py:384} INFO - AWS Connection (conn_id='minio_finance', conn_type='aws') credentials retrieved from login and password.
[2026-02-19T08:48:16.727+0000] {logging_mixin.py:188} INFO - ✓ Read 692 rows from people/2026-02-04/batch_52.csv
[2026-02-19T08:48:16.737+0000] {base.py:84} INFO - Using connection ID 'minio_finance' for task execution.
[2026-02-19T08:48:16.738+0000] {connection_wrapper.py:384} INFO - AWS Connection (conn_id='minio_finance', conn_type='aws') credentials retrieved from login and password.
[2026-02-19T08:48:16.916+0000] {logging_mixin.py:188} INFO - ✓ Read 599 rows from people/2026-02-04/batch_53.csv
[2026-02-19T08:48:16.927+0000] {base.py:84} INFO - Using connection ID 'minio_finance' for task execution.
[2026-02-19T08:48:16.929+0000] {connection_wrapper.py:384} INFO - AWS Connection (conn_id='minio_finance', conn_type='aws') credentials retrieved from login and password.
[2026-02-19T08:48:17.093+0000] {logging_mixin.py:188} INFO - ✓ Read 698 rows from people/2026-02-04/batch_54.csv
[2026-02-19T08:48:17.103+0000] {base.py:84} INFO - Using connection ID 'minio_finance' for task execution.
[2026-02-19T08:48:17.104+0000] {connection_wrapper.py:384} INFO - AWS Connection (conn_id='minio_finance', conn_type='aws') credentials retrieved from login and password.
[2026-02-19T08:48:17.806+0000] {logging_mixin.py:188} INFO - ✓ Read 541 rows from people/2026-02-04/batch_55.csv
[2026-02-19T08:48:17.817+0000] {base.py:84} INFO - Using connection ID 'minio_finance' for task execution.
[2026-02-19T08:48:17.818+0000] {connection_wrapper.py:384} INFO - AWS Connection (conn_id='minio_finance', conn_type='aws') credentials retrieved from login and password.
[2026-02-19T08:48:17.962+0000] {logging_mixin.py:188} INFO - ✓ Read 483 rows from people/2026-02-04/batch_56.csv
[2026-02-19T08:48:17.971+0000] {base.py:84} INFO - Using connection ID 'minio_finance' for task execution.
[2026-02-19T08:48:17.972+0000] {connection_wrapper.py:384} INFO - AWS Connection (conn_id='minio_finance', conn_type='aws') credentials retrieved from login and password.
[2026-02-19T08:48:18.129+0000] {logging_mixin.py:188} INFO - ✓ Read 473 rows from people/2026-02-04/batch_57.csv
[2026-02-19T08:48:18.139+0000] {base.py:84} INFO - Using connection ID 'minio_finance' for task execution.
[2026-02-19T08:48:18.140+0000] {connection_wrapper.py:384} INFO - AWS Connection (conn_id='minio_finance', conn_type='aws') credentials retrieved from login and password.
[2026-02-19T08:48:18.272+0000] {logging_mixin.py:188} INFO - ✓ Read 662 rows from people/2026-02-04/batch_58.csv
[2026-02-19T08:48:18.281+0000] {base.py:84} INFO - Using connection ID 'minio_finance' for task execution.
[2026-02-19T08:48:18.281+0000] {connection_wrapper.py:384} INFO - AWS Connection (conn_id='minio_finance', conn_type='aws') credentials retrieved from login and password.
[2026-02-19T08:48:18.446+0000] {logging_mixin.py:188} INFO - ✓ Read 610 rows from people/2026-02-04/batch_59.csv
[2026-02-19T08:48:18.455+0000] {base.py:84} INFO - Using connection ID 'minio_finance' for task execution.
[2026-02-19T08:48:18.456+0000] {connection_wrapper.py:384} INFO - AWS Connection (conn_id='minio_finance', conn_type='aws') credentials retrieved from login and password.
[2026-02-19T08:48:18.623+0000] {logging_mixin.py:188} INFO - ✓ Read 711 rows from people/2026-02-04/batch_6.csv
[2026-02-19T08:48:18.633+0000] {base.py:84} INFO - Using connection ID 'minio_finance' for task execution.
[2026-02-19T08:48:18.635+0000] {connection_wrapper.py:384} INFO - AWS Connection (conn_id='minio_finance', conn_type='aws') credentials retrieved from login and password.
[2026-02-19T08:48:18.788+0000] {logging_mixin.py:188} INFO - ✓ Read 624 rows from people/2026-02-04/batch_60.csv
[2026-02-19T08:48:18.797+0000] {base.py:84} INFO - Using connection ID 'minio_finance' for task execution.
[2026-02-19T08:48:18.798+0000] {connection_wrapper.py:384} INFO - AWS Connection (conn_id='minio_finance', conn_type='aws') credentials retrieved from login and password.
[2026-02-19T08:48:19.007+0000] {logging_mixin.py:188} INFO - ✓ Read 571 rows from people/2026-02-04/batch_61.csv
[2026-02-19T08:48:19.022+0000] {base.py:84} INFO - Using connection ID 'minio_finance' for task execution.
[2026-02-19T08:48:19.024+0000] {connection_wrapper.py:384} INFO - AWS Connection (conn_id='minio_finance', conn_type='aws') credentials retrieved from login and password.
[2026-02-19T08:48:19.195+0000] {logging_mixin.py:188} INFO - ✓ Read 660 rows from people/2026-02-04/batch_62.csv
[2026-02-19T08:48:19.204+0000] {base.py:84} INFO - Using connection ID 'minio_finance' for task execution.
[2026-02-19T08:48:19.205+0000] {connection_wrapper.py:384} INFO - AWS Connection (conn_id='minio_finance', conn_type='aws') credentials retrieved from login and password.
[2026-02-19T08:48:19.345+0000] {logging_mixin.py:188} INFO - ✓ Read 588 rows from people/2026-02-04/batch_63.csv
[2026-02-19T08:48:19.354+0000] {base.py:84} INFO - Using connection ID 'minio_finance' for task execution.
[2026-02-19T08:48:19.355+0000] {connection_wrapper.py:384} INFO - AWS Connection (conn_id='minio_finance', conn_type='aws') credentials retrieved from login and password.
[2026-02-19T08:48:19.526+0000] {logging_mixin.py:188} INFO - ✓ Read 537 rows from people/2026-02-04/batch_64.csv
[2026-02-19T08:48:19.536+0000] {base.py:84} INFO - Using connection ID 'minio_finance' for task execution.
[2026-02-19T08:48:19.537+0000] {connection_wrapper.py:384} INFO - AWS Connection (conn_id='minio_finance', conn_type='aws') credentials retrieved from login and password.
[2026-02-19T08:48:19.695+0000] {logging_mixin.py:188} INFO - ✓ Read 519 rows from people/2026-02-04/batch_65.csv
[2026-02-19T08:48:19.705+0000] {base.py:84} INFO - Using connection ID 'minio_finance' for task execution.
[2026-02-19T08:48:19.706+0000] {connection_wrapper.py:384} INFO - AWS Connection (conn_id='minio_finance', conn_type='aws') credentials retrieved from login and password.
[2026-02-19T08:48:19.861+0000] {logging_mixin.py:188} INFO - ✓ Read 639 rows from people/2026-02-04/batch_66.csv
[2026-02-19T08:48:19.870+0000] {base.py:84} INFO - Using connection ID 'minio_finance' for task execution.
[2026-02-19T08:48:19.871+0000] {connection_wrapper.py:384} INFO - AWS Connection (conn_id='minio_finance', conn_type='aws') credentials retrieved from login and password.
[2026-02-19T08:48:20.597+0000] {logging_mixin.py:188} INFO - ✓ Read 544 rows from people/2026-02-04/batch_67.csv
[2026-02-19T08:48:20.608+0000] {base.py:84} INFO - Using connection ID 'minio_finance' for task execution.
[2026-02-19T08:48:20.610+0000] {connection_wrapper.py:384} INFO - AWS Connection (conn_id='minio_finance', conn_type='aws') credentials retrieved from login and password.
[2026-02-19T08:48:20.796+0000] {logging_mixin.py:188} INFO - ✓ Read 544 rows from people/2026-02-04/batch_68.csv
[2026-02-19T08:48:20.829+0000] {base.py:84} INFO - Using connection ID 'minio_finance' for task execution.
[2026-02-19T08:48:20.831+0000] {connection_wrapper.py:384} INFO - AWS Connection (conn_id='minio_finance', conn_type='aws') credentials retrieved from login and password.
[2026-02-19T08:48:21.221+0000] {logging_mixin.py:188} INFO - ✓ Read 678 rows from people/2026-02-04/batch_69.csv
[2026-02-19T08:48:21.235+0000] {base.py:84} INFO - Using connection ID 'minio_finance' for task execution.
[2026-02-19T08:48:21.236+0000] {connection_wrapper.py:384} INFO - AWS Connection (conn_id='minio_finance', conn_type='aws') credentials retrieved from login and password.
[2026-02-19T08:48:21.518+0000] {logging_mixin.py:188} INFO - ✓ Read 553 rows from people/2026-02-04/batch_7.csv
[2026-02-19T08:48:21.527+0000] {base.py:84} INFO - Using connection ID 'minio_finance' for task execution.
[2026-02-19T08:48:21.529+0000] {connection_wrapper.py:384} INFO - AWS Connection (conn_id='minio_finance', conn_type='aws') credentials retrieved from login and password.
[2026-02-19T08:48:21.690+0000] {logging_mixin.py:188} INFO - ✓ Read 654 rows from people/2026-02-04/batch_70.csv
[2026-02-19T08:48:21.699+0000] {base.py:84} INFO - Using connection ID 'minio_finance' for task execution.
[2026-02-19T08:48:21.700+0000] {connection_wrapper.py:384} INFO - AWS Connection (conn_id='minio_finance', conn_type='aws') credentials retrieved from login and password.
[2026-02-19T08:48:21.841+0000] {logging_mixin.py:188} INFO - ✓ Read 559 rows from people/2026-02-04/batch_71.csv
[2026-02-19T08:48:21.849+0000] {base.py:84} INFO - Using connection ID 'minio_finance' for task execution.
[2026-02-19T08:48:21.851+0000] {connection_wrapper.py:384} INFO - AWS Connection (conn_id='minio_finance', conn_type='aws') credentials retrieved from login and password.
[2026-02-19T08:48:22.000+0000] {logging_mixin.py:188} INFO - ✓ Read 735 rows from people/2026-02-04/batch_72.csv
[2026-02-19T08:48:22.010+0000] {base.py:84} INFO - Using connection ID 'minio_finance' for task execution.
[2026-02-19T08:48:22.011+0000] {connection_wrapper.py:384} INFO - AWS Connection (conn_id='minio_finance', conn_type='aws') credentials retrieved from login and password.
[2026-02-19T08:48:22.146+0000] {logging_mixin.py:188} INFO - ✓ Read 506 rows from people/2026-02-04/batch_73.csv
[2026-02-19T08:48:22.154+0000] {base.py:84} INFO - Using connection ID 'minio_finance' for task execution.
[2026-02-19T08:48:22.156+0000] {connection_wrapper.py:384} INFO - AWS Connection (conn_id='minio_finance', conn_type='aws') credentials retrieved from login and password.
[2026-02-19T08:48:22.309+0000] {logging_mixin.py:188} INFO - ✓ Read 676 rows from people/2026-02-04/batch_74.csv
[2026-02-19T08:48:22.319+0000] {base.py:84} INFO - Using connection ID 'minio_finance' for task execution.
[2026-02-19T08:48:22.320+0000] {connection_wrapper.py:384} INFO - AWS Connection (conn_id='minio_finance', conn_type='aws') credentials retrieved from login and password.
[2026-02-19T08:48:22.460+0000] {logging_mixin.py:188} INFO - ✓ Read 539 rows from people/2026-02-04/batch_75.csv
[2026-02-19T08:48:22.468+0000] {base.py:84} INFO - Using connection ID 'minio_finance' for task execution.
[2026-02-19T08:48:22.469+0000] {connection_wrapper.py:384} INFO - AWS Connection (conn_id='minio_finance', conn_type='aws') credentials retrieved from login and password.
[2026-02-19T08:48:22.615+0000] {logging_mixin.py:188} INFO - ✓ Read 567 rows from people/2026-02-04/batch_76.csv
[2026-02-19T08:48:22.626+0000] {base.py:84} INFO - Using connection ID 'minio_finance' for task execution.
[2026-02-19T08:48:22.627+0000] {connection_wrapper.py:384} INFO - AWS Connection (conn_id='minio_finance', conn_type='aws') credentials retrieved from login and password.
[2026-02-19T08:48:22.841+0000] {logging_mixin.py:188} INFO - ✓ Read 669 rows from people/2026-02-04/batch_77.csv
[2026-02-19T08:48:22.852+0000] {base.py:84} INFO - Using connection ID 'minio_finance' for task execution.
[2026-02-19T08:48:22.854+0000] {connection_wrapper.py:384} INFO - AWS Connection (conn_id='minio_finance', conn_type='aws') credentials retrieved from login and password.
[2026-02-19T08:48:23.052+0000] {logging_mixin.py:188} INFO - ✓ Read 548 rows from people/2026-02-04/batch_78.csv
[2026-02-19T08:48:23.061+0000] {base.py:84} INFO - Using connection ID 'minio_finance' for task execution.
[2026-02-19T08:48:23.062+0000] {connection_wrapper.py:384} INFO - AWS Connection (conn_id='minio_finance', conn_type='aws') credentials retrieved from login and password.
[2026-02-19T08:48:23.204+0000] {logging_mixin.py:188} INFO - ✓ Read 474 rows from people/2026-02-04/batch_79.csv
[2026-02-19T08:48:23.213+0000] {base.py:84} INFO - Using connection ID 'minio_finance' for task execution.
[2026-02-19T08:48:23.214+0000] {connection_wrapper.py:384} INFO - AWS Connection (conn_id='minio_finance', conn_type='aws') credentials retrieved from login and password.
[2026-02-19T08:48:23.907+0000] {logging_mixin.py:188} INFO - ✓ Read 587 rows from people/2026-02-04/batch_8.csv
[2026-02-19T08:48:23.918+0000] {base.py:84} INFO - Using connection ID 'minio_finance' for task execution.
[2026-02-19T08:48:23.919+0000] {connection_wrapper.py:384} INFO - AWS Connection (conn_id='minio_finance', conn_type='aws') credentials retrieved from login and password.
[2026-02-19T08:48:24.063+0000] {logging_mixin.py:188} INFO - ✓ Read 470 rows from people/2026-02-04/batch_80.csv
[2026-02-19T08:48:24.072+0000] {base.py:84} INFO - Using connection ID 'minio_finance' for task execution.
[2026-02-19T08:48:24.073+0000] {connection_wrapper.py:384} INFO - AWS Connection (conn_id='minio_finance', conn_type='aws') credentials retrieved from login and password.
[2026-02-19T08:48:24.214+0000] {logging_mixin.py:188} INFO - ✓ Read 489 rows from people/2026-02-04/batch_81.csv
[2026-02-19T08:48:24.222+0000] {base.py:84} INFO - Using connection ID 'minio_finance' for task execution.
[2026-02-19T08:48:24.224+0000] {connection_wrapper.py:384} INFO - AWS Connection (conn_id='minio_finance', conn_type='aws') credentials retrieved from login and password.
[2026-02-19T08:48:24.366+0000] {logging_mixin.py:188} INFO - ✓ Read 517 rows from people/2026-02-04/batch_82.csv
[2026-02-19T08:48:24.374+0000] {base.py:84} INFO - Using connection ID 'minio_finance' for task execution.
[2026-02-19T08:48:24.375+0000] {connection_wrapper.py:384} INFO - AWS Connection (conn_id='minio_finance', conn_type='aws') credentials retrieved from login and password.
[2026-02-19T08:48:24.509+0000] {logging_mixin.py:188} INFO - ✓ Read 511 rows from people/2026-02-04/batch_83.csv
[2026-02-19T08:48:24.519+0000] {base.py:84} INFO - Using connection ID 'minio_finance' for task execution.
[2026-02-19T08:48:24.520+0000] {connection_wrapper.py:384} INFO - AWS Connection (conn_id='minio_finance', conn_type='aws') credentials retrieved from login and password.
[2026-02-19T08:48:24.642+0000] {logging_mixin.py:188} INFO - ✓ Read 603 rows from people/2026-02-04/batch_84.csv
[2026-02-19T08:48:24.651+0000] {base.py:84} INFO - Using connection ID 'minio_finance' for task execution.
[2026-02-19T08:48:24.653+0000] {connection_wrapper.py:384} INFO - AWS Connection (conn_id='minio_finance', conn_type='aws') credentials retrieved from login and password.
[2026-02-19T08:48:24.801+0000] {logging_mixin.py:188} INFO - ✓ Read 563 rows from people/2026-02-04/batch_85.csv
[2026-02-19T08:48:24.810+0000] {base.py:84} INFO - Using connection ID 'minio_finance' for task execution.
[2026-02-19T08:48:24.811+0000] {connection_wrapper.py:384} INFO - AWS Connection (conn_id='minio_finance', conn_type='aws') credentials retrieved from login and password.
[2026-02-19T08:48:24.978+0000] {logging_mixin.py:188} INFO - ✓ Read 633 rows from people/2026-02-04/batch_86.csv
[2026-02-19T08:48:24.988+0000] {base.py:84} INFO - Using connection ID 'minio_finance' for task execution.
[2026-02-19T08:48:24.989+0000] {connection_wrapper.py:384} INFO - AWS Connection (conn_id='minio_finance', conn_type='aws') credentials retrieved from login and password.
[2026-02-19T08:48:25.130+0000] {logging_mixin.py:188} INFO - ✓ Read 653 rows from people/2026-02-04/batch_9.csv
[2026-02-19T08:48:25.141+0000] {logging_mixin.py:188} INFO - ✓ Concatenated 87 files into 51347 total rows
[2026-02-19T08:48:25.145+0000] {logging_mixin.py:188} INFO - Loaded 51347 rows
[2026-02-19T08:48:25.146+0000] {logging_mixin.py:188} INFO - 
[3/4] Cleaning and transforming data...
[2026-02-19T08:48:25.274+0000] {logging_mixin.py:188} INFO - After cleaning: 51319 rows
[2026-02-19T08:48:25.275+0000] {logging_mixin.py:188} INFO - 
[4/4] Replacing data in database (full refresh)...
[2026-02-19T08:48:25.283+0000] {logging_mixin.py:188} INFO - ✓ Schema hethong_phantich_chungkhoan ensured
[2026-02-19T08:48:29.759+0000] {logging_mixin.py:188} INFO - ✓ Truncated table hethong_phantich_chungkhoan.owner
[2026-02-19T08:48:31.080+0000] {logging_mixin.py:188} INFO - ==================================================
[2026-02-19T08:48:31.085+0000] {logging_mixin.py:188} INFO - 📥 LOADED from MinIO: 51319 rows
[2026-02-19T08:48:31.091+0000] {logging_mixin.py:188} INFO - 📤 REPLACED in DB: 51319 rows (full refresh)
[2026-02-19T08:48:31.095+0000] {logging_mixin.py:188} INFO - ==================================================
[2026-02-19T08:48:31.117+0000] {python.py:237} INFO - Done. Returned value was: ✅ Success: Loaded 51319 | Replaced 51319 rows
[2026-02-19T08:48:31.124+0000] {taskinstance.py:441} INFO - ::group::Post task execution logs
[2026-02-19T08:48:31.186+0000] {taskinstance.py:1206} INFO - Marking task as SUCCESS. dag_id=minio_to_db_sync, task_id=sync_people, run_id=manual__2026-02-19T08:46:57+00:00, execution_date=20260219T084657, start_date=20260219T084704, end_date=20260219T084831
[2026-02-19T08:48:31.277+0000] {local_task_job_runner.py:243} INFO - Task exited with return code 0
[2026-02-19T08:48:31.324+0000] {taskinstance.py:3503} INFO - 0 downstream tasks scheduled from follow-on schedule check
[2026-02-19T08:48:31.333+0000] {local_task_job_runner.py:222} INFO - ::endgroup::
