[2026-04-04T08:11:45.070+0000] {local_task_job_runner.py:120} INFO - ::group::Pre task execution logs
[2026-04-04T08:11:45.091+0000] {taskinstance.py:2076} INFO - Dependencies all met for dep_context=non-requeueable deps ti=<TaskInstance: bctc.ingest_bctc manual__2026-04-04T08:09:37+00:00 map_index=36 [queued]>
[2026-04-04T08:11:45.104+0000] {taskinstance.py:2076} INFO - Dependencies all met for dep_context=requeueable deps ti=<TaskInstance: bctc.ingest_bctc manual__2026-04-04T08:09:37+00:00 map_index=36 [queued]>
[2026-04-04T08:11:45.105+0000] {taskinstance.py:2306} INFO - Starting attempt 1 of 4
[2026-04-04T08:11:45.122+0000] {taskinstance.py:2330} INFO - Executing <Mapped(DfToCsvOperator): ingest_bctc> on 2026-04-04 08:09:37+00:00
[2026-04-04T08:11:45.131+0000] {warnings.py:112} WARNING - This process (pid=7069) is multi-threaded, use of fork() may lead to deadlocks in the child.

[2026-04-04T08:11:45.133+0000] {standard_task_runner.py:64} INFO - Started process 7071 to run task
[2026-04-04T08:11:45.135+0000] {standard_task_runner.py:90} INFO - Running: ['***', 'tasks', 'run', 'bctc', 'ingest_bctc', 'manual__2026-04-04T08:09:37+00:00', '--job-id', '39200', '--raw', '--subdir', 'DAGS_FOLDER/dl_bctc.py', '--cfg-path', '/tmp/tmp6bdak3hc', '--map-index', '36']
[2026-04-04T08:11:45.140+0000] {standard_task_runner.py:91} INFO - Job 39200: Subtask ingest_bctc
[2026-04-04T08:11:45.196+0000] {task_command.py:426} INFO - Running <TaskInstance: bctc.ingest_bctc manual__2026-04-04T08:09:37+00:00 map_index=36 [running]> on host 9b78e65e9d44
[2026-04-04T08:11:45.315+0000] {taskinstance.py:2648} INFO - Exporting env vars: AIRFLOW_CTX_DAG_OWNER='***' AIRFLOW_CTX_DAG_ID='bctc' AIRFLOW_CTX_TASK_ID='ingest_bctc' AIRFLOW_CTX_EXECUTION_DATE='2026-04-04T08:09:37+00:00' AIRFLOW_CTX_TRY_NUMBER='1' AIRFLOW_CTX_DAG_RUN_ID='manual__2026-04-04T08:09:37+00:00'
[2026-04-04T08:11:45.317+0000] {taskinstance.py:430} INFO - ::endgroup::
[2026-04-04T08:11:45.317+0000] {datalake_df2csv.py:40} INFO - ================================================================================
[2026-04-04T08:11:45.318+0000] {datalake_df2csv.py:41} INFO - 🚀 BẮT ĐẦU TASK: ingest_bctc
[2026-04-04T08:11:45.318+0000] {datalake_df2csv.py:42} INFO - ================================================================================
[2026-04-04T08:11:45.318+0000] {datalake_df2csv.py:43} INFO - 📋 Thông tin cấu hình:
[2026-04-04T08:11:45.319+0000] {datalake_df2csv.py:44} INFO -   - Logic file: bctc
[2026-04-04T08:11:45.319+0000] {datalake_df2csv.py:45} INFO -   - DataFrame name: get_financial_reports
[2026-04-04T08:11:45.319+0000] {datalake_df2csv.py:46} INFO -   - Bucket: thongtin-congty-va-bctc
[2026-04-04T08:11:45.320+0000] {datalake_df2csv.py:47} INFO -   - Object path: bctc/2026-04-04_08:09:45:313/batch_36.csv
[2026-04-04T08:11:45.320+0000] {datalake_df2csv.py:48} INFO -   - Connection ID: minio_finance
[2026-04-04T08:11:45.321+0000] {datalake_df2csv.py:49} INFO -   - Tham số truyền vào: {'symbols': ['VNG', 'AVC', 'DCF', 'TV2', 'WSS', 'MNB', 'TMC', 'VPS', 'SDT', 'SRB', 'NFC', 'VLA', 'MWG', 'BCP', 'KSV', 'PCF', 'PIV', 'INN', 'NNC', 'TQN'], 'current_year': '2026', 'current_quarter': '1', 'ds': '2026-04-04_08:09:45:313'}
[2026-04-04T08:11:45.321+0000] {datalake_df2csv.py:50} INFO - --------------------------------------------------------------------------------
[2026-04-04T08:11:45.321+0000] {datalake_df2csv.py:54} INFO - 📥 Bước 1: Đang load dữ liệu từ logic file...
[2026-04-04T08:11:45.325+0000] {datalake_df2csv.py:148} INFO -   - Logic directory: /opt/airflow/plugins/logic
[2026-04-04T08:11:45.326+0000] {datalake_df2csv.py:149} INFO -   - Module path: /opt/airflow/plugins/logic/bctc.py
[2026-04-04T08:11:45.326+0000] {datalake_df2csv.py:153} INFO -   - Đã thêm logic directory vào sys.path
[2026-04-04T08:11:45.328+0000] {datalake_df2csv.py:159} INFO -   - Đang load module 'bctc'...
[2026-04-04T08:11:45.334+0000] {datalake_df2csv.py:163} INFO -   - ✅ Module loaded thành công
[2026-04-04T08:11:45.335+0000] {datalake_df2csv.py:165} INFO -   - Đang tìm DataFrame/function: 'get_financial_reports'...
[2026-04-04T08:11:45.335+0000] {datalake_df2csv.py:170} INFO -   - ✅ Tìm thấy object: function
[2026-04-04T08:11:45.336+0000] {datalake_df2csv.py:173} INFO -   - Đang gọi function với tham số: {'symbols': ['VNG', 'AVC', 'DCF', 'TV2', 'WSS', 'MNB', 'TMC', 'VPS', 'SDT', 'SRB', 'NFC', 'VLA', 'MWG', 'BCP', 'KSV', 'PCF', 'PIV', 'INN', 'NNC', 'TQN'], 'current_year': '2026', 'current_quarter': '1', 'ds': '2026-04-04_08:09:45:313'}
[2026-04-04T08:11:45.336+0000] {datalake_df2csv.py:134} ERROR - ================================================================================
[2026-04-04T08:11:45.337+0000] {datalake_df2csv.py:135} ERROR - ❌ LỖI TRONG TASK: ingest_bctc
[2026-04-04T08:11:45.337+0000] {datalake_df2csv.py:136} ERROR - ================================================================================
[2026-04-04T08:11:45.337+0000] {datalake_df2csv.py:137} ERROR - ⚠️  Loại lỗi: TypeError
[2026-04-04T08:11:45.338+0000] {datalake_df2csv.py:138} ERROR - ⚠️  Chi tiết lỗi: get_financial_reports() got an unexpected keyword argument 'ds'
[2026-04-04T08:11:45.338+0000] {datalake_df2csv.py:139} ERROR - ⚠️  Thời gian đã chạy trước khi lỗi: 0.02 giây
[2026-04-04T08:11:45.341+0000] {datalake_df2csv.py:140} ERROR - ================================================================================
[2026-04-04T08:11:45.342+0000] {taskinstance.py:441} INFO - ::group::Post task execution logs
[2026-04-04T08:11:45.343+0000] {taskinstance.py:2905} ERROR - Task failed with exception
Traceback (most recent call last):
  File "/home/airflow/.local/lib/python3.12/site-packages/airflow/models/taskinstance.py", line 460, in _execute_task
    result = _execute_callable(context=context, **execute_callable_kwargs)
             ^^^^^^^^^^^^^^^^^^^^^^^^^^^^^^^^^^^^^^^^^^^^^^^^^^^^^^^^^^^^^
  File "/home/airflow/.local/lib/python3.12/site-packages/airflow/models/taskinstance.py", line 432, in _execute_callable
    return execute_callable(context=context, **execute_callable_kwargs)
           ^^^^^^^^^^^^^^^^^^^^^^^^^^^^^^^^^^^^^^^^^^^^^^^^^^^^^^^^^^^^
  File "/home/airflow/.local/lib/python3.12/site-packages/airflow/models/baseoperator.py", line 401, in wrapper
    return func(self, *args, **kwargs)
           ^^^^^^^^^^^^^^^^^^^^^^^^^^^
  File "/opt/airflow/plugins/function/datalake_df2csv.py", line 55, in execute
    df = self._load_dataframe()
         ^^^^^^^^^^^^^^^^^^^^^^
  File "/opt/airflow/plugins/function/datalake_df2csv.py", line 174, in _load_dataframe
    df = obj(**self.op_kwargs)
         ^^^^^^^^^^^^^^^^^^^^^
TypeError: get_financial_reports() got an unexpected keyword argument 'ds'
[2026-04-04T08:11:45.356+0000] {taskinstance.py:1206} INFO - Marking task as UP_FOR_RETRY. dag_id=bctc, task_id=ingest_bctc, run_id=manual__2026-04-04T08:09:37+00:00, map_index=36, execution_date=20260404T080937, start_date=20260404T081145, end_date=20260404T081145
[2026-04-04T08:11:45.369+0000] {standard_task_runner.py:110} ERROR - Failed to execute job 39200 for task ingest_bctc (get_financial_reports() got an unexpected keyword argument 'ds'; 7071)
[2026-04-04T08:11:45.388+0000] {local_task_job_runner.py:243} INFO - Task exited with return code 1
[2026-04-04T08:11:45.407+0000] {taskinstance.py:3503} INFO - 0 downstream tasks scheduled from follow-on schedule check
[2026-04-04T08:11:45.409+0000] {local_task_job_runner.py:222} INFO - ::endgroup::
