[2026-01-18T15:08:41.076+0000] {local_task_job_runner.py:120} INFO - ::group::Pre task execution logs
[2026-01-18T15:08:41.105+0000] {taskinstance.py:2076} INFO - Dependencies all met for dep_context=non-requeueable deps ti=<TaskInstance: backup_db.sync_macro_economy manual__2026-01-18T15:08:33.205632+00:00 [queued]>
[2026-01-18T15:08:41.118+0000] {taskinstance.py:2076} INFO - Dependencies all met for dep_context=requeueable deps ti=<TaskInstance: backup_db.sync_macro_economy manual__2026-01-18T15:08:33.205632+00:00 [queued]>
[2026-01-18T15:08:41.119+0000] {taskinstance.py:2306} INFO - Starting attempt 1 of 3
[2026-01-18T15:08:41.138+0000] {taskinstance.py:2330} INFO - Executing <Task(_PythonDecoratedOperator): sync_macro_economy> on 2026-01-18 15:08:33.205632+00:00
[2026-01-18T15:08:41.150+0000] {warnings.py:112} WARNING - This process (pid=153) is multi-threaded, use of fork() may lead to deadlocks in the child.

[2026-01-18T15:08:41.152+0000] {standard_task_runner.py:64} INFO - Started process 235 to run task
[2026-01-18T15:08:41.154+0000] {standard_task_runner.py:90} INFO - Running: ['***', 'tasks', 'run', 'backup_db', 'sync_macro_economy', 'manual__2026-01-18T15:08:33.205632+00:00', '--job-id', '2902', '--raw', '--subdir', 'DAGS_FOLDER/backup_db.py', '--cfg-path', '/tmp/tmp879_isq4']
[2026-01-18T15:08:41.159+0000] {standard_task_runner.py:91} INFO - Job 2902: Subtask sync_macro_economy
[2026-01-18T15:08:41.220+0000] {task_command.py:426} INFO - Running <TaskInstance: backup_db.sync_macro_economy manual__2026-01-18T15:08:33.205632+00:00 [running]> on host ddd078ceb447
[2026-01-18T15:08:41.323+0000] {taskinstance.py:2648} INFO - Exporting env vars: AIRFLOW_CTX_DAG_OWNER='***' AIRFLOW_CTX_DAG_ID='backup_db' AIRFLOW_CTX_TASK_ID='sync_macro_economy' AIRFLOW_CTX_EXECUTION_DATE='2026-01-18T15:08:33.205632+00:00' AIRFLOW_CTX_TRY_NUMBER='1' AIRFLOW_CTX_DAG_RUN_ID='manual__2026-01-18T15:08:33.205632+00:00'
[2026-01-18T15:08:41.324+0000] {taskinstance.py:430} INFO - ::endgroup::
[2026-01-18T15:08:41.330+0000] {logging_mixin.py:188} INFO - 
======================================================================
[2026-01-18T15:08:41.331+0000] {logging_mixin.py:188} INFO - 📊 [1/2] Processing macro_economy/ folder (xau, oil, dowjone)...
[2026-01-18T15:08:41.331+0000] {logging_mixin.py:188} INFO - ======================================================================
[2026-01-18T15:08:41.340+0000] {base.py:84} INFO - Using connection ID 'minio_finance' for task execution.
[2026-01-18T15:08:41.341+0000] {connection_wrapper.py:384} INFO - AWS Connection (conn_id='minio_finance', conn_type='aws') credentials retrieved from login and password.
[2026-01-18T15:08:42.781+0000] {logging_mixin.py:188} INFO - 
======================================================================
[2026-01-18T15:08:42.782+0000] {logging_mixin.py:188} INFO - 🌍 [2/2] Processing global_index/ folder (usd_vnd, dxy_index, usd_cny, eur_usd, us_bond_10y)...
[2026-01-18T15:08:42.783+0000] {logging_mixin.py:188} INFO - ======================================================================
[2026-01-18T15:08:42.832+0000] {base.py:84} INFO - Using connection ID 'minio_finance' for task execution.
[2026-01-18T15:08:42.833+0000] {connection_wrapper.py:384} INFO - AWS Connection (conn_id='minio_finance', conn_type='aws') credentials retrieved from login and password.
[2026-01-18T15:08:43.156+0000] {python.py:237} INFO - Done. Returned value was: macro_economy: Inserted 0 rows from 0 asset types, global_index: Inserted 0 rows from 0 index types
[2026-01-18T15:08:43.157+0000] {taskinstance.py:441} INFO - ::group::Post task execution logs
[2026-01-18T15:08:43.188+0000] {taskinstance.py:1206} INFO - Marking task as SUCCESS. dag_id=backup_db, task_id=sync_macro_economy, run_id=manual__2026-01-18T15:08:33.205632+00:00, execution_date=20260118T150833, start_date=20260118T150841, end_date=20260118T150843
[2026-01-18T15:08:43.258+0000] {local_task_job_runner.py:243} INFO - Task exited with return code 0
[2026-01-18T15:08:43.302+0000] {taskinstance.py:3503} INFO - 0 downstream tasks scheduled from follow-on schedule check
[2026-01-18T15:08:43.305+0000] {local_task_job_runner.py:222} INFO - ::endgroup::
