[2026-01-24T08:48:54.120+0000] {local_task_job_runner.py:120} INFO - ::group::Pre task execution logs
[2026-01-24T08:48:54.178+0000] {taskinstance.py:2076} INFO - Dependencies all met for dep_context=non-requeueable deps ti=<TaskInstance: financial_ratios_etl.ingest_financial_ratios manual__2026-01-24T08:33:50+00:00 map_index=287 [queued]>
[2026-01-24T08:48:54.217+0000] {taskinstance.py:2076} INFO - Dependencies all met for dep_context=requeueable deps ti=<TaskInstance: financial_ratios_etl.ingest_financial_ratios manual__2026-01-24T08:33:50+00:00 map_index=287 [queued]>
[2026-01-24T08:48:54.218+0000] {taskinstance.py:2306} INFO - Starting attempt 1 of 2
[2026-01-24T08:48:54.241+0000] {taskinstance.py:2330} INFO - Executing <Mapped(DfToCsvOperator): ingest_financial_ratios> on 2026-01-24 08:33:50+00:00
[2026-01-24T08:48:54.256+0000] {warnings.py:112} WARNING - This process (pid=9871) is multi-threaded, use of fork() may lead to deadlocks in the child.

[2026-01-24T08:48:54.259+0000] {standard_task_runner.py:64} INFO - Started process 9956 to run task
[2026-01-24T08:48:54.264+0000] {standard_task_runner.py:90} INFO - Running: ['***', 'tasks', 'run', 'financial_ratios_etl', 'ingest_financial_ratios', 'manual__2026-01-24T08:33:50+00:00', '--job-id', '6452', '--raw', '--subdir', 'DAGS_FOLDER/dl_financial_ratios.py', '--cfg-path', '/tmp/tmpnpcj2f3j', '--map-index', '287']
[2026-01-24T08:48:54.269+0000] {standard_task_runner.py:91} INFO - Job 6452: Subtask ingest_financial_ratios
[2026-01-24T08:48:54.342+0000] {task_command.py:426} INFO - Running <TaskInstance: financial_ratios_etl.ingest_financial_ratios manual__2026-01-24T08:33:50+00:00 map_index=287 [running]> on host 05b4b3a77fa2
[2026-01-24T08:48:54.495+0000] {taskinstance.py:2648} INFO - Exporting env vars: AIRFLOW_CTX_DAG_OWNER='***' AIRFLOW_CTX_DAG_ID='financial_ratios_etl' AIRFLOW_CTX_TASK_ID='ingest_financial_ratios' AIRFLOW_CTX_EXECUTION_DATE='2026-01-24T08:33:50+00:00' AIRFLOW_CTX_TRY_NUMBER='1' AIRFLOW_CTX_DAG_RUN_ID='manual__2026-01-24T08:33:50+00:00'
[2026-01-24T08:48:54.497+0000] {taskinstance.py:430} INFO - ::endgroup::
[2026-01-24T08:48:54.505+0000] {logging_mixin.py:188} INFO - [RATIO] Bắt đầu xử lý batch 2 mã: ['QTP', 'QTC']
[2026-01-24T08:48:54.505+0000] {logging_mixin.py:188} INFO - [RATIO] Kỳ dữ liệu: quarter
[2026-01-24T08:48:54.506+0000] {logging_mixin.py:188} INFO -  >> [RATIO] Đang lấy dữ liệu: QTP
[2026-01-24T08:48:54.619+0000] {logging_mixin.py:188} INFO -  ❌ [RATIO] Lỗi xử lý mã QTP: Failed to fetch data: 429 - Too Many Requests
[2026-01-24T08:48:54.620+0000] {logging_mixin.py:188} INFO -  >> [RATIO] Đang lấy dữ liệu: QTC
[2026-01-24T08:48:54.985+0000] {logging_mixin.py:188} INFO -  ❌ [RATIO] Lỗi xử lý mã QTC: Failed to fetch data: 429 - Too Many Requests
[2026-01-24T08:48:54.986+0000] {logging_mixin.py:188} INFO -  ⚠ [RATIO] Batch này không thu được dữ liệu nào.
[2026-01-24T08:48:54.989+0000] {datalake_df2csv.py:40} INFO - DataFrame rỗng, bỏ qua upload CSV.
[2026-01-24T08:48:54.990+0000] {taskinstance.py:441} INFO - ::group::Post task execution logs
[2026-01-24T08:48:55.001+0000] {taskinstance.py:1206} INFO - Marking task as SUCCESS. dag_id=financial_ratios_etl, task_id=ingest_financial_ratios, run_id=manual__2026-01-24T08:33:50+00:00, map_index=287, execution_date=20260124T083350, start_date=20260124T084854, end_date=20260124T084855
[2026-01-24T08:48:55.078+0000] {local_task_job_runner.py:243} INFO - Task exited with return code 0
[2026-01-24T08:48:55.097+0000] {taskinstance.py:3503} INFO - 0 downstream tasks scheduled from follow-on schedule check
[2026-01-24T08:48:55.099+0000] {local_task_job_runner.py:222} INFO - ::endgroup::
