[2026-01-20T09:25:17.707+0000] {local_task_job_runner.py:120} INFO - ::group::Pre task execution logs
[2026-01-20T09:25:17.755+0000] {taskinstance.py:2076} INFO - Dependencies all met for dep_context=non-requeueable deps ti=<TaskInstance: daily_price_minio.ingest_daily_price scheduled__2026-01-16T16:00:00+00:00 map_index=70 [queued]>
[2026-01-20T09:25:17.784+0000] {taskinstance.py:2076} INFO - Dependencies all met for dep_context=requeueable deps ti=<TaskInstance: daily_price_minio.ingest_daily_price scheduled__2026-01-16T16:00:00+00:00 map_index=70 [queued]>
[2026-01-20T09:25:17.784+0000] {taskinstance.py:2306} INFO - Starting attempt 1 of 2
[2026-01-20T09:25:17.814+0000] {taskinstance.py:2330} INFO - Executing <Mapped(DfToCsvOperator): ingest_daily_price> on 2026-01-16 16:00:00+00:00
[2026-01-20T09:25:17.833+0000] {warnings.py:112} WARNING - This process (pid=1384) is multi-threaded, use of fork() may lead to deadlocks in the child.

[2026-01-20T09:25:17.835+0000] {standard_task_runner.py:64} INFO - Started process 1540 to run task
[2026-01-20T09:25:17.862+0000] {standard_task_runner.py:90} INFO - Running: ['***', 'tasks', 'run', 'daily_price_minio', 'ingest_daily_price', 'scheduled__2026-01-16T16:00:00+00:00', '--job-id', '3613', '--raw', '--subdir', 'DAGS_FOLDER/daily_price_minio.py', '--cfg-path', '/tmp/tmpme5hn_y4', '--map-index', '70']
[2026-01-20T09:25:17.868+0000] {standard_task_runner.py:91} INFO - Job 3613: Subtask ingest_daily_price
[2026-01-20T09:25:18.012+0000] {task_command.py:426} INFO - Running <TaskInstance: daily_price_minio.ingest_daily_price scheduled__2026-01-16T16:00:00+00:00 map_index=70 [running]> on host f3a0488ef72d
[2026-01-20T09:25:18.267+0000] {taskinstance.py:2648} INFO - Exporting env vars: AIRFLOW_CTX_DAG_OWNER='***' AIRFLOW_CTX_DAG_ID='daily_price_minio' AIRFLOW_CTX_TASK_ID='ingest_daily_price' AIRFLOW_CTX_EXECUTION_DATE='2026-01-16T16:00:00+00:00' AIRFLOW_CTX_TRY_NUMBER='1' AIRFLOW_CTX_DAG_RUN_ID='scheduled__2026-01-16T16:00:00+00:00'
[2026-01-20T09:25:18.269+0000] {taskinstance.py:430} INFO - ::endgroup::
[2026-01-20T09:25:21.867+0000] {base.py:84} INFO - Using connection ID 'minio_finance' for task execution.
[2026-01-20T09:25:21.868+0000] {connection_wrapper.py:384} INFO - AWS Connection (conn_id='minio_finance', conn_type='aws') credentials retrieved from login and password.
[2026-01-20T09:25:22.807+0000] {datalake_df2csv.py:52} INFO - ✅ Đã upload 10 dòng -> s3://thongtin-congty-va-bctc/daily_price/2026-01-16/batch_70.csv
[2026-01-20T09:25:22.808+0000] {taskinstance.py:441} INFO - ::group::Post task execution logs
[2026-01-20T09:25:22.820+0000] {taskinstance.py:1206} INFO - Marking task as SUCCESS. dag_id=daily_price_minio, task_id=ingest_daily_price, run_id=scheduled__2026-01-16T16:00:00+00:00, map_index=70, execution_date=20260116T160000, start_date=20260120T092517, end_date=20260120T092522
[2026-01-20T09:25:22.873+0000] {local_task_job_runner.py:243} INFO - Task exited with return code 0
[2026-01-20T09:25:22.894+0000] {taskinstance.py:3503} INFO - 0 downstream tasks scheduled from follow-on schedule check
[2026-01-20T09:25:22.896+0000] {local_task_job_runner.py:222} INFO - ::endgroup::
