[2026-03-04T14:02:02.823+0000] {local_task_job_runner.py:120} INFO - ::group::Pre task execution logs
[2026-03-04T14:02:02.865+0000] {taskinstance.py:2076} INFO - Dependencies all met for dep_context=non-requeueable deps ti=<TaskInstance: daily_price.ingest_daily_price scheduled__2026-03-02T16:00:00+00:00 map_index=8 [queued]>
[2026-03-04T14:02:02.884+0000] {taskinstance.py:2076} INFO - Dependencies all met for dep_context=requeueable deps ti=<TaskInstance: daily_price.ingest_daily_price scheduled__2026-03-02T16:00:00+00:00 map_index=8 [queued]>
[2026-03-04T14:02:02.885+0000] {taskinstance.py:2306} INFO - Starting attempt 1 of 2
[2026-03-04T14:02:02.917+0000] {taskinstance.py:2330} INFO - Executing <Mapped(DfToCsvOperator): ingest_daily_price> on 2026-03-02 16:00:00+00:00
[2026-03-04T14:02:02.937+0000] {warnings.py:112} WARNING - This process (pid=365) is multi-threaded, use of fork() may lead to deadlocks in the child.

[2026-03-04T14:02:02.940+0000] {standard_task_runner.py:64} INFO - Started process 392 to run task
[2026-03-04T14:02:02.948+0000] {standard_task_runner.py:90} INFO - Running: ['***', 'tasks', 'run', 'daily_price', 'ingest_daily_price', 'scheduled__2026-03-02T16:00:00+00:00', '--job-id', '30309', '--raw', '--subdir', 'DAGS_FOLDER/dl_dailly_price.py', '--cfg-path', '/tmp/tmp2nv4hfvo', '--map-index', '8']
[2026-03-04T14:02:02.954+0000] {standard_task_runner.py:91} INFO - Job 30309: Subtask ingest_daily_price
[2026-03-04T14:02:03.061+0000] {task_command.py:426} INFO - Running <TaskInstance: daily_price.ingest_daily_price scheduled__2026-03-02T16:00:00+00:00 map_index=8 [running]> on host 6cdbaa9d95d1
[2026-03-04T14:02:03.290+0000] {taskinstance.py:2648} INFO - Exporting env vars: AIRFLOW_CTX_DAG_OWNER='***' AIRFLOW_CTX_DAG_ID='daily_price' AIRFLOW_CTX_TASK_ID='ingest_daily_price' AIRFLOW_CTX_EXECUTION_DATE='2026-03-02T16:00:00+00:00' AIRFLOW_CTX_TRY_NUMBER='1' AIRFLOW_CTX_DAG_RUN_ID='scheduled__2026-03-02T16:00:00+00:00'
[2026-03-04T14:02:03.292+0000] {taskinstance.py:430} INFO - ::endgroup::
[2026-03-04T14:02:03.293+0000] {datalake_df2csv.py:40} INFO - ================================================================================
[2026-03-04T14:02:03.293+0000] {datalake_df2csv.py:41} INFO - 🚀 BẮT ĐẦU TASK: ingest_daily_price
[2026-03-04T14:02:03.294+0000] {datalake_df2csv.py:42} INFO - ================================================================================
[2026-03-04T14:02:03.295+0000] {datalake_df2csv.py:43} INFO - 📋 Thông tin cấu hình:
[2026-03-04T14:02:03.295+0000] {datalake_df2csv.py:44} INFO -   - Logic file: history_price
[2026-03-04T14:02:03.296+0000] {datalake_df2csv.py:45} INFO -   - DataFrame name: get_history_price_batch
[2026-03-04T14:02:03.296+0000] {datalake_df2csv.py:46} INFO -   - Bucket: thongtin-congty-va-bctc
[2026-03-04T14:02:03.297+0000] {datalake_df2csv.py:47} INFO -   - Object path: daily_price/2026-03-02/batch_8.csv
[2026-03-04T14:02:03.297+0000] {datalake_df2csv.py:48} INFO -   - Connection ID: minio_finance
[2026-03-04T14:02:03.298+0000] {datalake_df2csv.py:49} INFO -   - Tham số truyền vào: {'symbols': ['PVA', 'SFN', 'NNT', 'LSS', 'SIV'], 'start_date': '2026-03-02', 'end_date': '2026-03-03'}
[2026-03-04T14:02:03.299+0000] {datalake_df2csv.py:50} INFO - --------------------------------------------------------------------------------
[2026-03-04T14:02:03.300+0000] {datalake_df2csv.py:54} INFO - 📥 Bước 1: Đang load dữ liệu từ logic file...
[2026-03-04T14:02:03.304+0000] {datalake_df2csv.py:148} INFO -   - Logic directory: /opt/airflow/plugins/logic
[2026-03-04T14:02:03.306+0000] {datalake_df2csv.py:149} INFO -   - Module path: /opt/airflow/plugins/logic/history_price.py
[2026-03-04T14:02:03.307+0000] {datalake_df2csv.py:153} INFO -   - Đã thêm logic directory vào sys.path
[2026-03-04T14:02:03.309+0000] {datalake_df2csv.py:159} INFO -   - Đang load module 'history_price'...
[2026-03-04T14:02:03.317+0000] {datalake_df2csv.py:163} INFO -   - ✅ Module loaded thành công
[2026-03-04T14:02:03.318+0000] {datalake_df2csv.py:165} INFO -   - Đang tìm DataFrame/function: 'get_history_price_batch'...
[2026-03-04T14:02:03.319+0000] {datalake_df2csv.py:170} INFO -   - ✅ Tìm thấy object: function
[2026-03-04T14:02:03.320+0000] {datalake_df2csv.py:173} INFO -   - Đang gọi function với tham số: {'symbols': ['PVA', 'SFN', 'NNT', 'LSS', 'SIV'], 'start_date': '2026-03-02', 'end_date': '2026-03-03'}
[2026-03-04T14:02:21.218+0000] {datalake_df2csv.py:68} INFO - ✅ Load dữ liệu thành công!
[2026-03-04T14:02:21.219+0000] {datalake_df2csv.py:69} INFO - 📊 Thông tin DataFrame:
[2026-03-04T14:02:21.220+0000] {datalake_df2csv.py:70} INFO -   - Số dòng: 20
[2026-03-04T14:02:21.221+0000] {datalake_df2csv.py:71} INFO -   - Số cột: 7
[2026-03-04T14:02:21.222+0000] {datalake_df2csv.py:72} INFO -   - Tên các cột: ['ticker', 'trading_date', 'open', 'high', 'low', 'close', 'volume']
[2026-03-04T14:02:21.223+0000] {datalake_df2csv.py:73} INFO -   - Kiểu dữ liệu: {'ticker': 'object', 'trading_date': 'object', 'open': 'float64', 'high': 'float64', 'low': 'float64', 'close': 'float64', 'volume': 'int64'}
[2026-03-04T14:02:21.226+0000] {datalake_df2csv.py:74} INFO -   - Bộ nhớ sử dụng: 0.00 MB
[2026-03-04T14:02:21.229+0000] {datalake_df2csv.py:83} INFO -   - Không có giá trị NULL
[2026-03-04T14:02:21.230+0000] {datalake_df2csv.py:86} INFO -   - Mẫu dữ liệu (5 dòng đầu):
[2026-03-04T14:02:21.232+0000] {datalake_df2csv.py:88} INFO -     Row 0: {'ticker': 'PVA', 'trading_date': '2024-07-22', 'open': 0.5, 'high': 0.5, 'low': 0.5, 'close': 0.5, 'volume': 0}
[2026-03-04T14:02:21.233+0000] {datalake_df2csv.py:88} INFO -     Row 1: {'ticker': 'PVA', 'trading_date': '2024-07-23', 'open': 0.5, 'high': 0.5, 'low': 0.5, 'close': 0.5, 'volume': 0}
[2026-03-04T14:02:21.234+0000] {datalake_df2csv.py:88} INFO -     Row 2: {'ticker': 'PVA', 'trading_date': '2024-07-24', 'open': 0.5, 'high': 0.5, 'low': 0.5, 'close': 0.5, 'volume': 0}
[2026-03-04T14:02:21.235+0000] {datalake_df2csv.py:88} INFO -     Row 3: {'ticker': 'PVA', 'trading_date': '2024-07-25', 'open': 0.5, 'high': 0.5, 'low': 0.5, 'close': 0.5, 'volume': 0}
[2026-03-04T14:02:21.236+0000] {datalake_df2csv.py:88} INFO -     Row 4: {'ticker': 'SFN', 'trading_date': '2026-02-13', 'open': 20.0, 'high': 20.0, 'low': 20.0, 'close': 20.0, 'volume': 100}
[2026-03-04T14:02:21.236+0000] {datalake_df2csv.py:90} INFO - --------------------------------------------------------------------------------
[2026-03-04T14:02:21.237+0000] {datalake_df2csv.py:93} INFO - 📝 Bước 2: Đang chuyển đổi DataFrame sang CSV...
[2026-03-04T14:02:21.245+0000] {datalake_df2csv.py:97} INFO - ✅ Chuyển đổi CSV thành công!
[2026-03-04T14:02:21.246+0000] {datalake_df2csv.py:98} INFO -   - Kích thước file: 0.00 MB
[2026-03-04T14:02:21.246+0000] {datalake_df2csv.py:99} INFO -   - Thời gian chuyển đổi: 0.01 giây
[2026-03-04T14:02:21.247+0000] {datalake_df2csv.py:100} INFO - --------------------------------------------------------------------------------
[2026-03-04T14:02:21.247+0000] {datalake_df2csv.py:103} INFO - ☁️  Bước 3: Đang upload lên MinIO/S3...
[2026-03-04T14:02:21.262+0000] {base.py:84} INFO - Using connection ID 'minio_finance' for task execution.
[2026-03-04T14:02:21.263+0000] {connection_wrapper.py:384} INFO - AWS Connection (conn_id='minio_finance', conn_type='aws') credentials retrieved from login and password.
[2026-03-04T14:02:22.494+0000] {datalake_df2csv.py:112} INFO -   - Bucket 'thongtin-congty-va-bctc' đã tồn tại
[2026-03-04T14:02:22.558+0000] {datalake_df2csv.py:117} INFO - ✅ Upload thành công!
[2026-03-04T14:02:22.559+0000] {datalake_df2csv.py:118} INFO -   - Đường dẫn: s3://thongtin-congty-va-bctc/daily_price/2026-03-02/batch_8.csv
[2026-03-04T14:02:22.559+0000] {datalake_df2csv.py:119} INFO -   - Số dòng: 20
[2026-03-04T14:02:22.560+0000] {datalake_df2csv.py:120} INFO -   - Thời gian upload: 1.31 giây
[2026-03-04T14:02:22.560+0000] {datalake_df2csv.py:121} INFO - --------------------------------------------------------------------------------
[2026-03-04T14:02:22.561+0000] {datalake_df2csv.py:125} INFO - 📈 TỔNG KẾT:
[2026-03-04T14:02:22.561+0000] {datalake_df2csv.py:126} INFO -   - Tổng thời gian thực thi: 19.27 giây
[2026-03-04T14:02:22.562+0000] {datalake_df2csv.py:127} INFO -   - Tốc độ xử lý: 1 dòng/giây
[2026-03-04T14:02:22.562+0000] {datalake_df2csv.py:128} INFO - ================================================================================
[2026-03-04T14:02:22.563+0000] {datalake_df2csv.py:129} INFO - ✅ HOÀN THÀNH TASK: ingest_daily_price
[2026-03-04T14:02:22.563+0000] {datalake_df2csv.py:130} INFO - ================================================================================
[2026-03-04T14:02:22.565+0000] {taskinstance.py:441} INFO - ::group::Post task execution logs
[2026-03-04T14:02:22.583+0000] {taskinstance.py:1206} INFO - Marking task as SUCCESS. dag_id=daily_price, task_id=ingest_daily_price, run_id=scheduled__2026-03-02T16:00:00+00:00, map_index=8, execution_date=20260302T160000, start_date=20260304T140202, end_date=20260304T140222
[2026-03-04T14:02:22.665+0000] {local_task_job_runner.py:243} INFO - Task exited with return code 0
[2026-03-04T14:02:22.689+0000] {taskinstance.py:3503} INFO - 0 downstream tasks scheduled from follow-on schedule check
[2026-03-04T14:02:22.699+0000] {local_task_job_runner.py:222} INFO - ::endgroup::
