[2026-01-20T15:27:11.861+0000] {local_task_job_runner.py:120} INFO - ::group::Pre task execution logs
[2026-01-20T15:27:11.875+0000] {taskinstance.py:2076} INFO - Dependencies all met for dep_context=non-requeueable deps ti=<TaskInstance: backup_db_full_sync.remove_all_duplicates manual__2026-01-20T15:26:10.758678+00:00 [queued]>
[2026-01-20T15:27:11.882+0000] {taskinstance.py:2076} INFO - Dependencies all met for dep_context=requeueable deps ti=<TaskInstance: backup_db_full_sync.remove_all_duplicates manual__2026-01-20T15:26:10.758678+00:00 [queued]>
[2026-01-20T15:27:11.883+0000] {taskinstance.py:2306} INFO - Starting attempt 1 of 3
[2026-01-20T15:27:11.894+0000] {taskinstance.py:2330} INFO - Executing <Task(_PythonDecoratedOperator): remove_all_duplicates> on 2026-01-20 15:26:10.758678+00:00
[2026-01-20T15:27:11.903+0000] {warnings.py:112} WARNING - This process (pid=202) is multi-threaded, use of fork() may lead to deadlocks in the child.

[2026-01-20T15:27:11.904+0000] {standard_task_runner.py:64} INFO - Started process 212 to run task
[2026-01-20T15:27:11.906+0000] {standard_task_runner.py:90} INFO - Running: ['***', 'tasks', 'run', 'backup_db_full_sync', 'remove_all_duplicates', 'manual__2026-01-20T15:26:10.758678+00:00', '--job-id', '3851', '--raw', '--subdir', 'DAGS_FOLDER/backup_db_full_sync.py', '--cfg-path', '/tmp/tmpt3g39n_h']
[2026-01-20T15:27:11.908+0000] {standard_task_runner.py:91} INFO - Job 3851: Subtask remove_all_duplicates
[2026-01-20T15:27:11.947+0000] {task_command.py:426} INFO - Running <TaskInstance: backup_db_full_sync.remove_all_duplicates manual__2026-01-20T15:26:10.758678+00:00 [running]> on host 281822c47ea2
[2026-01-20T15:27:12.015+0000] {taskinstance.py:2648} INFO - Exporting env vars: AIRFLOW_CTX_DAG_OWNER='***' AIRFLOW_CTX_DAG_ID='backup_db_full_sync' AIRFLOW_CTX_TASK_ID='remove_all_duplicates' AIRFLOW_CTX_EXECUTION_DATE='2026-01-20T15:26:10.758678+00:00' AIRFLOW_CTX_TRY_NUMBER='1' AIRFLOW_CTX_DAG_RUN_ID='manual__2026-01-20T15:26:10.758678+00:00'
[2026-01-20T15:27:12.016+0000] {taskinstance.py:430} INFO - ::endgroup::
[2026-01-20T15:27:12.017+0000] {backup_db_full_sync.py:272} INFO - ======================================================================
[2026-01-20T15:27:12.018+0000] {backup_db_full_sync.py:273} INFO - 🧹 REMOVING DUPLICATE RECORDS FROM ALL TABLES
[2026-01-20T15:27:12.018+0000] {backup_db_full_sync.py:274} INFO - ======================================================================
[2026-01-20T15:27:12.075+0000] {backup_db_full_sync.py:313} INFO -   bctc: Removed 0 duplicates
[2026-01-20T15:27:12.079+0000] {backup_db_full_sync.py:313} INFO -   company_overview: Removed 0 duplicates
[2026-01-20T15:27:12.083+0000] {backup_db_full_sync.py:313} INFO -   financial_ratio: Removed 2,062 duplicates
[2026-01-20T15:27:12.086+0000] {backup_db_full_sync.py:313} INFO -   history_price: Removed 0 duplicates
[2026-01-20T15:27:12.087+0000] {backup_db_full_sync.py:296} INFO -   macro_economy: Empty, skipped
[2026-01-20T15:27:12.088+0000] {backup_db_full_sync.py:313} INFO -   market_index: Removed 0 duplicates
[2026-01-20T15:27:12.089+0000] {backup_db_full_sync.py:296} INFO -   news: Empty, skipped
[2026-01-20T15:27:12.125+0000] {backup_db_full_sync.py:313} INFO -   owner: Removed 0 duplicates
[2026-01-20T15:27:12.127+0000] {backup_db_full_sync.py:320} INFO - ✅ Total duplicates removed: 2,062
[2026-01-20T15:27:12.127+0000] {python.py:237} INFO - Done. Returned value was: ✅ Removed 2,062 total duplicates
[2026-01-20T15:27:12.128+0000] {taskinstance.py:441} INFO - ::group::Post task execution logs
[2026-01-20T15:27:12.147+0000] {taskinstance.py:1206} INFO - Marking task as SUCCESS. dag_id=backup_db_full_sync, task_id=remove_all_duplicates, run_id=manual__2026-01-20T15:26:10.758678+00:00, execution_date=20260120T152610, start_date=20260120T152711, end_date=20260120T152712
[2026-01-20T15:27:12.199+0000] {local_task_job_runner.py:243} INFO - Task exited with return code 0
[2026-01-20T15:27:12.223+0000] {taskinstance.py:3503} INFO - 1 downstream tasks scheduled from follow-on schedule check
[2026-01-20T15:27:12.225+0000] {local_task_job_runner.py:222} INFO - ::endgroup::
