[2026-02-04T15:13:41.933+0000] {local_task_job_runner.py:120} INFO - ::group::Pre task execution logs
[2026-02-04T15:13:41.970+0000] {taskinstance.py:2076} INFO - Dependencies all met for dep_context=non-requeueable deps ti=<TaskInstance: bctc_minio.ingest_bctc manual__2026-02-04T14:52:47+00:00 map_index=32 [queued]>
[2026-02-04T15:13:41.997+0000] {taskinstance.py:2076} INFO - Dependencies all met for dep_context=requeueable deps ti=<TaskInstance: bctc_minio.ingest_bctc manual__2026-02-04T14:52:47+00:00 map_index=32 [queued]>
[2026-02-04T15:13:41.998+0000] {taskinstance.py:2306} INFO - Starting attempt 1 of 2
[2026-02-04T15:13:42.032+0000] {taskinstance.py:2330} INFO - Executing <Mapped(DfToCsvOperator): ingest_bctc> on 2026-02-04 14:52:47+00:00
[2026-02-04T15:13:42.056+0000] {warnings.py:112} WARNING - This process (pid=2813) is multi-threaded, use of fork() may lead to deadlocks in the child.

[2026-02-04T15:13:42.062+0000] {standard_task_runner.py:64} INFO - Started process 2910 to run task
[2026-02-04T15:13:42.065+0000] {standard_task_runner.py:90} INFO - Running: ['***', 'tasks', 'run', 'bctc_minio', 'ingest_bctc', 'manual__2026-02-04T14:52:47+00:00', '--job-id', '17389', '--raw', '--subdir', 'DAGS_FOLDER/dl_bctc.py', '--cfg-path', '/tmp/tmpietgtm7z', '--map-index', '32']
[2026-02-04T15:13:42.071+0000] {standard_task_runner.py:91} INFO - Job 17389: Subtask ingest_bctc
[2026-02-04T15:13:42.259+0000] {task_command.py:426} INFO - Running <TaskInstance: bctc_minio.ingest_bctc manual__2026-02-04T14:52:47+00:00 map_index=32 [running]> on host 918dbd497d34
[2026-02-04T15:13:42.607+0000] {taskinstance.py:2648} INFO - Exporting env vars: AIRFLOW_CTX_DAG_OWNER='***' AIRFLOW_CTX_DAG_ID='bctc_minio' AIRFLOW_CTX_TASK_ID='ingest_bctc' AIRFLOW_CTX_EXECUTION_DATE='2026-02-04T14:52:47+00:00' AIRFLOW_CTX_TRY_NUMBER='1' AIRFLOW_CTX_DAG_RUN_ID='manual__2026-02-04T14:52:47+00:00'
[2026-02-04T15:13:42.623+0000] {taskinstance.py:430} INFO - ::endgroup::
[2026-02-04T15:13:42.637+0000] {logging_mixin.py:188} INFO - Bắt đầu xử lý batch 20 mã: ['PSP', 'PSN', 'PSL', 'PSI', 'PSH', 'PSG', 'PSE', 'PSD', 'PSC', 'PSB', 'PRT', 'PRO', 'PRE', 'PRC', 'PQN', 'PPY', 'PPT', 'PPS', 'PPP', 'PPI']
[2026-02-04T15:13:42.638+0000] {logging_mixin.py:188} INFO -  >> Đang lấy dữ liệu: PSP
[2026-02-04T15:13:51.503+0000] {logging_mixin.py:188} INFO -  >> Đang lấy dữ liệu: PSN
[2026-02-04T15:14:00.587+0000] {logging_mixin.py:188} INFO -  >> Đang lấy dữ liệu: PSL
[2026-02-04T15:14:05.875+0000] {logging_mixin.py:188} INFO - ❌ Lỗi income_statement: RetryError[<Future at 0x7f63a8b605c0 state=finished raised KeyError>]
[2026-02-04T15:14:33.074+0000] {logging_mixin.py:188} INFO - ❌ Lỗi balance_sheet: RetryError[<Future at 0x7f63a8b61d30 state=finished raised KeyError>]
[2026-02-04T15:14:39.094+0000] {logging_mixin.py:188} INFO - ❌ Lỗi cash_flow: RetryError[<Future at 0x7f63a8b635f0 state=finished raised KeyError>]
[2026-02-04T15:14:42.597+0000] {logging_mixin.py:188} INFO -  >> Đang lấy dữ liệu: PSI
[2026-02-04T15:14:50.769+0000] {logging_mixin.py:188} INFO -  >> Đang lấy dữ liệu: PSH
[2026-02-04T15:15:00.994+0000] {logging_mixin.py:188} INFO -  >> Đang lấy dữ liệu: PSG
[2026-02-04T15:15:09.159+0000] {logging_mixin.py:188} INFO -  >> Đang lấy dữ liệu: PSE
[2026-02-04T15:15:17.478+0000] {logging_mixin.py:188} INFO -  >> Đang lấy dữ liệu: PSD
[2026-02-04T15:15:26.069+0000] {logging_mixin.py:188} INFO -  >> Đang lấy dữ liệu: PSC
[2026-02-04T15:15:34.490+0000] {logging_mixin.py:188} INFO -  >> Đang lấy dữ liệu: PSB
[2026-02-04T15:15:44.280+0000] {logging_mixin.py:188} INFO -  >> Đang lấy dữ liệu: PRT
[2026-02-04T15:15:52.678+0000] {logging_mixin.py:188} INFO -  >> Đang lấy dữ liệu: PRO
[2026-02-04T15:16:01.007+0000] {logging_mixin.py:188} INFO -  >> Đang lấy dữ liệu: PRE
[2026-02-04T15:16:09.386+0000] {logging_mixin.py:188} INFO -  >> Đang lấy dữ liệu: PRC
[2026-02-04T15:16:17.798+0000] {logging_mixin.py:188} INFO -  >> Đang lấy dữ liệu: PQN
[2026-02-04T15:16:26.134+0000] {logging_mixin.py:188} INFO -  >> Đang lấy dữ liệu: PPY
[2026-02-04T15:16:34.422+0000] {logging_mixin.py:188} INFO -  >> Đang lấy dữ liệu: PPT
[2026-02-04T15:16:42.636+0000] {logging_mixin.py:188} INFO -  >> Đang lấy dữ liệu: PPS
[2026-02-04T15:16:50.991+0000] {logging_mixin.py:188} INFO -  >> Đang lấy dữ liệu: PPP
[2026-02-04T15:16:59.269+0000] {logging_mixin.py:188} INFO -  >> Đang lấy dữ liệu: PPI
[2026-02-04T15:17:07.461+0000] {logging_mixin.py:188} INFO -  ✓ Hoàn thành batch. Tổng số dòng: 5008
[2026-02-04T15:17:07.594+0000] {base.py:84} INFO - Using connection ID 'minio_finance' for task execution.
[2026-02-04T15:17:07.596+0000] {connection_wrapper.py:384} INFO - AWS Connection (conn_id='minio_finance', conn_type='aws') credentials retrieved from login and password.
[2026-02-04T15:17:08.272+0000] {datalake_df2csv.py:52} INFO - ✅ Đã upload 5008 dòng -> s3://thongtin-congty-va-bctc/bctc/2026-02-04/batch_32.csv
[2026-02-04T15:17:08.274+0000] {taskinstance.py:441} INFO - ::group::Post task execution logs
[2026-02-04T15:17:08.287+0000] {taskinstance.py:1206} INFO - Marking task as SUCCESS. dag_id=bctc_minio, task_id=ingest_bctc, run_id=manual__2026-02-04T14:52:47+00:00, map_index=32, execution_date=20260204T145247, start_date=20260204T151341, end_date=20260204T151708
[2026-02-04T15:17:08.348+0000] {local_task_job_runner.py:243} INFO - Task exited with return code 0
[2026-02-04T15:17:08.391+0000] {taskinstance.py:3503} INFO - 0 downstream tasks scheduled from follow-on schedule check
[2026-02-04T15:17:08.395+0000] {local_task_job_runner.py:222} INFO - ::endgroup::
