[2026-04-23T16:00:14.620+0000] {local_task_job_runner.py:120} INFO - ::group::Pre task execution logs
[2026-04-23T16:00:14.726+0000] {taskinstance.py:2076} INFO - Dependencies all met for dep_context=non-requeueable deps ti=<TaskInstance: electric_board_daily.ingest_electric_board scheduled__2026-04-22T16:00:00+00:00 map_index=7 [queued]>
[2026-04-23T16:00:14.752+0000] {taskinstance.py:2076} INFO - Dependencies all met for dep_context=requeueable deps ti=<TaskInstance: electric_board_daily.ingest_electric_board scheduled__2026-04-22T16:00:00+00:00 map_index=7 [queued]>
[2026-04-23T16:00:14.754+0000] {taskinstance.py:2306} INFO - Starting attempt 1 of 3
[2026-04-23T16:00:14.908+0000] {taskinstance.py:2330} INFO - Executing <Mapped(DfToCsvOperator): ingest_electric_board> on 2026-04-22 16:00:00+00:00
[2026-04-23T16:00:14.955+0000] {warnings.py:112} WARNING - This process (pid=5032) is multi-threaded, use of fork() may lead to deadlocks in the child.

[2026-04-23T16:00:15.016+0000] {standard_task_runner.py:64} INFO - Started process 5048 to run task
[2026-04-23T16:00:15.088+0000] {standard_task_runner.py:90} INFO - Running: ['***', 'tasks', 'run', 'electric_board_daily', 'ingest_electric_board', 'scheduled__2026-04-22T16:00:00+00:00', '--job-id', '44645', '--raw', '--subdir', 'DAGS_FOLDER/dl_electric_board.py', '--cfg-path', '/tmp/tmpcjglgw51', '--map-index', '7']
[2026-04-23T16:00:15.128+0000] {standard_task_runner.py:91} INFO - Job 44645: Subtask ingest_electric_board
[2026-04-23T16:00:15.582+0000] {task_command.py:426} INFO - Running <TaskInstance: electric_board_daily.ingest_electric_board scheduled__2026-04-22T16:00:00+00:00 map_index=7 [running]> on host df0317362dff
[2026-04-23T16:00:16.308+0000] {taskinstance.py:2648} INFO - Exporting env vars: AIRFLOW_CTX_DAG_OWNER='***' AIRFLOW_CTX_DAG_ID='electric_board_daily' AIRFLOW_CTX_TASK_ID='ingest_electric_board' AIRFLOW_CTX_EXECUTION_DATE='2026-04-22T16:00:00+00:00' AIRFLOW_CTX_TRY_NUMBER='1' AIRFLOW_CTX_DAG_RUN_ID='scheduled__2026-04-22T16:00:00+00:00'
[2026-04-23T16:00:16.324+0000] {taskinstance.py:430} INFO - ::endgroup::
[2026-04-23T16:00:16.331+0000] {datalake_df2csv.py:40} INFO - ================================================================================
[2026-04-23T16:00:16.334+0000] {datalake_df2csv.py:41} INFO - 🚀 BẮT ĐẦU TASK: ingest_electric_board
[2026-04-23T16:00:16.337+0000] {datalake_df2csv.py:42} INFO - ================================================================================
[2026-04-23T16:00:16.355+0000] {datalake_df2csv.py:43} INFO - 📋 Thông tin cấu hình:
[2026-04-23T16:00:16.356+0000] {datalake_df2csv.py:44} INFO -   - Logic file: electric_board
[2026-04-23T16:00:16.363+0000] {datalake_df2csv.py:45} INFO -   - DataFrame name: get_price_board_batch
[2026-04-23T16:00:16.372+0000] {datalake_df2csv.py:46} INFO -   - Bucket: thongtin-congty-va-bctc
[2026-04-23T16:00:16.376+0000] {datalake_df2csv.py:47} INFO -   - Object path: electric_board_per_day/2026-04-22/batch_7.csv
[2026-04-23T16:00:16.376+0000] {datalake_df2csv.py:48} INFO -   - Connection ID: minio_finance
[2026-04-23T16:00:16.378+0000] {datalake_df2csv.py:49} INFO -   - Tham số truyền vào: {'symbols': ['VTC', 'LDW', 'PQN', 'HAV', 'HAR', 'OGC', 'ACB', 'TVD', 'TDT', 'NKG', 'BTN', 'HMH', 'VE4', 'VE2', 'VXT', 'SVH', 'QTC', 'TMB', 'X77', 'DVC', 'PXL', 'CPC', 'ICT', 'BVS', 'DNM', 'APG', 'SBV', 'GMD', 'TOT', 'VIR', 'BIO', 'VSM', 'GKM', 'DKG', 'GCB', 'DPC', 'HDB', 'HU4', 'SVN', 'NUE', 'BVH', 'VIP', 'PTL', 'APT', 'L63', 'PMW', 'HNF', 'MPC', 'HLO', 'SKG'], 'trading_date': '2026-04-22'}
[2026-04-23T16:00:16.382+0000] {datalake_df2csv.py:50} INFO - --------------------------------------------------------------------------------
[2026-04-23T16:00:16.410+0000] {datalake_df2csv.py:54} INFO - 📥 Bước 1: Đang load dữ liệu từ logic file...
[2026-04-23T16:00:16.541+0000] {datalake_df2csv.py:148} INFO -   - Logic directory: /opt/airflow/plugins/logic
[2026-04-23T16:00:16.544+0000] {datalake_df2csv.py:149} INFO -   - Module path: /opt/airflow/plugins/logic/electric_board.py
[2026-04-23T16:00:16.548+0000] {datalake_df2csv.py:153} INFO -   - Đã thêm logic directory vào sys.path
[2026-04-23T16:00:16.556+0000] {datalake_df2csv.py:159} INFO -   - Đang load module 'electric_board'...
[2026-04-23T16:00:16.595+0000] {datalake_df2csv.py:163} INFO -   - ✅ Module loaded thành công
[2026-04-23T16:00:16.597+0000] {datalake_df2csv.py:165} INFO -   - Đang tìm DataFrame/function: 'get_price_board_batch'...
[2026-04-23T16:00:16.597+0000] {datalake_df2csv.py:170} INFO -   - ✅ Tìm thấy object: function
[2026-04-23T16:00:16.601+0000] {datalake_df2csv.py:173} INFO -   - Đang gọi function với tham số: {'symbols': ['VTC', 'LDW', 'PQN', 'HAV', 'HAR', 'OGC', 'ACB', 'TVD', 'TDT', 'NKG', 'BTN', 'HMH', 'VE4', 'VE2', 'VXT', 'SVH', 'QTC', 'TMB', 'X77', 'DVC', 'PXL', 'CPC', 'ICT', 'BVS', 'DNM', 'APG', 'SBV', 'GMD', 'TOT', 'VIR', 'BIO', 'VSM', 'GKM', 'DKG', 'GCB', 'DPC', 'HDB', 'HU4', 'SVN', 'NUE', 'BVH', 'VIP', 'PTL', 'APT', 'L63', 'PMW', 'HNF', 'MPC', 'HLO', 'SKG'], 'trading_date': '2026-04-22'}
[2026-04-23T16:00:16.602+0000] {logging_mixin.py:188} INFO - [ELECTRIC_BOARD] Fetching price board for 50 symbols: ['VTC', 'LDW', 'PQN', 'HAV', 'HAR']...
[2026-04-23T16:00:22.226+0000] {logging_mixin.py:188} INFO - [ELECTRIC_BOARD] ✅ Fetched 50 rows, 1 columns
[2026-04-23T16:00:22.227+0000] {datalake_df2csv.py:68} INFO - ✅ Load dữ liệu thành công!
[2026-04-23T16:00:22.228+0000] {datalake_df2csv.py:69} INFO - 📊 Thông tin DataFrame:
[2026-04-23T16:00:22.228+0000] {datalake_df2csv.py:70} INFO -   - Số dòng: 50
[2026-04-23T16:00:22.230+0000] {datalake_df2csv.py:71} INFO -   - Số cột: 1
[2026-04-23T16:00:22.232+0000] {datalake_df2csv.py:72} INFO -   - Tên các cột: ['trading_date']
[2026-04-23T16:00:22.235+0000] {datalake_df2csv.py:73} INFO -   - Kiểu dữ liệu: {'trading_date': 'object'}
[2026-04-23T16:00:22.240+0000] {datalake_df2csv.py:74} INFO -   - Bộ nhớ sử dụng: 0.00 MB
[2026-04-23T16:00:22.243+0000] {datalake_df2csv.py:83} INFO -   - Không có giá trị NULL
[2026-04-23T16:00:22.244+0000] {datalake_df2csv.py:86} INFO -   - Mẫu dữ liệu (5 dòng đầu):
[2026-04-23T16:00:22.248+0000] {datalake_df2csv.py:88} INFO -     Row 0: {'trading_date': '2026-04-22'}
[2026-04-23T16:00:22.250+0000] {datalake_df2csv.py:88} INFO -     Row 1: {'trading_date': '2026-04-22'}
[2026-04-23T16:00:22.251+0000] {datalake_df2csv.py:88} INFO -     Row 2: {'trading_date': '2026-04-22'}
[2026-04-23T16:00:22.254+0000] {datalake_df2csv.py:88} INFO -     Row 3: {'trading_date': '2026-04-22'}
[2026-04-23T16:00:22.256+0000] {datalake_df2csv.py:88} INFO -     Row 4: {'trading_date': '2026-04-22'}
[2026-04-23T16:00:22.257+0000] {datalake_df2csv.py:90} INFO - --------------------------------------------------------------------------------
[2026-04-23T16:00:22.258+0000] {datalake_df2csv.py:93} INFO - 📝 Bước 2: Đang chuyển đổi DataFrame sang CSV...
[2026-04-23T16:00:22.274+0000] {datalake_df2csv.py:97} INFO - ✅ Chuyển đổi CSV thành công!
[2026-04-23T16:00:22.280+0000] {datalake_df2csv.py:98} INFO -   - Kích thước file: 0.00 MB
[2026-04-23T16:00:22.285+0000] {datalake_df2csv.py:99} INFO -   - Thời gian chuyển đổi: 0.01 giây
[2026-04-23T16:00:22.287+0000] {datalake_df2csv.py:100} INFO - --------------------------------------------------------------------------------
[2026-04-23T16:00:22.289+0000] {datalake_df2csv.py:103} INFO - ☁️  Bước 3: Đang upload lên MinIO/S3...
[2026-04-23T16:00:22.320+0000] {base.py:84} INFO - Using connection ID 'minio_finance' for task execution.
[2026-04-23T16:00:22.322+0000] {connection_wrapper.py:384} INFO - AWS Connection (conn_id='minio_finance', conn_type='aws') credentials retrieved from login and password.
[2026-04-23T16:00:24.379+0000] {datalake_df2csv.py:112} INFO -   - Bucket 'thongtin-congty-va-bctc' đã tồn tại
[2026-04-23T16:00:24.524+0000] {datalake_df2csv.py:117} INFO - ✅ Upload thành công!
[2026-04-23T16:00:24.525+0000] {datalake_df2csv.py:118} INFO -   - Đường dẫn: s3://thongtin-congty-va-bctc/electric_board_per_day/2026-04-22/batch_7.csv
[2026-04-23T16:00:24.527+0000] {datalake_df2csv.py:119} INFO -   - Số dòng: 50
[2026-04-23T16:00:24.528+0000] {datalake_df2csv.py:120} INFO -   - Thời gian upload: 2.23 giây
[2026-04-23T16:00:24.532+0000] {datalake_df2csv.py:121} INFO - --------------------------------------------------------------------------------
[2026-04-23T16:00:24.535+0000] {datalake_df2csv.py:125} INFO - 📈 TỔNG KẾT:
[2026-04-23T16:00:24.535+0000] {datalake_df2csv.py:126} INFO -   - Tổng thời gian thực thi: 8.20 giây
[2026-04-23T16:00:24.536+0000] {datalake_df2csv.py:127} INFO -   - Tốc độ xử lý: 6 dòng/giây
[2026-04-23T16:00:24.537+0000] {datalake_df2csv.py:128} INFO - ================================================================================
[2026-04-23T16:00:24.539+0000] {datalake_df2csv.py:129} INFO - ✅ HOÀN THÀNH TASK: ingest_electric_board
[2026-04-23T16:00:24.541+0000] {datalake_df2csv.py:130} INFO - ================================================================================
[2026-04-23T16:00:24.543+0000] {taskinstance.py:441} INFO - ::group::Post task execution logs
[2026-04-23T16:00:24.569+0000] {taskinstance.py:1206} INFO - Marking task as SUCCESS. dag_id=electric_board_daily, task_id=ingest_electric_board, run_id=scheduled__2026-04-22T16:00:00+00:00, map_index=7, execution_date=20260422T160000, start_date=20260423T160014, end_date=20260423T160024
[2026-04-23T16:00:24.726+0000] {local_task_job_runner.py:243} INFO - Task exited with return code 0
[2026-04-23T16:00:24.753+0000] {taskinstance.py:3503} INFO - 0 downstream tasks scheduled from follow-on schedule check
[2026-04-23T16:00:24.757+0000] {local_task_job_runner.py:222} INFO - ::endgroup::
