[2026-01-22T14:42:00.650+0000] {local_task_job_runner.py:120} INFO - ::group::Pre task execution logs
[2026-01-22T14:42:00.730+0000] {taskinstance.py:2076} INFO - Dependencies all met for dep_context=non-requeueable deps ti=<TaskInstance: financial_ratios_etl.ingest_financial_ratios manual__2026-01-19T13:56:35+00:00 map_index=719 [queued]>
[2026-01-22T14:42:00.803+0000] {taskinstance.py:2076} INFO - Dependencies all met for dep_context=requeueable deps ti=<TaskInstance: financial_ratios_etl.ingest_financial_ratios manual__2026-01-19T13:56:35+00:00 map_index=719 [queued]>
[2026-01-22T14:42:00.804+0000] {taskinstance.py:2306} INFO - Starting attempt 1 of 2
[2026-01-22T14:42:00.824+0000] {taskinstance.py:2330} INFO - Executing <Mapped(DfToCsvOperator): ingest_financial_ratios> on 2026-01-19 13:56:35+00:00
[2026-01-22T14:42:00.841+0000] {warnings.py:112} WARNING - This process (pid=16837) is multi-threaded, use of fork() may lead to deadlocks in the child.

[2026-01-22T14:42:00.843+0000] {standard_task_runner.py:64} INFO - Started process 16923 to run task
[2026-01-22T14:42:00.845+0000] {standard_task_runner.py:90} INFO - Running: ['***', 'tasks', 'run', 'financial_ratios_etl', 'ingest_financial_ratios', 'manual__2026-01-19T13:56:35+00:00', '--job-id', '5135', '--raw', '--subdir', 'DAGS_FOLDER/financial_ratios_etl.py', '--cfg-path', '/tmp/tmp7naqyk76', '--map-index', '719']
[2026-01-22T14:42:00.850+0000] {standard_task_runner.py:91} INFO - Job 5135: Subtask ingest_financial_ratios
[2026-01-22T14:42:00.923+0000] {task_command.py:426} INFO - Running <TaskInstance: financial_ratios_etl.ingest_financial_ratios manual__2026-01-19T13:56:35+00:00 map_index=719 [running]> on host 4da96d4d1b09
[2026-01-22T14:42:01.083+0000] {taskinstance.py:2648} INFO - Exporting env vars: AIRFLOW_CTX_DAG_OWNER='***' AIRFLOW_CTX_DAG_ID='financial_ratios_etl' AIRFLOW_CTX_TASK_ID='ingest_financial_ratios' AIRFLOW_CTX_EXECUTION_DATE='2026-01-19T13:56:35+00:00' AIRFLOW_CTX_TRY_NUMBER='1' AIRFLOW_CTX_DAG_RUN_ID='manual__2026-01-19T13:56:35+00:00'
[2026-01-22T14:42:01.085+0000] {taskinstance.py:430} INFO - ::endgroup::
[2026-01-22T14:42:01.097+0000] {logging_mixin.py:188} INFO - [RATIO] Bắt đầu xử lý batch 2 mã: ['CTN', 'CTI']
[2026-01-22T14:42:01.097+0000] {logging_mixin.py:188} INFO - [RATIO] Kỳ dữ liệu: quarter
[2026-01-22T14:42:01.098+0000] {logging_mixin.py:188} INFO -  >> [RATIO] Đang lấy dữ liệu: CTN
[2026-01-22T14:42:01.835+0000] {logging_mixin.py:188} INFO -  ✓ [RATIO] CTN: 14 rows
[2026-01-22T14:42:03.836+0000] {logging_mixin.py:188} INFO -  >> [RATIO] Đang lấy dữ liệu: CTI
[2026-01-22T14:42:04.692+0000] {logging_mixin.py:188} INFO -  ✓ [RATIO] CTI: 51 rows
[2026-01-22T14:42:06.700+0000] {logging_mixin.py:188} INFO -  ✅ [RATIO] Hoàn thành batch. Tổng số dòng: 65
[2026-01-22T14:42:06.736+0000] {base.py:84} INFO - Using connection ID 'minio_finance' for task execution.
[2026-01-22T14:42:06.740+0000] {connection_wrapper.py:384} INFO - AWS Connection (conn_id='minio_finance', conn_type='aws') credentials retrieved from login and password.
[2026-01-22T14:42:07.738+0000] {datalake_df2csv.py:52} INFO - ✅ Đã upload 65 dòng -> s3://thongtin-congty-va-bctc/financial_ratios/2026-01-19/batch_719.csv
[2026-01-22T14:42:07.741+0000] {taskinstance.py:441} INFO - ::group::Post task execution logs
[2026-01-22T14:42:07.756+0000] {taskinstance.py:1206} INFO - Marking task as SUCCESS. dag_id=financial_ratios_etl, task_id=ingest_financial_ratios, run_id=manual__2026-01-19T13:56:35+00:00, map_index=719, execution_date=20260119T135635, start_date=20260122T144200, end_date=20260122T144207
[2026-01-22T14:42:07.816+0000] {local_task_job_runner.py:243} INFO - Task exited with return code 0
[2026-01-22T14:42:07.840+0000] {taskinstance.py:3503} INFO - 0 downstream tasks scheduled from follow-on schedule check
[2026-01-22T14:42:07.843+0000] {local_task_job_runner.py:222} INFO - ::endgroup::
