[2026-01-15T13:28:04.183+0000] {local_task_job_runner.py:120} INFO - ::group::Pre task execution logs
[2026-01-15T13:28:04.220+0000] {taskinstance.py:2076} INFO - Dependencies all met for dep_context=non-requeueable deps ti=<TaskInstance: financial_ratios_etl.ingest_financial_ratios manual__2026-01-15T12:57:24+00:00 map_index=19 [queued]>
[2026-01-15T13:28:04.244+0000] {taskinstance.py:2076} INFO - Dependencies all met for dep_context=requeueable deps ti=<TaskInstance: financial_ratios_etl.ingest_financial_ratios manual__2026-01-15T12:57:24+00:00 map_index=19 [queued]>
[2026-01-15T13:28:04.245+0000] {taskinstance.py:2306} INFO - Starting attempt 1 of 2
[2026-01-15T13:28:04.274+0000] {taskinstance.py:2330} INFO - Executing <Mapped(DfToCsvOperator): ingest_financial_ratios> on 2026-01-15 12:57:24+00:00
[2026-01-15T13:28:04.291+0000] {warnings.py:112} WARNING - This process (pid=8155) is multi-threaded, use of fork() may lead to deadlocks in the child.

[2026-01-15T13:28:04.294+0000] {standard_task_runner.py:64} INFO - Started process 8271 to run task
[2026-01-15T13:28:04.297+0000] {standard_task_runner.py:90} INFO - Running: ['***', 'tasks', 'run', 'financial_ratios_etl', 'ingest_financial_ratios', 'manual__2026-01-15T12:57:24+00:00', '--job-id', '16209', '--raw', '--subdir', 'DAGS_FOLDER/financial_ratios_etl.py', '--cfg-path', '/tmp/tmp9e187l1n', '--map-index', '19']
[2026-01-15T13:28:04.302+0000] {standard_task_runner.py:91} INFO - Job 16209: Subtask ingest_financial_ratios
[2026-01-15T13:28:04.380+0000] {task_command.py:426} INFO - Running <TaskInstance: financial_ratios_etl.ingest_financial_ratios manual__2026-01-15T12:57:24+00:00 map_index=19 [running]> on host 48331fd7a179
[2026-01-15T13:28:04.541+0000] {taskinstance.py:2648} INFO - Exporting env vars: AIRFLOW_CTX_DAG_OWNER='***' AIRFLOW_CTX_DAG_ID='financial_ratios_etl' AIRFLOW_CTX_TASK_ID='ingest_financial_ratios' AIRFLOW_CTX_EXECUTION_DATE='2026-01-15T12:57:24+00:00' AIRFLOW_CTX_TRY_NUMBER='1' AIRFLOW_CTX_DAG_RUN_ID='manual__2026-01-15T12:57:24+00:00'
[2026-01-15T13:28:04.542+0000] {taskinstance.py:430} INFO - ::endgroup::
[2026-01-15T13:28:04.552+0000] {logging_mixin.py:188} INFO - [RATIO] Bắt đầu xử lý batch 2 mã: ['VTJ', 'VTI']
[2026-01-15T13:28:04.553+0000] {logging_mixin.py:188} INFO - [RATIO] Kỳ dữ liệu: quarter
[2026-01-15T13:28:04.554+0000] {logging_mixin.py:188} INFO -  >> [RATIO] Đang lấy dữ liệu: VTJ
[2026-01-15T13:28:09.757+0000] {logging_mixin.py:188} INFO - ❌ Lỗi VTJ: RetryError[<Future at 0x7fd9e9521d30 state=finished raised ConnectionError>]
[2026-01-15T13:28:09.762+0000] {logging_mixin.py:188} INFO -  ⚠️ [RATIO] VTJ: No data from API
[2026-01-15T13:28:11.763+0000] {logging_mixin.py:188} INFO -  >> [RATIO] Đang lấy dữ liệu: VTI
[2026-01-15T13:28:17.356+0000] {logging_mixin.py:188} INFO - ❌ Lỗi VTI: RetryError[<Future at 0x7fd9e93af4d0 state=finished raised KeyError>]
[2026-01-15T13:28:17.358+0000] {logging_mixin.py:188} INFO -  ⚠️ [RATIO] VTI: No data from API
[2026-01-15T13:28:19.359+0000] {logging_mixin.py:188} INFO -  ⚠ [RATIO] Batch này không thu được dữ liệu nào.
[2026-01-15T13:28:19.361+0000] {datalake_df2csv.py:40} INFO - DataFrame rỗng, bỏ qua upload CSV.
[2026-01-15T13:28:19.361+0000] {taskinstance.py:441} INFO - ::group::Post task execution logs
[2026-01-15T13:28:19.371+0000] {taskinstance.py:1206} INFO - Marking task as SUCCESS. dag_id=financial_ratios_etl, task_id=ingest_financial_ratios, run_id=manual__2026-01-15T12:57:24+00:00, map_index=19, execution_date=20260115T125724, start_date=20260115T132804, end_date=20260115T132819
[2026-01-15T13:28:19.423+0000] {local_task_job_runner.py:243} INFO - Task exited with return code 0
[2026-01-15T13:28:19.443+0000] {taskinstance.py:3503} INFO - 0 downstream tasks scheduled from follow-on schedule check
[2026-01-15T13:28:19.447+0000] {local_task_job_runner.py:222} INFO - ::endgroup::
