[2026-03-21T08:29:49.248+0000] {local_task_job_runner.py:120} INFO - ::group::Pre task execution logs
[2026-03-21T08:29:49.283+0000] {taskinstance.py:2076} INFO - Dependencies all met for dep_context=non-requeueable deps ti=<TaskInstance: daily_price.ingest_daily_price scheduled__2026-03-19T16:00:00+00:00 map_index=204 [queued]>
[2026-03-21T08:29:49.306+0000] {taskinstance.py:2076} INFO - Dependencies all met for dep_context=requeueable deps ti=<TaskInstance: daily_price.ingest_daily_price scheduled__2026-03-19T16:00:00+00:00 map_index=204 [queued]>
[2026-03-21T08:29:49.306+0000] {taskinstance.py:2306} INFO - Starting attempt 1 of 2
[2026-03-21T08:29:49.398+0000] {taskinstance.py:2330} INFO - Executing <Mapped(DfToCsvOperator): ingest_daily_price> on 2026-03-19 16:00:00+00:00
[2026-03-21T08:29:49.410+0000] {warnings.py:112} WARNING - This process (pid=14307) is multi-threaded, use of fork() may lead to deadlocks in the child.

[2026-03-21T08:29:49.411+0000] {standard_task_runner.py:64} INFO - Started process 14333 to run task
[2026-03-21T08:29:49.413+0000] {standard_task_runner.py:90} INFO - Running: ['***', 'tasks', 'run', 'daily_price', 'ingest_daily_price', 'scheduled__2026-03-19T16:00:00+00:00', '--job-id', '34696', '--raw', '--subdir', 'DAGS_FOLDER/dl_dailly_price.py', '--cfg-path', '/tmp/tmpjv8w7mnm', '--map-index', '204']
[2026-03-21T08:29:49.416+0000] {standard_task_runner.py:91} INFO - Job 34696: Subtask ingest_daily_price
[2026-03-21T08:29:49.508+0000] {task_command.py:426} INFO - Running <TaskInstance: daily_price.ingest_daily_price scheduled__2026-03-19T16:00:00+00:00 map_index=204 [running]> on host f78ccc25496b
[2026-03-21T08:29:49.993+0000] {taskinstance.py:2648} INFO - Exporting env vars: AIRFLOW_CTX_DAG_OWNER='***' AIRFLOW_CTX_DAG_ID='daily_price' AIRFLOW_CTX_TASK_ID='ingest_daily_price' AIRFLOW_CTX_EXECUTION_DATE='2026-03-19T16:00:00+00:00' AIRFLOW_CTX_TRY_NUMBER='1' AIRFLOW_CTX_DAG_RUN_ID='scheduled__2026-03-19T16:00:00+00:00'
[2026-03-21T08:29:49.994+0000] {taskinstance.py:430} INFO - ::endgroup::
[2026-03-21T08:29:49.995+0000] {datalake_df2csv.py:40} INFO - ================================================================================
[2026-03-21T08:29:49.995+0000] {datalake_df2csv.py:41} INFO - 🚀 BẮT ĐẦU TASK: ingest_daily_price
[2026-03-21T08:29:49.996+0000] {datalake_df2csv.py:42} INFO - ================================================================================
[2026-03-21T08:29:49.996+0000] {datalake_df2csv.py:43} INFO - 📋 Thông tin cấu hình:
[2026-03-21T08:29:49.997+0000] {datalake_df2csv.py:44} INFO -   - Logic file: history_price
[2026-03-21T08:29:49.997+0000] {datalake_df2csv.py:45} INFO -   - DataFrame name: get_history_price_batch
[2026-03-21T08:29:49.997+0000] {datalake_df2csv.py:46} INFO -   - Bucket: thongtin-congty-va-bctc
[2026-03-21T08:29:49.997+0000] {datalake_df2csv.py:47} INFO -   - Object path: daily_price/2026-03-19/batch_204.csv
[2026-03-21T08:29:49.997+0000] {datalake_df2csv.py:48} INFO -   - Connection ID: minio_finance
[2026-03-21T08:29:49.998+0000] {datalake_df2csv.py:49} INFO -   - Tham số truyền vào: {'symbols': ['THG', 'BAB', 'DRL', 'BAX', 'DFC'], 'start_date': '2026-03-19', 'end_date': '2026-03-20'}
[2026-03-21T08:29:49.998+0000] {datalake_df2csv.py:50} INFO - --------------------------------------------------------------------------------
[2026-03-21T08:29:49.998+0000] {datalake_df2csv.py:54} INFO - 📥 Bước 1: Đang load dữ liệu từ logic file...
[2026-03-21T08:29:50.001+0000] {datalake_df2csv.py:148} INFO -   - Logic directory: /opt/airflow/plugins/logic
[2026-03-21T08:29:50.001+0000] {datalake_df2csv.py:149} INFO -   - Module path: /opt/airflow/plugins/logic/history_price.py
[2026-03-21T08:29:50.001+0000] {datalake_df2csv.py:153} INFO -   - Đã thêm logic directory vào sys.path
[2026-03-21T08:29:50.002+0000] {datalake_df2csv.py:159} INFO -   - Đang load module 'history_price'...
[2026-03-21T08:29:50.005+0000] {datalake_df2csv.py:163} INFO -   - ✅ Module loaded thành công
[2026-03-21T08:29:50.006+0000] {datalake_df2csv.py:165} INFO -   - Đang tìm DataFrame/function: 'get_history_price_batch'...
[2026-03-21T08:29:50.006+0000] {datalake_df2csv.py:170} INFO -   - ✅ Tìm thấy object: function
[2026-03-21T08:29:50.006+0000] {datalake_df2csv.py:173} INFO -   - Đang gọi function với tham số: {'symbols': ['THG', 'BAB', 'DRL', 'BAX', 'DFC'], 'start_date': '2026-03-19', 'end_date': '2026-03-20'}
[2026-03-21T08:30:15.168+0000] {log.py:232} WARNING - 2026-03-21 08:30:15 - vnstock.core.utils.client - ERROR - API request failed: HTTPSConnectionPool(host='trading.vietcap.com.vn', port=443): Max retries exceeded with url: /api/chart/OHLCChart/gap-chart (Caused by NewConnectionError('<urllib3.connection.HTTPSConnection object at 0x7f3e9c1f1be0>: Failed to establish a new connection: [Errno 101] Network is unreachable'))
[2026-03-21T08:30:15.168+0000] {client.py:297} ERROR - API request failed: HTTPSConnectionPool(host='trading.vietcap.com.vn', port=443): Max retries exceeded with url: /api/chart/OHLCChart/gap-chart (Caused by NewConnectionError('<urllib3.connection.HTTPSConnection object at 0x7f3e9c1f1be0>: Failed to establish a new connection: [Errno 101] Network is unreachable'))
[2026-03-21T08:30:18.022+0000] {datalake_df2csv.py:68} INFO - ✅ Load dữ liệu thành công!
[2026-03-21T08:30:18.026+0000] {datalake_df2csv.py:69} INFO - 📊 Thông tin DataFrame:
[2026-03-21T08:30:18.026+0000] {datalake_df2csv.py:70} INFO -   - Số dòng: 15
[2026-03-21T08:30:18.028+0000] {datalake_df2csv.py:71} INFO -   - Số cột: 7
[2026-03-21T08:30:18.028+0000] {datalake_df2csv.py:72} INFO -   - Tên các cột: ['ticker', 'trading_date', 'open', 'high', 'low', 'close', 'volume']
[2026-03-21T08:30:18.030+0000] {datalake_df2csv.py:73} INFO -   - Kiểu dữ liệu: {'ticker': 'object', 'trading_date': 'object', 'open': 'float64', 'high': 'float64', 'low': 'float64', 'close': 'float64', 'volume': 'int64'}
[2026-03-21T08:30:18.034+0000] {datalake_df2csv.py:74} INFO -   - Bộ nhớ sử dụng: 0.00 MB
[2026-03-21T08:30:18.037+0000] {datalake_df2csv.py:83} INFO -   - Không có giá trị NULL
[2026-03-21T08:30:18.038+0000] {datalake_df2csv.py:86} INFO -   - Mẫu dữ liệu (5 dòng đầu):
[2026-03-21T08:30:18.039+0000] {datalake_df2csv.py:88} INFO -     Row 0: {'ticker': 'THG', 'trading_date': '2026-03-18', 'open': 44.8, 'high': 44.8, 'low': 44.0, 'close': 44.4, 'volume': 10189}
[2026-03-21T08:30:18.041+0000] {datalake_df2csv.py:88} INFO -     Row 1: {'ticker': 'THG', 'trading_date': '2026-03-19', 'open': 44.0, 'high': 44.9, 'low': 44.0, 'close': 44.3, 'volume': 13003}
[2026-03-21T08:30:18.042+0000] {datalake_df2csv.py:88} INFO -     Row 2: {'ticker': 'THG', 'trading_date': '2026-03-20', 'open': 44.1, 'high': 44.45, 'low': 44.0, 'close': 44.25, 'volume': 9500}
[2026-03-21T08:30:18.043+0000] {datalake_df2csv.py:88} INFO -     Row 3: {'ticker': 'BAB', 'trading_date': '2026-03-18', 'open': 11.2, 'high': 11.2, 'low': 11.1, 'close': 11.2, 'volume': 14500}
[2026-03-21T08:30:18.043+0000] {datalake_df2csv.py:88} INFO -     Row 4: {'ticker': 'BAB', 'trading_date': '2026-03-19', 'open': 11.2, 'high': 11.2, 'low': 11.1, 'close': 11.2, 'volume': 1000}
[2026-03-21T08:30:18.044+0000] {datalake_df2csv.py:90} INFO - --------------------------------------------------------------------------------
[2026-03-21T08:30:18.045+0000] {datalake_df2csv.py:93} INFO - 📝 Bước 2: Đang chuyển đổi DataFrame sang CSV...
[2026-03-21T08:30:18.059+0000] {datalake_df2csv.py:97} INFO - ✅ Chuyển đổi CSV thành công!
[2026-03-21T08:30:18.060+0000] {datalake_df2csv.py:98} INFO -   - Kích thước file: 0.00 MB
[2026-03-21T08:30:18.061+0000] {datalake_df2csv.py:99} INFO -   - Thời gian chuyển đổi: 0.01 giây
[2026-03-21T08:30:18.062+0000] {datalake_df2csv.py:100} INFO - --------------------------------------------------------------------------------
[2026-03-21T08:30:18.062+0000] {datalake_df2csv.py:103} INFO - ☁️  Bước 3: Đang upload lên MinIO/S3...
[2026-03-21T08:30:18.370+0000] {base.py:84} INFO - Using connection ID 'minio_finance' for task execution.
[2026-03-21T08:30:18.371+0000] {connection_wrapper.py:384} INFO - AWS Connection (conn_id='minio_finance', conn_type='aws') credentials retrieved from login and password.
[2026-03-21T08:30:19.653+0000] {datalake_df2csv.py:112} INFO -   - Bucket 'thongtin-congty-va-bctc' đã tồn tại
[2026-03-21T08:30:19.715+0000] {datalake_df2csv.py:117} INFO - ✅ Upload thành công!
[2026-03-21T08:30:19.716+0000] {datalake_df2csv.py:118} INFO -   - Đường dẫn: s3://thongtin-congty-va-bctc/daily_price/2026-03-19/batch_204.csv
[2026-03-21T08:30:19.717+0000] {datalake_df2csv.py:119} INFO -   - Số dòng: 15
[2026-03-21T08:30:19.717+0000] {datalake_df2csv.py:120} INFO -   - Thời gian upload: 1.65 giây
[2026-03-21T08:30:19.718+0000] {datalake_df2csv.py:121} INFO - --------------------------------------------------------------------------------
[2026-03-21T08:30:19.719+0000] {datalake_df2csv.py:125} INFO - 📈 TỔNG KẾT:
[2026-03-21T08:30:19.720+0000] {datalake_df2csv.py:126} INFO -   - Tổng thời gian thực thi: 29.72 giây
[2026-03-21T08:30:19.721+0000] {datalake_df2csv.py:127} INFO -   - Tốc độ xử lý: 1 dòng/giây
[2026-03-21T08:30:19.722+0000] {datalake_df2csv.py:128} INFO - ================================================================================
[2026-03-21T08:30:19.723+0000] {datalake_df2csv.py:129} INFO - ✅ HOÀN THÀNH TASK: ingest_daily_price
[2026-03-21T08:30:19.724+0000] {datalake_df2csv.py:130} INFO - ================================================================================
[2026-03-21T08:30:19.726+0000] {taskinstance.py:441} INFO - ::group::Post task execution logs
[2026-03-21T08:30:19.743+0000] {taskinstance.py:1206} INFO - Marking task as SUCCESS. dag_id=daily_price, task_id=ingest_daily_price, run_id=scheduled__2026-03-19T16:00:00+00:00, map_index=204, execution_date=20260319T160000, start_date=20260321T082949, end_date=20260321T083019
[2026-03-21T08:30:19.819+0000] {local_task_job_runner.py:243} INFO - Task exited with return code 0
[2026-03-21T08:30:19.849+0000] {taskinstance.py:3503} INFO - 0 downstream tasks scheduled from follow-on schedule check
[2026-03-21T08:30:19.853+0000] {local_task_job_runner.py:222} INFO - ::endgroup::
