[2026-02-04T14:54:21.703+0000] {local_task_job_runner.py:120} INFO - ::group::Pre task execution logs
[2026-02-04T14:54:21.771+0000] {taskinstance.py:2076} INFO - Dependencies all met for dep_context=non-requeueable deps ti=<TaskInstance: daily_price_minio.ingest_daily_price manual__2026-02-04T14:52:25.276765+00:00 map_index=52 [queued]>
[2026-02-04T14:54:21.825+0000] {taskinstance.py:2076} INFO - Dependencies all met for dep_context=requeueable deps ti=<TaskInstance: daily_price_minio.ingest_daily_price manual__2026-02-04T14:52:25.276765+00:00 map_index=52 [queued]>
[2026-02-04T14:54:21.827+0000] {taskinstance.py:2306} INFO - Starting attempt 1 of 2
[2026-02-04T14:54:21.934+0000] {taskinstance.py:2330} INFO - Executing <Mapped(DfToCsvOperator): ingest_daily_price> on 2026-02-04 14:52:25.276765+00:00
[2026-02-04T14:54:21.960+0000] {warnings.py:112} WARNING - This process (pid=6579) is multi-threaded, use of fork() may lead to deadlocks in the child.

[2026-02-04T14:54:21.963+0000] {standard_task_runner.py:64} INFO - Started process 6665 to run task
[2026-02-04T14:54:21.976+0000] {standard_task_runner.py:90} INFO - Running: ['***', 'tasks', 'run', 'daily_price_minio', 'ingest_daily_price', 'manual__2026-02-04T14:52:25.276765+00:00', '--job-id', '16762', '--raw', '--subdir', 'DAGS_FOLDER/dl_dailly_price.py', '--cfg-path', '/tmp/tmph68ukfr9', '--map-index', '52']
[2026-02-04T14:54:21.981+0000] {standard_task_runner.py:91} INFO - Job 16762: Subtask ingest_daily_price
[2026-02-04T14:54:22.121+0000] {task_command.py:426} INFO - Running <TaskInstance: daily_price_minio.ingest_daily_price manual__2026-02-04T14:52:25.276765+00:00 map_index=52 [running]> on host 918dbd497d34
[2026-02-04T14:54:22.427+0000] {taskinstance.py:2648} INFO - Exporting env vars: AIRFLOW_CTX_DAG_OWNER='***' AIRFLOW_CTX_DAG_ID='daily_price_minio' AIRFLOW_CTX_TASK_ID='ingest_daily_price' AIRFLOW_CTX_EXECUTION_DATE='2026-02-04T14:52:25.276765+00:00' AIRFLOW_CTX_TRY_NUMBER='1' AIRFLOW_CTX_DAG_RUN_ID='manual__2026-02-04T14:52:25.276765+00:00'
[2026-02-04T14:54:22.429+0000] {taskinstance.py:430} INFO - ::endgroup::
[2026-02-04T14:54:27.809+0000] {logging_mixin.py:188} INFO - TS5: RetryError (source=VCI), retry 1/3 in 2.0s
[2026-02-04T14:54:34.356+0000] {logging_mixin.py:188} INFO - TS5: RetryError (source=VCI), retry 2/3 in 4.0s
[2026-02-04T14:54:42.936+0000] {logging_mixin.py:188} INFO - TS5: RetryError (source=VCI), retry 3/3 in 8.0s
[2026-02-04T14:54:50.937+0000] {logging_mixin.py:188} INFO - TS5: Exhausted retries for source=VCI, trying next source...
[2026-02-04T14:55:07.232+0000] {logging_mixin.py:188} INFO - TS5: RetryError (source=TCBS), retry 1/3 in 2.0s
[2026-02-04T14:55:13.695+0000] {logging_mixin.py:188} INFO - TS5: RetryError (source=TCBS), retry 2/3 in 4.0s
[2026-02-04T14:55:22.289+0000] {logging_mixin.py:188} INFO - TS5: RetryError (source=TCBS), retry 3/3 in 8.0s
[2026-02-04T14:55:30.290+0000] {logging_mixin.py:188} INFO - TS5: Exhausted retries for source=TCBS, trying next source...
[2026-02-04T14:55:30.291+0000] {logging_mixin.py:188} INFO - TS5: All sources failed after retries
[2026-02-04T14:55:33.407+0000] {base.py:84} INFO - Using connection ID 'minio_finance' for task execution.
[2026-02-04T14:55:33.409+0000] {connection_wrapper.py:384} INFO - AWS Connection (conn_id='minio_finance', conn_type='aws') credentials retrieved from login and password.
[2026-02-04T14:55:34.024+0000] {datalake_df2csv.py:52} INFO - ✅ Đã upload 16 dòng -> s3://thongtin-congty-va-bctc/daily_price/2026-02-04/batch_52.csv
[2026-02-04T14:55:34.025+0000] {taskinstance.py:441} INFO - ::group::Post task execution logs
[2026-02-04T14:55:34.038+0000] {taskinstance.py:1206} INFO - Marking task as SUCCESS. dag_id=daily_price_minio, task_id=ingest_daily_price, run_id=manual__2026-02-04T14:52:25.276765+00:00, map_index=52, execution_date=20260204T145225, start_date=20260204T145421, end_date=20260204T145534
[2026-02-04T14:55:34.107+0000] {local_task_job_runner.py:243} INFO - Task exited with return code 0
[2026-02-04T14:55:34.129+0000] {taskinstance.py:3503} INFO - 0 downstream tasks scheduled from follow-on schedule check
[2026-02-04T14:55:34.134+0000] {local_task_job_runner.py:222} INFO - ::endgroup::
