[2026-03-19T14:10:07.248+0000] {local_task_job_runner.py:120} INFO - ::group::Pre task execution logs
[2026-03-19T14:10:07.395+0000] {taskinstance.py:2076} INFO - Dependencies all met for dep_context=non-requeueable deps ti=<TaskInstance: minio_to_db_sync.sync_electric_board scheduled__2026-03-18T03:00:00+00:00 [queued]>
[2026-03-19T14:10:07.421+0000] {taskinstance.py:2076} INFO - Dependencies all met for dep_context=requeueable deps ti=<TaskInstance: minio_to_db_sync.sync_electric_board scheduled__2026-03-18T03:00:00+00:00 [queued]>
[2026-03-19T14:10:07.422+0000] {taskinstance.py:2306} INFO - Starting attempt 1 of 3
[2026-03-19T14:10:07.573+0000] {taskinstance.py:2330} INFO - Executing <Task(_PythonDecoratedOperator): sync_electric_board> on 2026-03-18 03:00:00+00:00
[2026-03-19T14:10:07.599+0000] {warnings.py:112} WARNING - This process (pid=82) is multi-threaded, use of fork() may lead to deadlocks in the child.

[2026-03-19T14:10:07.623+0000] {standard_task_runner.py:64} INFO - Started process 116 to run task
[2026-03-19T14:10:07.791+0000] {standard_task_runner.py:90} INFO - Running: ['***', 'tasks', 'run', 'minio_to_db_sync', 'sync_electric_board', 'scheduled__2026-03-18T03:00:00+00:00', '--job-id', '32924', '--raw', '--subdir', 'DAGS_FOLDER/minio_to_db_sync.py', '--cfg-path', '/tmp/tmpra1eui1h']
[2026-03-19T14:10:07.871+0000] {standard_task_runner.py:91} INFO - Job 32924: Subtask sync_electric_board
[2026-03-19T14:10:08.864+0000] {task_command.py:426} INFO - Running <TaskInstance: minio_to_db_sync.sync_electric_board scheduled__2026-03-18T03:00:00+00:00 [running]> on host c4639be97c28
[2026-03-19T14:10:09.950+0000] {taskinstance.py:2648} INFO - Exporting env vars: AIRFLOW_CTX_DAG_OWNER='***' AIRFLOW_CTX_DAG_ID='minio_to_db_sync' AIRFLOW_CTX_TASK_ID='sync_electric_board' AIRFLOW_CTX_EXECUTION_DATE='2026-03-18T03:00:00+00:00' AIRFLOW_CTX_TRY_NUMBER='1' AIRFLOW_CTX_DAG_RUN_ID='scheduled__2026-03-18T03:00:00+00:00'
[2026-03-19T14:10:10.005+0000] {taskinstance.py:430} INFO - ::endgroup::
[2026-03-19T14:10:10.238+0000] {logging_mixin.py:188} INFO - ======================================================================
[2026-03-19T14:10:10.253+0000] {logging_mixin.py:188} INFO - 📊 SYNC ELECTRIC BOARD TO DATABASE
[2026-03-19T14:10:10.261+0000] {logging_mixin.py:188} INFO - ======================================================================
[2026-03-19T14:10:10.276+0000] {logging_mixin.py:188} INFO - 
[1/4] Finding latest partition...
[2026-03-19T14:10:10.388+0000] {base.py:84} INFO - Using connection ID 'minio_finance' for task execution.
[2026-03-19T14:10:10.392+0000] {connection_wrapper.py:384} INFO - AWS Connection (conn_id='minio_finance', conn_type='aws') credentials retrieved from login and password.
[2026-03-19T14:12:37.434+0000] {logging_mixin.py:188} INFO - 📂 Scanning 807 objects in thongtin-congty-va-bctc/electric_board_per_day/
[2026-03-19T14:12:37.441+0000] {logging_mixin.py:188} INFO - 📅 Found 25 valid date partition(s): ['2026-01-23', '2026-01-25', '2026-01-26', '2026-01-27', '2026-01-29', '2026-01-30', '2026-02-02', '2026-02-03', '2026-02-04', '2026-02-05', '2026-02-07', '2026-02-10', '2026-02-16', '2026-02-17', '2026-02-19', '2026-02-22', '2026-02-24', '2026-02-25', '2026-02-26', '2026-02-27', '2026-03-02', '2026-03-05', '2026-03-06', '2026-03-09', '2026-03-10']
[2026-03-19T14:12:37.442+0000] {logging_mixin.py:188} INFO - ✅ Latest partition selected: electric_board_per_day/2026-03-10/
[2026-03-19T14:12:37.443+0000] {logging_mixin.py:188} INFO - 
[2/4] Reading CSV files...
[2026-03-19T14:12:37.486+0000] {base.py:84} INFO - Using connection ID 'minio_finance' for task execution.
[2026-03-19T14:12:37.487+0000] {connection_wrapper.py:384} INFO - AWS Connection (conn_id='minio_finance', conn_type='aws') credentials retrieved from login and password.
[2026-03-19T14:12:38.688+0000] {logging_mixin.py:188} INFO - ✓ Found 31 CSV files in thongtin-congty-va-bctc/electric_board_per_day/2026-03-10/
[2026-03-19T14:12:38.697+0000] {base.py:84} INFO - Using connection ID 'minio_finance' for task execution.
[2026-03-19T14:12:38.698+0000] {connection_wrapper.py:384} INFO - AWS Connection (conn_id='minio_finance', conn_type='aws') credentials retrieved from login and password.
[2026-03-19T14:12:38.858+0000] {logging_mixin.py:188} INFO - ✓ Read 50 rows from electric_board_per_day/2026-03-10/batch_0.csv
[2026-03-19T14:12:38.867+0000] {base.py:84} INFO - Using connection ID 'minio_finance' for task execution.
[2026-03-19T14:12:38.867+0000] {connection_wrapper.py:384} INFO - AWS Connection (conn_id='minio_finance', conn_type='aws') credentials retrieved from login and password.
[2026-03-19T14:12:38.960+0000] {logging_mixin.py:188} INFO - ✓ Read 50 rows from electric_board_per_day/2026-03-10/batch_1.csv
[2026-03-19T14:12:38.967+0000] {base.py:84} INFO - Using connection ID 'minio_finance' for task execution.
[2026-03-19T14:12:38.968+0000] {connection_wrapper.py:384} INFO - AWS Connection (conn_id='minio_finance', conn_type='aws') credentials retrieved from login and password.
[2026-03-19T14:12:39.065+0000] {logging_mixin.py:188} INFO - ✓ Read 50 rows from electric_board_per_day/2026-03-10/batch_10.csv
[2026-03-19T14:12:39.072+0000] {base.py:84} INFO - Using connection ID 'minio_finance' for task execution.
[2026-03-19T14:12:39.073+0000] {connection_wrapper.py:384} INFO - AWS Connection (conn_id='minio_finance', conn_type='aws') credentials retrieved from login and password.
[2026-03-19T14:12:39.165+0000] {logging_mixin.py:188} INFO - ✓ Read 50 rows from electric_board_per_day/2026-03-10/batch_11.csv
[2026-03-19T14:12:39.171+0000] {base.py:84} INFO - Using connection ID 'minio_finance' for task execution.
[2026-03-19T14:12:39.172+0000] {connection_wrapper.py:384} INFO - AWS Connection (conn_id='minio_finance', conn_type='aws') credentials retrieved from login and password.
[2026-03-19T14:12:39.266+0000] {logging_mixin.py:188} INFO - ✓ Read 50 rows from electric_board_per_day/2026-03-10/batch_12.csv
[2026-03-19T14:12:39.273+0000] {base.py:84} INFO - Using connection ID 'minio_finance' for task execution.
[2026-03-19T14:12:39.273+0000] {connection_wrapper.py:384} INFO - AWS Connection (conn_id='minio_finance', conn_type='aws') credentials retrieved from login and password.
[2026-03-19T14:12:39.388+0000] {logging_mixin.py:188} INFO - ✓ Read 50 rows from electric_board_per_day/2026-03-10/batch_13.csv
[2026-03-19T14:12:39.395+0000] {base.py:84} INFO - Using connection ID 'minio_finance' for task execution.
[2026-03-19T14:12:39.396+0000] {connection_wrapper.py:384} INFO - AWS Connection (conn_id='minio_finance', conn_type='aws') credentials retrieved from login and password.
[2026-03-19T14:12:39.488+0000] {logging_mixin.py:188} INFO - ✓ Read 50 rows from electric_board_per_day/2026-03-10/batch_14.csv
[2026-03-19T14:12:39.494+0000] {base.py:84} INFO - Using connection ID 'minio_finance' for task execution.
[2026-03-19T14:12:39.495+0000] {connection_wrapper.py:384} INFO - AWS Connection (conn_id='minio_finance', conn_type='aws') credentials retrieved from login and password.
[2026-03-19T14:12:39.586+0000] {logging_mixin.py:188} INFO - ✓ Read 50 rows from electric_board_per_day/2026-03-10/batch_15.csv
[2026-03-19T14:12:39.593+0000] {base.py:84} INFO - Using connection ID 'minio_finance' for task execution.
[2026-03-19T14:12:39.594+0000] {connection_wrapper.py:384} INFO - AWS Connection (conn_id='minio_finance', conn_type='aws') credentials retrieved from login and password.
[2026-03-19T14:12:39.705+0000] {logging_mixin.py:188} INFO - ✓ Read 50 rows from electric_board_per_day/2026-03-10/batch_16.csv
[2026-03-19T14:12:39.714+0000] {base.py:84} INFO - Using connection ID 'minio_finance' for task execution.
[2026-03-19T14:12:39.715+0000] {connection_wrapper.py:384} INFO - AWS Connection (conn_id='minio_finance', conn_type='aws') credentials retrieved from login and password.
[2026-03-19T14:12:39.815+0000] {logging_mixin.py:188} INFO - ✓ Read 50 rows from electric_board_per_day/2026-03-10/batch_17.csv
[2026-03-19T14:12:39.822+0000] {base.py:84} INFO - Using connection ID 'minio_finance' for task execution.
[2026-03-19T14:12:39.823+0000] {connection_wrapper.py:384} INFO - AWS Connection (conn_id='minio_finance', conn_type='aws') credentials retrieved from login and password.
[2026-03-19T14:12:39.914+0000] {logging_mixin.py:188} INFO - ✓ Read 50 rows from electric_board_per_day/2026-03-10/batch_18.csv
[2026-03-19T14:12:39.920+0000] {base.py:84} INFO - Using connection ID 'minio_finance' for task execution.
[2026-03-19T14:12:39.921+0000] {connection_wrapper.py:384} INFO - AWS Connection (conn_id='minio_finance', conn_type='aws') credentials retrieved from login and password.
[2026-03-19T14:12:41.119+0000] {logging_mixin.py:188} INFO - ✓ Read 50 rows from electric_board_per_day/2026-03-10/batch_19.csv
[2026-03-19T14:12:41.128+0000] {base.py:84} INFO - Using connection ID 'minio_finance' for task execution.
[2026-03-19T14:12:41.129+0000] {connection_wrapper.py:384} INFO - AWS Connection (conn_id='minio_finance', conn_type='aws') credentials retrieved from login and password.
[2026-03-19T14:12:41.239+0000] {logging_mixin.py:188} INFO - ✓ Read 50 rows from electric_board_per_day/2026-03-10/batch_2.csv
[2026-03-19T14:12:41.247+0000] {base.py:84} INFO - Using connection ID 'minio_finance' for task execution.
[2026-03-19T14:12:41.248+0000] {connection_wrapper.py:384} INFO - AWS Connection (conn_id='minio_finance', conn_type='aws') credentials retrieved from login and password.
[2026-03-19T14:12:41.367+0000] {logging_mixin.py:188} INFO - ✓ Read 50 rows from electric_board_per_day/2026-03-10/batch_20.csv
[2026-03-19T14:12:41.374+0000] {base.py:84} INFO - Using connection ID 'minio_finance' for task execution.
[2026-03-19T14:12:41.376+0000] {connection_wrapper.py:384} INFO - AWS Connection (conn_id='minio_finance', conn_type='aws') credentials retrieved from login and password.
[2026-03-19T14:12:41.472+0000] {logging_mixin.py:188} INFO - ✓ Read 50 rows from electric_board_per_day/2026-03-10/batch_21.csv
[2026-03-19T14:12:41.480+0000] {base.py:84} INFO - Using connection ID 'minio_finance' for task execution.
[2026-03-19T14:12:41.481+0000] {connection_wrapper.py:384} INFO - AWS Connection (conn_id='minio_finance', conn_type='aws') credentials retrieved from login and password.
[2026-03-19T14:12:41.578+0000] {logging_mixin.py:188} INFO - ✓ Read 50 rows from electric_board_per_day/2026-03-10/batch_22.csv
[2026-03-19T14:12:41.585+0000] {base.py:84} INFO - Using connection ID 'minio_finance' for task execution.
[2026-03-19T14:12:41.586+0000] {connection_wrapper.py:384} INFO - AWS Connection (conn_id='minio_finance', conn_type='aws') credentials retrieved from login and password.
[2026-03-19T14:12:41.691+0000] {logging_mixin.py:188} INFO - ✓ Read 50 rows from electric_board_per_day/2026-03-10/batch_23.csv
[2026-03-19T14:12:41.698+0000] {base.py:84} INFO - Using connection ID 'minio_finance' for task execution.
[2026-03-19T14:12:41.699+0000] {connection_wrapper.py:384} INFO - AWS Connection (conn_id='minio_finance', conn_type='aws') credentials retrieved from login and password.
[2026-03-19T14:12:41.802+0000] {logging_mixin.py:188} INFO - ✓ Read 50 rows from electric_board_per_day/2026-03-10/batch_24.csv
[2026-03-19T14:12:41.811+0000] {base.py:84} INFO - Using connection ID 'minio_finance' for task execution.
[2026-03-19T14:12:41.812+0000] {connection_wrapper.py:384} INFO - AWS Connection (conn_id='minio_finance', conn_type='aws') credentials retrieved from login and password.
[2026-03-19T14:12:41.941+0000] {logging_mixin.py:188} INFO - ✓ Read 50 rows from electric_board_per_day/2026-03-10/batch_25.csv
[2026-03-19T14:12:41.949+0000] {base.py:84} INFO - Using connection ID 'minio_finance' for task execution.
[2026-03-19T14:12:41.950+0000] {connection_wrapper.py:384} INFO - AWS Connection (conn_id='minio_finance', conn_type='aws') credentials retrieved from login and password.
[2026-03-19T14:12:42.066+0000] {logging_mixin.py:188} INFO - ✓ Read 50 rows from electric_board_per_day/2026-03-10/batch_26.csv
[2026-03-19T14:12:42.076+0000] {base.py:84} INFO - Using connection ID 'minio_finance' for task execution.
[2026-03-19T14:12:42.077+0000] {connection_wrapper.py:384} INFO - AWS Connection (conn_id='minio_finance', conn_type='aws') credentials retrieved from login and password.
[2026-03-19T14:12:42.208+0000] {logging_mixin.py:188} INFO - ✓ Read 50 rows from electric_board_per_day/2026-03-10/batch_27.csv
[2026-03-19T14:12:42.216+0000] {base.py:84} INFO - Using connection ID 'minio_finance' for task execution.
[2026-03-19T14:12:42.217+0000] {connection_wrapper.py:384} INFO - AWS Connection (conn_id='minio_finance', conn_type='aws') credentials retrieved from login and password.
[2026-03-19T14:12:42.362+0000] {logging_mixin.py:188} INFO - ✓ Read 50 rows from electric_board_per_day/2026-03-10/batch_28.csv
[2026-03-19T14:12:42.372+0000] {base.py:84} INFO - Using connection ID 'minio_finance' for task execution.
[2026-03-19T14:12:42.373+0000] {connection_wrapper.py:384} INFO - AWS Connection (conn_id='minio_finance', conn_type='aws') credentials retrieved from login and password.
[2026-03-19T14:12:42.492+0000] {logging_mixin.py:188} INFO - ✓ Read 50 rows from electric_board_per_day/2026-03-10/batch_29.csv
[2026-03-19T14:12:42.499+0000] {base.py:84} INFO - Using connection ID 'minio_finance' for task execution.
[2026-03-19T14:12:42.499+0000] {connection_wrapper.py:384} INFO - AWS Connection (conn_id='minio_finance', conn_type='aws') credentials retrieved from login and password.
[2026-03-19T14:12:42.644+0000] {logging_mixin.py:188} INFO - ✓ Read 50 rows from electric_board_per_day/2026-03-10/batch_3.csv
[2026-03-19T14:12:42.653+0000] {base.py:84} INFO - Using connection ID 'minio_finance' for task execution.
[2026-03-19T14:12:42.654+0000] {connection_wrapper.py:384} INFO - AWS Connection (conn_id='minio_finance', conn_type='aws') credentials retrieved from login and password.
[2026-03-19T14:12:43.227+0000] {logging_mixin.py:188} INFO - ✓ Read 45 rows from electric_board_per_day/2026-03-10/batch_30.csv
[2026-03-19T14:12:43.234+0000] {base.py:84} INFO - Using connection ID 'minio_finance' for task execution.
[2026-03-19T14:12:43.234+0000] {connection_wrapper.py:384} INFO - AWS Connection (conn_id='minio_finance', conn_type='aws') credentials retrieved from login and password.
[2026-03-19T14:12:43.340+0000] {logging_mixin.py:188} INFO - ✓ Read 50 rows from electric_board_per_day/2026-03-10/batch_4.csv
[2026-03-19T14:12:43.347+0000] {base.py:84} INFO - Using connection ID 'minio_finance' for task execution.
[2026-03-19T14:12:43.348+0000] {connection_wrapper.py:384} INFO - AWS Connection (conn_id='minio_finance', conn_type='aws') credentials retrieved from login and password.
[2026-03-19T14:12:43.448+0000] {logging_mixin.py:188} INFO - ✓ Read 50 rows from electric_board_per_day/2026-03-10/batch_5.csv
[2026-03-19T14:12:43.456+0000] {base.py:84} INFO - Using connection ID 'minio_finance' for task execution.
[2026-03-19T14:12:43.457+0000] {connection_wrapper.py:384} INFO - AWS Connection (conn_id='minio_finance', conn_type='aws') credentials retrieved from login and password.
[2026-03-19T14:12:43.580+0000] {logging_mixin.py:188} INFO - ✓ Read 50 rows from electric_board_per_day/2026-03-10/batch_6.csv
[2026-03-19T14:12:43.586+0000] {base.py:84} INFO - Using connection ID 'minio_finance' for task execution.
[2026-03-19T14:12:43.587+0000] {connection_wrapper.py:384} INFO - AWS Connection (conn_id='minio_finance', conn_type='aws') credentials retrieved from login and password.
[2026-03-19T14:12:43.707+0000] {logging_mixin.py:188} INFO - ✓ Read 50 rows from electric_board_per_day/2026-03-10/batch_7.csv
[2026-03-19T14:12:43.715+0000] {base.py:84} INFO - Using connection ID 'minio_finance' for task execution.
[2026-03-19T14:12:43.716+0000] {connection_wrapper.py:384} INFO - AWS Connection (conn_id='minio_finance', conn_type='aws') credentials retrieved from login and password.
[2026-03-19T14:12:43.838+0000] {logging_mixin.py:188} INFO - ✓ Read 50 rows from electric_board_per_day/2026-03-10/batch_8.csv
[2026-03-19T14:12:43.847+0000] {base.py:84} INFO - Using connection ID 'minio_finance' for task execution.
[2026-03-19T14:12:43.847+0000] {connection_wrapper.py:384} INFO - AWS Connection (conn_id='minio_finance', conn_type='aws') credentials retrieved from login and password.
[2026-03-19T14:12:43.970+0000] {logging_mixin.py:188} INFO - ✓ Read 50 rows from electric_board_per_day/2026-03-10/batch_9.csv
[2026-03-19T14:12:43.973+0000] {logging_mixin.py:188} INFO - ✓ Concatenated 31 files into 1545 total rows
[2026-03-19T14:12:43.974+0000] {logging_mixin.py:188} INFO - Loaded 1545 rows
[2026-03-19T14:12:43.974+0000] {logging_mixin.py:188} INFO - 
[3/4] Transforming data...
[2026-03-19T14:12:43.979+0000] {logging_mixin.py:188} INFO - ⚠️ Missing required columns after mapping: ['ticker']
[2026-03-19T14:12:43.980+0000] {logging_mixin.py:188} INFO -   Available columns: ['trading_date']
[2026-03-19T14:12:43.981+0000] {logging_mixin.py:188} INFO - After cleaning: 0 rows
[2026-03-19T14:12:43.981+0000] {python.py:237} INFO - Done. Returned value was: ⚠️ No data after cleaning
[2026-03-19T14:12:43.982+0000] {taskinstance.py:441} INFO - ::group::Post task execution logs
[2026-03-19T14:12:44.007+0000] {taskinstance.py:1206} INFO - Marking task as SUCCESS. dag_id=minio_to_db_sync, task_id=sync_electric_board, run_id=scheduled__2026-03-18T03:00:00+00:00, execution_date=20260318T030000, start_date=20260319T141007, end_date=20260319T141244
[2026-03-19T14:12:44.077+0000] {local_task_job_runner.py:243} INFO - Task exited with return code 0
[2026-03-19T14:12:44.991+0000] {local_task_job_runner.py:222} INFO - ::endgroup::
