[2026-04-29T12:51:13.553+0000] {local_task_job_runner.py:120} INFO - ::group::Pre task execution logs
[2026-04-29T12:51:13.616+0000] {taskinstance.py:2076} INFO - Dependencies all met for dep_context=non-requeueable deps ti=<TaskInstance: daily_price.ingest_daily_price scheduled__2026-04-27T16:00:00+00:00 map_index=110 [queued]>
[2026-04-29T12:51:13.655+0000] {taskinstance.py:2076} INFO - Dependencies all met for dep_context=requeueable deps ti=<TaskInstance: daily_price.ingest_daily_price scheduled__2026-04-27T16:00:00+00:00 map_index=110 [queued]>
[2026-04-29T12:51:13.656+0000] {taskinstance.py:2306} INFO - Starting attempt 1 of 2
[2026-04-29T12:51:13.699+0000] {taskinstance.py:2330} INFO - Executing <Mapped(DfToCsvOperator): ingest_daily_price> on 2026-04-27 16:00:00+00:00
[2026-04-29T12:51:13.732+0000] {warnings.py:112} WARNING - This process (pid=1423) is multi-threaded, use of fork() may lead to deadlocks in the child.

[2026-04-29T12:51:13.728+0000] {standard_task_runner.py:90} INFO - Running: ['***', 'tasks', 'run', 'daily_price', 'ingest_daily_price', 'scheduled__2026-04-27T16:00:00+00:00', '--job-id', '45976', '--raw', '--subdir', 'DAGS_FOLDER/dl_dailly_price.py', '--cfg-path', '/tmp/tmp8odgu8gq', '--map-index', '110']
[2026-04-29T12:51:13.735+0000] {standard_task_runner.py:64} INFO - Started process 1439 to run task
[2026-04-29T12:51:13.736+0000] {standard_task_runner.py:91} INFO - Job 45976: Subtask ingest_daily_price
[2026-04-29T12:51:13.895+0000] {task_command.py:426} INFO - Running <TaskInstance: daily_price.ingest_daily_price scheduled__2026-04-27T16:00:00+00:00 map_index=110 [running]> on host e6b8a6339933
[2026-04-29T12:51:14.847+0000] {taskinstance.py:2648} INFO - Exporting env vars: AIRFLOW_CTX_DAG_OWNER='***' AIRFLOW_CTX_DAG_ID='daily_price' AIRFLOW_CTX_TASK_ID='ingest_daily_price' AIRFLOW_CTX_EXECUTION_DATE='2026-04-27T16:00:00+00:00' AIRFLOW_CTX_TRY_NUMBER='1' AIRFLOW_CTX_DAG_RUN_ID='scheduled__2026-04-27T16:00:00+00:00'
[2026-04-29T12:51:14.854+0000] {taskinstance.py:430} INFO - ::endgroup::
[2026-04-29T12:51:14.854+0000] {datalake_df2csv.py:40} INFO - ================================================================================
[2026-04-29T12:51:14.855+0000] {datalake_df2csv.py:41} INFO - 🚀 BẮT ĐẦU TASK: ingest_daily_price
[2026-04-29T12:51:14.856+0000] {datalake_df2csv.py:42} INFO - ================================================================================
[2026-04-29T12:51:14.856+0000] {datalake_df2csv.py:43} INFO - 📋 Thông tin cấu hình:
[2026-04-29T12:51:14.857+0000] {datalake_df2csv.py:44} INFO -   - Logic file: history_price
[2026-04-29T12:51:14.857+0000] {datalake_df2csv.py:45} INFO -   - DataFrame name: get_history_price_batch
[2026-04-29T12:51:14.858+0000] {datalake_df2csv.py:46} INFO -   - Bucket: thongtin-congty-va-bctc
[2026-04-29T12:51:14.858+0000] {datalake_df2csv.py:47} INFO -   - Object path: daily_price/2026-04-27/batch_110.csv
[2026-04-29T12:51:14.859+0000] {datalake_df2csv.py:48} INFO -   - Connection ID: minio_finance
[2026-04-29T12:51:14.860+0000] {datalake_df2csv.py:49} INFO -   - Tham số truyền vào: {'symbols': ['DRC', 'FID', 'PMW', 'GDW', 'MEF'], 'start_date': '2026-04-27', 'end_date': '2026-04-28'}
[2026-04-29T12:51:14.863+0000] {datalake_df2csv.py:50} INFO - --------------------------------------------------------------------------------
[2026-04-29T12:51:14.864+0000] {datalake_df2csv.py:54} INFO - 📥 Bước 1: Đang load dữ liệu từ logic file...
[2026-04-29T12:51:14.875+0000] {datalake_df2csv.py:148} INFO -   - Logic directory: /opt/airflow/plugins/logic
[2026-04-29T12:51:14.877+0000] {datalake_df2csv.py:149} INFO -   - Module path: /opt/airflow/plugins/logic/history_price.py
[2026-04-29T12:51:14.877+0000] {datalake_df2csv.py:153} INFO -   - Đã thêm logic directory vào sys.path
[2026-04-29T12:51:14.879+0000] {datalake_df2csv.py:159} INFO -   - Đang load module 'history_price'...
[2026-04-29T12:51:14.893+0000] {datalake_df2csv.py:163} INFO -   - ✅ Module loaded thành công
[2026-04-29T12:51:14.894+0000] {datalake_df2csv.py:165} INFO -   - Đang tìm DataFrame/function: 'get_history_price_batch'...
[2026-04-29T12:51:14.895+0000] {datalake_df2csv.py:170} INFO -   - ✅ Tìm thấy object: function
[2026-04-29T12:51:14.895+0000] {datalake_df2csv.py:173} INFO -   - Đang gọi function với tham số: {'symbols': ['DRC', 'FID', 'PMW', 'GDW', 'MEF'], 'start_date': '2026-04-27', 'end_date': '2026-04-28'}
[2026-04-29T12:51:19.781+0000] {datalake_df2csv.py:68} INFO - ✅ Load dữ liệu thành công!
[2026-04-29T12:51:19.782+0000] {datalake_df2csv.py:69} INFO - 📊 Thông tin DataFrame:
[2026-04-29T12:51:19.783+0000] {datalake_df2csv.py:70} INFO -   - Số dòng: 20
[2026-04-29T12:51:19.784+0000] {datalake_df2csv.py:71} INFO -   - Số cột: 7
[2026-04-29T12:51:19.785+0000] {datalake_df2csv.py:72} INFO -   - Tên các cột: ['ticker', 'trading_date', 'open', 'high', 'low', 'close', 'volume']
[2026-04-29T12:51:19.787+0000] {datalake_df2csv.py:73} INFO -   - Kiểu dữ liệu: {'ticker': 'object', 'trading_date': 'object', 'open': 'float64', 'high': 'float64', 'low': 'float64', 'close': 'float64', 'volume': 'int64'}
[2026-04-29T12:51:19.792+0000] {datalake_df2csv.py:74} INFO -   - Bộ nhớ sử dụng: 0.00 MB
[2026-04-29T12:51:19.795+0000] {datalake_df2csv.py:83} INFO -   - Không có giá trị NULL
[2026-04-29T12:51:19.796+0000] {datalake_df2csv.py:86} INFO -   - Mẫu dữ liệu (5 dòng đầu):
[2026-04-29T12:51:19.797+0000] {datalake_df2csv.py:88} INFO -     Row 0: {'ticker': 'DRC', 'trading_date': '2026-04-23', 'open': 13.1, 'high': 13.35, 'low': 13.0, 'close': 13.1, 'volume': 236900}
[2026-04-29T12:51:19.798+0000] {datalake_df2csv.py:88} INFO -     Row 1: {'ticker': 'DRC', 'trading_date': '2026-04-24', 'open': 13.15, 'high': 13.35, 'low': 13.05, 'close': 13.05, 'volume': 304800}
[2026-04-29T12:51:19.799+0000] {datalake_df2csv.py:88} INFO -     Row 2: {'ticker': 'DRC', 'trading_date': '2026-04-28', 'open': 13.2, 'high': 13.25, 'low': 12.9, 'close': 12.9, 'volume': 304700}
[2026-04-29T12:51:19.800+0000] {datalake_df2csv.py:88} INFO -     Row 3: {'ticker': 'DRC', 'trading_date': '2026-04-29', 'open': 12.8, 'high': 13.0, 'low': 12.8, 'close': 12.9, 'volume': 128800}
[2026-04-29T12:51:19.801+0000] {datalake_df2csv.py:88} INFO -     Row 4: {'ticker': 'FID', 'trading_date': '2026-04-23', 'open': 2.0, 'high': 2.0, 'low': 1.9, 'close': 2.0, 'volume': 142400}
[2026-04-29T12:51:19.802+0000] {datalake_df2csv.py:90} INFO - --------------------------------------------------------------------------------
[2026-04-29T12:51:19.803+0000] {datalake_df2csv.py:93} INFO - 📝 Bước 2: Đang chuyển đổi DataFrame sang CSV...
[2026-04-29T12:51:19.808+0000] {datalake_df2csv.py:97} INFO - ✅ Chuyển đổi CSV thành công!
[2026-04-29T12:51:19.809+0000] {datalake_df2csv.py:98} INFO -   - Kích thước file: 0.00 MB
[2026-04-29T12:51:19.810+0000] {datalake_df2csv.py:99} INFO -   - Thời gian chuyển đổi: 0.00 giây
[2026-04-29T12:51:19.811+0000] {datalake_df2csv.py:100} INFO - --------------------------------------------------------------------------------
[2026-04-29T12:51:19.812+0000] {datalake_df2csv.py:103} INFO - ☁️  Bước 3: Đang upload lên MinIO/S3...
[2026-04-29T12:51:19.828+0000] {base.py:84} INFO - Using connection ID 'minio_finance' for task execution.
[2026-04-29T12:51:19.829+0000] {connection_wrapper.py:384} INFO - AWS Connection (conn_id='minio_finance', conn_type='aws') credentials retrieved from login and password.
[2026-04-29T12:51:20.700+0000] {datalake_df2csv.py:112} INFO -   - Bucket 'thongtin-congty-va-bctc' đã tồn tại
[2026-04-29T12:51:20.759+0000] {datalake_df2csv.py:117} INFO - ✅ Upload thành công!
[2026-04-29T12:51:20.760+0000] {datalake_df2csv.py:118} INFO -   - Đường dẫn: s3://thongtin-congty-va-bctc/daily_price/2026-04-27/batch_110.csv
[2026-04-29T12:51:20.760+0000] {datalake_df2csv.py:119} INFO -   - Số dòng: 20
[2026-04-29T12:51:20.761+0000] {datalake_df2csv.py:120} INFO -   - Thời gian upload: 0.95 giây
[2026-04-29T12:51:20.761+0000] {datalake_df2csv.py:121} INFO - --------------------------------------------------------------------------------
[2026-04-29T12:51:20.762+0000] {datalake_df2csv.py:125} INFO - 📈 TỔNG KẾT:
[2026-04-29T12:51:20.763+0000] {datalake_df2csv.py:126} INFO -   - Tổng thời gian thực thi: 5.91 giây
[2026-04-29T12:51:20.763+0000] {datalake_df2csv.py:127} INFO -   - Tốc độ xử lý: 3 dòng/giây
[2026-04-29T12:51:20.764+0000] {datalake_df2csv.py:128} INFO - ================================================================================
[2026-04-29T12:51:20.764+0000] {datalake_df2csv.py:129} INFO - ✅ HOÀN THÀNH TASK: ingest_daily_price
[2026-04-29T12:51:20.765+0000] {datalake_df2csv.py:130} INFO - ================================================================================
[2026-04-29T12:51:20.766+0000] {taskinstance.py:441} INFO - ::group::Post task execution logs
[2026-04-29T12:51:20.783+0000] {taskinstance.py:1206} INFO - Marking task as SUCCESS. dag_id=daily_price, task_id=ingest_daily_price, run_id=scheduled__2026-04-27T16:00:00+00:00, map_index=110, execution_date=20260427T160000, start_date=20260429T125113, end_date=20260429T125120
[2026-04-29T12:51:20.885+0000] {local_task_job_runner.py:243} INFO - Task exited with return code 0
[2026-04-29T12:51:20.899+0000] {local_task_job_runner.py:222} INFO - ::endgroup::
