[2026-01-24T08:39:31.633+0000] {local_task_job_runner.py:120} INFO - ::group::Pre task execution logs
[2026-01-24T08:39:31.669+0000] {taskinstance.py:2076} INFO - Dependencies all met for dep_context=non-requeueable deps ti=<TaskInstance: daily_price_minio.ingest_daily_price manual__2026-01-24T08:33:45.946408+00:00 map_index=17 [queued]>
[2026-01-24T08:39:31.689+0000] {taskinstance.py:2076} INFO - Dependencies all met for dep_context=requeueable deps ti=<TaskInstance: daily_price_minio.ingest_daily_price manual__2026-01-24T08:33:45.946408+00:00 map_index=17 [queued]>
[2026-01-24T08:39:31.690+0000] {taskinstance.py:2306} INFO - Starting attempt 1 of 2
[2026-01-24T08:39:31.715+0000] {taskinstance.py:2330} INFO - Executing <Mapped(DfToCsvOperator): ingest_daily_price> on 2026-01-24 08:33:45.946408+00:00
[2026-01-24T08:39:31.728+0000] {warnings.py:112} WARNING - This process (pid=4611) is multi-threaded, use of fork() may lead to deadlocks in the child.

[2026-01-24T08:39:31.730+0000] {standard_task_runner.py:64} INFO - Started process 4728 to run task
[2026-01-24T08:39:31.733+0000] {standard_task_runner.py:90} INFO - Running: ['***', 'tasks', 'run', 'daily_price_minio', 'ingest_daily_price', 'manual__2026-01-24T08:33:45.946408+00:00', '--job-id', '5984', '--raw', '--subdir', 'DAGS_FOLDER/daily_price_minio.py', '--cfg-path', '/tmp/tmpy8jne4x2', '--map-index', '17']
[2026-01-24T08:39:31.738+0000] {standard_task_runner.py:91} INFO - Job 5984: Subtask ingest_daily_price
[2026-01-24T08:39:31.817+0000] {task_command.py:426} INFO - Running <TaskInstance: daily_price_minio.ingest_daily_price manual__2026-01-24T08:33:45.946408+00:00 map_index=17 [running]> on host 05b4b3a77fa2
[2026-01-24T08:39:31.977+0000] {taskinstance.py:2648} INFO - Exporting env vars: AIRFLOW_CTX_DAG_OWNER='***' AIRFLOW_CTX_DAG_ID='daily_price_minio' AIRFLOW_CTX_TASK_ID='ingest_daily_price' AIRFLOW_CTX_EXECUTION_DATE='2026-01-24T08:33:45.946408+00:00' AIRFLOW_CTX_TRY_NUMBER='1' AIRFLOW_CTX_DAG_RUN_ID='manual__2026-01-24T08:33:45.946408+00:00'
[2026-01-24T08:39:31.978+0000] {taskinstance.py:430} INFO - ::endgroup::
[2026-01-24T08:39:36.388+0000] {logging_mixin.py:188} INFO - VNI: RetryError[<Future at 0x7fdaecdc5f40 state=finished raised ConnectionError>]
[2026-01-24T08:39:41.533+0000] {logging_mixin.py:188} INFO - VNH: RetryError[<Future at 0x7fdaecbbd0d0 state=finished raised ConnectionError>]
[2026-01-24T08:39:46.447+0000] {logging_mixin.py:188} INFO - VNG: RetryError[<Future at 0x7fdaecbbdee0 state=finished raised ConnectionError>]
[2026-01-24T08:39:51.332+0000] {logging_mixin.py:188} INFO - VNF: RetryError[<Future at 0x7fdaecbbcc50 state=finished raised ConnectionError>]
[2026-01-24T08:39:58.128+0000] {logging_mixin.py:188} INFO - VNE: RetryError[<Future at 0x7fdaecbbede0 state=finished raised ConnectionError>]
[2026-01-24T08:39:58.631+0000] {datalake_df2csv.py:40} INFO - DataFrame rỗng, bỏ qua upload CSV.
[2026-01-24T08:39:58.632+0000] {taskinstance.py:441} INFO - ::group::Post task execution logs
[2026-01-24T08:39:58.643+0000] {taskinstance.py:1206} INFO - Marking task as SUCCESS. dag_id=daily_price_minio, task_id=ingest_daily_price, run_id=manual__2026-01-24T08:33:45.946408+00:00, map_index=17, execution_date=20260124T083345, start_date=20260124T083931, end_date=20260124T083958
[2026-01-24T08:39:58.690+0000] {local_task_job_runner.py:243} INFO - Task exited with return code 0
[2026-01-24T08:39:58.707+0000] {taskinstance.py:3503} INFO - 0 downstream tasks scheduled from follow-on schedule check
[2026-01-24T08:39:58.711+0000] {local_task_job_runner.py:222} INFO - ::endgroup::
