[2026-01-12T14:55:11.100+0000] {local_task_job_runner.py:120} INFO - ::group::Pre task execution logs
[2026-01-12T14:55:11.170+0000] {taskinstance.py:2076} INFO - Dependencies all met for dep_context=non-requeueable deps ti=<TaskInstance: financial_ratios_etl.ingest_financial_ratios scheduled__2026-01-04T02:00:00+00:00 map_index=173 [queued]>
[2026-01-12T14:55:11.196+0000] {taskinstance.py:2076} INFO - Dependencies all met for dep_context=requeueable deps ti=<TaskInstance: financial_ratios_etl.ingest_financial_ratios scheduled__2026-01-04T02:00:00+00:00 map_index=173 [queued]>
[2026-01-12T14:55:11.198+0000] {taskinstance.py:2306} INFO - Starting attempt 1 of 2
[2026-01-12T14:55:11.255+0000] {taskinstance.py:2330} INFO - Executing <Mapped(DfToCsvOperator): ingest_financial_ratios> on 2026-01-04 02:00:00+00:00
[2026-01-12T14:55:11.270+0000] {warnings.py:112} WARNING - This process (pid=7344) is multi-threaded, use of fork() may lead to deadlocks in the child.

[2026-01-12T14:55:11.273+0000] {standard_task_runner.py:64} INFO - Started process 7517 to run task
[2026-01-12T14:55:11.275+0000] {standard_task_runner.py:90} INFO - Running: ['***', 'tasks', 'run', 'financial_ratios_etl', 'ingest_financial_ratios', 'scheduled__2026-01-04T02:00:00+00:00', '--job-id', '12860', '--raw', '--subdir', 'DAGS_FOLDER/financial_ratios_etl.py', '--cfg-path', '/tmp/tmprzpujz97', '--map-index', '173']
[2026-01-12T14:55:11.282+0000] {standard_task_runner.py:91} INFO - Job 12860: Subtask ingest_financial_ratios
[2026-01-12T14:55:11.409+0000] {task_command.py:426} INFO - Running <TaskInstance: financial_ratios_etl.ingest_financial_ratios scheduled__2026-01-04T02:00:00+00:00 map_index=173 [running]> on host 5a20a797a43c
[2026-01-12T14:55:11.589+0000] {taskinstance.py:2648} INFO - Exporting env vars: AIRFLOW_CTX_DAG_OWNER='***' AIRFLOW_CTX_DAG_ID='financial_ratios_etl' AIRFLOW_CTX_TASK_ID='ingest_financial_ratios' AIRFLOW_CTX_EXECUTION_DATE='2026-01-04T02:00:00+00:00' AIRFLOW_CTX_TRY_NUMBER='1' AIRFLOW_CTX_DAG_RUN_ID='scheduled__2026-01-04T02:00:00+00:00'
[2026-01-12T14:55:11.593+0000] {taskinstance.py:430} INFO - ::endgroup::
[2026-01-12T14:55:11.609+0000] {taskinstance.py:441} INFO - ::group::Post task execution logs
[2026-01-12T14:55:11.614+0000] {taskinstance.py:2905} ERROR - Task failed with exception
Traceback (most recent call last):
  File "/home/airflow/.local/lib/python3.12/site-packages/airflow/models/taskinstance.py", line 465, in _execute_task
    result = _execute_callable(context=context, **execute_callable_kwargs)
             ^^^^^^^^^^^^^^^^^^^^^^^^^^^^^^^^^^^^^^^^^^^^^^^^^^^^^^^^^^^^^
  File "/home/airflow/.local/lib/python3.12/site-packages/airflow/models/taskinstance.py", line 432, in _execute_callable
    return execute_callable(context=context, **execute_callable_kwargs)
           ^^^^^^^^^^^^^^^^^^^^^^^^^^^^^^^^^^^^^^^^^^^^^^^^^^^^^^^^^^^^
  File "/home/airflow/.local/lib/python3.12/site-packages/airflow/models/baseoperator.py", line 401, in wrapper
    return func(self, *args, **kwargs)
           ^^^^^^^^^^^^^^^^^^^^^^^^^^^
  File "/opt/airflow/plugins/function/datalake_df2csv.py", line 38, in execute
    df = self._load_dataframe()
         ^^^^^^^^^^^^^^^^^^^^^^
  File "/opt/airflow/plugins/function/datalake_df2csv.py", line 67, in _load_dataframe
    spec.loader.exec_module(module)
  File "<frozen importlib._bootstrap_external>", line 995, in exec_module
  File "<frozen importlib._bootstrap>", line 488, in _call_with_frames_removed
  File "/opt/airflow/plugins/logic/financial_ratios.py", line 9, in <module>
    from vnstock import finance
ImportError: cannot import name 'finance' from 'vnstock' (/home/airflow/.local/lib/python3.12/site-packages/vnstock/__init__.py). Did you mean: 'Finance'?
[2026-01-12T14:55:11.635+0000] {taskinstance.py:1206} INFO - Marking task as UP_FOR_RETRY. dag_id=financial_ratios_etl, task_id=ingest_financial_ratios, run_id=scheduled__2026-01-04T02:00:00+00:00, map_index=173, execution_date=20260104T020000, start_date=20260112T145511, end_date=20260112T145511
[2026-01-12T14:55:11.652+0000] {standard_task_runner.py:110} ERROR - Failed to execute job 12860 for task ingest_financial_ratios (cannot import name 'finance' from 'vnstock' (/home/airflow/.local/lib/python3.12/site-packages/vnstock/__init__.py); 7517)
[2026-01-12T14:55:11.689+0000] {local_task_job_runner.py:243} INFO - Task exited with return code 1
[2026-01-12T14:55:11.708+0000] {taskinstance.py:3503} INFO - 0 downstream tasks scheduled from follow-on schedule check
[2026-01-12T14:55:11.711+0000] {local_task_job_runner.py:222} INFO - ::endgroup::
[2026-01-17T08:59:43.768+0000] {local_task_job_runner.py:120} INFO - ::group::Pre task execution logs
[2026-01-17T08:59:43.807+0000] {taskinstance.py:2076} INFO - Dependencies all met for dep_context=non-requeueable deps ti=<TaskInstance: financial_ratios_etl.ingest_financial_ratios scheduled__2026-01-04T02:00:00+00:00 map_index=173 [queued]>
[2026-01-17T08:59:43.830+0000] {taskinstance.py:2076} INFO - Dependencies all met for dep_context=requeueable deps ti=<TaskInstance: financial_ratios_etl.ingest_financial_ratios scheduled__2026-01-04T02:00:00+00:00 map_index=173 [queued]>
[2026-01-17T08:59:43.831+0000] {taskinstance.py:2306} INFO - Starting attempt 1 of 2
[2026-01-17T08:59:43.850+0000] {taskinstance.py:2330} INFO - Executing <Mapped(DfToCsvOperator): ingest_financial_ratios> on 2026-01-04 02:00:00+00:00
[2026-01-17T08:59:43.863+0000] {warnings.py:112} WARNING - This process (pid=9400) is multi-threaded, use of fork() may lead to deadlocks in the child.

[2026-01-17T08:59:43.865+0000] {standard_task_runner.py:64} INFO - Started process 9480 to run task
[2026-01-17T08:59:43.868+0000] {standard_task_runner.py:90} INFO - Running: ['***', 'tasks', 'run', 'financial_ratios_etl', 'ingest_financial_ratios', 'scheduled__2026-01-04T02:00:00+00:00', '--job-id', '566', '--raw', '--subdir', 'DAGS_FOLDER/financial_ratios_etl.py', '--cfg-path', '/tmp/tmp1cnoiah9', '--map-index', '173']
[2026-01-17T08:59:43.873+0000] {standard_task_runner.py:91} INFO - Job 566: Subtask ingest_financial_ratios
[2026-01-17T08:59:43.937+0000] {task_command.py:426} INFO - Running <TaskInstance: financial_ratios_etl.ingest_financial_ratios scheduled__2026-01-04T02:00:00+00:00 map_index=173 [running]> on host d8c064bd46bc
[2026-01-17T08:59:44.081+0000] {taskinstance.py:2648} INFO - Exporting env vars: AIRFLOW_CTX_DAG_OWNER='***' AIRFLOW_CTX_DAG_ID='financial_ratios_etl' AIRFLOW_CTX_TASK_ID='ingest_financial_ratios' AIRFLOW_CTX_EXECUTION_DATE='2026-01-04T02:00:00+00:00' AIRFLOW_CTX_TRY_NUMBER='1' AIRFLOW_CTX_DAG_RUN_ID='scheduled__2026-01-04T02:00:00+00:00'
[2026-01-17T08:59:44.083+0000] {taskinstance.py:430} INFO - ::endgroup::
[2026-01-17T08:59:44.091+0000] {logging_mixin.py:188} INFO - [RATIO] Bắt đầu xử lý batch 2 mã: ['TDM', 'TDI']
[2026-01-17T08:59:44.092+0000] {logging_mixin.py:188} INFO - [RATIO] Kỳ dữ liệu: quarter
[2026-01-17T08:59:44.093+0000] {logging_mixin.py:188} INFO -  >> [RATIO] Đang lấy dữ liệu: TDM
[2026-01-17T08:59:44.214+0000] {logging_mixin.py:188} INFO -  ❌ [RATIO] Lỗi xử lý mã TDM: Failed to fetch data: 429 - Too Many Requests
[2026-01-17T08:59:44.215+0000] {logging_mixin.py:188} INFO -  >> [RATIO] Đang lấy dữ liệu: TDI
[2026-01-17T08:59:49.329+0000] {logging_mixin.py:188} INFO - ❌ Lỗi TDI: RetryError[<Future at 0x7f9718568650 state=finished raised KeyError>]
[2026-01-17T08:59:49.330+0000] {logging_mixin.py:188} INFO -  ⚠️ [RATIO] TDI: No data from API
[2026-01-17T08:59:51.331+0000] {logging_mixin.py:188} INFO -  ⚠ [RATIO] Batch này không thu được dữ liệu nào.
[2026-01-17T08:59:51.333+0000] {datalake_df2csv.py:40} INFO - DataFrame rỗng, bỏ qua upload CSV.
[2026-01-17T08:59:51.333+0000] {taskinstance.py:441} INFO - ::group::Post task execution logs
[2026-01-17T08:59:51.346+0000] {taskinstance.py:1206} INFO - Marking task as SUCCESS. dag_id=financial_ratios_etl, task_id=ingest_financial_ratios, run_id=scheduled__2026-01-04T02:00:00+00:00, map_index=173, execution_date=20260104T020000, start_date=20260117T085943, end_date=20260117T085951
[2026-01-17T08:59:51.467+0000] {local_task_job_runner.py:243} INFO - Task exited with return code 0
[2026-01-17T08:59:51.488+0000] {taskinstance.py:3503} INFO - 0 downstream tasks scheduled from follow-on schedule check
[2026-01-17T08:59:51.490+0000] {local_task_job_runner.py:222} INFO - ::endgroup::
