[2026-02-07T00:49:33.206+0000] {local_task_job_runner.py:120} INFO - ::group::Pre task execution logs
[2026-02-07T00:49:33.225+0000] {taskinstance.py:2076} INFO - Dependencies all met for dep_context=non-requeueable deps ti=<TaskInstance: market_minio.persist_index_price scheduled__2026-02-05T15:00:00+00:00 [queued]>
[2026-02-07T00:49:33.236+0000] {taskinstance.py:2076} INFO - Dependencies all met for dep_context=requeueable deps ti=<TaskInstance: market_minio.persist_index_price scheduled__2026-02-05T15:00:00+00:00 [queued]>
[2026-02-07T00:49:33.237+0000] {taskinstance.py:2306} INFO - Starting attempt 1 of 2
[2026-02-07T00:49:33.258+0000] {taskinstance.py:2330} INFO - Executing <Task(_PythonDecoratedOperator): persist_index_price> on 2026-02-05 15:00:00+00:00
[2026-02-07T00:49:33.270+0000] {warnings.py:112} WARNING - This process (pid=1654) is multi-threaded, use of fork() may lead to deadlocks in the child.

[2026-02-07T00:49:33.272+0000] {standard_task_runner.py:64} INFO - Started process 1733 to run task
[2026-02-07T00:49:33.275+0000] {standard_task_runner.py:90} INFO - Running: ['***', 'tasks', 'run', 'market_minio', 'persist_index_price', 'scheduled__2026-02-05T15:00:00+00:00', '--job-id', '18875', '--raw', '--subdir', 'DAGS_FOLDER/dl_market_index_price.py', '--cfg-path', '/tmp/tmpfb6czrup']
[2026-02-07T00:49:33.278+0000] {standard_task_runner.py:91} INFO - Job 18875: Subtask persist_index_price
[2026-02-07T00:49:33.337+0000] {task_command.py:426} INFO - Running <TaskInstance: market_minio.persist_index_price scheduled__2026-02-05T15:00:00+00:00 [running]> on host 92ec87cbc427
[2026-02-07T00:49:33.462+0000] {taskinstance.py:2648} INFO - Exporting env vars: AIRFLOW_CTX_DAG_OWNER='***' AIRFLOW_CTX_DAG_ID='market_minio' AIRFLOW_CTX_TASK_ID='persist_index_price' AIRFLOW_CTX_EXECUTION_DATE='2026-02-05T15:00:00+00:00' AIRFLOW_CTX_TRY_NUMBER='1' AIRFLOW_CTX_DAG_RUN_ID='scheduled__2026-02-05T15:00:00+00:00'
[2026-02-07T00:49:33.464+0000] {taskinstance.py:430} INFO - ::endgroup::
[2026-02-07T00:49:33.469+0000] {logging_mixin.py:188} INFO - [INDEX_PRICE] Bắt đầu lấy giá index cho ngày 2026-02-05
[2026-02-07T00:49:33.475+0000] {logging_mixin.py:188} INFO - [INDEX_PRICE] Fetching VNINDEX...
[2026-02-07T00:49:34.677+0000] {logging_mixin.py:188} INFO - [INDEX_PRICE] Fetching HNXINDEX...
[2026-02-07T00:49:35.881+0000] {logging_mixin.py:188} INFO - [INDEX_PRICE] Fetching UPCOMINDEX...
[2026-02-07T00:49:37.325+0000] {logging_mixin.py:188} INFO - [INDEX_PRICE] Fetching VN30...
[2026-02-07T00:49:38.578+0000] {logging_mixin.py:188} INFO - [INDEX_PRICE] Fetching HNX30...
[2026-02-07T00:49:39.801+0000] {logging_mixin.py:188} INFO - [INDEX_PRICE] ✓ Lấy được 120 records từ API
[2026-02-07T00:49:39.844+0000] {base.py:84} INFO - Using connection ID 'minio_finance' for task execution.
[2026-02-07T00:49:39.850+0000] {connection_wrapper.py:384} INFO - AWS Connection (conn_id='minio_finance', conn_type='aws') credentials retrieved from login and password.
[2026-02-07T00:49:41.399+0000] {logging_mixin.py:188} INFO - [INDEX_PRICE] ✓ Đã ghi CSV lên MinIO: s3://thongtin-congty-va-bctc/index_price/2026-02-05/index_price_20260205T150000.csv
[2026-02-07T00:49:41.400+0000] {logging_mixin.py:188} INFO - [INDEX_PRICE] ✅ Hoàn tất - Đã lưu 120 records vào MinIO
[2026-02-07T00:49:41.401+0000] {logging_mixin.py:188} INFO - [INDEX_PRICE] Danh sách index: ['HNX30', 'HNXINDEX', 'UPCOMINDEX', 'VN30', 'VNINDEX']
[2026-02-07T00:49:41.402+0000] {python.py:237} INFO - Done. Returned value was: saved_to_minio:120
[2026-02-07T00:49:41.403+0000] {taskinstance.py:441} INFO - ::group::Post task execution logs
[2026-02-07T00:49:41.435+0000] {taskinstance.py:1206} INFO - Marking task as SUCCESS. dag_id=market_minio, task_id=persist_index_price, run_id=scheduled__2026-02-05T15:00:00+00:00, execution_date=20260205T150000, start_date=20260207T004933, end_date=20260207T004941
[2026-02-07T00:49:41.513+0000] {local_task_job_runner.py:243} INFO - Task exited with return code 0
[2026-02-07T00:49:41.535+0000] {taskinstance.py:3503} INFO - 0 downstream tasks scheduled from follow-on schedule check
[2026-02-07T00:49:41.539+0000] {local_task_job_runner.py:222} INFO - ::endgroup::
