[2026-04-10T16:10:32.312+0000] {local_task_job_runner.py:120} INFO - ::group::Pre task execution logs
[2026-04-10T16:10:32.383+0000] {taskinstance.py:2076} INFO - Dependencies all met for dep_context=non-requeueable deps ti=<TaskInstance: daily_price.ingest_daily_price scheduled__2026-04-09T16:00:00+00:00 map_index=185 [queued]>
[2026-04-10T16:10:32.423+0000] {taskinstance.py:2076} INFO - Dependencies all met for dep_context=requeueable deps ti=<TaskInstance: daily_price.ingest_daily_price scheduled__2026-04-09T16:00:00+00:00 map_index=185 [queued]>
[2026-04-10T16:10:32.424+0000] {taskinstance.py:2306} INFO - Starting attempt 1 of 2
[2026-04-10T16:10:32.459+0000] {taskinstance.py:2330} INFO - Executing <Mapped(DfToCsvOperator): ingest_daily_price> on 2026-04-09 16:00:00+00:00
[2026-04-10T16:10:32.476+0000] {warnings.py:112} WARNING - This process (pid=5373) is multi-threaded, use of fork() may lead to deadlocks in the child.

[2026-04-10T16:10:32.479+0000] {standard_task_runner.py:64} INFO - Started process 5420 to run task
[2026-04-10T16:10:32.481+0000] {standard_task_runner.py:90} INFO - Running: ['***', 'tasks', 'run', 'daily_price', 'ingest_daily_price', 'scheduled__2026-04-09T16:00:00+00:00', '--job-id', '41396', '--raw', '--subdir', 'DAGS_FOLDER/dl_dailly_price.py', '--cfg-path', '/tmp/tmpcunig4is', '--map-index', '185']
[2026-04-10T16:10:32.486+0000] {standard_task_runner.py:91} INFO - Job 41396: Subtask ingest_daily_price
[2026-04-10T16:10:32.571+0000] {task_command.py:426} INFO - Running <TaskInstance: daily_price.ingest_daily_price scheduled__2026-04-09T16:00:00+00:00 map_index=185 [running]> on host 1fa6f0c1773c
[2026-04-10T16:10:33.150+0000] {taskinstance.py:2648} INFO - Exporting env vars: AIRFLOW_CTX_DAG_OWNER='***' AIRFLOW_CTX_DAG_ID='daily_price' AIRFLOW_CTX_TASK_ID='ingest_daily_price' AIRFLOW_CTX_EXECUTION_DATE='2026-04-09T16:00:00+00:00' AIRFLOW_CTX_TRY_NUMBER='1' AIRFLOW_CTX_DAG_RUN_ID='scheduled__2026-04-09T16:00:00+00:00'
[2026-04-10T16:10:33.152+0000] {taskinstance.py:430} INFO - ::endgroup::
[2026-04-10T16:10:33.154+0000] {datalake_df2csv.py:40} INFO - ================================================================================
[2026-04-10T16:10:33.155+0000] {datalake_df2csv.py:41} INFO - 🚀 BẮT ĐẦU TASK: ingest_daily_price
[2026-04-10T16:10:33.158+0000] {datalake_df2csv.py:42} INFO - ================================================================================
[2026-04-10T16:10:33.159+0000] {datalake_df2csv.py:43} INFO - 📋 Thông tin cấu hình:
[2026-04-10T16:10:33.160+0000] {datalake_df2csv.py:44} INFO -   - Logic file: history_price
[2026-04-10T16:10:33.160+0000] {datalake_df2csv.py:45} INFO -   - DataFrame name: get_history_price_batch
[2026-04-10T16:10:33.161+0000] {datalake_df2csv.py:46} INFO -   - Bucket: thongtin-congty-va-bctc
[2026-04-10T16:10:33.161+0000] {datalake_df2csv.py:47} INFO -   - Object path: daily_price/2026-04-09/batch_185.csv
[2026-04-10T16:10:33.162+0000] {datalake_df2csv.py:48} INFO -   - Connection ID: minio_finance
[2026-04-10T16:10:33.162+0000] {datalake_df2csv.py:49} INFO -   - Tham số truyền vào: {'symbols': ['SGC', 'COM', 'CRC', 'TTF', 'TV3'], 'start_date': '2026-04-09', 'end_date': '2026-04-10'}
[2026-04-10T16:10:33.163+0000] {datalake_df2csv.py:50} INFO - --------------------------------------------------------------------------------
[2026-04-10T16:10:33.164+0000] {datalake_df2csv.py:54} INFO - 📥 Bước 1: Đang load dữ liệu từ logic file...
[2026-04-10T16:10:33.176+0000] {datalake_df2csv.py:148} INFO -   - Logic directory: /opt/airflow/plugins/logic
[2026-04-10T16:10:33.178+0000] {datalake_df2csv.py:149} INFO -   - Module path: /opt/airflow/plugins/logic/history_price.py
[2026-04-10T16:10:33.178+0000] {datalake_df2csv.py:153} INFO -   - Đã thêm logic directory vào sys.path
[2026-04-10T16:10:33.184+0000] {datalake_df2csv.py:159} INFO -   - Đang load module 'history_price'...
[2026-04-10T16:10:33.194+0000] {datalake_df2csv.py:163} INFO -   - ✅ Module loaded thành công
[2026-04-10T16:10:33.197+0000] {datalake_df2csv.py:165} INFO -   - Đang tìm DataFrame/function: 'get_history_price_batch'...
[2026-04-10T16:10:33.201+0000] {datalake_df2csv.py:170} INFO -   - ✅ Tìm thấy object: function
[2026-04-10T16:10:33.202+0000] {datalake_df2csv.py:173} INFO -   - Đang gọi function với tham số: {'symbols': ['SGC', 'COM', 'CRC', 'TTF', 'TV3'], 'start_date': '2026-04-09', 'end_date': '2026-04-10'}
[2026-04-10T16:10:38.134+0000] {datalake_df2csv.py:68} INFO - ✅ Load dữ liệu thành công!
[2026-04-10T16:10:38.135+0000] {datalake_df2csv.py:69} INFO - 📊 Thông tin DataFrame:
[2026-04-10T16:10:38.136+0000] {datalake_df2csv.py:70} INFO -   - Số dòng: 15
[2026-04-10T16:10:38.138+0000] {datalake_df2csv.py:71} INFO -   - Số cột: 7
[2026-04-10T16:10:38.139+0000] {datalake_df2csv.py:72} INFO -   - Tên các cột: ['ticker', 'trading_date', 'open', 'high', 'low', 'close', 'volume']
[2026-04-10T16:10:38.140+0000] {datalake_df2csv.py:73} INFO -   - Kiểu dữ liệu: {'ticker': 'object', 'trading_date': 'object', 'open': 'float64', 'high': 'float64', 'low': 'float64', 'close': 'float64', 'volume': 'int64'}
[2026-04-10T16:10:38.143+0000] {datalake_df2csv.py:74} INFO -   - Bộ nhớ sử dụng: 0.00 MB
[2026-04-10T16:10:38.146+0000] {datalake_df2csv.py:83} INFO -   - Không có giá trị NULL
[2026-04-10T16:10:38.147+0000] {datalake_df2csv.py:86} INFO -   - Mẫu dữ liệu (5 dòng đầu):
[2026-04-10T16:10:38.148+0000] {datalake_df2csv.py:88} INFO -     Row 0: {'ticker': 'SGC', 'trading_date': '2026-04-07', 'open': 80.9, 'high': 80.9, 'low': 80.9, 'close': 80.9, 'volume': 400}
[2026-04-10T16:10:38.149+0000] {datalake_df2csv.py:88} INFO -     Row 1: {'ticker': 'SGC', 'trading_date': '2026-04-08', 'open': 84.5, 'high': 84.5, 'low': 84.5, 'close': 84.5, 'volume': 100}
[2026-04-10T16:10:38.150+0000] {datalake_df2csv.py:88} INFO -     Row 2: {'ticker': 'SGC', 'trading_date': '2026-04-09', 'open': 80.0, 'high': 80.0, 'low': 80.0, 'close': 80.0, 'volume': 100}
[2026-04-10T16:10:38.151+0000] {datalake_df2csv.py:88} INFO -     Row 3: {'ticker': 'COM', 'trading_date': '2026-03-30', 'open': 33.25, 'high': 33.25, 'low': 33.25, 'close': 33.25, 'volume': 100}
[2026-04-10T16:10:38.152+0000] {datalake_df2csv.py:88} INFO -     Row 4: {'ticker': 'COM', 'trading_date': '2026-04-06', 'open': 33.3, 'high': 33.3, 'low': 33.25, 'close': 33.3, 'volume': 2300}
[2026-04-10T16:10:38.152+0000] {datalake_df2csv.py:90} INFO - --------------------------------------------------------------------------------
[2026-04-10T16:10:38.153+0000] {datalake_df2csv.py:93} INFO - 📝 Bước 2: Đang chuyển đổi DataFrame sang CSV...
[2026-04-10T16:10:38.159+0000] {datalake_df2csv.py:97} INFO - ✅ Chuyển đổi CSV thành công!
[2026-04-10T16:10:38.159+0000] {datalake_df2csv.py:98} INFO -   - Kích thước file: 0.00 MB
[2026-04-10T16:10:38.160+0000] {datalake_df2csv.py:99} INFO -   - Thời gian chuyển đổi: 0.00 giây
[2026-04-10T16:10:38.161+0000] {datalake_df2csv.py:100} INFO - --------------------------------------------------------------------------------
[2026-04-10T16:10:38.161+0000] {datalake_df2csv.py:103} INFO - ☁️  Bước 3: Đang upload lên MinIO/S3...
[2026-04-10T16:10:38.180+0000] {base.py:84} INFO - Using connection ID 'minio_finance' for task execution.
[2026-04-10T16:10:38.181+0000] {connection_wrapper.py:384} INFO - AWS Connection (conn_id='minio_finance', conn_type='aws') credentials retrieved from login and password.
[2026-04-10T16:10:38.961+0000] {datalake_df2csv.py:112} INFO -   - Bucket 'thongtin-congty-va-bctc' đã tồn tại
[2026-04-10T16:10:39.010+0000] {datalake_df2csv.py:117} INFO - ✅ Upload thành công!
[2026-04-10T16:10:39.010+0000] {datalake_df2csv.py:118} INFO -   - Đường dẫn: s3://thongtin-congty-va-bctc/daily_price/2026-04-09/batch_185.csv
[2026-04-10T16:10:39.011+0000] {datalake_df2csv.py:119} INFO -   - Số dòng: 15
[2026-04-10T16:10:39.012+0000] {datalake_df2csv.py:120} INFO -   - Thời gian upload: 0.85 giây
[2026-04-10T16:10:39.012+0000] {datalake_df2csv.py:121} INFO - --------------------------------------------------------------------------------
[2026-04-10T16:10:39.013+0000] {datalake_df2csv.py:125} INFO - 📈 TỔNG KẾT:
[2026-04-10T16:10:39.013+0000] {datalake_df2csv.py:126} INFO -   - Tổng thời gian thực thi: 5.86 giây
[2026-04-10T16:10:39.014+0000] {datalake_df2csv.py:127} INFO -   - Tốc độ xử lý: 3 dòng/giây
[2026-04-10T16:10:39.014+0000] {datalake_df2csv.py:128} INFO - ================================================================================
[2026-04-10T16:10:39.015+0000] {datalake_df2csv.py:129} INFO - ✅ HOÀN THÀNH TASK: ingest_daily_price
[2026-04-10T16:10:39.015+0000] {datalake_df2csv.py:130} INFO - ================================================================================
[2026-04-10T16:10:39.017+0000] {taskinstance.py:441} INFO - ::group::Post task execution logs
[2026-04-10T16:10:39.031+0000] {taskinstance.py:1206} INFO - Marking task as SUCCESS. dag_id=daily_price, task_id=ingest_daily_price, run_id=scheduled__2026-04-09T16:00:00+00:00, map_index=185, execution_date=20260409T160000, start_date=20260410T161032, end_date=20260410T161039
[2026-04-10T16:10:39.134+0000] {local_task_job_runner.py:243} INFO - Task exited with return code 0
[2026-04-10T16:10:39.156+0000] {taskinstance.py:3503} INFO - 0 downstream tasks scheduled from follow-on schedule check
[2026-04-10T16:10:39.161+0000] {local_task_job_runner.py:222} INFO - ::endgroup::
