[2026-03-28T13:38:14.922+0000] {local_task_job_runner.py:120} INFO - ::group::Pre task execution logs
[2026-03-28T13:38:15.033+0000] {taskinstance.py:2076} INFO - Dependencies all met for dep_context=non-requeueable deps ti=<TaskInstance: daily_price.ingest_daily_price scheduled__2026-03-26T16:00:00+00:00 map_index=99 [queued]>
[2026-03-28T13:38:15.073+0000] {taskinstance.py:2076} INFO - Dependencies all met for dep_context=requeueable deps ti=<TaskInstance: daily_price.ingest_daily_price scheduled__2026-03-26T16:00:00+00:00 map_index=99 [queued]>
[2026-03-28T13:38:15.074+0000] {taskinstance.py:2306} INFO - Starting attempt 1 of 2
[2026-03-28T13:38:15.118+0000] {taskinstance.py:2330} INFO - Executing <Mapped(DfToCsvOperator): ingest_daily_price> on 2026-03-26 16:00:00+00:00
[2026-03-28T13:38:15.162+0000] {warnings.py:112} WARNING - This process (pid=1334) is multi-threaded, use of fork() may lead to deadlocks in the child.

[2026-03-28T13:38:15.165+0000] {standard_task_runner.py:64} INFO - Started process 1373 to run task
[2026-03-28T13:38:15.168+0000] {standard_task_runner.py:90} INFO - Running: ['***', 'tasks', 'run', 'daily_price', 'ingest_daily_price', 'scheduled__2026-03-26T16:00:00+00:00', '--job-id', '37248', '--raw', '--subdir', 'DAGS_FOLDER/dl_dailly_price.py', '--cfg-path', '/tmp/tmpmw3s3taf', '--map-index', '99']
[2026-03-28T13:38:15.176+0000] {standard_task_runner.py:91} INFO - Job 37248: Subtask ingest_daily_price
[2026-03-28T13:38:15.315+0000] {task_command.py:426} INFO - Running <TaskInstance: daily_price.ingest_daily_price scheduled__2026-03-26T16:00:00+00:00 map_index=99 [running]> on host 83216daccec9
[2026-03-28T13:38:15.981+0000] {taskinstance.py:2648} INFO - Exporting env vars: AIRFLOW_CTX_DAG_OWNER='***' AIRFLOW_CTX_DAG_ID='daily_price' AIRFLOW_CTX_TASK_ID='ingest_daily_price' AIRFLOW_CTX_EXECUTION_DATE='2026-03-26T16:00:00+00:00' AIRFLOW_CTX_TRY_NUMBER='1' AIRFLOW_CTX_DAG_RUN_ID='scheduled__2026-03-26T16:00:00+00:00'
[2026-03-28T13:38:15.986+0000] {taskinstance.py:430} INFO - ::endgroup::
[2026-03-28T13:38:15.988+0000] {datalake_df2csv.py:40} INFO - ================================================================================
[2026-03-28T13:38:15.991+0000] {datalake_df2csv.py:41} INFO - 🚀 BẮT ĐẦU TASK: ingest_daily_price
[2026-03-28T13:38:15.995+0000] {datalake_df2csv.py:42} INFO - ================================================================================
[2026-03-28T13:38:15.996+0000] {datalake_df2csv.py:43} INFO - 📋 Thông tin cấu hình:
[2026-03-28T13:38:15.997+0000] {datalake_df2csv.py:44} INFO -   - Logic file: history_price
[2026-03-28T13:38:15.998+0000] {datalake_df2csv.py:45} INFO -   - DataFrame name: get_history_price_batch
[2026-03-28T13:38:15.999+0000] {datalake_df2csv.py:46} INFO -   - Bucket: thongtin-congty-va-bctc
[2026-03-28T13:38:16.002+0000] {datalake_df2csv.py:47} INFO -   - Object path: daily_price/2026-03-26/batch_99.csv
[2026-03-28T13:38:16.006+0000] {datalake_df2csv.py:48} INFO -   - Connection ID: minio_finance
[2026-03-28T13:38:16.010+0000] {datalake_df2csv.py:49} INFO -   - Tham số truyền vào: {'symbols': ['MCF', 'VGG', 'PJT', 'SBV', 'BSQ'], 'start_date': '2026-03-26', 'end_date': '2026-03-27'}
[2026-03-28T13:38:16.012+0000] {datalake_df2csv.py:50} INFO - --------------------------------------------------------------------------------
[2026-03-28T13:38:16.013+0000] {datalake_df2csv.py:54} INFO - 📥 Bước 1: Đang load dữ liệu từ logic file...
[2026-03-28T13:38:16.030+0000] {datalake_df2csv.py:148} INFO -   - Logic directory: /opt/airflow/plugins/logic
[2026-03-28T13:38:16.035+0000] {datalake_df2csv.py:149} INFO -   - Module path: /opt/airflow/plugins/logic/history_price.py
[2026-03-28T13:38:16.039+0000] {datalake_df2csv.py:153} INFO -   - Đã thêm logic directory vào sys.path
[2026-03-28T13:38:16.048+0000] {datalake_df2csv.py:159} INFO -   - Đang load module 'history_price'...
[2026-03-28T13:38:16.057+0000] {datalake_df2csv.py:163} INFO -   - ✅ Module loaded thành công
[2026-03-28T13:38:16.058+0000] {datalake_df2csv.py:165} INFO -   - Đang tìm DataFrame/function: 'get_history_price_batch'...
[2026-03-28T13:38:16.062+0000] {datalake_df2csv.py:170} INFO -   - ✅ Tìm thấy object: function
[2026-03-28T13:38:16.065+0000] {datalake_df2csv.py:173} INFO -   - Đang gọi function với tham số: {'symbols': ['MCF', 'VGG', 'PJT', 'SBV', 'BSQ'], 'start_date': '2026-03-26', 'end_date': '2026-03-27'}
[2026-03-28T13:38:24.624+0000] {datalake_df2csv.py:68} INFO - ✅ Load dữ liệu thành công!
[2026-03-28T13:38:24.625+0000] {datalake_df2csv.py:69} INFO - 📊 Thông tin DataFrame:
[2026-03-28T13:38:24.627+0000] {datalake_df2csv.py:70} INFO -   - Số dòng: 15
[2026-03-28T13:38:24.629+0000] {datalake_df2csv.py:71} INFO -   - Số cột: 7
[2026-03-28T13:38:24.630+0000] {datalake_df2csv.py:72} INFO -   - Tên các cột: ['ticker', 'trading_date', 'open', 'high', 'low', 'close', 'volume']
[2026-03-28T13:38:24.632+0000] {datalake_df2csv.py:73} INFO -   - Kiểu dữ liệu: {'ticker': 'object', 'trading_date': 'object', 'open': 'float64', 'high': 'float64', 'low': 'float64', 'close': 'float64', 'volume': 'int64'}
[2026-03-28T13:38:24.637+0000] {datalake_df2csv.py:74} INFO -   - Bộ nhớ sử dụng: 0.00 MB
[2026-03-28T13:38:24.640+0000] {datalake_df2csv.py:83} INFO -   - Không có giá trị NULL
[2026-03-28T13:38:24.642+0000] {datalake_df2csv.py:86} INFO -   - Mẫu dữ liệu (5 dòng đầu):
[2026-03-28T13:38:24.643+0000] {datalake_df2csv.py:88} INFO -     Row 0: {'ticker': 'MCF', 'trading_date': '2026-03-23', 'open': 7.4, 'high': 7.4, 'low': 7.4, 'close': 7.4, 'volume': 40900}
[2026-03-28T13:38:24.644+0000] {datalake_df2csv.py:88} INFO -     Row 1: {'ticker': 'MCF', 'trading_date': '2026-03-24', 'open': 7.5, 'high': 7.6, 'low': 7.5, 'close': 7.6, 'volume': 4100}
[2026-03-28T13:38:24.645+0000] {datalake_df2csv.py:88} INFO -     Row 2: {'ticker': 'MCF', 'trading_date': '2026-03-26', 'open': 7.5, 'high': 7.5, 'low': 7.5, 'close': 7.5, 'volume': 200}
[2026-03-28T13:38:24.646+0000] {datalake_df2csv.py:88} INFO -     Row 3: {'ticker': 'VGG', 'trading_date': '2026-03-24', 'open': 41.0, 'high': 42.0, 'low': 41.0, 'close': 42.0, 'volume': 2200}
[2026-03-28T13:38:24.647+0000] {datalake_df2csv.py:88} INFO -     Row 4: {'ticker': 'VGG', 'trading_date': '2026-03-25', 'open': 42.2, 'high': 42.2, 'low': 42.2, 'close': 42.2, 'volume': 100}
[2026-03-28T13:38:24.647+0000] {datalake_df2csv.py:90} INFO - --------------------------------------------------------------------------------
[2026-03-28T13:38:24.648+0000] {datalake_df2csv.py:93} INFO - 📝 Bước 2: Đang chuyển đổi DataFrame sang CSV...
[2026-03-28T13:38:24.656+0000] {datalake_df2csv.py:97} INFO - ✅ Chuyển đổi CSV thành công!
[2026-03-28T13:38:24.656+0000] {datalake_df2csv.py:98} INFO -   - Kích thước file: 0.00 MB
[2026-03-28T13:38:24.658+0000] {datalake_df2csv.py:99} INFO -   - Thời gian chuyển đổi: 0.01 giây
[2026-03-28T13:38:24.659+0000] {datalake_df2csv.py:100} INFO - --------------------------------------------------------------------------------
[2026-03-28T13:38:24.659+0000] {datalake_df2csv.py:103} INFO - ☁️  Bước 3: Đang upload lên MinIO/S3...
[2026-03-28T13:38:24.701+0000] {base.py:84} INFO - Using connection ID 'minio_finance' for task execution.
[2026-03-28T13:38:24.703+0000] {connection_wrapper.py:384} INFO - AWS Connection (conn_id='minio_finance', conn_type='aws') credentials retrieved from login and password.
[2026-03-28T13:38:27.465+0000] {datalake_df2csv.py:112} INFO -   - Bucket 'thongtin-congty-va-bctc' đã tồn tại
[2026-03-28T13:38:27.637+0000] {datalake_df2csv.py:117} INFO - ✅ Upload thành công!
[2026-03-28T13:38:27.645+0000] {datalake_df2csv.py:118} INFO -   - Đường dẫn: s3://thongtin-congty-va-bctc/daily_price/2026-03-26/batch_99.csv
[2026-03-28T13:38:27.652+0000] {datalake_df2csv.py:119} INFO -   - Số dòng: 15
[2026-03-28T13:38:27.654+0000] {datalake_df2csv.py:120} INFO -   - Thời gian upload: 2.98 giây
[2026-03-28T13:38:27.655+0000] {datalake_df2csv.py:121} INFO - --------------------------------------------------------------------------------
[2026-03-28T13:38:27.657+0000] {datalake_df2csv.py:125} INFO - 📈 TỔNG KẾT:
[2026-03-28T13:38:27.658+0000] {datalake_df2csv.py:126} INFO -   - Tổng thời gian thực thi: 11.67 giây
[2026-03-28T13:38:27.660+0000] {datalake_df2csv.py:127} INFO -   - Tốc độ xử lý: 1 dòng/giây
[2026-03-28T13:38:27.662+0000] {datalake_df2csv.py:128} INFO - ================================================================================
[2026-03-28T13:38:27.663+0000] {datalake_df2csv.py:129} INFO - ✅ HOÀN THÀNH TASK: ingest_daily_price
[2026-03-28T13:38:27.663+0000] {datalake_df2csv.py:130} INFO - ================================================================================
[2026-03-28T13:38:27.676+0000] {taskinstance.py:441} INFO - ::group::Post task execution logs
[2026-03-28T13:38:29.680+0000] {local_task_job_runner.py:243} INFO - Task exited with return code -9For more information, see https://***.apache.org/docs/apache-***/stable/troubleshooting.html#LocalTaskJob-killed
[2026-03-28T13:38:39.697+0000] {taskinstance.py:3509} WARNING - Skipping mini scheduling run due to exception: None
Traceback (most recent call last):
  File "/home/airflow/.local/lib/python3.12/site-packages/sqlalchemy/engine/base.py", line 3371, in _wrap_pool_connect
    return fn()
           ^^^^
  File "/home/airflow/.local/lib/python3.12/site-packages/sqlalchemy/pool/base.py", line 327, in connect
    return _ConnectionFairy._checkout(self)
           ^^^^^^^^^^^^^^^^^^^^^^^^^^^^^^^^
  File "/home/airflow/.local/lib/python3.12/site-packages/sqlalchemy/pool/base.py", line 894, in _checkout
    fairy = _ConnectionRecord.checkout(pool)
            ^^^^^^^^^^^^^^^^^^^^^^^^^^^^^^^^
  File "/home/airflow/.local/lib/python3.12/site-packages/sqlalchemy/pool/base.py", line 493, in checkout
    rec = pool._do_get()
          ^^^^^^^^^^^^^^
  File "/home/airflow/.local/lib/python3.12/site-packages/sqlalchemy/pool/impl.py", line 256, in _do_get
    return self._create_connection()
           ^^^^^^^^^^^^^^^^^^^^^^^^^
  File "/home/airflow/.local/lib/python3.12/site-packages/sqlalchemy/pool/base.py", line 273, in _create_connection
    return _ConnectionRecord(self)
           ^^^^^^^^^^^^^^^^^^^^^^^
  File "/home/airflow/.local/lib/python3.12/site-packages/sqlalchemy/pool/base.py", line 388, in __init__
    self.__connect()
  File "/home/airflow/.local/lib/python3.12/site-packages/sqlalchemy/pool/base.py", line 690, in __connect
    with util.safe_reraise():
  File "/home/airflow/.local/lib/python3.12/site-packages/sqlalchemy/util/langhelpers.py", line 70, in __exit__
    compat.raise_(
  File "/home/airflow/.local/lib/python3.12/site-packages/sqlalchemy/util/compat.py", line 211, in raise_
    raise exception
  File "/home/airflow/.local/lib/python3.12/site-packages/sqlalchemy/pool/base.py", line 686, in __connect
    self.dbapi_connection = connection = pool._invoke_creator(self)
                                         ^^^^^^^^^^^^^^^^^^^^^^^^^^
  File "/home/airflow/.local/lib/python3.12/site-packages/sqlalchemy/engine/create.py", line 574, in connect
    return dialect.connect(*cargs, **cparams)
           ^^^^^^^^^^^^^^^^^^^^^^^^^^^^^^^^^^
  File "/home/airflow/.local/lib/python3.12/site-packages/sqlalchemy/engine/default.py", line 598, in connect
    return self.dbapi.connect(*cargs, **cparams)
           ^^^^^^^^^^^^^^^^^^^^^^^^^^^^^^^^^^^^^
  File "/home/airflow/.local/lib/python3.12/site-packages/psycopg2/__init__.py", line 122, in connect
    conn = _connect(dsn, connection_factory=connection_factory, **kwasync)
           ^^^^^^^^^^^^^^^^^^^^^^^^^^^^^^^^^^^^^^^^^^^^^^^^^^^^^^^^^^^^^^^
psycopg2.OperationalError: could not translate host name "postgres" to address: Temporary failure in name resolution


The above exception was the direct cause of the following exception:

Traceback (most recent call last):
  File "/home/airflow/.local/lib/python3.12/site-packages/airflow/models/taskinstance.py", line 3458, in _schedule_downstream_tasks
    ).one_or_none()
      ^^^^^^^^^^^^^
  File "/home/airflow/.local/lib/python3.12/site-packages/sqlalchemy/orm/query.py", line 2850, in one_or_none
    return self._iter().one_or_none()
           ^^^^^^^^^^^^
  File "/home/airflow/.local/lib/python3.12/site-packages/sqlalchemy/orm/query.py", line 2916, in _iter
    result = self.session.execute(
             ^^^^^^^^^^^^^^^^^^^^^
  File "/home/airflow/.local/lib/python3.12/site-packages/sqlalchemy/orm/session.py", line 1716, in execute
    conn = self._connection_for_bind(bind)
           ^^^^^^^^^^^^^^^^^^^^^^^^^^^^^^^
  File "/home/airflow/.local/lib/python3.12/site-packages/sqlalchemy/orm/session.py", line 1555, in _connection_for_bind
    return self._transaction._connection_for_bind(
           ^^^^^^^^^^^^^^^^^^^^^^^^^^^^^^^^^^^^^^^
  File "/home/airflow/.local/lib/python3.12/site-packages/sqlalchemy/orm/session.py", line 750, in _connection_for_bind
    conn = bind.connect()
           ^^^^^^^^^^^^^^
  File "/home/airflow/.local/lib/python3.12/site-packages/sqlalchemy/future/engine.py", line 412, in connect
    return super(Engine, self).connect()
           ^^^^^^^^^^^^^^^^^^^^^^^^^^^^^
  File "/home/airflow/.local/lib/python3.12/site-packages/sqlalchemy/engine/base.py", line 3325, in connect
    return self._connection_cls(self, close_with_result=close_with_result)
           ^^^^^^^^^^^^^^^^^^^^^^^^^^^^^^^^^^^^^^^^^^^^^^^^^^^^^^^^^^^^^^^
  File "/home/airflow/.local/lib/python3.12/site-packages/sqlalchemy/engine/base.py", line 96, in __init__
    else engine.raw_connection()
         ^^^^^^^^^^^^^^^^^^^^^^^
  File "/home/airflow/.local/lib/python3.12/site-packages/sqlalchemy/engine/base.py", line 3404, in raw_connection
    return self._wrap_pool_connect(self.pool.connect, _connection)
           ^^^^^^^^^^^^^^^^^^^^^^^^^^^^^^^^^^^^^^^^^^^^^^^^^^^^^^^
  File "/home/airflow/.local/lib/python3.12/site-packages/sqlalchemy/engine/base.py", line 3374, in _wrap_pool_connect
    Connection._handle_dbapi_exception_noconnection(
  File "/home/airflow/.local/lib/python3.12/site-packages/sqlalchemy/engine/base.py", line 2208, in _handle_dbapi_exception_noconnection
    util.raise_(
  File "/home/airflow/.local/lib/python3.12/site-packages/sqlalchemy/util/compat.py", line 211, in raise_
    raise exception
  File "/home/airflow/.local/lib/python3.12/site-packages/sqlalchemy/engine/base.py", line 3371, in _wrap_pool_connect
    return fn()
           ^^^^
  File "/home/airflow/.local/lib/python3.12/site-packages/sqlalchemy/pool/base.py", line 327, in connect
    return _ConnectionFairy._checkout(self)
           ^^^^^^^^^^^^^^^^^^^^^^^^^^^^^^^^
  File "/home/airflow/.local/lib/python3.12/site-packages/sqlalchemy/pool/base.py", line 894, in _checkout
    fairy = _ConnectionRecord.checkout(pool)
            ^^^^^^^^^^^^^^^^^^^^^^^^^^^^^^^^
  File "/home/airflow/.local/lib/python3.12/site-packages/sqlalchemy/pool/base.py", line 493, in checkout
    rec = pool._do_get()
          ^^^^^^^^^^^^^^
  File "/home/airflow/.local/lib/python3.12/site-packages/sqlalchemy/pool/impl.py", line 256, in _do_get
    return self._create_connection()
           ^^^^^^^^^^^^^^^^^^^^^^^^^
  File "/home/airflow/.local/lib/python3.12/site-packages/sqlalchemy/pool/base.py", line 273, in _create_connection
    return _ConnectionRecord(self)
           ^^^^^^^^^^^^^^^^^^^^^^^
  File "/home/airflow/.local/lib/python3.12/site-packages/sqlalchemy/pool/base.py", line 388, in __init__
    self.__connect()
  File "/home/airflow/.local/lib/python3.12/site-packages/sqlalchemy/pool/base.py", line 690, in __connect
    with util.safe_reraise():
  File "/home/airflow/.local/lib/python3.12/site-packages/sqlalchemy/util/langhelpers.py", line 70, in __exit__
    compat.raise_(
  File "/home/airflow/.local/lib/python3.12/site-packages/sqlalchemy/util/compat.py", line 211, in raise_
    raise exception
  File "/home/airflow/.local/lib/python3.12/site-packages/sqlalchemy/pool/base.py", line 686, in __connect
    self.dbapi_connection = connection = pool._invoke_creator(self)
                                         ^^^^^^^^^^^^^^^^^^^^^^^^^^
  File "/home/airflow/.local/lib/python3.12/site-packages/sqlalchemy/engine/create.py", line 574, in connect
    return dialect.connect(*cargs, **cparams)
           ^^^^^^^^^^^^^^^^^^^^^^^^^^^^^^^^^^
  File "/home/airflow/.local/lib/python3.12/site-packages/sqlalchemy/engine/default.py", line 598, in connect
    return self.dbapi.connect(*cargs, **cparams)
           ^^^^^^^^^^^^^^^^^^^^^^^^^^^^^^^^^^^^^
  File "/home/airflow/.local/lib/python3.12/site-packages/psycopg2/__init__.py", line 122, in connect
    conn = _connect(dsn, connection_factory=connection_factory, **kwasync)
           ^^^^^^^^^^^^^^^^^^^^^^^^^^^^^^^^^^^^^^^^^^^^^^^^^^^^^^^^^^^^^^^
sqlalchemy.exc.OperationalError: (psycopg2.OperationalError) could not translate host name "postgres" to address: Temporary failure in name resolution

(Background on this error at: https://sqlalche.me/e/14/e3q8)
[2026-03-28T13:38:39.721+0000] {local_task_job_runner.py:222} INFO - ::endgroup::
