[2026-02-12T15:19:53.448+0000] {local_task_job_runner.py:120} INFO - ::group::Pre task execution logs
[2026-02-12T15:19:53.536+0000] {taskinstance.py:2076} INFO - Dependencies all met for dep_context=non-requeueable deps ti=<TaskInstance: daily_price_minio.ingest_daily_price scheduled__2026-02-10T16:00:00+00:00 map_index=291 [queued]>
[2026-02-12T15:19:53.606+0000] {taskinstance.py:2076} INFO - Dependencies all met for dep_context=requeueable deps ti=<TaskInstance: daily_price_minio.ingest_daily_price scheduled__2026-02-10T16:00:00+00:00 map_index=291 [queued]>
[2026-02-12T15:19:53.608+0000] {taskinstance.py:2306} INFO - Starting attempt 1 of 2
[2026-02-12T15:19:53.655+0000] {taskinstance.py:2330} INFO - Executing <Mapped(DfToCsvOperator): ingest_daily_price> on 2026-02-10 16:00:00+00:00
[2026-02-12T15:19:53.684+0000] {warnings.py:112} WARNING - This process (pid=12104) is multi-threaded, use of fork() may lead to deadlocks in the child.

[2026-02-12T15:19:53.693+0000] {standard_task_runner.py:64} INFO - Started process 12144 to run task
[2026-02-12T15:19:53.697+0000] {standard_task_runner.py:90} INFO - Running: ['***', 'tasks', 'run', 'daily_price_minio', 'ingest_daily_price', 'scheduled__2026-02-10T16:00:00+00:00', '--job-id', '21678', '--raw', '--subdir', 'DAGS_FOLDER/dl_dailly_price.py', '--cfg-path', '/tmp/tmpykrwzsvu', '--map-index', '291']
[2026-02-12T15:19:53.706+0000] {standard_task_runner.py:91} INFO - Job 21678: Subtask ingest_daily_price
[2026-02-12T15:19:53.865+0000] {task_command.py:426} INFO - Running <TaskInstance: daily_price_minio.ingest_daily_price scheduled__2026-02-10T16:00:00+00:00 map_index=291 [running]> on host fe54ecce8de4
[2026-02-12T15:19:54.769+0000] {taskinstance.py:2648} INFO - Exporting env vars: AIRFLOW_CTX_DAG_OWNER='***' AIRFLOW_CTX_DAG_ID='daily_price_minio' AIRFLOW_CTX_TASK_ID='ingest_daily_price' AIRFLOW_CTX_EXECUTION_DATE='2026-02-10T16:00:00+00:00' AIRFLOW_CTX_TRY_NUMBER='1' AIRFLOW_CTX_DAG_RUN_ID='scheduled__2026-02-10T16:00:00+00:00'
[2026-02-12T15:19:54.784+0000] {taskinstance.py:430} INFO - ::endgroup::
[2026-02-12T15:19:54.791+0000] {datalake_df2csv.py:40} INFO - ================================================================================
[2026-02-12T15:19:54.792+0000] {datalake_df2csv.py:41} INFO - 🚀 BẮT ĐẦU TASK: ingest_daily_price
[2026-02-12T15:19:54.792+0000] {datalake_df2csv.py:42} INFO - ================================================================================
[2026-02-12T15:19:54.793+0000] {datalake_df2csv.py:43} INFO - 📋 Thông tin cấu hình:
[2026-02-12T15:19:54.793+0000] {datalake_df2csv.py:44} INFO -   - Logic file: history_price
[2026-02-12T15:19:54.794+0000] {datalake_df2csv.py:45} INFO -   - DataFrame name: get_history_price_batch
[2026-02-12T15:19:54.796+0000] {datalake_df2csv.py:46} INFO -   - Bucket: thongtin-congty-va-bctc
[2026-02-12T15:19:54.797+0000] {datalake_df2csv.py:47} INFO -   - Object path: daily_price/2026-02-10/batch_291.csv
[2026-02-12T15:19:54.799+0000] {datalake_df2csv.py:48} INFO -   - Connection ID: minio_finance
[2026-02-12T15:19:54.800+0000] {datalake_df2csv.py:49} INFO -   - Tham số truyền vào: {'symbols': ['VGR', 'PMP', 'DNA', 'HAS', 'NAW'], 'start_date': '2026-02-10', 'end_date': '2026-02-11'}
[2026-02-12T15:19:54.802+0000] {datalake_df2csv.py:50} INFO - --------------------------------------------------------------------------------
[2026-02-12T15:19:54.804+0000] {datalake_df2csv.py:54} INFO - 📥 Bước 1: Đang load dữ liệu từ logic file...
[2026-02-12T15:19:54.823+0000] {datalake_df2csv.py:148} INFO -   - Logic directory: /opt/airflow/plugins/logic
[2026-02-12T15:19:54.831+0000] {datalake_df2csv.py:149} INFO -   - Module path: /opt/airflow/plugins/logic/history_price.py
[2026-02-12T15:19:54.838+0000] {datalake_df2csv.py:153} INFO -   - Đã thêm logic directory vào sys.path
[2026-02-12T15:19:54.863+0000] {datalake_df2csv.py:159} INFO -   - Đang load module 'history_price'...
[2026-02-12T15:19:54.945+0000] {datalake_df2csv.py:163} INFO -   - ✅ Module loaded thành công
[2026-02-12T15:19:54.946+0000] {datalake_df2csv.py:165} INFO -   - Đang tìm DataFrame/function: 'get_history_price_batch'...
[2026-02-12T15:19:54.946+0000] {datalake_df2csv.py:170} INFO -   - ✅ Tìm thấy object: function
[2026-02-12T15:19:54.947+0000] {datalake_df2csv.py:173} INFO -   - Đang gọi function với tham số: {'symbols': ['VGR', 'PMP', 'DNA', 'HAS', 'NAW'], 'start_date': '2026-02-10', 'end_date': '2026-02-11'}
[2026-02-12T15:20:20.201+0000] {log.py:232} WARNING - 2026-02-12 15:20:20 - vnstock.core.utils.client - ERROR - API request failed: HTTPSConnectionPool(host='trading.vietcap.com.vn', port=443): Max retries exceeded with url: /api/chart/OHLCChart/gap-chart (Caused by NewConnectionError('<urllib3.connection.HTTPSConnection object at 0x7f18531ce120>: Failed to establish a new connection: [Errno 101] Network is unreachable'))
[2026-02-12T15:20:20.200+0000] {client.py:297} ERROR - API request failed: HTTPSConnectionPool(host='trading.vietcap.com.vn', port=443): Max retries exceeded with url: /api/chart/OHLCChart/gap-chart (Caused by NewConnectionError('<urllib3.connection.HTTPSConnection object at 0x7f18531ce120>: Failed to establish a new connection: [Errno 101] Network is unreachable'))
[2026-02-12T15:20:23.671+0000] {datalake_df2csv.py:68} INFO - ✅ Load dữ liệu thành công!
[2026-02-12T15:20:23.674+0000] {datalake_df2csv.py:69} INFO - 📊 Thông tin DataFrame:
[2026-02-12T15:20:23.675+0000] {datalake_df2csv.py:70} INFO -   - Số dòng: 20
[2026-02-12T15:20:23.677+0000] {datalake_df2csv.py:71} INFO -   - Số cột: 7
[2026-02-12T15:20:23.678+0000] {datalake_df2csv.py:72} INFO -   - Tên các cột: ['ticker', 'trading_date', 'open', 'high', 'low', 'close', 'volume']
[2026-02-12T15:20:23.679+0000] {datalake_df2csv.py:73} INFO -   - Kiểu dữ liệu: {'ticker': 'object', 'trading_date': 'object', 'open': 'float64', 'high': 'float64', 'low': 'float64', 'close': 'float64', 'volume': 'int64'}
[2026-02-12T15:20:23.685+0000] {datalake_df2csv.py:74} INFO -   - Bộ nhớ sử dụng: 0.00 MB
[2026-02-12T15:20:23.689+0000] {datalake_df2csv.py:83} INFO -   - Không có giá trị NULL
[2026-02-12T15:20:23.691+0000] {datalake_df2csv.py:86} INFO -   - Mẫu dữ liệu (5 dòng đầu):
[2026-02-12T15:20:23.692+0000] {datalake_df2csv.py:88} INFO -     Row 0: {'ticker': 'VGR', 'trading_date': '2026-02-02', 'open': 66.6, 'high': 67.5, 'low': 66.5, 'close': 67.5, 'volume': 1000}
[2026-02-12T15:20:23.693+0000] {datalake_df2csv.py:88} INFO -     Row 1: {'ticker': 'VGR', 'trading_date': '2026-02-04', 'open': 67.0, 'high': 67.3, 'low': 67.0, 'close': 67.3, 'volume': 1100}
[2026-02-12T15:20:23.694+0000] {datalake_df2csv.py:88} INFO -     Row 2: {'ticker': 'VGR', 'trading_date': '2026-02-06', 'open': 67.1, 'high': 67.1, 'low': 67.0, 'close': 67.0, 'volume': 1800}
[2026-02-12T15:20:23.696+0000] {datalake_df2csv.py:88} INFO -     Row 3: {'ticker': 'VGR', 'trading_date': '2026-02-10', 'open': 65.0, 'high': 65.0, 'low': 65.0, 'close': 65.0, 'volume': 100}
[2026-02-12T15:20:23.697+0000] {datalake_df2csv.py:88} INFO -     Row 4: {'ticker': 'PMP', 'trading_date': '2026-01-19', 'open': 12.5, 'high': 12.5, 'low': 12.5, 'close': 12.5, 'volume': 2500}
[2026-02-12T15:20:23.698+0000] {datalake_df2csv.py:90} INFO - --------------------------------------------------------------------------------
[2026-02-12T15:20:23.699+0000] {datalake_df2csv.py:93} INFO - 📝 Bước 2: Đang chuyển đổi DataFrame sang CSV...
[2026-02-12T15:20:23.708+0000] {datalake_df2csv.py:97} INFO - ✅ Chuyển đổi CSV thành công!
[2026-02-12T15:20:23.709+0000] {datalake_df2csv.py:98} INFO -   - Kích thước file: 0.00 MB
[2026-02-12T15:20:23.709+0000] {datalake_df2csv.py:99} INFO -   - Thời gian chuyển đổi: 0.01 giây
[2026-02-12T15:20:23.710+0000] {datalake_df2csv.py:100} INFO - --------------------------------------------------------------------------------
[2026-02-12T15:20:23.710+0000] {datalake_df2csv.py:103} INFO - ☁️  Bước 3: Đang upload lên MinIO/S3...
[2026-02-12T15:20:23.728+0000] {base.py:84} INFO - Using connection ID 'minio_finance' for task execution.
[2026-02-12T15:20:23.730+0000] {connection_wrapper.py:384} INFO - AWS Connection (conn_id='minio_finance', conn_type='aws') credentials retrieved from login and password.
[2026-02-12T15:20:25.031+0000] {datalake_df2csv.py:112} INFO -   - Bucket 'thongtin-congty-va-bctc' đã tồn tại
[2026-02-12T15:20:25.118+0000] {datalake_df2csv.py:117} INFO - ✅ Upload thành công!
[2026-02-12T15:20:25.119+0000] {datalake_df2csv.py:118} INFO -   - Đường dẫn: s3://thongtin-congty-va-bctc/daily_price/2026-02-10/batch_291.csv
[2026-02-12T15:20:25.121+0000] {datalake_df2csv.py:119} INFO -   - Số dòng: 20
[2026-02-12T15:20:25.122+0000] {datalake_df2csv.py:120} INFO -   - Thời gian upload: 1.41 giây
[2026-02-12T15:20:25.123+0000] {datalake_df2csv.py:121} INFO - --------------------------------------------------------------------------------
[2026-02-12T15:20:25.124+0000] {datalake_df2csv.py:125} INFO - 📈 TỔNG KẾT:
[2026-02-12T15:20:25.124+0000] {datalake_df2csv.py:126} INFO -   - Tổng thời gian thực thi: 30.33 giây
[2026-02-12T15:20:25.125+0000] {datalake_df2csv.py:127} INFO -   - Tốc độ xử lý: 1 dòng/giây
[2026-02-12T15:20:25.126+0000] {datalake_df2csv.py:128} INFO - ================================================================================
[2026-02-12T15:20:25.126+0000] {datalake_df2csv.py:129} INFO - ✅ HOÀN THÀNH TASK: ingest_daily_price
[2026-02-12T15:20:25.127+0000] {datalake_df2csv.py:130} INFO - ================================================================================
[2026-02-12T15:20:25.128+0000] {taskinstance.py:441} INFO - ::group::Post task execution logs
[2026-02-12T15:20:25.144+0000] {taskinstance.py:1206} INFO - Marking task as SUCCESS. dag_id=daily_price_minio, task_id=ingest_daily_price, run_id=scheduled__2026-02-10T16:00:00+00:00, map_index=291, execution_date=20260210T160000, start_date=20260212T151953, end_date=20260212T152025
[2026-02-12T15:20:25.224+0000] {local_task_job_runner.py:243} INFO - Task exited with return code 0
[2026-02-12T15:20:25.251+0000] {taskinstance.py:3503} INFO - 0 downstream tasks scheduled from follow-on schedule check
[2026-02-12T15:20:25.256+0000] {local_task_job_runner.py:222} INFO - ::endgroup::
