[2026-01-27T15:11:49.013+0000] {local_task_job_runner.py:120} INFO - ::group::Pre task execution logs
[2026-01-27T15:11:49.050+0000] {taskinstance.py:2076} INFO - Dependencies all met for dep_context=non-requeueable deps ti=<TaskInstance: daily_price_minio.ingest_daily_price scheduled__2026-01-23T16:00:00+00:00 map_index=165 [queued]>
[2026-01-27T15:11:49.074+0000] {taskinstance.py:2076} INFO - Dependencies all met for dep_context=requeueable deps ti=<TaskInstance: daily_price_minio.ingest_daily_price scheduled__2026-01-23T16:00:00+00:00 map_index=165 [queued]>
[2026-01-27T15:11:49.075+0000] {taskinstance.py:2306} INFO - Starting attempt 1 of 2
[2026-01-27T15:11:49.090+0000] {taskinstance.py:2330} INFO - Executing <Mapped(DfToCsvOperator): ingest_daily_price> on 2026-01-23 16:00:00+00:00
[2026-01-27T15:11:49.103+0000] {warnings.py:112} WARNING - This process (pid=12990) is multi-threaded, use of fork() may lead to deadlocks in the child.

[2026-01-27T15:11:49.105+0000] {standard_task_runner.py:64} INFO - Started process 13071 to run task
[2026-01-27T15:11:49.108+0000] {standard_task_runner.py:90} INFO - Running: ['***', 'tasks', 'run', 'daily_price_minio', 'ingest_daily_price', 'scheduled__2026-01-23T16:00:00+00:00', '--job-id', '8621', '--raw', '--subdir', 'DAGS_FOLDER/dl_dailly_price.py', '--cfg-path', '/tmp/tmpfv_4f1qf', '--map-index', '165']
[2026-01-27T15:11:49.112+0000] {standard_task_runner.py:91} INFO - Job 8621: Subtask ingest_daily_price
[2026-01-27T15:11:49.167+0000] {task_command.py:426} INFO - Running <TaskInstance: daily_price_minio.ingest_daily_price scheduled__2026-01-23T16:00:00+00:00 map_index=165 [running]> on host c05a814b0743
[2026-01-27T15:11:49.303+0000] {taskinstance.py:2648} INFO - Exporting env vars: AIRFLOW_CTX_DAG_OWNER='***' AIRFLOW_CTX_DAG_ID='daily_price_minio' AIRFLOW_CTX_TASK_ID='ingest_daily_price' AIRFLOW_CTX_EXECUTION_DATE='2026-01-23T16:00:00+00:00' AIRFLOW_CTX_TRY_NUMBER='1' AIRFLOW_CTX_DAG_RUN_ID='scheduled__2026-01-23T16:00:00+00:00'
[2026-01-27T15:11:49.304+0000] {taskinstance.py:430} INFO - ::endgroup::
[2026-01-27T15:11:53.728+0000] {logging_mixin.py:188} INFO - NAB: RetryError[<Future at 0x7f1d133f7470 state=finished raised ConnectionError>]
[2026-01-27T15:11:58.689+0000] {logging_mixin.py:188} INFO - MZG: RetryError[<Future at 0x7f1d131b07d0 state=finished raised ConnectionError>]
[2026-01-27T15:12:03.764+0000] {logging_mixin.py:188} INFO - MXC: RetryError[<Future at 0x7f1d131b1c40 state=finished raised ConnectionError>]
[2026-01-27T15:12:08.697+0000] {logging_mixin.py:188} INFO - MWG: RetryError[<Future at 0x7f1d131b1730 state=finished raised ConnectionError>]
[2026-01-27T15:12:13.673+0000] {logging_mixin.py:188} INFO - MVN: RetryError[<Future at 0x7f1d131b16d0 state=finished raised ConnectionError>]
[2026-01-27T15:12:14.175+0000] {datalake_df2csv.py:40} INFO - DataFrame rỗng, bỏ qua upload CSV.
[2026-01-27T15:12:14.175+0000] {taskinstance.py:441} INFO - ::group::Post task execution logs
[2026-01-27T15:12:14.187+0000] {taskinstance.py:1206} INFO - Marking task as SUCCESS. dag_id=daily_price_minio, task_id=ingest_daily_price, run_id=scheduled__2026-01-23T16:00:00+00:00, map_index=165, execution_date=20260123T160000, start_date=20260127T151149, end_date=20260127T151214
[2026-01-27T15:12:14.231+0000] {local_task_job_runner.py:243} INFO - Task exited with return code 0
[2026-01-27T15:12:14.253+0000] {taskinstance.py:3503} INFO - 0 downstream tasks scheduled from follow-on schedule check
[2026-01-27T15:12:14.255+0000] {local_task_job_runner.py:222} INFO - ::endgroup::
