[2026-01-20T13:01:10.297+0000] {local_task_job_runner.py:120} INFO - ::group::Pre task execution logs
[2026-01-20T13:01:10.321+0000] {taskinstance.py:2076} INFO - Dependencies all met for dep_context=non-requeueable deps ti=<TaskInstance: backup_db_parallel.sync_overview_partition manual__2026-01-20T12:54:02.153889+00:00 map_index=2 [queued]>
[2026-01-20T13:01:10.335+0000] {taskinstance.py:2076} INFO - Dependencies all met for dep_context=requeueable deps ti=<TaskInstance: backup_db_parallel.sync_overview_partition manual__2026-01-20T12:54:02.153889+00:00 map_index=2 [queued]>
[2026-01-20T13:01:10.335+0000] {taskinstance.py:2306} INFO - Starting attempt 1 of 3
[2026-01-20T13:01:10.352+0000] {taskinstance.py:2330} INFO - Executing <Mapped(_PythonDecoratedOperator): sync_overview_partition> on 2026-01-20 12:54:02.153889+00:00
[2026-01-20T13:01:10.361+0000] {warnings.py:112} WARNING - This process (pid=697) is multi-threaded, use of fork() may lead to deadlocks in the child.

[2026-01-20T13:01:10.363+0000] {standard_task_runner.py:64} INFO - Started process 718 to run task
[2026-01-20T13:01:10.365+0000] {standard_task_runner.py:90} INFO - Running: ['***', 'tasks', 'run', 'backup_db_parallel', 'sync_overview_partition', 'manual__2026-01-20T12:54:02.153889+00:00', '--job-id', '3669', '--raw', '--subdir', 'DAGS_FOLDER/backup_db_parallel.py', '--cfg-path', '/tmp/tmphgojy7ls', '--map-index', '2']
[2026-01-20T13:01:10.368+0000] {standard_task_runner.py:91} INFO - Job 3669: Subtask sync_overview_partition
[2026-01-20T13:01:10.418+0000] {task_command.py:426} INFO - Running <TaskInstance: backup_db_parallel.sync_overview_partition manual__2026-01-20T12:54:02.153889+00:00 map_index=2 [running]> on host 281822c47ea2
[2026-01-20T13:01:10.524+0000] {taskinstance.py:2648} INFO - Exporting env vars: AIRFLOW_CTX_DAG_OWNER='***' AIRFLOW_CTX_DAG_ID='backup_db_parallel' AIRFLOW_CTX_TASK_ID='sync_overview_partition' AIRFLOW_CTX_EXECUTION_DATE='2026-01-20T12:54:02.153889+00:00' AIRFLOW_CTX_TRY_NUMBER='1' AIRFLOW_CTX_DAG_RUN_ID='manual__2026-01-20T12:54:02.153889+00:00'
[2026-01-20T13:01:10.525+0000] {taskinstance.py:430} INFO - ::endgroup::
[2026-01-20T13:01:10.543+0000] {base.py:84} INFO - Using connection ID 'minio_finance' for task execution.
[2026-01-20T13:01:10.544+0000] {connection_wrapper.py:384} INFO - AWS Connection (conn_id='minio_finance', conn_type='aws') credentials retrieved from login and password.
[2026-01-20T13:01:11.507+0000] {logging_mixin.py:188} INFO - ✓ Found 87 CSV files in thongtin-congty-va-bctc/overview/date=2026-01-04/
[2026-01-20T13:01:11.515+0000] {base.py:84} INFO - Using connection ID 'minio_finance' for task execution.
[2026-01-20T13:01:11.516+0000] {connection_wrapper.py:384} INFO - AWS Connection (conn_id='minio_finance', conn_type='aws') credentials retrieved from login and password.
[2026-01-20T13:01:11.643+0000] {logging_mixin.py:188} INFO - ✓ Read 20 rows from overview/date=2026-01-04/batch_0.csv
[2026-01-20T13:01:11.651+0000] {base.py:84} INFO - Using connection ID 'minio_finance' for task execution.
[2026-01-20T13:01:11.652+0000] {connection_wrapper.py:384} INFO - AWS Connection (conn_id='minio_finance', conn_type='aws') credentials retrieved from login and password.
[2026-01-20T13:01:11.784+0000] {logging_mixin.py:188} INFO - ✓ Read 20 rows from overview/date=2026-01-04/batch_1.csv
[2026-01-20T13:01:11.793+0000] {base.py:84} INFO - Using connection ID 'minio_finance' for task execution.
[2026-01-20T13:01:11.794+0000] {connection_wrapper.py:384} INFO - AWS Connection (conn_id='minio_finance', conn_type='aws') credentials retrieved from login and password.
[2026-01-20T13:01:11.925+0000] {logging_mixin.py:188} INFO - ✓ Read 19 rows from overview/date=2026-01-04/batch_10.csv
[2026-01-20T13:01:11.933+0000] {base.py:84} INFO - Using connection ID 'minio_finance' for task execution.
[2026-01-20T13:01:11.935+0000] {connection_wrapper.py:384} INFO - AWS Connection (conn_id='minio_finance', conn_type='aws') credentials retrieved from login and password.
[2026-01-20T13:01:12.414+0000] {logging_mixin.py:188} INFO - ✓ Read 20 rows from overview/date=2026-01-04/batch_11.csv
[2026-01-20T13:01:12.423+0000] {base.py:84} INFO - Using connection ID 'minio_finance' for task execution.
[2026-01-20T13:01:12.424+0000] {connection_wrapper.py:384} INFO - AWS Connection (conn_id='minio_finance', conn_type='aws') credentials retrieved from login and password.
[2026-01-20T13:01:12.547+0000] {logging_mixin.py:188} INFO - ✓ Read 19 rows from overview/date=2026-01-04/batch_12.csv
[2026-01-20T13:01:12.554+0000] {base.py:84} INFO - Using connection ID 'minio_finance' for task execution.
[2026-01-20T13:01:12.555+0000] {connection_wrapper.py:384} INFO - AWS Connection (conn_id='minio_finance', conn_type='aws') credentials retrieved from login and password.
[2026-01-20T13:01:12.691+0000] {logging_mixin.py:188} INFO - ✓ Read 19 rows from overview/date=2026-01-04/batch_13.csv
[2026-01-20T13:01:12.698+0000] {base.py:84} INFO - Using connection ID 'minio_finance' for task execution.
[2026-01-20T13:01:12.699+0000] {connection_wrapper.py:384} INFO - AWS Connection (conn_id='minio_finance', conn_type='aws') credentials retrieved from login and password.
[2026-01-20T13:01:12.834+0000] {logging_mixin.py:188} INFO - ✓ Read 19 rows from overview/date=2026-01-04/batch_14.csv
[2026-01-20T13:01:12.841+0000] {base.py:84} INFO - Using connection ID 'minio_finance' for task execution.
[2026-01-20T13:01:12.842+0000] {connection_wrapper.py:384} INFO - AWS Connection (conn_id='minio_finance', conn_type='aws') credentials retrieved from login and password.
[2026-01-20T13:01:12.952+0000] {logging_mixin.py:188} INFO - ✓ Read 20 rows from overview/date=2026-01-04/batch_15.csv
[2026-01-20T13:01:12.960+0000] {base.py:84} INFO - Using connection ID 'minio_finance' for task execution.
[2026-01-20T13:01:12.961+0000] {connection_wrapper.py:384} INFO - AWS Connection (conn_id='minio_finance', conn_type='aws') credentials retrieved from login and password.
[2026-01-20T13:01:13.089+0000] {logging_mixin.py:188} INFO - ✓ Read 20 rows from overview/date=2026-01-04/batch_16.csv
[2026-01-20T13:01:13.097+0000] {base.py:84} INFO - Using connection ID 'minio_finance' for task execution.
[2026-01-20T13:01:13.098+0000] {connection_wrapper.py:384} INFO - AWS Connection (conn_id='minio_finance', conn_type='aws') credentials retrieved from login and password.
[2026-01-20T13:01:13.221+0000] {logging_mixin.py:188} INFO - ✓ Read 20 rows from overview/date=2026-01-04/batch_17.csv
[2026-01-20T13:01:13.228+0000] {base.py:84} INFO - Using connection ID 'minio_finance' for task execution.
[2026-01-20T13:01:13.228+0000] {connection_wrapper.py:384} INFO - AWS Connection (conn_id='minio_finance', conn_type='aws') credentials retrieved from login and password.
[2026-01-20T13:01:13.344+0000] {logging_mixin.py:188} INFO - ✓ Read 19 rows from overview/date=2026-01-04/batch_18.csv
[2026-01-20T13:01:13.352+0000] {base.py:84} INFO - Using connection ID 'minio_finance' for task execution.
[2026-01-20T13:01:13.353+0000] {connection_wrapper.py:384} INFO - AWS Connection (conn_id='minio_finance', conn_type='aws') credentials retrieved from login and password.
[2026-01-20T13:01:13.483+0000] {logging_mixin.py:188} INFO - ✓ Read 17 rows from overview/date=2026-01-04/batch_19.csv
[2026-01-20T13:01:13.492+0000] {base.py:84} INFO - Using connection ID 'minio_finance' for task execution.
[2026-01-20T13:01:13.493+0000] {connection_wrapper.py:384} INFO - AWS Connection (conn_id='minio_finance', conn_type='aws') credentials retrieved from login and password.
[2026-01-20T13:01:13.643+0000] {logging_mixin.py:188} INFO - ✓ Read 19 rows from overview/date=2026-01-04/batch_2.csv
[2026-01-20T13:01:13.651+0000] {base.py:84} INFO - Using connection ID 'minio_finance' for task execution.
[2026-01-20T13:01:13.651+0000] {connection_wrapper.py:384} INFO - AWS Connection (conn_id='minio_finance', conn_type='aws') credentials retrieved from login and password.
[2026-01-20T13:01:13.783+0000] {logging_mixin.py:188} INFO - ✓ Read 19 rows from overview/date=2026-01-04/batch_20.csv
[2026-01-20T13:01:13.790+0000] {base.py:84} INFO - Using connection ID 'minio_finance' for task execution.
[2026-01-20T13:01:13.791+0000] {connection_wrapper.py:384} INFO - AWS Connection (conn_id='minio_finance', conn_type='aws') credentials retrieved from login and password.
[2026-01-20T13:01:13.918+0000] {logging_mixin.py:188} INFO - ✓ Read 18 rows from overview/date=2026-01-04/batch_21.csv
[2026-01-20T13:01:13.927+0000] {base.py:84} INFO - Using connection ID 'minio_finance' for task execution.
[2026-01-20T13:01:13.928+0000] {connection_wrapper.py:384} INFO - AWS Connection (conn_id='minio_finance', conn_type='aws') credentials retrieved from login and password.
[2026-01-20T13:01:14.041+0000] {logging_mixin.py:188} INFO - ✓ Read 20 rows from overview/date=2026-01-04/batch_22.csv
[2026-01-20T13:01:14.049+0000] {base.py:84} INFO - Using connection ID 'minio_finance' for task execution.
[2026-01-20T13:01:14.050+0000] {connection_wrapper.py:384} INFO - AWS Connection (conn_id='minio_finance', conn_type='aws') credentials retrieved from login and password.
[2026-01-20T13:01:14.172+0000] {logging_mixin.py:188} INFO - ✓ Read 20 rows from overview/date=2026-01-04/batch_23.csv
[2026-01-20T13:01:14.182+0000] {base.py:84} INFO - Using connection ID 'minio_finance' for task execution.
[2026-01-20T13:01:14.183+0000] {connection_wrapper.py:384} INFO - AWS Connection (conn_id='minio_finance', conn_type='aws') credentials retrieved from login and password.
[2026-01-20T13:01:14.842+0000] {logging_mixin.py:188} INFO - ✓ Read 18 rows from overview/date=2026-01-04/batch_24.csv
[2026-01-20T13:01:14.850+0000] {base.py:84} INFO - Using connection ID 'minio_finance' for task execution.
[2026-01-20T13:01:14.851+0000] {connection_wrapper.py:384} INFO - AWS Connection (conn_id='minio_finance', conn_type='aws') credentials retrieved from login and password.
[2026-01-20T13:01:14.986+0000] {logging_mixin.py:188} INFO - ✓ Read 16 rows from overview/date=2026-01-04/batch_25.csv
[2026-01-20T13:01:14.994+0000] {base.py:84} INFO - Using connection ID 'minio_finance' for task execution.
[2026-01-20T13:01:14.995+0000] {connection_wrapper.py:384} INFO - AWS Connection (conn_id='minio_finance', conn_type='aws') credentials retrieved from login and password.
[2026-01-20T13:01:15.127+0000] {logging_mixin.py:188} INFO - ✓ Read 20 rows from overview/date=2026-01-04/batch_26.csv
[2026-01-20T13:01:15.135+0000] {base.py:84} INFO - Using connection ID 'minio_finance' for task execution.
[2026-01-20T13:01:15.137+0000] {connection_wrapper.py:384} INFO - AWS Connection (conn_id='minio_finance', conn_type='aws') credentials retrieved from login and password.
[2026-01-20T13:01:15.278+0000] {logging_mixin.py:188} INFO - ✓ Read 15 rows from overview/date=2026-01-04/batch_27.csv
[2026-01-20T13:01:15.285+0000] {base.py:84} INFO - Using connection ID 'minio_finance' for task execution.
[2026-01-20T13:01:15.286+0000] {connection_wrapper.py:384} INFO - AWS Connection (conn_id='minio_finance', conn_type='aws') credentials retrieved from login and password.
[2026-01-20T13:01:15.393+0000] {logging_mixin.py:188} INFO - ✓ Read 9 rows from overview/date=2026-01-04/batch_28.csv
[2026-01-20T13:01:15.403+0000] {base.py:84} INFO - Using connection ID 'minio_finance' for task execution.
[2026-01-20T13:01:15.404+0000] {connection_wrapper.py:384} INFO - AWS Connection (conn_id='minio_finance', conn_type='aws') credentials retrieved from login and password.
[2026-01-20T13:01:15.535+0000] {logging_mixin.py:188} INFO - ✓ Read 12 rows from overview/date=2026-01-04/batch_29.csv
[2026-01-20T13:01:15.543+0000] {base.py:84} INFO - Using connection ID 'minio_finance' for task execution.
[2026-01-20T13:01:15.544+0000] {connection_wrapper.py:384} INFO - AWS Connection (conn_id='minio_finance', conn_type='aws') credentials retrieved from login and password.
[2026-01-20T13:01:15.691+0000] {logging_mixin.py:188} INFO - ✓ Read 20 rows from overview/date=2026-01-04/batch_3.csv
[2026-01-20T13:01:15.699+0000] {base.py:84} INFO - Using connection ID 'minio_finance' for task execution.
[2026-01-20T13:01:15.700+0000] {connection_wrapper.py:384} INFO - AWS Connection (conn_id='minio_finance', conn_type='aws') credentials retrieved from login and password.
[2026-01-20T13:01:15.825+0000] {logging_mixin.py:188} INFO - ✓ Read 10 rows from overview/date=2026-01-04/batch_30.csv
[2026-01-20T13:01:15.833+0000] {base.py:84} INFO - Using connection ID 'minio_finance' for task execution.
[2026-01-20T13:01:15.834+0000] {connection_wrapper.py:384} INFO - AWS Connection (conn_id='minio_finance', conn_type='aws') credentials retrieved from login and password.
[2026-01-20T13:01:15.957+0000] {logging_mixin.py:188} INFO - ✓ Read 12 rows from overview/date=2026-01-04/batch_31.csv
[2026-01-20T13:01:15.966+0000] {base.py:84} INFO - Using connection ID 'minio_finance' for task execution.
[2026-01-20T13:01:15.967+0000] {connection_wrapper.py:384} INFO - AWS Connection (conn_id='minio_finance', conn_type='aws') credentials retrieved from login and password.
[2026-01-20T13:01:16.098+0000] {logging_mixin.py:188} INFO - ✓ Read 9 rows from overview/date=2026-01-04/batch_32.csv
[2026-01-20T13:01:16.106+0000] {base.py:84} INFO - Using connection ID 'minio_finance' for task execution.
[2026-01-20T13:01:16.107+0000] {connection_wrapper.py:384} INFO - AWS Connection (conn_id='minio_finance', conn_type='aws') credentials retrieved from login and password.
[2026-01-20T13:01:16.214+0000] {logging_mixin.py:188} INFO - ✓ Read 10 rows from overview/date=2026-01-04/batch_33.csv
[2026-01-20T13:01:16.222+0000] {base.py:84} INFO - Using connection ID 'minio_finance' for task execution.
[2026-01-20T13:01:16.222+0000] {connection_wrapper.py:384} INFO - AWS Connection (conn_id='minio_finance', conn_type='aws') credentials retrieved from login and password.
[2026-01-20T13:01:16.340+0000] {logging_mixin.py:188} INFO - ✓ Read 9 rows from overview/date=2026-01-04/batch_34.csv
[2026-01-20T13:01:16.348+0000] {base.py:84} INFO - Using connection ID 'minio_finance' for task execution.
[2026-01-20T13:01:16.349+0000] {connection_wrapper.py:384} INFO - AWS Connection (conn_id='minio_finance', conn_type='aws') credentials retrieved from login and password.
[2026-01-20T13:01:16.553+0000] {logging_mixin.py:188} INFO - ✓ Read 14 rows from overview/date=2026-01-04/batch_35.csv
[2026-01-20T13:01:16.567+0000] {base.py:84} INFO - Using connection ID 'minio_finance' for task execution.
[2026-01-20T13:01:16.569+0000] {connection_wrapper.py:384} INFO - AWS Connection (conn_id='minio_finance', conn_type='aws') credentials retrieved from login and password.
[2026-01-20T13:01:17.609+0000] {logging_mixin.py:188} INFO - ✓ Read 10 rows from overview/date=2026-01-04/batch_36.csv
[2026-01-20T13:01:17.622+0000] {base.py:84} INFO - Using connection ID 'minio_finance' for task execution.
[2026-01-20T13:01:17.623+0000] {connection_wrapper.py:384} INFO - AWS Connection (conn_id='minio_finance', conn_type='aws') credentials retrieved from login and password.
[2026-01-20T13:01:17.769+0000] {logging_mixin.py:188} INFO - ✓ Read 13 rows from overview/date=2026-01-04/batch_37.csv
[2026-01-20T13:01:17.779+0000] {base.py:84} INFO - Using connection ID 'minio_finance' for task execution.
[2026-01-20T13:01:17.780+0000] {connection_wrapper.py:384} INFO - AWS Connection (conn_id='minio_finance', conn_type='aws') credentials retrieved from login and password.
[2026-01-20T13:01:17.919+0000] {logging_mixin.py:188} INFO - ✓ Read 9 rows from overview/date=2026-01-04/batch_38.csv
[2026-01-20T13:01:17.930+0000] {base.py:84} INFO - Using connection ID 'minio_finance' for task execution.
[2026-01-20T13:01:17.931+0000] {connection_wrapper.py:384} INFO - AWS Connection (conn_id='minio_finance', conn_type='aws') credentials retrieved from login and password.
[2026-01-20T13:01:18.054+0000] {logging_mixin.py:188} INFO - ✓ Read 9 rows from overview/date=2026-01-04/batch_39.csv
[2026-01-20T13:01:18.063+0000] {base.py:84} INFO - Using connection ID 'minio_finance' for task execution.
[2026-01-20T13:01:18.064+0000] {connection_wrapper.py:384} INFO - AWS Connection (conn_id='minio_finance', conn_type='aws') credentials retrieved from login and password.
[2026-01-20T13:01:18.200+0000] {logging_mixin.py:188} INFO - ✓ Read 19 rows from overview/date=2026-01-04/batch_4.csv
[2026-01-20T13:01:18.208+0000] {base.py:84} INFO - Using connection ID 'minio_finance' for task execution.
[2026-01-20T13:01:18.209+0000] {connection_wrapper.py:384} INFO - AWS Connection (conn_id='minio_finance', conn_type='aws') credentials retrieved from login and password.
[2026-01-20T13:01:18.342+0000] {logging_mixin.py:188} INFO - ✓ Read 7 rows from overview/date=2026-01-04/batch_40.csv
[2026-01-20T13:01:18.349+0000] {base.py:84} INFO - Using connection ID 'minio_finance' for task execution.
[2026-01-20T13:01:18.350+0000] {connection_wrapper.py:384} INFO - AWS Connection (conn_id='minio_finance', conn_type='aws') credentials retrieved from login and password.
[2026-01-20T13:01:18.483+0000] {logging_mixin.py:188} INFO - ✓ Read 10 rows from overview/date=2026-01-04/batch_41.csv
[2026-01-20T13:01:18.492+0000] {base.py:84} INFO - Using connection ID 'minio_finance' for task execution.
[2026-01-20T13:01:18.493+0000] {connection_wrapper.py:384} INFO - AWS Connection (conn_id='minio_finance', conn_type='aws') credentials retrieved from login and password.
[2026-01-20T13:01:18.603+0000] {logging_mixin.py:188} INFO - ✓ Read 12 rows from overview/date=2026-01-04/batch_42.csv
[2026-01-20T13:01:18.610+0000] {base.py:84} INFO - Using connection ID 'minio_finance' for task execution.
[2026-01-20T13:01:18.611+0000] {connection_wrapper.py:384} INFO - AWS Connection (conn_id='minio_finance', conn_type='aws') credentials retrieved from login and password.
[2026-01-20T13:01:18.730+0000] {logging_mixin.py:188} INFO - ✓ Read 16 rows from overview/date=2026-01-04/batch_43.csv
[2026-01-20T13:01:18.738+0000] {base.py:84} INFO - Using connection ID 'minio_finance' for task execution.
[2026-01-20T13:01:18.739+0000] {connection_wrapper.py:384} INFO - AWS Connection (conn_id='minio_finance', conn_type='aws') credentials retrieved from login and password.
[2026-01-20T13:01:18.845+0000] {logging_mixin.py:188} INFO - ✓ Read 7 rows from overview/date=2026-01-04/batch_44.csv
[2026-01-20T13:01:18.852+0000] {base.py:84} INFO - Using connection ID 'minio_finance' for task execution.
[2026-01-20T13:01:18.853+0000] {connection_wrapper.py:384} INFO - AWS Connection (conn_id='minio_finance', conn_type='aws') credentials retrieved from login and password.
[2026-01-20T13:01:18.960+0000] {logging_mixin.py:188} INFO - ✓ Read 13 rows from overview/date=2026-01-04/batch_45.csv
[2026-01-20T13:01:18.967+0000] {base.py:84} INFO - Using connection ID 'minio_finance' for task execution.
[2026-01-20T13:01:18.968+0000] {connection_wrapper.py:384} INFO - AWS Connection (conn_id='minio_finance', conn_type='aws') credentials retrieved from login and password.
[2026-01-20T13:01:19.083+0000] {logging_mixin.py:188} INFO - ✓ Read 13 rows from overview/date=2026-01-04/batch_46.csv
[2026-01-20T13:01:19.091+0000] {base.py:84} INFO - Using connection ID 'minio_finance' for task execution.
[2026-01-20T13:01:19.092+0000] {connection_wrapper.py:384} INFO - AWS Connection (conn_id='minio_finance', conn_type='aws') credentials retrieved from login and password.
[2026-01-20T13:01:19.209+0000] {logging_mixin.py:188} INFO - ✓ Read 10 rows from overview/date=2026-01-04/batch_47.csv
[2026-01-20T13:01:19.217+0000] {base.py:84} INFO - Using connection ID 'minio_finance' for task execution.
[2026-01-20T13:01:19.218+0000] {connection_wrapper.py:384} INFO - AWS Connection (conn_id='minio_finance', conn_type='aws') credentials retrieved from login and password.
[2026-01-20T13:01:19.836+0000] {logging_mixin.py:188} INFO - ✓ Read 10 rows from overview/date=2026-01-04/batch_48.csv
[2026-01-20T13:01:19.843+0000] {base.py:84} INFO - Using connection ID 'minio_finance' for task execution.
[2026-01-20T13:01:19.844+0000] {connection_wrapper.py:384} INFO - AWS Connection (conn_id='minio_finance', conn_type='aws') credentials retrieved from login and password.
[2026-01-20T13:01:19.965+0000] {logging_mixin.py:188} INFO - ✓ Read 8 rows from overview/date=2026-01-04/batch_49.csv
[2026-01-20T13:01:19.973+0000] {base.py:84} INFO - Using connection ID 'minio_finance' for task execution.
[2026-01-20T13:01:19.974+0000] {connection_wrapper.py:384} INFO - AWS Connection (conn_id='minio_finance', conn_type='aws') credentials retrieved from login and password.
[2026-01-20T13:01:20.088+0000] {logging_mixin.py:188} INFO - ✓ Read 17 rows from overview/date=2026-01-04/batch_5.csv
[2026-01-20T13:01:20.095+0000] {base.py:84} INFO - Using connection ID 'minio_finance' for task execution.
[2026-01-20T13:01:20.095+0000] {connection_wrapper.py:384} INFO - AWS Connection (conn_id='minio_finance', conn_type='aws') credentials retrieved from login and password.
[2026-01-20T13:01:20.207+0000] {logging_mixin.py:188} INFO - ✓ Read 10 rows from overview/date=2026-01-04/batch_50.csv
[2026-01-20T13:01:20.222+0000] {base.py:84} INFO - Using connection ID 'minio_finance' for task execution.
[2026-01-20T13:01:20.224+0000] {connection_wrapper.py:384} INFO - AWS Connection (conn_id='minio_finance', conn_type='aws') credentials retrieved from login and password.
[2026-01-20T13:01:20.377+0000] {logging_mixin.py:188} INFO - ✓ Read 16 rows from overview/date=2026-01-04/batch_51.csv
[2026-01-20T13:01:20.384+0000] {base.py:84} INFO - Using connection ID 'minio_finance' for task execution.
[2026-01-20T13:01:20.385+0000] {connection_wrapper.py:384} INFO - AWS Connection (conn_id='minio_finance', conn_type='aws') credentials retrieved from login and password.
[2026-01-20T13:01:20.526+0000] {logging_mixin.py:188} INFO - ✓ Read 10 rows from overview/date=2026-01-04/batch_52.csv
[2026-01-20T13:01:20.537+0000] {base.py:84} INFO - Using connection ID 'minio_finance' for task execution.
[2026-01-20T13:01:20.538+0000] {connection_wrapper.py:384} INFO - AWS Connection (conn_id='minio_finance', conn_type='aws') credentials retrieved from login and password.
[2026-01-20T13:01:20.672+0000] {logging_mixin.py:188} INFO - ✓ Read 9 rows from overview/date=2026-01-04/batch_53.csv
[2026-01-20T13:01:20.680+0000] {base.py:84} INFO - Using connection ID 'minio_finance' for task execution.
[2026-01-20T13:01:20.681+0000] {connection_wrapper.py:384} INFO - AWS Connection (conn_id='minio_finance', conn_type='aws') credentials retrieved from login and password.
[2026-01-20T13:01:20.797+0000] {logging_mixin.py:188} INFO - ✓ Read 10 rows from overview/date=2026-01-04/batch_54.csv
[2026-01-20T13:01:20.805+0000] {base.py:84} INFO - Using connection ID 'minio_finance' for task execution.
[2026-01-20T13:01:20.806+0000] {connection_wrapper.py:384} INFO - AWS Connection (conn_id='minio_finance', conn_type='aws') credentials retrieved from login and password.
[2026-01-20T13:01:20.947+0000] {logging_mixin.py:188} INFO - ✓ Read 11 rows from overview/date=2026-01-04/batch_55.csv
[2026-01-20T13:01:20.954+0000] {base.py:84} INFO - Using connection ID 'minio_finance' for task execution.
[2026-01-20T13:01:20.955+0000] {connection_wrapper.py:384} INFO - AWS Connection (conn_id='minio_finance', conn_type='aws') credentials retrieved from login and password.
[2026-01-20T13:01:21.076+0000] {logging_mixin.py:188} INFO - ✓ Read 9 rows from overview/date=2026-01-04/batch_56.csv
[2026-01-20T13:01:21.085+0000] {base.py:84} INFO - Using connection ID 'minio_finance' for task execution.
[2026-01-20T13:01:21.086+0000] {connection_wrapper.py:384} INFO - AWS Connection (conn_id='minio_finance', conn_type='aws') credentials retrieved from login and password.
[2026-01-20T13:01:21.252+0000] {logging_mixin.py:188} INFO - ✓ Read 7 rows from overview/date=2026-01-04/batch_57.csv
[2026-01-20T13:01:21.261+0000] {base.py:84} INFO - Using connection ID 'minio_finance' for task execution.
[2026-01-20T13:01:21.262+0000] {connection_wrapper.py:384} INFO - AWS Connection (conn_id='minio_finance', conn_type='aws') credentials retrieved from login and password.
[2026-01-20T13:01:21.392+0000] {logging_mixin.py:188} INFO - ✓ Read 8 rows from overview/date=2026-01-04/batch_58.csv
[2026-01-20T13:01:21.401+0000] {base.py:84} INFO - Using connection ID 'minio_finance' for task execution.
[2026-01-20T13:01:21.402+0000] {connection_wrapper.py:384} INFO - AWS Connection (conn_id='minio_finance', conn_type='aws') credentials retrieved from login and password.
[2026-01-20T13:01:21.556+0000] {logging_mixin.py:188} INFO - ✓ Read 10 rows from overview/date=2026-01-04/batch_59.csv
[2026-01-20T13:01:21.566+0000] {base.py:84} INFO - Using connection ID 'minio_finance' for task execution.
[2026-01-20T13:01:21.567+0000] {connection_wrapper.py:384} INFO - AWS Connection (conn_id='minio_finance', conn_type='aws') credentials retrieved from login and password.
[2026-01-20T13:01:21.720+0000] {logging_mixin.py:188} INFO - ✓ Read 19 rows from overview/date=2026-01-04/batch_6.csv
[2026-01-20T13:01:21.731+0000] {base.py:84} INFO - Using connection ID 'minio_finance' for task execution.
[2026-01-20T13:01:21.732+0000] {connection_wrapper.py:384} INFO - AWS Connection (conn_id='minio_finance', conn_type='aws') credentials retrieved from login and password.
[2026-01-20T13:01:22.552+0000] {logging_mixin.py:188} INFO - ✓ Read 10 rows from overview/date=2026-01-04/batch_60.csv
[2026-01-20T13:01:22.561+0000] {base.py:84} INFO - Using connection ID 'minio_finance' for task execution.
[2026-01-20T13:01:22.562+0000] {connection_wrapper.py:384} INFO - AWS Connection (conn_id='minio_finance', conn_type='aws') credentials retrieved from login and password.
[2026-01-20T13:01:22.703+0000] {logging_mixin.py:188} INFO - ✓ Read 10 rows from overview/date=2026-01-04/batch_61.csv
[2026-01-20T13:01:22.711+0000] {base.py:84} INFO - Using connection ID 'minio_finance' for task execution.
[2026-01-20T13:01:22.712+0000] {connection_wrapper.py:384} INFO - AWS Connection (conn_id='minio_finance', conn_type='aws') credentials retrieved from login and password.
[2026-01-20T13:01:22.824+0000] {logging_mixin.py:188} INFO - ✓ Read 12 rows from overview/date=2026-01-04/batch_62.csv
[2026-01-20T13:01:22.833+0000] {base.py:84} INFO - Using connection ID 'minio_finance' for task execution.
[2026-01-20T13:01:22.835+0000] {connection_wrapper.py:384} INFO - AWS Connection (conn_id='minio_finance', conn_type='aws') credentials retrieved from login and password.
[2026-01-20T13:01:22.964+0000] {logging_mixin.py:188} INFO - ✓ Read 7 rows from overview/date=2026-01-04/batch_63.csv
[2026-01-20T13:01:22.973+0000] {base.py:84} INFO - Using connection ID 'minio_finance' for task execution.
[2026-01-20T13:01:22.975+0000] {connection_wrapper.py:384} INFO - AWS Connection (conn_id='minio_finance', conn_type='aws') credentials retrieved from login and password.
[2026-01-20T13:01:23.102+0000] {logging_mixin.py:188} INFO - ✓ Read 10 rows from overview/date=2026-01-04/batch_64.csv
[2026-01-20T13:01:23.110+0000] {base.py:84} INFO - Using connection ID 'minio_finance' for task execution.
[2026-01-20T13:01:23.111+0000] {connection_wrapper.py:384} INFO - AWS Connection (conn_id='minio_finance', conn_type='aws') credentials retrieved from login and password.
[2026-01-20T13:01:23.213+0000] {logging_mixin.py:188} INFO - ✓ Read 12 rows from overview/date=2026-01-04/batch_65.csv
[2026-01-20T13:01:23.220+0000] {base.py:84} INFO - Using connection ID 'minio_finance' for task execution.
[2026-01-20T13:01:23.221+0000] {connection_wrapper.py:384} INFO - AWS Connection (conn_id='minio_finance', conn_type='aws') credentials retrieved from login and password.
[2026-01-20T13:01:23.319+0000] {logging_mixin.py:188} INFO - ✓ Read 8 rows from overview/date=2026-01-04/batch_66.csv
[2026-01-20T13:01:23.325+0000] {base.py:84} INFO - Using connection ID 'minio_finance' for task execution.
[2026-01-20T13:01:23.326+0000] {connection_wrapper.py:384} INFO - AWS Connection (conn_id='minio_finance', conn_type='aws') credentials retrieved from login and password.
[2026-01-20T13:01:23.436+0000] {logging_mixin.py:188} INFO - ✓ Read 8 rows from overview/date=2026-01-04/batch_67.csv
[2026-01-20T13:01:23.443+0000] {base.py:84} INFO - Using connection ID 'minio_finance' for task execution.
[2026-01-20T13:01:23.444+0000] {connection_wrapper.py:384} INFO - AWS Connection (conn_id='minio_finance', conn_type='aws') credentials retrieved from login and password.
[2026-01-20T13:01:23.551+0000] {logging_mixin.py:188} INFO - ✓ Read 12 rows from overview/date=2026-01-04/batch_68.csv
[2026-01-20T13:01:23.559+0000] {base.py:84} INFO - Using connection ID 'minio_finance' for task execution.
[2026-01-20T13:01:23.560+0000] {connection_wrapper.py:384} INFO - AWS Connection (conn_id='minio_finance', conn_type='aws') credentials retrieved from login and password.
[2026-01-20T13:01:23.684+0000] {logging_mixin.py:188} INFO - ✓ Read 12 rows from overview/date=2026-01-04/batch_69.csv
[2026-01-20T13:01:23.693+0000] {base.py:84} INFO - Using connection ID 'minio_finance' for task execution.
[2026-01-20T13:01:23.694+0000] {connection_wrapper.py:384} INFO - AWS Connection (conn_id='minio_finance', conn_type='aws') credentials retrieved from login and password.
[2026-01-20T13:01:23.804+0000] {logging_mixin.py:188} INFO - ✓ Read 20 rows from overview/date=2026-01-04/batch_7.csv
[2026-01-20T13:01:23.812+0000] {base.py:84} INFO - Using connection ID 'minio_finance' for task execution.
[2026-01-20T13:01:23.813+0000] {connection_wrapper.py:384} INFO - AWS Connection (conn_id='minio_finance', conn_type='aws') credentials retrieved from login and password.
[2026-01-20T13:01:23.917+0000] {logging_mixin.py:188} INFO - ✓ Read 10 rows from overview/date=2026-01-04/batch_70.csv
[2026-01-20T13:01:23.923+0000] {base.py:84} INFO - Using connection ID 'minio_finance' for task execution.
[2026-01-20T13:01:23.924+0000] {connection_wrapper.py:384} INFO - AWS Connection (conn_id='minio_finance', conn_type='aws') credentials retrieved from login and password.
[2026-01-20T13:01:24.038+0000] {logging_mixin.py:188} INFO - ✓ Read 8 rows from overview/date=2026-01-04/batch_71.csv
[2026-01-20T13:01:24.046+0000] {base.py:84} INFO - Using connection ID 'minio_finance' for task execution.
[2026-01-20T13:01:24.047+0000] {connection_wrapper.py:384} INFO - AWS Connection (conn_id='minio_finance', conn_type='aws') credentials retrieved from login and password.
[2026-01-20T13:01:24.624+0000] {logging_mixin.py:188} INFO - ✓ Read 13 rows from overview/date=2026-01-04/batch_72.csv
[2026-01-20T13:01:24.631+0000] {base.py:84} INFO - Using connection ID 'minio_finance' for task execution.
[2026-01-20T13:01:24.632+0000] {connection_wrapper.py:384} INFO - AWS Connection (conn_id='minio_finance', conn_type='aws') credentials retrieved from login and password.
[2026-01-20T13:01:24.751+0000] {logging_mixin.py:188} INFO - ✓ Read 10 rows from overview/date=2026-01-04/batch_73.csv
[2026-01-20T13:01:24.758+0000] {base.py:84} INFO - Using connection ID 'minio_finance' for task execution.
[2026-01-20T13:01:24.759+0000] {connection_wrapper.py:384} INFO - AWS Connection (conn_id='minio_finance', conn_type='aws') credentials retrieved from login and password.
[2026-01-20T13:01:24.857+0000] {logging_mixin.py:188} INFO - ✓ Read 9 rows from overview/date=2026-01-04/batch_74.csv
[2026-01-20T13:01:24.864+0000] {base.py:84} INFO - Using connection ID 'minio_finance' for task execution.
[2026-01-20T13:01:24.865+0000] {connection_wrapper.py:384} INFO - AWS Connection (conn_id='minio_finance', conn_type='aws') credentials retrieved from login and password.
[2026-01-20T13:01:24.988+0000] {logging_mixin.py:188} INFO - ✓ Read 9 rows from overview/date=2026-01-04/batch_75.csv
[2026-01-20T13:01:24.995+0000] {base.py:84} INFO - Using connection ID 'minio_finance' for task execution.
[2026-01-20T13:01:24.995+0000] {connection_wrapper.py:384} INFO - AWS Connection (conn_id='minio_finance', conn_type='aws') credentials retrieved from login and password.
[2026-01-20T13:01:25.084+0000] {logging_mixin.py:188} INFO - ✓ Read 12 rows from overview/date=2026-01-04/batch_76.csv
[2026-01-20T13:01:25.091+0000] {base.py:84} INFO - Using connection ID 'minio_finance' for task execution.
[2026-01-20T13:01:25.092+0000] {connection_wrapper.py:384} INFO - AWS Connection (conn_id='minio_finance', conn_type='aws') credentials retrieved from login and password.
[2026-01-20T13:01:25.217+0000] {logging_mixin.py:188} INFO - ✓ Read 10 rows from overview/date=2026-01-04/batch_77.csv
[2026-01-20T13:01:25.224+0000] {base.py:84} INFO - Using connection ID 'minio_finance' for task execution.
[2026-01-20T13:01:25.225+0000] {connection_wrapper.py:384} INFO - AWS Connection (conn_id='minio_finance', conn_type='aws') credentials retrieved from login and password.
[2026-01-20T13:01:25.331+0000] {logging_mixin.py:188} INFO - ✓ Read 14 rows from overview/date=2026-01-04/batch_78.csv
[2026-01-20T13:01:25.338+0000] {base.py:84} INFO - Using connection ID 'minio_finance' for task execution.
[2026-01-20T13:01:25.338+0000] {connection_wrapper.py:384} INFO - AWS Connection (conn_id='minio_finance', conn_type='aws') credentials retrieved from login and password.
[2026-01-20T13:01:25.445+0000] {logging_mixin.py:188} INFO - ✓ Read 12 rows from overview/date=2026-01-04/batch_79.csv
[2026-01-20T13:01:25.454+0000] {base.py:84} INFO - Using connection ID 'minio_finance' for task execution.
[2026-01-20T13:01:25.455+0000] {connection_wrapper.py:384} INFO - AWS Connection (conn_id='minio_finance', conn_type='aws') credentials retrieved from login and password.
[2026-01-20T13:01:25.577+0000] {logging_mixin.py:188} INFO - ✓ Read 20 rows from overview/date=2026-01-04/batch_8.csv
[2026-01-20T13:01:25.585+0000] {base.py:84} INFO - Using connection ID 'minio_finance' for task execution.
[2026-01-20T13:01:25.586+0000] {connection_wrapper.py:384} INFO - AWS Connection (conn_id='minio_finance', conn_type='aws') credentials retrieved from login and password.
[2026-01-20T13:01:25.711+0000] {logging_mixin.py:188} INFO - ✓ Read 10 rows from overview/date=2026-01-04/batch_80.csv
[2026-01-20T13:01:25.717+0000] {base.py:84} INFO - Using connection ID 'minio_finance' for task execution.
[2026-01-20T13:01:25.718+0000] {connection_wrapper.py:384} INFO - AWS Connection (conn_id='minio_finance', conn_type='aws') credentials retrieved from login and password.
[2026-01-20T13:01:25.831+0000] {logging_mixin.py:188} INFO - ✓ Read 8 rows from overview/date=2026-01-04/batch_81.csv
[2026-01-20T13:01:25.837+0000] {base.py:84} INFO - Using connection ID 'minio_finance' for task execution.
[2026-01-20T13:01:25.838+0000] {connection_wrapper.py:384} INFO - AWS Connection (conn_id='minio_finance', conn_type='aws') credentials retrieved from login and password.
[2026-01-20T13:01:25.954+0000] {logging_mixin.py:188} INFO - ✓ Read 16 rows from overview/date=2026-01-04/batch_82.csv
[2026-01-20T13:01:25.961+0000] {base.py:84} INFO - Using connection ID 'minio_finance' for task execution.
[2026-01-20T13:01:25.962+0000] {connection_wrapper.py:384} INFO - AWS Connection (conn_id='minio_finance', conn_type='aws') credentials retrieved from login and password.
[2026-01-20T13:01:26.080+0000] {logging_mixin.py:188} INFO - ✓ Read 10 rows from overview/date=2026-01-04/batch_83.csv
[2026-01-20T13:01:26.089+0000] {base.py:84} INFO - Using connection ID 'minio_finance' for task execution.
[2026-01-20T13:01:26.090+0000] {connection_wrapper.py:384} INFO - AWS Connection (conn_id='minio_finance', conn_type='aws') credentials retrieved from login and password.
[2026-01-20T13:01:26.701+0000] {logging_mixin.py:188} INFO - ✓ Read 8 rows from overview/date=2026-01-04/batch_84.csv
[2026-01-20T13:01:26.708+0000] {base.py:84} INFO - Using connection ID 'minio_finance' for task execution.
[2026-01-20T13:01:26.709+0000] {connection_wrapper.py:384} INFO - AWS Connection (conn_id='minio_finance', conn_type='aws') credentials retrieved from login and password.
[2026-01-20T13:01:26.816+0000] {logging_mixin.py:188} INFO - ✓ Read 9 rows from overview/date=2026-01-04/batch_85.csv
[2026-01-20T13:01:26.823+0000] {base.py:84} INFO - Using connection ID 'minio_finance' for task execution.
[2026-01-20T13:01:26.824+0000] {connection_wrapper.py:384} INFO - AWS Connection (conn_id='minio_finance', conn_type='aws') credentials retrieved from login and password.
[2026-01-20T13:01:26.947+0000] {logging_mixin.py:188} INFO - ✓ Read 9 rows from overview/date=2026-01-04/batch_86.csv
[2026-01-20T13:01:26.955+0000] {base.py:84} INFO - Using connection ID 'minio_finance' for task execution.
[2026-01-20T13:01:26.956+0000] {connection_wrapper.py:384} INFO - AWS Connection (conn_id='minio_finance', conn_type='aws') credentials retrieved from login and password.
[2026-01-20T13:01:27.111+0000] {logging_mixin.py:188} INFO - ✓ Read 19 rows from overview/date=2026-01-04/batch_9.csv
[2026-01-20T13:01:27.130+0000] {logging_mixin.py:188} INFO - ✓ Concatenated 87 files into 1141 total rows
[2026-01-20T13:01:27.232+0000] {python.py:237} INFO - Done. Returned value was: {'partition': 'overview/date=2026-01-04/', 'rows': 0, 'status': 'error: there is no unique or exclusion constraint matching the ON CONFLICT specification\n'}
[2026-01-20T13:01:27.233+0000] {taskinstance.py:441} INFO - ::group::Post task execution logs
[2026-01-20T13:01:27.258+0000] {taskinstance.py:1206} INFO - Marking task as SUCCESS. dag_id=backup_db_parallel, task_id=sync_overview_partition, run_id=manual__2026-01-20T12:54:02.153889+00:00, map_index=2, execution_date=20260120T125402, start_date=20260120T130110, end_date=20260120T130127
[2026-01-20T13:01:27.314+0000] {local_task_job_runner.py:243} INFO - Task exited with return code 0
[2026-01-20T13:01:27.343+0000] {taskinstance.py:3503} INFO - 0 downstream tasks scheduled from follow-on schedule check
[2026-01-20T13:01:27.348+0000] {local_task_job_runner.py:222} INFO - ::endgroup::
