[2026-02-28T06:18:11.039+0000] {local_task_job_runner.py:120} INFO - ::group::Pre task execution logs
[2026-02-28T06:18:11.065+0000] {taskinstance.py:2076} INFO - Dependencies all met for dep_context=non-requeueable deps ti=<TaskInstance: bctc.ingest_bctc manual__2026-02-28T02:36:22+00:00 map_index=73 [queued]>
[2026-02-28T06:18:11.082+0000] {taskinstance.py:2076} INFO - Dependencies all met for dep_context=requeueable deps ti=<TaskInstance: bctc.ingest_bctc manual__2026-02-28T02:36:22+00:00 map_index=73 [queued]>
[2026-02-28T06:18:11.083+0000] {taskinstance.py:2306} INFO - Starting attempt 1 of 4
[2026-02-28T06:18:11.098+0000] {taskinstance.py:2330} INFO - Executing <Mapped(DfToCsvOperator): ingest_bctc> on 2026-02-28 02:36:22+00:00
[2026-02-28T06:18:11.109+0000] {warnings.py:112} WARNING - This process (pid=2396) is multi-threaded, use of fork() may lead to deadlocks in the child.

[2026-02-28T06:18:11.110+0000] {standard_task_runner.py:64} INFO - Started process 2398 to run task
[2026-02-28T06:18:11.112+0000] {standard_task_runner.py:90} INFO - Running: ['***', 'tasks', 'run', 'bctc', 'ingest_bctc', 'manual__2026-02-28T02:36:22+00:00', '--job-id', '28551', '--raw', '--subdir', 'DAGS_FOLDER/dl_bctc.py', '--cfg-path', '/tmp/tmpgxnq2xbx', '--map-index', '73']
[2026-02-28T06:18:11.116+0000] {standard_task_runner.py:91} INFO - Job 28551: Subtask ingest_bctc
[2026-02-28T06:18:11.168+0000] {task_command.py:426} INFO - Running <TaskInstance: bctc.ingest_bctc manual__2026-02-28T02:36:22+00:00 map_index=73 [running]> on host c3317bef54fc
[2026-02-28T06:18:11.270+0000] {taskinstance.py:2648} INFO - Exporting env vars: AIRFLOW_CTX_DAG_OWNER='***' AIRFLOW_CTX_DAG_ID='bctc' AIRFLOW_CTX_TASK_ID='ingest_bctc' AIRFLOW_CTX_EXECUTION_DATE='2026-02-28T02:36:22+00:00' AIRFLOW_CTX_TRY_NUMBER='1' AIRFLOW_CTX_DAG_RUN_ID='manual__2026-02-28T02:36:22+00:00'
[2026-02-28T06:18:11.272+0000] {taskinstance.py:430} INFO - ::endgroup::
[2026-02-28T06:18:11.272+0000] {datalake_df2csv.py:40} INFO - ================================================================================
[2026-02-28T06:18:11.273+0000] {datalake_df2csv.py:41} INFO - 🚀 BẮT ĐẦU TASK: ingest_bctc
[2026-02-28T06:18:11.274+0000] {datalake_df2csv.py:42} INFO - ================================================================================
[2026-02-28T06:18:11.274+0000] {datalake_df2csv.py:43} INFO - 📋 Thông tin cấu hình:
[2026-02-28T06:18:11.275+0000] {datalake_df2csv.py:44} INFO -   - Logic file: bctc
[2026-02-28T06:18:11.275+0000] {datalake_df2csv.py:45} INFO -   - DataFrame name: get_financial_reports
[2026-02-28T06:18:11.276+0000] {datalake_df2csv.py:46} INFO -   - Bucket: thongtin-congty-va-bctc
[2026-02-28T06:18:11.276+0000] {datalake_df2csv.py:47} INFO -   - Object path: bctc/2022/Q1/batch_73.csv
[2026-02-28T06:18:11.277+0000] {datalake_df2csv.py:48} INFO -   - Connection ID: minio_finance
[2026-02-28T06:18:11.278+0000] {datalake_df2csv.py:49} INFO -   - Tham số truyền vào: {'symbols': ['SNC', 'E12', 'OPC', 'ICI', 'VSF', 'TPP', 'HID', 'FHS', 'SD9', 'BLF', 'TTE', 'EFI', 'KTT', 'BCG', 'CYC', 'KMT', 'GLT', 'C92', 'PXM', 'VNH'], 'current_year': '2022', 'current_quarter': '1'}
[2026-02-28T06:18:11.278+0000] {datalake_df2csv.py:50} INFO - --------------------------------------------------------------------------------
[2026-02-28T06:18:11.279+0000] {datalake_df2csv.py:54} INFO - 📥 Bước 1: Đang load dữ liệu từ logic file...
[2026-02-28T06:18:11.281+0000] {datalake_df2csv.py:148} INFO -   - Logic directory: /opt/airflow/plugins/logic
[2026-02-28T06:18:11.282+0000] {datalake_df2csv.py:149} INFO -   - Module path: /opt/airflow/plugins/logic/bctc.py
[2026-02-28T06:18:11.282+0000] {datalake_df2csv.py:153} INFO -   - Đã thêm logic directory vào sys.path
[2026-02-28T06:18:11.283+0000] {datalake_df2csv.py:159} INFO -   - Đang load module 'bctc'...
[2026-02-28T06:18:11.286+0000] {datalake_df2csv.py:163} INFO -   - ✅ Module loaded thành công
[2026-02-28T06:18:11.286+0000] {datalake_df2csv.py:165} INFO -   - Đang tìm DataFrame/function: 'get_financial_reports'...
[2026-02-28T06:18:11.286+0000] {datalake_df2csv.py:170} INFO -   - ✅ Tìm thấy object: function
[2026-02-28T06:18:11.287+0000] {datalake_df2csv.py:173} INFO -   - Đang gọi function với tham số: {'symbols': ['SNC', 'E12', 'OPC', 'ICI', 'VSF', 'TPP', 'HID', 'FHS', 'SD9', 'BLF', 'TTE', 'EFI', 'KTT', 'BCG', 'CYC', 'KMT', 'GLT', 'C92', 'PXM', 'VNH'], 'current_year': '2022', 'current_quarter': '1'}
[2026-02-28T06:18:11.287+0000] {logging_mixin.py:188} INFO - [BCTC] Batch 20 mã: ['SNC', 'E12', 'OPC', 'ICI', 'VSF', 'TPP', 'HID', 'FHS', 'SD9', 'BLF', 'TTE', 'EFI', 'KTT', 'BCG', 'CYC', 'KMT', 'GLT', 'C92', 'PXM', 'VNH']
[2026-02-28T06:18:11.288+0000] {logging_mixin.py:188} INFO -   Filter: year=2022, quarter=1
[2026-02-28T06:18:11.288+0000] {logging_mixin.py:188} INFO -   Call interval: 3.2s (~19 req/phút)
[2026-02-28T06:18:11.288+0000] {logging_mixin.py:188} INFO -  >> [1/20] SNC
[2026-02-28T06:18:12.468+0000] {logging_mixin.py:188} INFO -   ⚠ SNC.income_statement: không có dữ liệu → bỏ qua mã này
[2026-02-28T06:18:12.468+0000] {logging_mixin.py:188} INFO -  >> [2/20] E12
[2026-02-28T06:18:16.218+0000] {logging_mixin.py:188} INFO -   ⚠ E12.income_statement: không có dữ liệu → bỏ qua mã này
[2026-02-28T06:18:16.220+0000] {logging_mixin.py:188} INFO -  >> [3/20] OPC
[2026-02-28T06:18:19.914+0000] {logging_mixin.py:188} INFO -   ⚠ OPC.income_statement: không có dữ liệu → bỏ qua mã này
[2026-02-28T06:18:19.915+0000] {logging_mixin.py:188} INFO -  >> [4/20] ICI
[2026-02-28T06:18:23.604+0000] {logging_mixin.py:188} INFO -   ⚠ ICI.income_statement: không có dữ liệu → bỏ qua mã này
[2026-02-28T06:18:23.605+0000] {logging_mixin.py:188} INFO -  >> [5/20] VSF
[2026-02-28T06:18:27.287+0000] {logging_mixin.py:188} INFO -   ⚠ VSF.income_statement: không có dữ liệu → bỏ qua mã này
[2026-02-28T06:18:27.287+0000] {logging_mixin.py:188} INFO -  >> [6/20] TPP
[2026-02-28T06:18:30.939+0000] {logging_mixin.py:188} INFO -   ⚠ TPP.income_statement: không có dữ liệu → bỏ qua mã này
[2026-02-28T06:18:30.939+0000] {logging_mixin.py:188} INFO -  >> [7/20] HID
[2026-02-28T06:18:34.686+0000] {logging_mixin.py:188} INFO -   ⚠ HID.income_statement: không có dữ liệu → bỏ qua mã này
[2026-02-28T06:18:34.687+0000] {logging_mixin.py:188} INFO -  >> [8/20] FHS
[2026-02-28T06:18:38.324+0000] {logging_mixin.py:188} INFO -   ⚠ FHS.income_statement: không có dữ liệu → bỏ qua mã này
[2026-02-28T06:18:38.324+0000] {logging_mixin.py:188} INFO -  >> [9/20] SD9
[2026-02-28T06:18:42.051+0000] {logging_mixin.py:188} INFO -   ⚠ SD9.income_statement: không có dữ liệu → bỏ qua mã này
[2026-02-28T06:18:42.052+0000] {logging_mixin.py:188} INFO -  >> [10/20] BLF
[2026-02-28T06:18:45.776+0000] {logging_mixin.py:188} INFO -   ⚠ BLF.income_statement: không có dữ liệu → bỏ qua mã này
[2026-02-28T06:18:45.777+0000] {logging_mixin.py:188} INFO -  >> [11/20] TTE
[2026-02-28T06:18:49.559+0000] {logging_mixin.py:188} INFO -   ⚠ TTE.income_statement: không có dữ liệu → bỏ qua mã này
[2026-02-28T06:18:49.559+0000] {logging_mixin.py:188} INFO -  >> [12/20] EFI
[2026-02-28T06:18:53.280+0000] {logging_mixin.py:188} INFO -   ⚠ EFI.income_statement: không có dữ liệu → bỏ qua mã này
[2026-02-28T06:18:53.280+0000] {logging_mixin.py:188} INFO -  >> [13/20] KTT
[2026-02-28T06:18:57.009+0000] {logging_mixin.py:188} INFO -   ⚠ KTT.income_statement: không có dữ liệu → bỏ qua mã này
[2026-02-28T06:18:57.010+0000] {logging_mixin.py:188} INFO -  >> [14/20] BCG
[2026-02-28T06:19:00.665+0000] {logging_mixin.py:188} INFO -   ⚠ BCG.income_statement: không có dữ liệu → bỏ qua mã này
[2026-02-28T06:19:00.665+0000] {logging_mixin.py:188} INFO -  >> [15/20] CYC
[2026-02-28T06:19:04.439+0000] {logging_mixin.py:188} INFO -   ⚠ CYC.income_statement: không có dữ liệu → bỏ qua mã này
[2026-02-28T06:19:04.439+0000] {logging_mixin.py:188} INFO -  >> [16/20] KMT
[2026-02-28T06:19:08.209+0000] {logging_mixin.py:188} INFO -   ⚠ KMT.income_statement: không có dữ liệu → bỏ qua mã này
[2026-02-28T06:19:08.210+0000] {logging_mixin.py:188} INFO -  >> [17/20] GLT
[2026-02-28T06:19:11.947+0000] {logging_mixin.py:188} INFO -   ⚠ GLT.income_statement: không có dữ liệu → bỏ qua mã này
[2026-02-28T06:19:11.948+0000] {logging_mixin.py:188} INFO -  >> [18/20] C92
[2026-02-28T06:19:15.687+0000] {logging_mixin.py:188} INFO -   ⚠ C92.income_statement: không có dữ liệu → bỏ qua mã này
[2026-02-28T06:19:15.688+0000] {logging_mixin.py:188} INFO -  >> [19/20] PXM
[2026-02-28T06:19:19.351+0000] {logging_mixin.py:188} INFO -   ⚠ PXM.income_statement: không có dữ liệu → bỏ qua mã này
[2026-02-28T06:19:19.352+0000] {logging_mixin.py:188} INFO -  >> [20/20] VNH
[2026-02-28T06:19:23.016+0000] {logging_mixin.py:188} INFO -   ⚠ VNH.income_statement: không có dữ liệu → bỏ qua mã này
[2026-02-28T06:19:23.017+0000] {logging_mixin.py:188} INFO - ⚠ Bỏ qua 20 mã: ['SNC', 'E12', 'OPC', 'ICI', 'VSF', 'TPP', 'HID', 'FHS', 'SD9', 'BLF', 'TTE', 'EFI', 'KTT', 'BCG', 'CYC', 'KMT', 'GLT', 'C92', 'PXM', 'VNH']
[2026-02-28T06:19:23.017+0000] {logging_mixin.py:188} INFO - ⚠ Batch này không thu được dữ liệu nào.
[2026-02-28T06:19:23.018+0000] {datalake_df2csv.py:58} WARNING - ⚠️  DataFrame rỗng hoặc None
[2026-02-28T06:19:23.019+0000] {datalake_df2csv.py:59} INFO - 📊 Thông tin DataFrame:
[2026-02-28T06:19:23.019+0000] {datalake_df2csv.py:60} INFO -   - Số dòng: 0
[2026-02-28T06:19:23.020+0000] {datalake_df2csv.py:61} INFO -   - Kết luận: Bỏ qua upload CSV
[2026-02-28T06:19:23.020+0000] {datalake_df2csv.py:62} INFO - ================================================================================
[2026-02-28T06:19:23.021+0000] {datalake_df2csv.py:63} INFO - ✅ KẾT THÚC TASK (không có dữ liệu): ingest_bctc
[2026-02-28T06:19:23.021+0000] {datalake_df2csv.py:64} INFO - ================================================================================
[2026-02-28T06:19:23.022+0000] {taskinstance.py:441} INFO - ::group::Post task execution logs
[2026-02-28T06:19:23.032+0000] {taskinstance.py:1206} INFO - Marking task as SUCCESS. dag_id=bctc, task_id=ingest_bctc, run_id=manual__2026-02-28T02:36:22+00:00, map_index=73, execution_date=20260228T023622, start_date=20260228T061811, end_date=20260228T061923
[2026-02-28T06:19:23.105+0000] {local_task_job_runner.py:243} INFO - Task exited with return code 0
[2026-02-28T06:19:23.124+0000] {taskinstance.py:3503} INFO - 0 downstream tasks scheduled from follow-on schedule check
[2026-02-28T06:19:23.130+0000] {local_task_job_runner.py:222} INFO - ::endgroup::
