[2026-01-24T09:01:25.600+0000] {local_task_job_runner.py:120} INFO - ::group::Pre task execution logs
[2026-01-24T09:01:25.771+0000] {taskinstance.py:2076} INFO - Dependencies all met for dep_context=non-requeueable deps ti=<TaskInstance: financial_ratios_etl.ingest_financial_ratios manual__2026-01-24T08:33:50+00:00 map_index=735 [queued]>
[2026-01-24T09:01:25.885+0000] {taskinstance.py:2076} INFO - Dependencies all met for dep_context=requeueable deps ti=<TaskInstance: financial_ratios_etl.ingest_financial_ratios manual__2026-01-24T08:33:50+00:00 map_index=735 [queued]>
[2026-01-24T09:01:25.886+0000] {taskinstance.py:2306} INFO - Starting attempt 1 of 2
[2026-01-24T09:01:25.918+0000] {taskinstance.py:2330} INFO - Executing <Mapped(DfToCsvOperator): ingest_financial_ratios> on 2026-01-24 08:33:50+00:00
[2026-01-24T09:01:25.938+0000] {warnings.py:112} WARNING - This process (pid=16938) is multi-threaded, use of fork() may lead to deadlocks in the child.

[2026-01-24T09:01:25.941+0000] {standard_task_runner.py:64} INFO - Started process 17009 to run task
[2026-01-24T09:01:25.946+0000] {standard_task_runner.py:90} INFO - Running: ['***', 'tasks', 'run', 'financial_ratios_etl', 'ingest_financial_ratios', 'manual__2026-01-24T08:33:50+00:00', '--job-id', '7038', '--raw', '--subdir', 'DAGS_FOLDER/dl_financial_ratios.py', '--cfg-path', '/tmp/tmpci4uce51', '--map-index', '735']
[2026-01-24T09:01:25.954+0000] {standard_task_runner.py:91} INFO - Job 7038: Subtask ingest_financial_ratios
[2026-01-24T09:01:26.061+0000] {task_command.py:426} INFO - Running <TaskInstance: financial_ratios_etl.ingest_financial_ratios manual__2026-01-24T08:33:50+00:00 map_index=735 [running]> on host 05b4b3a77fa2
[2026-01-24T09:01:26.338+0000] {taskinstance.py:2648} INFO - Exporting env vars: AIRFLOW_CTX_DAG_OWNER='***' AIRFLOW_CTX_DAG_ID='financial_ratios_etl' AIRFLOW_CTX_TASK_ID='ingest_financial_ratios' AIRFLOW_CTX_EXECUTION_DATE='2026-01-24T08:33:50+00:00' AIRFLOW_CTX_TRY_NUMBER='1' AIRFLOW_CTX_DAG_RUN_ID='manual__2026-01-24T08:33:50+00:00'
[2026-01-24T09:01:26.341+0000] {taskinstance.py:430} INFO - ::endgroup::
[2026-01-24T09:01:26.368+0000] {logging_mixin.py:188} INFO - [RATIO] Bắt đầu xử lý batch 2 mã: ['CMW', 'CMV']
[2026-01-24T09:01:26.369+0000] {logging_mixin.py:188} INFO - [RATIO] Kỳ dữ liệu: quarter
[2026-01-24T09:01:26.370+0000] {logging_mixin.py:188} INFO -  >> [RATIO] Đang lấy dữ liệu: CMW
[2026-01-24T09:01:28.546+0000] {logging_mixin.py:188} INFO -  ✓ [RATIO] CMW: 37 rows
[2026-01-24T09:01:30.548+0000] {logging_mixin.py:188} INFO -  >> [RATIO] Đang lấy dữ liệu: CMV
[2026-01-24T09:01:32.081+0000] {logging_mixin.py:188} INFO -  ✓ [RATIO] CMV: 51 rows
[2026-01-24T09:01:34.084+0000] {logging_mixin.py:188} INFO -  ✅ [RATIO] Hoàn thành batch. Tổng số dòng: 88
[2026-01-24T09:01:34.110+0000] {base.py:84} INFO - Using connection ID 'minio_finance' for task execution.
[2026-01-24T09:01:34.112+0000] {connection_wrapper.py:384} INFO - AWS Connection (conn_id='minio_finance', conn_type='aws') credentials retrieved from login and password.
[2026-01-24T09:01:34.969+0000] {datalake_df2csv.py:52} INFO - ✅ Đã upload 88 dòng -> s3://thongtin-congty-va-bctc/financial_ratios/2026-01-24/batch_735.csv
[2026-01-24T09:01:34.971+0000] {taskinstance.py:441} INFO - ::group::Post task execution logs
[2026-01-24T09:01:35.019+0000] {taskinstance.py:1206} INFO - Marking task as SUCCESS. dag_id=financial_ratios_etl, task_id=ingest_financial_ratios, run_id=manual__2026-01-24T08:33:50+00:00, map_index=735, execution_date=20260124T083350, start_date=20260124T090125, end_date=20260124T090135
[2026-01-24T09:01:35.108+0000] {local_task_job_runner.py:243} INFO - Task exited with return code 0
[2026-01-24T09:01:35.120+0000] {local_task_job_runner.py:222} INFO - ::endgroup::
