[2026-04-03T16:02:26.192+0000] {local_task_job_runner.py:120} INFO - ::group::Pre task execution logs
[2026-04-03T16:02:26.244+0000] {taskinstance.py:2076} INFO - Dependencies all met for dep_context=non-requeueable deps ti=<TaskInstance: daily_price.ingest_daily_price scheduled__2026-04-02T16:00:00+00:00 map_index=35 [queued]>
[2026-04-03T16:02:26.276+0000] {taskinstance.py:2076} INFO - Dependencies all met for dep_context=requeueable deps ti=<TaskInstance: daily_price.ingest_daily_price scheduled__2026-04-02T16:00:00+00:00 map_index=35 [queued]>
[2026-04-03T16:02:26.278+0000] {taskinstance.py:2306} INFO - Starting attempt 1 of 2
[2026-04-03T16:02:26.342+0000] {taskinstance.py:2330} INFO - Executing <Mapped(DfToCsvOperator): ingest_daily_price> on 2026-04-02 16:00:00+00:00
[2026-04-03T16:02:26.364+0000] {warnings.py:112} WARNING - This process (pid=970) is multi-threaded, use of fork() may lead to deadlocks in the child.

[2026-04-03T16:02:26.368+0000] {standard_task_runner.py:64} INFO - Started process 1006 to run task
[2026-04-03T16:02:26.376+0000] {standard_task_runner.py:90} INFO - Running: ['***', 'tasks', 'run', 'daily_price', 'ingest_daily_price', 'scheduled__2026-04-02T16:00:00+00:00', '--job-id', '38779', '--raw', '--subdir', 'DAGS_FOLDER/dl_dailly_price.py', '--cfg-path', '/tmp/tmp67c7e4ra', '--map-index', '35']
[2026-04-03T16:02:26.383+0000] {standard_task_runner.py:91} INFO - Job 38779: Subtask ingest_daily_price
[2026-04-03T16:02:26.503+0000] {task_command.py:426} INFO - Running <TaskInstance: daily_price.ingest_daily_price scheduled__2026-04-02T16:00:00+00:00 map_index=35 [running]> on host f1f3ec63581f
[2026-04-03T16:02:26.878+0000] {taskinstance.py:2648} INFO - Exporting env vars: AIRFLOW_CTX_DAG_OWNER='***' AIRFLOW_CTX_DAG_ID='daily_price' AIRFLOW_CTX_TASK_ID='ingest_daily_price' AIRFLOW_CTX_EXECUTION_DATE='2026-04-02T16:00:00+00:00' AIRFLOW_CTX_TRY_NUMBER='1' AIRFLOW_CTX_DAG_RUN_ID='scheduled__2026-04-02T16:00:00+00:00'
[2026-04-03T16:02:26.881+0000] {taskinstance.py:430} INFO - ::endgroup::
[2026-04-03T16:02:26.882+0000] {datalake_df2csv.py:40} INFO - ================================================================================
[2026-04-03T16:02:26.883+0000] {datalake_df2csv.py:41} INFO - 🚀 BẮT ĐẦU TASK: ingest_daily_price
[2026-04-03T16:02:26.886+0000] {datalake_df2csv.py:42} INFO - ================================================================================
[2026-04-03T16:02:26.888+0000] {datalake_df2csv.py:43} INFO - 📋 Thông tin cấu hình:
[2026-04-03T16:02:26.888+0000] {datalake_df2csv.py:44} INFO -   - Logic file: history_price
[2026-04-03T16:02:26.890+0000] {datalake_df2csv.py:45} INFO -   - DataFrame name: get_history_price_batch
[2026-04-03T16:02:26.894+0000] {datalake_df2csv.py:46} INFO -   - Bucket: thongtin-congty-va-bctc
[2026-04-03T16:02:26.896+0000] {datalake_df2csv.py:47} INFO -   - Object path: daily_price/2026-04-02/batch_35.csv
[2026-04-03T16:02:26.900+0000] {datalake_df2csv.py:48} INFO -   - Connection ID: minio_finance
[2026-04-03T16:02:26.901+0000] {datalake_df2csv.py:49} INFO -   - Tham số truyền vào: {'symbols': ['DP1', 'PLP', 'SPI', 'TCX', 'BDW'], 'start_date': '2026-04-02', 'end_date': '2026-04-03'}
[2026-04-03T16:02:26.908+0000] {datalake_df2csv.py:50} INFO - --------------------------------------------------------------------------------
[2026-04-03T16:02:26.909+0000] {datalake_df2csv.py:54} INFO - 📥 Bước 1: Đang load dữ liệu từ logic file...
[2026-04-03T16:02:26.913+0000] {datalake_df2csv.py:148} INFO -   - Logic directory: /opt/airflow/plugins/logic
[2026-04-03T16:02:26.914+0000] {datalake_df2csv.py:149} INFO -   - Module path: /opt/airflow/plugins/logic/history_price.py
[2026-04-03T16:02:26.915+0000] {datalake_df2csv.py:153} INFO -   - Đã thêm logic directory vào sys.path
[2026-04-03T16:02:26.918+0000] {datalake_df2csv.py:159} INFO -   - Đang load module 'history_price'...
[2026-04-03T16:02:26.924+0000] {datalake_df2csv.py:163} INFO -   - ✅ Module loaded thành công
[2026-04-03T16:02:26.925+0000] {datalake_df2csv.py:165} INFO -   - Đang tìm DataFrame/function: 'get_history_price_batch'...
[2026-04-03T16:02:26.926+0000] {datalake_df2csv.py:170} INFO -   - ✅ Tìm thấy object: function
[2026-04-03T16:02:26.929+0000] {datalake_df2csv.py:173} INFO -   - Đang gọi function với tham số: {'symbols': ['DP1', 'PLP', 'SPI', 'TCX', 'BDW'], 'start_date': '2026-04-02', 'end_date': '2026-04-03'}
[2026-04-03T16:02:34.312+0000] {datalake_df2csv.py:68} INFO - ✅ Load dữ liệu thành công!
[2026-04-03T16:02:34.315+0000] {datalake_df2csv.py:69} INFO - 📊 Thông tin DataFrame:
[2026-04-03T16:02:34.315+0000] {datalake_df2csv.py:70} INFO -   - Số dòng: 15
[2026-04-03T16:02:34.317+0000] {datalake_df2csv.py:71} INFO -   - Số cột: 7
[2026-04-03T16:02:34.319+0000] {datalake_df2csv.py:72} INFO -   - Tên các cột: ['ticker', 'trading_date', 'open', 'high', 'low', 'close', 'volume']
[2026-04-03T16:02:34.328+0000] {datalake_df2csv.py:73} INFO -   - Kiểu dữ liệu: {'ticker': 'object', 'trading_date': 'object', 'open': 'float64', 'high': 'float64', 'low': 'float64', 'close': 'float64', 'volume': 'int64'}
[2026-04-03T16:02:34.332+0000] {datalake_df2csv.py:74} INFO -   - Bộ nhớ sử dụng: 0.00 MB
[2026-04-03T16:02:34.334+0000] {datalake_df2csv.py:83} INFO -   - Không có giá trị NULL
[2026-04-03T16:02:34.335+0000] {datalake_df2csv.py:86} INFO -   - Mẫu dữ liệu (5 dòng đầu):
[2026-04-03T16:02:34.336+0000] {datalake_df2csv.py:88} INFO -     Row 0: {'ticker': 'DP1', 'trading_date': '2026-04-01', 'open': 34.8, 'high': 34.8, 'low': 32.1, 'close': 32.3, 'volume': 600}
[2026-04-03T16:02:34.339+0000] {datalake_df2csv.py:88} INFO -     Row 1: {'ticker': 'DP1', 'trading_date': '2026-04-02', 'open': 33.2, 'high': 33.2, 'low': 33.2, 'close': 33.2, 'volume': 100}
[2026-04-03T16:02:34.344+0000] {datalake_df2csv.py:88} INFO -     Row 2: {'ticker': 'DP1', 'trading_date': '2026-04-03', 'open': 33.0, 'high': 33.0, 'low': 33.0, 'close': 33.0, 'volume': 100}
[2026-04-03T16:02:34.348+0000] {datalake_df2csv.py:88} INFO -     Row 3: {'ticker': 'PLP', 'trading_date': '2026-04-01', 'open': 5.27, 'high': 5.27, 'low': 5.21, 'close': 5.21, 'volume': 34200}
[2026-04-03T16:02:34.350+0000] {datalake_df2csv.py:88} INFO -     Row 4: {'ticker': 'PLP', 'trading_date': '2026-04-02', 'open': 5.22, 'high': 5.29, 'low': 5.22, 'close': 5.24, 'volume': 11800}
[2026-04-03T16:02:34.351+0000] {datalake_df2csv.py:90} INFO - --------------------------------------------------------------------------------
[2026-04-03T16:02:34.352+0000] {datalake_df2csv.py:93} INFO - 📝 Bước 2: Đang chuyển đổi DataFrame sang CSV...
[2026-04-03T16:02:34.376+0000] {datalake_df2csv.py:97} INFO - ✅ Chuyển đổi CSV thành công!
[2026-04-03T16:02:34.393+0000] {datalake_df2csv.py:98} INFO -   - Kích thước file: 0.00 MB
[2026-04-03T16:02:34.399+0000] {datalake_df2csv.py:99} INFO -   - Thời gian chuyển đổi: 0.02 giây
[2026-04-03T16:02:34.416+0000] {datalake_df2csv.py:100} INFO - --------------------------------------------------------------------------------
[2026-04-03T16:02:34.432+0000] {datalake_df2csv.py:103} INFO - ☁️  Bước 3: Đang upload lên MinIO/S3...
[2026-04-03T16:02:34.473+0000] {base.py:84} INFO - Using connection ID 'minio_finance' for task execution.
[2026-04-03T16:02:34.487+0000] {connection_wrapper.py:384} INFO - AWS Connection (conn_id='minio_finance', conn_type='aws') credentials retrieved from login and password.
[2026-04-03T16:02:37.185+0000] {datalake_df2csv.py:112} INFO -   - Bucket 'thongtin-congty-va-bctc' đã tồn tại
[2026-04-03T16:02:37.367+0000] {datalake_df2csv.py:117} INFO - ✅ Upload thành công!
[2026-04-03T16:02:37.368+0000] {datalake_df2csv.py:118} INFO -   - Đường dẫn: s3://thongtin-congty-va-bctc/daily_price/2026-04-02/batch_35.csv
[2026-04-03T16:02:37.369+0000] {datalake_df2csv.py:119} INFO -   - Số dòng: 15
[2026-04-03T16:02:37.370+0000] {datalake_df2csv.py:120} INFO -   - Thời gian upload: 2.93 giây
[2026-04-03T16:02:37.378+0000] {datalake_df2csv.py:121} INFO - --------------------------------------------------------------------------------
[2026-04-03T16:02:37.379+0000] {datalake_df2csv.py:125} INFO - 📈 TỔNG KẾT:
[2026-04-03T16:02:37.381+0000] {datalake_df2csv.py:126} INFO -   - Tổng thời gian thực thi: 10.50 giây
[2026-04-03T16:02:37.382+0000] {datalake_df2csv.py:127} INFO -   - Tốc độ xử lý: 1 dòng/giây
[2026-04-03T16:02:37.383+0000] {datalake_df2csv.py:128} INFO - ================================================================================
[2026-04-03T16:02:37.383+0000] {datalake_df2csv.py:129} INFO - ✅ HOÀN THÀNH TASK: ingest_daily_price
[2026-04-03T16:02:37.384+0000] {datalake_df2csv.py:130} INFO - ================================================================================
[2026-04-03T16:02:37.387+0000] {taskinstance.py:441} INFO - ::group::Post task execution logs
[2026-04-03T16:02:37.420+0000] {taskinstance.py:1206} INFO - Marking task as SUCCESS. dag_id=daily_price, task_id=ingest_daily_price, run_id=scheduled__2026-04-02T16:00:00+00:00, map_index=35, execution_date=20260402T160000, start_date=20260403T160226, end_date=20260403T160237
[2026-04-03T16:02:37.701+0000] {local_task_job_runner.py:243} INFO - Task exited with return code 0
[2026-04-03T16:02:37.769+0000] {local_task_job_runner.py:222} INFO - ::endgroup::
