[2026-02-26T16:10:10.405+0000] {local_task_job_runner.py:120} INFO - ::group::Pre task execution logs
[2026-02-26T16:10:10.528+0000] {taskinstance.py:2076} INFO - Dependencies all met for dep_context=non-requeueable deps ti=<TaskInstance: daily_price.ingest_daily_price scheduled__2026-02-25T16:00:00+00:00 map_index=286 [queued]>
[2026-02-26T16:10:10.598+0000] {taskinstance.py:2076} INFO - Dependencies all met for dep_context=requeueable deps ti=<TaskInstance: daily_price.ingest_daily_price scheduled__2026-02-25T16:00:00+00:00 map_index=286 [queued]>
[2026-02-26T16:10:10.604+0000] {taskinstance.py:2306} INFO - Starting attempt 1 of 2
[2026-02-26T16:10:10.672+0000] {taskinstance.py:2330} INFO - Executing <Mapped(DfToCsvOperator): ingest_daily_price> on 2026-02-25 16:00:00+00:00
[2026-02-26T16:10:10.689+0000] {warnings.py:112} WARNING - This process (pid=4285) is multi-threaded, use of fork() may lead to deadlocks in the child.

[2026-02-26T16:10:10.692+0000] {standard_task_runner.py:64} INFO - Started process 4320 to run task
[2026-02-26T16:10:10.694+0000] {standard_task_runner.py:90} INFO - Running: ['***', 'tasks', 'run', 'daily_price', 'ingest_daily_price', 'scheduled__2026-02-25T16:00:00+00:00', '--job-id', '27711', '--raw', '--subdir', 'DAGS_FOLDER/dl_dailly_price.py', '--cfg-path', '/tmp/tmpi3b7mi47', '--map-index', '286']
[2026-02-26T16:10:10.702+0000] {standard_task_runner.py:91} INFO - Job 27711: Subtask ingest_daily_price
[2026-02-26T16:10:10.837+0000] {task_command.py:426} INFO - Running <TaskInstance: daily_price.ingest_daily_price scheduled__2026-02-25T16:00:00+00:00 map_index=286 [running]> on host 3712393133aa
[2026-02-26T16:10:11.836+0000] {taskinstance.py:2648} INFO - Exporting env vars: AIRFLOW_CTX_DAG_OWNER='***' AIRFLOW_CTX_DAG_ID='daily_price' AIRFLOW_CTX_TASK_ID='ingest_daily_price' AIRFLOW_CTX_EXECUTION_DATE='2026-02-25T16:00:00+00:00' AIRFLOW_CTX_TRY_NUMBER='1' AIRFLOW_CTX_DAG_RUN_ID='scheduled__2026-02-25T16:00:00+00:00'
[2026-02-26T16:10:11.838+0000] {taskinstance.py:430} INFO - ::endgroup::
[2026-02-26T16:10:11.839+0000] {datalake_df2csv.py:40} INFO - ================================================================================
[2026-02-26T16:10:11.841+0000] {datalake_df2csv.py:41} INFO - 🚀 BẮT ĐẦU TASK: ingest_daily_price
[2026-02-26T16:10:11.842+0000] {datalake_df2csv.py:42} INFO - ================================================================================
[2026-02-26T16:10:11.843+0000] {datalake_df2csv.py:43} INFO - 📋 Thông tin cấu hình:
[2026-02-26T16:10:11.843+0000] {datalake_df2csv.py:44} INFO -   - Logic file: history_price
[2026-02-26T16:10:11.844+0000] {datalake_df2csv.py:45} INFO -   - DataFrame name: get_history_price_batch
[2026-02-26T16:10:11.845+0000] {datalake_df2csv.py:46} INFO -   - Bucket: thongtin-congty-va-bctc
[2026-02-26T16:10:11.845+0000] {datalake_df2csv.py:47} INFO -   - Object path: daily_price/2026-02-25/batch_286.csv
[2026-02-26T16:10:11.846+0000] {datalake_df2csv.py:48} INFO -   - Connection ID: minio_finance
[2026-02-26T16:10:11.846+0000] {datalake_df2csv.py:49} INFO -   - Tham số truyền vào: {'symbols': ['PIS', 'SEP', 'FRT', 'DPG', 'LAS'], 'start_date': '2026-02-25', 'end_date': '2026-02-26'}
[2026-02-26T16:10:11.847+0000] {datalake_df2csv.py:50} INFO - --------------------------------------------------------------------------------
[2026-02-26T16:10:11.847+0000] {datalake_df2csv.py:54} INFO - 📥 Bước 1: Đang load dữ liệu từ logic file...
[2026-02-26T16:10:11.862+0000] {datalake_df2csv.py:148} INFO -   - Logic directory: /opt/airflow/plugins/logic
[2026-02-26T16:10:11.864+0000] {datalake_df2csv.py:149} INFO -   - Module path: /opt/airflow/plugins/logic/history_price.py
[2026-02-26T16:10:11.865+0000] {datalake_df2csv.py:153} INFO -   - Đã thêm logic directory vào sys.path
[2026-02-26T16:10:11.867+0000] {datalake_df2csv.py:159} INFO -   - Đang load module 'history_price'...
[2026-02-26T16:10:11.877+0000] {datalake_df2csv.py:163} INFO -   - ✅ Module loaded thành công
[2026-02-26T16:10:11.890+0000] {datalake_df2csv.py:165} INFO -   - Đang tìm DataFrame/function: 'get_history_price_batch'...
[2026-02-26T16:10:11.891+0000] {datalake_df2csv.py:170} INFO -   - ✅ Tìm thấy object: function
[2026-02-26T16:10:11.898+0000] {datalake_df2csv.py:173} INFO -   - Đang gọi function với tham số: {'symbols': ['PIS', 'SEP', 'FRT', 'DPG', 'LAS'], 'start_date': '2026-02-25', 'end_date': '2026-02-26'}
[2026-02-26T16:10:17.633+0000] {datalake_df2csv.py:68} INFO - ✅ Load dữ liệu thành công!
[2026-02-26T16:10:17.634+0000] {datalake_df2csv.py:69} INFO - 📊 Thông tin DataFrame:
[2026-02-26T16:10:17.635+0000] {datalake_df2csv.py:70} INFO -   - Số dòng: 20
[2026-02-26T16:10:17.636+0000] {datalake_df2csv.py:71} INFO -   - Số cột: 7
[2026-02-26T16:10:17.636+0000] {datalake_df2csv.py:72} INFO -   - Tên các cột: ['ticker', 'trading_date', 'open', 'high', 'low', 'close', 'volume']
[2026-02-26T16:10:17.637+0000] {datalake_df2csv.py:73} INFO -   - Kiểu dữ liệu: {'ticker': 'object', 'trading_date': 'object', 'open': 'float64', 'high': 'float64', 'low': 'float64', 'close': 'float64', 'volume': 'int64'}
[2026-02-26T16:10:17.642+0000] {datalake_df2csv.py:74} INFO -   - Bộ nhớ sử dụng: 0.00 MB
[2026-02-26T16:10:17.644+0000] {datalake_df2csv.py:83} INFO -   - Không có giá trị NULL
[2026-02-26T16:10:17.645+0000] {datalake_df2csv.py:86} INFO -   - Mẫu dữ liệu (5 dòng đầu):
[2026-02-26T16:10:17.646+0000] {datalake_df2csv.py:88} INFO -     Row 0: {'ticker': 'PIS', 'trading_date': '2025-12-04', 'open': 12.3, 'high': 12.3, 'low': 12.3, 'close': 12.3, 'volume': 100}
[2026-02-26T16:10:17.647+0000] {datalake_df2csv.py:88} INFO -     Row 1: {'ticker': 'PIS', 'trading_date': '2025-12-05', 'open': 10.7, 'high': 10.7, 'low': 10.7, 'close': 10.7, 'volume': 100}
[2026-02-26T16:10:17.648+0000] {datalake_df2csv.py:88} INFO -     Row 2: {'ticker': 'PIS', 'trading_date': '2025-12-17', 'open': 12.3, 'high': 12.3, 'low': 12.3, 'close': 12.3, 'volume': 200}
[2026-02-26T16:10:17.649+0000] {datalake_df2csv.py:88} INFO -     Row 3: {'ticker': 'PIS', 'trading_date': '2025-12-23', 'open': 10.5, 'high': 10.5, 'low': 10.5, 'close': 10.5, 'volume': 100}
[2026-02-26T16:10:17.649+0000] {datalake_df2csv.py:88} INFO -     Row 4: {'ticker': 'SEP', 'trading_date': '2026-02-03', 'open': 17.2, 'high': 17.2, 'low': 17.2, 'close': 17.2, 'volume': 100}
[2026-02-26T16:10:17.650+0000] {datalake_df2csv.py:90} INFO - --------------------------------------------------------------------------------
[2026-02-26T16:10:17.650+0000] {datalake_df2csv.py:93} INFO - 📝 Bước 2: Đang chuyển đổi DataFrame sang CSV...
[2026-02-26T16:10:17.657+0000] {datalake_df2csv.py:97} INFO - ✅ Chuyển đổi CSV thành công!
[2026-02-26T16:10:17.658+0000] {datalake_df2csv.py:98} INFO -   - Kích thước file: 0.00 MB
[2026-02-26T16:10:17.658+0000] {datalake_df2csv.py:99} INFO -   - Thời gian chuyển đổi: 0.01 giây
[2026-02-26T16:10:17.658+0000] {datalake_df2csv.py:100} INFO - --------------------------------------------------------------------------------
[2026-02-26T16:10:17.659+0000] {datalake_df2csv.py:103} INFO - ☁️  Bước 3: Đang upload lên MinIO/S3...
[2026-02-26T16:10:17.672+0000] {base.py:84} INFO - Using connection ID 'minio_finance' for task execution.
[2026-02-26T16:10:17.673+0000] {connection_wrapper.py:384} INFO - AWS Connection (conn_id='minio_finance', conn_type='aws') credentials retrieved from login and password.
[2026-02-26T16:10:18.880+0000] {datalake_df2csv.py:112} INFO -   - Bucket 'thongtin-congty-va-bctc' đã tồn tại
[2026-02-26T16:10:19.025+0000] {datalake_df2csv.py:117} INFO - ✅ Upload thành công!
[2026-02-26T16:10:19.027+0000] {datalake_df2csv.py:118} INFO -   - Đường dẫn: s3://thongtin-congty-va-bctc/daily_price/2026-02-25/batch_286.csv
[2026-02-26T16:10:19.028+0000] {datalake_df2csv.py:119} INFO -   - Số dòng: 20
[2026-02-26T16:10:19.034+0000] {datalake_df2csv.py:120} INFO -   - Thời gian upload: 1.37 giây
[2026-02-26T16:10:19.035+0000] {datalake_df2csv.py:121} INFO - --------------------------------------------------------------------------------
[2026-02-26T16:10:19.036+0000] {datalake_df2csv.py:125} INFO - 📈 TỔNG KẾT:
[2026-02-26T16:10:19.036+0000] {datalake_df2csv.py:126} INFO -   - Tổng thời gian thực thi: 7.20 giây
[2026-02-26T16:10:19.037+0000] {datalake_df2csv.py:127} INFO -   - Tốc độ xử lý: 3 dòng/giây
[2026-02-26T16:10:19.039+0000] {datalake_df2csv.py:128} INFO - ================================================================================
[2026-02-26T16:10:19.040+0000] {datalake_df2csv.py:129} INFO - ✅ HOÀN THÀNH TASK: ingest_daily_price
[2026-02-26T16:10:19.042+0000] {datalake_df2csv.py:130} INFO - ================================================================================
[2026-02-26T16:10:19.044+0000] {taskinstance.py:441} INFO - ::group::Post task execution logs
[2026-02-26T16:10:19.072+0000] {taskinstance.py:1206} INFO - Marking task as SUCCESS. dag_id=daily_price, task_id=ingest_daily_price, run_id=scheduled__2026-02-25T16:00:00+00:00, map_index=286, execution_date=20260225T160000, start_date=20260226T161010, end_date=20260226T161019
[2026-02-26T16:10:19.172+0000] {local_task_job_runner.py:243} INFO - Task exited with return code 0
[2026-02-26T16:10:19.207+0000] {taskinstance.py:3503} INFO - 0 downstream tasks scheduled from follow-on schedule check
[2026-02-26T16:10:19.213+0000] {local_task_job_runner.py:222} INFO - ::endgroup::
