[2026-04-28T01:51:47.488+0000] {local_task_job_runner.py:120} INFO - ::group::Pre task execution logs
[2026-04-28T01:51:47.636+0000] {taskinstance.py:2076} INFO - Dependencies all met for dep_context=non-requeueable deps ti=<TaskInstance: daily_price.ingest_daily_price scheduled__2026-04-24T16:00:00+00:00 map_index=178 [queued]>
[2026-04-28T01:51:47.715+0000] {taskinstance.py:2076} INFO - Dependencies all met for dep_context=requeueable deps ti=<TaskInstance: daily_price.ingest_daily_price scheduled__2026-04-24T16:00:00+00:00 map_index=178 [queued]>
[2026-04-28T01:51:47.720+0000] {taskinstance.py:2306} INFO - Starting attempt 1 of 2
[2026-04-28T01:51:47.752+0000] {taskinstance.py:2330} INFO - Executing <Mapped(DfToCsvOperator): ingest_daily_price> on 2026-04-24 16:00:00+00:00
[2026-04-28T01:51:47.781+0000] {warnings.py:112} WARNING - This process (pid=1439) is multi-threaded, use of fork() may lead to deadlocks in the child.

[2026-04-28T01:51:47.783+0000] {standard_task_runner.py:64} INFO - Started process 1519 to run task
[2026-04-28T01:51:47.846+0000] {standard_task_runner.py:90} INFO - Running: ['***', 'tasks', 'run', 'daily_price', 'ingest_daily_price', 'scheduled__2026-04-24T16:00:00+00:00', '--job-id', '45623', '--raw', '--subdir', 'DAGS_FOLDER/dl_dailly_price.py', '--cfg-path', '/tmp/tmpkdeqog38', '--map-index', '178']
[2026-04-28T01:51:47.864+0000] {standard_task_runner.py:91} INFO - Job 45623: Subtask ingest_daily_price
[2026-04-28T01:51:48.248+0000] {task_command.py:426} INFO - Running <TaskInstance: daily_price.ingest_daily_price scheduled__2026-04-24T16:00:00+00:00 map_index=178 [running]> on host 2c72c62453dc
[2026-04-28T01:51:50.802+0000] {taskinstance.py:2648} INFO - Exporting env vars: AIRFLOW_CTX_DAG_OWNER='***' AIRFLOW_CTX_DAG_ID='daily_price' AIRFLOW_CTX_TASK_ID='ingest_daily_price' AIRFLOW_CTX_EXECUTION_DATE='2026-04-24T16:00:00+00:00' AIRFLOW_CTX_TRY_NUMBER='1' AIRFLOW_CTX_DAG_RUN_ID='scheduled__2026-04-24T16:00:00+00:00'
[2026-04-28T01:51:50.810+0000] {taskinstance.py:430} INFO - ::endgroup::
[2026-04-28T01:51:50.813+0000] {datalake_df2csv.py:40} INFO - ================================================================================
[2026-04-28T01:51:50.838+0000] {datalake_df2csv.py:41} INFO - 🚀 BẮT ĐẦU TASK: ingest_daily_price
[2026-04-28T01:51:50.847+0000] {datalake_df2csv.py:42} INFO - ================================================================================
[2026-04-28T01:51:50.851+0000] {datalake_df2csv.py:43} INFO - 📋 Thông tin cấu hình:
[2026-04-28T01:51:50.874+0000] {datalake_df2csv.py:44} INFO -   - Logic file: history_price
[2026-04-28T01:51:50.876+0000] {datalake_df2csv.py:45} INFO -   - DataFrame name: get_history_price_batch
[2026-04-28T01:51:50.878+0000] {datalake_df2csv.py:46} INFO -   - Bucket: thongtin-congty-va-bctc
[2026-04-28T01:51:50.901+0000] {datalake_df2csv.py:47} INFO -   - Object path: daily_price/2026-04-24/batch_178.csv
[2026-04-28T01:51:50.918+0000] {datalake_df2csv.py:48} INFO -   - Connection ID: minio_finance
[2026-04-28T01:51:50.921+0000] {datalake_df2csv.py:49} INFO -   - Tham số truyền vào: {'symbols': ['LNC', 'VCI', 'SMC', 'CHC', 'EVF'], 'start_date': '2026-04-24', 'end_date': '2026-04-25'}
[2026-04-28T01:51:50.929+0000] {datalake_df2csv.py:50} INFO - --------------------------------------------------------------------------------
[2026-04-28T01:51:50.934+0000] {datalake_df2csv.py:54} INFO - 📥 Bước 1: Đang load dữ liệu từ logic file...
[2026-04-28T01:51:51.025+0000] {datalake_df2csv.py:148} INFO -   - Logic directory: /opt/airflow/plugins/logic
[2026-04-28T01:51:51.076+0000] {datalake_df2csv.py:149} INFO -   - Module path: /opt/airflow/plugins/logic/history_price.py
[2026-04-28T01:51:51.084+0000] {datalake_df2csv.py:153} INFO -   - Đã thêm logic directory vào sys.path
[2026-04-28T01:51:51.100+0000] {datalake_df2csv.py:159} INFO -   - Đang load module 'history_price'...
[2026-04-28T01:51:51.125+0000] {datalake_df2csv.py:163} INFO -   - ✅ Module loaded thành công
[2026-04-28T01:51:51.127+0000] {datalake_df2csv.py:165} INFO -   - Đang tìm DataFrame/function: 'get_history_price_batch'...
[2026-04-28T01:51:51.129+0000] {datalake_df2csv.py:170} INFO -   - ✅ Tìm thấy object: function
[2026-04-28T01:51:51.131+0000] {datalake_df2csv.py:173} INFO -   - Đang gọi function với tham số: {'symbols': ['LNC', 'VCI', 'SMC', 'CHC', 'EVF'], 'start_date': '2026-04-24', 'end_date': '2026-04-25'}
[2026-04-28T01:52:03.753+0000] {datalake_df2csv.py:68} INFO - ✅ Load dữ liệu thành công!
[2026-04-28T01:52:03.765+0000] {datalake_df2csv.py:69} INFO - 📊 Thông tin DataFrame:
[2026-04-28T01:52:03.768+0000] {datalake_df2csv.py:70} INFO -   - Số dòng: 10
[2026-04-28T01:52:03.778+0000] {datalake_df2csv.py:71} INFO -   - Số cột: 7
[2026-04-28T01:52:03.782+0000] {datalake_df2csv.py:72} INFO -   - Tên các cột: ['ticker', 'trading_date', 'open', 'high', 'low', 'close', 'volume']
[2026-04-28T01:52:03.792+0000] {datalake_df2csv.py:73} INFO -   - Kiểu dữ liệu: {'ticker': 'object', 'trading_date': 'object', 'open': 'float64', 'high': 'float64', 'low': 'float64', 'close': 'float64', 'volume': 'int64'}
[2026-04-28T01:52:03.818+0000] {datalake_df2csv.py:74} INFO -   - Bộ nhớ sử dụng: 0.00 MB
[2026-04-28T01:52:03.831+0000] {datalake_df2csv.py:83} INFO -   - Không có giá trị NULL
[2026-04-28T01:52:03.844+0000] {datalake_df2csv.py:86} INFO -   - Mẫu dữ liệu (5 dòng đầu):
[2026-04-28T01:52:03.854+0000] {datalake_df2csv.py:88} INFO -     Row 0: {'ticker': 'LNC', 'trading_date': '2025-10-13', 'open': 4.0, 'high': 4.0, 'low': 4.0, 'close': 4.0, 'volume': 0}
[2026-04-28T01:52:03.859+0000] {datalake_df2csv.py:88} INFO -     Row 1: {'ticker': 'LNC', 'trading_date': '2025-10-14', 'open': 4.0, 'high': 4.0, 'low': 4.0, 'close': 4.0, 'volume': 0}
[2026-04-28T01:52:03.875+0000] {datalake_df2csv.py:88} INFO -     Row 2: {'ticker': 'VCI', 'trading_date': '2026-04-23', 'open': 26.6, 'high': 27.25, 'low': 26.4, 'close': 27.15, 'volume': 7864900}
[2026-04-28T01:52:03.879+0000] {datalake_df2csv.py:88} INFO -     Row 3: {'ticker': 'VCI', 'trading_date': '2026-04-24', 'open': 27.15, 'high': 27.15, 'low': 26.7, 'close': 27.0, 'volume': 3495900}
[2026-04-28T01:52:03.895+0000] {datalake_df2csv.py:88} INFO -     Row 4: {'ticker': 'SMC', 'trading_date': '2026-04-23', 'open': 13.15, 'high': 13.3, 'low': 12.7, 'close': 12.75, 'volume': 377000}
[2026-04-28T01:52:03.898+0000] {datalake_df2csv.py:90} INFO - --------------------------------------------------------------------------------
[2026-04-28T01:52:03.904+0000] {datalake_df2csv.py:93} INFO - 📝 Bước 2: Đang chuyển đổi DataFrame sang CSV...
[2026-04-28T01:52:03.989+0000] {datalake_df2csv.py:97} INFO - ✅ Chuyển đổi CSV thành công!
[2026-04-28T01:52:03.990+0000] {datalake_df2csv.py:98} INFO -   - Kích thước file: 0.00 MB
[2026-04-28T01:52:03.996+0000] {datalake_df2csv.py:99} INFO -   - Thời gian chuyển đổi: 0.08 giây
[2026-04-28T01:52:04.010+0000] {datalake_df2csv.py:100} INFO - --------------------------------------------------------------------------------
[2026-04-28T01:52:04.010+0000] {datalake_df2csv.py:103} INFO - ☁️  Bước 3: Đang upload lên MinIO/S3...
[2026-04-28T01:52:04.223+0000] {base.py:84} INFO - Using connection ID 'minio_finance' for task execution.
[2026-04-28T01:52:04.270+0000] {connection_wrapper.py:384} INFO - AWS Connection (conn_id='minio_finance', conn_type='aws') credentials retrieved from login and password.
[2026-04-28T01:52:10.395+0000] {datalake_df2csv.py:112} INFO -   - Bucket 'thongtin-congty-va-bctc' đã tồn tại
[2026-04-28T01:52:11.009+0000] {datalake_df2csv.py:117} INFO - ✅ Upload thành công!
[2026-04-28T01:52:11.011+0000] {datalake_df2csv.py:118} INFO -   - Đường dẫn: s3://thongtin-congty-va-bctc/daily_price/2026-04-24/batch_178.csv
[2026-04-28T01:52:11.012+0000] {datalake_df2csv.py:119} INFO -   - Số dòng: 10
[2026-04-28T01:52:11.013+0000] {datalake_df2csv.py:120} INFO -   - Thời gian upload: 6.98 giây
[2026-04-28T01:52:11.015+0000] {datalake_df2csv.py:121} INFO - --------------------------------------------------------------------------------
[2026-04-28T01:52:11.016+0000] {datalake_df2csv.py:125} INFO - 📈 TỔNG KẾT:
[2026-04-28T01:52:11.016+0000] {datalake_df2csv.py:126} INFO -   - Tổng thời gian thực thi: 20.20 giây
[2026-04-28T01:52:11.017+0000] {datalake_df2csv.py:127} INFO -   - Tốc độ xử lý: 0 dòng/giây
[2026-04-28T01:52:11.018+0000] {datalake_df2csv.py:128} INFO - ================================================================================
[2026-04-28T01:52:11.018+0000] {datalake_df2csv.py:129} INFO - ✅ HOÀN THÀNH TASK: ingest_daily_price
[2026-04-28T01:52:11.019+0000] {datalake_df2csv.py:130} INFO - ================================================================================
[2026-04-28T01:52:11.028+0000] {taskinstance.py:441} INFO - ::group::Post task execution logs
[2026-04-28T01:52:11.237+0000] {taskinstance.py:1206} INFO - Marking task as SUCCESS. dag_id=daily_price, task_id=ingest_daily_price, run_id=scheduled__2026-04-24T16:00:00+00:00, map_index=178, execution_date=20260424T160000, start_date=20260428T015147, end_date=20260428T015211
[2026-04-28T01:52:20.015+0000] {local_task_job_runner.py:243} INFO - Task exited with return code 0
[2026-04-28T01:52:20.966+0000] {taskinstance.py:3503} INFO - 0 downstream tasks scheduled from follow-on schedule check
[2026-04-28T01:52:20.997+0000] {local_task_job_runner.py:222} INFO - ::endgroup::
