[2026-03-11T14:06:09.026+0000] {local_task_job_runner.py:120} INFO - ::group::Pre task execution logs
[2026-03-11T14:06:09.074+0000] {taskinstance.py:2076} INFO - Dependencies all met for dep_context=non-requeueable deps ti=<TaskInstance: daily_price.ingest_daily_price scheduled__2026-03-09T16:00:00+00:00 map_index=177 [queued]>
[2026-03-11T14:06:09.105+0000] {taskinstance.py:2076} INFO - Dependencies all met for dep_context=requeueable deps ti=<TaskInstance: daily_price.ingest_daily_price scheduled__2026-03-09T16:00:00+00:00 map_index=177 [queued]>
[2026-03-11T14:06:09.106+0000] {taskinstance.py:2306} INFO - Starting attempt 1 of 2
[2026-03-11T14:06:09.129+0000] {taskinstance.py:2330} INFO - Executing <Mapped(DfToCsvOperator): ingest_daily_price> on 2026-03-09 16:00:00+00:00
[2026-03-11T14:06:09.148+0000] {warnings.py:112} WARNING - This process (pid=2002) is multi-threaded, use of fork() may lead to deadlocks in the child.

[2026-03-11T14:06:09.150+0000] {standard_task_runner.py:64} INFO - Started process 2049 to run task
[2026-03-11T14:06:09.153+0000] {standard_task_runner.py:90} INFO - Running: ['***', 'tasks', 'run', 'daily_price', 'ingest_daily_price', 'scheduled__2026-03-09T16:00:00+00:00', '--job-id', '32405', '--raw', '--subdir', 'DAGS_FOLDER/dl_dailly_price.py', '--cfg-path', '/tmp/tmpcllbrsly', '--map-index', '177']
[2026-03-11T14:06:09.160+0000] {standard_task_runner.py:91} INFO - Job 32405: Subtask ingest_daily_price
[2026-03-11T14:06:09.243+0000] {task_command.py:426} INFO - Running <TaskInstance: daily_price.ingest_daily_price scheduled__2026-03-09T16:00:00+00:00 map_index=177 [running]> on host cacf55f14a1e
[2026-03-11T14:06:09.846+0000] {taskinstance.py:2648} INFO - Exporting env vars: AIRFLOW_CTX_DAG_OWNER='***' AIRFLOW_CTX_DAG_ID='daily_price' AIRFLOW_CTX_TASK_ID='ingest_daily_price' AIRFLOW_CTX_EXECUTION_DATE='2026-03-09T16:00:00+00:00' AIRFLOW_CTX_TRY_NUMBER='1' AIRFLOW_CTX_DAG_RUN_ID='scheduled__2026-03-09T16:00:00+00:00'
[2026-03-11T14:06:09.847+0000] {taskinstance.py:430} INFO - ::endgroup::
[2026-03-11T14:06:09.848+0000] {datalake_df2csv.py:40} INFO - ================================================================================
[2026-03-11T14:06:09.849+0000] {datalake_df2csv.py:41} INFO - 🚀 BẮT ĐẦU TASK: ingest_daily_price
[2026-03-11T14:06:09.849+0000] {datalake_df2csv.py:42} INFO - ================================================================================
[2026-03-11T14:06:09.850+0000] {datalake_df2csv.py:43} INFO - 📋 Thông tin cấu hình:
[2026-03-11T14:06:09.850+0000] {datalake_df2csv.py:44} INFO -   - Logic file: history_price
[2026-03-11T14:06:09.851+0000] {datalake_df2csv.py:45} INFO -   - DataFrame name: get_history_price_batch
[2026-03-11T14:06:09.851+0000] {datalake_df2csv.py:46} INFO -   - Bucket: thongtin-congty-va-bctc
[2026-03-11T14:06:09.852+0000] {datalake_df2csv.py:47} INFO -   - Object path: daily_price/2026-03-09/batch_177.csv
[2026-03-11T14:06:09.852+0000] {datalake_df2csv.py:48} INFO -   - Connection ID: minio_finance
[2026-03-11T14:06:09.853+0000] {datalake_df2csv.py:49} INFO -   - Tham số truyền vào: {'symbols': ['TOS', 'VTP', 'IN4', 'DSD', 'VTX'], 'start_date': '2026-03-09', 'end_date': '2026-03-10'}
[2026-03-11T14:06:09.853+0000] {datalake_df2csv.py:50} INFO - --------------------------------------------------------------------------------
[2026-03-11T14:06:09.854+0000] {datalake_df2csv.py:54} INFO - 📥 Bước 1: Đang load dữ liệu từ logic file...
[2026-03-11T14:06:09.859+0000] {datalake_df2csv.py:148} INFO -   - Logic directory: /opt/airflow/plugins/logic
[2026-03-11T14:06:09.860+0000] {datalake_df2csv.py:149} INFO -   - Module path: /opt/airflow/plugins/logic/history_price.py
[2026-03-11T14:06:09.862+0000] {datalake_df2csv.py:153} INFO -   - Đã thêm logic directory vào sys.path
[2026-03-11T14:06:09.864+0000] {datalake_df2csv.py:159} INFO -   - Đang load module 'history_price'...
[2026-03-11T14:06:09.870+0000] {datalake_df2csv.py:163} INFO -   - ✅ Module loaded thành công
[2026-03-11T14:06:09.871+0000] {datalake_df2csv.py:165} INFO -   - Đang tìm DataFrame/function: 'get_history_price_batch'...
[2026-03-11T14:06:09.872+0000] {datalake_df2csv.py:170} INFO -   - ✅ Tìm thấy object: function
[2026-03-11T14:06:09.872+0000] {datalake_df2csv.py:173} INFO -   - Đang gọi function với tham số: {'symbols': ['TOS', 'VTP', 'IN4', 'DSD', 'VTX'], 'start_date': '2026-03-09', 'end_date': '2026-03-10'}
[2026-03-11T14:06:30.643+0000] {datalake_df2csv.py:68} INFO - ✅ Load dữ liệu thành công!
[2026-03-11T14:06:30.644+0000] {datalake_df2csv.py:69} INFO - 📊 Thông tin DataFrame:
[2026-03-11T14:06:30.645+0000] {datalake_df2csv.py:70} INFO -   - Số dòng: 20
[2026-03-11T14:06:30.646+0000] {datalake_df2csv.py:71} INFO -   - Số cột: 7
[2026-03-11T14:06:30.646+0000] {datalake_df2csv.py:72} INFO -   - Tên các cột: ['ticker', 'trading_date', 'open', 'high', 'low', 'close', 'volume']
[2026-03-11T14:06:30.647+0000] {datalake_df2csv.py:73} INFO -   - Kiểu dữ liệu: {'ticker': 'object', 'trading_date': 'object', 'open': 'float64', 'high': 'float64', 'low': 'float64', 'close': 'float64', 'volume': 'int64'}
[2026-03-11T14:06:30.651+0000] {datalake_df2csv.py:74} INFO -   - Bộ nhớ sử dụng: 0.00 MB
[2026-03-11T14:06:30.654+0000] {datalake_df2csv.py:83} INFO -   - Không có giá trị NULL
[2026-03-11T14:06:30.655+0000] {datalake_df2csv.py:86} INFO -   - Mẫu dữ liệu (5 dòng đầu):
[2026-03-11T14:06:30.656+0000] {datalake_df2csv.py:88} INFO -     Row 0: {'ticker': 'TOS', 'trading_date': '2026-03-06', 'open': 175.0, 'high': 175.0, 'low': 168.3, 'close': 173.9, 'volume': 29300}
[2026-03-11T14:06:30.657+0000] {datalake_df2csv.py:88} INFO -     Row 1: {'ticker': 'TOS', 'trading_date': '2026-03-09', 'open': 171.5, 'high': 171.5, 'low': 152.1, 'close': 153.5, 'volume': 86500}
[2026-03-11T14:06:30.657+0000] {datalake_df2csv.py:88} INFO -     Row 2: {'ticker': 'TOS', 'trading_date': '2026-03-10', 'open': 159.9, 'high': 171.6, 'low': 159.9, 'close': 164.5, 'volume': 45300}
[2026-03-11T14:06:30.658+0000] {datalake_df2csv.py:88} INFO -     Row 3: {'ticker': 'TOS', 'trading_date': '2026-03-11', 'open': 169.0, 'high': 170.0, 'low': 166.0, 'close': 167.1, 'volume': 15500}
[2026-03-11T14:06:30.659+0000] {datalake_df2csv.py:88} INFO -     Row 4: {'ticker': 'VTP', 'trading_date': '2026-03-06', 'open': 100.6, 'high': 100.6, 'low': 97.6, 'close': 97.6, 'volume': 537300}
[2026-03-11T14:06:30.660+0000] {datalake_df2csv.py:90} INFO - --------------------------------------------------------------------------------
[2026-03-11T14:06:30.660+0000] {datalake_df2csv.py:93} INFO - 📝 Bước 2: Đang chuyển đổi DataFrame sang CSV...
[2026-03-11T14:06:30.665+0000] {datalake_df2csv.py:97} INFO - ✅ Chuyển đổi CSV thành công!
[2026-03-11T14:06:30.666+0000] {datalake_df2csv.py:98} INFO -   - Kích thước file: 0.00 MB
[2026-03-11T14:06:30.666+0000] {datalake_df2csv.py:99} INFO -   - Thời gian chuyển đổi: 0.00 giây
[2026-03-11T14:06:30.667+0000] {datalake_df2csv.py:100} INFO - --------------------------------------------------------------------------------
[2026-03-11T14:06:30.668+0000] {datalake_df2csv.py:103} INFO - ☁️  Bước 3: Đang upload lên MinIO/S3...
[2026-03-11T14:06:30.681+0000] {base.py:84} INFO - Using connection ID 'minio_finance' for task execution.
[2026-03-11T14:06:30.682+0000] {connection_wrapper.py:384} INFO - AWS Connection (conn_id='minio_finance', conn_type='aws') credentials retrieved from login and password.
[2026-03-11T14:06:31.167+0000] {datalake_df2csv.py:112} INFO -   - Bucket 'thongtin-congty-va-bctc' đã tồn tại
[2026-03-11T14:06:31.205+0000] {datalake_df2csv.py:117} INFO - ✅ Upload thành công!
[2026-03-11T14:06:31.205+0000] {datalake_df2csv.py:118} INFO -   - Đường dẫn: s3://thongtin-congty-va-bctc/daily_price/2026-03-09/batch_177.csv
[2026-03-11T14:06:31.206+0000] {datalake_df2csv.py:119} INFO -   - Số dòng: 20
[2026-03-11T14:06:31.206+0000] {datalake_df2csv.py:120} INFO -   - Thời gian upload: 0.54 giây
[2026-03-11T14:06:31.206+0000] {datalake_df2csv.py:121} INFO - --------------------------------------------------------------------------------
[2026-03-11T14:06:31.207+0000] {datalake_df2csv.py:125} INFO - 📈 TỔNG KẾT:
[2026-03-11T14:06:31.207+0000] {datalake_df2csv.py:126} INFO -   - Tổng thời gian thực thi: 21.36 giây
[2026-03-11T14:06:31.208+0000] {datalake_df2csv.py:127} INFO -   - Tốc độ xử lý: 1 dòng/giây
[2026-03-11T14:06:31.208+0000] {datalake_df2csv.py:128} INFO - ================================================================================
[2026-03-11T14:06:31.209+0000] {datalake_df2csv.py:129} INFO - ✅ HOÀN THÀNH TASK: ingest_daily_price
[2026-03-11T14:06:31.209+0000] {datalake_df2csv.py:130} INFO - ================================================================================
[2026-03-11T14:06:31.210+0000] {taskinstance.py:441} INFO - ::group::Post task execution logs
[2026-03-11T14:06:31.221+0000] {taskinstance.py:1206} INFO - Marking task as SUCCESS. dag_id=daily_price, task_id=ingest_daily_price, run_id=scheduled__2026-03-09T16:00:00+00:00, map_index=177, execution_date=20260309T160000, start_date=20260311T140609, end_date=20260311T140631
[2026-03-11T14:06:31.298+0000] {local_task_job_runner.py:243} INFO - Task exited with return code 0
[2026-03-11T14:06:31.317+0000] {taskinstance.py:3503} INFO - 0 downstream tasks scheduled from follow-on schedule check
[2026-03-11T14:06:31.322+0000] {local_task_job_runner.py:222} INFO - ::endgroup::
