[2026-03-22T14:03:33.774+0000] {local_task_job_runner.py:120} INFO - ::group::Pre task execution logs
[2026-03-22T14:03:33.822+0000] {taskinstance.py:2076} INFO - Dependencies all met for dep_context=non-requeueable deps ti=<TaskInstance: financial_ratios.ingest_financial_ratios scheduled__2026-03-15T02:00:00+00:00 map_index=545 [queued]>
[2026-03-22T14:03:34.001+0000] {taskinstance.py:2076} INFO - Dependencies all met for dep_context=requeueable deps ti=<TaskInstance: financial_ratios.ingest_financial_ratios scheduled__2026-03-15T02:00:00+00:00 map_index=545 [queued]>
[2026-03-22T14:03:34.002+0000] {taskinstance.py:2306} INFO - Starting attempt 1 of 2
[2026-03-22T14:03:34.016+0000] {taskinstance.py:2330} INFO - Executing <Mapped(DfToCsvOperator): ingest_financial_ratios> on 2026-03-15 02:00:00+00:00
[2026-03-22T14:03:34.027+0000] {warnings.py:112} WARNING - This process (pid=5158) is multi-threaded, use of fork() may lead to deadlocks in the child.

[2026-03-22T14:03:34.028+0000] {standard_task_runner.py:64} INFO - Started process 5168 to run task
[2026-03-22T14:03:34.031+0000] {standard_task_runner.py:90} INFO - Running: ['***', 'tasks', 'run', 'financial_ratios', 'ingest_financial_ratios', 'scheduled__2026-03-15T02:00:00+00:00', '--job-id', '35391', '--raw', '--subdir', 'DAGS_FOLDER/dl_financial_ratios.py', '--cfg-path', '/tmp/tmpxvxzq5b8', '--map-index', '545']
[2026-03-22T14:03:34.036+0000] {standard_task_runner.py:91} INFO - Job 35391: Subtask ingest_financial_ratios
[2026-03-22T14:03:34.094+0000] {task_command.py:426} INFO - Running <TaskInstance: financial_ratios.ingest_financial_ratios scheduled__2026-03-15T02:00:00+00:00 map_index=545 [running]> on host b3b67f16e0e2
[2026-03-22T14:03:34.211+0000] {taskinstance.py:2648} INFO - Exporting env vars: AIRFLOW_CTX_DAG_OWNER='***' AIRFLOW_CTX_DAG_ID='financial_ratios' AIRFLOW_CTX_TASK_ID='ingest_financial_ratios' AIRFLOW_CTX_EXECUTION_DATE='2026-03-15T02:00:00+00:00' AIRFLOW_CTX_TRY_NUMBER='1' AIRFLOW_CTX_DAG_RUN_ID='scheduled__2026-03-15T02:00:00+00:00'
[2026-03-22T14:03:34.212+0000] {taskinstance.py:430} INFO - ::endgroup::
[2026-03-22T14:03:34.213+0000] {datalake_df2csv.py:40} INFO - ================================================================================
[2026-03-22T14:03:34.213+0000] {datalake_df2csv.py:41} INFO - 🚀 BẮT ĐẦU TASK: ingest_financial_ratios
[2026-03-22T14:03:34.214+0000] {datalake_df2csv.py:42} INFO - ================================================================================
[2026-03-22T14:03:34.214+0000] {datalake_df2csv.py:43} INFO - 📋 Thông tin cấu hình:
[2026-03-22T14:03:34.214+0000] {datalake_df2csv.py:44} INFO -   - Logic file: financial_ratios
[2026-03-22T14:03:34.215+0000] {datalake_df2csv.py:45} INFO -   - DataFrame name: get_financial_ratios_batch
[2026-03-22T14:03:34.215+0000] {datalake_df2csv.py:46} INFO -   - Bucket: thongtin-congty-va-bctc
[2026-03-22T14:03:34.215+0000] {datalake_df2csv.py:47} INFO -   - Object path: financial_ratios/2026-03-15/batch_545.csv
[2026-03-22T14:03:34.215+0000] {datalake_df2csv.py:48} INFO -   - Connection ID: minio_finance
[2026-03-22T14:03:34.216+0000] {datalake_df2csv.py:49} INFO -   - Tham số truyền vào: {'symbols': ['NVB', 'VE8'], 'period': 'quarter'}
[2026-03-22T14:03:34.216+0000] {datalake_df2csv.py:50} INFO - --------------------------------------------------------------------------------
[2026-03-22T14:03:34.216+0000] {datalake_df2csv.py:54} INFO - 📥 Bước 1: Đang load dữ liệu từ logic file...
[2026-03-22T14:03:34.219+0000] {datalake_df2csv.py:148} INFO -   - Logic directory: /opt/airflow/plugins/logic
[2026-03-22T14:03:34.221+0000] {datalake_df2csv.py:149} INFO -   - Module path: /opt/airflow/plugins/logic/financial_ratios.py
[2026-03-22T14:03:34.221+0000] {datalake_df2csv.py:153} INFO -   - Đã thêm logic directory vào sys.path
[2026-03-22T14:03:34.222+0000] {datalake_df2csv.py:159} INFO -   - Đang load module 'financial_ratios'...
[2026-03-22T14:03:34.226+0000] {datalake_df2csv.py:163} INFO -   - ✅ Module loaded thành công
[2026-03-22T14:03:34.226+0000] {datalake_df2csv.py:165} INFO -   - Đang tìm DataFrame/function: 'get_financial_ratios_batch'...
[2026-03-22T14:03:34.226+0000] {datalake_df2csv.py:170} INFO -   - ✅ Tìm thấy object: function
[2026-03-22T14:03:34.227+0000] {datalake_df2csv.py:173} INFO -   - Đang gọi function với tham số: {'symbols': ['NVB', 'VE8'], 'period': 'quarter'}
[2026-03-22T14:03:34.227+0000] {logging_mixin.py:188} INFO - [RATIO] Bắt đầu xử lý batch 2 mã: ['NVB', 'VE8']
[2026-03-22T14:03:34.227+0000] {logging_mixin.py:188} INFO - [RATIO] Kỳ dữ liệu: quarter
[2026-03-22T14:03:34.228+0000] {logging_mixin.py:188} INFO -  >> [RATIO] Đang lấy dữ liệu: NVB
[2026-03-22T14:03:36.169+0000] {logging_mixin.py:188} INFO -  ✓ [RATIO] NVB: 52 rows
[2026-03-22T14:03:38.170+0000] {logging_mixin.py:188} INFO -  >> [RATIO] Đang lấy dữ liệu: VE8
[2026-03-22T14:03:59.634+0000] {log.py:232} WARNING - 2026-03-22 14:03:59 - vnstock.core.utils.client - ERROR - API request failed: HTTPSConnectionPool(host='trading.vietcap.com.vn', port=443): Max retries exceeded with url: /data-mt/graphql (Caused by NewConnectionError('<urllib3.connection.HTTPSConnection object at 0x7fb133c40860>: Failed to establish a new connection: [Errno 101] Network is unreachable'))
[2026-03-22T14:03:59.634+0000] {client.py:297} ERROR - API request failed: HTTPSConnectionPool(host='trading.vietcap.com.vn', port=443): Max retries exceeded with url: /data-mt/graphql (Caused by NewConnectionError('<urllib3.connection.HTTPSConnection object at 0x7fb133c40860>: Failed to establish a new connection: [Errno 101] Network is unreachable'))
[2026-03-22T14:03:59.640+0000] {logging_mixin.py:188} INFO -  ❌ [RATIO] Lỗi xử lý mã VE8: API request failed: HTTPSConnectionPool(host='trading.vietcap.com.vn', port=443): Max retries exceeded with url: /data-mt/graphql (Caused by NewConnectionError('<urllib3.connection.HTTPSConnection object at 0x7fb133c40860>: Failed to establish a new connection: [Errno 101] Network is unreachable'))
[2026-03-22T14:03:59.650+0000] {logging_mixin.py:188} INFO -  ✅ [RATIO] Hoàn thành batch. Tổng số dòng: 52
[2026-03-22T14:03:59.655+0000] {datalake_df2csv.py:68} INFO - ✅ Load dữ liệu thành công!
[2026-03-22T14:03:59.660+0000] {datalake_df2csv.py:69} INFO - 📊 Thông tin DataFrame:
[2026-03-22T14:03:59.661+0000] {datalake_df2csv.py:70} INFO -   - Số dòng: 52
[2026-03-22T14:03:59.692+0000] {datalake_df2csv.py:71} INFO -   - Số cột: 22
[2026-03-22T14:03:59.712+0000] {datalake_df2csv.py:72} INFO -   - Tên các cột: [('ticker', ''), ('Meta', 'CP'), ('Meta', 'Năm'), ('Meta', 'Kỳ'), ('Chỉ tiêu cơ cấu nguồn vốn', 'Nợ/VCSH'), ('Chỉ tiêu cơ cấu nguồn vốn', 'TSCĐ / Vốn CSH'), ('Chỉ tiêu cơ cấu nguồn vốn', 'Vốn CSH/Vốn điều lệ'), ('Chỉ tiêu khả năng sinh lợi', 'Biên lợi nhuận ròng (%)'), ('Chỉ tiêu khả năng sinh lợi', 'ROE (%)'), ('Chỉ tiêu khả năng sinh lợi', 'ROIC (%)'), ('Chỉ tiêu khả năng sinh lợi', 'ROA (%)'), ('Chỉ tiêu thanh khoản', 'Đòn bẩy tài chính'), ('Chỉ tiêu định giá', 'Vốn hóa (Tỷ đồng)'), ('Chỉ tiêu định giá', 'Số CP lưu hành (Triệu CP)'), ('Chỉ tiêu định giá', 'P/E'), ('Chỉ tiêu định giá', 'P/B'), ('Chỉ tiêu định giá', 'P/S'), ('Chỉ tiêu định giá', 'P/Cash Flow'), ('Chỉ tiêu định giá', 'EPS (VND)'), ('Chỉ tiêu định giá', 'BVPS (VND)'), ('period_type', ''), ('extracted_at', '')]
[2026-03-22T14:03:59.723+0000] {datalake_df2csv.py:73} INFO -   - Kiểu dữ liệu: {('ticker', ''): 'object', ('Meta', 'CP'): 'object', ('Meta', 'Năm'): 'int64', ('Meta', 'Kỳ'): 'int64', ('Chỉ tiêu cơ cấu nguồn vốn', 'Nợ/VCSH'): 'float64', ('Chỉ tiêu cơ cấu nguồn vốn', 'TSCĐ / Vốn CSH'): 'float64', ('Chỉ tiêu cơ cấu nguồn vốn', 'Vốn CSH/Vốn điều lệ'): 'float64', ('Chỉ tiêu khả năng sinh lợi', 'Biên lợi nhuận ròng (%)'): 'float64', ('Chỉ tiêu khả năng sinh lợi', 'ROE (%)'): 'float64', ('Chỉ tiêu khả năng sinh lợi', 'ROIC (%)'): 'float64', ('Chỉ tiêu khả năng sinh lợi', 'ROA (%)'): 'float64', ('Chỉ tiêu thanh khoản', 'Đòn bẩy tài chính'): 'float64', ('Chỉ tiêu định giá', 'Vốn hóa (Tỷ đồng)'): 'int64', ('Chỉ tiêu định giá', 'Số CP lưu hành (Triệu CP)'): 'int64', ('Chỉ tiêu định giá', 'P/E'): 'float64', ('Chỉ tiêu định giá', 'P/B'): 'float64', ('Chỉ tiêu định giá', 'P/S'): 'float64', ('Chỉ tiêu định giá', 'P/Cash Flow'): 'float64', ('Chỉ tiêu định giá', 'EPS (VND)'): 'float64', ('Chỉ tiêu định giá', 'BVPS (VND)'): 'float64', ('period_type', ''): 'object', ('extracted_at', ''): 'datetime64[us, UTC]'}
[2026-03-22T14:03:59.741+0000] {datalake_df2csv.py:74} INFO -   - Bộ nhớ sử dụng: 0.02 MB
[2026-03-22T14:03:59.752+0000] {datalake_df2csv.py:83} INFO -   - Không có giá trị NULL
[2026-03-22T14:03:59.758+0000] {datalake_df2csv.py:86} INFO -   - Mẫu dữ liệu (5 dòng đầu):
[2026-03-22T14:03:59.763+0000] {datalake_df2csv.py:88} INFO -     Row 0: {('ticker', ''): 'NVB', ('Meta', 'CP'): 'NVB', ('Meta', 'Năm'): 2025, ('Meta', 'Kỳ'): 4, ('Chỉ tiêu cơ cấu nguồn vốn', 'Nợ/VCSH'): 11.0367800188, ('Chỉ tiêu cơ cấu nguồn vốn', 'TSCĐ / Vốn CSH'): 0.05883781885339755, ('Chỉ tiêu cơ cấu nguồn vốn', 'Vốn CSH/Vốn điều lệ'): 0.7050327546911184, ('Chỉ tiêu khả năng sinh lợi', 'Biên lợi nhuận ròng (%)'): -1.5390053678411082, ('Chỉ tiêu khả năng sinh lợi', 'ROE (%)'): 7.9245e-06, ('Chỉ tiêu khả năng sinh lợi', 'ROIC (%)'): 0.0, ('Chỉ tiêu khả năng sinh lợi', 'ROA (%)'): 5.53e-07, ('Chỉ tiêu thanh khoản', 'Đòn bẩy tài chính'): 12.036780018780359, ('Chỉ tiêu định giá', 'Vốn hóa (Tỷ đồng)'): 20786033710800, ('Chỉ tiêu định giá', 'Số CP lưu hành (Triệu CP)'): 1924632751, ('Chỉ tiêu định giá', 'P/E'): 183410.6953846154, ('Chỉ tiêu định giá', 'P/B'): 1.5291804553, ('Chỉ tiêu định giá', 'P/S'): 7.564793854, ('Chỉ tiêu định giá', 'P/Cash Flow'): 5.0537803607, ('Chỉ tiêu định giá', 'EPS (VND)'): -338.7529385339863, ('Chỉ tiêu định giá', 'BVPS (VND)'): 7062.6066156971, ('period_type', ''): 'quarter', ('extracted_at', ''): Timestamp('2026-03-22 14:03:36.168424+0000', tz='UTC')}
[2026-03-22T14:03:59.769+0000] {datalake_df2csv.py:88} INFO -     Row 1: {('ticker', ''): 'NVB', ('Meta', 'CP'): 'NVB', ('Meta', 'Năm'): 2025, ('Meta', 'Kỳ'): 3, ('Chỉ tiêu cơ cấu nguồn vốn', 'Nợ/VCSH'): 0.0, ('Chỉ tiêu cơ cấu nguồn vốn', 'TSCĐ / Vốn CSH'): 0.11624755240960613, ('Chỉ tiêu cơ cấu nguồn vốn', 'Vốn CSH/Vốn điều lệ'): 0.34984192673212694, ('Chỉ tiêu khả năng sinh lợi', 'Biên lợi nhuận ròng (%)'): 0.27702141632310556, ('Chỉ tiêu khả năng sinh lợi', 'ROE (%)'): 0.0, ('Chỉ tiêu khả năng sinh lợi', 'ROIC (%)'): 0.0, ('Chỉ tiêu khả năng sinh lợi', 'ROA (%)'): 0.0, ('Chỉ tiêu thanh khoản', 'Đòn bẩy tài chính'): 22.847165687729348, ('Chỉ tiêu định giá', 'Vốn hóa (Tỷ đồng)'): 26944858514000, ('Chỉ tiêu định giá', 'Số CP lưu hành (Triệu CP)'): 1924632751, ('Chỉ tiêu định giá', 'P/E'): -2.1728701874, ('Chỉ tiêu định giá', 'P/B'): 1.9822823354, ('Chỉ tiêu định giá', 'P/S'): -18.2987403134, ('Chỉ tiêu định giá', 'P/Cash Flow'): 7.3564709542, ('Chỉ tiêu định giá', 'EPS (VND)'): 98.62764722328058, ('Chỉ tiêu định giá', 'BVPS (VND)'): 7062.5660884849, ('period_type', ''): 'quarter', ('extracted_at', ''): Timestamp('2026-03-22 14:03:36.168424+0000', tz='UTC')}
[2026-03-22T14:03:59.776+0000] {datalake_df2csv.py:88} INFO -     Row 2: {('ticker', ''): 'NVB', ('Meta', 'CP'): 'NVB', ('Meta', 'Năm'): 2025, ('Meta', 'Kỳ'): 2, ('Chỉ tiêu cơ cấu nguồn vốn', 'Nợ/VCSH'): 0.0, ('Chỉ tiêu cơ cấu nguồn vốn', 'TSCĐ / Vốn CSH'): 0.13763804757747317, ('Chỉ tiêu cơ cấu nguồn vốn', 'Vốn CSH/Vốn điều lệ'): 0.3399963094417649, ('Chỉ tiêu khả năng sinh lợi', 'Biên lợi nhuận ròng (%)'): 0.41107808614764096, ('Chỉ tiêu khả năng sinh lợi', 'ROE (%)'): 0.0, ('Chỉ tiêu khả năng sinh lợi', 'ROIC (%)'): 0.0, ('Chỉ tiêu khả năng sinh lợi', 'ROA (%)'): 0.0, ('Chỉ tiêu thanh khoản', 'Đòn bẩy tài chính'): 21.975888917857105, ('Chỉ tiêu định giá', 'Vốn hóa (Tỷ đồng)'): 17149638164600, ('Chỉ tiêu định giá', 'Số CP lưu hành (Triệu CP)'): 1174632751, ('Chỉ tiêu định giá', 'P/E'): -2.2813535646, ('Chỉ tiêu định giá', 'P/B'): 2.7467490641, ('Chỉ tiêu định giá', 'P/S'): -14.4465816178, ('Chỉ tiêu định giá', 'P/Cash Flow'): 3.6638107165, ('Chỉ tiêu định giá', 'EPS (VND)'): 265.15862062831246, ('Chỉ tiêu định giá', 'BVPS (VND)'): 5315.3745242372, ('period_type', ''): 'quarter', ('extracted_at', ''): Timestamp('2026-03-22 14:03:36.168424+0000', tz='UTC')}
[2026-03-22T14:03:59.782+0000] {datalake_df2csv.py:88} INFO -     Row 3: {('ticker', ''): 'NVB', ('Meta', 'CP'): 'NVB', ('Meta', 'Năm'): 2025, ('Meta', 'Kỳ'): 1, ('Chỉ tiêu cơ cấu nguồn vốn', 'Nợ/VCSH'): 19.9626884306, ('Chỉ tiêu cơ cấu nguồn vốn', 'TSCĐ / Vốn CSH'): 0.13726507392434475, ('Chỉ tiêu cơ cấu nguồn vốn', 'Vốn CSH/Vốn điều lệ'): 0.3238414098846781, ('Chỉ tiêu khả năng sinh lợi', 'Biên lợi nhuận ròng (%)'): 0.29863071221583765, ('Chỉ tiêu khả năng sinh lợi', 'ROE (%)'): -0.8786351504, ('Chỉ tiêu khả năng sinh lợi', 'ROIC (%)'): 0.0, ('Chỉ tiêu khả năng sinh lợi', 'ROA (%)'): -0.0427805414, ('Chỉ tiêu thanh khoản', 'Đòn bẩy tài chính'): 20.96268843056096, ('Chỉ tiêu định giá', 'Vốn hóa (Tỷ đồng)'): 17502027989900, ('Chỉ tiêu định giá', 'Số CP lưu hành (Triệu CP)'): 1174632751, ('Chỉ tiêu định giá', 'P/E'): -2.3282306926, ('Chỉ tiêu định giá', 'P/B'): 2.8031891134, ('Chỉ tiêu định giá', 'P/S'): -14.7434291853, ('Chỉ tiêu định giá', 'P/Cash Flow'): 3.7390944983, ('Chỉ tiêu định giá', 'EPS (VND)'): 128.35245728645617, ('Chỉ tiêu định giá', 'BVPS (VND)'): 5315.3745242372, ('period_type', ''): 'quarter', ('extracted_at', ''): Timestamp('2026-03-22 14:03:36.168424+0000', tz='UTC')}
[2026-03-22T14:03:59.785+0000] {datalake_df2csv.py:88} INFO -     Row 4: {('ticker', ''): 'NVB', ('Meta', 'CP'): 'NVB', ('Meta', 'Năm'): 2024, ('Meta', 'Kỳ'): 4, ('Chỉ tiêu cơ cấu nguồn vốn', 'Nợ/VCSH'): 18.4488283472, ('Chỉ tiêu cơ cấu nguồn vốn', 'TSCĐ / Vốn CSH'): 0.15134306693456556, ('Chỉ tiêu cơ cấu nguồn vốn', 'Vốn CSH/Vốn điều lệ'): 0.3160214828898302, ('Chỉ tiêu khả năng sinh lợi', 'Biên lợi nhuận ròng (%)'): 1.9873040401510171, ('Chỉ tiêu khả năng sinh lợi', 'ROE (%)'): -0.9169036421, ('Chỉ tiêu khả năng sinh lợi', 'ROIC (%)'): 0.0, ('Chỉ tiêu khả năng sinh lợi', 'ROA (%)'): -0.0477669908, ('Chỉ tiêu thanh khoản', 'Đòn bẩy tài chính'): 19.44882834721245, ('Chỉ tiêu định giá', 'Vốn hóa (Tỷ đồng)'): 12098717335300, ('Chỉ tiêu định giá', 'Số CP lưu hành (Triệu CP)'): 1174632751, ('Chỉ tiêu định giá', 'P/E'): -1.2388068076, ('Chỉ tiêu định giá', 'P/B'): 1.9857251169, ('Chỉ tiêu định giá', 'P/S'): -8.2164575675, ('Chỉ tiêu định giá', 'P/Cash Flow'): 4.1941052672, ('Chỉ tiêu định giá', 'EPS (VND)'): -4315.860421637435, ('Chỉ tiêu định giá', 'BVPS (VND)'): 5187.0220669507, ('period_type', ''): 'quarter', ('extracted_at', ''): Timestamp('2026-03-22 14:03:36.168424+0000', tz='UTC')}
[2026-03-22T14:03:59.787+0000] {datalake_df2csv.py:90} INFO - --------------------------------------------------------------------------------
[2026-03-22T14:03:59.790+0000] {datalake_df2csv.py:93} INFO - 📝 Bước 2: Đang chuyển đổi DataFrame sang CSV...
[2026-03-22T14:03:59.841+0000] {datalake_df2csv.py:97} INFO - ✅ Chuyển đổi CSV thành công!
[2026-03-22T14:03:59.850+0000] {datalake_df2csv.py:98} INFO -   - Kích thước file: 0.02 MB
[2026-03-22T14:03:59.852+0000] {datalake_df2csv.py:99} INFO -   - Thời gian chuyển đổi: 0.05 giây
[2026-03-22T14:03:59.852+0000] {datalake_df2csv.py:100} INFO - --------------------------------------------------------------------------------
[2026-03-22T14:03:59.858+0000] {datalake_df2csv.py:103} INFO - ☁️  Bước 3: Đang upload lên MinIO/S3...
[2026-03-22T14:03:59.905+0000] {base.py:84} INFO - Using connection ID 'minio_finance' for task execution.
[2026-03-22T14:03:59.911+0000] {connection_wrapper.py:384} INFO - AWS Connection (conn_id='minio_finance', conn_type='aws') credentials retrieved from login and password.
[2026-03-22T14:04:02.105+0000] {datalake_df2csv.py:112} INFO -   - Bucket 'thongtin-congty-va-bctc' đã tồn tại
[2026-03-22T14:04:02.209+0000] {datalake_df2csv.py:117} INFO - ✅ Upload thành công!
[2026-03-22T14:04:02.211+0000] {datalake_df2csv.py:118} INFO -   - Đường dẫn: s3://thongtin-congty-va-bctc/financial_ratios/2026-03-15/batch_545.csv
[2026-03-22T14:04:02.215+0000] {datalake_df2csv.py:119} INFO -   - Số dòng: 52
[2026-03-22T14:04:02.219+0000] {datalake_df2csv.py:120} INFO -   - Thời gian upload: 2.35 giây
[2026-03-22T14:04:02.221+0000] {datalake_df2csv.py:121} INFO - --------------------------------------------------------------------------------
[2026-03-22T14:04:02.225+0000] {datalake_df2csv.py:125} INFO - 📈 TỔNG KẾT:
[2026-03-22T14:04:02.229+0000] {datalake_df2csv.py:126} INFO -   - Tổng thời gian thực thi: 28.01 giây
[2026-03-22T14:04:02.237+0000] {datalake_df2csv.py:127} INFO -   - Tốc độ xử lý: 2 dòng/giây
[2026-03-22T14:04:02.238+0000] {datalake_df2csv.py:128} INFO - ================================================================================
[2026-03-22T14:04:02.239+0000] {datalake_df2csv.py:129} INFO - ✅ HOÀN THÀNH TASK: ingest_financial_ratios
[2026-03-22T14:04:02.240+0000] {datalake_df2csv.py:130} INFO - ================================================================================
[2026-03-22T14:04:02.242+0000] {taskinstance.py:441} INFO - ::group::Post task execution logs
[2026-03-22T14:04:02.289+0000] {taskinstance.py:1206} INFO - Marking task as SUCCESS. dag_id=financial_ratios, task_id=ingest_financial_ratios, run_id=scheduled__2026-03-15T02:00:00+00:00, map_index=545, execution_date=20260315T020000, start_date=20260322T140333, end_date=20260322T140402
[2026-03-22T14:04:02.412+0000] {local_task_job_runner.py:243} INFO - Task exited with return code 0
[2026-03-22T14:04:02.436+0000] {taskinstance.py:3503} INFO - 0 downstream tasks scheduled from follow-on schedule check
[2026-03-22T14:04:02.456+0000] {local_task_job_runner.py:222} INFO - ::endgroup::
