[2026-03-21T07:37:19.186+0000] {local_task_job_runner.py:120} INFO - ::group::Pre task execution logs
[2026-03-21T07:37:19.231+0000] {taskinstance.py:2076} INFO - Dependencies all met for dep_context=non-requeueable deps ti=<TaskInstance: financial_ratios.ingest_financial_ratios scheduled__2026-03-08T02:00:00+00:00 map_index=206 [queued]>
[2026-03-21T07:37:19.263+0000] {taskinstance.py:2076} INFO - Dependencies all met for dep_context=requeueable deps ti=<TaskInstance: financial_ratios.ingest_financial_ratios scheduled__2026-03-08T02:00:00+00:00 map_index=206 [queued]>
[2026-03-21T07:37:19.264+0000] {taskinstance.py:2306} INFO - Starting attempt 2 of 2
[2026-03-21T07:37:19.288+0000] {taskinstance.py:2330} INFO - Executing <Mapped(DfToCsvOperator): ingest_financial_ratios> on 2026-03-08 02:00:00+00:00
[2026-03-21T07:37:19.301+0000] {warnings.py:112} WARNING - This process (pid=2452) is multi-threaded, use of fork() may lead to deadlocks in the child.

[2026-03-21T07:37:19.302+0000] {standard_task_runner.py:64} INFO - Started process 2472 to run task
[2026-03-21T07:37:19.305+0000] {standard_task_runner.py:90} INFO - Running: ['***', 'tasks', 'run', 'financial_ratios', 'ingest_financial_ratios', 'scheduled__2026-03-08T02:00:00+00:00', '--job-id', '33406', '--raw', '--subdir', 'DAGS_FOLDER/dl_financial_ratios.py', '--cfg-path', '/tmp/tmpq5ssvsql', '--map-index', '206']
[2026-03-21T07:37:19.309+0000] {standard_task_runner.py:91} INFO - Job 33406: Subtask ingest_financial_ratios
[2026-03-21T07:37:19.387+0000] {task_command.py:426} INFO - Running <TaskInstance: financial_ratios.ingest_financial_ratios scheduled__2026-03-08T02:00:00+00:00 map_index=206 [running]> on host f78ccc25496b
[2026-03-21T07:37:19.873+0000] {taskinstance.py:2648} INFO - Exporting env vars: AIRFLOW_CTX_DAG_OWNER='***' AIRFLOW_CTX_DAG_ID='financial_ratios' AIRFLOW_CTX_TASK_ID='ingest_financial_ratios' AIRFLOW_CTX_EXECUTION_DATE='2026-03-08T02:00:00+00:00' AIRFLOW_CTX_TRY_NUMBER='2' AIRFLOW_CTX_DAG_RUN_ID='scheduled__2026-03-08T02:00:00+00:00'
[2026-03-21T07:37:19.875+0000] {taskinstance.py:430} INFO - ::endgroup::
[2026-03-21T07:37:19.875+0000] {datalake_df2csv.py:40} INFO - ================================================================================
[2026-03-21T07:37:19.876+0000] {datalake_df2csv.py:41} INFO - 🚀 BẮT ĐẦU TASK: ingest_financial_ratios
[2026-03-21T07:37:19.877+0000] {datalake_df2csv.py:42} INFO - ================================================================================
[2026-03-21T07:37:19.877+0000] {datalake_df2csv.py:43} INFO - 📋 Thông tin cấu hình:
[2026-03-21T07:37:19.877+0000] {datalake_df2csv.py:44} INFO -   - Logic file: financial_ratios
[2026-03-21T07:37:19.878+0000] {datalake_df2csv.py:45} INFO -   - DataFrame name: get_financial_ratios_batch
[2026-03-21T07:37:19.878+0000] {datalake_df2csv.py:46} INFO -   - Bucket: thongtin-congty-va-bctc
[2026-03-21T07:37:19.879+0000] {datalake_df2csv.py:47} INFO -   - Object path: financial_ratios/2026-03-08/batch_206.csv
[2026-03-21T07:37:19.879+0000] {datalake_df2csv.py:48} INFO -   - Connection ID: minio_finance
[2026-03-21T07:37:19.879+0000] {datalake_df2csv.py:49} INFO -   - Tham số truyền vào: {'symbols': ['SIG', 'TBR'], 'period': 'quarter'}
[2026-03-21T07:37:19.880+0000] {datalake_df2csv.py:50} INFO - --------------------------------------------------------------------------------
[2026-03-21T07:37:19.880+0000] {datalake_df2csv.py:54} INFO - 📥 Bước 1: Đang load dữ liệu từ logic file...
[2026-03-21T07:37:19.884+0000] {datalake_df2csv.py:148} INFO -   - Logic directory: /opt/airflow/plugins/logic
[2026-03-21T07:37:19.885+0000] {datalake_df2csv.py:149} INFO -   - Module path: /opt/airflow/plugins/logic/financial_ratios.py
[2026-03-21T07:37:19.886+0000] {datalake_df2csv.py:153} INFO -   - Đã thêm logic directory vào sys.path
[2026-03-21T07:37:19.888+0000] {datalake_df2csv.py:159} INFO -   - Đang load module 'financial_ratios'...
[2026-03-21T07:37:19.892+0000] {datalake_df2csv.py:163} INFO -   - ✅ Module loaded thành công
[2026-03-21T07:37:19.893+0000] {datalake_df2csv.py:165} INFO -   - Đang tìm DataFrame/function: 'get_financial_ratios_batch'...
[2026-03-21T07:37:19.893+0000] {datalake_df2csv.py:170} INFO -   - ✅ Tìm thấy object: function
[2026-03-21T07:37:19.894+0000] {datalake_df2csv.py:173} INFO -   - Đang gọi function với tham số: {'symbols': ['SIG', 'TBR'], 'period': 'quarter'}
[2026-03-21T07:37:19.894+0000] {logging_mixin.py:188} INFO - [RATIO] Bắt đầu xử lý batch 2 mã: ['SIG', 'TBR']
[2026-03-21T07:37:19.895+0000] {logging_mixin.py:188} INFO - [RATIO] Kỳ dữ liệu: quarter
[2026-03-21T07:37:19.895+0000] {logging_mixin.py:188} INFO -  >> [RATIO] Đang lấy dữ liệu: SIG
[2026-03-21T07:37:45.007+0000] {log.py:232} WARNING - 2026-03-21 07:37:45 - vnstock.core.utils.client - ERROR - API request failed: HTTPSConnectionPool(host='trading.vietcap.com.vn', port=443): Max retries exceeded with url: /data-mt/graphql (Caused by NewConnectionError('<urllib3.connection.HTTPSConnection object at 0x7f3e9c1bef90>: Failed to establish a new connection: [Errno 101] Network is unreachable'))
[2026-03-21T07:37:45.006+0000] {client.py:297} ERROR - API request failed: HTTPSConnectionPool(host='trading.vietcap.com.vn', port=443): Max retries exceeded with url: /data-mt/graphql (Caused by NewConnectionError('<urllib3.connection.HTTPSConnection object at 0x7f3e9c1bef90>: Failed to establish a new connection: [Errno 101] Network is unreachable'))
[2026-03-21T07:37:47.244+0000] {logging_mixin.py:188} INFO - ❌ Lỗi SIG: RetryError[<Future at 0x7f3e9c965c40 state=finished raised KeyError>]
[2026-03-21T07:37:47.250+0000] {logging_mixin.py:188} INFO -  ⚠️ [RATIO] SIG: No data from API
[2026-03-21T07:37:49.252+0000] {logging_mixin.py:188} INFO -  >> [RATIO] Đang lấy dữ liệu: TBR
[2026-03-21T07:38:13.033+0000] {log.py:232} WARNING - 2026-03-21 07:38:13 - vnstock.core.utils.client - ERROR - API request failed: HTTPSConnectionPool(host='trading.vietcap.com.vn', port=443): Max retries exceeded with url: /data-mt/graphql (Caused by NewConnectionError('<urllib3.connection.HTTPSConnection object at 0x7f3e9c1e7620>: Failed to establish a new connection: [Errno 101] Network is unreachable'))
[2026-03-21T07:38:13.033+0000] {client.py:297} ERROR - API request failed: HTTPSConnectionPool(host='trading.vietcap.com.vn', port=443): Max retries exceeded with url: /data-mt/graphql (Caused by NewConnectionError('<urllib3.connection.HTTPSConnection object at 0x7f3e9c1e7620>: Failed to establish a new connection: [Errno 101] Network is unreachable'))
[2026-03-21T07:38:15.255+0000] {logging_mixin.py:188} INFO - ❌ Lỗi TBR: RetryError[<Future at 0x7f3e9c1bf1a0 state=finished raised KeyError>]
[2026-03-21T07:38:15.258+0000] {logging_mixin.py:188} INFO -  ⚠️ [RATIO] TBR: No data from API
[2026-03-21T07:38:17.260+0000] {logging_mixin.py:188} INFO -  ⚠ [RATIO] Batch này không thu được dữ liệu nào.
[2026-03-21T07:38:17.261+0000] {datalake_df2csv.py:58} WARNING - ⚠️  DataFrame rỗng hoặc None
[2026-03-21T07:38:17.262+0000] {datalake_df2csv.py:59} INFO - 📊 Thông tin DataFrame:
[2026-03-21T07:38:17.263+0000] {datalake_df2csv.py:60} INFO -   - Số dòng: 0
[2026-03-21T07:38:17.264+0000] {datalake_df2csv.py:61} INFO -   - Kết luận: Bỏ qua upload CSV
[2026-03-21T07:38:17.264+0000] {datalake_df2csv.py:62} INFO - ================================================================================
[2026-03-21T07:38:17.265+0000] {datalake_df2csv.py:63} INFO - ✅ KẾT THÚC TASK (không có dữ liệu): ingest_financial_ratios
[2026-03-21T07:38:17.266+0000] {datalake_df2csv.py:64} INFO - ================================================================================
[2026-03-21T07:38:17.267+0000] {taskinstance.py:441} INFO - ::group::Post task execution logs
[2026-03-21T07:38:17.281+0000] {taskinstance.py:1206} INFO - Marking task as SUCCESS. dag_id=financial_ratios, task_id=ingest_financial_ratios, run_id=scheduled__2026-03-08T02:00:00+00:00, map_index=206, execution_date=20260308T020000, start_date=20260321T073719, end_date=20260321T073817
[2026-03-21T07:38:17.336+0000] {local_task_job_runner.py:243} INFO - Task exited with return code 0
[2026-03-21T07:38:17.360+0000] {taskinstance.py:3503} INFO - 0 downstream tasks scheduled from follow-on schedule check
[2026-03-21T07:38:17.365+0000] {local_task_job_runner.py:222} INFO - ::endgroup::
