[2026-01-22T14:33:35.687+0000] {local_task_job_runner.py:120} INFO - ::group::Pre task execution logs
[2026-01-22T14:33:35.749+0000] {taskinstance.py:2076} INFO - Dependencies all met for dep_context=non-requeueable deps ti=<TaskInstance: financial_ratios_etl.ingest_financial_ratios manual__2026-01-19T13:56:35+00:00 map_index=444 [queued]>
[2026-01-22T14:33:35.795+0000] {taskinstance.py:2076} INFO - Dependencies all met for dep_context=requeueable deps ti=<TaskInstance: financial_ratios_etl.ingest_financial_ratios manual__2026-01-19T13:56:35+00:00 map_index=444 [queued]>
[2026-01-22T14:33:35.795+0000] {taskinstance.py:2306} INFO - Starting attempt 1 of 2
[2026-01-22T14:33:35.813+0000] {taskinstance.py:2330} INFO - Executing <Mapped(DfToCsvOperator): ingest_financial_ratios> on 2026-01-19 13:56:35+00:00
[2026-01-22T14:33:35.827+0000] {warnings.py:112} WARNING - This process (pid=10150) is multi-threaded, use of fork() may lead to deadlocks in the child.

[2026-01-22T14:33:35.829+0000] {standard_task_runner.py:64} INFO - Started process 10216 to run task
[2026-01-22T14:33:35.831+0000] {standard_task_runner.py:90} INFO - Running: ['***', 'tasks', 'run', 'financial_ratios_etl', 'ingest_financial_ratios', 'manual__2026-01-19T13:56:35+00:00', '--job-id', '4627', '--raw', '--subdir', 'DAGS_FOLDER/financial_ratios_etl.py', '--cfg-path', '/tmp/tmpkr034dn4', '--map-index', '444']
[2026-01-22T14:33:35.835+0000] {standard_task_runner.py:91} INFO - Job 4627: Subtask ingest_financial_ratios
[2026-01-22T14:33:35.898+0000] {task_command.py:426} INFO - Running <TaskInstance: financial_ratios_etl.ingest_financial_ratios manual__2026-01-19T13:56:35+00:00 map_index=444 [running]> on host 4da96d4d1b09
[2026-01-22T14:33:36.057+0000] {taskinstance.py:2648} INFO - Exporting env vars: AIRFLOW_CTX_DAG_OWNER='***' AIRFLOW_CTX_DAG_ID='financial_ratios_etl' AIRFLOW_CTX_TASK_ID='ingest_financial_ratios' AIRFLOW_CTX_EXECUTION_DATE='2026-01-19T13:56:35+00:00' AIRFLOW_CTX_TRY_NUMBER='1' AIRFLOW_CTX_DAG_RUN_ID='manual__2026-01-19T13:56:35+00:00'
[2026-01-22T14:33:36.059+0000] {taskinstance.py:430} INFO - ::endgroup::
[2026-01-22T14:33:36.078+0000] {logging_mixin.py:188} INFO - [RATIO] Bắt đầu xử lý batch 2 mã: ['MCC', 'MC3']
[2026-01-22T14:33:36.079+0000] {logging_mixin.py:188} INFO - [RATIO] Kỳ dữ liệu: quarter
[2026-01-22T14:33:36.079+0000] {logging_mixin.py:188} INFO -  >> [RATIO] Đang lấy dữ liệu: MCC
[2026-01-22T14:33:36.972+0000] {logging_mixin.py:188} INFO -  ✓ [RATIO] MCC: 51 rows
[2026-01-22T14:33:38.973+0000] {logging_mixin.py:188} INFO -  >> [RATIO] Đang lấy dữ liệu: MC3
[2026-01-22T14:33:43.845+0000] {logging_mixin.py:188} INFO - ❌ Lỗi MC3: RetryError[<Future at 0x7fe1d162e780 state=finished raised KeyError>]
[2026-01-22T14:33:43.847+0000] {logging_mixin.py:188} INFO -  ⚠️ [RATIO] MC3: No data from API
[2026-01-22T14:33:45.848+0000] {logging_mixin.py:188} INFO -  ✅ [RATIO] Hoàn thành batch. Tổng số dòng: 51
[2026-01-22T14:33:45.866+0000] {base.py:84} INFO - Using connection ID 'minio_finance' for task execution.
[2026-01-22T14:33:45.867+0000] {connection_wrapper.py:384} INFO - AWS Connection (conn_id='minio_finance', conn_type='aws') credentials retrieved from login and password.
[2026-01-22T14:33:46.494+0000] {datalake_df2csv.py:52} INFO - ✅ Đã upload 51 dòng -> s3://thongtin-congty-va-bctc/financial_ratios/2026-01-19/batch_444.csv
[2026-01-22T14:33:46.495+0000] {taskinstance.py:441} INFO - ::group::Post task execution logs
[2026-01-22T14:33:46.508+0000] {taskinstance.py:1206} INFO - Marking task as SUCCESS. dag_id=financial_ratios_etl, task_id=ingest_financial_ratios, run_id=manual__2026-01-19T13:56:35+00:00, map_index=444, execution_date=20260119T135635, start_date=20260122T143335, end_date=20260122T143346
[2026-01-22T14:33:46.553+0000] {local_task_job_runner.py:243} INFO - Task exited with return code 0
[2026-01-22T14:33:46.573+0000] {taskinstance.py:3503} INFO - 0 downstream tasks scheduled from follow-on schedule check
[2026-01-22T14:33:46.577+0000] {local_task_job_runner.py:222} INFO - ::endgroup::
