[2026-01-12T14:56:05.506+0000] {local_task_job_runner.py:120} INFO - ::group::Pre task execution logs
[2026-01-12T14:56:05.574+0000] {taskinstance.py:2076} INFO - Dependencies all met for dep_context=non-requeueable deps ti=<TaskInstance: financial_ratios_etl.ingest_financial_ratios scheduled__2026-01-04T02:00:00+00:00 map_index=262 [queued]>
[2026-01-12T14:56:05.623+0000] {taskinstance.py:2076} INFO - Dependencies all met for dep_context=requeueable deps ti=<TaskInstance: financial_ratios_etl.ingest_financial_ratios scheduled__2026-01-04T02:00:00+00:00 map_index=262 [queued]>
[2026-01-12T14:56:05.626+0000] {taskinstance.py:2306} INFO - Starting attempt 1 of 2
[2026-01-12T14:56:05.684+0000] {taskinstance.py:2330} INFO - Executing <Mapped(DfToCsvOperator): ingest_financial_ratios> on 2026-01-04 02:00:00+00:00
[2026-01-12T14:56:05.701+0000] {warnings.py:112} WARNING - This process (pid=8404) is multi-threaded, use of fork() may lead to deadlocks in the child.

[2026-01-12T14:56:05.723+0000] {standard_task_runner.py:64} INFO - Started process 8567 to run task
[2026-01-12T14:56:05.733+0000] {standard_task_runner.py:90} INFO - Running: ['***', 'tasks', 'run', 'financial_ratios_etl', 'ingest_financial_ratios', 'scheduled__2026-01-04T02:00:00+00:00', '--job-id', '12947', '--raw', '--subdir', 'DAGS_FOLDER/financial_ratios_etl.py', '--cfg-path', '/tmp/tmpks1r7kfr', '--map-index', '262']
[2026-01-12T14:56:05.745+0000] {standard_task_runner.py:91} INFO - Job 12947: Subtask ingest_financial_ratios
[2026-01-12T14:56:05.938+0000] {task_command.py:426} INFO - Running <TaskInstance: financial_ratios_etl.ingest_financial_ratios scheduled__2026-01-04T02:00:00+00:00 map_index=262 [running]> on host 5a20a797a43c
[2026-01-12T14:56:06.212+0000] {taskinstance.py:2648} INFO - Exporting env vars: AIRFLOW_CTX_DAG_OWNER='***' AIRFLOW_CTX_DAG_ID='financial_ratios_etl' AIRFLOW_CTX_TASK_ID='ingest_financial_ratios' AIRFLOW_CTX_EXECUTION_DATE='2026-01-04T02:00:00+00:00' AIRFLOW_CTX_TRY_NUMBER='1' AIRFLOW_CTX_DAG_RUN_ID='scheduled__2026-01-04T02:00:00+00:00'
[2026-01-12T14:56:06.217+0000] {taskinstance.py:430} INFO - ::endgroup::
[2026-01-12T14:56:06.243+0000] {taskinstance.py:441} INFO - ::group::Post task execution logs
[2026-01-12T14:56:06.244+0000] {taskinstance.py:2905} ERROR - Task failed with exception
Traceback (most recent call last):
  File "/home/airflow/.local/lib/python3.12/site-packages/airflow/models/taskinstance.py", line 465, in _execute_task
    result = _execute_callable(context=context, **execute_callable_kwargs)
             ^^^^^^^^^^^^^^^^^^^^^^^^^^^^^^^^^^^^^^^^^^^^^^^^^^^^^^^^^^^^^
  File "/home/airflow/.local/lib/python3.12/site-packages/airflow/models/taskinstance.py", line 432, in _execute_callable
    return execute_callable(context=context, **execute_callable_kwargs)
           ^^^^^^^^^^^^^^^^^^^^^^^^^^^^^^^^^^^^^^^^^^^^^^^^^^^^^^^^^^^^
  File "/home/airflow/.local/lib/python3.12/site-packages/airflow/models/baseoperator.py", line 401, in wrapper
    return func(self, *args, **kwargs)
           ^^^^^^^^^^^^^^^^^^^^^^^^^^^
  File "/opt/airflow/plugins/function/datalake_df2csv.py", line 38, in execute
    df = self._load_dataframe()
         ^^^^^^^^^^^^^^^^^^^^^^
  File "/opt/airflow/plugins/function/datalake_df2csv.py", line 67, in _load_dataframe
    spec.loader.exec_module(module)
  File "<frozen importlib._bootstrap_external>", line 995, in exec_module
  File "<frozen importlib._bootstrap>", line 488, in _call_with_frames_removed
  File "/opt/airflow/plugins/logic/financial_ratios.py", line 9, in <module>
    from vnstock import finance
ImportError: cannot import name 'finance' from 'vnstock' (/home/airflow/.local/lib/python3.12/site-packages/vnstock/__init__.py). Did you mean: 'Finance'?
[2026-01-12T14:56:06.301+0000] {taskinstance.py:1206} INFO - Marking task as UP_FOR_RETRY. dag_id=financial_ratios_etl, task_id=ingest_financial_ratios, run_id=scheduled__2026-01-04T02:00:00+00:00, map_index=262, execution_date=20260104T020000, start_date=20260112T145605, end_date=20260112T145606
[2026-01-12T14:56:06.333+0000] {standard_task_runner.py:110} ERROR - Failed to execute job 12947 for task ingest_financial_ratios (cannot import name 'finance' from 'vnstock' (/home/airflow/.local/lib/python3.12/site-packages/vnstock/__init__.py); 8567)
[2026-01-12T14:56:06.384+0000] {local_task_job_runner.py:243} INFO - Task exited with return code 1
[2026-01-12T14:56:06.402+0000] {local_task_job_runner.py:222} INFO - ::endgroup::
[2026-01-17T09:01:58.435+0000] {local_task_job_runner.py:120} INFO - ::group::Pre task execution logs
[2026-01-17T09:01:58.483+0000] {taskinstance.py:2076} INFO - Dependencies all met for dep_context=non-requeueable deps ti=<TaskInstance: financial_ratios_etl.ingest_financial_ratios scheduled__2026-01-04T02:00:00+00:00 map_index=262 [queued]>
[2026-01-17T09:01:58.518+0000] {taskinstance.py:2076} INFO - Dependencies all met for dep_context=requeueable deps ti=<TaskInstance: financial_ratios_etl.ingest_financial_ratios scheduled__2026-01-04T02:00:00+00:00 map_index=262 [queued]>
[2026-01-17T09:01:58.519+0000] {taskinstance.py:2306} INFO - Starting attempt 1 of 2
[2026-01-17T09:01:58.543+0000] {taskinstance.py:2330} INFO - Executing <Mapped(DfToCsvOperator): ingest_financial_ratios> on 2026-01-04 02:00:00+00:00
[2026-01-17T09:01:58.556+0000] {warnings.py:112} WARNING - This process (pid=11304) is multi-threaded, use of fork() may lead to deadlocks in the child.

[2026-01-17T09:01:58.558+0000] {standard_task_runner.py:64} INFO - Started process 11371 to run task
[2026-01-17T09:01:58.561+0000] {standard_task_runner.py:90} INFO - Running: ['***', 'tasks', 'run', 'financial_ratios_etl', 'ingest_financial_ratios', 'scheduled__2026-01-04T02:00:00+00:00', '--job-id', '718', '--raw', '--subdir', 'DAGS_FOLDER/financial_ratios_etl.py', '--cfg-path', '/tmp/tmp9mtc1d_n', '--map-index', '262']
[2026-01-17T09:01:58.565+0000] {standard_task_runner.py:91} INFO - Job 718: Subtask ingest_financial_ratios
[2026-01-17T09:01:58.643+0000] {task_command.py:426} INFO - Running <TaskInstance: financial_ratios_etl.ingest_financial_ratios scheduled__2026-01-04T02:00:00+00:00 map_index=262 [running]> on host d8c064bd46bc
[2026-01-17T09:01:58.803+0000] {taskinstance.py:2648} INFO - Exporting env vars: AIRFLOW_CTX_DAG_OWNER='***' AIRFLOW_CTX_DAG_ID='financial_ratios_etl' AIRFLOW_CTX_TASK_ID='ingest_financial_ratios' AIRFLOW_CTX_EXECUTION_DATE='2026-01-04T02:00:00+00:00' AIRFLOW_CTX_TRY_NUMBER='1' AIRFLOW_CTX_DAG_RUN_ID='scheduled__2026-01-04T02:00:00+00:00'
[2026-01-17T09:01:58.805+0000] {taskinstance.py:430} INFO - ::endgroup::
[2026-01-17T09:01:58.815+0000] {logging_mixin.py:188} INFO - [RATIO] Bắt đầu xử lý batch 2 mã: ['SCL', 'SCJ']
[2026-01-17T09:01:58.815+0000] {logging_mixin.py:188} INFO - [RATIO] Kỳ dữ liệu: quarter
[2026-01-17T09:01:58.816+0000] {logging_mixin.py:188} INFO -  >> [RATIO] Đang lấy dữ liệu: SCL
[2026-01-17T09:02:04.661+0000] {logging_mixin.py:188} INFO - ❌ Lỗi SCL: RetryError[<Future at 0x7f97185589b0 state=finished raised ConnectionError>]
[2026-01-17T09:02:04.665+0000] {logging_mixin.py:188} INFO -  ⚠️ [RATIO] SCL: No data from API
[2026-01-17T09:02:06.666+0000] {logging_mixin.py:188} INFO -  >> [RATIO] Đang lấy dữ liệu: SCJ
[2026-01-17T09:02:10.136+0000] {logging_mixin.py:188} INFO -  ✓ [RATIO] SCJ: 51 rows
[2026-01-17T09:02:12.138+0000] {logging_mixin.py:188} INFO -  ✅ [RATIO] Hoàn thành batch. Tổng số dòng: 51
[2026-01-17T09:02:12.161+0000] {base.py:84} INFO - Using connection ID 'minio_finance' for task execution.
[2026-01-17T09:02:12.162+0000] {connection_wrapper.py:384} INFO - AWS Connection (conn_id='minio_finance', conn_type='aws') credentials retrieved from login and password.
[2026-01-17T09:02:12.840+0000] {datalake_df2csv.py:52} INFO - ✅ Đã upload 51 dòng -> s3://thongtin-congty-va-bctc/financial_ratios/2026-01-04/batch_262.csv
[2026-01-17T09:02:12.841+0000] {taskinstance.py:441} INFO - ::group::Post task execution logs
[2026-01-17T09:02:12.856+0000] {taskinstance.py:1206} INFO - Marking task as SUCCESS. dag_id=financial_ratios_etl, task_id=ingest_financial_ratios, run_id=scheduled__2026-01-04T02:00:00+00:00, map_index=262, execution_date=20260104T020000, start_date=20260117T090158, end_date=20260117T090212
[2026-01-17T09:02:12.947+0000] {local_task_job_runner.py:243} INFO - Task exited with return code 0
[2026-01-17T09:02:12.974+0000] {taskinstance.py:3503} INFO - 0 downstream tasks scheduled from follow-on schedule check
[2026-01-17T09:02:12.978+0000] {local_task_job_runner.py:222} INFO - ::endgroup::
