[2026-01-18T03:51:54.386+0000] {local_task_job_runner.py:120} INFO - ::group::Pre task execution logs
[2026-01-18T03:51:54.481+0000] {taskinstance.py:2076} INFO - Dependencies all met for dep_context=non-requeueable deps ti=<TaskInstance: financial_ratios_etl.ingest_financial_ratios scheduled__2026-01-11T02:00:00+00:00 map_index=775 [queued]>
[2026-01-18T03:51:54.564+0000] {taskinstance.py:2076} INFO - Dependencies all met for dep_context=requeueable deps ti=<TaskInstance: financial_ratios_etl.ingest_financial_ratios scheduled__2026-01-11T02:00:00+00:00 map_index=775 [queued]>
[2026-01-18T03:51:54.565+0000] {taskinstance.py:2306} INFO - Starting attempt 1 of 2
[2026-01-18T03:51:54.587+0000] {taskinstance.py:2330} INFO - Executing <Mapped(DfToCsvOperator): ingest_financial_ratios> on 2026-01-11 02:00:00+00:00
[2026-01-18T03:51:54.602+0000] {warnings.py:112} WARNING - This process (pid=15428) is multi-threaded, use of fork() may lead to deadlocks in the child.

[2026-01-18T03:51:54.604+0000] {standard_task_runner.py:64} INFO - Started process 15471 to run task
[2026-01-18T03:51:54.607+0000] {standard_task_runner.py:90} INFO - Running: ['***', 'tasks', 'run', 'financial_ratios_etl', 'ingest_financial_ratios', 'scheduled__2026-01-11T02:00:00+00:00', '--job-id', '2643', '--raw', '--subdir', 'DAGS_FOLDER/financial_ratios_etl.py', '--cfg-path', '/tmp/tmprx7wnn86', '--map-index', '775']
[2026-01-18T03:51:54.613+0000] {standard_task_runner.py:91} INFO - Job 2643: Subtask ingest_financial_ratios
[2026-01-18T03:51:54.680+0000] {task_command.py:426} INFO - Running <TaskInstance: financial_ratios_etl.ingest_financial_ratios scheduled__2026-01-11T02:00:00+00:00 map_index=775 [running]> on host 5ae19da926ef
[2026-01-18T03:51:54.859+0000] {taskinstance.py:2648} INFO - Exporting env vars: AIRFLOW_CTX_DAG_OWNER='***' AIRFLOW_CTX_DAG_ID='financial_ratios_etl' AIRFLOW_CTX_TASK_ID='ingest_financial_ratios' AIRFLOW_CTX_EXECUTION_DATE='2026-01-11T02:00:00+00:00' AIRFLOW_CTX_TRY_NUMBER='1' AIRFLOW_CTX_DAG_RUN_ID='scheduled__2026-01-11T02:00:00+00:00'
[2026-01-18T03:51:54.861+0000] {taskinstance.py:430} INFO - ::endgroup::
[2026-01-18T03:51:54.869+0000] {logging_mixin.py:188} INFO - [RATIO] Bắt đầu xử lý batch 2 mã: ['C12', 'BXT']
[2026-01-18T03:51:54.870+0000] {logging_mixin.py:188} INFO - [RATIO] Kỳ dữ liệu: quarter
[2026-01-18T03:51:54.870+0000] {logging_mixin.py:188} INFO -  >> [RATIO] Đang lấy dữ liệu: C12
[2026-01-18T03:52:00.405+0000] {logging_mixin.py:188} INFO - ❌ Lỗi C12: RetryError[<Future at 0x7f4f11f44f50 state=finished raised KeyError>]
[2026-01-18T03:52:00.411+0000] {logging_mixin.py:188} INFO -  ⚠️ [RATIO] C12: No data from API
[2026-01-18T03:52:02.415+0000] {logging_mixin.py:188} INFO -  >> [RATIO] Đang lấy dữ liệu: BXT
[2026-01-18T03:52:04.435+0000] {logging_mixin.py:188} INFO -  ❌ [RATIO] Lỗi xử lý mã BXT: 'NoneType' object is not subscriptable
[2026-01-18T03:52:04.435+0000] {logging_mixin.py:188} INFO -  ⚠ [RATIO] Batch này không thu được dữ liệu nào.
[2026-01-18T03:52:04.437+0000] {datalake_df2csv.py:40} INFO - DataFrame rỗng, bỏ qua upload CSV.
[2026-01-18T03:52:04.437+0000] {taskinstance.py:441} INFO - ::group::Post task execution logs
[2026-01-18T03:52:04.454+0000] {taskinstance.py:1206} INFO - Marking task as SUCCESS. dag_id=financial_ratios_etl, task_id=ingest_financial_ratios, run_id=scheduled__2026-01-11T02:00:00+00:00, map_index=775, execution_date=20260111T020000, start_date=20260118T035154, end_date=20260118T035204
[2026-01-18T03:52:04.517+0000] {local_task_job_runner.py:243} INFO - Task exited with return code 0
[2026-01-18T03:52:04.539+0000] {taskinstance.py:3503} INFO - 0 downstream tasks scheduled from follow-on schedule check
[2026-01-18T03:52:04.542+0000] {local_task_job_runner.py:222} INFO - ::endgroup::
