[2026-03-26T13:55:16.961+0000] {local_task_job_runner.py:120} INFO - ::group::Pre task execution logs
[2026-03-26T13:55:17.044+0000] {taskinstance.py:2076} INFO - Dependencies all met for dep_context=non-requeueable deps ti=<TaskInstance: daily_price.ingest_daily_price scheduled__2026-03-24T16:00:00+00:00 map_index=238 [queued]>
[2026-03-26T13:55:17.085+0000] {taskinstance.py:2076} INFO - Dependencies all met for dep_context=requeueable deps ti=<TaskInstance: daily_price.ingest_daily_price scheduled__2026-03-24T16:00:00+00:00 map_index=238 [queued]>
[2026-03-26T13:55:17.086+0000] {taskinstance.py:2306} INFO - Starting attempt 1 of 2
[2026-03-26T13:55:17.109+0000] {taskinstance.py:2330} INFO - Executing <Mapped(DfToCsvOperator): ingest_daily_price> on 2026-03-24 16:00:00+00:00
[2026-03-26T13:55:17.125+0000] {warnings.py:112} WARNING - This process (pid=2645) is multi-threaded, use of fork() may lead to deadlocks in the child.

[2026-03-26T13:55:17.128+0000] {standard_task_runner.py:64} INFO - Started process 2685 to run task
[2026-03-26T13:55:17.132+0000] {standard_task_runner.py:90} INFO - Running: ['***', 'tasks', 'run', 'daily_price', 'ingest_daily_price', 'scheduled__2026-03-24T16:00:00+00:00', '--job-id', '36659', '--raw', '--subdir', 'DAGS_FOLDER/dl_dailly_price.py', '--cfg-path', '/tmp/tmpyl72f20a', '--map-index', '238']
[2026-03-26T13:55:17.138+0000] {standard_task_runner.py:91} INFO - Job 36659: Subtask ingest_daily_price
[2026-03-26T13:55:17.215+0000] {task_command.py:426} INFO - Running <TaskInstance: daily_price.ingest_daily_price scheduled__2026-03-24T16:00:00+00:00 map_index=238 [running]> on host 82e6e174d562
[2026-03-26T13:55:17.716+0000] {taskinstance.py:2648} INFO - Exporting env vars: AIRFLOW_CTX_DAG_OWNER='***' AIRFLOW_CTX_DAG_ID='daily_price' AIRFLOW_CTX_TASK_ID='ingest_daily_price' AIRFLOW_CTX_EXECUTION_DATE='2026-03-24T16:00:00+00:00' AIRFLOW_CTX_TRY_NUMBER='1' AIRFLOW_CTX_DAG_RUN_ID='scheduled__2026-03-24T16:00:00+00:00'
[2026-03-26T13:55:17.718+0000] {taskinstance.py:430} INFO - ::endgroup::
[2026-03-26T13:55:17.719+0000] {datalake_df2csv.py:40} INFO - ================================================================================
[2026-03-26T13:55:17.721+0000] {datalake_df2csv.py:41} INFO - 🚀 BẮT ĐẦU TASK: ingest_daily_price
[2026-03-26T13:55:17.723+0000] {datalake_df2csv.py:42} INFO - ================================================================================
[2026-03-26T13:55:17.724+0000] {datalake_df2csv.py:43} INFO - 📋 Thông tin cấu hình:
[2026-03-26T13:55:17.725+0000] {datalake_df2csv.py:44} INFO -   - Logic file: history_price
[2026-03-26T13:55:17.725+0000] {datalake_df2csv.py:45} INFO -   - DataFrame name: get_history_price_batch
[2026-03-26T13:55:17.726+0000] {datalake_df2csv.py:46} INFO -   - Bucket: thongtin-congty-va-bctc
[2026-03-26T13:55:17.726+0000] {datalake_df2csv.py:47} INFO -   - Object path: daily_price/2026-03-24/batch_238.csv
[2026-03-26T13:55:17.727+0000] {datalake_df2csv.py:48} INFO -   - Connection ID: minio_finance
[2026-03-26T13:55:17.727+0000] {datalake_df2csv.py:49} INFO -   - Tham số truyền vào: {'symbols': ['FIR', 'SCS', 'CT6', 'AAA', 'CTA'], 'start_date': '2026-03-24', 'end_date': '2026-03-25'}
[2026-03-26T13:55:17.728+0000] {datalake_df2csv.py:50} INFO - --------------------------------------------------------------------------------
[2026-03-26T13:55:17.728+0000] {datalake_df2csv.py:54} INFO - 📥 Bước 1: Đang load dữ liệu từ logic file...
[2026-03-26T13:55:17.733+0000] {datalake_df2csv.py:148} INFO -   - Logic directory: /opt/airflow/plugins/logic
[2026-03-26T13:55:17.734+0000] {datalake_df2csv.py:149} INFO -   - Module path: /opt/airflow/plugins/logic/history_price.py
[2026-03-26T13:55:17.735+0000] {datalake_df2csv.py:153} INFO -   - Đã thêm logic directory vào sys.path
[2026-03-26T13:55:17.736+0000] {datalake_df2csv.py:159} INFO -   - Đang load module 'history_price'...
[2026-03-26T13:55:17.741+0000] {datalake_df2csv.py:163} INFO -   - ✅ Module loaded thành công
[2026-03-26T13:55:17.741+0000] {datalake_df2csv.py:165} INFO -   - Đang tìm DataFrame/function: 'get_history_price_batch'...
[2026-03-26T13:55:17.742+0000] {datalake_df2csv.py:170} INFO -   - ✅ Tìm thấy object: function
[2026-03-26T13:55:17.743+0000] {datalake_df2csv.py:173} INFO -   - Đang gọi function với tham số: {'symbols': ['FIR', 'SCS', 'CT6', 'AAA', 'CTA'], 'start_date': '2026-03-24', 'end_date': '2026-03-25'}
[2026-03-26T13:55:40.225+0000] {log.py:232} WARNING - 2026-03-26 13:55:40 - vnstock.core.utils.client - ERROR - API request failed: HTTPSConnectionPool(host='trading.vietcap.com.vn', port=443): Max retries exceeded with url: /api/chart/OHLCChart/gap-chart (Caused by NewConnectionError('<urllib3.connection.HTTPSConnection object at 0x7f96ff859fd0>: Failed to establish a new connection: [Errno 101] Network is unreachable'))
[2026-03-26T13:55:40.225+0000] {client.py:297} ERROR - API request failed: HTTPSConnectionPool(host='trading.vietcap.com.vn', port=443): Max retries exceeded with url: /api/chart/OHLCChart/gap-chart (Caused by NewConnectionError('<urllib3.connection.HTTPSConnection object at 0x7f96ff859fd0>: Failed to establish a new connection: [Errno 101] Network is unreachable'))
[2026-03-26T13:55:48.599+0000] {datalake_df2csv.py:68} INFO - ✅ Load dữ liệu thành công!
[2026-03-26T13:55:48.603+0000] {datalake_df2csv.py:69} INFO - 📊 Thông tin DataFrame:
[2026-03-26T13:55:48.608+0000] {datalake_df2csv.py:70} INFO -   - Số dòng: 20
[2026-03-26T13:55:48.618+0000] {datalake_df2csv.py:71} INFO -   - Số cột: 7
[2026-03-26T13:55:48.623+0000] {datalake_df2csv.py:72} INFO -   - Tên các cột: ['ticker', 'trading_date', 'open', 'high', 'low', 'close', 'volume']
[2026-03-26T13:55:48.635+0000] {datalake_df2csv.py:73} INFO -   - Kiểu dữ liệu: {'ticker': 'object', 'trading_date': 'object', 'open': 'float64', 'high': 'float64', 'low': 'float64', 'close': 'float64', 'volume': 'int64'}
[2026-03-26T13:55:48.668+0000] {datalake_df2csv.py:74} INFO -   - Bộ nhớ sử dụng: 0.00 MB
[2026-03-26T13:55:48.682+0000] {datalake_df2csv.py:83} INFO -   - Không có giá trị NULL
[2026-03-26T13:55:48.683+0000] {datalake_df2csv.py:86} INFO -   - Mẫu dữ liệu (5 dòng đầu):
[2026-03-26T13:55:48.685+0000] {datalake_df2csv.py:88} INFO -     Row 0: {'ticker': 'FIR', 'trading_date': '2026-03-23', 'open': 5.25, 'high': 5.25, 'low': 4.8, 'close': 5.15, 'volume': 124300}
[2026-03-26T13:55:48.686+0000] {datalake_df2csv.py:88} INFO -     Row 1: {'ticker': 'FIR', 'trading_date': '2026-03-24', 'open': 5.03, 'high': 5.2, 'low': 4.8, 'close': 5.15, 'volume': 544400}
[2026-03-26T13:55:48.687+0000] {datalake_df2csv.py:88} INFO -     Row 2: {'ticker': 'FIR', 'trading_date': '2026-03-25', 'open': 5.07, 'high': 5.2, 'low': 5.01, 'close': 5.2, 'volume': 213800}
[2026-03-26T13:55:48.688+0000] {datalake_df2csv.py:88} INFO -     Row 3: {'ticker': 'FIR', 'trading_date': '2026-03-26', 'open': 5.12, 'high': 5.19, 'low': 5.03, 'close': 5.14, 'volume': 88300}
[2026-03-26T13:55:48.689+0000] {datalake_df2csv.py:88} INFO -     Row 4: {'ticker': 'SCS', 'trading_date': '2026-03-23', 'open': 52.3, 'high': 52.3, 'low': 51.2, 'close': 51.3, 'volume': 200900}
[2026-03-26T13:55:48.690+0000] {datalake_df2csv.py:90} INFO - --------------------------------------------------------------------------------
[2026-03-26T13:55:48.693+0000] {datalake_df2csv.py:93} INFO - 📝 Bước 2: Đang chuyển đổi DataFrame sang CSV...
[2026-03-26T13:55:48.765+0000] {datalake_df2csv.py:97} INFO - ✅ Chuyển đổi CSV thành công!
[2026-03-26T13:55:48.766+0000] {datalake_df2csv.py:98} INFO -   - Kích thước file: 0.00 MB
[2026-03-26T13:55:48.768+0000] {datalake_df2csv.py:99} INFO -   - Thời gian chuyển đổi: 0.07 giây
[2026-03-26T13:55:48.769+0000] {datalake_df2csv.py:100} INFO - --------------------------------------------------------------------------------
[2026-03-26T13:55:48.771+0000] {datalake_df2csv.py:103} INFO - ☁️  Bước 3: Đang upload lên MinIO/S3...
[2026-03-26T13:55:50.669+0000] {base.py:84} INFO - Using connection ID 'minio_finance' for task execution.
[2026-03-26T13:55:50.676+0000] {connection_wrapper.py:384} INFO - AWS Connection (conn_id='minio_finance', conn_type='aws') credentials retrieved from login and password.
[2026-03-26T13:55:53.988+0000] {datalake_df2csv.py:112} INFO -   - Bucket 'thongtin-congty-va-bctc' đã tồn tại
[2026-03-26T13:55:54.086+0000] {datalake_df2csv.py:117} INFO - ✅ Upload thành công!
[2026-03-26T13:55:54.087+0000] {datalake_df2csv.py:118} INFO -   - Đường dẫn: s3://thongtin-congty-va-bctc/daily_price/2026-03-24/batch_238.csv
[2026-03-26T13:55:54.088+0000] {datalake_df2csv.py:119} INFO -   - Số dòng: 20
[2026-03-26T13:55:54.089+0000] {datalake_df2csv.py:120} INFO -   - Thời gian upload: 5.31 giây
[2026-03-26T13:55:54.089+0000] {datalake_df2csv.py:121} INFO - --------------------------------------------------------------------------------
[2026-03-26T13:55:54.090+0000] {datalake_df2csv.py:125} INFO - 📈 TỔNG KẾT:
[2026-03-26T13:55:54.092+0000] {datalake_df2csv.py:126} INFO -   - Tổng thời gian thực thi: 36.37 giây
[2026-03-26T13:55:54.093+0000] {datalake_df2csv.py:127} INFO -   - Tốc độ xử lý: 1 dòng/giây
[2026-03-26T13:55:54.094+0000] {datalake_df2csv.py:128} INFO - ================================================================================
[2026-03-26T13:55:54.095+0000] {datalake_df2csv.py:129} INFO - ✅ HOÀN THÀNH TASK: ingest_daily_price
[2026-03-26T13:55:54.095+0000] {datalake_df2csv.py:130} INFO - ================================================================================
[2026-03-26T13:55:54.100+0000] {taskinstance.py:441} INFO - ::group::Post task execution logs
[2026-03-26T13:55:54.120+0000] {taskinstance.py:1206} INFO - Marking task as SUCCESS. dag_id=daily_price, task_id=ingest_daily_price, run_id=scheduled__2026-03-24T16:00:00+00:00, map_index=238, execution_date=20260324T160000, start_date=20260326T135517, end_date=20260326T135554
[2026-03-26T13:55:57.301+0000] {local_task_job_runner.py:243} INFO - Task exited with return code 0
[2026-03-26T13:55:57.349+0000] {taskinstance.py:3503} INFO - 0 downstream tasks scheduled from follow-on schedule check
[2026-03-26T13:55:57.355+0000] {local_task_job_runner.py:222} INFO - ::endgroup::
