[2026-02-28T02:00:08.426+0000] {local_task_job_runner.py:120} INFO - ::group::Pre task execution logs
[2026-02-28T02:00:08.461+0000] {taskinstance.py:2076} INFO - Dependencies all met for dep_context=non-requeueable deps ti=<TaskInstance: daily_price.ingest_daily_price scheduled__2026-02-26T16:00:00+00:00 map_index=210 [queued]>
[2026-02-28T02:00:08.485+0000] {taskinstance.py:2076} INFO - Dependencies all met for dep_context=requeueable deps ti=<TaskInstance: daily_price.ingest_daily_price scheduled__2026-02-26T16:00:00+00:00 map_index=210 [queued]>
[2026-02-28T02:00:08.486+0000] {taskinstance.py:2306} INFO - Starting attempt 1 of 2
[2026-02-28T02:00:08.508+0000] {taskinstance.py:2330} INFO - Executing <Mapped(DfToCsvOperator): ingest_daily_price> on 2026-02-26 16:00:00+00:00
[2026-02-28T02:00:08.528+0000] {warnings.py:112} WARNING - This process (pid=2271) is multi-threaded, use of fork() may lead to deadlocks in the child.

[2026-02-28T02:00:08.530+0000] {standard_task_runner.py:64} INFO - Started process 2348 to run task
[2026-02-28T02:00:08.528+0000] {standard_task_runner.py:90} INFO - Running: ['***', 'tasks', 'run', 'daily_price', 'ingest_daily_price', 'scheduled__2026-02-26T16:00:00+00:00', '--job-id', '28355', '--raw', '--subdir', 'DAGS_FOLDER/dl_dailly_price.py', '--cfg-path', '/tmp/tmp_k_wzjj4', '--map-index', '210']
[2026-02-28T02:00:08.535+0000] {standard_task_runner.py:91} INFO - Job 28355: Subtask ingest_daily_price
[2026-02-28T02:00:08.618+0000] {task_command.py:426} INFO - Running <TaskInstance: daily_price.ingest_daily_price scheduled__2026-02-26T16:00:00+00:00 map_index=210 [running]> on host b6d397e728c6
[2026-02-28T02:00:13.306+0000] {taskinstance.py:2648} INFO - Exporting env vars: AIRFLOW_CTX_DAG_OWNER='***' AIRFLOW_CTX_DAG_ID='daily_price' AIRFLOW_CTX_TASK_ID='ingest_daily_price' AIRFLOW_CTX_EXECUTION_DATE='2026-02-26T16:00:00+00:00' AIRFLOW_CTX_TRY_NUMBER='1' AIRFLOW_CTX_DAG_RUN_ID='scheduled__2026-02-26T16:00:00+00:00'
[2026-02-28T02:00:13.308+0000] {taskinstance.py:430} INFO - ::endgroup::
[2026-02-28T02:00:13.309+0000] {datalake_df2csv.py:40} INFO - ================================================================================
[2026-02-28T02:00:13.310+0000] {datalake_df2csv.py:41} INFO - 🚀 BẮT ĐẦU TASK: ingest_daily_price
[2026-02-28T02:00:13.310+0000] {datalake_df2csv.py:42} INFO - ================================================================================
[2026-02-28T02:00:13.311+0000] {datalake_df2csv.py:43} INFO - 📋 Thông tin cấu hình:
[2026-02-28T02:00:13.311+0000] {datalake_df2csv.py:44} INFO -   - Logic file: history_price
[2026-02-28T02:00:13.311+0000] {datalake_df2csv.py:45} INFO -   - DataFrame name: get_history_price_batch
[2026-02-28T02:00:13.312+0000] {datalake_df2csv.py:46} INFO -   - Bucket: thongtin-congty-va-bctc
[2026-02-28T02:00:13.312+0000] {datalake_df2csv.py:47} INFO -   - Object path: daily_price/2026-02-26/batch_210.csv
[2026-02-28T02:00:13.313+0000] {datalake_df2csv.py:48} INFO -   - Connection ID: minio_finance
[2026-02-28T02:00:13.313+0000] {datalake_df2csv.py:49} INFO -   - Tham số truyền vào: {'symbols': ['AAM', 'HPB', 'PDB', 'ALV', 'AGG'], 'start_date': '2026-02-26', 'end_date': '2026-02-27'}
[2026-02-28T02:00:13.314+0000] {datalake_df2csv.py:50} INFO - --------------------------------------------------------------------------------
[2026-02-28T02:00:13.314+0000] {datalake_df2csv.py:54} INFO - 📥 Bước 1: Đang load dữ liệu từ logic file...
[2026-02-28T02:00:13.319+0000] {datalake_df2csv.py:148} INFO -   - Logic directory: /opt/airflow/plugins/logic
[2026-02-28T02:00:13.320+0000] {datalake_df2csv.py:149} INFO -   - Module path: /opt/airflow/plugins/logic/history_price.py
[2026-02-28T02:00:13.321+0000] {datalake_df2csv.py:153} INFO -   - Đã thêm logic directory vào sys.path
[2026-02-28T02:00:13.323+0000] {datalake_df2csv.py:159} INFO -   - Đang load module 'history_price'...
[2026-02-28T02:00:13.329+0000] {datalake_df2csv.py:163} INFO -   - ✅ Module loaded thành công
[2026-02-28T02:00:13.329+0000] {datalake_df2csv.py:165} INFO -   - Đang tìm DataFrame/function: 'get_history_price_batch'...
[2026-02-28T02:00:13.330+0000] {datalake_df2csv.py:170} INFO -   - ✅ Tìm thấy object: function
[2026-02-28T02:00:13.330+0000] {datalake_df2csv.py:173} INFO -   - Đang gọi function với tham số: {'symbols': ['AAM', 'HPB', 'PDB', 'ALV', 'AGG'], 'start_date': '2026-02-26', 'end_date': '2026-02-27'}
[2026-02-28T02:00:19.893+0000] {datalake_df2csv.py:68} INFO - ✅ Load dữ liệu thành công!
[2026-02-28T02:00:19.895+0000] {datalake_df2csv.py:69} INFO - 📊 Thông tin DataFrame:
[2026-02-28T02:00:19.896+0000] {datalake_df2csv.py:70} INFO -   - Số dòng: 15
[2026-02-28T02:00:19.899+0000] {datalake_df2csv.py:71} INFO -   - Số cột: 7
[2026-02-28T02:00:19.901+0000] {datalake_df2csv.py:72} INFO -   - Tên các cột: ['ticker', 'trading_date', 'open', 'high', 'low', 'close', 'volume']
[2026-02-28T02:00:19.905+0000] {datalake_df2csv.py:73} INFO -   - Kiểu dữ liệu: {'ticker': 'object', 'trading_date': 'object', 'open': 'float64', 'high': 'float64', 'low': 'float64', 'close': 'float64', 'volume': 'int64'}
[2026-02-28T02:00:19.918+0000] {datalake_df2csv.py:74} INFO -   - Bộ nhớ sử dụng: 0.00 MB
[2026-02-28T02:00:19.928+0000] {datalake_df2csv.py:83} INFO -   - Không có giá trị NULL
[2026-02-28T02:00:19.929+0000] {datalake_df2csv.py:86} INFO -   - Mẫu dữ liệu (5 dòng đầu):
[2026-02-28T02:00:19.930+0000] {datalake_df2csv.py:88} INFO -     Row 0: {'ticker': 'AAM', 'trading_date': '2026-02-25', 'open': 6.7, 'high': 6.7, 'low': 6.5, 'close': 6.5, 'volume': 4200}
[2026-02-28T02:00:19.932+0000] {datalake_df2csv.py:88} INFO -     Row 1: {'ticker': 'AAM', 'trading_date': '2026-02-26', 'open': 6.5, 'high': 6.64, 'low': 6.34, 'close': 6.64, 'volume': 15200}
[2026-02-28T02:00:19.933+0000] {datalake_df2csv.py:88} INFO -     Row 2: {'ticker': 'AAM', 'trading_date': '2026-02-27', 'open': 6.51, 'high': 6.65, 'low': 6.5, 'close': 6.62, 'volume': 5700}
[2026-02-28T02:00:19.934+0000] {datalake_df2csv.py:88} INFO -     Row 3: {'ticker': 'HPB', 'trading_date': '2026-02-25', 'open': 32.8, 'high': 36.5, 'low': 32.8, 'close': 36.5, 'volume': 19800}
[2026-02-28T02:00:19.935+0000] {datalake_df2csv.py:88} INFO -     Row 4: {'ticker': 'HPB', 'trading_date': '2026-02-26', 'open': 41.6, 'high': 41.6, 'low': 41.6, 'close': 41.6, 'volume': 42500}
[2026-02-28T02:00:19.936+0000] {datalake_df2csv.py:90} INFO - --------------------------------------------------------------------------------
[2026-02-28T02:00:19.936+0000] {datalake_df2csv.py:93} INFO - 📝 Bước 2: Đang chuyển đổi DataFrame sang CSV...
[2026-02-28T02:00:19.955+0000] {datalake_df2csv.py:97} INFO - ✅ Chuyển đổi CSV thành công!
[2026-02-28T02:00:19.957+0000] {datalake_df2csv.py:98} INFO -   - Kích thước file: 0.00 MB
[2026-02-28T02:00:19.959+0000] {datalake_df2csv.py:99} INFO -   - Thời gian chuyển đổi: 0.02 giây
[2026-02-28T02:00:19.959+0000] {datalake_df2csv.py:100} INFO - --------------------------------------------------------------------------------
[2026-02-28T02:00:19.960+0000] {datalake_df2csv.py:103} INFO - ☁️  Bước 3: Đang upload lên MinIO/S3...
[2026-02-28T02:00:20.005+0000] {base.py:84} INFO - Using connection ID 'minio_finance' for task execution.
[2026-02-28T02:00:20.007+0000] {connection_wrapper.py:384} INFO - AWS Connection (conn_id='minio_finance', conn_type='aws') credentials retrieved from login and password.
[2026-02-28T02:00:22.869+0000] {datalake_df2csv.py:112} INFO -   - Bucket 'thongtin-congty-va-bctc' đã tồn tại
[2026-02-28T02:00:22.942+0000] {datalake_df2csv.py:117} INFO - ✅ Upload thành công!
[2026-02-28T02:00:22.943+0000] {datalake_df2csv.py:118} INFO -   - Đường dẫn: s3://thongtin-congty-va-bctc/daily_price/2026-02-26/batch_210.csv
[2026-02-28T02:00:22.943+0000] {datalake_df2csv.py:119} INFO -   - Số dòng: 15
[2026-02-28T02:00:22.944+0000] {datalake_df2csv.py:120} INFO -   - Thời gian upload: 2.98 giây
[2026-02-28T02:00:22.945+0000] {datalake_df2csv.py:121} INFO - --------------------------------------------------------------------------------
[2026-02-28T02:00:22.945+0000] {datalake_df2csv.py:125} INFO - 📈 TỔNG KẾT:
[2026-02-28T02:00:22.946+0000] {datalake_df2csv.py:126} INFO -   - Tổng thời gian thực thi: 9.64 giây
[2026-02-28T02:00:22.947+0000] {datalake_df2csv.py:127} INFO -   - Tốc độ xử lý: 2 dòng/giây
[2026-02-28T02:00:22.947+0000] {datalake_df2csv.py:128} INFO - ================================================================================
[2026-02-28T02:00:22.948+0000] {datalake_df2csv.py:129} INFO - ✅ HOÀN THÀNH TASK: ingest_daily_price
[2026-02-28T02:00:22.949+0000] {datalake_df2csv.py:130} INFO - ================================================================================
[2026-02-28T02:00:22.950+0000] {taskinstance.py:441} INFO - ::group::Post task execution logs
[2026-02-28T02:00:22.982+0000] {taskinstance.py:1206} INFO - Marking task as SUCCESS. dag_id=daily_price, task_id=ingest_daily_price, run_id=scheduled__2026-02-26T16:00:00+00:00, map_index=210, execution_date=20260226T160000, start_date=20260228T020008, end_date=20260228T020022
[2026-02-28T02:00:23.061+0000] {local_task_job_runner.py:243} INFO - Task exited with return code 0
[2026-02-28T02:00:23.083+0000] {taskinstance.py:3503} INFO - 0 downstream tasks scheduled from follow-on schedule check
[2026-02-28T02:00:23.088+0000] {local_task_job_runner.py:222} INFO - ::endgroup::
