[2026-01-18T15:37:19.844+0000] {local_task_job_runner.py:120} INFO - ::group::Pre task execution logs
[2026-01-18T15:37:19.869+0000] {taskinstance.py:2076} INFO - Dependencies all met for dep_context=non-requeueable deps ti=<TaskInstance: backup_db_parallel.sync_market_index_partition manual__2026-01-18T15:36:46.924948+00:00 map_index=0 [queued]>
[2026-01-18T15:37:19.881+0000] {taskinstance.py:2076} INFO - Dependencies all met for dep_context=requeueable deps ti=<TaskInstance: backup_db_parallel.sync_market_index_partition manual__2026-01-18T15:36:46.924948+00:00 map_index=0 [queued]>
[2026-01-18T15:37:19.882+0000] {taskinstance.py:2306} INFO - Starting attempt 1 of 3
[2026-01-18T15:37:19.899+0000] {taskinstance.py:2330} INFO - Executing <Mapped(_PythonDecoratedOperator): sync_market_index_partition> on 2026-01-18 15:36:46.924948+00:00
[2026-01-18T15:37:19.908+0000] {warnings.py:112} WARNING - This process (pid=195) is multi-threaded, use of fork() may lead to deadlocks in the child.

[2026-01-18T15:37:19.910+0000] {standard_task_runner.py:64} INFO - Started process 217 to run task
[2026-01-18T15:37:19.912+0000] {standard_task_runner.py:90} INFO - Running: ['***', 'tasks', 'run', 'backup_db_parallel', 'sync_market_index_partition', 'manual__2026-01-18T15:36:46.924948+00:00', '--job-id', '2934', '--raw', '--subdir', 'DAGS_FOLDER/backup_db_parallel.py', '--cfg-path', '/tmp/tmpfbm152fk', '--map-index', '0']
[2026-01-18T15:37:19.916+0000] {standard_task_runner.py:91} INFO - Job 2934: Subtask sync_market_index_partition
[2026-01-18T15:37:19.966+0000] {task_command.py:426} INFO - Running <TaskInstance: backup_db_parallel.sync_market_index_partition manual__2026-01-18T15:36:46.924948+00:00 map_index=0 [running]> on host f1ebad430fe6
[2026-01-18T15:37:20.066+0000] {taskinstance.py:2648} INFO - Exporting env vars: AIRFLOW_CTX_DAG_OWNER='***' AIRFLOW_CTX_DAG_ID='backup_db_parallel' AIRFLOW_CTX_TASK_ID='sync_market_index_partition' AIRFLOW_CTX_EXECUTION_DATE='2026-01-18T15:36:46.924948+00:00' AIRFLOW_CTX_TRY_NUMBER='1' AIRFLOW_CTX_DAG_RUN_ID='manual__2026-01-18T15:36:46.924948+00:00'
[2026-01-18T15:37:20.067+0000] {taskinstance.py:430} INFO - ::endgroup::
[2026-01-18T15:37:20.083+0000] {base.py:84} INFO - Using connection ID 'minio_finance' for task execution.
[2026-01-18T15:37:20.084+0000] {connection_wrapper.py:384} INFO - AWS Connection (conn_id='minio_finance', conn_type='aws') credentials retrieved from login and password.
[2026-01-18T15:37:20.721+0000] {logging_mixin.py:188} INFO - ✓ Found 1 CSV files in thongtin-congty-va-bctc/index_price/2025-12-31/
[2026-01-18T15:37:20.730+0000] {base.py:84} INFO - Using connection ID 'minio_finance' for task execution.
[2026-01-18T15:37:20.731+0000] {connection_wrapper.py:384} INFO - AWS Connection (conn_id='minio_finance', conn_type='aws') credentials retrieved from login and password.
[2026-01-18T15:37:20.927+0000] {logging_mixin.py:188} INFO - ✓ Read 23874 rows from index_price/2025-12-31/2025.csv
[2026-01-18T15:37:20.929+0000] {logging_mixin.py:188} INFO - ✓ Concatenated 1 files into 23874 total rows
[2026-01-18T15:37:22.727+0000] {python.py:237} INFO - Done. Returned value was: {'partition': 'index_price/2025-12-31/', 'rows': 0, 'status': 'error: column "time" of relation "market_index" does not exist\nLINE 1: ...RT INTO hethong_phantich_chungkhoan.market_index (time, open...\n                                                             ^\n'}
[2026-01-18T15:37:22.728+0000] {taskinstance.py:441} INFO - ::group::Post task execution logs
[2026-01-18T15:37:22.751+0000] {taskinstance.py:1206} INFO - Marking task as SUCCESS. dag_id=backup_db_parallel, task_id=sync_market_index_partition, run_id=manual__2026-01-18T15:36:46.924948+00:00, map_index=0, execution_date=20260118T153646, start_date=20260118T153719, end_date=20260118T153722
[2026-01-18T15:37:22.814+0000] {local_task_job_runner.py:243} INFO - Task exited with return code 0
[2026-01-18T15:37:22.851+0000] {taskinstance.py:3503} INFO - 0 downstream tasks scheduled from follow-on schedule check
[2026-01-18T15:37:22.853+0000] {local_task_job_runner.py:222} INFO - ::endgroup::
