[2026-02-19T09:09:02.419+0000] {local_task_job_runner.py:120} INFO - ::group::Pre task execution logs
[2026-02-19T09:09:02.507+0000] {taskinstance.py:2076} INFO - Dependencies all met for dep_context=non-requeueable deps ti=<TaskInstance: minio_to_db_sync.sync_electric_board manual__2026-02-19T09:08:55.260651+00:00 [queued]>
[2026-02-19T09:09:02.537+0000] {taskinstance.py:2076} INFO - Dependencies all met for dep_context=requeueable deps ti=<TaskInstance: minio_to_db_sync.sync_electric_board manual__2026-02-19T09:08:55.260651+00:00 [queued]>
[2026-02-19T09:09:02.547+0000] {taskinstance.py:2306} INFO - Starting attempt 1 of 3
[2026-02-19T09:09:02.598+0000] {taskinstance.py:2330} INFO - Executing <Task(_PythonDecoratedOperator): sync_electric_board> on 2026-02-19 09:08:55.260651+00:00
[2026-02-19T09:09:02.635+0000] {warnings.py:112} WARNING - This process (pid=1154) is multi-threaded, use of fork() may lead to deadlocks in the child.

[2026-02-19T09:09:02.642+0000] {standard_task_runner.py:64} INFO - Started process 1169 to run task
[2026-02-19T09:09:02.644+0000] {standard_task_runner.py:90} INFO - Running: ['***', 'tasks', 'run', 'minio_to_db_sync', 'sync_electric_board', 'manual__2026-02-19T09:08:55.260651+00:00', '--job-id', '22493', '--raw', '--subdir', 'DAGS_FOLDER/minio_to_db_sync.py', '--cfg-path', '/tmp/tmpt3gj5zkf']
[2026-02-19T09:09:02.673+0000] {standard_task_runner.py:91} INFO - Job 22493: Subtask sync_electric_board
[2026-02-19T09:09:02.845+0000] {task_command.py:426} INFO - Running <TaskInstance: minio_to_db_sync.sync_electric_board manual__2026-02-19T09:08:55.260651+00:00 [running]> on host ce3ec83b0f12
[2026-02-19T09:09:03.086+0000] {taskinstance.py:2648} INFO - Exporting env vars: AIRFLOW_CTX_DAG_OWNER='***' AIRFLOW_CTX_DAG_ID='minio_to_db_sync' AIRFLOW_CTX_TASK_ID='sync_electric_board' AIRFLOW_CTX_EXECUTION_DATE='2026-02-19T09:08:55.260651+00:00' AIRFLOW_CTX_TRY_NUMBER='1' AIRFLOW_CTX_DAG_RUN_ID='manual__2026-02-19T09:08:55.260651+00:00'
[2026-02-19T09:09:03.090+0000] {taskinstance.py:430} INFO - ::endgroup::
[2026-02-19T09:09:03.105+0000] {logging_mixin.py:188} INFO - ======================================================================
[2026-02-19T09:09:03.105+0000] {logging_mixin.py:188} INFO - 📊 SYNC ELECTRIC BOARD TO DATABASE
[2026-02-19T09:09:03.106+0000] {logging_mixin.py:188} INFO - ======================================================================
[2026-02-19T09:09:03.106+0000] {logging_mixin.py:188} INFO - 
[1/4] Finding latest partition...
[2026-02-19T09:09:03.125+0000] {base.py:84} INFO - Using connection ID 'minio_finance' for task execution.
[2026-02-19T09:09:03.127+0000] {connection_wrapper.py:384} INFO - AWS Connection (conn_id='minio_finance', conn_type='aws') credentials retrieved from login and password.
[2026-02-19T09:09:22.631+0000] {logging_mixin.py:188} INFO - 📂 Scanning 409 objects in thongtin-congty-va-bctc/electric_board_per_day/
[2026-02-19T09:09:22.633+0000] {logging_mixin.py:188} INFO - 📅 Found 13 valid date partition(s): ['2026-01-23', '2026-01-25', '2026-01-26', '2026-01-27', '2026-01-29', '2026-01-30', '2026-02-02', '2026-02-03', '2026-02-04', '2026-02-05', '2026-02-07', '2026-02-10', '2026-02-16']
[2026-02-19T09:09:22.633+0000] {logging_mixin.py:188} INFO - ✅ Latest partition selected: electric_board_per_day/2026-02-16/
[2026-02-19T09:09:22.634+0000] {logging_mixin.py:188} INFO - 
[2/4] Reading CSV files...
[2026-02-19T09:09:22.643+0000] {base.py:84} INFO - Using connection ID 'minio_finance' for task execution.
[2026-02-19T09:09:22.644+0000] {connection_wrapper.py:384} INFO - AWS Connection (conn_id='minio_finance', conn_type='aws') credentials retrieved from login and password.
[2026-02-19T09:09:22.807+0000] {logging_mixin.py:188} INFO - ✓ Found 2 CSV files in thongtin-congty-va-bctc/electric_board_per_day/2026-02-16/
[2026-02-19T09:09:22.814+0000] {base.py:84} INFO - Using connection ID 'minio_finance' for task execution.
[2026-02-19T09:09:22.814+0000] {connection_wrapper.py:384} INFO - AWS Connection (conn_id='minio_finance', conn_type='aws') credentials retrieved from login and password.
[2026-02-19T09:09:22.927+0000] {logging_mixin.py:188} INFO - ✓ Read 50 rows from electric_board_per_day/2026-02-16/batch_0.csv
[2026-02-19T09:09:22.935+0000] {base.py:84} INFO - Using connection ID 'minio_finance' for task execution.
[2026-02-19T09:09:22.936+0000] {connection_wrapper.py:384} INFO - AWS Connection (conn_id='minio_finance', conn_type='aws') credentials retrieved from login and password.
[2026-02-19T09:09:23.057+0000] {logging_mixin.py:188} INFO - ✓ Read 50 rows from electric_board_per_day/2026-02-16/batch_1.csv
[2026-02-19T09:09:23.059+0000] {logging_mixin.py:188} INFO - ✓ Concatenated 2 files into 100 total rows
[2026-02-19T09:09:23.059+0000] {logging_mixin.py:188} INFO - Loaded 100 rows
[2026-02-19T09:09:23.060+0000] {logging_mixin.py:188} INFO - 
[3/4] Transforming data...
[2026-02-19T09:09:23.062+0000] {logging_mixin.py:188} INFO - ⚠️ Missing required columns after mapping: ['ticker']
[2026-02-19T09:09:23.062+0000] {logging_mixin.py:188} INFO -   Available columns: ['trading_date']
[2026-02-19T09:09:23.064+0000] {logging_mixin.py:188} INFO - After cleaning: 0 rows
[2026-02-19T09:09:23.065+0000] {python.py:237} INFO - Done. Returned value was: ⚠️ No data after cleaning
[2026-02-19T09:09:23.065+0000] {taskinstance.py:441} INFO - ::group::Post task execution logs
[2026-02-19T09:09:23.091+0000] {taskinstance.py:1206} INFO - Marking task as SUCCESS. dag_id=minio_to_db_sync, task_id=sync_electric_board, run_id=manual__2026-02-19T09:08:55.260651+00:00, execution_date=20260219T090855, start_date=20260219T090902, end_date=20260219T090923
[2026-02-19T09:09:23.157+0000] {local_task_job_runner.py:243} INFO - Task exited with return code 0
[2026-02-19T09:09:23.185+0000] {taskinstance.py:3503} INFO - 0 downstream tasks scheduled from follow-on schedule check
[2026-02-19T09:09:23.187+0000] {local_task_job_runner.py:222} INFO - ::endgroup::
