[2026-04-27T02:09:18.575+0000] {local_task_job_runner.py:120} INFO - ::group::Pre task execution logs
[2026-04-27T02:09:18.637+0000] {taskinstance.py:2076} INFO - Dependencies all met for dep_context=non-requeueable deps ti=<TaskInstance: daily_price.ingest_daily_price scheduled__2026-04-23T16:00:00+00:00 map_index=91 [queued]>
[2026-04-27T02:09:18.685+0000] {taskinstance.py:2076} INFO - Dependencies all met for dep_context=requeueable deps ti=<TaskInstance: daily_price.ingest_daily_price scheduled__2026-04-23T16:00:00+00:00 map_index=91 [queued]>
[2026-04-27T02:09:18.687+0000] {taskinstance.py:2306} INFO - Starting attempt 1 of 2
[2026-04-27T02:09:18.726+0000] {taskinstance.py:2330} INFO - Executing <Mapped(DfToCsvOperator): ingest_daily_price> on 2026-04-23 16:00:00+00:00
[2026-04-27T02:09:18.758+0000] {warnings.py:112} WARNING - This process (pid=760) is multi-threaded, use of fork() may lead to deadlocks in the child.

[2026-04-27T02:09:18.762+0000] {standard_task_runner.py:64} INFO - Started process 790 to run task
[2026-04-27T02:09:18.777+0000] {standard_task_runner.py:90} INFO - Running: ['***', 'tasks', 'run', 'daily_price', 'ingest_daily_price', 'scheduled__2026-04-23T16:00:00+00:00', '--job-id', '45171', '--raw', '--subdir', 'DAGS_FOLDER/dl_dailly_price.py', '--cfg-path', '/tmp/tmp0avmav4k', '--map-index', '91']
[2026-04-27T02:09:18.783+0000] {standard_task_runner.py:91} INFO - Job 45171: Subtask ingest_daily_price
[2026-04-27T02:09:18.892+0000] {task_command.py:426} INFO - Running <TaskInstance: daily_price.ingest_daily_price scheduled__2026-04-23T16:00:00+00:00 map_index=91 [running]> on host f7731b43210f
[2026-04-27T02:09:19.667+0000] {taskinstance.py:2648} INFO - Exporting env vars: AIRFLOW_CTX_DAG_OWNER='***' AIRFLOW_CTX_DAG_ID='daily_price' AIRFLOW_CTX_TASK_ID='ingest_daily_price' AIRFLOW_CTX_EXECUTION_DATE='2026-04-23T16:00:00+00:00' AIRFLOW_CTX_TRY_NUMBER='1' AIRFLOW_CTX_DAG_RUN_ID='scheduled__2026-04-23T16:00:00+00:00'
[2026-04-27T02:09:19.674+0000] {taskinstance.py:430} INFO - ::endgroup::
[2026-04-27T02:09:19.674+0000] {datalake_df2csv.py:40} INFO - ================================================================================
[2026-04-27T02:09:19.675+0000] {datalake_df2csv.py:41} INFO - 🚀 BẮT ĐẦU TASK: ingest_daily_price
[2026-04-27T02:09:19.675+0000] {datalake_df2csv.py:42} INFO - ================================================================================
[2026-04-27T02:09:19.676+0000] {datalake_df2csv.py:43} INFO - 📋 Thông tin cấu hình:
[2026-04-27T02:09:19.676+0000] {datalake_df2csv.py:44} INFO -   - Logic file: history_price
[2026-04-27T02:09:19.677+0000] {datalake_df2csv.py:45} INFO -   - DataFrame name: get_history_price_batch
[2026-04-27T02:09:19.678+0000] {datalake_df2csv.py:46} INFO -   - Bucket: thongtin-congty-va-bctc
[2026-04-27T02:09:19.678+0000] {datalake_df2csv.py:47} INFO -   - Object path: daily_price/2026-04-23/batch_91.csv
[2026-04-27T02:09:19.679+0000] {datalake_df2csv.py:48} INFO -   - Connection ID: minio_finance
[2026-04-27T02:09:19.679+0000] {datalake_df2csv.py:49} INFO -   - Tham số truyền vào: {'symbols': ['VTO', 'DPC', 'SHN', 'TQN', 'LQN'], 'start_date': '2026-04-23', 'end_date': '2026-04-24'}
[2026-04-27T02:09:19.679+0000] {datalake_df2csv.py:50} INFO - --------------------------------------------------------------------------------
[2026-04-27T02:09:19.680+0000] {datalake_df2csv.py:54} INFO - 📥 Bước 1: Đang load dữ liệu từ logic file...
[2026-04-27T02:09:19.684+0000] {datalake_df2csv.py:148} INFO -   - Logic directory: /opt/airflow/plugins/logic
[2026-04-27T02:09:19.686+0000] {datalake_df2csv.py:149} INFO -   - Module path: /opt/airflow/plugins/logic/history_price.py
[2026-04-27T02:09:19.687+0000] {datalake_df2csv.py:153} INFO -   - Đã thêm logic directory vào sys.path
[2026-04-27T02:09:19.690+0000] {datalake_df2csv.py:159} INFO -   - Đang load module 'history_price'...
[2026-04-27T02:09:19.698+0000] {datalake_df2csv.py:163} INFO -   - ✅ Module loaded thành công
[2026-04-27T02:09:19.699+0000] {datalake_df2csv.py:165} INFO -   - Đang tìm DataFrame/function: 'get_history_price_batch'...
[2026-04-27T02:09:19.704+0000] {datalake_df2csv.py:170} INFO -   - ✅ Tìm thấy object: function
[2026-04-27T02:09:19.705+0000] {datalake_df2csv.py:173} INFO -   - Đang gọi function với tham số: {'symbols': ['VTO', 'DPC', 'SHN', 'TQN', 'LQN'], 'start_date': '2026-04-23', 'end_date': '2026-04-24'}
[2026-04-27T02:09:24.729+0000] {datalake_df2csv.py:68} INFO - ✅ Load dữ liệu thành công!
[2026-04-27T02:09:24.731+0000] {datalake_df2csv.py:69} INFO - 📊 Thông tin DataFrame:
[2026-04-27T02:09:24.733+0000] {datalake_df2csv.py:70} INFO -   - Số dòng: 15
[2026-04-27T02:09:24.736+0000] {datalake_df2csv.py:71} INFO -   - Số cột: 7
[2026-04-27T02:09:24.738+0000] {datalake_df2csv.py:72} INFO -   - Tên các cột: ['ticker', 'trading_date', 'open', 'high', 'low', 'close', 'volume']
[2026-04-27T02:09:24.742+0000] {datalake_df2csv.py:73} INFO -   - Kiểu dữ liệu: {'ticker': 'object', 'trading_date': 'object', 'open': 'float64', 'high': 'float64', 'low': 'float64', 'close': 'float64', 'volume': 'int64'}
[2026-04-27T02:09:24.746+0000] {datalake_df2csv.py:74} INFO -   - Bộ nhớ sử dụng: 0.00 MB
[2026-04-27T02:09:24.749+0000] {datalake_df2csv.py:83} INFO -   - Không có giá trị NULL
[2026-04-27T02:09:24.750+0000] {datalake_df2csv.py:86} INFO -   - Mẫu dữ liệu (5 dòng đầu):
[2026-04-27T02:09:24.752+0000] {datalake_df2csv.py:88} INFO -     Row 0: {'ticker': 'VTO', 'trading_date': '2026-04-22', 'open': 12.0, 'high': 12.0, 'low': 11.85, 'close': 11.95, 'volume': 190700}
[2026-04-27T02:09:24.755+0000] {datalake_df2csv.py:88} INFO -     Row 1: {'ticker': 'VTO', 'trading_date': '2026-04-23', 'open': 11.95, 'high': 12.0, 'low': 11.85, 'close': 11.95, 'volume': 262400}
[2026-04-27T02:09:24.758+0000] {datalake_df2csv.py:88} INFO -     Row 2: {'ticker': 'VTO', 'trading_date': '2026-04-24', 'open': 12.1, 'high': 12.25, 'low': 11.95, 'close': 12.2, 'volume': 509000}
[2026-04-27T02:09:24.759+0000] {datalake_df2csv.py:88} INFO -     Row 3: {'ticker': 'DPC', 'trading_date': '2026-04-21', 'open': 7.0, 'high': 7.0, 'low': 6.3, 'close': 7.0, 'volume': 2800}
[2026-04-27T02:09:24.761+0000] {datalake_df2csv.py:88} INFO -     Row 4: {'ticker': 'DPC', 'trading_date': '2026-04-23', 'open': 6.5, 'high': 6.5, 'low': 6.0, 'close': 6.0, 'volume': 4500}
[2026-04-27T02:09:24.763+0000] {datalake_df2csv.py:90} INFO - --------------------------------------------------------------------------------
[2026-04-27T02:09:24.764+0000] {datalake_df2csv.py:93} INFO - 📝 Bước 2: Đang chuyển đổi DataFrame sang CSV...
[2026-04-27T02:09:24.774+0000] {datalake_df2csv.py:97} INFO - ✅ Chuyển đổi CSV thành công!
[2026-04-27T02:09:24.775+0000] {datalake_df2csv.py:98} INFO -   - Kích thước file: 0.00 MB
[2026-04-27T02:09:24.777+0000] {datalake_df2csv.py:99} INFO -   - Thời gian chuyển đổi: 0.01 giây
[2026-04-27T02:09:24.781+0000] {datalake_df2csv.py:100} INFO - --------------------------------------------------------------------------------
[2026-04-27T02:09:24.782+0000] {datalake_df2csv.py:103} INFO - ☁️  Bước 3: Đang upload lên MinIO/S3...
[2026-04-27T02:09:24.800+0000] {base.py:84} INFO - Using connection ID 'minio_finance' for task execution.
[2026-04-27T02:09:24.803+0000] {connection_wrapper.py:384} INFO - AWS Connection (conn_id='minio_finance', conn_type='aws') credentials retrieved from login and password.
[2026-04-27T02:09:25.835+0000] {datalake_df2csv.py:112} INFO -   - Bucket 'thongtin-congty-va-bctc' đã tồn tại
[2026-04-27T02:09:25.928+0000] {datalake_df2csv.py:117} INFO - ✅ Upload thành công!
[2026-04-27T02:09:25.930+0000] {datalake_df2csv.py:118} INFO -   - Đường dẫn: s3://thongtin-congty-va-bctc/daily_price/2026-04-23/batch_91.csv
[2026-04-27T02:09:25.931+0000] {datalake_df2csv.py:119} INFO -   - Số dòng: 15
[2026-04-27T02:09:25.931+0000] {datalake_df2csv.py:120} INFO -   - Thời gian upload: 1.14 giây
[2026-04-27T02:09:25.932+0000] {datalake_df2csv.py:121} INFO - --------------------------------------------------------------------------------
[2026-04-27T02:09:25.933+0000] {datalake_df2csv.py:125} INFO - 📈 TỔNG KẾT:
[2026-04-27T02:09:25.933+0000] {datalake_df2csv.py:126} INFO -   - Tổng thời gian thực thi: 6.26 giây
[2026-04-27T02:09:25.934+0000] {datalake_df2csv.py:127} INFO -   - Tốc độ xử lý: 2 dòng/giây
[2026-04-27T02:09:25.935+0000] {datalake_df2csv.py:128} INFO - ================================================================================
[2026-04-27T02:09:25.936+0000] {datalake_df2csv.py:129} INFO - ✅ HOÀN THÀNH TASK: ingest_daily_price
[2026-04-27T02:09:25.939+0000] {datalake_df2csv.py:130} INFO - ================================================================================
[2026-04-27T02:09:25.941+0000] {taskinstance.py:441} INFO - ::group::Post task execution logs
[2026-04-27T02:09:25.956+0000] {taskinstance.py:1206} INFO - Marking task as SUCCESS. dag_id=daily_price, task_id=ingest_daily_price, run_id=scheduled__2026-04-23T16:00:00+00:00, map_index=91, execution_date=20260423T160000, start_date=20260427T020918, end_date=20260427T020925
[2026-04-27T02:09:26.103+0000] {local_task_job_runner.py:243} INFO - Task exited with return code 0
[2026-04-27T02:09:26.148+0000] {taskinstance.py:3503} INFO - 0 downstream tasks scheduled from follow-on schedule check
[2026-04-27T02:09:26.153+0000] {local_task_job_runner.py:222} INFO - ::endgroup::
