[2026-02-05T14:00:21.581+0000] {local_task_job_runner.py:120} INFO - ::group::Pre task execution logs
[2026-02-05T14:00:21.634+0000] {taskinstance.py:2076} INFO - Dependencies all met for dep_context=non-requeueable deps ti=<TaskInstance: daily_price_minio.ingest_daily_price scheduled__2026-02-03T16:00:00+00:00 map_index=19 [queued]>
[2026-02-05T14:00:21.669+0000] {taskinstance.py:2076} INFO - Dependencies all met for dep_context=requeueable deps ti=<TaskInstance: daily_price_minio.ingest_daily_price scheduled__2026-02-03T16:00:00+00:00 map_index=19 [queued]>
[2026-02-05T14:00:21.672+0000] {taskinstance.py:2306} INFO - Starting attempt 1 of 2
[2026-02-05T14:00:21.761+0000] {taskinstance.py:2330} INFO - Executing <Mapped(DfToCsvOperator): ingest_daily_price> on 2026-02-03 16:00:00+00:00
[2026-02-05T14:00:21.779+0000] {warnings.py:112} WARNING - This process (pid=846) is multi-threaded, use of fork() may lead to deadlocks in the child.

[2026-02-05T14:00:21.782+0000] {standard_task_runner.py:64} INFO - Started process 946 to run task
[2026-02-05T14:00:21.789+0000] {standard_task_runner.py:90} INFO - Running: ['***', 'tasks', 'run', 'daily_price_minio', 'ingest_daily_price', 'scheduled__2026-02-03T16:00:00+00:00', '--job-id', '18184', '--raw', '--subdir', 'DAGS_FOLDER/dl_dailly_price.py', '--cfg-path', '/tmp/tmp5tehx6ml', '--map-index', '19']
[2026-02-05T14:00:21.796+0000] {standard_task_runner.py:91} INFO - Job 18184: Subtask ingest_daily_price
[2026-02-05T14:00:21.934+0000] {task_command.py:426} INFO - Running <TaskInstance: daily_price_minio.ingest_daily_price scheduled__2026-02-03T16:00:00+00:00 map_index=19 [running]> on host f1dca83810e1
[2026-02-05T14:00:22.168+0000] {taskinstance.py:2648} INFO - Exporting env vars: AIRFLOW_CTX_DAG_OWNER='***' AIRFLOW_CTX_DAG_ID='daily_price_minio' AIRFLOW_CTX_TASK_ID='ingest_daily_price' AIRFLOW_CTX_EXECUTION_DATE='2026-02-03T16:00:00+00:00' AIRFLOW_CTX_TRY_NUMBER='1' AIRFLOW_CTX_DAG_RUN_ID='scheduled__2026-02-03T16:00:00+00:00'
[2026-02-05T14:00:22.187+0000] {taskinstance.py:430} INFO - ::endgroup::
[2026-02-05T14:00:25.781+0000] {base.py:84} INFO - Using connection ID 'minio_finance' for task execution.
[2026-02-05T14:00:25.782+0000] {connection_wrapper.py:384} INFO - AWS Connection (conn_id='minio_finance', conn_type='aws') credentials retrieved from login and password.
[2026-02-05T14:00:27.527+0000] {datalake_df2csv.py:52} INFO - ✅ Đã upload 20 dòng -> s3://thongtin-congty-va-bctc/daily_price/2026-02-03/batch_19.csv
[2026-02-05T14:00:27.530+0000] {taskinstance.py:441} INFO - ::group::Post task execution logs
[2026-02-05T14:00:27.550+0000] {taskinstance.py:1206} INFO - Marking task as SUCCESS. dag_id=daily_price_minio, task_id=ingest_daily_price, run_id=scheduled__2026-02-03T16:00:00+00:00, map_index=19, execution_date=20260203T160000, start_date=20260205T140021, end_date=20260205T140027
[2026-02-05T14:00:27.696+0000] {local_task_job_runner.py:243} INFO - Task exited with return code 0
[2026-02-05T14:00:27.731+0000] {taskinstance.py:3503} INFO - 0 downstream tasks scheduled from follow-on schedule check
[2026-02-05T14:00:27.775+0000] {local_task_job_runner.py:222} INFO - ::endgroup::
