[2026-03-07T02:51:44.791+0000] {local_task_job_runner.py:120} INFO - ::group::Pre task execution logs
[2026-03-07T02:51:44.824+0000] {taskinstance.py:2076} INFO - Dependencies all met for dep_context=non-requeueable deps ti=<TaskInstance: daily_price.ingest_daily_price scheduled__2026-03-05T16:00:00+00:00 map_index=141 [queued]>
[2026-03-07T02:51:44.845+0000] {taskinstance.py:2076} INFO - Dependencies all met for dep_context=requeueable deps ti=<TaskInstance: daily_price.ingest_daily_price scheduled__2026-03-05T16:00:00+00:00 map_index=141 [queued]>
[2026-03-07T02:51:44.846+0000] {taskinstance.py:2306} INFO - Starting attempt 1 of 2
[2026-03-07T02:51:44.864+0000] {taskinstance.py:2330} INFO - Executing <Mapped(DfToCsvOperator): ingest_daily_price> on 2026-03-05 16:00:00+00:00
[2026-03-07T02:51:44.874+0000] {warnings.py:112} WARNING - This process (pid=1672) is multi-threaded, use of fork() may lead to deadlocks in the child.

[2026-03-07T02:51:44.876+0000] {standard_task_runner.py:64} INFO - Started process 1808 to run task
[2026-03-07T02:51:44.878+0000] {standard_task_runner.py:90} INFO - Running: ['***', 'tasks', 'run', 'daily_price', 'ingest_daily_price', 'scheduled__2026-03-05T16:00:00+00:00', '--job-id', '30837', '--raw', '--subdir', 'DAGS_FOLDER/dl_dailly_price.py', '--cfg-path', '/tmp/tmpu2n6q9hu', '--map-index', '141']
[2026-03-07T02:51:44.882+0000] {standard_task_runner.py:91} INFO - Job 30837: Subtask ingest_daily_price
[2026-03-07T02:51:44.943+0000] {task_command.py:426} INFO - Running <TaskInstance: daily_price.ingest_daily_price scheduled__2026-03-05T16:00:00+00:00 map_index=141 [running]> on host 037753ebc487
[2026-03-07T02:51:45.359+0000] {taskinstance.py:2648} INFO - Exporting env vars: AIRFLOW_CTX_DAG_OWNER='***' AIRFLOW_CTX_DAG_ID='daily_price' AIRFLOW_CTX_TASK_ID='ingest_daily_price' AIRFLOW_CTX_EXECUTION_DATE='2026-03-05T16:00:00+00:00' AIRFLOW_CTX_TRY_NUMBER='1' AIRFLOW_CTX_DAG_RUN_ID='scheduled__2026-03-05T16:00:00+00:00'
[2026-03-07T02:51:45.361+0000] {taskinstance.py:430} INFO - ::endgroup::
[2026-03-07T02:51:45.361+0000] {datalake_df2csv.py:40} INFO - ================================================================================
[2026-03-07T02:51:45.362+0000] {datalake_df2csv.py:41} INFO - 🚀 BẮT ĐẦU TASK: ingest_daily_price
[2026-03-07T02:51:45.363+0000] {datalake_df2csv.py:42} INFO - ================================================================================
[2026-03-07T02:51:45.364+0000] {datalake_df2csv.py:43} INFO - 📋 Thông tin cấu hình:
[2026-03-07T02:51:45.364+0000] {datalake_df2csv.py:44} INFO -   - Logic file: history_price
[2026-03-07T02:51:45.365+0000] {datalake_df2csv.py:45} INFO -   - DataFrame name: get_history_price_batch
[2026-03-07T02:51:45.366+0000] {datalake_df2csv.py:46} INFO -   - Bucket: thongtin-congty-va-bctc
[2026-03-07T02:51:45.366+0000] {datalake_df2csv.py:47} INFO -   - Object path: daily_price/2026-03-05/batch_141.csv
[2026-03-07T02:51:45.367+0000] {datalake_df2csv.py:48} INFO -   - Connection ID: minio_finance
[2026-03-07T02:51:45.367+0000] {datalake_df2csv.py:49} INFO -   - Tham số truyền vào: {'symbols': ['L45', 'HAH', 'VDL', 'VMD', 'GLC'], 'start_date': '2026-03-05', 'end_date': '2026-03-06'}
[2026-03-07T02:51:45.368+0000] {datalake_df2csv.py:50} INFO - --------------------------------------------------------------------------------
[2026-03-07T02:51:45.368+0000] {datalake_df2csv.py:54} INFO - 📥 Bước 1: Đang load dữ liệu từ logic file...
[2026-03-07T02:51:45.373+0000] {datalake_df2csv.py:148} INFO -   - Logic directory: /opt/airflow/plugins/logic
[2026-03-07T02:51:45.374+0000] {datalake_df2csv.py:149} INFO -   - Module path: /opt/airflow/plugins/logic/history_price.py
[2026-03-07T02:51:45.375+0000] {datalake_df2csv.py:153} INFO -   - Đã thêm logic directory vào sys.path
[2026-03-07T02:51:45.376+0000] {datalake_df2csv.py:159} INFO -   - Đang load module 'history_price'...
[2026-03-07T02:51:45.382+0000] {datalake_df2csv.py:163} INFO -   - ✅ Module loaded thành công
[2026-03-07T02:51:45.382+0000] {datalake_df2csv.py:165} INFO -   - Đang tìm DataFrame/function: 'get_history_price_batch'...
[2026-03-07T02:51:45.383+0000] {datalake_df2csv.py:170} INFO -   - ✅ Tìm thấy object: function
[2026-03-07T02:51:45.383+0000] {datalake_df2csv.py:173} INFO -   - Đang gọi function với tham số: {'symbols': ['L45', 'HAH', 'VDL', 'VMD', 'GLC'], 'start_date': '2026-03-05', 'end_date': '2026-03-06'}
[2026-03-07T02:51:54.604+0000] {datalake_df2csv.py:68} INFO - ✅ Load dữ liệu thành công!
[2026-03-07T02:51:54.605+0000] {datalake_df2csv.py:69} INFO - 📊 Thông tin DataFrame:
[2026-03-07T02:51:54.606+0000] {datalake_df2csv.py:70} INFO -   - Số dòng: 15
[2026-03-07T02:51:54.607+0000] {datalake_df2csv.py:71} INFO -   - Số cột: 7
[2026-03-07T02:51:54.607+0000] {datalake_df2csv.py:72} INFO -   - Tên các cột: ['ticker', 'trading_date', 'open', 'high', 'low', 'close', 'volume']
[2026-03-07T02:51:54.608+0000] {datalake_df2csv.py:73} INFO -   - Kiểu dữ liệu: {'ticker': 'object', 'trading_date': 'object', 'open': 'float64', 'high': 'float64', 'low': 'float64', 'close': 'float64', 'volume': 'int64'}
[2026-03-07T02:51:54.612+0000] {datalake_df2csv.py:74} INFO -   - Bộ nhớ sử dụng: 0.00 MB
[2026-03-07T02:51:54.615+0000] {datalake_df2csv.py:83} INFO -   - Không có giá trị NULL
[2026-03-07T02:51:54.616+0000] {datalake_df2csv.py:86} INFO -   - Mẫu dữ liệu (5 dòng đầu):
[2026-03-07T02:51:54.617+0000] {datalake_df2csv.py:88} INFO -     Row 0: {'ticker': 'L45', 'trading_date': '2026-01-23', 'open': 1.6, 'high': 1.7, 'low': 1.6, 'close': 1.7, 'volume': 1300}
[2026-03-07T02:51:54.618+0000] {datalake_df2csv.py:88} INFO -     Row 1: {'ticker': 'L45', 'trading_date': '2026-02-13', 'open': 1.9, 'high': 1.9, 'low': 1.9, 'close': 1.9, 'volume': 100}
[2026-03-07T02:51:54.619+0000] {datalake_df2csv.py:88} INFO -     Row 2: {'ticker': 'L45', 'trading_date': '2026-02-27', 'open': 1.7, 'high': 1.7, 'low': 1.7, 'close': 1.7, 'volume': 500}
[2026-03-07T02:51:54.620+0000] {datalake_df2csv.py:88} INFO -     Row 3: {'ticker': 'HAH', 'trading_date': '2026-03-04', 'open': 71.0, 'high': 71.5, 'low': 66.1, 'close': 67.0, 'volume': 9160200}
[2026-03-07T02:51:54.620+0000] {datalake_df2csv.py:88} INFO -     Row 4: {'ticker': 'HAH', 'trading_date': '2026-03-05', 'open': 67.2, 'high': 67.2, 'low': 63.6, 'close': 63.6, 'volume': 5920400}
[2026-03-07T02:51:54.621+0000] {datalake_df2csv.py:90} INFO - --------------------------------------------------------------------------------
[2026-03-07T02:51:54.622+0000] {datalake_df2csv.py:93} INFO - 📝 Bước 2: Đang chuyển đổi DataFrame sang CSV...
[2026-03-07T02:51:54.626+0000] {datalake_df2csv.py:97} INFO - ✅ Chuyển đổi CSV thành công!
[2026-03-07T02:51:54.627+0000] {datalake_df2csv.py:98} INFO -   - Kích thước file: 0.00 MB
[2026-03-07T02:51:54.628+0000] {datalake_df2csv.py:99} INFO -   - Thời gian chuyển đổi: 0.00 giây
[2026-03-07T02:51:54.628+0000] {datalake_df2csv.py:100} INFO - --------------------------------------------------------------------------------
[2026-03-07T02:51:54.629+0000] {datalake_df2csv.py:103} INFO - ☁️  Bước 3: Đang upload lên MinIO/S3...
[2026-03-07T02:51:54.644+0000] {base.py:84} INFO - Using connection ID 'minio_finance' for task execution.
[2026-03-07T02:51:54.645+0000] {connection_wrapper.py:384} INFO - AWS Connection (conn_id='minio_finance', conn_type='aws') credentials retrieved from login and password.
[2026-03-07T02:51:55.401+0000] {datalake_df2csv.py:112} INFO -   - Bucket 'thongtin-congty-va-bctc' đã tồn tại
[2026-03-07T02:51:55.455+0000] {datalake_df2csv.py:117} INFO - ✅ Upload thành công!
[2026-03-07T02:51:55.456+0000] {datalake_df2csv.py:118} INFO -   - Đường dẫn: s3://thongtin-congty-va-bctc/daily_price/2026-03-05/batch_141.csv
[2026-03-07T02:51:55.456+0000] {datalake_df2csv.py:119} INFO -   - Số dòng: 15
[2026-03-07T02:51:55.457+0000] {datalake_df2csv.py:120} INFO -   - Thời gian upload: 0.83 giây
[2026-03-07T02:51:55.457+0000] {datalake_df2csv.py:121} INFO - --------------------------------------------------------------------------------
[2026-03-07T02:51:55.458+0000] {datalake_df2csv.py:125} INFO - 📈 TỔNG KẾT:
[2026-03-07T02:51:55.458+0000] {datalake_df2csv.py:126} INFO -   - Tổng thời gian thực thi: 10.10 giây
[2026-03-07T02:51:55.459+0000] {datalake_df2csv.py:127} INFO -   - Tốc độ xử lý: 1 dòng/giây
[2026-03-07T02:51:55.459+0000] {datalake_df2csv.py:128} INFO - ================================================================================
[2026-03-07T02:51:55.460+0000] {datalake_df2csv.py:129} INFO - ✅ HOÀN THÀNH TASK: ingest_daily_price
[2026-03-07T02:51:55.461+0000] {datalake_df2csv.py:130} INFO - ================================================================================
[2026-03-07T02:51:55.462+0000] {taskinstance.py:441} INFO - ::group::Post task execution logs
[2026-03-07T02:51:55.477+0000] {taskinstance.py:1206} INFO - Marking task as SUCCESS. dag_id=daily_price, task_id=ingest_daily_price, run_id=scheduled__2026-03-05T16:00:00+00:00, map_index=141, execution_date=20260305T160000, start_date=20260307T025144, end_date=20260307T025155
[2026-03-07T02:51:55.558+0000] {local_task_job_runner.py:243} INFO - Task exited with return code 0
[2026-03-07T02:51:55.581+0000] {taskinstance.py:3503} INFO - 0 downstream tasks scheduled from follow-on schedule check
[2026-03-07T02:51:55.586+0000] {local_task_job_runner.py:222} INFO - ::endgroup::
