[2026-04-29T12:50:04.761+0000] {local_task_job_runner.py:120} INFO - ::group::Pre task execution logs
[2026-04-29T12:50:04.807+0000] {taskinstance.py:2076} INFO - Dependencies all met for dep_context=non-requeueable deps ti=<TaskInstance: daily_price.ingest_daily_price scheduled__2026-04-27T16:00:00+00:00 map_index=55 [queued]>
[2026-04-29T12:50:04.830+0000] {taskinstance.py:2076} INFO - Dependencies all met for dep_context=requeueable deps ti=<TaskInstance: daily_price.ingest_daily_price scheduled__2026-04-27T16:00:00+00:00 map_index=55 [queued]>
[2026-04-29T12:50:04.831+0000] {taskinstance.py:2306} INFO - Starting attempt 1 of 2
[2026-04-29T12:50:04.858+0000] {taskinstance.py:2330} INFO - Executing <Mapped(DfToCsvOperator): ingest_daily_price> on 2026-04-27 16:00:00+00:00
[2026-04-29T12:50:04.872+0000] {warnings.py:112} WARNING - This process (pid=925) is multi-threaded, use of fork() may lead to deadlocks in the child.

[2026-04-29T12:50:04.873+0000] {standard_task_runner.py:64} INFO - Started process 963 to run task
[2026-04-29T12:50:04.876+0000] {standard_task_runner.py:90} INFO - Running: ['***', 'tasks', 'run', 'daily_price', 'ingest_daily_price', 'scheduled__2026-04-27T16:00:00+00:00', '--job-id', '45921', '--raw', '--subdir', 'DAGS_FOLDER/dl_dailly_price.py', '--cfg-path', '/tmp/tmpz7pqng9k', '--map-index', '55']
[2026-04-29T12:50:04.880+0000] {standard_task_runner.py:91} INFO - Job 45921: Subtask ingest_daily_price
[2026-04-29T12:50:04.969+0000] {task_command.py:426} INFO - Running <TaskInstance: daily_price.ingest_daily_price scheduled__2026-04-27T16:00:00+00:00 map_index=55 [running]> on host e6b8a6339933
[2026-04-29T12:50:05.174+0000] {taskinstance.py:2648} INFO - Exporting env vars: AIRFLOW_CTX_DAG_OWNER='***' AIRFLOW_CTX_DAG_ID='daily_price' AIRFLOW_CTX_TASK_ID='ingest_daily_price' AIRFLOW_CTX_EXECUTION_DATE='2026-04-27T16:00:00+00:00' AIRFLOW_CTX_TRY_NUMBER='1' AIRFLOW_CTX_DAG_RUN_ID='scheduled__2026-04-27T16:00:00+00:00'
[2026-04-29T12:50:05.175+0000] {taskinstance.py:430} INFO - ::endgroup::
[2026-04-29T12:50:05.176+0000] {datalake_df2csv.py:40} INFO - ================================================================================
[2026-04-29T12:50:05.177+0000] {datalake_df2csv.py:41} INFO - 🚀 BẮT ĐẦU TASK: ingest_daily_price
[2026-04-29T12:50:05.178+0000] {datalake_df2csv.py:42} INFO - ================================================================================
[2026-04-29T12:50:05.178+0000] {datalake_df2csv.py:43} INFO - 📋 Thông tin cấu hình:
[2026-04-29T12:50:05.178+0000] {datalake_df2csv.py:44} INFO -   - Logic file: history_price
[2026-04-29T12:50:05.179+0000] {datalake_df2csv.py:45} INFO -   - DataFrame name: get_history_price_batch
[2026-04-29T12:50:05.179+0000] {datalake_df2csv.py:46} INFO -   - Bucket: thongtin-congty-va-bctc
[2026-04-29T12:50:05.180+0000] {datalake_df2csv.py:47} INFO -   - Object path: daily_price/2026-04-27/batch_55.csv
[2026-04-29T12:50:05.180+0000] {datalake_df2csv.py:48} INFO -   - Connection ID: minio_finance
[2026-04-29T12:50:05.181+0000] {datalake_df2csv.py:49} INFO -   - Tham số truyền vào: {'symbols': ['BLN', 'SSI', 'LIG', 'NGC', 'HRC'], 'start_date': '2026-04-27', 'end_date': '2026-04-28'}
[2026-04-29T12:50:05.182+0000] {datalake_df2csv.py:50} INFO - --------------------------------------------------------------------------------
[2026-04-29T12:50:05.183+0000] {datalake_df2csv.py:54} INFO - 📥 Bước 1: Đang load dữ liệu từ logic file...
[2026-04-29T12:50:05.187+0000] {datalake_df2csv.py:148} INFO -   - Logic directory: /opt/airflow/plugins/logic
[2026-04-29T12:50:05.188+0000] {datalake_df2csv.py:149} INFO -   - Module path: /opt/airflow/plugins/logic/history_price.py
[2026-04-29T12:50:05.189+0000] {datalake_df2csv.py:153} INFO -   - Đã thêm logic directory vào sys.path
[2026-04-29T12:50:05.191+0000] {datalake_df2csv.py:159} INFO -   - Đang load module 'history_price'...
[2026-04-29T12:50:05.195+0000] {datalake_df2csv.py:163} INFO -   - ✅ Module loaded thành công
[2026-04-29T12:50:05.196+0000] {datalake_df2csv.py:165} INFO -   - Đang tìm DataFrame/function: 'get_history_price_batch'...
[2026-04-29T12:50:05.197+0000] {datalake_df2csv.py:170} INFO -   - ✅ Tìm thấy object: function
[2026-04-29T12:50:05.198+0000] {datalake_df2csv.py:173} INFO -   - Đang gọi function với tham số: {'symbols': ['BLN', 'SSI', 'LIG', 'NGC', 'HRC'], 'start_date': '2026-04-27', 'end_date': '2026-04-28'}
[2026-04-29T12:50:10.347+0000] {datalake_df2csv.py:68} INFO - ✅ Load dữ liệu thành công!
[2026-04-29T12:50:10.348+0000] {datalake_df2csv.py:69} INFO - 📊 Thông tin DataFrame:
[2026-04-29T12:50:10.349+0000] {datalake_df2csv.py:70} INFO -   - Số dòng: 20
[2026-04-29T12:50:10.351+0000] {datalake_df2csv.py:71} INFO -   - Số cột: 7
[2026-04-29T12:50:10.352+0000] {datalake_df2csv.py:72} INFO -   - Tên các cột: ['ticker', 'trading_date', 'open', 'high', 'low', 'close', 'volume']
[2026-04-29T12:50:10.354+0000] {datalake_df2csv.py:73} INFO -   - Kiểu dữ liệu: {'ticker': 'object', 'trading_date': 'object', 'open': 'float64', 'high': 'float64', 'low': 'float64', 'close': 'float64', 'volume': 'int64'}
[2026-04-29T12:50:10.359+0000] {datalake_df2csv.py:74} INFO -   - Bộ nhớ sử dụng: 0.00 MB
[2026-04-29T12:50:10.361+0000] {datalake_df2csv.py:83} INFO -   - Không có giá trị NULL
[2026-04-29T12:50:10.362+0000] {datalake_df2csv.py:86} INFO -   - Mẫu dữ liệu (5 dòng đầu):
[2026-04-29T12:50:10.366+0000] {datalake_df2csv.py:88} INFO -     Row 0: {'ticker': 'BLN', 'trading_date': '2026-04-21', 'open': 6.5, 'high': 6.5, 'low': 6.5, 'close': 6.5, 'volume': 1200}
[2026-04-29T12:50:10.368+0000] {datalake_df2csv.py:88} INFO -     Row 1: {'ticker': 'BLN', 'trading_date': '2026-04-22', 'open': 6.5, 'high': 6.5, 'low': 6.5, 'close': 6.5, 'volume': 100}
[2026-04-29T12:50:10.369+0000] {datalake_df2csv.py:88} INFO -     Row 2: {'ticker': 'BLN', 'trading_date': '2026-04-24', 'open': 6.4, 'high': 6.4, 'low': 6.4, 'close': 6.4, 'volume': 100}
[2026-04-29T12:50:10.370+0000] {datalake_df2csv.py:88} INFO -     Row 3: {'ticker': 'BLN', 'trading_date': '2026-04-28', 'open': 6.4, 'high': 7.2, 'low': 6.4, 'close': 6.6, 'volume': 300}
[2026-04-29T12:50:10.371+0000] {datalake_df2csv.py:88} INFO -     Row 4: {'ticker': 'SSI', 'trading_date': '2026-04-23', 'open': 28.2, 'high': 28.5, 'low': 27.55, 'close': 27.95, 'volume': 22078700}
[2026-04-29T12:50:10.372+0000] {datalake_df2csv.py:90} INFO - --------------------------------------------------------------------------------
[2026-04-29T12:50:10.373+0000] {datalake_df2csv.py:93} INFO - 📝 Bước 2: Đang chuyển đổi DataFrame sang CSV...
[2026-04-29T12:50:10.377+0000] {datalake_df2csv.py:97} INFO - ✅ Chuyển đổi CSV thành công!
[2026-04-29T12:50:10.378+0000] {datalake_df2csv.py:98} INFO -   - Kích thước file: 0.00 MB
[2026-04-29T12:50:10.379+0000] {datalake_df2csv.py:99} INFO -   - Thời gian chuyển đổi: 0.00 giây
[2026-04-29T12:50:10.379+0000] {datalake_df2csv.py:100} INFO - --------------------------------------------------------------------------------
[2026-04-29T12:50:10.380+0000] {datalake_df2csv.py:103} INFO - ☁️  Bước 3: Đang upload lên MinIO/S3...
[2026-04-29T12:50:10.395+0000] {base.py:84} INFO - Using connection ID 'minio_finance' for task execution.
[2026-04-29T12:50:10.396+0000] {connection_wrapper.py:384} INFO - AWS Connection (conn_id='minio_finance', conn_type='aws') credentials retrieved from login and password.
[2026-04-29T12:50:11.858+0000] {datalake_df2csv.py:112} INFO -   - Bucket 'thongtin-congty-va-bctc' đã tồn tại
[2026-04-29T12:50:11.949+0000] {datalake_df2csv.py:117} INFO - ✅ Upload thành công!
[2026-04-29T12:50:11.950+0000] {datalake_df2csv.py:118} INFO -   - Đường dẫn: s3://thongtin-congty-va-bctc/daily_price/2026-04-27/batch_55.csv
[2026-04-29T12:50:11.951+0000] {datalake_df2csv.py:119} INFO -   - Số dòng: 20
[2026-04-29T12:50:11.953+0000] {datalake_df2csv.py:120} INFO -   - Thời gian upload: 1.57 giây
[2026-04-29T12:50:11.954+0000] {datalake_df2csv.py:121} INFO - --------------------------------------------------------------------------------
[2026-04-29T12:50:11.955+0000] {datalake_df2csv.py:125} INFO - 📈 TỔNG KẾT:
[2026-04-29T12:50:11.955+0000] {datalake_df2csv.py:126} INFO -   - Tổng thời gian thực thi: 6.78 giây
[2026-04-29T12:50:11.956+0000] {datalake_df2csv.py:127} INFO -   - Tốc độ xử lý: 3 dòng/giây
[2026-04-29T12:50:11.958+0000] {datalake_df2csv.py:128} INFO - ================================================================================
[2026-04-29T12:50:11.959+0000] {datalake_df2csv.py:129} INFO - ✅ HOÀN THÀNH TASK: ingest_daily_price
[2026-04-29T12:50:11.964+0000] {datalake_df2csv.py:130} INFO - ================================================================================
[2026-04-29T12:50:11.965+0000] {taskinstance.py:441} INFO - ::group::Post task execution logs
[2026-04-29T12:50:11.984+0000] {taskinstance.py:1206} INFO - Marking task as SUCCESS. dag_id=daily_price, task_id=ingest_daily_price, run_id=scheduled__2026-04-27T16:00:00+00:00, map_index=55, execution_date=20260427T160000, start_date=20260429T125004, end_date=20260429T125011
[2026-04-29T12:50:12.110+0000] {local_task_job_runner.py:243} INFO - Task exited with return code 0
[2026-04-29T12:50:12.141+0000] {taskinstance.py:3503} INFO - 0 downstream tasks scheduled from follow-on schedule check
[2026-04-29T12:50:12.145+0000] {local_task_job_runner.py:222} INFO - ::endgroup::
