[2026-04-03T13:46:56.347+0000] {local_task_job_runner.py:120} INFO - ::group::Pre task execution logs
[2026-04-03T13:46:56.445+0000] {taskinstance.py:2076} INFO - Dependencies all met for dep_context=non-requeueable deps ti=<TaskInstance: daily_price.ingest_daily_price scheduled__2026-04-01T16:00:00+00:00 map_index=147 [queued]>
[2026-04-03T13:46:56.493+0000] {taskinstance.py:2076} INFO - Dependencies all met for dep_context=requeueable deps ti=<TaskInstance: daily_price.ingest_daily_price scheduled__2026-04-01T16:00:00+00:00 map_index=147 [queued]>
[2026-04-03T13:46:56.495+0000] {taskinstance.py:2306} INFO - Starting attempt 1 of 2
[2026-04-03T13:46:56.543+0000] {taskinstance.py:2330} INFO - Executing <Mapped(DfToCsvOperator): ingest_daily_price> on 2026-04-01 16:00:00+00:00
[2026-04-03T13:46:56.584+0000] {warnings.py:112} WARNING - This process (pid=5067) is multi-threaded, use of fork() may lead to deadlocks in the child.

[2026-04-03T13:46:56.602+0000] {standard_task_runner.py:64} INFO - Started process 5124 to run task
[2026-04-03T13:46:56.598+0000] {standard_task_runner.py:90} INFO - Running: ['***', 'tasks', 'run', 'daily_price', 'ingest_daily_price', 'scheduled__2026-04-01T16:00:00+00:00', '--job-id', '38494', '--raw', '--subdir', 'DAGS_FOLDER/dl_dailly_price.py', '--cfg-path', '/tmp/tmpbpx3qfwh', '--map-index', '147']
[2026-04-03T13:46:56.608+0000] {standard_task_runner.py:91} INFO - Job 38494: Subtask ingest_daily_price
[2026-04-03T13:46:56.789+0000] {task_command.py:426} INFO - Running <TaskInstance: daily_price.ingest_daily_price scheduled__2026-04-01T16:00:00+00:00 map_index=147 [running]> on host f1f3ec63581f
[2026-04-03T13:46:57.540+0000] {taskinstance.py:2648} INFO - Exporting env vars: AIRFLOW_CTX_DAG_OWNER='***' AIRFLOW_CTX_DAG_ID='daily_price' AIRFLOW_CTX_TASK_ID='ingest_daily_price' AIRFLOW_CTX_EXECUTION_DATE='2026-04-01T16:00:00+00:00' AIRFLOW_CTX_TRY_NUMBER='1' AIRFLOW_CTX_DAG_RUN_ID='scheduled__2026-04-01T16:00:00+00:00'
[2026-04-03T13:46:57.544+0000] {taskinstance.py:430} INFO - ::endgroup::
[2026-04-03T13:46:57.545+0000] {datalake_df2csv.py:40} INFO - ================================================================================
[2026-04-03T13:46:57.546+0000] {datalake_df2csv.py:41} INFO - 🚀 BẮT ĐẦU TASK: ingest_daily_price
[2026-04-03T13:46:57.547+0000] {datalake_df2csv.py:42} INFO - ================================================================================
[2026-04-03T13:46:57.548+0000] {datalake_df2csv.py:43} INFO - 📋 Thông tin cấu hình:
[2026-04-03T13:46:57.548+0000] {datalake_df2csv.py:44} INFO -   - Logic file: history_price
[2026-04-03T13:46:57.550+0000] {datalake_df2csv.py:45} INFO -   - DataFrame name: get_history_price_batch
[2026-04-03T13:46:57.553+0000] {datalake_df2csv.py:46} INFO -   - Bucket: thongtin-congty-va-bctc
[2026-04-03T13:46:57.557+0000] {datalake_df2csv.py:47} INFO -   - Object path: daily_price/2026-04-01/batch_147.csv
[2026-04-03T13:46:57.559+0000] {datalake_df2csv.py:48} INFO -   - Connection ID: minio_finance
[2026-04-03T13:46:57.560+0000] {datalake_df2csv.py:49} INFO -   - Tham số truyền vào: {'symbols': ['QNW', 'TET', 'PVX', 'SMC', 'DAH'], 'start_date': '2026-04-01', 'end_date': '2026-04-02'}
[2026-04-03T13:46:57.560+0000] {datalake_df2csv.py:50} INFO - --------------------------------------------------------------------------------
[2026-04-03T13:46:57.561+0000] {datalake_df2csv.py:54} INFO - 📥 Bước 1: Đang load dữ liệu từ logic file...
[2026-04-03T13:46:57.595+0000] {datalake_df2csv.py:148} INFO -   - Logic directory: /opt/airflow/plugins/logic
[2026-04-03T13:46:57.599+0000] {datalake_df2csv.py:149} INFO -   - Module path: /opt/airflow/plugins/logic/history_price.py
[2026-04-03T13:46:57.600+0000] {datalake_df2csv.py:153} INFO -   - Đã thêm logic directory vào sys.path
[2026-04-03T13:46:57.613+0000] {datalake_df2csv.py:159} INFO -   - Đang load module 'history_price'...
[2026-04-03T13:46:57.662+0000] {datalake_df2csv.py:163} INFO -   - ✅ Module loaded thành công
[2026-04-03T13:46:57.667+0000] {datalake_df2csv.py:165} INFO -   - Đang tìm DataFrame/function: 'get_history_price_batch'...
[2026-04-03T13:46:57.673+0000] {datalake_df2csv.py:170} INFO -   - ✅ Tìm thấy object: function
[2026-04-03T13:46:57.675+0000] {datalake_df2csv.py:173} INFO -   - Đang gọi function với tham số: {'symbols': ['QNW', 'TET', 'PVX', 'SMC', 'DAH'], 'start_date': '2026-04-01', 'end_date': '2026-04-02'}
[2026-04-03T13:47:28.672+0000] {log.py:232} WARNING - 2026-04-03 13:47:28 - vnstock.core.utils.client - ERROR - API request failed: HTTPSConnectionPool(host='trading.vietcap.com.vn', port=443): Max retries exceeded with url: /api/chart/OHLCChart/gap-chart (Caused by NewConnectionError('<urllib3.connection.HTTPSConnection object at 0x7fc8798124b0>: Failed to establish a new connection: [Errno 101] Network is unreachable'))
[2026-04-03T13:47:28.668+0000] {client.py:297} ERROR - API request failed: HTTPSConnectionPool(host='trading.vietcap.com.vn', port=443): Max retries exceeded with url: /api/chart/OHLCChart/gap-chart (Caused by NewConnectionError('<urllib3.connection.HTTPSConnection object at 0x7fc8798124b0>: Failed to establish a new connection: [Errno 101] Network is unreachable'))
[2026-04-03T13:47:33.195+0000] {datalake_df2csv.py:68} INFO - ✅ Load dữ liệu thành công!
[2026-04-03T13:47:33.214+0000] {datalake_df2csv.py:69} INFO - 📊 Thông tin DataFrame:
[2026-04-03T13:47:33.216+0000] {datalake_df2csv.py:70} INFO -   - Số dòng: 20
[2026-04-03T13:47:33.218+0000] {datalake_df2csv.py:71} INFO -   - Số cột: 7
[2026-04-03T13:47:33.219+0000] {datalake_df2csv.py:72} INFO -   - Tên các cột: ['ticker', 'trading_date', 'open', 'high', 'low', 'close', 'volume']
[2026-04-03T13:47:33.222+0000] {datalake_df2csv.py:73} INFO -   - Kiểu dữ liệu: {'ticker': 'object', 'trading_date': 'object', 'open': 'float64', 'high': 'float64', 'low': 'float64', 'close': 'float64', 'volume': 'int64'}
[2026-04-03T13:47:33.233+0000] {datalake_df2csv.py:74} INFO -   - Bộ nhớ sử dụng: 0.00 MB
[2026-04-03T13:47:33.241+0000] {datalake_df2csv.py:83} INFO -   - Không có giá trị NULL
[2026-04-03T13:47:33.247+0000] {datalake_df2csv.py:86} INFO -   - Mẫu dữ liệu (5 dòng đầu):
[2026-04-03T13:47:33.250+0000] {datalake_df2csv.py:88} INFO -     Row 0: {'ticker': 'QNW', 'trading_date': '2026-01-26', 'open': 15.5, 'high': 15.5, 'low': 15.5, 'close': 15.5, 'volume': 200}
[2026-04-03T13:47:33.252+0000] {datalake_df2csv.py:88} INFO -     Row 1: {'ticker': 'QNW', 'trading_date': '2026-01-27', 'open': 14.0, 'high': 14.0, 'low': 14.0, 'close': 14.0, 'volume': 100}
[2026-04-03T13:47:33.253+0000] {datalake_df2csv.py:88} INFO -     Row 2: {'ticker': 'QNW', 'trading_date': '2026-02-12', 'open': 16.1, 'high': 16.1, 'low': 16.1, 'close': 16.1, 'volume': 100}
[2026-04-03T13:47:33.254+0000] {datalake_df2csv.py:88} INFO -     Row 3: {'ticker': 'QNW', 'trading_date': '2026-03-05', 'open': 17.5, 'high': 17.5, 'low': 17.5, 'close': 17.5, 'volume': 100}
[2026-04-03T13:47:33.256+0000] {datalake_df2csv.py:88} INFO -     Row 4: {'ticker': 'TET', 'trading_date': '2026-03-03', 'open': 36.0, 'high': 36.0, 'low': 36.0, 'close': 36.0, 'volume': 100}
[2026-04-03T13:47:33.257+0000] {datalake_df2csv.py:90} INFO - --------------------------------------------------------------------------------
[2026-04-03T13:47:33.257+0000] {datalake_df2csv.py:93} INFO - 📝 Bước 2: Đang chuyển đổi DataFrame sang CSV...
[2026-04-03T13:47:33.265+0000] {datalake_df2csv.py:97} INFO - ✅ Chuyển đổi CSV thành công!
[2026-04-03T13:47:33.266+0000] {datalake_df2csv.py:98} INFO -   - Kích thước file: 0.00 MB
[2026-04-03T13:47:33.267+0000] {datalake_df2csv.py:99} INFO -   - Thời gian chuyển đổi: 0.01 giây
[2026-04-03T13:47:33.268+0000] {datalake_df2csv.py:100} INFO - --------------------------------------------------------------------------------
[2026-04-03T13:47:33.268+0000] {datalake_df2csv.py:103} INFO - ☁️  Bước 3: Đang upload lên MinIO/S3...
[2026-04-03T13:47:33.309+0000] {base.py:84} INFO - Using connection ID 'minio_finance' for task execution.
[2026-04-03T13:47:33.312+0000] {connection_wrapper.py:384} INFO - AWS Connection (conn_id='minio_finance', conn_type='aws') credentials retrieved from login and password.
[2026-04-03T13:47:36.238+0000] {datalake_df2csv.py:112} INFO -   - Bucket 'thongtin-congty-va-bctc' đã tồn tại
[2026-04-03T13:47:36.295+0000] {datalake_df2csv.py:117} INFO - ✅ Upload thành công!
[2026-04-03T13:47:36.296+0000] {datalake_df2csv.py:118} INFO -   - Đường dẫn: s3://thongtin-congty-va-bctc/daily_price/2026-04-01/batch_147.csv
[2026-04-03T13:47:36.299+0000] {datalake_df2csv.py:119} INFO -   - Số dòng: 20
[2026-04-03T13:47:36.300+0000] {datalake_df2csv.py:120} INFO -   - Thời gian upload: 3.03 giây
[2026-04-03T13:47:36.302+0000] {datalake_df2csv.py:121} INFO - --------------------------------------------------------------------------------
[2026-04-03T13:47:36.303+0000] {datalake_df2csv.py:125} INFO - 📈 TỔNG KẾT:
[2026-04-03T13:47:36.305+0000] {datalake_df2csv.py:126} INFO -   - Tổng thời gian thực thi: 38.76 giây
[2026-04-03T13:47:36.307+0000] {datalake_df2csv.py:127} INFO -   - Tốc độ xử lý: 1 dòng/giây
[2026-04-03T13:47:36.310+0000] {datalake_df2csv.py:128} INFO - ================================================================================
[2026-04-03T13:47:36.311+0000] {datalake_df2csv.py:129} INFO - ✅ HOÀN THÀNH TASK: ingest_daily_price
[2026-04-03T13:47:36.312+0000] {datalake_df2csv.py:130} INFO - ================================================================================
[2026-04-03T13:47:36.313+0000] {taskinstance.py:441} INFO - ::group::Post task execution logs
[2026-04-03T13:47:36.334+0000] {taskinstance.py:1206} INFO - Marking task as SUCCESS. dag_id=daily_price, task_id=ingest_daily_price, run_id=scheduled__2026-04-01T16:00:00+00:00, map_index=147, execution_date=20260401T160000, start_date=20260403T134656, end_date=20260403T134736
[2026-04-03T13:47:36.427+0000] {local_task_job_runner.py:243} INFO - Task exited with return code 0
[2026-04-03T13:47:36.459+0000] {taskinstance.py:3503} INFO - 0 downstream tasks scheduled from follow-on schedule check
[2026-04-03T13:47:36.468+0000] {local_task_job_runner.py:222} INFO - ::endgroup::
