[2026-01-15T13:01:14.524+0000] {local_task_job_runner.py:120} INFO - ::group::Pre task execution logs
[2026-01-15T13:01:14.546+0000] {taskinstance.py:2076} INFO - Dependencies all met for dep_context=non-requeueable deps ti=<TaskInstance: bctc.ingest_bctc manual__2026-01-15T12:56:58+00:00 map_index=13 [queued]>
[2026-01-15T13:01:14.559+0000] {taskinstance.py:2076} INFO - Dependencies all met for dep_context=requeueable deps ti=<TaskInstance: bctc.ingest_bctc manual__2026-01-15T12:56:58+00:00 map_index=13 [queued]>
[2026-01-15T13:01:14.560+0000] {taskinstance.py:2306} INFO - Starting attempt 1 of 2
[2026-01-15T13:01:14.574+0000] {taskinstance.py:2330} INFO - Executing <Mapped(DfToCsvOperator): ingest_bctc> on 2026-01-15 12:56:58+00:00
[2026-01-15T13:01:14.586+0000] {warnings.py:112} WARNING - This process (pid=1515) is multi-threaded, use of fork() may lead to deadlocks in the child.

[2026-01-15T13:01:14.588+0000] {standard_task_runner.py:64} INFO - Started process 1525 to run task
[2026-01-15T13:01:14.590+0000] {standard_task_runner.py:90} INFO - Running: ['***', 'tasks', 'run', 'bctc', 'ingest_bctc', 'manual__2026-01-15T12:56:58+00:00', '--job-id', '15919', '--raw', '--subdir', 'DAGS_FOLDER/tt_cty_bctc.py', '--cfg-path', '/tmp/tmpljfiuhrj', '--map-index', '13']
[2026-01-15T13:01:14.594+0000] {standard_task_runner.py:91} INFO - Job 15919: Subtask ingest_bctc
[2026-01-15T13:01:14.647+0000] {task_command.py:426} INFO - Running <TaskInstance: bctc.ingest_bctc manual__2026-01-15T12:56:58+00:00 map_index=13 [running]> on host 48331fd7a179
[2026-01-15T13:01:14.745+0000] {taskinstance.py:2648} INFO - Exporting env vars: AIRFLOW_CTX_DAG_OWNER='***' AIRFLOW_CTX_DAG_ID='bctc' AIRFLOW_CTX_TASK_ID='ingest_bctc' AIRFLOW_CTX_EXECUTION_DATE='2026-01-15T12:56:58+00:00' AIRFLOW_CTX_TRY_NUMBER='1' AIRFLOW_CTX_DAG_RUN_ID='manual__2026-01-15T12:56:58+00:00'
[2026-01-15T13:01:14.746+0000] {taskinstance.py:430} INFO - ::endgroup::
[2026-01-15T13:01:14.752+0000] {logging_mixin.py:188} INFO - Bắt đầu xử lý batch 20 mã: ['TSA', 'TS5', 'TS4', 'TS3', 'TRV', 'TRT', 'TRS', 'TRC', 'TRA', 'TR1', 'TQW', 'TQN', 'TPS', 'TPP', 'TPH', 'TPC', 'TPB', 'TOW', 'TOT', 'TOS']
[2026-01-15T13:01:14.752+0000] {logging_mixin.py:188} INFO -  >> Đang lấy dữ liệu: TSA
[2026-01-15T13:01:25.607+0000] {logging_mixin.py:188} INFO -  >> Đang lấy dữ liệu: TS5
[2026-01-15T13:01:26.165+0000] {logging_mixin.py:188} INFO -  Lỗi xử lý mã TS5: 'NoneType' object is not subscriptable
[2026-01-15T13:01:26.166+0000] {logging_mixin.py:188} INFO -  >> Đang lấy dữ liệu: TS4
[2026-01-15T13:01:35.867+0000] {logging_mixin.py:188} INFO -  >> Đang lấy dữ liệu: TS3
[2026-01-15T13:01:40.935+0000] {logging_mixin.py:188} INFO -  Lỗi xử lý mã TS3: 'year'
[2026-01-15T13:01:40.936+0000] {logging_mixin.py:188} INFO -  >> Đang lấy dữ liệu: TRV
[2026-01-15T13:01:49.744+0000] {logging_mixin.py:188} INFO -  >> Đang lấy dữ liệu: TRT
[2026-01-15T13:01:58.197+0000] {logging_mixin.py:188} INFO -  >> Đang lấy dữ liệu: TRS
[2026-01-15T13:02:03.044+0000] {logging_mixin.py:188} INFO - ❌ Lỗi income_statement: RetryError[<Future at 0x7fd9e9357ad0 state=finished raised KeyError>]
[2026-01-15T13:02:08.986+0000] {logging_mixin.py:188} INFO - ❌ Lỗi balance_sheet: RetryError[<Future at 0x7fd9e9357a10 state=finished raised KeyError>]
[2026-01-15T13:02:15.168+0000] {logging_mixin.py:188} INFO - ❌ Lỗi cash_flow: RetryError[<Future at 0x7fd9e9357e60 state=finished raised KeyError>]
[2026-01-15T13:02:18.669+0000] {logging_mixin.py:188} INFO -  >> Đang lấy dữ liệu: TRC
[2026-01-15T13:02:31.357+0000] {logging_mixin.py:188} INFO -  >> Đang lấy dữ liệu: TRA
[2026-01-15T13:02:40.681+0000] {logging_mixin.py:188} INFO -  >> Đang lấy dữ liệu: TR1
[2026-01-15T13:02:46.580+0000] {logging_mixin.py:188} INFO - ❌ Lỗi income_statement: RetryError[<Future at 0x7fd9e93dbc80 state=finished raised KeyError>]
[2026-01-15T13:02:52.491+0000] {logging_mixin.py:188} INFO - ❌ Lỗi balance_sheet: RetryError[<Future at 0x7fd9e93daed0 state=finished raised KeyError>]
[2026-01-15T13:02:58.593+0000] {logging_mixin.py:188} INFO - ❌ Lỗi cash_flow: RetryError[<Future at 0x7fd9e93d8530 state=finished raised KeyError>]
[2026-01-15T13:03:02.094+0000] {logging_mixin.py:188} INFO -  >> Đang lấy dữ liệu: TQW
[2026-01-15T13:03:08.079+0000] {logging_mixin.py:188} INFO - ❌ Lỗi income_statement: RetryError[<Future at 0x7fd9e93da5a0 state=finished raised KeyError>]
[2026-01-15T13:03:14.513+0000] {logging_mixin.py:188} INFO - ❌ Lỗi balance_sheet: RetryError[<Future at 0x7fd9e93db8c0 state=finished raised KeyError>]
[2026-01-15T13:03:21.737+0000] {logging_mixin.py:188} INFO - ❌ Lỗi cash_flow: RetryError[<Future at 0x7fd9e93da300 state=finished raised KeyError>]
[2026-01-15T13:03:25.236+0000] {logging_mixin.py:188} INFO -  >> Đang lấy dữ liệu: TQN
[2026-01-15T13:03:30.389+0000] {logging_mixin.py:188} INFO - ❌ Lỗi income_statement: RetryError[<Future at 0x7fd9e93d83e0 state=finished raised KeyError>]
[2026-01-15T13:03:37.343+0000] {logging_mixin.py:188} INFO - ❌ Lỗi balance_sheet: RetryError[<Future at 0x7fd9e93d8770 state=finished raised KeyError>]
[2026-01-15T13:03:43.902+0000] {logging_mixin.py:188} INFO - ❌ Lỗi cash_flow: RetryError[<Future at 0x7fd9e93d8c80 state=finished raised KeyError>]
[2026-01-15T13:03:47.403+0000] {logging_mixin.py:188} INFO -  >> Đang lấy dữ liệu: TPS
[2026-01-15T13:03:54.446+0000] {logging_mixin.py:188} INFO -  Lỗi xử lý mã TPS: 'year'
[2026-01-15T13:03:54.447+0000] {logging_mixin.py:188} INFO -  >> Đang lấy dữ liệu: TPP
[2026-01-15T13:04:06.168+0000] {logging_mixin.py:188} INFO -  >> Đang lấy dữ liệu: TPH
[2026-01-15T13:04:21.004+0000] {logging_mixin.py:188} INFO -  >> Đang lấy dữ liệu: TPC
[2026-01-15T13:04:32.885+0000] {logging_mixin.py:188} INFO -  >> Đang lấy dữ liệu: TPB
[2026-01-15T13:04:41.826+0000] {logging_mixin.py:188} INFO -  >> Đang lấy dữ liệu: TOW
[2026-01-15T13:04:41.921+0000] {logging_mixin.py:188} INFO -  Lỗi xử lý mã TOW: Failed to fetch data: 429 - Too Many Requests
[2026-01-15T13:04:41.921+0000] {logging_mixin.py:188} INFO -  >> Đang lấy dữ liệu: TOT
[2026-01-15T13:04:42.596+0000] {logging_mixin.py:188} INFO -  Lỗi xử lý mã TOT: Failed to fetch data: 429 - Too Many Requests
[2026-01-15T13:04:42.596+0000] {logging_mixin.py:188} INFO -  >> Đang lấy dữ liệu: TOS
[2026-01-15T13:04:52.228+0000] {logging_mixin.py:188} INFO -  ⚠ Batch này không thu được dữ liệu nào.
[2026-01-15T13:04:52.229+0000] {datalake_df2csv.py:40} INFO - DataFrame rỗng, bỏ qua upload CSV.
[2026-01-15T13:04:52.229+0000] {taskinstance.py:441} INFO - ::group::Post task execution logs
[2026-01-15T13:04:52.240+0000] {taskinstance.py:1206} INFO - Marking task as SUCCESS. dag_id=bctc, task_id=ingest_bctc, run_id=manual__2026-01-15T12:56:58+00:00, map_index=13, execution_date=20260115T125658, start_date=20260115T130114, end_date=20260115T130452
[2026-01-15T13:04:52.291+0000] {local_task_job_runner.py:243} INFO - Task exited with return code 0
[2026-01-15T13:04:52.319+0000] {taskinstance.py:3503} INFO - 0 downstream tasks scheduled from follow-on schedule check
[2026-01-15T13:04:52.321+0000] {local_task_job_runner.py:222} INFO - ::endgroup::
