[2026-02-04T15:28:56.171+0000] {local_task_job_runner.py:120} INFO - ::group::Pre task execution logs
[2026-02-04T15:28:56.271+0000] {taskinstance.py:2076} INFO - Dependencies all met for dep_context=non-requeueable deps ti=<TaskInstance: financial_ratios_minio.ingest_financial_ratios manual__2026-02-04T14:54:19+00:00 map_index=393 [queued]>
[2026-02-04T15:28:56.349+0000] {taskinstance.py:2076} INFO - Dependencies all met for dep_context=requeueable deps ti=<TaskInstance: financial_ratios_minio.ingest_financial_ratios manual__2026-02-04T14:54:19+00:00 map_index=393 [queued]>
[2026-02-04T15:28:56.352+0000] {taskinstance.py:2306} INFO - Starting attempt 1 of 2
[2026-02-04T15:28:56.387+0000] {taskinstance.py:2330} INFO - Executing <Mapped(DfToCsvOperator): ingest_financial_ratios> on 2026-02-04 14:54:19+00:00
[2026-02-04T15:28:56.404+0000] {warnings.py:112} WARNING - This process (pid=6615) is multi-threaded, use of fork() may lead to deadlocks in the child.

[2026-02-04T15:28:56.411+0000] {standard_task_runner.py:64} INFO - Started process 6693 to run task
[2026-02-04T15:28:56.416+0000] {standard_task_runner.py:90} INFO - Running: ['***', 'tasks', 'run', 'financial_ratios_minio', 'ingest_financial_ratios', 'manual__2026-02-04T14:54:19+00:00', '--job-id', '17556', '--raw', '--subdir', 'DAGS_FOLDER/dl_financial_ratios.py', '--cfg-path', '/tmp/tmpd_xw1ppi', '--map-index', '393']
[2026-02-04T15:28:56.425+0000] {standard_task_runner.py:91} INFO - Job 17556: Subtask ingest_financial_ratios
[2026-02-04T15:28:56.525+0000] {task_command.py:426} INFO - Running <TaskInstance: financial_ratios_minio.ingest_financial_ratios manual__2026-02-04T14:54:19+00:00 map_index=393 [running]> on host 918dbd497d34
[2026-02-04T15:28:56.706+0000] {taskinstance.py:2648} INFO - Exporting env vars: AIRFLOW_CTX_DAG_OWNER='***' AIRFLOW_CTX_DAG_ID='financial_ratios_minio' AIRFLOW_CTX_TASK_ID='ingest_financial_ratios' AIRFLOW_CTX_EXECUTION_DATE='2026-02-04T14:54:19+00:00' AIRFLOW_CTX_TRY_NUMBER='1' AIRFLOW_CTX_DAG_RUN_ID='manual__2026-02-04T14:54:19+00:00'
[2026-02-04T15:28:56.707+0000] {taskinstance.py:430} INFO - ::endgroup::
[2026-02-04T15:28:56.720+0000] {logging_mixin.py:188} INFO - [RATIO] Bắt đầu xử lý batch 2 mã: ['NLG', 'NKG']
[2026-02-04T15:28:56.721+0000] {logging_mixin.py:188} INFO - [RATIO] Kỳ dữ liệu: quarter
[2026-02-04T15:28:56.722+0000] {logging_mixin.py:188} INFO -  >> [RATIO] Đang lấy dữ liệu: NLG
[2026-02-04T15:28:57.701+0000] {logging_mixin.py:188} INFO -  ✓ [RATIO] NLG: 52 rows
[2026-02-04T15:28:59.702+0000] {logging_mixin.py:188} INFO -  >> [RATIO] Đang lấy dữ liệu: NKG
[2026-02-04T15:29:00.509+0000] {logging_mixin.py:188} INFO -  ✓ [RATIO] NKG: 52 rows
[2026-02-04T15:29:02.514+0000] {logging_mixin.py:188} INFO -  ✅ [RATIO] Hoàn thành batch. Tổng số dòng: 104
[2026-02-04T15:29:02.546+0000] {base.py:84} INFO - Using connection ID 'minio_finance' for task execution.
[2026-02-04T15:29:02.548+0000] {connection_wrapper.py:384} INFO - AWS Connection (conn_id='minio_finance', conn_type='aws') credentials retrieved from login and password.
[2026-02-04T15:29:03.264+0000] {datalake_df2csv.py:52} INFO - ✅ Đã upload 104 dòng -> s3://thongtin-congty-va-bctc/financial_ratios/2026-02-04/batch_393.csv
[2026-02-04T15:29:03.265+0000] {taskinstance.py:441} INFO - ::group::Post task execution logs
[2026-02-04T15:29:03.283+0000] {taskinstance.py:1206} INFO - Marking task as SUCCESS. dag_id=financial_ratios_minio, task_id=ingest_financial_ratios, run_id=manual__2026-02-04T14:54:19+00:00, map_index=393, execution_date=20260204T145419, start_date=20260204T152856, end_date=20260204T152903
[2026-02-04T15:29:03.487+0000] {local_task_job_runner.py:243} INFO - Task exited with return code 0
[2026-02-04T15:29:03.515+0000] {taskinstance.py:3503} INFO - 0 downstream tasks scheduled from follow-on schedule check
[2026-02-04T15:29:03.520+0000] {local_task_job_runner.py:222} INFO - ::endgroup::
