[2026-02-26T13:52:46.613+0000] {local_task_job_runner.py:120} INFO - ::group::Pre task execution logs
[2026-02-26T13:52:46.647+0000] {taskinstance.py:2076} INFO - Dependencies all met for dep_context=non-requeueable deps ti=<TaskInstance: daily_price.ingest_daily_price scheduled__2026-02-24T16:00:00+00:00 map_index=161 [queued]>
[2026-02-26T13:52:46.666+0000] {taskinstance.py:2076} INFO - Dependencies all met for dep_context=requeueable deps ti=<TaskInstance: daily_price.ingest_daily_price scheduled__2026-02-24T16:00:00+00:00 map_index=161 [queued]>
[2026-02-26T13:52:46.667+0000] {taskinstance.py:2306} INFO - Starting attempt 1 of 2
[2026-02-26T13:52:46.680+0000] {taskinstance.py:2330} INFO - Executing <Mapped(DfToCsvOperator): ingest_daily_price> on 2026-02-24 16:00:00+00:00
[2026-02-26T13:52:46.690+0000] {warnings.py:112} WARNING - This process (pid=402) is multi-threaded, use of fork() may lead to deadlocks in the child.

[2026-02-26T13:52:46.692+0000] {standard_task_runner.py:64} INFO - Started process 412 to run task
[2026-02-26T13:52:46.694+0000] {standard_task_runner.py:90} INFO - Running: ['***', 'tasks', 'run', 'daily_price', 'ingest_daily_price', 'scheduled__2026-02-24T16:00:00+00:00', '--job-id', '27107', '--raw', '--subdir', 'DAGS_FOLDER/dl_dailly_price.py', '--cfg-path', '/tmp/tmpk0l23mym', '--map-index', '161']
[2026-02-26T13:52:46.697+0000] {standard_task_runner.py:91} INFO - Job 27107: Subtask ingest_daily_price
[2026-02-26T13:52:46.747+0000] {task_command.py:426} INFO - Running <TaskInstance: daily_price.ingest_daily_price scheduled__2026-02-24T16:00:00+00:00 map_index=161 [running]> on host 3712393133aa
[2026-02-26T13:52:47.058+0000] {taskinstance.py:2648} INFO - Exporting env vars: AIRFLOW_CTX_DAG_OWNER='***' AIRFLOW_CTX_DAG_ID='daily_price' AIRFLOW_CTX_TASK_ID='ingest_daily_price' AIRFLOW_CTX_EXECUTION_DATE='2026-02-24T16:00:00+00:00' AIRFLOW_CTX_TRY_NUMBER='1' AIRFLOW_CTX_DAG_RUN_ID='scheduled__2026-02-24T16:00:00+00:00'
[2026-02-26T13:52:47.060+0000] {taskinstance.py:430} INFO - ::endgroup::
[2026-02-26T13:52:47.061+0000] {datalake_df2csv.py:40} INFO - ================================================================================
[2026-02-26T13:52:47.062+0000] {datalake_df2csv.py:41} INFO - 🚀 BẮT ĐẦU TASK: ingest_daily_price
[2026-02-26T13:52:47.063+0000] {datalake_df2csv.py:42} INFO - ================================================================================
[2026-02-26T13:52:47.063+0000] {datalake_df2csv.py:43} INFO - 📋 Thông tin cấu hình:
[2026-02-26T13:52:47.063+0000] {datalake_df2csv.py:44} INFO -   - Logic file: history_price
[2026-02-26T13:52:47.064+0000] {datalake_df2csv.py:45} INFO -   - DataFrame name: get_history_price_batch
[2026-02-26T13:52:47.064+0000] {datalake_df2csv.py:46} INFO -   - Bucket: thongtin-congty-va-bctc
[2026-02-26T13:52:47.065+0000] {datalake_df2csv.py:47} INFO -   - Object path: daily_price/2026-02-24/batch_161.csv
[2026-02-26T13:52:47.065+0000] {datalake_df2csv.py:48} INFO -   - Connection ID: minio_finance
[2026-02-26T13:52:47.065+0000] {datalake_df2csv.py:49} INFO -   - Tham số truyền vào: {'symbols': ['HCT', 'TCM', 'POV', 'TDC', 'VLS'], 'start_date': '2026-02-24', 'end_date': '2026-02-25'}
[2026-02-26T13:52:47.066+0000] {datalake_df2csv.py:50} INFO - --------------------------------------------------------------------------------
[2026-02-26T13:52:47.066+0000] {datalake_df2csv.py:54} INFO - 📥 Bước 1: Đang load dữ liệu từ logic file...
[2026-02-26T13:52:47.070+0000] {datalake_df2csv.py:148} INFO -   - Logic directory: /opt/airflow/plugins/logic
[2026-02-26T13:52:47.071+0000] {datalake_df2csv.py:149} INFO -   - Module path: /opt/airflow/plugins/logic/history_price.py
[2026-02-26T13:52:47.071+0000] {datalake_df2csv.py:153} INFO -   - Đã thêm logic directory vào sys.path
[2026-02-26T13:52:47.074+0000] {datalake_df2csv.py:159} INFO -   - Đang load module 'history_price'...
[2026-02-26T13:52:47.081+0000] {datalake_df2csv.py:163} INFO -   - ✅ Module loaded thành công
[2026-02-26T13:52:47.081+0000] {datalake_df2csv.py:165} INFO -   - Đang tìm DataFrame/function: 'get_history_price_batch'...
[2026-02-26T13:52:47.082+0000] {datalake_df2csv.py:170} INFO -   - ✅ Tìm thấy object: function
[2026-02-26T13:52:47.083+0000] {datalake_df2csv.py:173} INFO -   - Đang gọi function với tham số: {'symbols': ['HCT', 'TCM', 'POV', 'TDC', 'VLS'], 'start_date': '2026-02-24', 'end_date': '2026-02-25'}
[2026-02-26T13:52:51.353+0000] {datalake_df2csv.py:68} INFO - ✅ Load dữ liệu thành công!
[2026-02-26T13:52:51.354+0000] {datalake_df2csv.py:69} INFO - 📊 Thông tin DataFrame:
[2026-02-26T13:52:51.354+0000] {datalake_df2csv.py:70} INFO -   - Số dòng: 20
[2026-02-26T13:52:51.355+0000] {datalake_df2csv.py:71} INFO -   - Số cột: 7
[2026-02-26T13:52:51.355+0000] {datalake_df2csv.py:72} INFO -   - Tên các cột: ['ticker', 'trading_date', 'open', 'high', 'low', 'close', 'volume']
[2026-02-26T13:52:51.356+0000] {datalake_df2csv.py:73} INFO -   - Kiểu dữ liệu: {'ticker': 'object', 'trading_date': 'object', 'open': 'float64', 'high': 'float64', 'low': 'float64', 'close': 'float64', 'volume': 'int64'}
[2026-02-26T13:52:51.360+0000] {datalake_df2csv.py:74} INFO -   - Bộ nhớ sử dụng: 0.00 MB
[2026-02-26T13:52:51.363+0000] {datalake_df2csv.py:83} INFO -   - Không có giá trị NULL
[2026-02-26T13:52:51.363+0000] {datalake_df2csv.py:86} INFO -   - Mẫu dữ liệu (5 dòng đầu):
[2026-02-26T13:52:51.364+0000] {datalake_df2csv.py:88} INFO -     Row 0: {'ticker': 'HCT', 'trading_date': '2025-12-17', 'open': 10.9, 'high': 10.9, 'low': 10.9, 'close': 10.9, 'volume': 100}
[2026-02-26T13:52:51.365+0000] {datalake_df2csv.py:88} INFO -     Row 1: {'ticker': 'HCT', 'trading_date': '2025-12-22', 'open': 9.9, 'high': 9.9, 'low': 9.9, 'close': 9.9, 'volume': 100}
[2026-02-26T13:52:51.366+0000] {datalake_df2csv.py:88} INFO -     Row 2: {'ticker': 'HCT', 'trading_date': '2025-12-23', 'open': 10.8, 'high': 10.8, 'low': 10.8, 'close': 10.8, 'volume': 100}
[2026-02-26T13:52:51.366+0000] {datalake_df2csv.py:88} INFO -     Row 3: {'ticker': 'HCT', 'trading_date': '2026-01-20', 'open': 10.0, 'high': 10.0, 'low': 10.0, 'close': 10.0, 'volume': 100}
[2026-02-26T13:52:51.367+0000] {datalake_df2csv.py:88} INFO -     Row 4: {'ticker': 'TCM', 'trading_date': '2026-02-23', 'open': 26.55, 'high': 26.85, 'low': 26.45, 'close': 26.6, 'volume': 843800}
[2026-02-26T13:52:51.367+0000] {datalake_df2csv.py:90} INFO - --------------------------------------------------------------------------------
[2026-02-26T13:52:51.368+0000] {datalake_df2csv.py:93} INFO - 📝 Bước 2: Đang chuyển đổi DataFrame sang CSV...
[2026-02-26T13:52:51.373+0000] {datalake_df2csv.py:97} INFO - ✅ Chuyển đổi CSV thành công!
[2026-02-26T13:52:51.373+0000] {datalake_df2csv.py:98} INFO -   - Kích thước file: 0.00 MB
[2026-02-26T13:52:51.374+0000] {datalake_df2csv.py:99} INFO -   - Thời gian chuyển đổi: 0.00 giây
[2026-02-26T13:52:51.374+0000] {datalake_df2csv.py:100} INFO - --------------------------------------------------------------------------------
[2026-02-26T13:52:51.375+0000] {datalake_df2csv.py:103} INFO - ☁️  Bước 3: Đang upload lên MinIO/S3...
[2026-02-26T13:52:51.386+0000] {base.py:84} INFO - Using connection ID 'minio_finance' for task execution.
[2026-02-26T13:52:51.387+0000] {connection_wrapper.py:384} INFO - AWS Connection (conn_id='minio_finance', conn_type='aws') credentials retrieved from login and password.
[2026-02-26T13:52:51.839+0000] {datalake_df2csv.py:112} INFO -   - Bucket 'thongtin-congty-va-bctc' đã tồn tại
[2026-02-26T13:52:51.876+0000] {datalake_df2csv.py:117} INFO - ✅ Upload thành công!
[2026-02-26T13:52:51.877+0000] {datalake_df2csv.py:118} INFO -   - Đường dẫn: s3://thongtin-congty-va-bctc/daily_price/2026-02-24/batch_161.csv
[2026-02-26T13:52:51.878+0000] {datalake_df2csv.py:119} INFO -   - Số dòng: 20
[2026-02-26T13:52:51.878+0000] {datalake_df2csv.py:120} INFO -   - Thời gian upload: 0.50 giây
[2026-02-26T13:52:51.879+0000] {datalake_df2csv.py:121} INFO - --------------------------------------------------------------------------------
[2026-02-26T13:52:51.879+0000] {datalake_df2csv.py:125} INFO - 📈 TỔNG KẾT:
[2026-02-26T13:52:51.879+0000] {datalake_df2csv.py:126} INFO -   - Tổng thời gian thực thi: 4.82 giây
[2026-02-26T13:52:51.880+0000] {datalake_df2csv.py:127} INFO -   - Tốc độ xử lý: 4 dòng/giây
[2026-02-26T13:52:51.880+0000] {datalake_df2csv.py:128} INFO - ================================================================================
[2026-02-26T13:52:51.880+0000] {datalake_df2csv.py:129} INFO - ✅ HOÀN THÀNH TASK: ingest_daily_price
[2026-02-26T13:52:51.881+0000] {datalake_df2csv.py:130} INFO - ================================================================================
[2026-02-26T13:52:51.882+0000] {taskinstance.py:441} INFO - ::group::Post task execution logs
[2026-02-26T13:52:51.891+0000] {taskinstance.py:1206} INFO - Marking task as SUCCESS. dag_id=daily_price, task_id=ingest_daily_price, run_id=scheduled__2026-02-24T16:00:00+00:00, map_index=161, execution_date=20260224T160000, start_date=20260226T135246, end_date=20260226T135251
[2026-02-26T13:52:51.964+0000] {local_task_job_runner.py:243} INFO - Task exited with return code 0
[2026-02-26T13:52:51.979+0000] {taskinstance.py:3503} INFO - 0 downstream tasks scheduled from follow-on schedule check
[2026-02-26T13:52:51.981+0000] {local_task_job_runner.py:222} INFO - ::endgroup::
