[2026-01-17T09:10:55.136+0000] {local_task_job_runner.py:120} INFO - ::group::Pre task execution logs
[2026-01-17T09:10:55.218+0000] {taskinstance.py:2076} INFO - Dependencies all met for dep_context=non-requeueable deps ti=<TaskInstance: financial_ratios_etl.ingest_financial_ratios scheduled__2026-01-04T02:00:00+00:00 map_index=744 [queued]>
[2026-01-17T09:10:55.280+0000] {taskinstance.py:2076} INFO - Dependencies all met for dep_context=requeueable deps ti=<TaskInstance: financial_ratios_etl.ingest_financial_ratios scheduled__2026-01-04T02:00:00+00:00 map_index=744 [queued]>
[2026-01-17T09:10:55.281+0000] {taskinstance.py:2306} INFO - Starting attempt 1 of 2
[2026-01-17T09:10:55.303+0000] {taskinstance.py:2330} INFO - Executing <Mapped(DfToCsvOperator): ingest_financial_ratios> on 2026-01-04 02:00:00+00:00
[2026-01-17T09:10:55.317+0000] {warnings.py:112} WARNING - This process (pid=19456) is multi-threaded, use of fork() may lead to deadlocks in the child.

[2026-01-17T09:10:55.320+0000] {standard_task_runner.py:64} INFO - Started process 19537 to run task
[2026-01-17T09:10:55.323+0000] {standard_task_runner.py:90} INFO - Running: ['***', 'tasks', 'run', 'financial_ratios_etl', 'ingest_financial_ratios', 'scheduled__2026-01-04T02:00:00+00:00', '--job-id', '1384', '--raw', '--subdir', 'DAGS_FOLDER/financial_ratios_etl.py', '--cfg-path', '/tmp/tmphfsphhge', '--map-index', '744']
[2026-01-17T09:10:55.328+0000] {standard_task_runner.py:91} INFO - Job 1384: Subtask ingest_financial_ratios
[2026-01-17T09:10:55.395+0000] {task_command.py:426} INFO - Running <TaskInstance: financial_ratios_etl.ingest_financial_ratios scheduled__2026-01-04T02:00:00+00:00 map_index=744 [running]> on host d8c064bd46bc
[2026-01-17T09:10:55.540+0000] {taskinstance.py:2648} INFO - Exporting env vars: AIRFLOW_CTX_DAG_OWNER='***' AIRFLOW_CTX_DAG_ID='financial_ratios_etl' AIRFLOW_CTX_TASK_ID='ingest_financial_ratios' AIRFLOW_CTX_EXECUTION_DATE='2026-01-04T02:00:00+00:00' AIRFLOW_CTX_TRY_NUMBER='1' AIRFLOW_CTX_DAG_RUN_ID='scheduled__2026-01-04T02:00:00+00:00'
[2026-01-17T09:10:55.541+0000] {taskinstance.py:430} INFO - ::endgroup::
[2026-01-17T09:10:55.551+0000] {logging_mixin.py:188} INFO - [RATIO] Bắt đầu xử lý batch 2 mã: ['CLC', 'CKV']
[2026-01-17T09:10:55.552+0000] {logging_mixin.py:188} INFO - [RATIO] Kỳ dữ liệu: quarter
[2026-01-17T09:10:55.553+0000] {logging_mixin.py:188} INFO -  >> [RATIO] Đang lấy dữ liệu: CLC
[2026-01-17T09:10:55.816+0000] {logging_mixin.py:188} INFO -  ❌ [RATIO] Lỗi xử lý mã CLC: Failed to fetch data: 429 - Too Many Requests
[2026-01-17T09:10:55.817+0000] {logging_mixin.py:188} INFO -  >> [RATIO] Đang lấy dữ liệu: CKV
[2026-01-17T09:10:56.221+0000] {logging_mixin.py:188} INFO -  ❌ [RATIO] Lỗi xử lý mã CKV: Failed to fetch data: 429 - Too Many Requests
[2026-01-17T09:10:56.223+0000] {logging_mixin.py:188} INFO -  ⚠ [RATIO] Batch này không thu được dữ liệu nào.
[2026-01-17T09:10:56.227+0000] {datalake_df2csv.py:40} INFO - DataFrame rỗng, bỏ qua upload CSV.
[2026-01-17T09:10:56.228+0000] {taskinstance.py:441} INFO - ::group::Post task execution logs
[2026-01-17T09:10:56.238+0000] {taskinstance.py:1206} INFO - Marking task as SUCCESS. dag_id=financial_ratios_etl, task_id=ingest_financial_ratios, run_id=scheduled__2026-01-04T02:00:00+00:00, map_index=744, execution_date=20260104T020000, start_date=20260117T091055, end_date=20260117T091056
[2026-01-17T09:10:56.303+0000] {local_task_job_runner.py:243} INFO - Task exited with return code 0
[2026-01-17T09:10:56.324+0000] {taskinstance.py:3503} INFO - 0 downstream tasks scheduled from follow-on schedule check
[2026-01-17T09:10:56.326+0000] {local_task_job_runner.py:222} INFO - ::endgroup::
