[2026-03-21T08:16:07.797+0000] {local_task_job_runner.py:120} INFO - ::group::Pre task execution logs
[2026-03-21T08:16:07.883+0000] {taskinstance.py:2076} INFO - Dependencies all met for dep_context=non-requeueable deps ti=<TaskInstance: daily_price.ingest_daily_price scheduled__2026-03-17T16:00:00+00:00 map_index=234 [queued]>
[2026-03-21T08:16:07.958+0000] {taskinstance.py:2076} INFO - Dependencies all met for dep_context=requeueable deps ti=<TaskInstance: daily_price.ingest_daily_price scheduled__2026-03-17T16:00:00+00:00 map_index=234 [queued]>
[2026-03-21T08:16:07.963+0000] {taskinstance.py:2306} INFO - Starting attempt 1 of 2
[2026-03-21T08:16:08.003+0000] {taskinstance.py:2330} INFO - Executing <Mapped(DfToCsvOperator): ingest_daily_price> on 2026-03-17 16:00:00+00:00
[2026-03-21T08:16:08.035+0000] {warnings.py:112} WARNING - This process (pid=11624) is multi-threaded, use of fork() may lead to deadlocks in the child.

[2026-03-21T08:16:08.037+0000] {standard_task_runner.py:64} INFO - Started process 11651 to run task
[2026-03-21T08:16:08.042+0000] {standard_task_runner.py:90} INFO - Running: ['***', 'tasks', 'run', 'daily_price', 'ingest_daily_price', 'scheduled__2026-03-17T16:00:00+00:00', '--job-id', '34407', '--raw', '--subdir', 'DAGS_FOLDER/dl_dailly_price.py', '--cfg-path', '/tmp/tmpmj2rt29t', '--map-index', '234']
[2026-03-21T08:16:08.054+0000] {standard_task_runner.py:91} INFO - Job 34407: Subtask ingest_daily_price
[2026-03-21T08:16:08.182+0000] {task_command.py:426} INFO - Running <TaskInstance: daily_price.ingest_daily_price scheduled__2026-03-17T16:00:00+00:00 map_index=234 [running]> on host f78ccc25496b
[2026-03-21T08:16:08.823+0000] {taskinstance.py:2648} INFO - Exporting env vars: AIRFLOW_CTX_DAG_OWNER='***' AIRFLOW_CTX_DAG_ID='daily_price' AIRFLOW_CTX_TASK_ID='ingest_daily_price' AIRFLOW_CTX_EXECUTION_DATE='2026-03-17T16:00:00+00:00' AIRFLOW_CTX_TRY_NUMBER='1' AIRFLOW_CTX_DAG_RUN_ID='scheduled__2026-03-17T16:00:00+00:00'
[2026-03-21T08:16:08.824+0000] {taskinstance.py:430} INFO - ::endgroup::
[2026-03-21T08:16:08.825+0000] {datalake_df2csv.py:40} INFO - ================================================================================
[2026-03-21T08:16:08.825+0000] {datalake_df2csv.py:41} INFO - 🚀 BẮT ĐẦU TASK: ingest_daily_price
[2026-03-21T08:16:08.826+0000] {datalake_df2csv.py:42} INFO - ================================================================================
[2026-03-21T08:16:08.826+0000] {datalake_df2csv.py:43} INFO - 📋 Thông tin cấu hình:
[2026-03-21T08:16:08.827+0000] {datalake_df2csv.py:44} INFO -   - Logic file: history_price
[2026-03-21T08:16:08.827+0000] {datalake_df2csv.py:45} INFO -   - DataFrame name: get_history_price_batch
[2026-03-21T08:16:08.827+0000] {datalake_df2csv.py:46} INFO -   - Bucket: thongtin-congty-va-bctc
[2026-03-21T08:16:08.828+0000] {datalake_df2csv.py:47} INFO -   - Object path: daily_price/2026-03-17/batch_234.csv
[2026-03-21T08:16:08.828+0000] {datalake_df2csv.py:48} INFO -   - Connection ID: minio_finance
[2026-03-21T08:16:08.828+0000] {datalake_df2csv.py:49} INFO -   - Tham số truyền vào: {'symbols': ['QNP', 'HU3', 'QST', 'PXT', 'OCB'], 'start_date': '2026-03-17', 'end_date': '2026-03-18'}
[2026-03-21T08:16:08.829+0000] {datalake_df2csv.py:50} INFO - --------------------------------------------------------------------------------
[2026-03-21T08:16:08.829+0000] {datalake_df2csv.py:54} INFO - 📥 Bước 1: Đang load dữ liệu từ logic file...
[2026-03-21T08:16:08.832+0000] {datalake_df2csv.py:148} INFO -   - Logic directory: /opt/airflow/plugins/logic
[2026-03-21T08:16:08.833+0000] {datalake_df2csv.py:149} INFO -   - Module path: /opt/airflow/plugins/logic/history_price.py
[2026-03-21T08:16:08.834+0000] {datalake_df2csv.py:153} INFO -   - Đã thêm logic directory vào sys.path
[2026-03-21T08:16:08.836+0000] {datalake_df2csv.py:159} INFO -   - Đang load module 'history_price'...
[2026-03-21T08:16:08.840+0000] {datalake_df2csv.py:163} INFO -   - ✅ Module loaded thành công
[2026-03-21T08:16:08.840+0000] {datalake_df2csv.py:165} INFO -   - Đang tìm DataFrame/function: 'get_history_price_batch'...
[2026-03-21T08:16:08.840+0000] {datalake_df2csv.py:170} INFO -   - ✅ Tìm thấy object: function
[2026-03-21T08:16:08.841+0000] {datalake_df2csv.py:173} INFO -   - Đang gọi function với tham số: {'symbols': ['QNP', 'HU3', 'QST', 'PXT', 'OCB'], 'start_date': '2026-03-17', 'end_date': '2026-03-18'}
[2026-03-21T08:16:14.219+0000] {datalake_df2csv.py:68} INFO - ✅ Load dữ liệu thành công!
[2026-03-21T08:16:14.221+0000] {datalake_df2csv.py:69} INFO - 📊 Thông tin DataFrame:
[2026-03-21T08:16:14.228+0000] {datalake_df2csv.py:70} INFO -   - Số dòng: 20
[2026-03-21T08:16:14.233+0000] {datalake_df2csv.py:71} INFO -   - Số cột: 7
[2026-03-21T08:16:14.234+0000] {datalake_df2csv.py:72} INFO -   - Tên các cột: ['ticker', 'trading_date', 'open', 'high', 'low', 'close', 'volume']
[2026-03-21T08:16:14.235+0000] {datalake_df2csv.py:73} INFO -   - Kiểu dữ liệu: {'ticker': 'object', 'trading_date': 'object', 'open': 'float64', 'high': 'float64', 'low': 'float64', 'close': 'float64', 'volume': 'int64'}
[2026-03-21T08:16:14.241+0000] {datalake_df2csv.py:74} INFO -   - Bộ nhớ sử dụng: 0.00 MB
[2026-03-21T08:16:14.244+0000] {datalake_df2csv.py:83} INFO -   - Không có giá trị NULL
[2026-03-21T08:16:14.245+0000] {datalake_df2csv.py:86} INFO -   - Mẫu dữ liệu (5 dòng đầu):
[2026-03-21T08:16:14.249+0000] {datalake_df2csv.py:88} INFO -     Row 0: {'ticker': 'QNP', 'trading_date': '2026-03-10', 'open': 30.7, 'high': 32.75, 'low': 30.7, 'close': 32.75, 'volume': 600}
[2026-03-21T08:16:14.253+0000] {datalake_df2csv.py:88} INFO -     Row 1: {'ticker': 'QNP', 'trading_date': '2026-03-11', 'open': 30.5, 'high': 32.75, 'low': 30.5, 'close': 32.75, 'volume': 1800}
[2026-03-21T08:16:14.254+0000] {datalake_df2csv.py:88} INFO -     Row 2: {'ticker': 'QNP', 'trading_date': '2026-03-17', 'open': 32.7, 'high': 32.75, 'low': 32.7, 'close': 32.75, 'volume': 300}
[2026-03-21T08:16:14.255+0000] {datalake_df2csv.py:88} INFO -     Row 3: {'ticker': 'QNP', 'trading_date': '2026-03-19', 'open': 32.75, 'high': 32.75, 'low': 30.65, 'close': 32.7, 'volume': 7100}
[2026-03-21T08:16:14.267+0000] {datalake_df2csv.py:88} INFO -     Row 4: {'ticker': 'HU3', 'trading_date': '2026-03-09', 'open': 3.1, 'high': 3.1, 'low': 2.9, 'close': 2.9, 'volume': 15600}
[2026-03-21T08:16:14.271+0000] {datalake_df2csv.py:90} INFO - --------------------------------------------------------------------------------
[2026-03-21T08:16:14.273+0000] {datalake_df2csv.py:93} INFO - 📝 Bước 2: Đang chuyển đổi DataFrame sang CSV...
[2026-03-21T08:16:14.281+0000] {datalake_df2csv.py:97} INFO - ✅ Chuyển đổi CSV thành công!
[2026-03-21T08:16:14.282+0000] {datalake_df2csv.py:98} INFO -   - Kích thước file: 0.00 MB
[2026-03-21T08:16:14.283+0000] {datalake_df2csv.py:99} INFO -   - Thời gian chuyển đổi: 0.01 giây
[2026-03-21T08:16:14.284+0000] {datalake_df2csv.py:100} INFO - --------------------------------------------------------------------------------
[2026-03-21T08:16:14.284+0000] {datalake_df2csv.py:103} INFO - ☁️  Bước 3: Đang upload lên MinIO/S3...
[2026-03-21T08:16:14.305+0000] {base.py:84} INFO - Using connection ID 'minio_finance' for task execution.
[2026-03-21T08:16:14.306+0000] {connection_wrapper.py:384} INFO - AWS Connection (conn_id='minio_finance', conn_type='aws') credentials retrieved from login and password.
[2026-03-21T08:16:15.218+0000] {datalake_df2csv.py:112} INFO -   - Bucket 'thongtin-congty-va-bctc' đã tồn tại
[2026-03-21T08:16:15.288+0000] {datalake_df2csv.py:117} INFO - ✅ Upload thành công!
[2026-03-21T08:16:15.289+0000] {datalake_df2csv.py:118} INFO -   - Đường dẫn: s3://thongtin-congty-va-bctc/daily_price/2026-03-17/batch_234.csv
[2026-03-21T08:16:15.290+0000] {datalake_df2csv.py:119} INFO -   - Số dòng: 20
[2026-03-21T08:16:15.290+0000] {datalake_df2csv.py:120} INFO -   - Thời gian upload: 1.00 giây
[2026-03-21T08:16:15.291+0000] {datalake_df2csv.py:121} INFO - --------------------------------------------------------------------------------
[2026-03-21T08:16:15.291+0000] {datalake_df2csv.py:125} INFO - 📈 TỔNG KẾT:
[2026-03-21T08:16:15.292+0000] {datalake_df2csv.py:126} INFO -   - Tổng thời gian thực thi: 6.47 giây
[2026-03-21T08:16:15.292+0000] {datalake_df2csv.py:127} INFO -   - Tốc độ xử lý: 3 dòng/giây
[2026-03-21T08:16:15.293+0000] {datalake_df2csv.py:128} INFO - ================================================================================
[2026-03-21T08:16:15.293+0000] {datalake_df2csv.py:129} INFO - ✅ HOÀN THÀNH TASK: ingest_daily_price
[2026-03-21T08:16:15.294+0000] {datalake_df2csv.py:130} INFO - ================================================================================
[2026-03-21T08:16:15.295+0000] {taskinstance.py:441} INFO - ::group::Post task execution logs
[2026-03-21T08:16:15.312+0000] {taskinstance.py:1206} INFO - Marking task as SUCCESS. dag_id=daily_price, task_id=ingest_daily_price, run_id=scheduled__2026-03-17T16:00:00+00:00, map_index=234, execution_date=20260317T160000, start_date=20260321T081607, end_date=20260321T081615
[2026-03-21T08:16:15.457+0000] {local_task_job_runner.py:243} INFO - Task exited with return code 0
[2026-03-21T08:16:15.481+0000] {taskinstance.py:3503} INFO - 0 downstream tasks scheduled from follow-on schedule check
[2026-03-21T08:16:15.486+0000] {local_task_job_runner.py:222} INFO - ::endgroup::
