[2026-01-15T13:22:05.957+0000] {local_task_job_runner.py:120} INFO - ::group::Pre task execution logs
[2026-01-15T13:22:05.982+0000] {taskinstance.py:2076} INFO - Dependencies all met for dep_context=non-requeueable deps ti=<TaskInstance: company_people_to_minio.ingest_people manual__2026-01-15T12:57:11.267903+00:00 map_index=59 [queued]>
[2026-01-15T13:22:06.000+0000] {taskinstance.py:2076} INFO - Dependencies all met for dep_context=requeueable deps ti=<TaskInstance: company_people_to_minio.ingest_people manual__2026-01-15T12:57:11.267903+00:00 map_index=59 [queued]>
[2026-01-15T13:22:06.001+0000] {taskinstance.py:2306} INFO - Starting attempt 1 of 2
[2026-01-15T13:22:06.019+0000] {taskinstance.py:2330} INFO - Executing <Mapped(DfToCsvOperator): ingest_people> on 2026-01-15 12:57:11.267903+00:00
[2026-01-15T13:22:06.035+0000] {warnings.py:112} WARNING - This process (pid=6165) is multi-threaded, use of fork() may lead to deadlocks in the child.

[2026-01-15T13:22:06.037+0000] {standard_task_runner.py:64} INFO - Started process 6189 to run task
[2026-01-15T13:22:06.041+0000] {standard_task_runner.py:90} INFO - Running: ['***', 'tasks', 'run', 'company_people_to_minio', 'ingest_people', 'manual__2026-01-15T12:57:11.267903+00:00', '--job-id', '16100', '--raw', '--subdir', 'DAGS_FOLDER/company_people_to_minio.py', '--cfg-path', '/tmp/tmpqi9j0_ce', '--map-index', '59']
[2026-01-15T13:22:06.046+0000] {standard_task_runner.py:91} INFO - Job 16100: Subtask ingest_people
[2026-01-15T13:22:06.114+0000] {task_command.py:426} INFO - Running <TaskInstance: company_people_to_minio.ingest_people manual__2026-01-15T12:57:11.267903+00:00 map_index=59 [running]> on host 48331fd7a179
[2026-01-15T13:22:06.244+0000] {taskinstance.py:2648} INFO - Exporting env vars: AIRFLOW_CTX_DAG_OWNER='***' AIRFLOW_CTX_DAG_ID='company_people_to_minio' AIRFLOW_CTX_TASK_ID='ingest_people' AIRFLOW_CTX_EXECUTION_DATE='2026-01-15T12:57:11.267903+00:00' AIRFLOW_CTX_TRY_NUMBER='1' AIRFLOW_CTX_DAG_RUN_ID='manual__2026-01-15T12:57:11.267903+00:00'
[2026-01-15T13:22:06.246+0000] {taskinstance.py:430} INFO - ::endgroup::
[2026-01-15T13:22:25.236+0000] {logging_mixin.py:188} INFO - shareholders GTK: RetryError[<Future at 0x7fd9e93e2d50 state=finished raised KeyError>]
[2026-01-15T13:22:29.244+0000] {logging_mixin.py:188} INFO - officers GTK: RetryError[<Future at 0x7fda239400b0 state=finished raised KeyError>]
[2026-01-15T13:22:31.929+0000] {base.py:84} INFO - Using connection ID 'minio_finance' for task execution.
[2026-01-15T13:22:31.930+0000] {connection_wrapper.py:384} INFO - AWS Connection (conn_id='minio_finance', conn_type='aws') credentials retrieved from login and password.
[2026-01-15T13:22:32.476+0000] {datalake_df2csv.py:52} INFO - ✅ Đã upload 371 dòng -> s3://thongtin-congty-va-bctc/people/date=2026-01-15/batch_59.csv
[2026-01-15T13:22:32.478+0000] {taskinstance.py:441} INFO - ::group::Post task execution logs
[2026-01-15T13:22:32.492+0000] {taskinstance.py:1206} INFO - Marking task as SUCCESS. dag_id=company_people_to_minio, task_id=ingest_people, run_id=manual__2026-01-15T12:57:11.267903+00:00, map_index=59, execution_date=20260115T125711, start_date=20260115T132205, end_date=20260115T132232
[2026-01-15T13:22:32.626+0000] {local_task_job_runner.py:243} INFO - Task exited with return code 0
[2026-01-15T13:22:32.671+0000] {local_task_job_runner.py:222} INFO - ::endgroup::
