[2026-01-19T14:16:26.416+0000] {local_task_job_runner.py:120} INFO - ::group::Pre task execution logs
[2026-01-19T14:16:26.461+0000] {taskinstance.py:2076} INFO - Dependencies all met for dep_context=non-requeueable deps ti=<TaskInstance: company_people_to_minio.ingest_people manual__2026-01-19T13:56:20+00:00 map_index=52 [queued]>
[2026-01-19T14:16:26.486+0000] {taskinstance.py:2076} INFO - Dependencies all met for dep_context=requeueable deps ti=<TaskInstance: company_people_to_minio.ingest_people manual__2026-01-19T13:56:20+00:00 map_index=52 [queued]>
[2026-01-19T14:16:26.487+0000] {taskinstance.py:2306} INFO - Starting attempt 1 of 2
[2026-01-19T14:16:26.527+0000] {taskinstance.py:2330} INFO - Executing <Mapped(DfToCsvOperator): ingest_people> on 2026-01-19 13:56:20+00:00
[2026-01-19T14:16:26.546+0000] {warnings.py:112} WARNING - This process (pid=7899) is multi-threaded, use of fork() may lead to deadlocks in the child.

[2026-01-19T14:16:26.548+0000] {standard_task_runner.py:64} INFO - Started process 7971 to run task
[2026-01-19T14:16:26.555+0000] {standard_task_runner.py:90} INFO - Running: ['***', 'tasks', 'run', 'company_people_to_minio', 'ingest_people', 'manual__2026-01-19T13:56:20+00:00', '--job-id', '3347', '--raw', '--subdir', 'DAGS_FOLDER/company_people_to_minio.py', '--cfg-path', '/tmp/tmpy9429lrl', '--map-index', '52']
[2026-01-19T14:16:26.560+0000] {standard_task_runner.py:91} INFO - Job 3347: Subtask ingest_people
[2026-01-19T14:16:26.653+0000] {task_command.py:426} INFO - Running <TaskInstance: company_people_to_minio.ingest_people manual__2026-01-19T13:56:20+00:00 map_index=52 [running]> on host 8cee9c20419f
[2026-01-19T14:16:26.869+0000] {taskinstance.py:2648} INFO - Exporting env vars: AIRFLOW_CTX_DAG_OWNER='***' AIRFLOW_CTX_DAG_ID='company_people_to_minio' AIRFLOW_CTX_TASK_ID='ingest_people' AIRFLOW_CTX_EXECUTION_DATE='2026-01-19T13:56:20+00:00' AIRFLOW_CTX_TRY_NUMBER='1' AIRFLOW_CTX_DAG_RUN_ID='manual__2026-01-19T13:56:20+00:00'
[2026-01-19T14:16:26.871+0000] {taskinstance.py:430} INFO - ::endgroup::
[2026-01-19T14:16:33.960+0000] {logging_mixin.py:188} INFO - shareholders HUX: RetryError[<Future at 0x7fc886e1bbf0 state=finished raised KeyError>]
[2026-01-19T14:16:37.968+0000] {logging_mixin.py:188} INFO - officers HUX: RetryError[<Future at 0x7fc886e4a240 state=finished raised KeyError>]
[2026-01-19T14:16:50.484+0000] {base.py:84} INFO - Using connection ID 'minio_finance' for task execution.
[2026-01-19T14:16:50.485+0000] {connection_wrapper.py:384} INFO - AWS Connection (conn_id='minio_finance', conn_type='aws') credentials retrieved from login and password.
[2026-01-19T14:16:51.193+0000] {datalake_df2csv.py:52} INFO - ✅ Đã upload 324 dòng -> s3://thongtin-congty-va-bctc/people/date=2026-01-19/batch_52.csv
[2026-01-19T14:16:51.195+0000] {taskinstance.py:441} INFO - ::group::Post task execution logs
[2026-01-19T14:16:51.208+0000] {taskinstance.py:1206} INFO - Marking task as SUCCESS. dag_id=company_people_to_minio, task_id=ingest_people, run_id=manual__2026-01-19T13:56:20+00:00, map_index=52, execution_date=20260119T135620, start_date=20260119T141626, end_date=20260119T141651
[2026-01-19T14:16:51.275+0000] {local_task_job_runner.py:243} INFO - Task exited with return code 0
[2026-01-19T14:16:51.287+0000] {local_task_job_runner.py:222} INFO - ::endgroup::
