[2026-03-21T07:41:32.071+0000] {local_task_job_runner.py:120} INFO - ::group::Pre task execution logs
[2026-03-21T07:41:32.179+0000] {taskinstance.py:2076} INFO - Dependencies all met for dep_context=non-requeueable deps ti=<TaskInstance: financial_ratios.ingest_financial_ratios scheduled__2026-03-08T02:00:00+00:00 map_index=349 [queued]>
[2026-03-21T07:41:32.233+0000] {taskinstance.py:2076} INFO - Dependencies all met for dep_context=requeueable deps ti=<TaskInstance: financial_ratios.ingest_financial_ratios scheduled__2026-03-08T02:00:00+00:00 map_index=349 [queued]>
[2026-03-21T07:41:32.234+0000] {taskinstance.py:2306} INFO - Starting attempt 1 of 2
[2026-03-21T07:41:32.263+0000] {taskinstance.py:2330} INFO - Executing <Mapped(DfToCsvOperator): ingest_financial_ratios> on 2026-03-08 02:00:00+00:00
[2026-03-21T07:41:32.284+0000] {warnings.py:112} WARNING - This process (pid=3436) is multi-threaded, use of fork() may lead to deadlocks in the child.

[2026-03-21T07:41:32.286+0000] {standard_task_runner.py:64} INFO - Started process 3442 to run task
[2026-03-21T07:41:32.290+0000] {standard_task_runner.py:90} INFO - Running: ['***', 'tasks', 'run', 'financial_ratios', 'ingest_financial_ratios', 'scheduled__2026-03-08T02:00:00+00:00', '--job-id', '33514', '--raw', '--subdir', 'DAGS_FOLDER/dl_financial_ratios.py', '--cfg-path', '/tmp/tmpbxxcydup', '--map-index', '349']
[2026-03-21T07:41:32.297+0000] {standard_task_runner.py:91} INFO - Job 33514: Subtask ingest_financial_ratios
[2026-03-21T07:41:32.385+0000] {task_command.py:426} INFO - Running <TaskInstance: financial_ratios.ingest_financial_ratios scheduled__2026-03-08T02:00:00+00:00 map_index=349 [running]> on host f78ccc25496b
[2026-03-21T07:41:33.189+0000] {taskinstance.py:2648} INFO - Exporting env vars: AIRFLOW_CTX_DAG_OWNER='***' AIRFLOW_CTX_DAG_ID='financial_ratios' AIRFLOW_CTX_TASK_ID='ingest_financial_ratios' AIRFLOW_CTX_EXECUTION_DATE='2026-03-08T02:00:00+00:00' AIRFLOW_CTX_TRY_NUMBER='1' AIRFLOW_CTX_DAG_RUN_ID='scheduled__2026-03-08T02:00:00+00:00'
[2026-03-21T07:41:33.191+0000] {taskinstance.py:430} INFO - ::endgroup::
[2026-03-21T07:41:33.192+0000] {datalake_df2csv.py:40} INFO - ================================================================================
[2026-03-21T07:41:33.193+0000] {datalake_df2csv.py:41} INFO - 🚀 BẮT ĐẦU TASK: ingest_financial_ratios
[2026-03-21T07:41:33.193+0000] {datalake_df2csv.py:42} INFO - ================================================================================
[2026-03-21T07:41:33.195+0000] {datalake_df2csv.py:43} INFO - 📋 Thông tin cấu hình:
[2026-03-21T07:41:33.195+0000] {datalake_df2csv.py:44} INFO -   - Logic file: financial_ratios
[2026-03-21T07:41:33.196+0000] {datalake_df2csv.py:45} INFO -   - DataFrame name: get_financial_ratios_batch
[2026-03-21T07:41:33.197+0000] {datalake_df2csv.py:46} INFO -   - Bucket: thongtin-congty-va-bctc
[2026-03-21T07:41:33.197+0000] {datalake_df2csv.py:47} INFO -   - Object path: financial_ratios/2026-03-08/batch_349.csv
[2026-03-21T07:41:33.198+0000] {datalake_df2csv.py:48} INFO -   - Connection ID: minio_finance
[2026-03-21T07:41:33.198+0000] {datalake_df2csv.py:49} INFO -   - Tham số truyền vào: {'symbols': ['BCP', 'USD'], 'period': 'quarter'}
[2026-03-21T07:41:33.199+0000] {datalake_df2csv.py:50} INFO - --------------------------------------------------------------------------------
[2026-03-21T07:41:33.199+0000] {datalake_df2csv.py:54} INFO - 📥 Bước 1: Đang load dữ liệu từ logic file...
[2026-03-21T07:41:33.203+0000] {datalake_df2csv.py:148} INFO -   - Logic directory: /opt/airflow/plugins/logic
[2026-03-21T07:41:33.205+0000] {datalake_df2csv.py:149} INFO -   - Module path: /opt/airflow/plugins/logic/financial_ratios.py
[2026-03-21T07:41:33.205+0000] {datalake_df2csv.py:153} INFO -   - Đã thêm logic directory vào sys.path
[2026-03-21T07:41:33.207+0000] {datalake_df2csv.py:159} INFO -   - Đang load module 'financial_ratios'...
[2026-03-21T07:41:33.213+0000] {datalake_df2csv.py:163} INFO -   - ✅ Module loaded thành công
[2026-03-21T07:41:33.214+0000] {datalake_df2csv.py:165} INFO -   - Đang tìm DataFrame/function: 'get_financial_ratios_batch'...
[2026-03-21T07:41:33.214+0000] {datalake_df2csv.py:170} INFO -   - ✅ Tìm thấy object: function
[2026-03-21T07:41:33.215+0000] {datalake_df2csv.py:173} INFO -   - Đang gọi function với tham số: {'symbols': ['BCP', 'USD'], 'period': 'quarter'}
[2026-03-21T07:41:33.216+0000] {logging_mixin.py:188} INFO - [RATIO] Bắt đầu xử lý batch 2 mã: ['BCP', 'USD']
[2026-03-21T07:41:33.217+0000] {logging_mixin.py:188} INFO - [RATIO] Kỳ dữ liệu: quarter
[2026-03-21T07:41:33.217+0000] {logging_mixin.py:188} INFO -  >> [RATIO] Đang lấy dữ liệu: BCP
[2026-03-21T07:41:39.506+0000] {logging_mixin.py:188} INFO - ❌ Lỗi BCP: RetryError[<Future at 0x7f3e9c4c6630 state=finished raised KeyError>]
[2026-03-21T07:41:39.509+0000] {logging_mixin.py:188} INFO -  ⚠️ [RATIO] BCP: No data from API
[2026-03-21T07:41:41.511+0000] {logging_mixin.py:188} INFO -  >> [RATIO] Đang lấy dữ liệu: USD
[2026-03-21T07:41:46.884+0000] {logging_mixin.py:188} INFO - ❌ Lỗi USD: RetryError[<Future at 0x7f3e9c4abef0 state=finished raised KeyError>]
[2026-03-21T07:41:46.885+0000] {logging_mixin.py:188} INFO -  ⚠️ [RATIO] USD: No data from API
[2026-03-21T07:41:48.886+0000] {logging_mixin.py:188} INFO -  ⚠ [RATIO] Batch này không thu được dữ liệu nào.
[2026-03-21T07:41:48.888+0000] {datalake_df2csv.py:58} WARNING - ⚠️  DataFrame rỗng hoặc None
[2026-03-21T07:41:48.889+0000] {datalake_df2csv.py:59} INFO - 📊 Thông tin DataFrame:
[2026-03-21T07:41:48.890+0000] {datalake_df2csv.py:60} INFO -   - Số dòng: 0
[2026-03-21T07:41:48.891+0000] {datalake_df2csv.py:61} INFO -   - Kết luận: Bỏ qua upload CSV
[2026-03-21T07:41:48.892+0000] {datalake_df2csv.py:62} INFO - ================================================================================
[2026-03-21T07:41:48.892+0000] {datalake_df2csv.py:63} INFO - ✅ KẾT THÚC TASK (không có dữ liệu): ingest_financial_ratios
[2026-03-21T07:41:48.894+0000] {datalake_df2csv.py:64} INFO - ================================================================================
[2026-03-21T07:41:48.895+0000] {taskinstance.py:441} INFO - ::group::Post task execution logs
[2026-03-21T07:41:48.912+0000] {taskinstance.py:1206} INFO - Marking task as SUCCESS. dag_id=financial_ratios, task_id=ingest_financial_ratios, run_id=scheduled__2026-03-08T02:00:00+00:00, map_index=349, execution_date=20260308T020000, start_date=20260321T074132, end_date=20260321T074148
[2026-03-21T07:41:49.195+0000] {local_task_job_runner.py:243} INFO - Task exited with return code 0
[2026-03-21T07:41:49.218+0000] {taskinstance.py:3503} INFO - 0 downstream tasks scheduled from follow-on schedule check
[2026-03-21T07:41:49.222+0000] {local_task_job_runner.py:222} INFO - ::endgroup::
