[2026-01-24T09:01:06.182+0000] {local_task_job_runner.py:120} INFO - ::group::Pre task execution logs
[2026-01-24T09:01:06.287+0000] {taskinstance.py:2076} INFO - Dependencies all met for dep_context=non-requeueable deps ti=<TaskInstance: financial_ratios_etl.ingest_financial_ratios manual__2026-01-24T08:33:50+00:00 map_index=719 [queued]>
[2026-01-24T09:01:06.384+0000] {taskinstance.py:2076} INFO - Dependencies all met for dep_context=requeueable deps ti=<TaskInstance: financial_ratios_etl.ingest_financial_ratios manual__2026-01-24T08:33:50+00:00 map_index=719 [queued]>
[2026-01-24T09:01:06.385+0000] {taskinstance.py:2306} INFO - Starting attempt 1 of 2
[2026-01-24T09:01:06.410+0000] {taskinstance.py:2330} INFO - Executing <Mapped(DfToCsvOperator): ingest_financial_ratios> on 2026-01-24 08:33:50+00:00
[2026-01-24T09:01:06.431+0000] {warnings.py:112} WARNING - This process (pid=16700) is multi-threaded, use of fork() may lead to deadlocks in the child.

[2026-01-24T09:01:06.438+0000] {standard_task_runner.py:64} INFO - Started process 16774 to run task
[2026-01-24T09:01:06.438+0000] {standard_task_runner.py:90} INFO - Running: ['***', 'tasks', 'run', 'financial_ratios_etl', 'ingest_financial_ratios', 'manual__2026-01-24T08:33:50+00:00', '--job-id', '7021', '--raw', '--subdir', 'DAGS_FOLDER/dl_financial_ratios.py', '--cfg-path', '/tmp/tmp00fjm7kt', '--map-index', '719']
[2026-01-24T09:01:06.447+0000] {standard_task_runner.py:91} INFO - Job 7021: Subtask ingest_financial_ratios
[2026-01-24T09:01:06.578+0000] {task_command.py:426} INFO - Running <TaskInstance: financial_ratios_etl.ingest_financial_ratios manual__2026-01-24T08:33:50+00:00 map_index=719 [running]> on host 05b4b3a77fa2
[2026-01-24T09:01:06.890+0000] {taskinstance.py:2648} INFO - Exporting env vars: AIRFLOW_CTX_DAG_OWNER='***' AIRFLOW_CTX_DAG_ID='financial_ratios_etl' AIRFLOW_CTX_TASK_ID='ingest_financial_ratios' AIRFLOW_CTX_EXECUTION_DATE='2026-01-24T08:33:50+00:00' AIRFLOW_CTX_TRY_NUMBER='1' AIRFLOW_CTX_DAG_RUN_ID='manual__2026-01-24T08:33:50+00:00'
[2026-01-24T09:01:06.930+0000] {taskinstance.py:430} INFO - ::endgroup::
[2026-01-24T09:01:06.986+0000] {logging_mixin.py:188} INFO - [RATIO] Bắt đầu xử lý batch 2 mã: ['CTN', 'CTI']
[2026-01-24T09:01:06.990+0000] {logging_mixin.py:188} INFO - [RATIO] Kỳ dữ liệu: quarter
[2026-01-24T09:01:06.992+0000] {logging_mixin.py:188} INFO -  >> [RATIO] Đang lấy dữ liệu: CTN
[2026-01-24T09:01:08.465+0000] {logging_mixin.py:188} INFO -  ✓ [RATIO] CTN: 14 rows
[2026-01-24T09:01:10.461+0000] {logging_mixin.py:188} INFO -  >> [RATIO] Đang lấy dữ liệu: CTI
[2026-01-24T09:01:11.645+0000] {logging_mixin.py:188} INFO -  ✓ [RATIO] CTI: 51 rows
[2026-01-24T09:01:13.651+0000] {logging_mixin.py:188} INFO -  ✅ [RATIO] Hoàn thành batch. Tổng số dòng: 65
[2026-01-24T09:01:13.698+0000] {base.py:84} INFO - Using connection ID 'minio_finance' for task execution.
[2026-01-24T09:01:13.699+0000] {connection_wrapper.py:384} INFO - AWS Connection (conn_id='minio_finance', conn_type='aws') credentials retrieved from login and password.
[2026-01-24T09:01:14.682+0000] {datalake_df2csv.py:52} INFO - ✅ Đã upload 65 dòng -> s3://thongtin-congty-va-bctc/financial_ratios/2026-01-24/batch_719.csv
[2026-01-24T09:01:14.684+0000] {taskinstance.py:441} INFO - ::group::Post task execution logs
[2026-01-24T09:01:14.709+0000] {taskinstance.py:1206} INFO - Marking task as SUCCESS. dag_id=financial_ratios_etl, task_id=ingest_financial_ratios, run_id=manual__2026-01-24T08:33:50+00:00, map_index=719, execution_date=20260124T083350, start_date=20260124T090106, end_date=20260124T090114
[2026-01-24T09:01:14.770+0000] {local_task_job_runner.py:243} INFO - Task exited with return code 0
[2026-01-24T09:01:14.799+0000] {taskinstance.py:3503} INFO - 0 downstream tasks scheduled from follow-on schedule check
[2026-01-24T09:01:14.805+0000] {local_task_job_runner.py:222} INFO - ::endgroup::
