[2026-01-18T03:41:16.862+0000] {local_task_job_runner.py:120} INFO - ::group::Pre task execution logs
[2026-01-18T03:41:16.920+0000] {taskinstance.py:2076} INFO - Dependencies all met for dep_context=non-requeueable deps ti=<TaskInstance: financial_ratios_etl.ingest_financial_ratios scheduled__2026-01-11T02:00:00+00:00 map_index=297 [queued]>
[2026-01-18T03:41:16.963+0000] {taskinstance.py:2076} INFO - Dependencies all met for dep_context=requeueable deps ti=<TaskInstance: financial_ratios_etl.ingest_financial_ratios scheduled__2026-01-11T02:00:00+00:00 map_index=297 [queued]>
[2026-01-18T03:41:16.964+0000] {taskinstance.py:2306} INFO - Starting attempt 1 of 2
[2026-01-18T03:41:16.988+0000] {taskinstance.py:2330} INFO - Executing <Mapped(DfToCsvOperator): ingest_financial_ratios> on 2026-01-11 02:00:00+00:00
[2026-01-18T03:41:17.007+0000] {warnings.py:112} WARNING - This process (pid=8944) is multi-threaded, use of fork() may lead to deadlocks in the child.

[2026-01-18T03:41:17.011+0000] {standard_task_runner.py:64} INFO - Started process 9061 to run task
[2026-01-18T03:41:17.017+0000] {standard_task_runner.py:90} INFO - Running: ['***', 'tasks', 'run', 'financial_ratios_etl', 'ingest_financial_ratios', 'scheduled__2026-01-11T02:00:00+00:00', '--job-id', '2145', '--raw', '--subdir', 'DAGS_FOLDER/financial_ratios_etl.py', '--cfg-path', '/tmp/tmphzuf_15e', '--map-index', '297']
[2026-01-18T03:41:17.022+0000] {standard_task_runner.py:91} INFO - Job 2145: Subtask ingest_financial_ratios
[2026-01-18T03:41:17.111+0000] {task_command.py:426} INFO - Running <TaskInstance: financial_ratios_etl.ingest_financial_ratios scheduled__2026-01-11T02:00:00+00:00 map_index=297 [running]> on host 5ae19da926ef
[2026-01-18T03:41:17.292+0000] {taskinstance.py:2648} INFO - Exporting env vars: AIRFLOW_CTX_DAG_OWNER='***' AIRFLOW_CTX_DAG_ID='financial_ratios_etl' AIRFLOW_CTX_TASK_ID='ingest_financial_ratios' AIRFLOW_CTX_EXECUTION_DATE='2026-01-11T02:00:00+00:00' AIRFLOW_CTX_TRY_NUMBER='1' AIRFLOW_CTX_DAG_RUN_ID='scheduled__2026-01-11T02:00:00+00:00'
[2026-01-18T03:41:17.294+0000] {taskinstance.py:430} INFO - ::endgroup::
[2026-01-18T03:41:17.321+0000] {logging_mixin.py:188} INFO - [RATIO] Bắt đầu xử lý batch 2 mã: ['PXS', 'PXM']
[2026-01-18T03:41:17.322+0000] {logging_mixin.py:188} INFO - [RATIO] Kỳ dữ liệu: quarter
[2026-01-18T03:41:17.322+0000] {logging_mixin.py:188} INFO -  >> [RATIO] Đang lấy dữ liệu: PXS
[2026-01-18T03:41:21.487+0000] {logging_mixin.py:188} INFO -  ✓ [RATIO] PXS: 52 rows
[2026-01-18T03:41:23.487+0000] {logging_mixin.py:188} INFO -  >> [RATIO] Đang lấy dữ liệu: PXM
[2026-01-18T03:41:25.241+0000] {logging_mixin.py:188} INFO -  ✓ [RATIO] PXM: 47 rows
[2026-01-18T03:41:27.244+0000] {logging_mixin.py:188} INFO -  ✅ [RATIO] Hoàn thành batch. Tổng số dòng: 99
[2026-01-18T03:41:27.262+0000] {base.py:84} INFO - Using connection ID 'minio_finance' for task execution.
[2026-01-18T03:41:27.263+0000] {connection_wrapper.py:384} INFO - AWS Connection (conn_id='minio_finance', conn_type='aws') credentials retrieved from login and password.
[2026-01-18T03:41:27.864+0000] {datalake_df2csv.py:52} INFO - ✅ Đã upload 99 dòng -> s3://thongtin-congty-va-bctc/financial_ratios/2026-01-11/batch_297.csv
[2026-01-18T03:41:27.865+0000] {taskinstance.py:441} INFO - ::group::Post task execution logs
[2026-01-18T03:41:27.876+0000] {taskinstance.py:1206} INFO - Marking task as SUCCESS. dag_id=financial_ratios_etl, task_id=ingest_financial_ratios, run_id=scheduled__2026-01-11T02:00:00+00:00, map_index=297, execution_date=20260111T020000, start_date=20260118T034116, end_date=20260118T034127
[2026-01-18T03:41:27.942+0000] {local_task_job_runner.py:243} INFO - Task exited with return code 0
[2026-01-18T03:41:27.961+0000] {taskinstance.py:3503} INFO - 0 downstream tasks scheduled from follow-on schedule check
[2026-01-18T03:41:27.963+0000] {local_task_job_runner.py:222} INFO - ::endgroup::
