[2026-01-11T03:23:53.503+0000] {local_task_job_runner.py:120} INFO - ::group::Pre task execution logs
[2026-01-11T03:23:53.537+0000] {taskinstance.py:2076} INFO - Dependencies all met for dep_context=non-requeueable deps ti=<TaskInstance: bctc.ingest_bctc scheduled__2026-01-04T00:00:00+00:00 map_index=68 [queued]>
[2026-01-11T03:23:53.561+0000] {taskinstance.py:2076} INFO - Dependencies all met for dep_context=requeueable deps ti=<TaskInstance: bctc.ingest_bctc scheduled__2026-01-04T00:00:00+00:00 map_index=68 [queued]>
[2026-01-11T03:23:53.562+0000] {taskinstance.py:2306} INFO - Starting attempt 1 of 2
[2026-01-11T03:23:53.585+0000] {taskinstance.py:2330} INFO - Executing <Mapped(DfToCsvOperator): ingest_bctc> on 2026-01-04 00:00:00+00:00
[2026-01-11T03:23:53.598+0000] {warnings.py:112} WARNING - This process (pid=3188) is multi-threaded, use of fork() may lead to deadlocks in the child.

[2026-01-11T03:23:53.601+0000] {standard_task_runner.py:64} INFO - Started process 3265 to run task
[2026-01-11T03:23:53.603+0000] {standard_task_runner.py:90} INFO - Running: ['***', 'tasks', 'run', 'bctc', 'ingest_bctc', 'scheduled__2026-01-04T00:00:00+00:00', '--job-id', '9891', '--raw', '--subdir', 'DAGS_FOLDER/tt_cty_bctc.py', '--cfg-path', '/tmp/tmpxc2v386j', '--map-index', '68']
[2026-01-11T03:23:53.633+0000] {standard_task_runner.py:91} INFO - Job 9891: Subtask ingest_bctc
[2026-01-11T03:23:53.722+0000] {task_command.py:426} INFO - Running <TaskInstance: bctc.ingest_bctc scheduled__2026-01-04T00:00:00+00:00 map_index=68 [running]> on host 3f2af93df813
[2026-01-11T03:23:53.894+0000] {taskinstance.py:2648} INFO - Exporting env vars: AIRFLOW_CTX_DAG_OWNER='***' AIRFLOW_CTX_DAG_ID='bctc' AIRFLOW_CTX_TASK_ID='ingest_bctc' AIRFLOW_CTX_EXECUTION_DATE='2026-01-04T00:00:00+00:00' AIRFLOW_CTX_TRY_NUMBER='1' AIRFLOW_CTX_DAG_RUN_ID='scheduled__2026-01-04T00:00:00+00:00'
[2026-01-11T03:23:53.896+0000] {taskinstance.py:430} INFO - ::endgroup::
[2026-01-11T03:23:53.918+0000] {logging_mixin.py:188} INFO - Bắt đầu xử lý batch 20 mã: ['DMC', 'DM7', 'DLT', 'DLR', 'DLM', 'DLG', 'DLD', 'DL1', 'DKW', 'DKH', 'DKG', 'DKC', 'DIH', 'DIG', 'DID', 'DIC', 'DHT', 'DHP', 'DHN', 'DHM']
[2026-01-11T03:23:53.919+0000] {logging_mixin.py:188} INFO -  >> Đang lấy dữ liệu: DMC
[2026-01-11T03:23:54.038+0000] {logging_mixin.py:188} INFO -  Lỗi xử lý mã DMC: Failed to fetch data: 429 - Too Many Requests
[2026-01-11T03:23:54.039+0000] {logging_mixin.py:188} INFO -  >> Đang lấy dữ liệu: DM7
[2026-01-11T03:23:54.190+0000] {logging_mixin.py:188} INFO -  Lỗi xử lý mã DM7: Failed to fetch data: 429 - Too Many Requests
[2026-01-11T03:23:54.191+0000] {logging_mixin.py:188} INFO -  >> Đang lấy dữ liệu: DLT
[2026-01-11T03:23:54.480+0000] {logging_mixin.py:188} INFO -  Lỗi xử lý mã DLT: Failed to fetch data: 429 - Too Many Requests
[2026-01-11T03:23:54.481+0000] {logging_mixin.py:188} INFO -  >> Đang lấy dữ liệu: DLR
[2026-01-11T03:23:54.617+0000] {logging_mixin.py:188} INFO -  Lỗi xử lý mã DLR: Failed to fetch data: 429 - Too Many Requests
[2026-01-11T03:23:54.618+0000] {logging_mixin.py:188} INFO -  >> Đang lấy dữ liệu: DLM
[2026-01-11T03:23:54.990+0000] {logging_mixin.py:188} INFO -  Lỗi xử lý mã DLM: Failed to fetch data: 429 - Too Many Requests
[2026-01-11T03:23:54.992+0000] {logging_mixin.py:188} INFO -  >> Đang lấy dữ liệu: DLG
[2026-01-11T03:23:55.115+0000] {logging_mixin.py:188} INFO -  Lỗi xử lý mã DLG: Failed to fetch data: 429 - Too Many Requests
[2026-01-11T03:23:55.116+0000] {logging_mixin.py:188} INFO -  >> Đang lấy dữ liệu: DLD
[2026-01-11T03:23:56.407+0000] {logging_mixin.py:188} INFO -  Lỗi xử lý mã DLD: Failed to fetch data: 429 - Too Many Requests
[2026-01-11T03:23:56.409+0000] {logging_mixin.py:188} INFO -  >> Đang lấy dữ liệu: DL1
[2026-01-11T03:23:56.582+0000] {logging_mixin.py:188} INFO -  Lỗi xử lý mã DL1: Failed to fetch data: 429 - Too Many Requests
[2026-01-11T03:23:56.583+0000] {logging_mixin.py:188} INFO -  >> Đang lấy dữ liệu: DKW
[2026-01-11T03:23:58.742+0000] {logging_mixin.py:188} INFO -  Lỗi xử lý mã DKW: Failed to fetch data: 429 - Too Many Requests
[2026-01-11T03:23:58.743+0000] {logging_mixin.py:188} INFO -  >> Đang lấy dữ liệu: DKH
[2026-01-11T03:23:58.960+0000] {logging_mixin.py:188} INFO -  Lỗi xử lý mã DKH: Failed to fetch data: 429 - Too Many Requests
[2026-01-11T03:23:58.962+0000] {logging_mixin.py:188} INFO -  >> Đang lấy dữ liệu: DKG
[2026-01-11T03:23:59.853+0000] {logging_mixin.py:188} INFO -  Lỗi xử lý mã DKG: Failed to fetch data: 429 - Too Many Requests
[2026-01-11T03:23:59.854+0000] {logging_mixin.py:188} INFO -  >> Đang lấy dữ liệu: DKC
[2026-01-11T03:24:00.213+0000] {logging_mixin.py:188} INFO -  Lỗi xử lý mã DKC: Failed to fetch data: 429 - Too Many Requests
[2026-01-11T03:24:00.214+0000] {logging_mixin.py:188} INFO -  >> Đang lấy dữ liệu: DIH
[2026-01-11T03:24:00.313+0000] {logging_mixin.py:188} INFO -  Lỗi xử lý mã DIH: Failed to fetch data: 429 - Too Many Requests
[2026-01-11T03:24:00.314+0000] {logging_mixin.py:188} INFO -  >> Đang lấy dữ liệu: DIG
[2026-01-11T03:24:00.416+0000] {logging_mixin.py:188} INFO -  Lỗi xử lý mã DIG: Failed to fetch data: 429 - Too Many Requests
[2026-01-11T03:24:00.417+0000] {logging_mixin.py:188} INFO -  >> Đang lấy dữ liệu: DID
[2026-01-11T03:24:00.524+0000] {logging_mixin.py:188} INFO -  Lỗi xử lý mã DID: Failed to fetch data: 429 - Too Many Requests
[2026-01-11T03:24:00.524+0000] {logging_mixin.py:188} INFO -  >> Đang lấy dữ liệu: DIC
[2026-01-11T03:24:00.639+0000] {logging_mixin.py:188} INFO -  Lỗi xử lý mã DIC: Failed to fetch data: 429 - Too Many Requests
[2026-01-11T03:24:00.640+0000] {logging_mixin.py:188} INFO -  >> Đang lấy dữ liệu: DHT
[2026-01-11T03:24:00.730+0000] {logging_mixin.py:188} INFO -  Lỗi xử lý mã DHT: Failed to fetch data: 429 - Too Many Requests
[2026-01-11T03:24:00.731+0000] {logging_mixin.py:188} INFO -  >> Đang lấy dữ liệu: DHP
[2026-01-11T03:24:00.899+0000] {logging_mixin.py:188} INFO -  Lỗi xử lý mã DHP: Failed to fetch data: 429 - Too Many Requests
[2026-01-11T03:24:00.900+0000] {logging_mixin.py:188} INFO -  >> Đang lấy dữ liệu: DHN
[2026-01-11T03:24:01.034+0000] {logging_mixin.py:188} INFO -  Lỗi xử lý mã DHN: Failed to fetch data: 429 - Too Many Requests
[2026-01-11T03:24:01.035+0000] {logging_mixin.py:188} INFO -  >> Đang lấy dữ liệu: DHM
[2026-01-11T03:24:01.130+0000] {logging_mixin.py:188} INFO -  Lỗi xử lý mã DHM: Failed to fetch data: 429 - Too Many Requests
[2026-01-11T03:24:01.131+0000] {logging_mixin.py:188} INFO -  ⚠ Batch này không thu được dữ liệu nào.
[2026-01-11T03:24:01.134+0000] {datalake_df2csv.py:40} INFO - DataFrame rỗng, bỏ qua upload CSV.
[2026-01-11T03:24:01.135+0000] {taskinstance.py:441} INFO - ::group::Post task execution logs
[2026-01-11T03:24:01.383+0000] {taskinstance.py:1206} INFO - Marking task as SUCCESS. dag_id=bctc, task_id=ingest_bctc, run_id=scheduled__2026-01-04T00:00:00+00:00, map_index=68, execution_date=20260104T000000, start_date=20260111T032353, end_date=20260111T032401
[2026-01-11T03:24:01.411+0000] {local_task_job_runner.py:243} INFO - Task exited with return code 0
[2026-01-11T03:24:01.441+0000] {taskinstance.py:3503} INFO - 0 downstream tasks scheduled from follow-on schedule check
[2026-01-11T03:24:01.443+0000] {local_task_job_runner.py:222} INFO - ::endgroup::
[2026-01-17T08:51:07.695+0000] {local_task_job_runner.py:120} INFO - ::group::Pre task execution logs
[2026-01-17T08:51:07.718+0000] {taskinstance.py:2076} INFO - Dependencies all met for dep_context=non-requeueable deps ti=<TaskInstance: bctc.ingest_bctc scheduled__2026-01-04T00:00:00+00:00 map_index=68 [queued]>
[2026-01-17T08:51:07.730+0000] {taskinstance.py:2076} INFO - Dependencies all met for dep_context=requeueable deps ti=<TaskInstance: bctc.ingest_bctc scheduled__2026-01-04T00:00:00+00:00 map_index=68 [queued]>
[2026-01-17T08:51:07.730+0000] {taskinstance.py:2306} INFO - Starting attempt 1 of 2
[2026-01-17T08:51:07.743+0000] {taskinstance.py:2330} INFO - Executing <Mapped(DfToCsvOperator): ingest_bctc> on 2026-01-04 00:00:00+00:00
[2026-01-17T08:51:07.753+0000] {warnings.py:112} WARNING - This process (pid=4723) is multi-threaded, use of fork() may lead to deadlocks in the child.

[2026-01-17T08:51:07.754+0000] {standard_task_runner.py:64} INFO - Started process 4735 to run task
[2026-01-17T08:51:07.756+0000] {standard_task_runner.py:90} INFO - Running: ['***', 'tasks', 'run', 'bctc', 'ingest_bctc', 'scheduled__2026-01-04T00:00:00+00:00', '--job-id', '235', '--raw', '--subdir', 'DAGS_FOLDER/tt_cty_bctc.py', '--cfg-path', '/tmp/tmpqx356iag', '--map-index', '68']
[2026-01-17T08:51:07.759+0000] {standard_task_runner.py:91} INFO - Job 235: Subtask ingest_bctc
[2026-01-17T08:51:07.803+0000] {task_command.py:426} INFO - Running <TaskInstance: bctc.ingest_bctc scheduled__2026-01-04T00:00:00+00:00 map_index=68 [running]> on host d8c064bd46bc
[2026-01-17T08:51:07.884+0000] {taskinstance.py:2648} INFO - Exporting env vars: AIRFLOW_CTX_DAG_OWNER='***' AIRFLOW_CTX_DAG_ID='bctc' AIRFLOW_CTX_TASK_ID='ingest_bctc' AIRFLOW_CTX_EXECUTION_DATE='2026-01-04T00:00:00+00:00' AIRFLOW_CTX_TRY_NUMBER='1' AIRFLOW_CTX_DAG_RUN_ID='scheduled__2026-01-04T00:00:00+00:00'
[2026-01-17T08:51:07.885+0000] {taskinstance.py:430} INFO - ::endgroup::
[2026-01-17T08:51:07.892+0000] {logging_mixin.py:188} INFO - Bắt đầu xử lý batch 20 mã: ['DMN', 'DMC', 'DM7', 'DLT', 'DLR', 'DLM', 'DLG', 'DLD', 'DL1', 'DKW', 'DKH', 'DKG', 'DKC', 'DIH', 'DIG', 'DID', 'DIC', 'DHT', 'DHP', 'DHN']
[2026-01-17T08:51:07.893+0000] {logging_mixin.py:188} INFO -  >> Đang lấy dữ liệu: DMN
[2026-01-17T08:51:24.501+0000] {logging_mixin.py:188} INFO -  >> Đang lấy dữ liệu: DMC
[2026-01-17T08:51:25.097+0000] {logging_mixin.py:188} INFO -  Lỗi xử lý mã DMC: Failed to fetch data: 429 - Too Many Requests
[2026-01-17T08:51:25.098+0000] {logging_mixin.py:188} INFO -  >> Đang lấy dữ liệu: DM7
[2026-01-17T08:51:25.192+0000] {logging_mixin.py:188} INFO -  Lỗi xử lý mã DM7: Failed to fetch data: 429 - Too Many Requests
[2026-01-17T08:51:25.193+0000] {logging_mixin.py:188} INFO -  >> Đang lấy dữ liệu: DLT
[2026-01-17T08:51:42.591+0000] {logging_mixin.py:188} INFO -  >> Đang lấy dữ liệu: DLR
[2026-01-17T08:51:54.886+0000] {logging_mixin.py:188} INFO - ❌ Lỗi balance_sheet: RetryError[<Future at 0x7f971845c440 state=finished raised ConnectionError>]
[2026-01-17T08:52:01.243+0000] {logging_mixin.py:188} INFO -  >> Đang lấy dữ liệu: DLM
[2026-01-17T08:52:01.743+0000] {logging_mixin.py:188} INFO -  Lỗi xử lý mã DLM: Failed to fetch data: 429 - Too Many Requests
[2026-01-17T08:52:01.744+0000] {logging_mixin.py:188} INFO -  >> Đang lấy dữ liệu: DLG
[2026-01-17T08:52:01.842+0000] {logging_mixin.py:188} INFO -  Lỗi xử lý mã DLG: Failed to fetch data: 429 - Too Many Requests
[2026-01-17T08:52:01.843+0000] {logging_mixin.py:188} INFO -  >> Đang lấy dữ liệu: DLD
[2026-01-17T08:52:01.965+0000] {logging_mixin.py:188} INFO -  Lỗi xử lý mã DLD: Failed to fetch data: 429 - Too Many Requests
[2026-01-17T08:52:01.966+0000] {logging_mixin.py:188} INFO -  >> Đang lấy dữ liệu: DL1
[2026-01-17T08:52:09.890+0000] {logging_mixin.py:188} INFO - ❌ Lỗi income_statement: RetryError[<Future at 0x7f971852fc80 state=finished raised ConnectionError>]
[2026-01-17T08:52:20.954+0000] {logging_mixin.py:188} INFO - ❌ Lỗi cash_flow: RetryError[<Future at 0x7f974ab5c890 state=finished raised ConnectionError>]
[2026-01-17T08:52:24.456+0000] {logging_mixin.py:188} INFO -  >> Đang lấy dữ liệu: DKW
[2026-01-17T08:52:24.571+0000] {logging_mixin.py:188} INFO -  Lỗi xử lý mã DKW: Failed to fetch data: 429 - Too Many Requests
[2026-01-17T08:52:24.571+0000] {logging_mixin.py:188} INFO -  >> Đang lấy dữ liệu: DKH
[2026-01-17T08:52:25.286+0000] {logging_mixin.py:188} INFO -  Lỗi xử lý mã DKH: 'NoneType' object is not subscriptable
[2026-01-17T08:52:25.286+0000] {logging_mixin.py:188} INFO -  >> Đang lấy dữ liệu: DKG
[2026-01-17T08:52:43.180+0000] {logging_mixin.py:188} INFO -  >> Đang lấy dữ liệu: DKC
[2026-01-17T08:52:43.832+0000] {logging_mixin.py:188} INFO -  Lỗi xử lý mã DKC: Failed to fetch data: 429 - Too Many Requests
[2026-01-17T08:52:43.833+0000] {logging_mixin.py:188} INFO -  >> Đang lấy dữ liệu: DIH
[2026-01-17T08:52:50.997+0000] {logging_mixin.py:188} INFO - ❌ Lỗi balance_sheet: RetryError[<Future at 0x7f9718667080 state=finished raised ConnectionError>]
[2026-01-17T08:52:56.848+0000] {logging_mixin.py:188} INFO - ❌ Lỗi cash_flow: RetryError[<Future at 0x7f97182e7c80 state=finished raised ConnectionError>]
[2026-01-17T08:53:00.350+0000] {logging_mixin.py:188} INFO -  >> Đang lấy dữ liệu: DIG
[2026-01-17T08:53:00.651+0000] {logging_mixin.py:188} INFO -  Lỗi xử lý mã DIG: Failed to fetch data: 429 - Too Many Requests
[2026-01-17T08:53:00.652+0000] {logging_mixin.py:188} INFO -  >> Đang lấy dữ liệu: DID
[2026-01-17T08:53:00.782+0000] {logging_mixin.py:188} INFO -  Lỗi xử lý mã DID: Failed to fetch data: 429 - Too Many Requests
[2026-01-17T08:53:00.783+0000] {logging_mixin.py:188} INFO -  >> Đang lấy dữ liệu: DIC
[2026-01-17T08:53:00.993+0000] {logging_mixin.py:188} INFO -  Lỗi xử lý mã DIC: Failed to fetch data: 429 - Too Many Requests
[2026-01-17T08:53:00.993+0000] {logging_mixin.py:188} INFO -  >> Đang lấy dữ liệu: DHT
[2026-01-17T08:53:14.001+0000] {logging_mixin.py:188} INFO - ❌ Lỗi cash_flow: RetryError[<Future at 0x7f97185535c0 state=finished raised ConnectionError>]
[2026-01-17T08:53:17.503+0000] {logging_mixin.py:188} INFO -  >> Đang lấy dữ liệu: DHP
[2026-01-17T08:53:18.254+0000] {logging_mixin.py:188} INFO -  Lỗi xử lý mã DHP: Failed to fetch data: 429 - Too Many Requests
[2026-01-17T08:53:18.255+0000] {logging_mixin.py:188} INFO -  >> Đang lấy dữ liệu: DHN
[2026-01-17T08:53:18.691+0000] {logging_mixin.py:188} INFO -  Lỗi xử lý mã DHN: Failed to fetch data: 429 - Too Many Requests
[2026-01-17T08:53:18.692+0000] {logging_mixin.py:188} INFO -  ⚠ Batch này không thu được dữ liệu nào.
[2026-01-17T08:53:18.693+0000] {datalake_df2csv.py:40} INFO - DataFrame rỗng, bỏ qua upload CSV.
[2026-01-17T08:53:18.693+0000] {taskinstance.py:441} INFO - ::group::Post task execution logs
[2026-01-17T08:53:18.702+0000] {taskinstance.py:1206} INFO - Marking task as SUCCESS. dag_id=bctc, task_id=ingest_bctc, run_id=scheduled__2026-01-04T00:00:00+00:00, map_index=68, execution_date=20260104T000000, start_date=20260117T085107, end_date=20260117T085318
[2026-01-17T08:53:18.762+0000] {local_task_job_runner.py:243} INFO - Task exited with return code 0
[2026-01-17T08:53:18.771+0000] {local_task_job_runner.py:222} INFO - ::endgroup::
