[2026-04-30T16:02:52.014+0000] {local_task_job_runner.py:120} INFO - ::group::Pre task execution logs
[2026-04-30T16:02:52.063+0000] {taskinstance.py:2076} INFO - Dependencies all met for dep_context=non-requeueable deps ti=<TaskInstance: daily_price.ingest_daily_price scheduled__2026-04-29T16:00:00+00:00 map_index=82 [queued]>
[2026-04-30T16:02:52.095+0000] {taskinstance.py:2076} INFO - Dependencies all met for dep_context=requeueable deps ti=<TaskInstance: daily_price.ingest_daily_price scheduled__2026-04-29T16:00:00+00:00 map_index=82 [queued]>
[2026-04-30T16:02:52.096+0000] {taskinstance.py:2306} INFO - Starting attempt 1 of 2
[2026-04-30T16:02:52.128+0000] {taskinstance.py:2330} INFO - Executing <Mapped(DfToCsvOperator): ingest_daily_price> on 2026-04-29 16:00:00+00:00
[2026-04-30T16:02:52.147+0000] {warnings.py:112} WARNING - This process (pid=3241) is multi-threaded, use of fork() may lead to deadlocks in the child.

[2026-04-30T16:02:52.149+0000] {standard_task_runner.py:64} INFO - Started process 3289 to run task
[2026-04-30T16:02:52.167+0000] {standard_task_runner.py:90} INFO - Running: ['***', 'tasks', 'run', 'daily_price', 'ingest_daily_price', 'scheduled__2026-04-29T16:00:00+00:00', '--job-id', '46685', '--raw', '--subdir', 'DAGS_FOLDER/dl_dailly_price.py', '--cfg-path', '/tmp/tmpccnm9jj5', '--map-index', '82']
[2026-04-30T16:02:52.174+0000] {standard_task_runner.py:91} INFO - Job 46685: Subtask ingest_daily_price
[2026-04-30T16:02:52.280+0000] {task_command.py:426} INFO - Running <TaskInstance: daily_price.ingest_daily_price scheduled__2026-04-29T16:00:00+00:00 map_index=82 [running]> on host bfbf563e772e
[2026-04-30T16:02:52.932+0000] {taskinstance.py:2648} INFO - Exporting env vars: AIRFLOW_CTX_DAG_OWNER='***' AIRFLOW_CTX_DAG_ID='daily_price' AIRFLOW_CTX_TASK_ID='ingest_daily_price' AIRFLOW_CTX_EXECUTION_DATE='2026-04-29T16:00:00+00:00' AIRFLOW_CTX_TRY_NUMBER='1' AIRFLOW_CTX_DAG_RUN_ID='scheduled__2026-04-29T16:00:00+00:00'
[2026-04-30T16:02:52.937+0000] {taskinstance.py:430} INFO - ::endgroup::
[2026-04-30T16:02:52.938+0000] {datalake_df2csv.py:40} INFO - ================================================================================
[2026-04-30T16:02:52.939+0000] {datalake_df2csv.py:41} INFO - 🚀 BẮT ĐẦU TASK: ingest_daily_price
[2026-04-30T16:02:52.941+0000] {datalake_df2csv.py:42} INFO - ================================================================================
[2026-04-30T16:02:52.942+0000] {datalake_df2csv.py:43} INFO - 📋 Thông tin cấu hình:
[2026-04-30T16:02:52.943+0000] {datalake_df2csv.py:44} INFO -   - Logic file: history_price
[2026-04-30T16:02:52.944+0000] {datalake_df2csv.py:45} INFO -   - DataFrame name: get_history_price_batch
[2026-04-30T16:02:52.945+0000] {datalake_df2csv.py:46} INFO -   - Bucket: thongtin-congty-va-bctc
[2026-04-30T16:02:52.946+0000] {datalake_df2csv.py:47} INFO -   - Object path: daily_price/2026-04-29/batch_82.csv
[2026-04-30T16:02:52.947+0000] {datalake_df2csv.py:48} INFO -   - Connection ID: minio_finance
[2026-04-30T16:02:52.948+0000] {datalake_df2csv.py:49} INFO -   - Tham số truyền vào: {'symbols': ['BTP', 'AAT', 'PBP', 'NSL', 'CMP'], 'start_date': '2026-04-29', 'end_date': '2026-04-30'}
[2026-04-30T16:02:52.949+0000] {datalake_df2csv.py:50} INFO - --------------------------------------------------------------------------------
[2026-04-30T16:02:52.950+0000] {datalake_df2csv.py:54} INFO - 📥 Bước 1: Đang load dữ liệu từ logic file...
[2026-04-30T16:02:52.956+0000] {datalake_df2csv.py:148} INFO -   - Logic directory: /opt/airflow/plugins/logic
[2026-04-30T16:02:52.957+0000] {datalake_df2csv.py:149} INFO -   - Module path: /opt/airflow/plugins/logic/history_price.py
[2026-04-30T16:02:52.958+0000] {datalake_df2csv.py:153} INFO -   - Đã thêm logic directory vào sys.path
[2026-04-30T16:02:52.963+0000] {datalake_df2csv.py:159} INFO -   - Đang load module 'history_price'...
[2026-04-30T16:02:52.968+0000] {datalake_df2csv.py:163} INFO -   - ✅ Module loaded thành công
[2026-04-30T16:02:52.969+0000] {datalake_df2csv.py:165} INFO -   - Đang tìm DataFrame/function: 'get_history_price_batch'...
[2026-04-30T16:02:52.970+0000] {datalake_df2csv.py:170} INFO -   - ✅ Tìm thấy object: function
[2026-04-30T16:02:52.971+0000] {datalake_df2csv.py:173} INFO -   - Đang gọi function với tham số: {'symbols': ['BTP', 'AAT', 'PBP', 'NSL', 'CMP'], 'start_date': '2026-04-29', 'end_date': '2026-04-30'}
[2026-04-30T16:03:08.151+0000] {log.py:232} WARNING - 2026-04-30 16:03:08 - vnstock.core.utils.client - ERROR - API request failed: HTTPSConnectionPool(host='trading.vietcap.com.vn', port=443): Max retries exceeded with url: /api/chart/OHLCChart/gap-chart (Caused by NameResolutionError("<urllib3.connection.HTTPSConnection object at 0x7f3d439e1cd0>: Failed to resolve 'trading.vietcap.com.vn' ([Errno -3] Temporary failure in name resolution)"))
[2026-04-30T16:03:08.150+0000] {client.py:297} ERROR - API request failed: HTTPSConnectionPool(host='trading.vietcap.com.vn', port=443): Max retries exceeded with url: /api/chart/OHLCChart/gap-chart (Caused by NameResolutionError("<urllib3.connection.HTTPSConnection object at 0x7f3d439e1cd0>: Failed to resolve 'trading.vietcap.com.vn' ([Errno -3] Temporary failure in name resolution)"))
[2026-04-30T16:03:16.693+0000] {datalake_df2csv.py:68} INFO - ✅ Load dữ liệu thành công!
[2026-04-30T16:03:16.695+0000] {datalake_df2csv.py:69} INFO - 📊 Thông tin DataFrame:
[2026-04-30T16:03:16.696+0000] {datalake_df2csv.py:70} INFO -   - Số dòng: 20
[2026-04-30T16:03:16.698+0000] {datalake_df2csv.py:71} INFO -   - Số cột: 7
[2026-04-30T16:03:16.699+0000] {datalake_df2csv.py:72} INFO -   - Tên các cột: ['ticker', 'trading_date', 'open', 'high', 'low', 'close', 'volume']
[2026-04-30T16:03:16.701+0000] {datalake_df2csv.py:73} INFO -   - Kiểu dữ liệu: {'ticker': 'object', 'trading_date': 'object', 'open': 'float64', 'high': 'float64', 'low': 'float64', 'close': 'float64', 'volume': 'int64'}
[2026-04-30T16:03:16.706+0000] {datalake_df2csv.py:74} INFO -   - Bộ nhớ sử dụng: 0.00 MB
[2026-04-30T16:03:16.710+0000] {datalake_df2csv.py:83} INFO -   - Không có giá trị NULL
[2026-04-30T16:03:16.710+0000] {datalake_df2csv.py:86} INFO -   - Mẫu dữ liệu (5 dòng đầu):
[2026-04-30T16:03:16.712+0000] {datalake_df2csv.py:88} INFO -     Row 0: {'ticker': 'BTP', 'trading_date': '2026-04-23', 'open': 8.45, 'high': 8.48, 'low': 8.37, 'close': 8.37, 'volume': 40100}
[2026-04-30T16:03:16.713+0000] {datalake_df2csv.py:88} INFO -     Row 1: {'ticker': 'BTP', 'trading_date': '2026-04-24', 'open': 8.4, 'high': 8.4, 'low': 8.34, 'close': 8.39, 'volume': 32000}
[2026-04-30T16:03:16.714+0000] {datalake_df2csv.py:88} INFO -     Row 2: {'ticker': 'BTP', 'trading_date': '2026-04-28', 'open': 8.4, 'high': 8.4, 'low': 8.37, 'close': 8.4, 'volume': 12300}
[2026-04-30T16:03:16.714+0000] {datalake_df2csv.py:88} INFO -     Row 3: {'ticker': 'BTP', 'trading_date': '2026-04-29', 'open': 8.4, 'high': 8.5, 'low': 8.37, 'close': 8.37, 'volume': 30900}
[2026-04-30T16:03:16.715+0000] {datalake_df2csv.py:88} INFO -     Row 4: {'ticker': 'AAT', 'trading_date': '2026-04-23', 'open': 2.92, 'high': 2.94, 'low': 2.86, 'close': 2.9, 'volume': 29800}
[2026-04-30T16:03:16.716+0000] {datalake_df2csv.py:90} INFO - --------------------------------------------------------------------------------
[2026-04-30T16:03:16.716+0000] {datalake_df2csv.py:93} INFO - 📝 Bước 2: Đang chuyển đổi DataFrame sang CSV...
[2026-04-30T16:03:16.746+0000] {datalake_df2csv.py:97} INFO - ✅ Chuyển đổi CSV thành công!
[2026-04-30T16:03:16.749+0000] {datalake_df2csv.py:98} INFO -   - Kích thước file: 0.00 MB
[2026-04-30T16:03:16.750+0000] {datalake_df2csv.py:99} INFO -   - Thời gian chuyển đổi: 0.03 giây
[2026-04-30T16:03:16.752+0000] {datalake_df2csv.py:100} INFO - --------------------------------------------------------------------------------
[2026-04-30T16:03:16.752+0000] {datalake_df2csv.py:103} INFO - ☁️  Bước 3: Đang upload lên MinIO/S3...
[2026-04-30T16:03:16.785+0000] {base.py:84} INFO - Using connection ID 'minio_finance' for task execution.
[2026-04-30T16:03:16.787+0000] {connection_wrapper.py:384} INFO - AWS Connection (conn_id='minio_finance', conn_type='aws') credentials retrieved from login and password.
[2026-04-30T16:03:18.439+0000] {datalake_df2csv.py:112} INFO -   - Bucket 'thongtin-congty-va-bctc' đã tồn tại
[2026-04-30T16:03:18.616+0000] {datalake_df2csv.py:117} INFO - ✅ Upload thành công!
[2026-04-30T16:03:18.620+0000] {datalake_df2csv.py:118} INFO -   - Đường dẫn: s3://thongtin-congty-va-bctc/daily_price/2026-04-29/batch_82.csv
[2026-04-30T16:03:18.622+0000] {datalake_df2csv.py:119} INFO -   - Số dòng: 20
[2026-04-30T16:03:18.622+0000] {datalake_df2csv.py:120} INFO -   - Thời gian upload: 1.86 giây
[2026-04-30T16:03:18.623+0000] {datalake_df2csv.py:121} INFO - --------------------------------------------------------------------------------
[2026-04-30T16:03:18.623+0000] {datalake_df2csv.py:125} INFO - 📈 TỔNG KẾT:
[2026-04-30T16:03:18.624+0000] {datalake_df2csv.py:126} INFO -   - Tổng thời gian thực thi: 25.69 giây
[2026-04-30T16:03:18.624+0000] {datalake_df2csv.py:127} INFO -   - Tốc độ xử lý: 1 dòng/giây
[2026-04-30T16:03:18.625+0000] {datalake_df2csv.py:128} INFO - ================================================================================
[2026-04-30T16:03:18.625+0000] {datalake_df2csv.py:129} INFO - ✅ HOÀN THÀNH TASK: ingest_daily_price
[2026-04-30T16:03:18.626+0000] {datalake_df2csv.py:130} INFO - ================================================================================
[2026-04-30T16:03:18.626+0000] {taskinstance.py:441} INFO - ::group::Post task execution logs
[2026-04-30T16:03:25.372+0000] {taskinstance.py:1206} INFO - Marking task as SUCCESS. dag_id=daily_price, task_id=ingest_daily_price, run_id=scheduled__2026-04-29T16:00:00+00:00, map_index=82, execution_date=20260429T160000, start_date=20260430T160252, end_date=20260430T160325
[2026-04-30T16:03:25.495+0000] {local_task_job_runner.py:243} INFO - Task exited with return code 0
[2026-04-30T16:03:25.517+0000] {local_task_job_runner.py:222} INFO - ::endgroup::
