[2026-01-22T14:24:25.726+0000] {local_task_job_runner.py:120} INFO - ::group::Pre task execution logs
[2026-01-22T14:24:25.788+0000] {taskinstance.py:2076} INFO - Dependencies all met for dep_context=non-requeueable deps ti=<TaskInstance: daily_price_minio.ingest_daily_price scheduled__2026-01-16T16:00:00+00:00 map_index=217 [queued]>
[2026-01-22T14:24:25.823+0000] {taskinstance.py:2076} INFO - Dependencies all met for dep_context=requeueable deps ti=<TaskInstance: daily_price_minio.ingest_daily_price scheduled__2026-01-16T16:00:00+00:00 map_index=217 [queued]>
[2026-01-22T14:24:25.823+0000] {taskinstance.py:2306} INFO - Starting attempt 1 of 2
[2026-01-22T14:24:25.843+0000] {taskinstance.py:2330} INFO - Executing <Mapped(DfToCsvOperator): ingest_daily_price> on 2026-01-16 16:00:00+00:00
[2026-01-22T14:24:25.857+0000] {warnings.py:112} WARNING - This process (pid=3518) is multi-threaded, use of fork() may lead to deadlocks in the child.

[2026-01-22T14:24:25.859+0000] {standard_task_runner.py:64} INFO - Started process 3584 to run task
[2026-01-22T14:24:25.862+0000] {standard_task_runner.py:90} INFO - Running: ['***', 'tasks', 'run', 'daily_price_minio', 'ingest_daily_price', 'scheduled__2026-01-16T16:00:00+00:00', '--job-id', '4129', '--raw', '--subdir', 'DAGS_FOLDER/daily_price_minio.py', '--cfg-path', '/tmp/tmpjk0k6v7o', '--map-index', '217']
[2026-01-22T14:24:25.867+0000] {standard_task_runner.py:91} INFO - Job 4129: Subtask ingest_daily_price
[2026-01-22T14:24:25.932+0000] {task_command.py:426} INFO - Running <TaskInstance: daily_price_minio.ingest_daily_price scheduled__2026-01-16T16:00:00+00:00 map_index=217 [running]> on host 4da96d4d1b09
[2026-01-22T14:24:26.148+0000] {taskinstance.py:2648} INFO - Exporting env vars: AIRFLOW_CTX_DAG_OWNER='***' AIRFLOW_CTX_DAG_ID='daily_price_minio' AIRFLOW_CTX_TASK_ID='ingest_daily_price' AIRFLOW_CTX_EXECUTION_DATE='2026-01-16T16:00:00+00:00' AIRFLOW_CTX_TRY_NUMBER='1' AIRFLOW_CTX_DAG_RUN_ID='scheduled__2026-01-16T16:00:00+00:00'
[2026-01-22T14:24:26.149+0000] {taskinstance.py:430} INFO - ::endgroup::
[2026-01-22T14:24:32.943+0000] {base.py:84} INFO - Using connection ID 'minio_finance' for task execution.
[2026-01-22T14:24:32.944+0000] {connection_wrapper.py:384} INFO - AWS Connection (conn_id='minio_finance', conn_type='aws') credentials retrieved from login and password.
[2026-01-22T14:24:33.501+0000] {datalake_df2csv.py:52} INFO - ✅ Đã upload 10 dòng -> s3://thongtin-congty-va-bctc/daily_price/2026-01-16/batch_217.csv
[2026-01-22T14:24:33.502+0000] {taskinstance.py:441} INFO - ::group::Post task execution logs
[2026-01-22T14:24:33.514+0000] {taskinstance.py:1206} INFO - Marking task as SUCCESS. dag_id=daily_price_minio, task_id=ingest_daily_price, run_id=scheduled__2026-01-16T16:00:00+00:00, map_index=217, execution_date=20260116T160000, start_date=20260122T142425, end_date=20260122T142433
[2026-01-22T14:24:33.615+0000] {local_task_job_runner.py:243} INFO - Task exited with return code 0
[2026-01-22T14:24:33.629+0000] {taskinstance.py:3503} INFO - 0 downstream tasks scheduled from follow-on schedule check
[2026-01-22T14:24:33.631+0000] {local_task_job_runner.py:222} INFO - ::endgroup::
