[2026-02-22T08:56:43.469+0000] {local_task_job_runner.py:120} INFO - ::group::Pre task execution logs
[2026-02-22T08:56:43.504+0000] {taskinstance.py:2076} INFO - Dependencies all met for dep_context=non-requeueable deps ti=<TaskInstance: bctc.ingest_bctc manual__2026-02-22T08:51:55+00:00 map_index=46 [queued]>
[2026-02-22T08:56:43.525+0000] {taskinstance.py:2076} INFO - Dependencies all met for dep_context=requeueable deps ti=<TaskInstance: bctc.ingest_bctc manual__2026-02-22T08:51:55+00:00 map_index=46 [queued]>
[2026-02-22T08:56:43.526+0000] {taskinstance.py:2306} INFO - Starting attempt 1 of 2
[2026-02-22T08:56:43.558+0000] {taskinstance.py:2330} INFO - Executing <Mapped(DfToCsvOperator): ingest_bctc> on 2026-02-22 08:51:55+00:00
[2026-02-22T08:56:43.572+0000] {warnings.py:112} WARNING - This process (pid=10392) is multi-threaded, use of fork() may lead to deadlocks in the child.

[2026-02-22T08:56:43.576+0000] {standard_task_runner.py:90} INFO - Running: ['***', 'tasks', 'run', 'bctc', 'ingest_bctc', 'manual__2026-02-22T08:51:55+00:00', '--job-id', '26375', '--raw', '--subdir', 'DAGS_FOLDER/dl_bctc.py', '--cfg-path', '/tmp/tmp9c8xc296', '--map-index', '46']
[2026-02-22T08:56:43.588+0000] {standard_task_runner.py:64} INFO - Started process 10414 to run task
[2026-02-22T08:56:43.588+0000] {standard_task_runner.py:91} INFO - Job 26375: Subtask ingest_bctc
[2026-02-22T08:56:43.696+0000] {task_command.py:426} INFO - Running <TaskInstance: bctc.ingest_bctc manual__2026-02-22T08:51:55+00:00 map_index=46 [running]> on host 5e21db6dfc0b
[2026-02-22T08:56:43.894+0000] {taskinstance.py:2648} INFO - Exporting env vars: AIRFLOW_CTX_DAG_OWNER='***' AIRFLOW_CTX_DAG_ID='bctc' AIRFLOW_CTX_TASK_ID='ingest_bctc' AIRFLOW_CTX_EXECUTION_DATE='2026-02-22T08:51:55+00:00' AIRFLOW_CTX_TRY_NUMBER='1' AIRFLOW_CTX_DAG_RUN_ID='manual__2026-02-22T08:51:55+00:00'
[2026-02-22T08:56:43.897+0000] {taskinstance.py:430} INFO - ::endgroup::
[2026-02-22T08:56:43.899+0000] {datalake_df2csv.py:40} INFO - ================================================================================
[2026-02-22T08:56:43.900+0000] {datalake_df2csv.py:41} INFO - 🚀 BẮT ĐẦU TASK: ingest_bctc
[2026-02-22T08:56:43.901+0000] {datalake_df2csv.py:42} INFO - ================================================================================
[2026-02-22T08:56:43.901+0000] {datalake_df2csv.py:43} INFO - 📋 Thông tin cấu hình:
[2026-02-22T08:56:43.902+0000] {datalake_df2csv.py:44} INFO -   - Logic file: bctc
[2026-02-22T08:56:43.902+0000] {datalake_df2csv.py:45} INFO -   - DataFrame name: get_financial_reports
[2026-02-22T08:56:43.903+0000] {datalake_df2csv.py:46} INFO -   - Bucket: thongtin-congty-va-bctc
[2026-02-22T08:56:43.904+0000] {datalake_df2csv.py:47} INFO -   - Object path: bctc/2026-02-22/batch_46.csv
[2026-02-22T08:56:43.904+0000] {datalake_df2csv.py:48} INFO -   - Connection ID: minio_finance
[2026-02-22T08:56:43.905+0000] {datalake_df2csv.py:49} INFO -   - Tham số truyền vào: {'symbols': ['BWE', 'KST', 'BID', 'NST', 'CK8', 'NAB', 'BMC', 'SZB', 'DHM', 'VRG', 'CFM', 'HPG', 'VPW', 'DND', 'VCP', 'PGT', 'IDI', 'HPI', 'DTG', 'SJG'], 'current_year': '2020'}
[2026-02-22T08:56:43.906+0000] {datalake_df2csv.py:50} INFO - --------------------------------------------------------------------------------
[2026-02-22T08:56:43.907+0000] {datalake_df2csv.py:54} INFO - 📥 Bước 1: Đang load dữ liệu từ logic file...
[2026-02-22T08:56:43.915+0000] {datalake_df2csv.py:148} INFO -   - Logic directory: /opt/airflow/plugins/logic
[2026-02-22T08:56:43.917+0000] {datalake_df2csv.py:149} INFO -   - Module path: /opt/airflow/plugins/logic/bctc.py
[2026-02-22T08:56:43.918+0000] {datalake_df2csv.py:153} INFO -   - Đã thêm logic directory vào sys.path
[2026-02-22T08:56:43.920+0000] {datalake_df2csv.py:159} INFO -   - Đang load module 'bctc'...
[2026-02-22T08:56:43.928+0000] {datalake_df2csv.py:163} INFO -   - ✅ Module loaded thành công
[2026-02-22T08:56:43.929+0000] {datalake_df2csv.py:165} INFO -   - Đang tìm DataFrame/function: 'get_financial_reports'...
[2026-02-22T08:56:43.930+0000] {datalake_df2csv.py:170} INFO -   - ✅ Tìm thấy object: function
[2026-02-22T08:56:43.931+0000] {datalake_df2csv.py:173} INFO -   - Đang gọi function với tham số: {'symbols': ['BWE', 'KST', 'BID', 'NST', 'CK8', 'NAB', 'BMC', 'SZB', 'DHM', 'VRG', 'CFM', 'HPG', 'VPW', 'DND', 'VCP', 'PGT', 'IDI', 'HPI', 'DTG', 'SJG'], 'current_year': '2020'}
[2026-02-22T08:56:43.932+0000] {logging_mixin.py:188} INFO - Bắt đầu xử lý batch 20 mã: ['BWE', 'KST', 'BID', 'NST', 'CK8', 'NAB', 'BMC', 'SZB', 'DHM', 'VRG', 'CFM', 'HPG', 'VPW', 'DND', 'VCP', 'PGT', 'IDI', 'HPI', 'DTG', 'SJG']
[2026-02-22T08:56:51.453+0000] {logging_mixin.py:188} INFO -  >> Đang lấy dữ liệu: BWE
[2026-02-22T08:57:15.018+0000] {logging_mixin.py:188} INFO -  >> Đang lấy dữ liệu: KST
[2026-02-22T08:57:34.555+0000] {logging_mixin.py:188} INFO -  >> Đang lấy dữ liệu: BID
[2026-02-22T08:58:05.747+0000] {job.py:218} ERROR - Job heartbeat got an exception
Traceback (most recent call last):
  File "/home/airflow/.local/lib/python3.12/site-packages/sqlalchemy/engine/base.py", line 3371, in _wrap_pool_connect
    return fn()
           ^^^^
  File "/home/airflow/.local/lib/python3.12/site-packages/sqlalchemy/pool/base.py", line 327, in connect
    return _ConnectionFairy._checkout(self)
           ^^^^^^^^^^^^^^^^^^^^^^^^^^^^^^^^
  File "/home/airflow/.local/lib/python3.12/site-packages/sqlalchemy/pool/base.py", line 894, in _checkout
    fairy = _ConnectionRecord.checkout(pool)
            ^^^^^^^^^^^^^^^^^^^^^^^^^^^^^^^^
  File "/home/airflow/.local/lib/python3.12/site-packages/sqlalchemy/pool/base.py", line 493, in checkout
    rec = pool._do_get()
          ^^^^^^^^^^^^^^
  File "/home/airflow/.local/lib/python3.12/site-packages/sqlalchemy/pool/impl.py", line 256, in _do_get
    return self._create_connection()
           ^^^^^^^^^^^^^^^^^^^^^^^^^
  File "/home/airflow/.local/lib/python3.12/site-packages/sqlalchemy/pool/base.py", line 273, in _create_connection
    return _ConnectionRecord(self)
           ^^^^^^^^^^^^^^^^^^^^^^^
  File "/home/airflow/.local/lib/python3.12/site-packages/sqlalchemy/pool/base.py", line 388, in __init__
    self.__connect()
  File "/home/airflow/.local/lib/python3.12/site-packages/sqlalchemy/pool/base.py", line 690, in __connect
    with util.safe_reraise():
  File "/home/airflow/.local/lib/python3.12/site-packages/sqlalchemy/util/langhelpers.py", line 70, in __exit__
    compat.raise_(
  File "/home/airflow/.local/lib/python3.12/site-packages/sqlalchemy/util/compat.py", line 211, in raise_
    raise exception
  File "/home/airflow/.local/lib/python3.12/site-packages/sqlalchemy/pool/base.py", line 686, in __connect
    self.dbapi_connection = connection = pool._invoke_creator(self)
                                         ^^^^^^^^^^^^^^^^^^^^^^^^^^
  File "/home/airflow/.local/lib/python3.12/site-packages/sqlalchemy/engine/create.py", line 574, in connect
    return dialect.connect(*cargs, **cparams)
           ^^^^^^^^^^^^^^^^^^^^^^^^^^^^^^^^^^
  File "/home/airflow/.local/lib/python3.12/site-packages/sqlalchemy/engine/default.py", line 598, in connect
    return self.dbapi.connect(*cargs, **cparams)
           ^^^^^^^^^^^^^^^^^^^^^^^^^^^^^^^^^^^^^
  File "/home/airflow/.local/lib/python3.12/site-packages/psycopg2/__init__.py", line 122, in connect
    conn = _connect(dsn, connection_factory=connection_factory, **kwasync)
           ^^^^^^^^^^^^^^^^^^^^^^^^^^^^^^^^^^^^^^^^^^^^^^^^^^^^^^^^^^^^^^^
psycopg2.OperationalError: could not translate host name "postgres" to address: Temporary failure in name resolution


The above exception was the direct cause of the following exception:

Traceback (most recent call last):
  File "/home/airflow/.local/lib/python3.12/site-packages/airflow/jobs/job.py", line 213, in heartbeat
    heartbeat_callback(session)
  File "/home/airflow/.local/lib/python3.12/site-packages/airflow/utils/session.py", line 76, in wrapper
    return func(*args, **kwargs)
           ^^^^^^^^^^^^^^^^^^^^^
  File "/home/airflow/.local/lib/python3.12/site-packages/airflow/jobs/local_task_job_runner.py", line 261, in heartbeat_callback
    self.task_instance.refresh_from_db()
  File "/home/airflow/.local/lib/python3.12/site-packages/airflow/utils/session.py", line 79, in wrapper
    return func(*args, session=session, **kwargs)
           ^^^^^^^^^^^^^^^^^^^^^^^^^^^^^^^^^^^^^^
  File "/home/airflow/.local/lib/python3.12/site-packages/airflow/models/taskinstance.py", line 1821, in refresh_from_db
    _refresh_from_db(task_instance=self, session=session, lock_for_update=lock_for_update)
  File "/home/airflow/.local/lib/python3.12/site-packages/airflow/models/taskinstance.py", line 510, in _refresh_from_db
    ti = TaskInstance.get_task_instance(
         ^^^^^^^^^^^^^^^^^^^^^^^^^^^^^^^
  File "/home/airflow/.local/lib/python3.12/site-packages/airflow/api_internal/internal_api_call.py", line 115, in wrapper
    return func(*args, **kwargs)
           ^^^^^^^^^^^^^^^^^^^^^
  File "/home/airflow/.local/lib/python3.12/site-packages/airflow/utils/session.py", line 76, in wrapper
    return func(*args, **kwargs)
           ^^^^^^^^^^^^^^^^^^^^^
  File "/home/airflow/.local/lib/python3.12/site-packages/airflow/models/taskinstance.py", line 1807, in get_task_instance
    return query.one_or_none()
           ^^^^^^^^^^^^^^^^^^^
  File "/home/airflow/.local/lib/python3.12/site-packages/sqlalchemy/orm/query.py", line 2850, in one_or_none
    return self._iter().one_or_none()
           ^^^^^^^^^^^^
  File "/home/airflow/.local/lib/python3.12/site-packages/sqlalchemy/orm/query.py", line 2916, in _iter
    result = self.session.execute(
             ^^^^^^^^^^^^^^^^^^^^^
  File "/home/airflow/.local/lib/python3.12/site-packages/sqlalchemy/orm/session.py", line 1716, in execute
    conn = self._connection_for_bind(bind)
           ^^^^^^^^^^^^^^^^^^^^^^^^^^^^^^^
  File "/home/airflow/.local/lib/python3.12/site-packages/sqlalchemy/orm/session.py", line 1555, in _connection_for_bind
    return self._transaction._connection_for_bind(
           ^^^^^^^^^^^^^^^^^^^^^^^^^^^^^^^^^^^^^^^
  File "/home/airflow/.local/lib/python3.12/site-packages/sqlalchemy/orm/session.py", line 750, in _connection_for_bind
    conn = bind.connect()
           ^^^^^^^^^^^^^^
  File "/home/airflow/.local/lib/python3.12/site-packages/sqlalchemy/future/engine.py", line 412, in connect
    return super(Engine, self).connect()
           ^^^^^^^^^^^^^^^^^^^^^^^^^^^^^
  File "/home/airflow/.local/lib/python3.12/site-packages/sqlalchemy/engine/base.py", line 3325, in connect
    return self._connection_cls(self, close_with_result=close_with_result)
           ^^^^^^^^^^^^^^^^^^^^^^^^^^^^^^^^^^^^^^^^^^^^^^^^^^^^^^^^^^^^^^^
  File "/home/airflow/.local/lib/python3.12/site-packages/sqlalchemy/engine/base.py", line 96, in __init__
    else engine.raw_connection()
         ^^^^^^^^^^^^^^^^^^^^^^^
  File "/home/airflow/.local/lib/python3.12/site-packages/sqlalchemy/engine/base.py", line 3404, in raw_connection
    return self._wrap_pool_connect(self.pool.connect, _connection)
           ^^^^^^^^^^^^^^^^^^^^^^^^^^^^^^^^^^^^^^^^^^^^^^^^^^^^^^^
  File "/home/airflow/.local/lib/python3.12/site-packages/sqlalchemy/engine/base.py", line 3374, in _wrap_pool_connect
    Connection._handle_dbapi_exception_noconnection(
  File "/home/airflow/.local/lib/python3.12/site-packages/sqlalchemy/engine/base.py", line 2208, in _handle_dbapi_exception_noconnection
    util.raise_(
  File "/home/airflow/.local/lib/python3.12/site-packages/sqlalchemy/util/compat.py", line 211, in raise_
    raise exception
  File "/home/airflow/.local/lib/python3.12/site-packages/sqlalchemy/engine/base.py", line 3371, in _wrap_pool_connect
    return fn()
           ^^^^
  File "/home/airflow/.local/lib/python3.12/site-packages/sqlalchemy/pool/base.py", line 327, in connect
    return _ConnectionFairy._checkout(self)
           ^^^^^^^^^^^^^^^^^^^^^^^^^^^^^^^^
  File "/home/airflow/.local/lib/python3.12/site-packages/sqlalchemy/pool/base.py", line 894, in _checkout
    fairy = _ConnectionRecord.checkout(pool)
            ^^^^^^^^^^^^^^^^^^^^^^^^^^^^^^^^
  File "/home/airflow/.local/lib/python3.12/site-packages/sqlalchemy/pool/base.py", line 493, in checkout
    rec = pool._do_get()
          ^^^^^^^^^^^^^^
  File "/home/airflow/.local/lib/python3.12/site-packages/sqlalchemy/pool/impl.py", line 256, in _do_get
    return self._create_connection()
           ^^^^^^^^^^^^^^^^^^^^^^^^^
  File "/home/airflow/.local/lib/python3.12/site-packages/sqlalchemy/pool/base.py", line 273, in _create_connection
    return _ConnectionRecord(self)
           ^^^^^^^^^^^^^^^^^^^^^^^
  File "/home/airflow/.local/lib/python3.12/site-packages/sqlalchemy/pool/base.py", line 388, in __init__
    self.__connect()
  File "/home/airflow/.local/lib/python3.12/site-packages/sqlalchemy/pool/base.py", line 690, in __connect
    with util.safe_reraise():
  File "/home/airflow/.local/lib/python3.12/site-packages/sqlalchemy/util/langhelpers.py", line 70, in __exit__
    compat.raise_(
  File "/home/airflow/.local/lib/python3.12/site-packages/sqlalchemy/util/compat.py", line 211, in raise_
    raise exception
  File "/home/airflow/.local/lib/python3.12/site-packages/sqlalchemy/pool/base.py", line 686, in __connect
    self.dbapi_connection = connection = pool._invoke_creator(self)
                                         ^^^^^^^^^^^^^^^^^^^^^^^^^^
  File "/home/airflow/.local/lib/python3.12/site-packages/sqlalchemy/engine/create.py", line 574, in connect
    return dialect.connect(*cargs, **cparams)
           ^^^^^^^^^^^^^^^^^^^^^^^^^^^^^^^^^^
  File "/home/airflow/.local/lib/python3.12/site-packages/sqlalchemy/engine/default.py", line 598, in connect
    return self.dbapi.connect(*cargs, **cparams)
           ^^^^^^^^^^^^^^^^^^^^^^^^^^^^^^^^^^^^^
  File "/home/airflow/.local/lib/python3.12/site-packages/psycopg2/__init__.py", line 122, in connect
    conn = _connect(dsn, connection_factory=connection_factory, **kwasync)
           ^^^^^^^^^^^^^^^^^^^^^^^^^^^^^^^^^^^^^^^^^^^^^^^^^^^^^^^^^^^^^^^
sqlalchemy.exc.OperationalError: (psycopg2.OperationalError) could not translate host name "postgres" to address: Temporary failure in name resolution

(Background on this error at: https://sqlalche.me/e/14/e3q8)
[2026-02-22T08:58:05.883+0000] {job.py:226} ERROR - Job heartbeat failed with error. Scheduler is in unhealthy state
[2026-02-22T08:58:18.965+0000] {log.py:232} WARNING - 2026-02-22 08:58:17 - vnstock.core.utils.client - ERROR - API request failed: HTTPSConnectionPool(host='trading.vietcap.com.vn', port=443): Read timed out. (read timeout=30)
[2026-02-22T08:58:17.118+0000] {client.py:297} ERROR - API request failed: HTTPSConnectionPool(host='trading.vietcap.com.vn', port=443): Read timed out. (read timeout=30)
[2026-02-22T08:58:32.296+0000] {log.py:232} WARNING - 2026-02-22 08:58:32 - vnstock.core.utils.client - ERROR - API request failed: HTTPSConnectionPool(host='trading.vietcap.com.vn', port=443): Max retries exceeded with url: /data-mt/graphql (Caused by NameResolutionError("<urllib3.connection.HTTPSConnection object at 0x7fd839a72540>: Failed to resolve 'trading.vietcap.com.vn' ([Errno -3] Temporary failure in name resolution)"))
[2026-02-22T08:58:32.292+0000] {client.py:297} ERROR - API request failed: HTTPSConnectionPool(host='trading.vietcap.com.vn', port=443): Max retries exceeded with url: /data-mt/graphql (Caused by NameResolutionError("<urllib3.connection.HTTPSConnection object at 0x7fd839a72540>: Failed to resolve 'trading.vietcap.com.vn' ([Errno -3] Temporary failure in name resolution)"))
[2026-02-22T08:58:39.500+0000] {logging_mixin.py:188} INFO -  >> Đang lấy dữ liệu: NST
[2026-02-22T08:58:53.211+0000] {logging_mixin.py:188} INFO -  >> Đang lấy dữ liệu: CK8
[2026-02-22T08:59:02.407+0000] {logging_mixin.py:188} INFO - ❌ Lỗi income_statement: RetryError[<Future at 0x7fd8399561e0 state=finished raised KeyError>]
[2026-02-22T08:59:10.796+0000] {logging_mixin.py:188} INFO - 
⚠️ 
============================================================
⚠️  GIỚI HẠN API ĐÃ ĐẠT TỐI ĐA (Rate Limit Exceeded)
============================================================

📌 Bạn đã đạt giới hạn tối đa số lượt yêu cầu API trong 1 phút (minute).
   (You have reached the maximum API request limit for this period)

📊 Chi tiết (Details):
   • Gói hiện tại: Khách (Guest)
   • Giới hạn: 20 requests/phút
   • Đã sử dụng: 20/20
   • Chờ 49 giây để tiếp tục (Wait to retry)

💡 Giải pháp (Solutions):
   1️⃣ Chờ 49 giây rồi thử lại
      (Wait and retry)
   2️⃣ Tham gia gói thành viên tài trợ để sử dụng không bị gián đoạn
      (Join sponsor membership for uninterrupted access)

🚀 Nâng cấp (Upgrade):
   • Phiên bản cộng đồng (60 request/phút - Community):
     Đăng ký API key miễn phí: https://vnstocks.com/login
   • Gói thành viên tài trợ (180-600 request/phút - Sponsor):
     Tham gia: https://vnstocks.com/insiders-program

============================================================
[2026-02-22T08:59:10.800+0000] {taskinstance.py:441} INFO - ::group::Post task execution logs
[2026-02-22T08:59:10.818+0000] {taskinstance.py:2907} ERROR - Task failed due to SystemExit(Rate limit exceeded. 
============================================================
⚠️  GIỚI HẠN API ĐÃ ĐẠT TỐI ĐA (Rate Limit Exceeded)
============================================================

📌 Bạn đã đạt giới hạn tối đa số lượt yêu cầu API trong 1 phút (minute).
   (You have reached the maximum API request limit for this period)

📊 Chi tiết (Details):
   • Gói hiện tại: Khách (Guest)
   • Giới hạn: 20 requests/phút
   • Đã sử dụng: 20/20
   • Chờ 49 giây để tiếp tục (Wait to retry)

💡 Giải pháp (Solutions):
   1️⃣ Chờ 49 giây rồi thử lại
      (Wait and retry)
   2️⃣ Tham gia gói thành viên tài trợ để sử dụng không bị gián đoạn
      (Join sponsor membership for uninterrupted access)

🚀 Nâng cấp (Upgrade):
   • Phiên bản cộng đồng (60 request/phút - Community):
     Đăng ký API key miễn phí: https://vnstocks.com/login
   • Gói thành viên tài trợ (180-600 request/phút - Sponsor):
     Tham gia: https://vnstocks.com/insiders-program

============================================================
 Process terminated.)
[2026-02-22T08:59:11.159+0000] {taskinstance.py:1206} INFO - Marking task as UP_FOR_RETRY. dag_id=bctc, task_id=ingest_bctc, run_id=manual__2026-02-22T08:51:55+00:00, map_index=46, execution_date=20260222T085155, start_date=20260222T085643, end_date=20260222T085911
[2026-02-22T08:59:11.336+0000] {standard_task_runner.py:110} ERROR - Failed to execute job 26375 for task ingest_bctc (Task failed due to SystemExit(Rate limit exceeded. 
============================================================
⚠️  GIỚI HẠN API ĐÃ ĐẠT TỐI ĐA (Rate Limit Exceeded)
============================================================

📌 Bạn đã đạt giới hạn tối đa số lượt yêu cầu API trong 1 phút (minute).
   (You have reached the maximum API request limit for this period)

📊 Chi tiết (Details):
   • Gói hiện tại: Khách (Guest)
   • Giới hạn: 20 requests/phút
   • Đã sử dụng: 20/20
   • Chờ 49 giây để tiếp tục (Wait to retry)

💡 Giải pháp (Solutions):
   1️⃣ Chờ 49 giây rồi thử lại
      (Wait and retry)
   2️⃣ Tham gia gói thành viên tài trợ để sử dụng không bị gián đoạn
      (Join sponsor membership for uninterrupted access)

🚀 Nâng cấp (Upgrade):
   • Phiên bản cộng đồng (60 request/phút - Community):
     Đăng ký API key miễn phí: https://vnstocks.com/login
   • Gói thành viên tài trợ (180-600 request/phút - Sponsor):
     Tham gia: https://vnstocks.com/insiders-program

============================================================
 Process terminated.); 10414)
[2026-02-22T08:59:11.410+0000] {local_task_job_runner.py:243} INFO - Task exited with return code 1
[2026-02-22T08:59:11.689+0000] {taskinstance.py:3503} INFO - 0 downstream tasks scheduled from follow-on schedule check
[2026-02-22T08:59:11.694+0000] {local_task_job_runner.py:222} INFO - ::endgroup::
