[2026-03-25T13:46:24.233+0000] {local_task_job_runner.py:120} INFO - ::group::Pre task execution logs
[2026-03-25T13:46:24.289+0000] {taskinstance.py:2076} INFO - Dependencies all met for dep_context=non-requeueable deps ti=<TaskInstance: daily_price.ingest_daily_price scheduled__2026-03-23T16:00:00+00:00 map_index=167 [queued]>
[2026-03-25T13:46:24.331+0000] {taskinstance.py:2076} INFO - Dependencies all met for dep_context=requeueable deps ti=<TaskInstance: daily_price.ingest_daily_price scheduled__2026-03-23T16:00:00+00:00 map_index=167 [queued]>
[2026-03-25T13:46:24.331+0000] {taskinstance.py:2306} INFO - Starting attempt 1 of 2
[2026-03-25T13:46:24.359+0000] {taskinstance.py:2330} INFO - Executing <Mapped(DfToCsvOperator): ingest_daily_price> on 2026-03-23 16:00:00+00:00
[2026-03-25T13:46:24.379+0000] {warnings.py:112} WARNING - This process (pid=1968) is multi-threaded, use of fork() may lead to deadlocks in the child.

[2026-03-25T13:46:24.384+0000] {standard_task_runner.py:64} INFO - Started process 1993 to run task
[2026-03-25T13:46:24.386+0000] {standard_task_runner.py:90} INFO - Running: ['***', 'tasks', 'run', 'daily_price', 'ingest_daily_price', 'scheduled__2026-03-23T16:00:00+00:00', '--job-id', '36214', '--raw', '--subdir', 'DAGS_FOLDER/dl_dailly_price.py', '--cfg-path', '/tmp/tmpq0dzf_3l', '--map-index', '167']
[2026-03-25T13:46:24.391+0000] {standard_task_runner.py:91} INFO - Job 36214: Subtask ingest_daily_price
[2026-03-25T13:46:24.469+0000] {task_command.py:426} INFO - Running <TaskInstance: daily_price.ingest_daily_price scheduled__2026-03-23T16:00:00+00:00 map_index=167 [running]> on host 4acdd4ba2090
[2026-03-25T13:46:25.060+0000] {taskinstance.py:2648} INFO - Exporting env vars: AIRFLOW_CTX_DAG_OWNER='***' AIRFLOW_CTX_DAG_ID='daily_price' AIRFLOW_CTX_TASK_ID='ingest_daily_price' AIRFLOW_CTX_EXECUTION_DATE='2026-03-23T16:00:00+00:00' AIRFLOW_CTX_TRY_NUMBER='1' AIRFLOW_CTX_DAG_RUN_ID='scheduled__2026-03-23T16:00:00+00:00'
[2026-03-25T13:46:25.062+0000] {taskinstance.py:430} INFO - ::endgroup::
[2026-03-25T13:46:25.063+0000] {datalake_df2csv.py:40} INFO - ================================================================================
[2026-03-25T13:46:25.064+0000] {datalake_df2csv.py:41} INFO - 🚀 BẮT ĐẦU TASK: ingest_daily_price
[2026-03-25T13:46:25.065+0000] {datalake_df2csv.py:42} INFO - ================================================================================
[2026-03-25T13:46:25.066+0000] {datalake_df2csv.py:43} INFO - 📋 Thông tin cấu hình:
[2026-03-25T13:46:25.066+0000] {datalake_df2csv.py:44} INFO -   - Logic file: history_price
[2026-03-25T13:46:25.067+0000] {datalake_df2csv.py:45} INFO -   - DataFrame name: get_history_price_batch
[2026-03-25T13:46:25.067+0000] {datalake_df2csv.py:46} INFO -   - Bucket: thongtin-congty-va-bctc
[2026-03-25T13:46:25.068+0000] {datalake_df2csv.py:47} INFO -   - Object path: daily_price/2026-03-23/batch_167.csv
[2026-03-25T13:46:25.068+0000] {datalake_df2csv.py:48} INFO -   - Connection ID: minio_finance
[2026-03-25T13:46:25.069+0000] {datalake_df2csv.py:49} INFO -   - Tham số truyền vào: {'symbols': ['VTV', 'ISH', 'VCC', 'TIN', 'SCI'], 'start_date': '2026-03-23', 'end_date': '2026-03-24'}
[2026-03-25T13:46:25.069+0000] {datalake_df2csv.py:50} INFO - --------------------------------------------------------------------------------
[2026-03-25T13:46:25.070+0000] {datalake_df2csv.py:54} INFO - 📥 Bước 1: Đang load dữ liệu từ logic file...
[2026-03-25T13:46:25.073+0000] {datalake_df2csv.py:148} INFO -   - Logic directory: /opt/airflow/plugins/logic
[2026-03-25T13:46:25.074+0000] {datalake_df2csv.py:149} INFO -   - Module path: /opt/airflow/plugins/logic/history_price.py
[2026-03-25T13:46:25.075+0000] {datalake_df2csv.py:153} INFO -   - Đã thêm logic directory vào sys.path
[2026-03-25T13:46:25.077+0000] {datalake_df2csv.py:159} INFO -   - Đang load module 'history_price'...
[2026-03-25T13:46:25.084+0000] {datalake_df2csv.py:163} INFO -   - ✅ Module loaded thành công
[2026-03-25T13:46:25.085+0000] {datalake_df2csv.py:165} INFO -   - Đang tìm DataFrame/function: 'get_history_price_batch'...
[2026-03-25T13:46:25.086+0000] {datalake_df2csv.py:170} INFO -   - ✅ Tìm thấy object: function
[2026-03-25T13:46:25.087+0000] {datalake_df2csv.py:173} INFO -   - Đang gọi function với tham số: {'symbols': ['VTV', 'ISH', 'VCC', 'TIN', 'SCI'], 'start_date': '2026-03-23', 'end_date': '2026-03-24'}
[2026-03-25T13:46:30.297+0000] {datalake_df2csv.py:68} INFO - ✅ Load dữ liệu thành công!
[2026-03-25T13:46:30.298+0000] {datalake_df2csv.py:69} INFO - 📊 Thông tin DataFrame:
[2026-03-25T13:46:30.299+0000] {datalake_df2csv.py:70} INFO -   - Số dòng: 20
[2026-03-25T13:46:30.309+0000] {datalake_df2csv.py:71} INFO -   - Số cột: 7
[2026-03-25T13:46:30.311+0000] {datalake_df2csv.py:72} INFO -   - Tên các cột: ['ticker', 'trading_date', 'open', 'high', 'low', 'close', 'volume']
[2026-03-25T13:46:30.313+0000] {datalake_df2csv.py:73} INFO -   - Kiểu dữ liệu: {'ticker': 'object', 'trading_date': 'object', 'open': 'float64', 'high': 'float64', 'low': 'float64', 'close': 'float64', 'volume': 'int64'}
[2026-03-25T13:46:30.329+0000] {datalake_df2csv.py:74} INFO -   - Bộ nhớ sử dụng: 0.00 MB
[2026-03-25T13:46:30.332+0000] {datalake_df2csv.py:83} INFO -   - Không có giá trị NULL
[2026-03-25T13:46:30.337+0000] {datalake_df2csv.py:86} INFO -   - Mẫu dữ liệu (5 dòng đầu):
[2026-03-25T13:46:30.345+0000] {datalake_df2csv.py:88} INFO -     Row 0: {'ticker': 'VTV', 'trading_date': '2026-03-20', 'open': 14.6, 'high': 14.7, 'low': 14.6, 'close': 14.7, 'volume': 22700}
[2026-03-25T13:46:30.348+0000] {datalake_df2csv.py:88} INFO -     Row 1: {'ticker': 'VTV', 'trading_date': '2026-03-23', 'open': 14.6, 'high': 15.0, 'low': 14.6, 'close': 14.9, 'volume': 20100}
[2026-03-25T13:46:30.349+0000] {datalake_df2csv.py:88} INFO -     Row 2: {'ticker': 'VTV', 'trading_date': '2026-03-24', 'open': 14.8, 'high': 15.0, 'low': 14.8, 'close': 14.9, 'volume': 49500}
[2026-03-25T13:46:30.352+0000] {datalake_df2csv.py:88} INFO -     Row 3: {'ticker': 'VTV', 'trading_date': '2026-03-25', 'open': 14.9, 'high': 15.1, 'low': 14.7, 'close': 15.0, 'volume': 24000}
[2026-03-25T13:46:30.353+0000] {datalake_df2csv.py:88} INFO -     Row 4: {'ticker': 'ISH', 'trading_date': '2026-03-20', 'open': 25.5, 'high': 25.5, 'low': 24.3, 'close': 24.3, 'volume': 800}
[2026-03-25T13:46:30.355+0000] {datalake_df2csv.py:90} INFO - --------------------------------------------------------------------------------
[2026-03-25T13:46:30.357+0000] {datalake_df2csv.py:93} INFO - 📝 Bước 2: Đang chuyển đổi DataFrame sang CSV...
[2026-03-25T13:46:30.373+0000] {datalake_df2csv.py:97} INFO - ✅ Chuyển đổi CSV thành công!
[2026-03-25T13:46:30.378+0000] {datalake_df2csv.py:98} INFO -   - Kích thước file: 0.00 MB
[2026-03-25T13:46:30.381+0000] {datalake_df2csv.py:99} INFO -   - Thời gian chuyển đổi: 0.01 giây
[2026-03-25T13:46:30.383+0000] {datalake_df2csv.py:100} INFO - --------------------------------------------------------------------------------
[2026-03-25T13:46:30.385+0000] {datalake_df2csv.py:103} INFO - ☁️  Bước 3: Đang upload lên MinIO/S3...
[2026-03-25T13:46:30.410+0000] {base.py:84} INFO - Using connection ID 'minio_finance' for task execution.
[2026-03-25T13:46:30.420+0000] {connection_wrapper.py:384} INFO - AWS Connection (conn_id='minio_finance', conn_type='aws') credentials retrieved from login and password.
[2026-03-25T13:46:32.444+0000] {datalake_df2csv.py:112} INFO -   - Bucket 'thongtin-congty-va-bctc' đã tồn tại
[2026-03-25T13:46:32.664+0000] {datalake_df2csv.py:117} INFO - ✅ Upload thành công!
[2026-03-25T13:46:32.664+0000] {datalake_df2csv.py:118} INFO -   - Đường dẫn: s3://thongtin-congty-va-bctc/daily_price/2026-03-23/batch_167.csv
[2026-03-25T13:46:32.668+0000] {datalake_df2csv.py:119} INFO -   - Số dòng: 20
[2026-03-25T13:46:32.686+0000] {datalake_df2csv.py:120} INFO -   - Thời gian upload: 2.28 giây
[2026-03-25T13:46:32.701+0000] {datalake_df2csv.py:121} INFO - --------------------------------------------------------------------------------
[2026-03-25T13:46:32.703+0000] {datalake_df2csv.py:125} INFO - 📈 TỔNG KẾT:
[2026-03-25T13:46:32.720+0000] {datalake_df2csv.py:126} INFO -   - Tổng thời gian thực thi: 7.64 giây
[2026-03-25T13:46:32.725+0000] {datalake_df2csv.py:127} INFO -   - Tốc độ xử lý: 3 dòng/giây
[2026-03-25T13:46:32.730+0000] {datalake_df2csv.py:128} INFO - ================================================================================
[2026-03-25T13:46:32.741+0000] {datalake_df2csv.py:129} INFO - ✅ HOÀN THÀNH TASK: ingest_daily_price
[2026-03-25T13:46:32.748+0000] {datalake_df2csv.py:130} INFO - ================================================================================
[2026-03-25T13:46:32.751+0000] {taskinstance.py:441} INFO - ::group::Post task execution logs
[2026-03-25T13:46:32.774+0000] {taskinstance.py:1206} INFO - Marking task as SUCCESS. dag_id=daily_price, task_id=ingest_daily_price, run_id=scheduled__2026-03-23T16:00:00+00:00, map_index=167, execution_date=20260323T160000, start_date=20260325T134624, end_date=20260325T134632
[2026-03-25T13:46:32.887+0000] {local_task_job_runner.py:243} INFO - Task exited with return code 0
[2026-03-25T13:46:32.929+0000] {local_task_job_runner.py:222} INFO - ::endgroup::
