[2026-04-10T16:10:36.277+0000] {local_task_job_runner.py:120} INFO - ::group::Pre task execution logs
[2026-04-10T16:10:36.341+0000] {taskinstance.py:2076} INFO - Dependencies all met for dep_context=non-requeueable deps ti=<TaskInstance: daily_price.ingest_daily_price scheduled__2026-04-09T16:00:00+00:00 map_index=189 [queued]>
[2026-04-10T16:10:36.383+0000] {taskinstance.py:2076} INFO - Dependencies all met for dep_context=requeueable deps ti=<TaskInstance: daily_price.ingest_daily_price scheduled__2026-04-09T16:00:00+00:00 map_index=189 [queued]>
[2026-04-10T16:10:36.384+0000] {taskinstance.py:2306} INFO - Starting attempt 1 of 2
[2026-04-10T16:10:36.431+0000] {taskinstance.py:2330} INFO - Executing <Mapped(DfToCsvOperator): ingest_daily_price> on 2026-04-09 16:00:00+00:00
[2026-04-10T16:10:36.457+0000] {warnings.py:112} WARNING - This process (pid=5414) is multi-threaded, use of fork() may lead to deadlocks in the child.

[2026-04-10T16:10:36.460+0000] {standard_task_runner.py:64} INFO - Started process 5457 to run task
[2026-04-10T16:10:36.478+0000] {standard_task_runner.py:90} INFO - Running: ['***', 'tasks', 'run', 'daily_price', 'ingest_daily_price', 'scheduled__2026-04-09T16:00:00+00:00', '--job-id', '41401', '--raw', '--subdir', 'DAGS_FOLDER/dl_dailly_price.py', '--cfg-path', '/tmp/tmpnvfwm0w7', '--map-index', '189']
[2026-04-10T16:10:36.485+0000] {standard_task_runner.py:91} INFO - Job 41401: Subtask ingest_daily_price
[2026-04-10T16:10:36.591+0000] {task_command.py:426} INFO - Running <TaskInstance: daily_price.ingest_daily_price scheduled__2026-04-09T16:00:00+00:00 map_index=189 [running]> on host 1fa6f0c1773c
[2026-04-10T16:10:37.315+0000] {taskinstance.py:2648} INFO - Exporting env vars: AIRFLOW_CTX_DAG_OWNER='***' AIRFLOW_CTX_DAG_ID='daily_price' AIRFLOW_CTX_TASK_ID='ingest_daily_price' AIRFLOW_CTX_EXECUTION_DATE='2026-04-09T16:00:00+00:00' AIRFLOW_CTX_TRY_NUMBER='1' AIRFLOW_CTX_DAG_RUN_ID='scheduled__2026-04-09T16:00:00+00:00'
[2026-04-10T16:10:37.320+0000] {taskinstance.py:430} INFO - ::endgroup::
[2026-04-10T16:10:37.321+0000] {datalake_df2csv.py:40} INFO - ================================================================================
[2026-04-10T16:10:37.321+0000] {datalake_df2csv.py:41} INFO - 🚀 BẮT ĐẦU TASK: ingest_daily_price
[2026-04-10T16:10:37.322+0000] {datalake_df2csv.py:42} INFO - ================================================================================
[2026-04-10T16:10:37.323+0000] {datalake_df2csv.py:43} INFO - 📋 Thông tin cấu hình:
[2026-04-10T16:10:37.323+0000] {datalake_df2csv.py:44} INFO -   - Logic file: history_price
[2026-04-10T16:10:37.324+0000] {datalake_df2csv.py:45} INFO -   - DataFrame name: get_history_price_batch
[2026-04-10T16:10:37.325+0000] {datalake_df2csv.py:46} INFO -   - Bucket: thongtin-congty-va-bctc
[2026-04-10T16:10:37.325+0000] {datalake_df2csv.py:47} INFO -   - Object path: daily_price/2026-04-09/batch_189.csv
[2026-04-10T16:10:37.326+0000] {datalake_df2csv.py:48} INFO -   - Connection ID: minio_finance
[2026-04-10T16:10:37.327+0000] {datalake_df2csv.py:49} INFO -   - Tham số truyền vào: {'symbols': ['DWC', 'FHS', 'DTI', 'AGX', 'QSP'], 'start_date': '2026-04-09', 'end_date': '2026-04-10'}
[2026-04-10T16:10:37.328+0000] {datalake_df2csv.py:50} INFO - --------------------------------------------------------------------------------
[2026-04-10T16:10:37.329+0000] {datalake_df2csv.py:54} INFO - 📥 Bước 1: Đang load dữ liệu từ logic file...
[2026-04-10T16:10:37.333+0000] {datalake_df2csv.py:148} INFO -   - Logic directory: /opt/airflow/plugins/logic
[2026-04-10T16:10:37.334+0000] {datalake_df2csv.py:149} INFO -   - Module path: /opt/airflow/plugins/logic/history_price.py
[2026-04-10T16:10:37.335+0000] {datalake_df2csv.py:153} INFO -   - Đã thêm logic directory vào sys.path
[2026-04-10T16:10:37.337+0000] {datalake_df2csv.py:159} INFO -   - Đang load module 'history_price'...
[2026-04-10T16:10:37.351+0000] {datalake_df2csv.py:163} INFO -   - ✅ Module loaded thành công
[2026-04-10T16:10:37.352+0000] {datalake_df2csv.py:165} INFO -   - Đang tìm DataFrame/function: 'get_history_price_batch'...
[2026-04-10T16:10:37.353+0000] {datalake_df2csv.py:170} INFO -   - ✅ Tìm thấy object: function
[2026-04-10T16:10:37.354+0000] {datalake_df2csv.py:173} INFO -   - Đang gọi function với tham số: {'symbols': ['DWC', 'FHS', 'DTI', 'AGX', 'QSP'], 'start_date': '2026-04-09', 'end_date': '2026-04-10'}
[2026-04-10T16:10:46.437+0000] {datalake_df2csv.py:68} INFO - ✅ Load dữ liệu thành công!
[2026-04-10T16:10:46.438+0000] {datalake_df2csv.py:69} INFO - 📊 Thông tin DataFrame:
[2026-04-10T16:10:46.438+0000] {datalake_df2csv.py:70} INFO -   - Số dòng: 15
[2026-04-10T16:10:46.439+0000] {datalake_df2csv.py:71} INFO -   - Số cột: 7
[2026-04-10T16:10:46.440+0000] {datalake_df2csv.py:72} INFO -   - Tên các cột: ['ticker', 'trading_date', 'open', 'high', 'low', 'close', 'volume']
[2026-04-10T16:10:46.441+0000] {datalake_df2csv.py:73} INFO -   - Kiểu dữ liệu: {'ticker': 'object', 'trading_date': 'object', 'open': 'float64', 'high': 'float64', 'low': 'float64', 'close': 'float64', 'volume': 'int64'}
[2026-04-10T16:10:46.444+0000] {datalake_df2csv.py:74} INFO -   - Bộ nhớ sử dụng: 0.00 MB
[2026-04-10T16:10:46.446+0000] {datalake_df2csv.py:83} INFO -   - Không có giá trị NULL
[2026-04-10T16:10:46.447+0000] {datalake_df2csv.py:86} INFO -   - Mẫu dữ liệu (5 dòng đầu):
[2026-04-10T16:10:46.448+0000] {datalake_df2csv.py:88} INFO -     Row 0: {'ticker': 'DWC', 'trading_date': '2026-04-03', 'open': 18.5, 'high': 18.5, 'low': 18.5, 'close': 18.5, 'volume': 1000}
[2026-04-10T16:10:46.449+0000] {datalake_df2csv.py:88} INFO -     Row 1: {'ticker': 'DWC', 'trading_date': '2026-04-06', 'open': 18.6, 'high': 20.0, 'low': 18.6, 'close': 20.0, 'volume': 1400}
[2026-04-10T16:10:46.451+0000] {datalake_df2csv.py:88} INFO -     Row 2: {'ticker': 'DWC', 'trading_date': '2026-04-07', 'open': 19.6, 'high': 19.6, 'low': 19.6, 'close': 19.6, 'volume': 100}
[2026-04-10T16:10:46.454+0000] {datalake_df2csv.py:88} INFO -     Row 3: {'ticker': 'FHS', 'trading_date': '2026-02-02', 'open': 36.0, 'high': 36.0, 'low': 36.0, 'close': 36.0, 'volume': 100}
[2026-04-10T16:10:46.456+0000] {datalake_df2csv.py:88} INFO -     Row 4: {'ticker': 'FHS', 'trading_date': '2026-02-13', 'open': 39.0, 'high': 39.0, 'low': 39.0, 'close': 39.0, 'volume': 100}
[2026-04-10T16:10:46.456+0000] {datalake_df2csv.py:90} INFO - --------------------------------------------------------------------------------
[2026-04-10T16:10:46.457+0000] {datalake_df2csv.py:93} INFO - 📝 Bước 2: Đang chuyển đổi DataFrame sang CSV...
[2026-04-10T16:10:46.465+0000] {datalake_df2csv.py:97} INFO - ✅ Chuyển đổi CSV thành công!
[2026-04-10T16:10:46.466+0000] {datalake_df2csv.py:98} INFO -   - Kích thước file: 0.00 MB
[2026-04-10T16:10:46.467+0000] {datalake_df2csv.py:99} INFO -   - Thời gian chuyển đổi: 0.01 giây
[2026-04-10T16:10:46.469+0000] {datalake_df2csv.py:100} INFO - --------------------------------------------------------------------------------
[2026-04-10T16:10:46.470+0000] {datalake_df2csv.py:103} INFO - ☁️  Bước 3: Đang upload lên MinIO/S3...
[2026-04-10T16:10:46.488+0000] {base.py:84} INFO - Using connection ID 'minio_finance' for task execution.
[2026-04-10T16:10:46.489+0000] {connection_wrapper.py:384} INFO - AWS Connection (conn_id='minio_finance', conn_type='aws') credentials retrieved from login and password.
[2026-04-10T16:10:47.259+0000] {datalake_df2csv.py:112} INFO -   - Bucket 'thongtin-congty-va-bctc' đã tồn tại
[2026-04-10T16:10:47.311+0000] {datalake_df2csv.py:117} INFO - ✅ Upload thành công!
[2026-04-10T16:10:47.312+0000] {datalake_df2csv.py:118} INFO -   - Đường dẫn: s3://thongtin-congty-va-bctc/daily_price/2026-04-09/batch_189.csv
[2026-04-10T16:10:47.312+0000] {datalake_df2csv.py:119} INFO -   - Số dòng: 15
[2026-04-10T16:10:47.313+0000] {datalake_df2csv.py:120} INFO -   - Thời gian upload: 0.84 giây
[2026-04-10T16:10:47.313+0000] {datalake_df2csv.py:121} INFO - --------------------------------------------------------------------------------
[2026-04-10T16:10:47.314+0000] {datalake_df2csv.py:125} INFO - 📈 TỔNG KẾT:
[2026-04-10T16:10:47.314+0000] {datalake_df2csv.py:126} INFO -   - Tổng thời gian thực thi: 9.99 giây
[2026-04-10T16:10:47.315+0000] {datalake_df2csv.py:127} INFO -   - Tốc độ xử lý: 2 dòng/giây
[2026-04-10T16:10:47.315+0000] {datalake_df2csv.py:128} INFO - ================================================================================
[2026-04-10T16:10:47.317+0000] {datalake_df2csv.py:129} INFO - ✅ HOÀN THÀNH TASK: ingest_daily_price
[2026-04-10T16:10:47.317+0000] {datalake_df2csv.py:130} INFO - ================================================================================
[2026-04-10T16:10:47.319+0000] {taskinstance.py:441} INFO - ::group::Post task execution logs
[2026-04-10T16:10:47.337+0000] {taskinstance.py:1206} INFO - Marking task as SUCCESS. dag_id=daily_price, task_id=ingest_daily_price, run_id=scheduled__2026-04-09T16:00:00+00:00, map_index=189, execution_date=20260409T160000, start_date=20260410T161036, end_date=20260410T161047
[2026-04-10T16:10:47.442+0000] {local_task_job_runner.py:243} INFO - Task exited with return code 0
[2026-04-10T16:10:47.470+0000] {taskinstance.py:3503} INFO - 0 downstream tasks scheduled from follow-on schedule check
[2026-04-10T16:10:47.475+0000] {local_task_job_runner.py:222} INFO - ::endgroup::
