[2026-01-27T15:09:26.421+0000] {local_task_job_runner.py:120} INFO - ::group::Pre task execution logs
[2026-01-27T15:09:26.455+0000] {taskinstance.py:2076} INFO - Dependencies all met for dep_context=non-requeueable deps ti=<TaskInstance: daily_price_minio.ingest_daily_price scheduled__2026-01-23T16:00:00+00:00 map_index=113 [queued]>
[2026-01-27T15:09:26.475+0000] {taskinstance.py:2076} INFO - Dependencies all met for dep_context=requeueable deps ti=<TaskInstance: daily_price_minio.ingest_daily_price scheduled__2026-01-23T16:00:00+00:00 map_index=113 [queued]>
[2026-01-27T15:09:26.476+0000] {taskinstance.py:2306} INFO - Starting attempt 1 of 2
[2026-01-27T15:09:26.494+0000] {taskinstance.py:2330} INFO - Executing <Mapped(DfToCsvOperator): ingest_daily_price> on 2026-01-23 16:00:00+00:00
[2026-01-27T15:09:26.508+0000] {warnings.py:112} WARNING - This process (pid=11000) is multi-threaded, use of fork() may lead to deadlocks in the child.

[2026-01-27T15:09:26.510+0000] {standard_task_runner.py:64} INFO - Started process 11065 to run task
[2026-01-27T15:09:26.512+0000] {standard_task_runner.py:90} INFO - Running: ['***', 'tasks', 'run', 'daily_price_minio', 'ingest_daily_price', 'scheduled__2026-01-23T16:00:00+00:00', '--job-id', '8441', '--raw', '--subdir', 'DAGS_FOLDER/dl_dailly_price.py', '--cfg-path', '/tmp/tmpat7lo_rb', '--map-index', '113']
[2026-01-27T15:09:26.516+0000] {standard_task_runner.py:91} INFO - Job 8441: Subtask ingest_daily_price
[2026-01-27T15:09:26.574+0000] {task_command.py:426} INFO - Running <TaskInstance: daily_price_minio.ingest_daily_price scheduled__2026-01-23T16:00:00+00:00 map_index=113 [running]> on host c05a814b0743
[2026-01-27T15:09:26.694+0000] {taskinstance.py:2648} INFO - Exporting env vars: AIRFLOW_CTX_DAG_OWNER='***' AIRFLOW_CTX_DAG_ID='daily_price_minio' AIRFLOW_CTX_TASK_ID='ingest_daily_price' AIRFLOW_CTX_EXECUTION_DATE='2026-01-23T16:00:00+00:00' AIRFLOW_CTX_TRY_NUMBER='1' AIRFLOW_CTX_DAG_RUN_ID='scheduled__2026-01-23T16:00:00+00:00'
[2026-01-27T15:09:26.695+0000] {taskinstance.py:430} INFO - ::endgroup::
[2026-01-27T15:09:31.066+0000] {logging_mixin.py:188} INFO - RGG: RetryError[<Future at 0x7f1d132b62a0 state=finished raised ConnectionError>]
[2026-01-27T15:09:35.922+0000] {logging_mixin.py:188} INFO - RGC: RetryError[<Future at 0x7f1d13175340 state=finished raised ConnectionError>]
[2026-01-27T15:09:40.874+0000] {logging_mixin.py:188} INFO - REE: RetryError[<Future at 0x7f1d13176300 state=finished raised ConnectionError>]
[2026-01-27T15:09:45.768+0000] {logging_mixin.py:188} INFO - RDP: RetryError[<Future at 0x7f1d13175ac0 state=finished raised ConnectionError>]
[2026-01-27T15:09:50.693+0000] {logging_mixin.py:188} INFO - RCL: RetryError[<Future at 0x7f1d13177350 state=finished raised ConnectionError>]
[2026-01-27T15:09:51.196+0000] {datalake_df2csv.py:40} INFO - DataFrame rỗng, bỏ qua upload CSV.
[2026-01-27T15:09:51.197+0000] {taskinstance.py:441} INFO - ::group::Post task execution logs
[2026-01-27T15:09:51.219+0000] {taskinstance.py:1206} INFO - Marking task as SUCCESS. dag_id=daily_price_minio, task_id=ingest_daily_price, run_id=scheduled__2026-01-23T16:00:00+00:00, map_index=113, execution_date=20260123T160000, start_date=20260127T150926, end_date=20260127T150951
[2026-01-27T15:09:51.302+0000] {local_task_job_runner.py:243} INFO - Task exited with return code 0
[2026-01-27T15:09:51.333+0000] {taskinstance.py:3503} INFO - 0 downstream tasks scheduled from follow-on schedule check
[2026-01-27T15:09:51.336+0000] {local_task_job_runner.py:222} INFO - ::endgroup::
