[2026-02-03T13:41:35.100+0000] {local_task_job_runner.py:120} INFO - ::group::Pre task execution logs
[2026-02-03T13:41:35.131+0000] {taskinstance.py:2076} INFO - Dependencies all met for dep_context=non-requeueable deps ti=<TaskInstance: global_index_minio.ingest_usd_vnd scheduled__2026-02-02T00:00:00+00:00 [queued]>
[2026-02-03T13:41:35.149+0000] {taskinstance.py:2076} INFO - Dependencies all met for dep_context=requeueable deps ti=<TaskInstance: global_index_minio.ingest_usd_vnd scheduled__2026-02-02T00:00:00+00:00 [queued]>
[2026-02-03T13:41:35.150+0000] {taskinstance.py:2306} INFO - Starting attempt 1 of 2
[2026-02-03T13:41:35.185+0000] {taskinstance.py:2330} INFO - Executing <Task(DfToCsvOperator): ingest_usd_vnd> on 2026-02-02 00:00:00+00:00
[2026-02-03T13:41:35.200+0000] {warnings.py:112} WARNING - This process (pid=273) is multi-threaded, use of fork() may lead to deadlocks in the child.

[2026-02-03T13:41:35.205+0000] {standard_task_runner.py:64} INFO - Started process 344 to run task
[2026-02-03T13:41:35.207+0000] {standard_task_runner.py:90} INFO - Running: ['***', 'tasks', 'run', 'global_index_minio', 'ingest_usd_vnd', 'scheduled__2026-02-02T00:00:00+00:00', '--job-id', '15142', '--raw', '--subdir', 'DAGS_FOLDER/dl_global_index.py', '--cfg-path', '/tmp/tmp560vu12m']
[2026-02-03T13:41:35.222+0000] {standard_task_runner.py:91} INFO - Job 15142: Subtask ingest_usd_vnd
[2026-02-03T13:41:35.337+0000] {task_command.py:426} INFO - Running <TaskInstance: global_index_minio.ingest_usd_vnd scheduled__2026-02-02T00:00:00+00:00 [running]> on host 9a961c7ad7bb
[2026-02-03T13:41:35.518+0000] {taskinstance.py:2648} INFO - Exporting env vars: AIRFLOW_CTX_DAG_OWNER='***' AIRFLOW_CTX_DAG_ID='global_index_minio' AIRFLOW_CTX_TASK_ID='ingest_usd_vnd' AIRFLOW_CTX_EXECUTION_DATE='2026-02-02T00:00:00+00:00' AIRFLOW_CTX_TRY_NUMBER='1' AIRFLOW_CTX_DAG_RUN_ID='scheduled__2026-02-02T00:00:00+00:00'
[2026-02-03T13:41:35.520+0000] {taskinstance.py:430} INFO - ::endgroup::
[2026-02-03T13:41:36.368+0000] {logging_mixin.py:188} INFO - ✅ Fetched 1 rows of USD/VND data from 2026-02-02 to 2026-02-03
[2026-02-03T13:41:36.521+0000] {base.py:84} INFO - Using connection ID 'minio_finance' for task execution.
[2026-02-03T13:41:36.522+0000] {connection_wrapper.py:384} INFO - AWS Connection (conn_id='minio_finance', conn_type='aws') credentials retrieved from login and password.
[2026-02-03T13:41:38.237+0000] {datalake_df2csv.py:52} INFO - ✅ Đã upload 1 dòng -> s3://thongtin-congty-va-bctc/global_index/usd_vnd/2026-02-02/data.csv
[2026-02-03T13:41:38.238+0000] {taskinstance.py:441} INFO - ::group::Post task execution logs
[2026-02-03T13:41:38.253+0000] {taskinstance.py:1206} INFO - Marking task as SUCCESS. dag_id=global_index_minio, task_id=ingest_usd_vnd, run_id=scheduled__2026-02-02T00:00:00+00:00, execution_date=20260202T000000, start_date=20260203T134135, end_date=20260203T134138
[2026-02-03T13:41:38.335+0000] {local_task_job_runner.py:243} INFO - Task exited with return code 0
[2026-02-03T13:41:38.375+0000] {taskinstance.py:3503} INFO - 0 downstream tasks scheduled from follow-on schedule check
[2026-02-03T13:41:38.379+0000] {local_task_job_runner.py:222} INFO - ::endgroup::
