[2026-03-01T02:23:46.325+0000] {local_task_job_runner.py:120} INFO - ::group::Pre task execution logs
[2026-03-01T02:23:46.453+0000] {taskinstance.py:2076} INFO - Dependencies all met for dep_context=non-requeueable deps ti=<TaskInstance: financial_ratios.ingest_financial_ratios scheduled__2026-02-22T02:00:00+00:00 map_index=626 [queued]>
[2026-03-01T02:23:46.809+0000] {taskinstance.py:2076} INFO - Dependencies all met for dep_context=requeueable deps ti=<TaskInstance: financial_ratios.ingest_financial_ratios scheduled__2026-02-22T02:00:00+00:00 map_index=626 [queued]>
[2026-03-01T02:23:46.810+0000] {taskinstance.py:2306} INFO - Starting attempt 1 of 2
[2026-03-01T02:23:46.843+0000] {taskinstance.py:2330} INFO - Executing <Mapped(DfToCsvOperator): ingest_financial_ratios> on 2026-02-22 02:00:00+00:00
[2026-03-01T02:23:46.863+0000] {warnings.py:112} WARNING - This process (pid=2384) is multi-threaded, use of fork() may lead to deadlocks in the child.

[2026-03-01T02:23:46.865+0000] {standard_task_runner.py:64} INFO - Started process 2421 to run task
[2026-03-01T02:23:46.869+0000] {standard_task_runner.py:90} INFO - Running: ['***', 'tasks', 'run', 'financial_ratios', 'ingest_financial_ratios', 'scheduled__2026-02-22T02:00:00+00:00', '--job-id', '29626', '--raw', '--subdir', 'DAGS_FOLDER/dl_financial_ratios.py', '--cfg-path', '/tmp/tmpvrnzm4g4', '--map-index', '626']
[2026-03-01T02:23:46.877+0000] {standard_task_runner.py:91} INFO - Job 29626: Subtask ingest_financial_ratios
[2026-03-01T02:23:46.984+0000] {task_command.py:426} INFO - Running <TaskInstance: financial_ratios.ingest_financial_ratios scheduled__2026-02-22T02:00:00+00:00 map_index=626 [running]> on host 96b0f4865b54
[2026-03-01T02:23:47.284+0000] {taskinstance.py:2648} INFO - Exporting env vars: AIRFLOW_CTX_DAG_OWNER='***' AIRFLOW_CTX_DAG_ID='financial_ratios' AIRFLOW_CTX_TASK_ID='ingest_financial_ratios' AIRFLOW_CTX_EXECUTION_DATE='2026-02-22T02:00:00+00:00' AIRFLOW_CTX_TRY_NUMBER='1' AIRFLOW_CTX_DAG_RUN_ID='scheduled__2026-02-22T02:00:00+00:00'
[2026-03-01T02:23:47.289+0000] {taskinstance.py:430} INFO - ::endgroup::
[2026-03-01T02:23:47.290+0000] {datalake_df2csv.py:40} INFO - ================================================================================
[2026-03-01T02:23:47.291+0000] {datalake_df2csv.py:41} INFO - 🚀 BẮT ĐẦU TASK: ingest_financial_ratios
[2026-03-01T02:23:47.294+0000] {datalake_df2csv.py:42} INFO - ================================================================================
[2026-03-01T02:23:47.295+0000] {datalake_df2csv.py:43} INFO - 📋 Thông tin cấu hình:
[2026-03-01T02:23:47.299+0000] {datalake_df2csv.py:44} INFO -   - Logic file: financial_ratios
[2026-03-01T02:23:47.300+0000] {datalake_df2csv.py:45} INFO -   - DataFrame name: get_financial_ratios_batch
[2026-03-01T02:23:47.301+0000] {datalake_df2csv.py:46} INFO -   - Bucket: thongtin-congty-va-bctc
[2026-03-01T02:23:47.302+0000] {datalake_df2csv.py:47} INFO -   - Object path: financial_ratios/2026-02-22/batch_626.csv
[2026-03-01T02:23:47.303+0000] {datalake_df2csv.py:48} INFO -   - Connection ID: minio_finance
[2026-03-01T02:23:47.304+0000] {datalake_df2csv.py:49} INFO -   - Tham số truyền vào: {'symbols': ['TAB', 'NTW'], 'period': 'quarter'}
[2026-03-01T02:23:47.304+0000] {datalake_df2csv.py:50} INFO - --------------------------------------------------------------------------------
[2026-03-01T02:23:47.305+0000] {datalake_df2csv.py:54} INFO - 📥 Bước 1: Đang load dữ liệu từ logic file...
[2026-03-01T02:23:47.329+0000] {datalake_df2csv.py:148} INFO -   - Logic directory: /opt/airflow/plugins/logic
[2026-03-01T02:23:47.333+0000] {datalake_df2csv.py:149} INFO -   - Module path: /opt/airflow/plugins/logic/financial_ratios.py
[2026-03-01T02:23:47.334+0000] {datalake_df2csv.py:153} INFO -   - Đã thêm logic directory vào sys.path
[2026-03-01T02:23:47.336+0000] {datalake_df2csv.py:159} INFO -   - Đang load module 'financial_ratios'...
[2026-03-01T02:23:47.341+0000] {datalake_df2csv.py:163} INFO -   - ✅ Module loaded thành công
[2026-03-01T02:23:47.342+0000] {datalake_df2csv.py:165} INFO -   - Đang tìm DataFrame/function: 'get_financial_ratios_batch'...
[2026-03-01T02:23:47.344+0000] {datalake_df2csv.py:170} INFO -   - ✅ Tìm thấy object: function
[2026-03-01T02:23:47.345+0000] {datalake_df2csv.py:173} INFO -   - Đang gọi function với tham số: {'symbols': ['TAB', 'NTW'], 'period': 'quarter'}
[2026-03-01T02:23:47.348+0000] {logging_mixin.py:188} INFO - [RATIO] Bắt đầu xử lý batch 2 mã: ['TAB', 'NTW']
[2026-03-01T02:23:47.351+0000] {logging_mixin.py:188} INFO - [RATIO] Kỳ dữ liệu: quarter
[2026-03-01T02:23:47.353+0000] {logging_mixin.py:188} INFO -  >> [RATIO] Đang lấy dữ liệu: TAB
[2026-03-01T02:23:53.856+0000] {logging_mixin.py:188} INFO - ❌ Lỗi TAB: RetryError[<Future at 0x7f9f23a75d00 state=finished raised KeyError>]
[2026-03-01T02:23:53.860+0000] {logging_mixin.py:188} INFO -  ⚠️ [RATIO] TAB: No data from API
[2026-03-01T02:23:55.862+0000] {logging_mixin.py:188} INFO -  >> [RATIO] Đang lấy dữ liệu: NTW
[2026-03-01T02:24:01.200+0000] {logging_mixin.py:188} INFO - ❌ Lỗi NTW: RetryError[<Future at 0x7f9f2352ab10 state=finished raised KeyError>]
[2026-03-01T02:24:01.201+0000] {logging_mixin.py:188} INFO -  ⚠️ [RATIO] NTW: No data from API
[2026-03-01T02:24:03.202+0000] {logging_mixin.py:188} INFO -  ⚠ [RATIO] Batch này không thu được dữ liệu nào.
[2026-03-01T02:24:03.204+0000] {datalake_df2csv.py:58} WARNING - ⚠️  DataFrame rỗng hoặc None
[2026-03-01T02:24:03.205+0000] {datalake_df2csv.py:59} INFO - 📊 Thông tin DataFrame:
[2026-03-01T02:24:03.209+0000] {datalake_df2csv.py:60} INFO -   - Số dòng: 0
[2026-03-01T02:24:03.215+0000] {datalake_df2csv.py:61} INFO -   - Kết luận: Bỏ qua upload CSV
[2026-03-01T02:24:03.219+0000] {datalake_df2csv.py:62} INFO - ================================================================================
[2026-03-01T02:24:03.220+0000] {datalake_df2csv.py:63} INFO - ✅ KẾT THÚC TASK (không có dữ liệu): ingest_financial_ratios
[2026-03-01T02:24:03.221+0000] {datalake_df2csv.py:64} INFO - ================================================================================
[2026-03-01T02:24:03.224+0000] {taskinstance.py:441} INFO - ::group::Post task execution logs
[2026-03-01T02:24:03.247+0000] {taskinstance.py:1206} INFO - Marking task as SUCCESS. dag_id=financial_ratios, task_id=ingest_financial_ratios, run_id=scheduled__2026-02-22T02:00:00+00:00, map_index=626, execution_date=20260222T020000, start_date=20260301T022346, end_date=20260301T022403
[2026-03-01T02:24:03.392+0000] {local_task_job_runner.py:243} INFO - Task exited with return code 0
[2026-03-01T02:24:03.412+0000] {local_task_job_runner.py:222} INFO - ::endgroup::
