[2026-02-22T02:30:03.354+0000] {local_task_job_runner.py:120} INFO - ::group::Pre task execution logs
[2026-02-22T02:30:03.456+0000] {taskinstance.py:2076} INFO - Dependencies all met for dep_context=non-requeueable deps ti=<TaskInstance: daily_price_minio.ingest_daily_price scheduled__2026-02-16T16:00:00+00:00 map_index=186 [queued]>
[2026-02-22T02:30:03.538+0000] {taskinstance.py:2076} INFO - Dependencies all met for dep_context=requeueable deps ti=<TaskInstance: daily_price_minio.ingest_daily_price scheduled__2026-02-16T16:00:00+00:00 map_index=186 [queued]>
[2026-02-22T02:30:03.539+0000] {taskinstance.py:2306} INFO - Starting attempt 1 of 2
[2026-02-22T02:30:03.597+0000] {taskinstance.py:2330} INFO - Executing <Mapped(DfToCsvOperator): ingest_daily_price> on 2026-02-16 16:00:00+00:00
[2026-02-22T02:30:03.653+0000] {warnings.py:112} WARNING - This process (pid=9329) is multi-threaded, use of fork() may lead to deadlocks in the child.

[2026-02-22T02:30:03.692+0000] {standard_task_runner.py:64} INFO - Started process 9381 to run task
[2026-02-22T02:30:03.712+0000] {standard_task_runner.py:90} INFO - Running: ['***', 'tasks', 'run', 'daily_price_minio', 'ingest_daily_price', 'scheduled__2026-02-16T16:00:00+00:00', '--job-id', '23561', '--raw', '--subdir', 'DAGS_FOLDER/dl_dailly_price.py', '--cfg-path', '/tmp/tmpjv9k_fzm', '--map-index', '186']
[2026-02-22T02:30:03.790+0000] {standard_task_runner.py:91} INFO - Job 23561: Subtask ingest_daily_price
[2026-02-22T02:30:04.033+0000] {task_command.py:426} INFO - Running <TaskInstance: daily_price_minio.ingest_daily_price scheduled__2026-02-16T16:00:00+00:00 map_index=186 [running]> on host 1b22f72dc705
[2026-02-22T02:30:05.117+0000] {taskinstance.py:2648} INFO - Exporting env vars: AIRFLOW_CTX_DAG_OWNER='***' AIRFLOW_CTX_DAG_ID='daily_price_minio' AIRFLOW_CTX_TASK_ID='ingest_daily_price' AIRFLOW_CTX_EXECUTION_DATE='2026-02-16T16:00:00+00:00' AIRFLOW_CTX_TRY_NUMBER='1' AIRFLOW_CTX_DAG_RUN_ID='scheduled__2026-02-16T16:00:00+00:00'
[2026-02-22T02:30:05.124+0000] {taskinstance.py:430} INFO - ::endgroup::
[2026-02-22T02:30:05.125+0000] {datalake_df2csv.py:40} INFO - ================================================================================
[2026-02-22T02:30:05.126+0000] {datalake_df2csv.py:41} INFO - 🚀 BẮT ĐẦU TASK: ingest_daily_price
[2026-02-22T02:30:05.128+0000] {datalake_df2csv.py:42} INFO - ================================================================================
[2026-02-22T02:30:05.132+0000] {datalake_df2csv.py:43} INFO - 📋 Thông tin cấu hình:
[2026-02-22T02:30:05.133+0000] {datalake_df2csv.py:44} INFO -   - Logic file: history_price
[2026-02-22T02:30:05.134+0000] {datalake_df2csv.py:45} INFO -   - DataFrame name: get_history_price_batch
[2026-02-22T02:30:05.144+0000] {datalake_df2csv.py:46} INFO -   - Bucket: thongtin-congty-va-bctc
[2026-02-22T02:30:05.148+0000] {datalake_df2csv.py:47} INFO -   - Object path: daily_price/2026-02-16/batch_186.csv
[2026-02-22T02:30:05.149+0000] {datalake_df2csv.py:48} INFO -   - Connection ID: minio_finance
[2026-02-22T02:30:05.150+0000] {datalake_df2csv.py:49} INFO -   - Tham số truyền vào: {'symbols': ['TNG', 'SEP', 'BSR', 'CRC', 'COM'], 'start_date': '2026-02-16', 'end_date': '2026-02-17'}
[2026-02-22T02:30:05.151+0000] {datalake_df2csv.py:50} INFO - --------------------------------------------------------------------------------
[2026-02-22T02:30:05.152+0000] {datalake_df2csv.py:54} INFO - 📥 Bước 1: Đang load dữ liệu từ logic file...
[2026-02-22T02:30:05.174+0000] {datalake_df2csv.py:148} INFO -   - Logic directory: /opt/airflow/plugins/logic
[2026-02-22T02:30:05.176+0000] {datalake_df2csv.py:149} INFO -   - Module path: /opt/airflow/plugins/logic/history_price.py
[2026-02-22T02:30:05.177+0000] {datalake_df2csv.py:153} INFO -   - Đã thêm logic directory vào sys.path
[2026-02-22T02:30:05.180+0000] {datalake_df2csv.py:159} INFO -   - Đang load module 'history_price'...
[2026-02-22T02:30:05.206+0000] {datalake_df2csv.py:163} INFO -   - ✅ Module loaded thành công
[2026-02-22T02:30:05.207+0000] {datalake_df2csv.py:165} INFO -   - Đang tìm DataFrame/function: 'get_history_price_batch'...
[2026-02-22T02:30:05.210+0000] {datalake_df2csv.py:170} INFO -   - ✅ Tìm thấy object: function
[2026-02-22T02:30:05.211+0000] {datalake_df2csv.py:173} INFO -   - Đang gọi function với tham số: {'symbols': ['TNG', 'SEP', 'BSR', 'CRC', 'COM'], 'start_date': '2026-02-16', 'end_date': '2026-02-17'}
[2026-02-22T02:30:11.127+0000] {datalake_df2csv.py:68} INFO - ✅ Load dữ liệu thành công!
[2026-02-22T02:30:11.129+0000] {datalake_df2csv.py:69} INFO - 📊 Thông tin DataFrame:
[2026-02-22T02:30:11.130+0000] {datalake_df2csv.py:70} INFO -   - Số dòng: 20
[2026-02-22T02:30:11.134+0000] {datalake_df2csv.py:71} INFO -   - Số cột: 7
[2026-02-22T02:30:11.135+0000] {datalake_df2csv.py:72} INFO -   - Tên các cột: ['ticker', 'trading_date', 'open', 'high', 'low', 'close', 'volume']
[2026-02-22T02:30:11.139+0000] {datalake_df2csv.py:73} INFO -   - Kiểu dữ liệu: {'ticker': 'object', 'trading_date': 'object', 'open': 'float64', 'high': 'float64', 'low': 'float64', 'close': 'float64', 'volume': 'int64'}
[2026-02-22T02:30:11.147+0000] {datalake_df2csv.py:74} INFO -   - Bộ nhớ sử dụng: 0.00 MB
[2026-02-22T02:30:11.151+0000] {datalake_df2csv.py:83} INFO -   - Không có giá trị NULL
[2026-02-22T02:30:11.153+0000] {datalake_df2csv.py:86} INFO -   - Mẫu dữ liệu (5 dòng đầu):
[2026-02-22T02:30:11.155+0000] {datalake_df2csv.py:88} INFO -     Row 0: {'ticker': 'TNG', 'trading_date': '2026-02-10', 'open': 21.8, 'high': 22.1, 'low': 20.5, 'close': 21.2, 'volume': 1944800}
[2026-02-22T02:30:11.156+0000] {datalake_df2csv.py:88} INFO -     Row 1: {'ticker': 'TNG', 'trading_date': '2026-02-11', 'open': 21.2, 'high': 22.6, 'low': 21.0, 'close': 22.4, 'volume': 2724800}
[2026-02-22T02:30:11.158+0000] {datalake_df2csv.py:88} INFO -     Row 2: {'ticker': 'TNG', 'trading_date': '2026-02-12', 'open': 22.8, 'high': 22.8, 'low': 22.2, 'close': 22.2, 'volume': 1592100}
[2026-02-22T02:30:11.160+0000] {datalake_df2csv.py:88} INFO -     Row 3: {'ticker': 'TNG', 'trading_date': '2026-02-13', 'open': 22.2, 'high': 22.8, 'low': 22.2, 'close': 22.6, 'volume': 1721500}
[2026-02-22T02:30:11.164+0000] {datalake_df2csv.py:88} INFO -     Row 4: {'ticker': 'SEP', 'trading_date': '2026-02-02', 'open': 20.0, 'high': 20.1, 'low': 20.0, 'close': 20.1, 'volume': 800}
[2026-02-22T02:30:11.166+0000] {datalake_df2csv.py:90} INFO - --------------------------------------------------------------------------------
[2026-02-22T02:30:11.176+0000] {datalake_df2csv.py:93} INFO - 📝 Bước 2: Đang chuyển đổi DataFrame sang CSV...
[2026-02-22T02:30:11.187+0000] {datalake_df2csv.py:97} INFO - ✅ Chuyển đổi CSV thành công!
[2026-02-22T02:30:11.188+0000] {datalake_df2csv.py:98} INFO -   - Kích thước file: 0.00 MB
[2026-02-22T02:30:11.196+0000] {datalake_df2csv.py:99} INFO -   - Thời gian chuyển đổi: 0.01 giây
[2026-02-22T02:30:11.199+0000] {datalake_df2csv.py:100} INFO - --------------------------------------------------------------------------------
[2026-02-22T02:30:11.200+0000] {datalake_df2csv.py:103} INFO - ☁️  Bước 3: Đang upload lên MinIO/S3...
[2026-02-22T02:30:11.251+0000] {base.py:84} INFO - Using connection ID 'minio_finance' for task execution.
[2026-02-22T02:30:11.256+0000] {connection_wrapper.py:384} INFO - AWS Connection (conn_id='minio_finance', conn_type='aws') credentials retrieved from login and password.
[2026-02-22T02:30:12.773+0000] {datalake_df2csv.py:112} INFO -   - Bucket 'thongtin-congty-va-bctc' đã tồn tại
[2026-02-22T02:30:12.882+0000] {datalake_df2csv.py:117} INFO - ✅ Upload thành công!
[2026-02-22T02:30:12.884+0000] {datalake_df2csv.py:118} INFO -   - Đường dẫn: s3://thongtin-congty-va-bctc/daily_price/2026-02-16/batch_186.csv
[2026-02-22T02:30:12.885+0000] {datalake_df2csv.py:119} INFO -   - Số dòng: 20
[2026-02-22T02:30:12.887+0000] {datalake_df2csv.py:120} INFO -   - Thời gian upload: 1.68 giây
[2026-02-22T02:30:12.890+0000] {datalake_df2csv.py:121} INFO - --------------------------------------------------------------------------------
[2026-02-22T02:30:12.891+0000] {datalake_df2csv.py:125} INFO - 📈 TỔNG KẾT:
[2026-02-22T02:30:12.891+0000] {datalake_df2csv.py:126} INFO -   - Tổng thời gian thực thi: 7.77 giây
[2026-02-22T02:30:12.892+0000] {datalake_df2csv.py:127} INFO -   - Tốc độ xử lý: 3 dòng/giây
[2026-02-22T02:30:12.896+0000] {datalake_df2csv.py:128} INFO - ================================================================================
[2026-02-22T02:30:12.899+0000] {datalake_df2csv.py:129} INFO - ✅ HOÀN THÀNH TASK: ingest_daily_price
[2026-02-22T02:30:12.900+0000] {datalake_df2csv.py:130} INFO - ================================================================================
[2026-02-22T02:30:12.903+0000] {taskinstance.py:441} INFO - ::group::Post task execution logs
[2026-02-22T02:30:12.931+0000] {taskinstance.py:1206} INFO - Marking task as SUCCESS. dag_id=daily_price_minio, task_id=ingest_daily_price, run_id=scheduled__2026-02-16T16:00:00+00:00, map_index=186, execution_date=20260216T160000, start_date=20260222T023003, end_date=20260222T023012
[2026-02-22T02:30:13.054+0000] {local_task_job_runner.py:243} INFO - Task exited with return code 0
[2026-02-22T02:30:13.085+0000] {taskinstance.py:3503} INFO - 0 downstream tasks scheduled from follow-on schedule check
[2026-02-22T02:30:13.091+0000] {local_task_job_runner.py:222} INFO - ::endgroup::
