[2026-04-15T16:00:35.746+0000] {local_task_job_runner.py:120} INFO - ::group::Pre task execution logs
[2026-04-15T16:00:35.785+0000] {taskinstance.py:2076} INFO - Dependencies all met for dep_context=non-requeueable deps ti=<TaskInstance: daily_price.ingest_daily_price scheduled__2026-04-14T16:00:00+00:00 map_index=4 [queued]>
[2026-04-15T16:00:35.807+0000] {taskinstance.py:2076} INFO - Dependencies all met for dep_context=requeueable deps ti=<TaskInstance: daily_price.ingest_daily_price scheduled__2026-04-14T16:00:00+00:00 map_index=4 [queued]>
[2026-04-15T16:00:35.808+0000] {taskinstance.py:2306} INFO - Starting attempt 1 of 2
[2026-04-15T16:00:35.838+0000] {taskinstance.py:2330} INFO - Executing <Mapped(DfToCsvOperator): ingest_daily_price> on 2026-04-14 16:00:00+00:00
[2026-04-15T16:00:35.857+0000] {warnings.py:112} WARNING - This process (pid=5010) is multi-threaded, use of fork() may lead to deadlocks in the child.

[2026-04-15T16:00:35.870+0000] {standard_task_runner.py:64} INFO - Started process 5087 to run task
[2026-04-15T16:00:35.887+0000] {standard_task_runner.py:90} INFO - Running: ['***', 'tasks', 'run', 'daily_price', 'ingest_daily_price', 'scheduled__2026-04-14T16:00:00+00:00', '--job-id', '42730', '--raw', '--subdir', 'DAGS_FOLDER/dl_dailly_price.py', '--cfg-path', '/tmp/tmph4_82fxk', '--map-index', '4']
[2026-04-15T16:00:35.897+0000] {standard_task_runner.py:91} INFO - Job 42730: Subtask ingest_daily_price
[2026-04-15T16:00:36.019+0000] {task_command.py:426} INFO - Running <TaskInstance: daily_price.ingest_daily_price scheduled__2026-04-14T16:00:00+00:00 map_index=4 [running]> on host 0c77025344c6
[2026-04-15T16:00:36.344+0000] {taskinstance.py:2648} INFO - Exporting env vars: AIRFLOW_CTX_DAG_OWNER='***' AIRFLOW_CTX_DAG_ID='daily_price' AIRFLOW_CTX_TASK_ID='ingest_daily_price' AIRFLOW_CTX_EXECUTION_DATE='2026-04-14T16:00:00+00:00' AIRFLOW_CTX_TRY_NUMBER='1' AIRFLOW_CTX_DAG_RUN_ID='scheduled__2026-04-14T16:00:00+00:00'
[2026-04-15T16:00:36.353+0000] {taskinstance.py:430} INFO - ::endgroup::
[2026-04-15T16:00:36.358+0000] {datalake_df2csv.py:40} INFO - ================================================================================
[2026-04-15T16:00:36.359+0000] {datalake_df2csv.py:41} INFO - 🚀 BẮT ĐẦU TASK: ingest_daily_price
[2026-04-15T16:00:36.361+0000] {datalake_df2csv.py:42} INFO - ================================================================================
[2026-04-15T16:00:36.367+0000] {datalake_df2csv.py:43} INFO - 📋 Thông tin cấu hình:
[2026-04-15T16:00:36.371+0000] {datalake_df2csv.py:44} INFO -   - Logic file: history_price
[2026-04-15T16:00:36.378+0000] {datalake_df2csv.py:45} INFO -   - DataFrame name: get_history_price_batch
[2026-04-15T16:00:36.379+0000] {datalake_df2csv.py:46} INFO -   - Bucket: thongtin-congty-va-bctc
[2026-04-15T16:00:36.380+0000] {datalake_df2csv.py:47} INFO -   - Object path: daily_price/2026-04-14/batch_4.csv
[2026-04-15T16:00:36.381+0000] {datalake_df2csv.py:48} INFO -   - Connection ID: minio_finance
[2026-04-15T16:00:36.382+0000] {datalake_df2csv.py:49} INFO -   - Tham số truyền vào: {'symbols': ['SKV', 'HAD', 'SSG', 'TVT', 'VRG'], 'start_date': '2026-04-14', 'end_date': '2026-04-15'}
[2026-04-15T16:00:36.384+0000] {datalake_df2csv.py:50} INFO - --------------------------------------------------------------------------------
[2026-04-15T16:00:36.385+0000] {datalake_df2csv.py:54} INFO - 📥 Bước 1: Đang load dữ liệu từ logic file...
[2026-04-15T16:00:36.399+0000] {datalake_df2csv.py:148} INFO -   - Logic directory: /opt/airflow/plugins/logic
[2026-04-15T16:00:36.401+0000] {datalake_df2csv.py:149} INFO -   - Module path: /opt/airflow/plugins/logic/history_price.py
[2026-04-15T16:00:36.405+0000] {datalake_df2csv.py:153} INFO -   - Đã thêm logic directory vào sys.path
[2026-04-15T16:00:36.408+0000] {datalake_df2csv.py:159} INFO -   - Đang load module 'history_price'...
[2026-04-15T16:00:36.417+0000] {datalake_df2csv.py:163} INFO -   - ✅ Module loaded thành công
[2026-04-15T16:00:36.418+0000] {datalake_df2csv.py:165} INFO -   - Đang tìm DataFrame/function: 'get_history_price_batch'...
[2026-04-15T16:00:36.420+0000] {datalake_df2csv.py:170} INFO -   - ✅ Tìm thấy object: function
[2026-04-15T16:00:36.422+0000] {datalake_df2csv.py:173} INFO -   - Đang gọi function với tham số: {'symbols': ['SKV', 'HAD', 'SSG', 'TVT', 'VRG'], 'start_date': '2026-04-14', 'end_date': '2026-04-15'}
[2026-04-15T16:01:26.799+0000] {datalake_df2csv.py:68} INFO - ✅ Load dữ liệu thành công!
[2026-04-15T16:01:26.801+0000] {datalake_df2csv.py:69} INFO - 📊 Thông tin DataFrame:
[2026-04-15T16:01:26.801+0000] {datalake_df2csv.py:70} INFO -   - Số dòng: 20
[2026-04-15T16:01:26.802+0000] {datalake_df2csv.py:71} INFO -   - Số cột: 7
[2026-04-15T16:01:26.803+0000] {datalake_df2csv.py:72} INFO -   - Tên các cột: ['ticker', 'trading_date', 'open', 'high', 'low', 'close', 'volume']
[2026-04-15T16:01:26.804+0000] {datalake_df2csv.py:73} INFO -   - Kiểu dữ liệu: {'ticker': 'object', 'trading_date': 'object', 'open': 'float64', 'high': 'float64', 'low': 'float64', 'close': 'float64', 'volume': 'int64'}
[2026-04-15T16:01:26.808+0000] {datalake_df2csv.py:74} INFO -   - Bộ nhớ sử dụng: 0.00 MB
[2026-04-15T16:01:26.810+0000] {datalake_df2csv.py:83} INFO -   - Không có giá trị NULL
[2026-04-15T16:01:26.811+0000] {datalake_df2csv.py:86} INFO -   - Mẫu dữ liệu (5 dòng đầu):
[2026-04-15T16:01:26.812+0000] {datalake_df2csv.py:88} INFO -     Row 0: {'ticker': 'SKV', 'trading_date': '2026-04-10', 'open': 25.3, 'high': 25.5, 'low': 25.3, 'close': 25.5, 'volume': 4800}
[2026-04-15T16:01:26.813+0000] {datalake_df2csv.py:88} INFO -     Row 1: {'ticker': 'SKV', 'trading_date': '2026-04-13', 'open': 25.4, 'high': 25.6, 'low': 25.4, 'close': 25.6, 'volume': 1800}
[2026-04-15T16:01:26.813+0000] {datalake_df2csv.py:88} INFO -     Row 2: {'ticker': 'SKV', 'trading_date': '2026-04-14', 'open': 29.1, 'high': 29.1, 'low': 25.9, 'close': 25.9, 'volume': 300}
[2026-04-15T16:01:26.814+0000] {datalake_df2csv.py:88} INFO -     Row 3: {'ticker': 'SKV', 'trading_date': '2026-04-15', 'open': 26.4, 'high': 26.4, 'low': 25.1, 'close': 25.6, 'volume': 3600}
[2026-04-15T16:01:26.815+0000] {datalake_df2csv.py:88} INFO -     Row 4: {'ticker': 'HAD', 'trading_date': '2026-04-06', 'open': 14.0, 'high': 14.0, 'low': 13.8, 'close': 13.8, 'volume': 6200}
[2026-04-15T16:01:26.816+0000] {datalake_df2csv.py:90} INFO - --------------------------------------------------------------------------------
[2026-04-15T16:01:26.816+0000] {datalake_df2csv.py:93} INFO - 📝 Bước 2: Đang chuyển đổi DataFrame sang CSV...
[2026-04-15T16:01:26.822+0000] {datalake_df2csv.py:97} INFO - ✅ Chuyển đổi CSV thành công!
[2026-04-15T16:01:26.823+0000] {datalake_df2csv.py:98} INFO -   - Kích thước file: 0.00 MB
[2026-04-15T16:01:26.824+0000] {datalake_df2csv.py:99} INFO -   - Thời gian chuyển đổi: 0.01 giây
[2026-04-15T16:01:26.824+0000] {datalake_df2csv.py:100} INFO - --------------------------------------------------------------------------------
[2026-04-15T16:01:26.825+0000] {datalake_df2csv.py:103} INFO - ☁️  Bước 3: Đang upload lên MinIO/S3...
[2026-04-15T16:01:26.838+0000] {base.py:84} INFO - Using connection ID 'minio_finance' for task execution.
[2026-04-15T16:01:26.839+0000] {connection_wrapper.py:384} INFO - AWS Connection (conn_id='minio_finance', conn_type='aws') credentials retrieved from login and password.
[2026-04-15T16:01:31.091+0000] {datalake_df2csv.py:112} INFO -   - Bucket 'thongtin-congty-va-bctc' đã tồn tại
[2026-04-15T16:01:31.201+0000] {datalake_df2csv.py:117} INFO - ✅ Upload thành công!
[2026-04-15T16:01:31.202+0000] {datalake_df2csv.py:118} INFO -   - Đường dẫn: s3://thongtin-congty-va-bctc/daily_price/2026-04-14/batch_4.csv
[2026-04-15T16:01:31.203+0000] {datalake_df2csv.py:119} INFO -   - Số dòng: 20
[2026-04-15T16:01:31.203+0000] {datalake_df2csv.py:120} INFO -   - Thời gian upload: 4.38 giây
[2026-04-15T16:01:31.204+0000] {datalake_df2csv.py:121} INFO - --------------------------------------------------------------------------------
[2026-04-15T16:01:31.205+0000] {datalake_df2csv.py:125} INFO - 📈 TỔNG KẾT:
[2026-04-15T16:01:31.206+0000] {datalake_df2csv.py:126} INFO -   - Tổng thời gian thực thi: 54.85 giây
[2026-04-15T16:01:31.207+0000] {datalake_df2csv.py:127} INFO -   - Tốc độ xử lý: 0 dòng/giây
[2026-04-15T16:01:31.208+0000] {datalake_df2csv.py:128} INFO - ================================================================================
[2026-04-15T16:01:31.208+0000] {datalake_df2csv.py:129} INFO - ✅ HOÀN THÀNH TASK: ingest_daily_price
[2026-04-15T16:01:31.209+0000] {datalake_df2csv.py:130} INFO - ================================================================================
[2026-04-15T16:01:31.210+0000] {taskinstance.py:441} INFO - ::group::Post task execution logs
[2026-04-15T16:01:31.237+0000] {taskinstance.py:1206} INFO - Marking task as SUCCESS. dag_id=daily_price, task_id=ingest_daily_price, run_id=scheduled__2026-04-14T16:00:00+00:00, map_index=4, execution_date=20260414T160000, start_date=20260415T160035, end_date=20260415T160131
[2026-04-15T16:01:31.316+0000] {local_task_job_runner.py:243} INFO - Task exited with return code 0
[2026-04-15T16:01:31.341+0000] {local_task_job_runner.py:222} INFO - ::endgroup::
