[2026-02-22T02:32:26.515+0000] {local_task_job_runner.py:120} INFO - ::group::Pre task execution logs
[2026-02-22T02:32:26.599+0000] {taskinstance.py:2076} INFO - Dependencies all met for dep_context=non-requeueable deps ti=<TaskInstance: daily_price_minio.ingest_daily_price scheduled__2026-02-16T16:00:00+00:00 map_index=229 [queued]>
[2026-02-22T02:32:26.649+0000] {taskinstance.py:2076} INFO - Dependencies all met for dep_context=requeueable deps ti=<TaskInstance: daily_price_minio.ingest_daily_price scheduled__2026-02-16T16:00:00+00:00 map_index=229 [queued]>
[2026-02-22T02:32:26.652+0000] {taskinstance.py:2306} INFO - Starting attempt 1 of 2
[2026-02-22T02:32:26.690+0000] {taskinstance.py:2330} INFO - Executing <Mapped(DfToCsvOperator): ingest_daily_price> on 2026-02-16 16:00:00+00:00
[2026-02-22T02:32:26.706+0000] {warnings.py:112} WARNING - This process (pid=68) is multi-threaded, use of fork() may lead to deadlocks in the child.

[2026-02-22T02:32:26.708+0000] {standard_task_runner.py:64} INFO - Started process 101 to run task
[2026-02-22T02:32:26.720+0000] {standard_task_runner.py:90} INFO - Running: ['***', 'tasks', 'run', 'daily_price_minio', 'ingest_daily_price', 'scheduled__2026-02-16T16:00:00+00:00', '--job-id', '23643', '--raw', '--subdir', 'DAGS_FOLDER/dl_dailly_price.py', '--cfg-path', '/tmp/tmpo_0sqmbm', '--map-index', '229']
[2026-02-22T02:32:26.731+0000] {standard_task_runner.py:91} INFO - Job 23643: Subtask ingest_daily_price
[2026-02-22T02:32:26.905+0000] {task_command.py:426} INFO - Running <TaskInstance: daily_price_minio.ingest_daily_price scheduled__2026-02-16T16:00:00+00:00 map_index=229 [running]> on host 1b22f72dc705
[2026-02-22T02:32:29.670+0000] {taskinstance.py:2648} INFO - Exporting env vars: AIRFLOW_CTX_DAG_OWNER='***' AIRFLOW_CTX_DAG_ID='daily_price_minio' AIRFLOW_CTX_TASK_ID='ingest_daily_price' AIRFLOW_CTX_EXECUTION_DATE='2026-02-16T16:00:00+00:00' AIRFLOW_CTX_TRY_NUMBER='1' AIRFLOW_CTX_DAG_RUN_ID='scheduled__2026-02-16T16:00:00+00:00'
[2026-02-22T02:32:29.672+0000] {taskinstance.py:430} INFO - ::endgroup::
[2026-02-22T02:32:29.672+0000] {datalake_df2csv.py:40} INFO - ================================================================================
[2026-02-22T02:32:29.673+0000] {datalake_df2csv.py:41} INFO - 🚀 BẮT ĐẦU TASK: ingest_daily_price
[2026-02-22T02:32:29.673+0000] {datalake_df2csv.py:42} INFO - ================================================================================
[2026-02-22T02:32:29.674+0000] {datalake_df2csv.py:43} INFO - 📋 Thông tin cấu hình:
[2026-02-22T02:32:29.674+0000] {datalake_df2csv.py:44} INFO -   - Logic file: history_price
[2026-02-22T02:32:29.674+0000] {datalake_df2csv.py:45} INFO -   - DataFrame name: get_history_price_batch
[2026-02-22T02:32:29.675+0000] {datalake_df2csv.py:46} INFO -   - Bucket: thongtin-congty-va-bctc
[2026-02-22T02:32:29.675+0000] {datalake_df2csv.py:47} INFO -   - Object path: daily_price/2026-02-16/batch_229.csv
[2026-02-22T02:32:29.679+0000] {datalake_df2csv.py:48} INFO -   - Connection ID: minio_finance
[2026-02-22T02:32:29.680+0000] {datalake_df2csv.py:49} INFO -   - Tham số truyền vào: {'symbols': ['IDP', 'V21', 'AAV', 'BSD', 'VLP'], 'start_date': '2026-02-16', 'end_date': '2026-02-17'}
[2026-02-22T02:32:29.682+0000] {datalake_df2csv.py:50} INFO - --------------------------------------------------------------------------------
[2026-02-22T02:32:29.682+0000] {datalake_df2csv.py:54} INFO - 📥 Bước 1: Đang load dữ liệu từ logic file...
[2026-02-22T02:32:29.689+0000] {datalake_df2csv.py:148} INFO -   - Logic directory: /opt/airflow/plugins/logic
[2026-02-22T02:32:29.691+0000] {datalake_df2csv.py:149} INFO -   - Module path: /opt/airflow/plugins/logic/history_price.py
[2026-02-22T02:32:29.696+0000] {datalake_df2csv.py:153} INFO -   - Đã thêm logic directory vào sys.path
[2026-02-22T02:32:29.708+0000] {datalake_df2csv.py:159} INFO -   - Đang load module 'history_price'...
[2026-02-22T02:32:29.722+0000] {datalake_df2csv.py:163} INFO -   - ✅ Module loaded thành công
[2026-02-22T02:32:29.723+0000] {datalake_df2csv.py:165} INFO -   - Đang tìm DataFrame/function: 'get_history_price_batch'...
[2026-02-22T02:32:29.724+0000] {datalake_df2csv.py:170} INFO -   - ✅ Tìm thấy object: function
[2026-02-22T02:32:29.724+0000] {datalake_df2csv.py:173} INFO -   - Đang gọi function với tham số: {'symbols': ['IDP', 'V21', 'AAV', 'BSD', 'VLP'], 'start_date': '2026-02-16', 'end_date': '2026-02-17'}
[2026-02-22T02:32:37.753+0000] {datalake_df2csv.py:68} INFO - ✅ Load dữ liệu thành công!
[2026-02-22T02:32:37.755+0000] {datalake_df2csv.py:69} INFO - 📊 Thông tin DataFrame:
[2026-02-22T02:32:37.755+0000] {datalake_df2csv.py:70} INFO -   - Số dòng: 20
[2026-02-22T02:32:37.756+0000] {datalake_df2csv.py:71} INFO -   - Số cột: 7
[2026-02-22T02:32:37.756+0000] {datalake_df2csv.py:72} INFO -   - Tên các cột: ['ticker', 'trading_date', 'open', 'high', 'low', 'close', 'volume']
[2026-02-22T02:32:37.757+0000] {datalake_df2csv.py:73} INFO -   - Kiểu dữ liệu: {'ticker': 'object', 'trading_date': 'object', 'open': 'float64', 'high': 'float64', 'low': 'float64', 'close': 'float64', 'volume': 'int64'}
[2026-02-22T02:32:37.759+0000] {datalake_df2csv.py:74} INFO -   - Bộ nhớ sử dụng: 0.00 MB
[2026-02-22T02:32:37.762+0000] {datalake_df2csv.py:83} INFO -   - Không có giá trị NULL
[2026-02-22T02:32:37.762+0000] {datalake_df2csv.py:86} INFO -   - Mẫu dữ liệu (5 dòng đầu):
[2026-02-22T02:32:37.763+0000] {datalake_df2csv.py:88} INFO -     Row 0: {'ticker': 'IDP', 'trading_date': '2026-02-09', 'open': 248.0, 'high': 248.0, 'low': 248.0, 'close': 248.0, 'volume': 900}
[2026-02-22T02:32:37.763+0000] {datalake_df2csv.py:88} INFO -     Row 1: {'ticker': 'IDP', 'trading_date': '2026-02-10', 'open': 249.0, 'high': 250.0, 'low': 241.0, 'close': 250.0, 'volume': 10900}
[2026-02-22T02:32:37.764+0000] {datalake_df2csv.py:88} INFO -     Row 2: {'ticker': 'IDP', 'trading_date': '2026-02-11', 'open': 246.9, 'high': 248.1, 'low': 246.9, 'close': 248.0, 'volume': 1200}
[2026-02-22T02:32:37.764+0000] {datalake_df2csv.py:88} INFO -     Row 3: {'ticker': 'IDP', 'trading_date': '2026-02-13', 'open': 250.0, 'high': 260.0, 'low': 250.0, 'close': 255.0, 'volume': 35800}
[2026-02-22T02:32:37.765+0000] {datalake_df2csv.py:88} INFO -     Row 4: {'ticker': 'V21', 'trading_date': '2026-02-10', 'open': 5.8, 'high': 6.0, 'low': 5.8, 'close': 6.0, 'volume': 9200}
[2026-02-22T02:32:37.765+0000] {datalake_df2csv.py:90} INFO - --------------------------------------------------------------------------------
[2026-02-22T02:32:37.765+0000] {datalake_df2csv.py:93} INFO - 📝 Bước 2: Đang chuyển đổi DataFrame sang CSV...
[2026-02-22T02:32:37.772+0000] {datalake_df2csv.py:97} INFO - ✅ Chuyển đổi CSV thành công!
[2026-02-22T02:32:37.772+0000] {datalake_df2csv.py:98} INFO -   - Kích thước file: 0.00 MB
[2026-02-22T02:32:37.773+0000] {datalake_df2csv.py:99} INFO -   - Thời gian chuyển đổi: 0.01 giây
[2026-02-22T02:32:37.773+0000] {datalake_df2csv.py:100} INFO - --------------------------------------------------------------------------------
[2026-02-22T02:32:37.773+0000] {datalake_df2csv.py:103} INFO - ☁️  Bước 3: Đang upload lên MinIO/S3...
[2026-02-22T02:32:37.789+0000] {base.py:84} INFO - Using connection ID 'minio_finance' for task execution.
[2026-02-22T02:32:37.790+0000] {connection_wrapper.py:384} INFO - AWS Connection (conn_id='minio_finance', conn_type='aws') credentials retrieved from login and password.
[2026-02-22T02:32:39.570+0000] {datalake_df2csv.py:112} INFO -   - Bucket 'thongtin-congty-va-bctc' đã tồn tại
[2026-02-22T02:32:40.856+0000] {datalake_df2csv.py:117} INFO - ✅ Upload thành công!
[2026-02-22T02:32:40.857+0000] {datalake_df2csv.py:118} INFO -   - Đường dẫn: s3://thongtin-congty-va-bctc/daily_price/2026-02-16/batch_229.csv
[2026-02-22T02:32:40.858+0000] {datalake_df2csv.py:119} INFO -   - Số dòng: 20
[2026-02-22T02:32:40.858+0000] {datalake_df2csv.py:120} INFO -   - Thời gian upload: 3.08 giây
[2026-02-22T02:32:40.859+0000] {datalake_df2csv.py:121} INFO - --------------------------------------------------------------------------------
[2026-02-22T02:32:40.860+0000] {datalake_df2csv.py:125} INFO - 📈 TỔNG KẾT:
[2026-02-22T02:32:40.860+0000] {datalake_df2csv.py:126} INFO -   - Tổng thời gian thực thi: 11.19 giây
[2026-02-22T02:32:40.861+0000] {datalake_df2csv.py:127} INFO -   - Tốc độ xử lý: 2 dòng/giây
[2026-02-22T02:32:40.862+0000] {datalake_df2csv.py:128} INFO - ================================================================================
[2026-02-22T02:32:40.863+0000] {datalake_df2csv.py:129} INFO - ✅ HOÀN THÀNH TASK: ingest_daily_price
[2026-02-22T02:32:40.864+0000] {datalake_df2csv.py:130} INFO - ================================================================================
[2026-02-22T02:32:40.865+0000] {taskinstance.py:441} INFO - ::group::Post task execution logs
[2026-02-22T02:32:40.910+0000] {taskinstance.py:1206} INFO - Marking task as SUCCESS. dag_id=daily_price_minio, task_id=ingest_daily_price, run_id=scheduled__2026-02-16T16:00:00+00:00, map_index=229, execution_date=20260216T160000, start_date=20260222T023226, end_date=20260222T023240
[2026-02-22T02:32:41.183+0000] {local_task_job_runner.py:243} INFO - Task exited with return code 0
[2026-02-22T02:32:41.219+0000] {taskinstance.py:3503} INFO - 0 downstream tasks scheduled from follow-on schedule check
[2026-02-22T02:32:41.286+0000] {local_task_job_runner.py:222} INFO - ::endgroup::
