[2026-02-18T15:58:59.244+0000] {local_task_job_runner.py:120} INFO - ::group::Pre task execution logs
[2026-02-18T15:58:59.294+0000] {taskinstance.py:2076} INFO - Dependencies all met for dep_context=non-requeueable deps ti=<TaskInstance: bctc_minio.ingest_bctc scheduled__2026-02-08T00:00:00+00:00 map_index=66 [queued]>
[2026-02-18T15:58:59.328+0000] {taskinstance.py:2076} INFO - Dependencies all met for dep_context=requeueable deps ti=<TaskInstance: bctc_minio.ingest_bctc scheduled__2026-02-08T00:00:00+00:00 map_index=66 [queued]>
[2026-02-18T15:58:59.329+0000] {taskinstance.py:2306} INFO - Starting attempt 2 of 2
[2026-02-18T15:58:59.379+0000] {taskinstance.py:2330} INFO - Executing <Mapped(DfToCsvOperator): ingest_bctc> on 2026-02-08 00:00:00+00:00
[2026-02-18T15:58:59.411+0000] {warnings.py:112} WARNING - This process (pid=5289) is multi-threaded, use of fork() may lead to deadlocks in the child.

[2026-02-18T15:58:59.414+0000] {standard_task_runner.py:64} INFO - Started process 5337 to run task
[2026-02-18T15:58:59.415+0000] {standard_task_runner.py:90} INFO - Running: ['***', 'tasks', 'run', 'bctc_minio', 'ingest_bctc', 'scheduled__2026-02-08T00:00:00+00:00', '--job-id', '22285', '--raw', '--subdir', 'DAGS_FOLDER/dl_bctc.py', '--cfg-path', '/tmp/tmp7kev0xz9', '--map-index', '66']
[2026-02-18T15:58:59.421+0000] {standard_task_runner.py:91} INFO - Job 22285: Subtask ingest_bctc
[2026-02-18T15:58:59.505+0000] {task_command.py:426} INFO - Running <TaskInstance: bctc_minio.ingest_bctc scheduled__2026-02-08T00:00:00+00:00 map_index=66 [running]> on host 83ee49e7e828
[2026-02-18T15:58:59.713+0000] {taskinstance.py:2648} INFO - Exporting env vars: AIRFLOW_CTX_DAG_OWNER='***' AIRFLOW_CTX_DAG_ID='bctc_minio' AIRFLOW_CTX_TASK_ID='ingest_bctc' AIRFLOW_CTX_EXECUTION_DATE='2026-02-08T00:00:00+00:00' AIRFLOW_CTX_TRY_NUMBER='2' AIRFLOW_CTX_DAG_RUN_ID='scheduled__2026-02-08T00:00:00+00:00'
[2026-02-18T15:58:59.715+0000] {taskinstance.py:430} INFO - ::endgroup::
[2026-02-18T15:58:59.716+0000] {datalake_df2csv.py:40} INFO - ================================================================================
[2026-02-18T15:58:59.716+0000] {datalake_df2csv.py:41} INFO - 🚀 BẮT ĐẦU TASK: ingest_bctc
[2026-02-18T15:58:59.717+0000] {datalake_df2csv.py:42} INFO - ================================================================================
[2026-02-18T15:58:59.718+0000] {datalake_df2csv.py:43} INFO - 📋 Thông tin cấu hình:
[2026-02-18T15:58:59.718+0000] {datalake_df2csv.py:44} INFO -   - Logic file: bctc
[2026-02-18T15:58:59.719+0000] {datalake_df2csv.py:45} INFO -   - DataFrame name: get_financial_reports
[2026-02-18T15:58:59.719+0000] {datalake_df2csv.py:46} INFO -   - Bucket: thongtin-congty-va-bctc
[2026-02-18T15:58:59.720+0000] {datalake_df2csv.py:47} INFO -   - Object path: bctc/2026-02-08/batch_66.csv
[2026-02-18T15:58:59.720+0000] {datalake_df2csv.py:48} INFO -   - Connection ID: minio_finance
[2026-02-18T15:58:59.721+0000] {datalake_df2csv.py:49} INFO -   - Tham số truyền vào: {'symbols': ['TDH', 'X20', 'HU3', 'VSE', 'IST', 'BDG', 'DDH', 'TMX', 'HLA', 'DPH', 'GCB', 'EIB', 'TFC', 'NHC', 'HNI', 'NO1', 'GND', 'TIS', 'HNB', 'MIE'], 'current_year': '2026'}
[2026-02-18T15:58:59.722+0000] {datalake_df2csv.py:50} INFO - --------------------------------------------------------------------------------
[2026-02-18T15:58:59.723+0000] {datalake_df2csv.py:54} INFO - 📥 Bước 1: Đang load dữ liệu từ logic file...
[2026-02-18T15:58:59.731+0000] {datalake_df2csv.py:148} INFO -   - Logic directory: /opt/airflow/plugins/logic
[2026-02-18T15:58:59.732+0000] {datalake_df2csv.py:149} INFO -   - Module path: /opt/airflow/plugins/logic/bctc.py
[2026-02-18T15:58:59.733+0000] {datalake_df2csv.py:153} INFO -   - Đã thêm logic directory vào sys.path
[2026-02-18T15:58:59.735+0000] {datalake_df2csv.py:159} INFO -   - Đang load module 'bctc'...
[2026-02-18T15:58:59.742+0000] {datalake_df2csv.py:163} INFO -   - ✅ Module loaded thành công
[2026-02-18T15:58:59.743+0000] {datalake_df2csv.py:165} INFO -   - Đang tìm DataFrame/function: 'get_financial_reports'...
[2026-02-18T15:58:59.744+0000] {datalake_df2csv.py:170} INFO -   - ✅ Tìm thấy object: function
[2026-02-18T15:58:59.744+0000] {datalake_df2csv.py:173} INFO -   - Đang gọi function với tham số: {'symbols': ['TDH', 'X20', 'HU3', 'VSE', 'IST', 'BDG', 'DDH', 'TMX', 'HLA', 'DPH', 'GCB', 'EIB', 'TFC', 'NHC', 'HNI', 'NO1', 'GND', 'TIS', 'HNB', 'MIE'], 'current_year': '2026'}
[2026-02-18T15:58:59.745+0000] {logging_mixin.py:188} INFO - Bắt đầu xử lý batch 20 mã: ['TDH', 'X20', 'HU3', 'VSE', 'IST', 'BDG', 'DDH', 'TMX', 'HLA', 'DPH', 'GCB', 'EIB', 'TFC', 'NHC', 'HNI', 'NO1', 'GND', 'TIS', 'HNB', 'MIE']
[2026-02-18T15:58:59.746+0000] {logging_mixin.py:188} INFO -  >> Đang lấy dữ liệu: TDH
[2026-02-18T15:59:11.159+0000] {logging_mixin.py:188} INFO -  >> Đang lấy dữ liệu: X20
[2026-02-18T15:59:20.445+0000] {logging_mixin.py:188} INFO -  >> Đang lấy dữ liệu: HU3
[2026-02-18T15:59:29.928+0000] {logging_mixin.py:188} INFO -  >> Đang lấy dữ liệu: VSE
[2026-02-18T15:59:32.819+0000] {logging_mixin.py:188} INFO - 
⚠️ 
============================================================
⚠️  GIỚI HẠN API ĐÃ ĐẠT TỐI ĐA (Rate Limit Exceeded)
============================================================

📌 Bạn đã đạt giới hạn tối đa số lượt yêu cầu API trong 1 phút (minute).
   (You have reached the maximum API request limit for this period)

📊 Chi tiết (Details):
   • Gói hiện tại: Khách (Guest)
   • Giới hạn: 20 requests/phút
   • Đã sử dụng: 20/20
   • Chờ 27 giây để tiếp tục (Wait to retry)

💡 Giải pháp (Solutions):
   1️⃣ Chờ 27 giây rồi thử lại
      (Wait and retry)
   2️⃣ Tham gia gói thành viên tài trợ để sử dụng không bị gián đoạn
      (Join sponsor membership for uninterrupted access)

🚀 Nâng cấp (Upgrade):
   • Phiên bản cộng đồng (60 request/phút - Community):
     Đăng ký API key miễn phí: https://vnstocks.com/login
   • Gói thành viên tài trợ (180-600 request/phút - Sponsor):
     Tham gia: https://vnstocks.com/insiders-program

============================================================
[2026-02-18T15:59:32.823+0000] {taskinstance.py:441} INFO - ::group::Post task execution logs
[2026-02-18T15:59:32.825+0000] {taskinstance.py:2907} ERROR - Task failed due to SystemExit(Rate limit exceeded. 
============================================================
⚠️  GIỚI HẠN API ĐÃ ĐẠT TỐI ĐA (Rate Limit Exceeded)
============================================================

📌 Bạn đã đạt giới hạn tối đa số lượt yêu cầu API trong 1 phút (minute).
   (You have reached the maximum API request limit for this period)

📊 Chi tiết (Details):
   • Gói hiện tại: Khách (Guest)
   • Giới hạn: 20 requests/phút
   • Đã sử dụng: 20/20
   • Chờ 27 giây để tiếp tục (Wait to retry)

💡 Giải pháp (Solutions):
   1️⃣ Chờ 27 giây rồi thử lại
      (Wait and retry)
   2️⃣ Tham gia gói thành viên tài trợ để sử dụng không bị gián đoạn
      (Join sponsor membership for uninterrupted access)

🚀 Nâng cấp (Upgrade):
   • Phiên bản cộng đồng (60 request/phút - Community):
     Đăng ký API key miễn phí: https://vnstocks.com/login
   • Gói thành viên tài trợ (180-600 request/phút - Sponsor):
     Tham gia: https://vnstocks.com/insiders-program

============================================================
 Process terminated.)
[2026-02-18T15:59:34.628+0000] {taskinstance.py:1206} INFO - Marking task as FAILED. dag_id=bctc_minio, task_id=ingest_bctc, run_id=scheduled__2026-02-08T00:00:00+00:00, map_index=66, execution_date=20260208T000000, start_date=20260218T155859, end_date=20260218T155934
[2026-02-18T15:59:34.670+0000] {standard_task_runner.py:110} ERROR - Failed to execute job 22285 for task ingest_bctc (Task failed due to SystemExit(Rate limit exceeded. 
============================================================
⚠️  GIỚI HẠN API ĐÃ ĐẠT TỐI ĐA (Rate Limit Exceeded)
============================================================

📌 Bạn đã đạt giới hạn tối đa số lượt yêu cầu API trong 1 phút (minute).
   (You have reached the maximum API request limit for this period)

📊 Chi tiết (Details):
   • Gói hiện tại: Khách (Guest)
   • Giới hạn: 20 requests/phút
   • Đã sử dụng: 20/20
   • Chờ 27 giây để tiếp tục (Wait to retry)

💡 Giải pháp (Solutions):
   1️⃣ Chờ 27 giây rồi thử lại
      (Wait and retry)
   2️⃣ Tham gia gói thành viên tài trợ để sử dụng không bị gián đoạn
      (Join sponsor membership for uninterrupted access)

🚀 Nâng cấp (Upgrade):
   • Phiên bản cộng đồng (60 request/phút - Community):
     Đăng ký API key miễn phí: https://vnstocks.com/login
   • Gói thành viên tài trợ (180-600 request/phút - Sponsor):
     Tham gia: https://vnstocks.com/insiders-program

============================================================
 Process terminated.); 5337)
[2026-02-18T15:59:34.715+0000] {local_task_job_runner.py:243} INFO - Task exited with return code 1
[2026-02-18T15:59:34.809+0000] {taskinstance.py:3503} INFO - 0 downstream tasks scheduled from follow-on schedule check
[2026-02-18T15:59:34.815+0000] {local_task_job_runner.py:222} INFO - ::endgroup::
