[2026-02-28T07:51:34.544+0000] {local_task_job_runner.py:120} INFO - ::group::Pre task execution logs
[2026-02-28T07:51:34.572+0000] {taskinstance.py:2076} INFO - Dependencies all met for dep_context=non-requeueable deps ti=<TaskInstance: company_hr.people_minio manual__2026-02-28T07:39:26.732399+00:00 map_index=77 [queued]>
[2026-02-28T07:51:34.588+0000] {taskinstance.py:2076} INFO - Dependencies all met for dep_context=requeueable deps ti=<TaskInstance: company_hr.people_minio manual__2026-02-28T07:39:26.732399+00:00 map_index=77 [queued]>
[2026-02-28T07:51:34.589+0000] {taskinstance.py:2306} INFO - Starting attempt 1 of 2
[2026-02-28T07:51:34.611+0000] {taskinstance.py:2330} INFO - Executing <Mapped(DfToCsvOperator): people_minio> on 2026-02-28 07:39:26.732399+00:00
[2026-02-28T07:51:34.637+0000] {warnings.py:112} WARNING - This process (pid=3573) is multi-threaded, use of fork() may lead to deadlocks in the child.

[2026-02-28T07:51:34.639+0000] {standard_task_runner.py:64} INFO - Started process 3596 to run task
[2026-02-28T07:51:34.640+0000] {standard_task_runner.py:90} INFO - Running: ['***', 'tasks', 'run', 'company_hr', 'people_minio', 'manual__2026-02-28T07:39:26.732399+00:00', '--job-id', '28912', '--raw', '--subdir', 'DAGS_FOLDER/dl_people.py', '--cfg-path', '/tmp/tmptnmndfq5', '--map-index', '77']
[2026-02-28T07:51:34.648+0000] {standard_task_runner.py:91} INFO - Job 28912: Subtask people_minio
[2026-02-28T07:51:34.710+0000] {task_command.py:426} INFO - Running <TaskInstance: company_hr.people_minio manual__2026-02-28T07:39:26.732399+00:00 map_index=77 [running]> on host c3317bef54fc
[2026-02-28T07:51:34.827+0000] {taskinstance.py:2648} INFO - Exporting env vars: AIRFLOW_CTX_DAG_OWNER='***' AIRFLOW_CTX_DAG_ID='company_hr' AIRFLOW_CTX_TASK_ID='people_minio' AIRFLOW_CTX_EXECUTION_DATE='2026-02-28T07:39:26.732399+00:00' AIRFLOW_CTX_TRY_NUMBER='1' AIRFLOW_CTX_DAG_RUN_ID='manual__2026-02-28T07:39:26.732399+00:00'
[2026-02-28T07:51:34.829+0000] {taskinstance.py:430} INFO - ::endgroup::
[2026-02-28T07:51:34.829+0000] {datalake_df2csv.py:40} INFO - ================================================================================
[2026-02-28T07:51:34.830+0000] {datalake_df2csv.py:41} INFO - 🚀 BẮT ĐẦU TASK: people_minio
[2026-02-28T07:51:34.831+0000] {datalake_df2csv.py:42} INFO - ================================================================================
[2026-02-28T07:51:34.831+0000] {datalake_df2csv.py:43} INFO - 📋 Thông tin cấu hình:
[2026-02-28T07:51:34.831+0000] {datalake_df2csv.py:44} INFO -   - Logic file: thongtincongty
[2026-02-28T07:51:34.832+0000] {datalake_df2csv.py:45} INFO -   - DataFrame name: get_people_batch
[2026-02-28T07:51:34.832+0000] {datalake_df2csv.py:46} INFO -   - Bucket: thongtin-congty-va-bctc
[2026-02-28T07:51:34.832+0000] {datalake_df2csv.py:47} INFO -   - Object path: people/2026-02-28/batch_77.csv
[2026-02-28T07:51:34.833+0000] {datalake_df2csv.py:48} INFO -   - Connection ID: minio_finance
[2026-02-28T07:51:34.833+0000] {datalake_df2csv.py:49} INFO -   - Tham số truyền vào: {'symbols': ['L43', 'TLD', 'NTC', 'SSH', 'TPP', 'ABT', 'DHG', 'PEG', 'POB', 'DCH']}
[2026-02-28T07:51:34.833+0000] {datalake_df2csv.py:50} INFO - --------------------------------------------------------------------------------
[2026-02-28T07:51:34.834+0000] {datalake_df2csv.py:54} INFO - 📥 Bước 1: Đang load dữ liệu từ logic file...
[2026-02-28T07:51:34.837+0000] {datalake_df2csv.py:148} INFO -   - Logic directory: /opt/airflow/plugins/logic
[2026-02-28T07:51:34.838+0000] {datalake_df2csv.py:149} INFO -   - Module path: /opt/airflow/plugins/logic/thongtincongty.py
[2026-02-28T07:51:34.839+0000] {datalake_df2csv.py:153} INFO -   - Đã thêm logic directory vào sys.path
[2026-02-28T07:51:34.840+0000] {datalake_df2csv.py:159} INFO -   - Đang load module 'thongtincongty'...
[2026-02-28T07:51:34.845+0000] {datalake_df2csv.py:163} INFO -   - ✅ Module loaded thành công
[2026-02-28T07:51:34.845+0000] {datalake_df2csv.py:165} INFO -   - Đang tìm DataFrame/function: 'get_people_batch'...
[2026-02-28T07:51:34.846+0000] {datalake_df2csv.py:170} INFO -   - ✅ Tìm thấy object: function
[2026-02-28T07:51:34.847+0000] {datalake_df2csv.py:173} INFO -   - Đang gọi function với tham số: {'symbols': ['L43', 'TLD', 'NTC', 'SSH', 'TPP', 'ABT', 'DHG', 'PEG', 'POB', 'DCH']}
[2026-02-28T07:51:48.699+0000] {datalake_df2csv.py:68} INFO - ✅ Load dữ liệu thành công!
[2026-02-28T07:51:48.700+0000] {datalake_df2csv.py:69} INFO - 📊 Thông tin DataFrame:
[2026-02-28T07:51:48.700+0000] {datalake_df2csv.py:70} INFO -   - Số dòng: 301
[2026-02-28T07:51:48.701+0000] {datalake_df2csv.py:71} INFO -   - Số cột: 5
[2026-02-28T07:51:48.701+0000] {datalake_df2csv.py:72} INFO -   - Tên các cột: ['symbol', 'name', 'position', 'percent', 'type']
[2026-02-28T07:51:48.702+0000] {datalake_df2csv.py:73} INFO -   - Kiểu dữ liệu: {'symbol': 'object', 'name': 'object', 'position': 'object', 'percent': 'float64', 'type': 'object'}
[2026-02-28T07:51:48.704+0000] {datalake_df2csv.py:74} INFO -   - Bộ nhớ sử dụng: 0.09 MB
[2026-02-28T07:51:48.707+0000] {datalake_df2csv.py:83} INFO -   - Không có giá trị NULL
[2026-02-28T07:51:48.707+0000] {datalake_df2csv.py:86} INFO -   - Mẫu dữ liệu (5 dòng đầu):
[2026-02-28T07:51:48.708+0000] {datalake_df2csv.py:88} INFO -     Row 0: {'symbol': 'L43', 'name': 'Tổng Công ty lắp máy Việt Nam - Công ty Cổ phần', 'position': 'Cổ đông', 'percent': 0.408286, 'type': 'shareholder'}
[2026-02-28T07:51:48.709+0000] {datalake_df2csv.py:88} INFO -     Row 1: {'symbol': 'L43', 'name': 'Trần Nguyễn Sông Hàn', 'position': 'Cổ đông', 'percent': 0.1859, 'type': 'shareholder'}
[2026-02-28T07:51:48.709+0000] {datalake_df2csv.py:88} INFO -     Row 2: {'symbol': 'L43', 'name': 'Công ty Cổ phần Phát triển Hạ tầng Vĩnh Phúc', 'position': 'Cổ đông', 'percent': 0.099, 'type': 'shareholder'}
[2026-02-28T07:51:48.710+0000] {datalake_df2csv.py:88} INFO -     Row 3: {'symbol': 'L43', 'name': 'Nguyễn Hữu Thành', 'position': 'Cổ đông', 'percent': 0.0277142857, 'type': 'shareholder'}
[2026-02-28T07:51:48.710+0000] {datalake_df2csv.py:88} INFO -     Row 4: {'symbol': 'L43', 'name': 'Hoàng Việt', 'position': 'Cổ đông', 'percent': 0.0157143, 'type': 'shareholder'}
[2026-02-28T07:51:48.711+0000] {datalake_df2csv.py:90} INFO - --------------------------------------------------------------------------------
[2026-02-28T07:51:48.711+0000] {datalake_df2csv.py:93} INFO - 📝 Bước 2: Đang chuyển đổi DataFrame sang CSV...
[2026-02-28T07:51:48.720+0000] {datalake_df2csv.py:97} INFO - ✅ Chuyển đổi CSV thành công!
[2026-02-28T07:51:48.721+0000] {datalake_df2csv.py:98} INFO -   - Kích thước file: 0.02 MB
[2026-02-28T07:51:48.721+0000] {datalake_df2csv.py:99} INFO -   - Thời gian chuyển đổi: 0.01 giây
[2026-02-28T07:51:48.722+0000] {datalake_df2csv.py:100} INFO - --------------------------------------------------------------------------------
[2026-02-28T07:51:48.722+0000] {datalake_df2csv.py:103} INFO - ☁️  Bước 3: Đang upload lên MinIO/S3...
[2026-02-28T07:51:48.732+0000] {base.py:84} INFO - Using connection ID 'minio_finance' for task execution.
[2026-02-28T07:51:48.732+0000] {connection_wrapper.py:384} INFO - AWS Connection (conn_id='minio_finance', conn_type='aws') credentials retrieved from login and password.
[2026-02-28T07:51:49.703+0000] {datalake_df2csv.py:112} INFO -   - Bucket 'thongtin-congty-va-bctc' đã tồn tại
[2026-02-28T07:51:49.741+0000] {datalake_df2csv.py:117} INFO - ✅ Upload thành công!
[2026-02-28T07:51:49.741+0000] {datalake_df2csv.py:118} INFO -   - Đường dẫn: s3://thongtin-congty-va-bctc/people/2026-02-28/batch_77.csv
[2026-02-28T07:51:49.742+0000] {datalake_df2csv.py:119} INFO -   - Số dòng: 301
[2026-02-28T07:51:49.742+0000] {datalake_df2csv.py:120} INFO -   - Thời gian upload: 1.02 giây
[2026-02-28T07:51:49.743+0000] {datalake_df2csv.py:121} INFO - --------------------------------------------------------------------------------
[2026-02-28T07:51:49.743+0000] {datalake_df2csv.py:125} INFO - 📈 TỔNG KẾT:
[2026-02-28T07:51:49.743+0000] {datalake_df2csv.py:126} INFO -   - Tổng thời gian thực thi: 14.91 giây
[2026-02-28T07:51:49.744+0000] {datalake_df2csv.py:127} INFO -   - Tốc độ xử lý: 20 dòng/giây
[2026-02-28T07:51:49.744+0000] {datalake_df2csv.py:128} INFO - ================================================================================
[2026-02-28T07:51:49.744+0000] {datalake_df2csv.py:129} INFO - ✅ HOÀN THÀNH TASK: people_minio
[2026-02-28T07:51:49.745+0000] {datalake_df2csv.py:130} INFO - ================================================================================
[2026-02-28T07:51:49.746+0000] {taskinstance.py:441} INFO - ::group::Post task execution logs
[2026-02-28T07:51:49.754+0000] {taskinstance.py:1206} INFO - Marking task as SUCCESS. dag_id=company_hr, task_id=people_minio, run_id=manual__2026-02-28T07:39:26.732399+00:00, map_index=77, execution_date=20260228T073926, start_date=20260228T075134, end_date=20260228T075149
[2026-02-28T07:51:49.805+0000] {local_task_job_runner.py:243} INFO - Task exited with return code 0
[2026-02-28T07:51:49.865+0000] {taskinstance.py:3503} INFO - 0 downstream tasks scheduled from follow-on schedule check
[2026-02-28T07:51:49.868+0000] {local_task_job_runner.py:222} INFO - ::endgroup::
