[2026-04-23T13:50:46.745+0000] {local_task_job_runner.py:120} INFO - ::group::Pre task execution logs
[2026-04-23T13:50:46.779+0000] {taskinstance.py:2076} INFO - Dependencies all met for dep_context=non-requeueable deps ti=<TaskInstance: daily_price.ingest_daily_price scheduled__2026-04-21T16:00:00+00:00 map_index=55 [queued]>
[2026-04-23T13:50:46.797+0000] {taskinstance.py:2076} INFO - Dependencies all met for dep_context=requeueable deps ti=<TaskInstance: daily_price.ingest_daily_price scheduled__2026-04-21T16:00:00+00:00 map_index=55 [queued]>
[2026-04-23T13:50:46.798+0000] {taskinstance.py:2306} INFO - Starting attempt 1 of 2
[2026-04-23T13:50:46.823+0000] {taskinstance.py:2330} INFO - Executing <Mapped(DfToCsvOperator): ingest_daily_price> on 2026-04-21 16:00:00+00:00
[2026-04-23T13:50:46.835+0000] {warnings.py:112} WARNING - This process (pid=939) is multi-threaded, use of fork() may lead to deadlocks in the child.

[2026-04-23T13:50:46.837+0000] {standard_task_runner.py:64} INFO - Started process 976 to run task
[2026-04-23T13:50:46.840+0000] {standard_task_runner.py:90} INFO - Running: ['***', 'tasks', 'run', 'daily_price', 'ingest_daily_price', 'scheduled__2026-04-21T16:00:00+00:00', '--job-id', '44374', '--raw', '--subdir', 'DAGS_FOLDER/dl_dailly_price.py', '--cfg-path', '/tmp/tmpvc1wvcyn', '--map-index', '55']
[2026-04-23T13:50:46.844+0000] {standard_task_runner.py:91} INFO - Job 44374: Subtask ingest_daily_price
[2026-04-23T13:50:46.907+0000] {task_command.py:426} INFO - Running <TaskInstance: daily_price.ingest_daily_price scheduled__2026-04-21T16:00:00+00:00 map_index=55 [running]> on host df0317362dff
[2026-04-23T13:50:47.067+0000] {taskinstance.py:2648} INFO - Exporting env vars: AIRFLOW_CTX_DAG_OWNER='***' AIRFLOW_CTX_DAG_ID='daily_price' AIRFLOW_CTX_TASK_ID='ingest_daily_price' AIRFLOW_CTX_EXECUTION_DATE='2026-04-21T16:00:00+00:00' AIRFLOW_CTX_TRY_NUMBER='1' AIRFLOW_CTX_DAG_RUN_ID='scheduled__2026-04-21T16:00:00+00:00'
[2026-04-23T13:50:47.069+0000] {taskinstance.py:430} INFO - ::endgroup::
[2026-04-23T13:50:47.069+0000] {datalake_df2csv.py:40} INFO - ================================================================================
[2026-04-23T13:50:47.070+0000] {datalake_df2csv.py:41} INFO - 🚀 BẮT ĐẦU TASK: ingest_daily_price
[2026-04-23T13:50:47.070+0000] {datalake_df2csv.py:42} INFO - ================================================================================
[2026-04-23T13:50:47.071+0000] {datalake_df2csv.py:43} INFO - 📋 Thông tin cấu hình:
[2026-04-23T13:50:47.071+0000] {datalake_df2csv.py:44} INFO -   - Logic file: history_price
[2026-04-23T13:50:47.072+0000] {datalake_df2csv.py:45} INFO -   - DataFrame name: get_history_price_batch
[2026-04-23T13:50:47.072+0000] {datalake_df2csv.py:46} INFO -   - Bucket: thongtin-congty-va-bctc
[2026-04-23T13:50:47.072+0000] {datalake_df2csv.py:47} INFO -   - Object path: daily_price/2026-04-21/batch_55.csv
[2026-04-23T13:50:47.073+0000] {datalake_df2csv.py:48} INFO -   - Connection ID: minio_finance
[2026-04-23T13:50:47.073+0000] {datalake_df2csv.py:49} INFO -   - Tham số truyền vào: {'symbols': ['BMD', 'PAT', 'FCN', 'DDM', 'HES'], 'start_date': '2026-04-21', 'end_date': '2026-04-22'}
[2026-04-23T13:50:47.074+0000] {datalake_df2csv.py:50} INFO - --------------------------------------------------------------------------------
[2026-04-23T13:50:47.074+0000] {datalake_df2csv.py:54} INFO - 📥 Bước 1: Đang load dữ liệu từ logic file...
[2026-04-23T13:50:47.078+0000] {datalake_df2csv.py:148} INFO -   - Logic directory: /opt/airflow/plugins/logic
[2026-04-23T13:50:47.079+0000] {datalake_df2csv.py:149} INFO -   - Module path: /opt/airflow/plugins/logic/history_price.py
[2026-04-23T13:50:47.079+0000] {datalake_df2csv.py:153} INFO -   - Đã thêm logic directory vào sys.path
[2026-04-23T13:50:47.081+0000] {datalake_df2csv.py:159} INFO -   - Đang load module 'history_price'...
[2026-04-23T13:50:47.086+0000] {datalake_df2csv.py:163} INFO -   - ✅ Module loaded thành công
[2026-04-23T13:50:47.087+0000] {datalake_df2csv.py:165} INFO -   - Đang tìm DataFrame/function: 'get_history_price_batch'...
[2026-04-23T13:50:47.088+0000] {datalake_df2csv.py:170} INFO -   - ✅ Tìm thấy object: function
[2026-04-23T13:50:47.088+0000] {datalake_df2csv.py:173} INFO -   - Đang gọi function với tham số: {'symbols': ['BMD', 'PAT', 'FCN', 'DDM', 'HES'], 'start_date': '2026-04-21', 'end_date': '2026-04-22'}
[2026-04-23T13:50:57.178+0000] {datalake_df2csv.py:68} INFO - ✅ Load dữ liệu thành công!
[2026-04-23T13:50:57.179+0000] {datalake_df2csv.py:69} INFO - 📊 Thông tin DataFrame:
[2026-04-23T13:50:57.179+0000] {datalake_df2csv.py:70} INFO -   - Số dòng: 20
[2026-04-23T13:50:57.180+0000] {datalake_df2csv.py:71} INFO -   - Số cột: 7
[2026-04-23T13:50:57.180+0000] {datalake_df2csv.py:72} INFO -   - Tên các cột: ['ticker', 'trading_date', 'open', 'high', 'low', 'close', 'volume']
[2026-04-23T13:50:57.181+0000] {datalake_df2csv.py:73} INFO -   - Kiểu dữ liệu: {'ticker': 'object', 'trading_date': 'object', 'open': 'float64', 'high': 'float64', 'low': 'float64', 'close': 'float64', 'volume': 'int64'}
[2026-04-23T13:50:57.183+0000] {datalake_df2csv.py:74} INFO -   - Bộ nhớ sử dụng: 0.00 MB
[2026-04-23T13:50:57.185+0000] {datalake_df2csv.py:83} INFO -   - Không có giá trị NULL
[2026-04-23T13:50:57.185+0000] {datalake_df2csv.py:86} INFO -   - Mẫu dữ liệu (5 dòng đầu):
[2026-04-23T13:50:57.186+0000] {datalake_df2csv.py:88} INFO -     Row 0: {'ticker': 'BMD', 'trading_date': '2025-08-08', 'open': 11.5, 'high': 11.5, 'low': 11.5, 'close': 11.5, 'volume': 0}
[2026-04-23T13:50:57.186+0000] {datalake_df2csv.py:88} INFO -     Row 1: {'ticker': 'BMD', 'trading_date': '2025-08-11', 'open': 11.5, 'high': 11.5, 'low': 11.5, 'close': 11.5, 'volume': 0}
[2026-04-23T13:50:57.187+0000] {datalake_df2csv.py:88} INFO -     Row 2: {'ticker': 'BMD', 'trading_date': '2025-09-09', 'open': 10.2, 'high': 10.2, 'low': 10.0, 'close': 10.0, 'volume': 4900}
[2026-04-23T13:50:57.187+0000] {datalake_df2csv.py:88} INFO -     Row 3: {'ticker': 'BMD', 'trading_date': '2025-09-18', 'open': 10.0, 'high': 10.0, 'low': 10.0, 'close': 10.0, 'volume': 4000}
[2026-04-23T13:50:57.188+0000] {datalake_df2csv.py:88} INFO -     Row 4: {'ticker': 'PAT', 'trading_date': '2026-04-20', 'open': 72.8, 'high': 72.8, 'low': 72.0, 'close': 72.0, 'volume': 31800}
[2026-04-23T13:50:57.188+0000] {datalake_df2csv.py:90} INFO - --------------------------------------------------------------------------------
[2026-04-23T13:50:57.188+0000] {datalake_df2csv.py:93} INFO - 📝 Bước 2: Đang chuyển đổi DataFrame sang CSV...
[2026-04-23T13:50:57.192+0000] {datalake_df2csv.py:97} INFO - ✅ Chuyển đổi CSV thành công!
[2026-04-23T13:50:57.192+0000] {datalake_df2csv.py:98} INFO -   - Kích thước file: 0.00 MB
[2026-04-23T13:50:57.193+0000] {datalake_df2csv.py:99} INFO -   - Thời gian chuyển đổi: 0.00 giây
[2026-04-23T13:50:57.193+0000] {datalake_df2csv.py:100} INFO - --------------------------------------------------------------------------------
[2026-04-23T13:50:57.193+0000] {datalake_df2csv.py:103} INFO - ☁️  Bước 3: Đang upload lên MinIO/S3...
[2026-04-23T13:50:57.203+0000] {base.py:84} INFO - Using connection ID 'minio_finance' for task execution.
[2026-04-23T13:50:57.204+0000] {connection_wrapper.py:384} INFO - AWS Connection (conn_id='minio_finance', conn_type='aws') credentials retrieved from login and password.
[2026-04-23T13:50:57.638+0000] {datalake_df2csv.py:112} INFO -   - Bucket 'thongtin-congty-va-bctc' đã tồn tại
[2026-04-23T13:50:57.666+0000] {datalake_df2csv.py:117} INFO - ✅ Upload thành công!
[2026-04-23T13:50:57.667+0000] {datalake_df2csv.py:118} INFO -   - Đường dẫn: s3://thongtin-congty-va-bctc/daily_price/2026-04-21/batch_55.csv
[2026-04-23T13:50:57.668+0000] {datalake_df2csv.py:119} INFO -   - Số dòng: 20
[2026-04-23T13:50:57.668+0000] {datalake_df2csv.py:120} INFO -   - Thời gian upload: 0.47 giây
[2026-04-23T13:50:57.669+0000] {datalake_df2csv.py:121} INFO - --------------------------------------------------------------------------------
[2026-04-23T13:50:57.669+0000] {datalake_df2csv.py:125} INFO - 📈 TỔNG KẾT:
[2026-04-23T13:50:57.669+0000] {datalake_df2csv.py:126} INFO -   - Tổng thời gian thực thi: 10.60 giây
[2026-04-23T13:50:57.670+0000] {datalake_df2csv.py:127} INFO -   - Tốc độ xử lý: 2 dòng/giây
[2026-04-23T13:50:57.670+0000] {datalake_df2csv.py:128} INFO - ================================================================================
[2026-04-23T13:50:57.670+0000] {datalake_df2csv.py:129} INFO - ✅ HOÀN THÀNH TASK: ingest_daily_price
[2026-04-23T13:50:57.671+0000] {datalake_df2csv.py:130} INFO - ================================================================================
[2026-04-23T13:50:57.672+0000] {taskinstance.py:441} INFO - ::group::Post task execution logs
[2026-04-23T13:50:57.683+0000] {taskinstance.py:1206} INFO - Marking task as SUCCESS. dag_id=daily_price, task_id=ingest_daily_price, run_id=scheduled__2026-04-21T16:00:00+00:00, map_index=55, execution_date=20260421T160000, start_date=20260423T135046, end_date=20260423T135057
[2026-04-23T13:50:57.744+0000] {local_task_job_runner.py:243} INFO - Task exited with return code 0
[2026-04-23T13:50:57.762+0000] {taskinstance.py:3503} INFO - 0 downstream tasks scheduled from follow-on schedule check
[2026-04-23T13:50:57.766+0000] {local_task_job_runner.py:222} INFO - ::endgroup::
