[2026-02-04T15:28:34.659+0000] {local_task_job_runner.py:120} INFO - ::group::Pre task execution logs
[2026-02-04T15:28:34.714+0000] {taskinstance.py:2076} INFO - Dependencies all met for dep_context=non-requeueable deps ti=<TaskInstance: financial_ratios_minio.ingest_financial_ratios manual__2026-02-04T14:54:19+00:00 map_index=375 [queued]>
[2026-02-04T15:28:34.765+0000] {taskinstance.py:2076} INFO - Dependencies all met for dep_context=requeueable deps ti=<TaskInstance: financial_ratios_minio.ingest_financial_ratios manual__2026-02-04T14:54:19+00:00 map_index=375 [queued]>
[2026-02-04T15:28:34.766+0000] {taskinstance.py:2306} INFO - Starting attempt 1 of 2
[2026-02-04T15:28:34.796+0000] {taskinstance.py:2330} INFO - Executing <Mapped(DfToCsvOperator): ingest_financial_ratios> on 2026-02-04 14:54:19+00:00
[2026-02-04T15:28:34.817+0000] {warnings.py:112} WARNING - This process (pid=6384) is multi-threaded, use of fork() may lead to deadlocks in the child.

[2026-02-04T15:28:34.819+0000] {standard_task_runner.py:64} INFO - Started process 6445 to run task
[2026-02-04T15:28:34.827+0000] {standard_task_runner.py:90} INFO - Running: ['***', 'tasks', 'run', 'financial_ratios_minio', 'ingest_financial_ratios', 'manual__2026-02-04T14:54:19+00:00', '--job-id', '17537', '--raw', '--subdir', 'DAGS_FOLDER/dl_financial_ratios.py', '--cfg-path', '/tmp/tmpb2wjpf5j', '--map-index', '375']
[2026-02-04T15:28:34.832+0000] {standard_task_runner.py:91} INFO - Job 17537: Subtask ingest_financial_ratios
[2026-02-04T15:28:34.977+0000] {task_command.py:426} INFO - Running <TaskInstance: financial_ratios_minio.ingest_financial_ratios manual__2026-02-04T14:54:19+00:00 map_index=375 [running]> on host 918dbd497d34
[2026-02-04T15:28:35.326+0000] {taskinstance.py:2648} INFO - Exporting env vars: AIRFLOW_CTX_DAG_OWNER='***' AIRFLOW_CTX_DAG_ID='financial_ratios_minio' AIRFLOW_CTX_TASK_ID='ingest_financial_ratios' AIRFLOW_CTX_EXECUTION_DATE='2026-02-04T14:54:19+00:00' AIRFLOW_CTX_TRY_NUMBER='1' AIRFLOW_CTX_DAG_RUN_ID='manual__2026-02-04T14:54:19+00:00'
[2026-02-04T15:28:35.328+0000] {taskinstance.py:430} INFO - ::endgroup::
[2026-02-04T15:28:35.346+0000] {logging_mixin.py:188} INFO - [RATIO] Bắt đầu xử lý batch 2 mã: ['OCB', 'NXT']
[2026-02-04T15:28:35.346+0000] {logging_mixin.py:188} INFO - [RATIO] Kỳ dữ liệu: quarter
[2026-02-04T15:28:35.347+0000] {logging_mixin.py:188} INFO -  >> [RATIO] Đang lấy dữ liệu: OCB
[2026-02-04T15:28:36.031+0000] {logging_mixin.py:188} INFO -  ✓ [RATIO] OCB: 48 rows
[2026-02-04T15:28:38.032+0000] {logging_mixin.py:188} INFO -  >> [RATIO] Đang lấy dữ liệu: NXT
[2026-02-04T15:28:42.845+0000] {logging_mixin.py:188} INFO - ❌ Lỗi NXT: RetryError[<Future at 0x7f63a8c11ca0 state=finished raised KeyError>]
[2026-02-04T15:28:42.847+0000] {logging_mixin.py:188} INFO -  ⚠️ [RATIO] NXT: No data from API
[2026-02-04T15:28:44.846+0000] {logging_mixin.py:188} INFO -  ✅ [RATIO] Hoàn thành batch. Tổng số dòng: 48
[2026-02-04T15:28:44.867+0000] {base.py:84} INFO - Using connection ID 'minio_finance' for task execution.
[2026-02-04T15:28:44.868+0000] {connection_wrapper.py:384} INFO - AWS Connection (conn_id='minio_finance', conn_type='aws') credentials retrieved from login and password.
[2026-02-04T15:28:45.494+0000] {datalake_df2csv.py:52} INFO - ✅ Đã upload 48 dòng -> s3://thongtin-congty-va-bctc/financial_ratios/2026-02-04/batch_375.csv
[2026-02-04T15:28:45.495+0000] {taskinstance.py:441} INFO - ::group::Post task execution logs
[2026-02-04T15:28:45.507+0000] {taskinstance.py:1206} INFO - Marking task as SUCCESS. dag_id=financial_ratios_minio, task_id=ingest_financial_ratios, run_id=manual__2026-02-04T14:54:19+00:00, map_index=375, execution_date=20260204T145419, start_date=20260204T152834, end_date=20260204T152845
[2026-02-04T15:28:45.579+0000] {local_task_job_runner.py:243} INFO - Task exited with return code 0
[2026-02-04T15:28:45.597+0000] {local_task_job_runner.py:222} INFO - ::endgroup::
