[2026-01-13T14:59:39.832+0000] {local_task_job_runner.py:120} INFO - ::group::Pre task execution logs
[2026-01-13T14:59:39.850+0000] {taskinstance.py:2076} INFO - Dependencies all met for dep_context=non-requeueable deps ti=<TaskInstance: global_index_etl.ingest_us_bond_10y manual__2026-01-13T14:59:35.371477+00:00 [queued]>
[2026-01-13T14:59:39.860+0000] {taskinstance.py:2076} INFO - Dependencies all met for dep_context=requeueable deps ti=<TaskInstance: global_index_etl.ingest_us_bond_10y manual__2026-01-13T14:59:35.371477+00:00 [queued]>
[2026-01-13T14:59:39.861+0000] {taskinstance.py:2306} INFO - Starting attempt 1 of 2
[2026-01-13T14:59:39.879+0000] {taskinstance.py:2330} INFO - Executing <Task(DfToCsvOperator): ingest_us_bond_10y> on 2026-01-13 14:59:35.371477+00:00
[2026-01-13T14:59:39.889+0000] {warnings.py:112} WARNING - This process (pid=6240) is multi-threaded, use of fork() may lead to deadlocks in the child.

[2026-01-13T14:59:39.891+0000] {standard_task_runner.py:64} INFO - Started process 6290 to run task
[2026-01-13T14:59:39.895+0000] {standard_task_runner.py:90} INFO - Running: ['***', 'tasks', 'run', 'global_index_etl', 'ingest_us_bond_10y', 'manual__2026-01-13T14:59:35.371477+00:00', '--job-id', '15137', '--raw', '--subdir', 'DAGS_FOLDER/global_index_etl.py', '--cfg-path', '/tmp/tmp2g2_3qeo']
[2026-01-13T14:59:39.901+0000] {standard_task_runner.py:91} INFO - Job 15137: Subtask ingest_us_bond_10y
[2026-01-13T14:59:39.964+0000] {task_command.py:426} INFO - Running <TaskInstance: global_index_etl.ingest_us_bond_10y manual__2026-01-13T14:59:35.371477+00:00 [running]> on host 03cf7cc79cc9
[2026-01-13T14:59:40.088+0000] {taskinstance.py:2648} INFO - Exporting env vars: AIRFLOW_CTX_DAG_OWNER='***' AIRFLOW_CTX_DAG_ID='global_index_etl' AIRFLOW_CTX_TASK_ID='ingest_us_bond_10y' AIRFLOW_CTX_EXECUTION_DATE='2026-01-13T14:59:35.371477+00:00' AIRFLOW_CTX_TRY_NUMBER='1' AIRFLOW_CTX_DAG_RUN_ID='manual__2026-01-13T14:59:35.371477+00:00'
[2026-01-13T14:59:40.089+0000] {taskinstance.py:430} INFO - ::endgroup::
[2026-01-13T14:59:40.591+0000] {logging_mixin.py:188} INFO - ✅ Fetched 1 rows of US 10Y Bond yield data from 2026-01-13 to 2026-01-14
[2026-01-13T14:59:40.607+0000] {base.py:84} INFO - Using connection ID 'minio_finance' for task execution.
[2026-01-13T14:59:40.608+0000] {connection_wrapper.py:384} INFO - AWS Connection (conn_id='minio_finance', conn_type='aws') credentials retrieved from login and password.
[2026-01-13T14:59:41.191+0000] {datalake_df2csv.py:52} INFO - ✅ Đã upload 1 dòng -> s3://thongtin-congty-va-bctc/global_index/us_bond_10y/2026-01-13/data.csv
[2026-01-13T14:59:41.192+0000] {taskinstance.py:441} INFO - ::group::Post task execution logs
[2026-01-13T14:59:41.212+0000] {taskinstance.py:1206} INFO - Marking task as SUCCESS. dag_id=global_index_etl, task_id=ingest_us_bond_10y, run_id=manual__2026-01-13T14:59:35.371477+00:00, execution_date=20260113T145935, start_date=20260113T145939, end_date=20260113T145941
[2026-01-13T14:59:41.271+0000] {local_task_job_runner.py:243} INFO - Task exited with return code 0
[2026-01-13T14:59:41.297+0000] {taskinstance.py:3503} INFO - 0 downstream tasks scheduled from follow-on schedule check
[2026-01-13T14:59:41.300+0000] {local_task_job_runner.py:222} INFO - ::endgroup::
