[2026-02-05T15:21:00.123+0000] {local_task_job_runner.py:120} INFO - ::group::Pre task execution logs
[2026-02-05T15:21:00.148+0000] {taskinstance.py:2076} INFO - Dependencies all met for dep_context=non-requeueable deps ti=<TaskInstance: bctc_minio.ingest_bctc manual__2026-02-05T15:12:07+00:00 map_index=50 [queued]>
[2026-02-05T15:21:00.164+0000] {taskinstance.py:2076} INFO - Dependencies all met for dep_context=requeueable deps ti=<TaskInstance: bctc_minio.ingest_bctc manual__2026-02-05T15:12:07+00:00 map_index=50 [queued]>
[2026-02-05T15:21:00.164+0000] {taskinstance.py:2306} INFO - Starting attempt 1 of 2
[2026-02-05T15:21:00.185+0000] {taskinstance.py:2330} INFO - Executing <Mapped(DfToCsvOperator): ingest_bctc> on 2026-02-05 15:12:07+00:00
[2026-02-05T15:21:00.197+0000] {warnings.py:112} WARNING - This process (pid=8340) is multi-threaded, use of fork() may lead to deadlocks in the child.

[2026-02-05T15:21:00.200+0000] {standard_task_runner.py:64} INFO - Started process 8396 to run task
[2026-02-05T15:21:00.203+0000] {standard_task_runner.py:90} INFO - Running: ['***', 'tasks', 'run', 'bctc_minio', 'ingest_bctc', 'manual__2026-02-05T15:12:07+00:00', '--job-id', '18591', '--raw', '--subdir', 'DAGS_FOLDER/dl_bctc.py', '--cfg-path', '/tmp/tmp027z2qbz', '--map-index', '50']
[2026-02-05T15:21:00.207+0000] {standard_task_runner.py:91} INFO - Job 18591: Subtask ingest_bctc
[2026-02-05T15:21:00.274+0000] {task_command.py:426} INFO - Running <TaskInstance: bctc_minio.ingest_bctc manual__2026-02-05T15:12:07+00:00 map_index=50 [running]> on host f1dca83810e1
[2026-02-05T15:21:00.466+0000] {taskinstance.py:2648} INFO - Exporting env vars: AIRFLOW_CTX_DAG_OWNER='***' AIRFLOW_CTX_DAG_ID='bctc_minio' AIRFLOW_CTX_TASK_ID='ingest_bctc' AIRFLOW_CTX_EXECUTION_DATE='2026-02-05T15:12:07+00:00' AIRFLOW_CTX_TRY_NUMBER='1' AIRFLOW_CTX_DAG_RUN_ID='manual__2026-02-05T15:12:07+00:00'
[2026-02-05T15:21:00.469+0000] {taskinstance.py:430} INFO - ::endgroup::
[2026-02-05T15:21:00.482+0000] {logging_mixin.py:188} INFO - Bắt đầu xử lý batch 20 mã: ['JOS', 'IVS', 'ITS', 'ITQ', 'ITD', 'ITC', 'ITA', 'IST', 'ISH', 'ISG', 'IRC', 'IPH', 'IPA', 'INN', 'ING', 'INC', 'IN4', 'IMP', 'IME', 'ILS']
[2026-02-05T15:21:00.483+0000] {logging_mixin.py:188} INFO -  >> Đang lấy dữ liệu: JOS
[2026-02-05T15:21:10.329+0000] {logging_mixin.py:188} INFO - ❌ Lỗi balance_sheet: RetryError[<Future at 0x7f54e4b999d0 state=finished raised ConnectionError>]
[2026-02-05T15:21:16.615+0000] {logging_mixin.py:188} INFO - ❌ Lỗi cash_flow: RetryError[<Future at 0x7f54e4cf8200 state=finished raised ConnectionError>]
[2026-02-05T15:21:20.119+0000] {logging_mixin.py:188} INFO -  >> Đang lấy dữ liệu: IVS
[2026-02-05T15:21:33.618+0000] {logging_mixin.py:188} INFO - ❌ Lỗi cash_flow: RetryError[<Future at 0x7f54e4aeae40 state=finished raised ConnectionError>]
[2026-02-05T15:21:37.120+0000] {logging_mixin.py:188} INFO -  >> Đang lấy dữ liệu: ITS
[2026-02-05T15:21:45.642+0000] {logging_mixin.py:188} INFO - ❌ Lỗi cash_flow: RetryError[<Future at 0x7f54e4b13560 state=finished raised ConnectionError>]
[2026-02-05T15:21:49.145+0000] {logging_mixin.py:188} INFO -  >> Đang lấy dữ liệu: ITQ
[2026-02-05T15:21:49.240+0000] {logging_mixin.py:188} INFO -  Lỗi xử lý mã ITQ: Failed to fetch data: 429 - Too Many Requests
[2026-02-05T15:21:49.241+0000] {logging_mixin.py:188} INFO -  >> Đang lấy dữ liệu: ITD
[2026-02-05T15:21:49.334+0000] {logging_mixin.py:188} INFO -  Lỗi xử lý mã ITD: Failed to fetch data: 429 - Too Many Requests
[2026-02-05T15:21:49.335+0000] {logging_mixin.py:188} INFO -  >> Đang lấy dữ liệu: ITC
[2026-02-05T15:22:00.693+0000] {logging_mixin.py:188} INFO - ❌ Lỗi cash_flow: RetryError[<Future at 0x7f54e4b99eb0 state=finished raised ConnectionError>]
[2026-02-05T15:22:04.196+0000] {logging_mixin.py:188} INFO -  >> Đang lấy dữ liệu: ITA
[2026-02-05T15:22:04.409+0000] {logging_mixin.py:188} INFO -  Lỗi xử lý mã ITA: Failed to fetch data: 429 - Too Many Requests
[2026-02-05T15:22:04.410+0000] {logging_mixin.py:188} INFO -  >> Đang lấy dữ liệu: IST
[2026-02-05T15:22:17.892+0000] {logging_mixin.py:188} INFO - ❌ Lỗi cash_flow: RetryError[<Future at 0x7f54e4aeac60 state=finished raised ConnectionError>]
[2026-02-05T15:22:21.396+0000] {logging_mixin.py:188} INFO -  >> Đang lấy dữ liệu: ISH
[2026-02-05T15:22:21.744+0000] {logging_mixin.py:188} INFO -  Lỗi xử lý mã ISH: Failed to fetch data: 429 - Too Many Requests
[2026-02-05T15:22:21.755+0000] {logging_mixin.py:188} INFO -  >> Đang lấy dữ liệu: ISG
[2026-02-05T15:22:22.089+0000] {logging_mixin.py:188} INFO -  Lỗi xử lý mã ISG: Failed to fetch data: 429 - Too Many Requests
[2026-02-05T15:22:22.091+0000] {logging_mixin.py:188} INFO -  >> Đang lấy dữ liệu: IRC
[2026-02-05T15:22:22.378+0000] {logging_mixin.py:188} INFO -  Lỗi xử lý mã IRC: Failed to fetch data: 429 - Too Many Requests
[2026-02-05T15:22:22.381+0000] {logging_mixin.py:188} INFO -  >> Đang lấy dữ liệu: IPH
[2026-02-05T15:22:24.387+0000] {logging_mixin.py:188} INFO -  Lỗi xử lý mã IPH: 'NoneType' object is not subscriptable
[2026-02-05T15:22:24.391+0000] {logging_mixin.py:188} INFO -  >> Đang lấy dữ liệu: IPA
[2026-02-05T15:22:25.257+0000] {logging_mixin.py:188} INFO -  Lỗi xử lý mã IPA: Failed to fetch data: 429 - Too Many Requests
[2026-02-05T15:22:25.260+0000] {logging_mixin.py:188} INFO -  >> Đang lấy dữ liệu: INN
[2026-02-05T15:22:30.485+0000] {logging_mixin.py:188} INFO - ❌ Lỗi income_statement: RetryError[<Future at 0x7f54e4aeeb40 state=finished raised ConnectionError>]
[2026-02-05T15:22:45.076+0000] {logging_mixin.py:188} INFO -  >> Đang lấy dữ liệu: ING
[2026-02-05T15:22:45.514+0000] {logging_mixin.py:188} INFO -  Lỗi xử lý mã ING: Failed to fetch data: 429 - Too Many Requests
[2026-02-05T15:22:45.516+0000] {logging_mixin.py:188} INFO -  >> Đang lấy dữ liệu: INC
[2026-02-05T15:22:45.689+0000] {logging_mixin.py:188} INFO -  Lỗi xử lý mã INC: Failed to fetch data: 429 - Too Many Requests
[2026-02-05T15:22:45.691+0000] {logging_mixin.py:188} INFO -  >> Đang lấy dữ liệu: IN4
[2026-02-05T15:22:45.785+0000] {logging_mixin.py:188} INFO -  Lỗi xử lý mã IN4: Failed to fetch data: 429 - Too Many Requests
[2026-02-05T15:22:45.787+0000] {logging_mixin.py:188} INFO -  >> Đang lấy dữ liệu: IMP
[2026-02-05T15:22:45.899+0000] {logging_mixin.py:188} INFO -  Lỗi xử lý mã IMP: Failed to fetch data: 429 - Too Many Requests
[2026-02-05T15:22:45.900+0000] {logging_mixin.py:188} INFO -  >> Đang lấy dữ liệu: IME
[2026-02-05T15:22:50.730+0000] {logging_mixin.py:188} INFO - ❌ Lỗi income_statement: RetryError[<Future at 0x7f54e4c82e10 state=finished raised KeyError>]
[2026-02-05T15:22:56.666+0000] {logging_mixin.py:188} INFO - ❌ Lỗi balance_sheet: RetryError[<Future at 0x7f54e4c821b0 state=finished raised ConnectionError>]
[2026-02-05T15:23:02.713+0000] {logging_mixin.py:188} INFO - ❌ Lỗi cash_flow: RetryError[<Future at 0x7f54e4c82c30 state=finished raised KeyError>]
[2026-02-05T15:23:06.215+0000] {logging_mixin.py:188} INFO -  >> Đang lấy dữ liệu: ILS
[2026-02-05T15:23:06.501+0000] {logging_mixin.py:188} INFO -  Lỗi xử lý mã ILS: Failed to fetch data: 429 - Too Many Requests
[2026-02-05T15:23:06.513+0000] {logging_mixin.py:188} INFO -  ✓ Hoàn thành batch. Tổng số dòng: 1220
[2026-02-05T15:23:06.593+0000] {base.py:84} INFO - Using connection ID 'minio_finance' for task execution.
[2026-02-05T15:23:06.595+0000] {connection_wrapper.py:384} INFO - AWS Connection (conn_id='minio_finance', conn_type='aws') credentials retrieved from login and password.
[2026-02-05T15:23:07.958+0000] {datalake_df2csv.py:52} INFO - ✅ Đã upload 1220 dòng -> s3://thongtin-congty-va-bctc/bctc/2026-02-05/batch_50.csv
[2026-02-05T15:23:07.960+0000] {taskinstance.py:441} INFO - ::group::Post task execution logs
[2026-02-05T15:23:07.997+0000] {taskinstance.py:1206} INFO - Marking task as SUCCESS. dag_id=bctc_minio, task_id=ingest_bctc, run_id=manual__2026-02-05T15:12:07+00:00, map_index=50, execution_date=20260205T151207, start_date=20260205T152100, end_date=20260205T152307
[2026-02-05T15:23:08.085+0000] {local_task_job_runner.py:243} INFO - Task exited with return code 0
[2026-02-05T15:23:08.207+0000] {taskinstance.py:3503} INFO - 0 downstream tasks scheduled from follow-on schedule check
[2026-02-05T15:23:08.228+0000] {local_task_job_runner.py:222} INFO - ::endgroup::
