[2026-02-01T15:28:40.352+0000] {local_task_job_runner.py:120} INFO - ::group::Pre task execution logs
[2026-02-01T15:28:40.467+0000] {taskinstance.py:2076} INFO - Dependencies all met for dep_context=non-requeueable deps ti=<TaskInstance: daily_price_minio.ingest_daily_price manual__2026-02-01T15:15:31+00:00 map_index=30 [queued]>
[2026-02-01T15:28:40.589+0000] {taskinstance.py:2076} INFO - Dependencies all met for dep_context=requeueable deps ti=<TaskInstance: daily_price_minio.ingest_daily_price manual__2026-02-01T15:15:31+00:00 map_index=30 [queued]>
[2026-02-01T15:28:40.640+0000] {taskinstance.py:2306} INFO - Starting attempt 1 of 2
[2026-02-01T15:28:41.188+0000] {taskinstance.py:2330} INFO - Executing <Mapped(DfToCsvOperator): ingest_daily_price> on 2026-02-01 15:15:31+00:00
[2026-02-01T15:28:41.217+0000] {warnings.py:112} WARNING - This process (pid=820) is multi-threaded, use of fork() may lead to deadlocks in the child.

[2026-02-01T15:28:41.220+0000] {standard_task_runner.py:64} INFO - Started process 962 to run task
[2026-02-01T15:28:41.223+0000] {standard_task_runner.py:90} INFO - Running: ['***', 'tasks', 'run', 'daily_price_minio', 'ingest_daily_price', 'manual__2026-02-01T15:15:31+00:00', '--job-id', '15023', '--raw', '--subdir', 'DAGS_FOLDER/dl_dailly_price.py', '--cfg-path', '/tmp/tmp_2sf9t1k', '--map-index', '30']
[2026-02-01T15:28:41.229+0000] {standard_task_runner.py:91} INFO - Job 15023: Subtask ingest_daily_price
[2026-02-01T15:28:41.368+0000] {task_command.py:426} INFO - Running <TaskInstance: daily_price_minio.ingest_daily_price manual__2026-02-01T15:15:31+00:00 map_index=30 [running]> on host 6bc5491d6654
[2026-02-01T15:28:41.644+0000] {taskinstance.py:2648} INFO - Exporting env vars: AIRFLOW_CTX_DAG_OWNER='***' AIRFLOW_CTX_DAG_ID='daily_price_minio' AIRFLOW_CTX_TASK_ID='ingest_daily_price' AIRFLOW_CTX_EXECUTION_DATE='2026-02-01T15:15:31+00:00' AIRFLOW_CTX_TRY_NUMBER='1' AIRFLOW_CTX_DAG_RUN_ID='manual__2026-02-01T15:15:31+00:00'
[2026-02-01T15:28:41.647+0000] {taskinstance.py:430} INFO - ::endgroup::
[2026-02-01T15:28:45.356+0000] {base.py:84} INFO - Using connection ID 'minio_finance' for task execution.
[2026-02-01T15:28:45.358+0000] {connection_wrapper.py:384} INFO - AWS Connection (conn_id='minio_finance', conn_type='aws') credentials retrieved from login and password.
[2026-02-01T15:28:46.067+0000] {datalake_df2csv.py:52} INFO - ✅ Đã upload 15 dòng -> s3://thongtin-congty-va-bctc/daily_price/2026-02-01/batch_30.csv
[2026-02-01T15:28:46.068+0000] {taskinstance.py:441} INFO - ::group::Post task execution logs
[2026-02-01T15:28:46.080+0000] {taskinstance.py:1206} INFO - Marking task as SUCCESS. dag_id=daily_price_minio, task_id=ingest_daily_price, run_id=manual__2026-02-01T15:15:31+00:00, map_index=30, execution_date=20260201T151531, start_date=20260201T152840, end_date=20260201T152846
[2026-02-01T15:28:46.148+0000] {local_task_job_runner.py:243} INFO - Task exited with return code 0
[2026-02-01T15:28:46.179+0000] {taskinstance.py:3503} INFO - 0 downstream tasks scheduled from follow-on schedule check
[2026-02-01T15:28:46.182+0000] {local_task_job_runner.py:222} INFO - ::endgroup::
