[2026-01-24T08:51:30.516+0000] {local_task_job_runner.py:120} INFO - ::group::Pre task execution logs
[2026-01-24T08:51:30.579+0000] {taskinstance.py:2076} INFO - Dependencies all met for dep_context=non-requeueable deps ti=<TaskInstance: financial_ratios_etl.ingest_financial_ratios manual__2026-01-24T08:33:50+00:00 map_index=362 [queued]>
[2026-01-24T08:51:30.628+0000] {taskinstance.py:2076} INFO - Dependencies all met for dep_context=requeueable deps ti=<TaskInstance: financial_ratios_etl.ingest_financial_ratios manual__2026-01-24T08:33:50+00:00 map_index=362 [queued]>
[2026-01-24T08:51:30.629+0000] {taskinstance.py:2306} INFO - Starting attempt 1 of 2
[2026-01-24T08:51:30.740+0000] {taskinstance.py:2330} INFO - Executing <Mapped(DfToCsvOperator): ingest_financial_ratios> on 2026-01-24 08:33:50+00:00
[2026-01-24T08:51:30.754+0000] {warnings.py:112} WARNING - This process (pid=11193) is multi-threaded, use of fork() may lead to deadlocks in the child.

[2026-01-24T08:51:30.756+0000] {standard_task_runner.py:64} INFO - Started process 11289 to run task
[2026-01-24T08:51:30.759+0000] {standard_task_runner.py:90} INFO - Running: ['***', 'tasks', 'run', 'financial_ratios_etl', 'ingest_financial_ratios', 'manual__2026-01-24T08:33:50+00:00', '--job-id', '6568', '--raw', '--subdir', 'DAGS_FOLDER/dl_financial_ratios.py', '--cfg-path', '/tmp/tmp0jpvt7wp', '--map-index', '362']
[2026-01-24T08:51:30.764+0000] {standard_task_runner.py:91} INFO - Job 6568: Subtask ingest_financial_ratios
[2026-01-24T08:51:30.825+0000] {task_command.py:426} INFO - Running <TaskInstance: financial_ratios_etl.ingest_financial_ratios manual__2026-01-24T08:33:50+00:00 map_index=362 [running]> on host 05b4b3a77fa2
[2026-01-24T08:51:30.981+0000] {taskinstance.py:2648} INFO - Exporting env vars: AIRFLOW_CTX_DAG_OWNER='***' AIRFLOW_CTX_DAG_ID='financial_ratios_etl' AIRFLOW_CTX_TASK_ID='ingest_financial_ratios' AIRFLOW_CTX_EXECUTION_DATE='2026-01-24T08:33:50+00:00' AIRFLOW_CTX_TRY_NUMBER='1' AIRFLOW_CTX_DAG_RUN_ID='manual__2026-01-24T08:33:50+00:00'
[2026-01-24T08:51:30.982+0000] {taskinstance.py:430} INFO - ::endgroup::
[2026-01-24T08:51:30.993+0000] {logging_mixin.py:188} INFO - [RATIO] Bắt đầu xử lý batch 2 mã: ['PCN', 'PCM']
[2026-01-24T08:51:30.994+0000] {logging_mixin.py:188} INFO - [RATIO] Kỳ dữ liệu: quarter
[2026-01-24T08:51:30.995+0000] {logging_mixin.py:188} INFO -  >> [RATIO] Đang lấy dữ liệu: PCN
[2026-01-24T08:51:31.105+0000] {logging_mixin.py:188} INFO -  ❌ [RATIO] Lỗi xử lý mã PCN: Failed to fetch data: 429 - Too Many Requests
[2026-01-24T08:51:31.106+0000] {logging_mixin.py:188} INFO -  >> [RATIO] Đang lấy dữ liệu: PCM
[2026-01-24T08:51:31.216+0000] {logging_mixin.py:188} INFO -  ❌ [RATIO] Lỗi xử lý mã PCM: Failed to fetch data: 429 - Too Many Requests
[2026-01-24T08:51:31.218+0000] {logging_mixin.py:188} INFO -  ⚠ [RATIO] Batch này không thu được dữ liệu nào.
[2026-01-24T08:51:31.222+0000] {datalake_df2csv.py:40} INFO - DataFrame rỗng, bỏ qua upload CSV.
[2026-01-24T08:51:31.223+0000] {taskinstance.py:441} INFO - ::group::Post task execution logs
[2026-01-24T08:51:31.236+0000] {taskinstance.py:1206} INFO - Marking task as SUCCESS. dag_id=financial_ratios_etl, task_id=ingest_financial_ratios, run_id=manual__2026-01-24T08:33:50+00:00, map_index=362, execution_date=20260124T083350, start_date=20260124T085130, end_date=20260124T085131
[2026-01-24T08:51:31.296+0000] {local_task_job_runner.py:243} INFO - Task exited with return code 0
[2026-01-24T08:51:31.327+0000] {taskinstance.py:3503} INFO - 0 downstream tasks scheduled from follow-on schedule check
[2026-01-24T08:51:31.330+0000] {local_task_job_runner.py:222} INFO - ::endgroup::
