[2026-01-19T13:50:05.455+0000] {local_task_job_runner.py:120} INFO - ::group::Pre task execution logs
[2026-01-19T13:50:05.469+0000] {taskinstance.py:2076} INFO - Dependencies all met for dep_context=non-requeueable deps ti=<TaskInstance: global_index_etl.ingest_usd_cny manual__2026-01-19T13:49:59+00:00 [queued]>
[2026-01-19T13:50:05.475+0000] {taskinstance.py:2076} INFO - Dependencies all met for dep_context=requeueable deps ti=<TaskInstance: global_index_etl.ingest_usd_cny manual__2026-01-19T13:49:59+00:00 [queued]>
[2026-01-19T13:50:05.476+0000] {taskinstance.py:2306} INFO - Starting attempt 1 of 2
[2026-01-19T13:50:05.487+0000] {taskinstance.py:2330} INFO - Executing <Task(DfToCsvOperator): ingest_usd_cny> on 2026-01-19 13:49:59+00:00
[2026-01-19T13:50:05.494+0000] {warnings.py:112} WARNING - This process (pid=1314) is multi-threaded, use of fork() may lead to deadlocks in the child.

[2026-01-19T13:50:05.496+0000] {standard_task_runner.py:64} INFO - Started process 1369 to run task
[2026-01-19T13:50:05.498+0000] {standard_task_runner.py:90} INFO - Running: ['***', 'tasks', 'run', 'global_index_etl', 'ingest_usd_cny', 'manual__2026-01-19T13:49:59+00:00', '--job-id', '3061', '--raw', '--subdir', 'DAGS_FOLDER/global_index_etl.py', '--cfg-path', '/tmp/tmpyioc7pog']
[2026-01-19T13:50:05.503+0000] {standard_task_runner.py:91} INFO - Job 3061: Subtask ingest_usd_cny
[2026-01-19T13:50:05.549+0000] {task_command.py:426} INFO - Running <TaskInstance: global_index_etl.ingest_usd_cny manual__2026-01-19T13:49:59+00:00 [running]> on host 8cee9c20419f
[2026-01-19T13:50:05.670+0000] {taskinstance.py:2648} INFO - Exporting env vars: AIRFLOW_CTX_DAG_OWNER='***' AIRFLOW_CTX_DAG_ID='global_index_etl' AIRFLOW_CTX_TASK_ID='ingest_usd_cny' AIRFLOW_CTX_EXECUTION_DATE='2026-01-19T13:49:59+00:00' AIRFLOW_CTX_TRY_NUMBER='1' AIRFLOW_CTX_DAG_RUN_ID='manual__2026-01-19T13:49:59+00:00'
[2026-01-19T13:50:05.672+0000] {taskinstance.py:430} INFO - ::endgroup::
[2026-01-19T13:50:06.468+0000] {logging_mixin.py:188} INFO - ✅ Fetched 1 rows of USD/CNY data from 2026-01-19 to 2026-01-20
[2026-01-19T13:50:06.492+0000] {base.py:84} INFO - Using connection ID 'minio_finance' for task execution.
[2026-01-19T13:50:06.493+0000] {connection_wrapper.py:384} INFO - AWS Connection (conn_id='minio_finance', conn_type='aws') credentials retrieved from login and password.
[2026-01-19T13:50:07.144+0000] {datalake_df2csv.py:52} INFO - ✅ Đã upload 1 dòng -> s3://thongtin-congty-va-bctc/global_index/usd_cny/2026-01-19/data.csv
[2026-01-19T13:50:07.145+0000] {taskinstance.py:441} INFO - ::group::Post task execution logs
[2026-01-19T13:50:07.157+0000] {taskinstance.py:1206} INFO - Marking task as SUCCESS. dag_id=global_index_etl, task_id=ingest_usd_cny, run_id=manual__2026-01-19T13:49:59+00:00, execution_date=20260119T134959, start_date=20260119T135005, end_date=20260119T135007
[2026-01-19T13:50:07.196+0000] {local_task_job_runner.py:243} INFO - Task exited with return code 0
[2026-01-19T13:50:07.221+0000] {taskinstance.py:3503} INFO - 0 downstream tasks scheduled from follow-on schedule check
[2026-01-19T13:50:07.223+0000] {local_task_job_runner.py:222} INFO - ::endgroup::
