[2026-04-09T14:03:46.984+0000] {local_task_job_runner.py:120} INFO - ::group::Pre task execution logs
[2026-04-09T14:03:47.022+0000] {taskinstance.py:2076} INFO - Dependencies all met for dep_context=non-requeueable deps ti=<TaskInstance: minio_to_db_sync.sync_electric_board scheduled__2026-04-08T03:00:00+00:00 [queued]>
[2026-04-09T14:03:47.039+0000] {taskinstance.py:2076} INFO - Dependencies all met for dep_context=requeueable deps ti=<TaskInstance: minio_to_db_sync.sync_electric_board scheduled__2026-04-08T03:00:00+00:00 [queued]>
[2026-04-09T14:03:47.040+0000] {taskinstance.py:2306} INFO - Starting attempt 1 of 3
[2026-04-09T14:03:47.071+0000] {taskinstance.py:2330} INFO - Executing <Task(_PythonDecoratedOperator): sync_electric_board> on 2026-04-08 03:00:00+00:00
[2026-04-09T14:03:47.104+0000] {warnings.py:112} WARNING - This process (pid=68) is multi-threaded, use of fork() may lead to deadlocks in the child.

[2026-04-09T14:03:47.107+0000] {standard_task_runner.py:64} INFO - Started process 102 to run task
[2026-04-09T14:03:47.135+0000] {standard_task_runner.py:90} INFO - Running: ['***', 'tasks', 'run', 'minio_to_db_sync', 'sync_electric_board', 'scheduled__2026-04-08T03:00:00+00:00', '--job-id', '40777', '--raw', '--subdir', 'DAGS_FOLDER/minio_to_db_sync.py', '--cfg-path', '/tmp/tmpmdcgjk_x']
[2026-04-09T14:03:47.176+0000] {standard_task_runner.py:91} INFO - Job 40777: Subtask sync_electric_board
[2026-04-09T14:03:47.413+0000] {task_command.py:426} INFO - Running <TaskInstance: minio_to_db_sync.sync_electric_board scheduled__2026-04-08T03:00:00+00:00 [running]> on host d3da6f9ad10e
[2026-04-09T14:03:47.855+0000] {taskinstance.py:2648} INFO - Exporting env vars: AIRFLOW_CTX_DAG_OWNER='***' AIRFLOW_CTX_DAG_ID='minio_to_db_sync' AIRFLOW_CTX_TASK_ID='sync_electric_board' AIRFLOW_CTX_EXECUTION_DATE='2026-04-08T03:00:00+00:00' AIRFLOW_CTX_TRY_NUMBER='1' AIRFLOW_CTX_DAG_RUN_ID='scheduled__2026-04-08T03:00:00+00:00'
[2026-04-09T14:03:47.857+0000] {taskinstance.py:430} INFO - ::endgroup::
[2026-04-09T14:03:47.869+0000] {logging_mixin.py:188} INFO - ======================================================================
[2026-04-09T14:03:47.870+0000] {logging_mixin.py:188} INFO - 📊 SYNC ELECTRIC BOARD TO DATABASE
[2026-04-09T14:03:47.871+0000] {logging_mixin.py:188} INFO - ======================================================================
[2026-04-09T14:03:47.871+0000] {logging_mixin.py:188} INFO - 
[1/4] Finding latest partition...
[2026-04-09T14:03:47.900+0000] {base.py:84} INFO - Using connection ID 'minio_finance' for task execution.
[2026-04-09T14:03:47.904+0000] {connection_wrapper.py:384} INFO - AWS Connection (conn_id='minio_finance', conn_type='aws') credentials retrieved from login and password.
[2026-04-09T14:05:23.986+0000] {logging_mixin.py:188} INFO - 📂 Scanning 1237 objects in thongtin-congty-va-bctc/electric_board_per_day/
[2026-04-09T14:05:23.989+0000] {logging_mixin.py:188} INFO - 📅 Found 39 valid date partition(s): ['2026-01-23', '2026-01-25', '2026-01-26', '2026-01-27', '2026-01-29', '2026-01-30', '2026-02-02', '2026-02-03', '2026-02-04', '2026-02-05', '2026-02-07', '2026-02-10', '2026-02-16', '2026-02-17', '2026-02-19', '2026-02-22', '2026-02-24', '2026-02-25', '2026-02-26', '2026-02-27', '2026-03-02', '2026-03-05', '2026-03-06', '2026-03-09', '2026-03-10', '2026-03-11', '2026-03-17', '2026-03-19', '2026-03-20', '2026-03-23', '2026-03-24', '2026-03-25', '2026-03-26', '2026-03-30', '2026-03-31', '2026-04-01', '2026-04-02', '2026-04-06', '2026-04-07']
[2026-04-09T14:05:23.989+0000] {logging_mixin.py:188} INFO - ✅ Latest partition selected: electric_board_per_day/2026-04-07/
[2026-04-09T14:05:23.990+0000] {logging_mixin.py:188} INFO - 
[2/4] Reading CSV files...
[2026-04-09T14:05:24.000+0000] {base.py:84} INFO - Using connection ID 'minio_finance' for task execution.
[2026-04-09T14:05:24.001+0000] {connection_wrapper.py:384} INFO - AWS Connection (conn_id='minio_finance', conn_type='aws') credentials retrieved from login and password.
[2026-04-09T14:05:25.340+0000] {logging_mixin.py:188} INFO - ✓ Found 31 CSV files in thongtin-congty-va-bctc/electric_board_per_day/2026-04-07/
[2026-04-09T14:05:25.351+0000] {base.py:84} INFO - Using connection ID 'minio_finance' for task execution.
[2026-04-09T14:05:25.352+0000] {connection_wrapper.py:384} INFO - AWS Connection (conn_id='minio_finance', conn_type='aws') credentials retrieved from login and password.
[2026-04-09T14:05:25.464+0000] {logging_mixin.py:188} INFO - ✓ Read 50 rows from electric_board_per_day/2026-04-07/batch_0.csv
[2026-04-09T14:05:25.471+0000] {base.py:84} INFO - Using connection ID 'minio_finance' for task execution.
[2026-04-09T14:05:25.472+0000] {connection_wrapper.py:384} INFO - AWS Connection (conn_id='minio_finance', conn_type='aws') credentials retrieved from login and password.
[2026-04-09T14:05:25.572+0000] {logging_mixin.py:188} INFO - ✓ Read 50 rows from electric_board_per_day/2026-04-07/batch_1.csv
[2026-04-09T14:05:25.580+0000] {base.py:84} INFO - Using connection ID 'minio_finance' for task execution.
[2026-04-09T14:05:25.580+0000] {connection_wrapper.py:384} INFO - AWS Connection (conn_id='minio_finance', conn_type='aws') credentials retrieved from login and password.
[2026-04-09T14:05:25.687+0000] {logging_mixin.py:188} INFO - ✓ Read 50 rows from electric_board_per_day/2026-04-07/batch_10.csv
[2026-04-09T14:05:25.694+0000] {base.py:84} INFO - Using connection ID 'minio_finance' for task execution.
[2026-04-09T14:05:25.695+0000] {connection_wrapper.py:384} INFO - AWS Connection (conn_id='minio_finance', conn_type='aws') credentials retrieved from login and password.
[2026-04-09T14:05:25.782+0000] {logging_mixin.py:188} INFO - ✓ Read 50 rows from electric_board_per_day/2026-04-07/batch_11.csv
[2026-04-09T14:05:25.792+0000] {base.py:84} INFO - Using connection ID 'minio_finance' for task execution.
[2026-04-09T14:05:25.793+0000] {connection_wrapper.py:384} INFO - AWS Connection (conn_id='minio_finance', conn_type='aws') credentials retrieved from login and password.
[2026-04-09T14:05:25.904+0000] {logging_mixin.py:188} INFO - ✓ Read 50 rows from electric_board_per_day/2026-04-07/batch_12.csv
[2026-04-09T14:05:25.912+0000] {base.py:84} INFO - Using connection ID 'minio_finance' for task execution.
[2026-04-09T14:05:25.913+0000] {connection_wrapper.py:384} INFO - AWS Connection (conn_id='minio_finance', conn_type='aws') credentials retrieved from login and password.
[2026-04-09T14:05:26.020+0000] {logging_mixin.py:188} INFO - ✓ Read 50 rows from electric_board_per_day/2026-04-07/batch_13.csv
[2026-04-09T14:05:26.028+0000] {base.py:84} INFO - Using connection ID 'minio_finance' for task execution.
[2026-04-09T14:05:26.029+0000] {connection_wrapper.py:384} INFO - AWS Connection (conn_id='minio_finance', conn_type='aws') credentials retrieved from login and password.
[2026-04-09T14:05:26.141+0000] {logging_mixin.py:188} INFO - ✓ Read 50 rows from electric_board_per_day/2026-04-07/batch_14.csv
[2026-04-09T14:05:26.148+0000] {base.py:84} INFO - Using connection ID 'minio_finance' for task execution.
[2026-04-09T14:05:26.149+0000] {connection_wrapper.py:384} INFO - AWS Connection (conn_id='minio_finance', conn_type='aws') credentials retrieved from login and password.
[2026-04-09T14:05:26.250+0000] {logging_mixin.py:188} INFO - ✓ Read 50 rows from electric_board_per_day/2026-04-07/batch_15.csv
[2026-04-09T14:05:26.256+0000] {base.py:84} INFO - Using connection ID 'minio_finance' for task execution.
[2026-04-09T14:05:26.257+0000] {connection_wrapper.py:384} INFO - AWS Connection (conn_id='minio_finance', conn_type='aws') credentials retrieved from login and password.
[2026-04-09T14:05:26.364+0000] {logging_mixin.py:188} INFO - ✓ Read 50 rows from electric_board_per_day/2026-04-07/batch_16.csv
[2026-04-09T14:05:26.371+0000] {base.py:84} INFO - Using connection ID 'minio_finance' for task execution.
[2026-04-09T14:05:26.372+0000] {connection_wrapper.py:384} INFO - AWS Connection (conn_id='minio_finance', conn_type='aws') credentials retrieved from login and password.
[2026-04-09T14:05:26.464+0000] {logging_mixin.py:188} INFO - ✓ Read 50 rows from electric_board_per_day/2026-04-07/batch_17.csv
[2026-04-09T14:05:26.471+0000] {base.py:84} INFO - Using connection ID 'minio_finance' for task execution.
[2026-04-09T14:05:26.472+0000] {connection_wrapper.py:384} INFO - AWS Connection (conn_id='minio_finance', conn_type='aws') credentials retrieved from login and password.
[2026-04-09T14:05:26.565+0000] {logging_mixin.py:188} INFO - ✓ Read 50 rows from electric_board_per_day/2026-04-07/batch_18.csv
[2026-04-09T14:05:26.572+0000] {base.py:84} INFO - Using connection ID 'minio_finance' for task execution.
[2026-04-09T14:05:26.573+0000] {connection_wrapper.py:384} INFO - AWS Connection (conn_id='minio_finance', conn_type='aws') credentials retrieved from login and password.
[2026-04-09T14:05:27.124+0000] {logging_mixin.py:188} INFO - ✓ Read 50 rows from electric_board_per_day/2026-04-07/batch_19.csv
[2026-04-09T14:05:27.131+0000] {base.py:84} INFO - Using connection ID 'minio_finance' for task execution.
[2026-04-09T14:05:27.131+0000] {connection_wrapper.py:384} INFO - AWS Connection (conn_id='minio_finance', conn_type='aws') credentials retrieved from login and password.
[2026-04-09T14:05:27.226+0000] {logging_mixin.py:188} INFO - ✓ Read 50 rows from electric_board_per_day/2026-04-07/batch_2.csv
[2026-04-09T14:05:27.232+0000] {base.py:84} INFO - Using connection ID 'minio_finance' for task execution.
[2026-04-09T14:05:27.233+0000] {connection_wrapper.py:384} INFO - AWS Connection (conn_id='minio_finance', conn_type='aws') credentials retrieved from login and password.
[2026-04-09T14:05:27.321+0000] {logging_mixin.py:188} INFO - ✓ Read 50 rows from electric_board_per_day/2026-04-07/batch_20.csv
[2026-04-09T14:05:27.328+0000] {base.py:84} INFO - Using connection ID 'minio_finance' for task execution.
[2026-04-09T14:05:27.329+0000] {connection_wrapper.py:384} INFO - AWS Connection (conn_id='minio_finance', conn_type='aws') credentials retrieved from login and password.
[2026-04-09T14:05:27.418+0000] {logging_mixin.py:188} INFO - ✓ Read 50 rows from electric_board_per_day/2026-04-07/batch_21.csv
[2026-04-09T14:05:27.424+0000] {base.py:84} INFO - Using connection ID 'minio_finance' for task execution.
[2026-04-09T14:05:27.425+0000] {connection_wrapper.py:384} INFO - AWS Connection (conn_id='minio_finance', conn_type='aws') credentials retrieved from login and password.
[2026-04-09T14:05:27.528+0000] {logging_mixin.py:188} INFO - ✓ Read 50 rows from electric_board_per_day/2026-04-07/batch_22.csv
[2026-04-09T14:05:27.534+0000] {base.py:84} INFO - Using connection ID 'minio_finance' for task execution.
[2026-04-09T14:05:27.535+0000] {connection_wrapper.py:384} INFO - AWS Connection (conn_id='minio_finance', conn_type='aws') credentials retrieved from login and password.
[2026-04-09T14:05:27.629+0000] {logging_mixin.py:188} INFO - ✓ Read 50 rows from electric_board_per_day/2026-04-07/batch_23.csv
[2026-04-09T14:05:27.635+0000] {base.py:84} INFO - Using connection ID 'minio_finance' for task execution.
[2026-04-09T14:05:27.636+0000] {connection_wrapper.py:384} INFO - AWS Connection (conn_id='minio_finance', conn_type='aws') credentials retrieved from login and password.
[2026-04-09T14:05:27.729+0000] {logging_mixin.py:188} INFO - ✓ Read 50 rows from electric_board_per_day/2026-04-07/batch_24.csv
[2026-04-09T14:05:27.735+0000] {base.py:84} INFO - Using connection ID 'minio_finance' for task execution.
[2026-04-09T14:05:27.736+0000] {connection_wrapper.py:384} INFO - AWS Connection (conn_id='minio_finance', conn_type='aws') credentials retrieved from login and password.
[2026-04-09T14:05:27.826+0000] {logging_mixin.py:188} INFO - ✓ Read 50 rows from electric_board_per_day/2026-04-07/batch_25.csv
[2026-04-09T14:05:27.832+0000] {base.py:84} INFO - Using connection ID 'minio_finance' for task execution.
[2026-04-09T14:05:27.833+0000] {connection_wrapper.py:384} INFO - AWS Connection (conn_id='minio_finance', conn_type='aws') credentials retrieved from login and password.
[2026-04-09T14:05:27.922+0000] {logging_mixin.py:188} INFO - ✓ Read 50 rows from electric_board_per_day/2026-04-07/batch_26.csv
[2026-04-09T14:05:27.929+0000] {base.py:84} INFO - Using connection ID 'minio_finance' for task execution.
[2026-04-09T14:05:27.929+0000] {connection_wrapper.py:384} INFO - AWS Connection (conn_id='minio_finance', conn_type='aws') credentials retrieved from login and password.
[2026-04-09T14:05:28.039+0000] {logging_mixin.py:188} INFO - ✓ Read 50 rows from electric_board_per_day/2026-04-07/batch_27.csv
[2026-04-09T14:05:28.045+0000] {base.py:84} INFO - Using connection ID 'minio_finance' for task execution.
[2026-04-09T14:05:28.046+0000] {connection_wrapper.py:384} INFO - AWS Connection (conn_id='minio_finance', conn_type='aws') credentials retrieved from login and password.
[2026-04-09T14:05:28.135+0000] {logging_mixin.py:188} INFO - ✓ Read 50 rows from electric_board_per_day/2026-04-07/batch_28.csv
[2026-04-09T14:05:28.143+0000] {base.py:84} INFO - Using connection ID 'minio_finance' for task execution.
[2026-04-09T14:05:28.144+0000] {connection_wrapper.py:384} INFO - AWS Connection (conn_id='minio_finance', conn_type='aws') credentials retrieved from login and password.
[2026-04-09T14:05:28.238+0000] {logging_mixin.py:188} INFO - ✓ Read 50 rows from electric_board_per_day/2026-04-07/batch_29.csv
[2026-04-09T14:05:28.244+0000] {base.py:84} INFO - Using connection ID 'minio_finance' for task execution.
[2026-04-09T14:05:28.245+0000] {connection_wrapper.py:384} INFO - AWS Connection (conn_id='minio_finance', conn_type='aws') credentials retrieved from login and password.
[2026-04-09T14:05:28.351+0000] {logging_mixin.py:188} INFO - ✓ Read 50 rows from electric_board_per_day/2026-04-07/batch_3.csv
[2026-04-09T14:05:28.358+0000] {base.py:84} INFO - Using connection ID 'minio_finance' for task execution.
[2026-04-09T14:05:28.359+0000] {connection_wrapper.py:384} INFO - AWS Connection (conn_id='minio_finance', conn_type='aws') credentials retrieved from login and password.
[2026-04-09T14:05:28.865+0000] {logging_mixin.py:188} INFO - ✓ Read 44 rows from electric_board_per_day/2026-04-07/batch_30.csv
[2026-04-09T14:05:28.872+0000] {base.py:84} INFO - Using connection ID 'minio_finance' for task execution.
[2026-04-09T14:05:28.873+0000] {connection_wrapper.py:384} INFO - AWS Connection (conn_id='minio_finance', conn_type='aws') credentials retrieved from login and password.
[2026-04-09T14:05:28.974+0000] {logging_mixin.py:188} INFO - ✓ Read 50 rows from electric_board_per_day/2026-04-07/batch_4.csv
[2026-04-09T14:05:28.984+0000] {base.py:84} INFO - Using connection ID 'minio_finance' for task execution.
[2026-04-09T14:05:28.985+0000] {connection_wrapper.py:384} INFO - AWS Connection (conn_id='minio_finance', conn_type='aws') credentials retrieved from login and password.
[2026-04-09T14:05:29.073+0000] {logging_mixin.py:188} INFO - ✓ Read 50 rows from electric_board_per_day/2026-04-07/batch_5.csv
[2026-04-09T14:05:29.080+0000] {base.py:84} INFO - Using connection ID 'minio_finance' for task execution.
[2026-04-09T14:05:29.081+0000] {connection_wrapper.py:384} INFO - AWS Connection (conn_id='minio_finance', conn_type='aws') credentials retrieved from login and password.
[2026-04-09T14:05:29.177+0000] {logging_mixin.py:188} INFO - ✓ Read 50 rows from electric_board_per_day/2026-04-07/batch_6.csv
[2026-04-09T14:05:29.183+0000] {base.py:84} INFO - Using connection ID 'minio_finance' for task execution.
[2026-04-09T14:05:29.184+0000] {connection_wrapper.py:384} INFO - AWS Connection (conn_id='minio_finance', conn_type='aws') credentials retrieved from login and password.
[2026-04-09T14:05:29.281+0000] {logging_mixin.py:188} INFO - ✓ Read 50 rows from electric_board_per_day/2026-04-07/batch_7.csv
[2026-04-09T14:05:29.289+0000] {base.py:84} INFO - Using connection ID 'minio_finance' for task execution.
[2026-04-09T14:05:29.290+0000] {connection_wrapper.py:384} INFO - AWS Connection (conn_id='minio_finance', conn_type='aws') credentials retrieved from login and password.
[2026-04-09T14:05:29.394+0000] {logging_mixin.py:188} INFO - ✓ Read 50 rows from electric_board_per_day/2026-04-07/batch_8.csv
[2026-04-09T14:05:29.403+0000] {base.py:84} INFO - Using connection ID 'minio_finance' for task execution.
[2026-04-09T14:05:29.404+0000] {connection_wrapper.py:384} INFO - AWS Connection (conn_id='minio_finance', conn_type='aws') credentials retrieved from login and password.
[2026-04-09T14:05:29.503+0000] {logging_mixin.py:188} INFO - ✓ Read 50 rows from electric_board_per_day/2026-04-07/batch_9.csv
[2026-04-09T14:05:29.506+0000] {logging_mixin.py:188} INFO - ✓ Concatenated 31 files into 1544 total rows
[2026-04-09T14:05:29.506+0000] {logging_mixin.py:188} INFO - Loaded 1544 rows
[2026-04-09T14:05:29.507+0000] {logging_mixin.py:188} INFO - 
[3/4] Transforming data...
[2026-04-09T14:05:29.510+0000] {logging_mixin.py:188} INFO - ⚠️ Missing required columns after mapping: ['ticker']
[2026-04-09T14:05:29.510+0000] {logging_mixin.py:188} INFO -   Available columns: ['trading_date']
[2026-04-09T14:05:29.512+0000] {logging_mixin.py:188} INFO - After cleaning: 0 rows
[2026-04-09T14:05:29.512+0000] {python.py:237} INFO - Done. Returned value was: ⚠️ No data after cleaning
[2026-04-09T14:05:29.512+0000] {taskinstance.py:441} INFO - ::group::Post task execution logs
[2026-04-09T14:05:29.536+0000] {taskinstance.py:1206} INFO - Marking task as SUCCESS. dag_id=minio_to_db_sync, task_id=sync_electric_board, run_id=scheduled__2026-04-08T03:00:00+00:00, execution_date=20260408T030000, start_date=20260409T140347, end_date=20260409T140529
[2026-04-09T14:05:29.598+0000] {local_task_job_runner.py:243} INFO - Task exited with return code 0
[2026-04-09T14:05:29.829+0000] {taskinstance.py:3503} INFO - 0 downstream tasks scheduled from follow-on schedule check
[2026-04-09T14:05:29.833+0000] {local_task_job_runner.py:222} INFO - ::endgroup::
