[2026-04-03T13:34:10.286+0000] {local_task_job_runner.py:120} INFO - ::group::Pre task execution logs
[2026-04-03T13:34:10.346+0000] {taskinstance.py:2076} INFO - Dependencies all met for dep_context=non-requeueable deps ti=<TaskInstance: daily_price.ingest_daily_price scheduled__2026-03-31T16:00:00+00:00 map_index=39 [queued]>
[2026-04-03T13:34:10.397+0000] {taskinstance.py:2076} INFO - Dependencies all met for dep_context=requeueable deps ti=<TaskInstance: daily_price.ingest_daily_price scheduled__2026-03-31T16:00:00+00:00 map_index=39 [queued]>
[2026-04-03T13:34:10.410+0000] {taskinstance.py:2306} INFO - Starting attempt 1 of 2
[2026-04-03T13:34:10.455+0000] {taskinstance.py:2330} INFO - Executing <Mapped(DfToCsvOperator): ingest_daily_price> on 2026-03-31 16:00:00+00:00
[2026-04-03T13:34:10.477+0000] {warnings.py:112} WARNING - This process (pid=762) is multi-threaded, use of fork() may lead to deadlocks in the child.

[2026-04-03T13:34:10.481+0000] {standard_task_runner.py:64} INFO - Started process 846 to run task
[2026-04-03T13:34:10.490+0000] {standard_task_runner.py:90} INFO - Running: ['***', 'tasks', 'run', 'daily_price', 'ingest_daily_price', 'scheduled__2026-03-31T16:00:00+00:00', '--job-id', '38015', '--raw', '--subdir', 'DAGS_FOLDER/dl_dailly_price.py', '--cfg-path', '/tmp/tmplpgunxgs', '--map-index', '39']
[2026-04-03T13:34:10.503+0000] {standard_task_runner.py:91} INFO - Job 38015: Subtask ingest_daily_price
[2026-04-03T13:34:10.680+0000] {task_command.py:426} INFO - Running <TaskInstance: daily_price.ingest_daily_price scheduled__2026-03-31T16:00:00+00:00 map_index=39 [running]> on host f1f3ec63581f
[2026-04-03T13:34:10.994+0000] {taskinstance.py:2648} INFO - Exporting env vars: AIRFLOW_CTX_DAG_OWNER='***' AIRFLOW_CTX_DAG_ID='daily_price' AIRFLOW_CTX_TASK_ID='ingest_daily_price' AIRFLOW_CTX_EXECUTION_DATE='2026-03-31T16:00:00+00:00' AIRFLOW_CTX_TRY_NUMBER='1' AIRFLOW_CTX_DAG_RUN_ID='scheduled__2026-03-31T16:00:00+00:00'
[2026-04-03T13:34:10.999+0000] {taskinstance.py:430} INFO - ::endgroup::
[2026-04-03T13:34:11.000+0000] {datalake_df2csv.py:40} INFO - ================================================================================
[2026-04-03T13:34:11.002+0000] {datalake_df2csv.py:41} INFO - 🚀 BẮT ĐẦU TASK: ingest_daily_price
[2026-04-03T13:34:11.007+0000] {datalake_df2csv.py:42} INFO - ================================================================================
[2026-04-03T13:34:11.010+0000] {datalake_df2csv.py:43} INFO - 📋 Thông tin cấu hình:
[2026-04-03T13:34:11.012+0000] {datalake_df2csv.py:44} INFO -   - Logic file: history_price
[2026-04-03T13:34:11.013+0000] {datalake_df2csv.py:45} INFO -   - DataFrame name: get_history_price_batch
[2026-04-03T13:34:11.014+0000] {datalake_df2csv.py:46} INFO -   - Bucket: thongtin-congty-va-bctc
[2026-04-03T13:34:11.015+0000] {datalake_df2csv.py:47} INFO -   - Object path: daily_price/2026-03-31/batch_39.csv
[2026-04-03T13:34:11.016+0000] {datalake_df2csv.py:48} INFO -   - Connection ID: minio_finance
[2026-04-03T13:34:11.017+0000] {datalake_df2csv.py:49} INFO -   - Tham số truyền vào: {'symbols': ['ODE', 'FBC', 'EBS', 'GER', 'TIP'], 'start_date': '2026-03-31', 'end_date': '2026-04-01'}
[2026-04-03T13:34:11.018+0000] {datalake_df2csv.py:50} INFO - --------------------------------------------------------------------------------
[2026-04-03T13:34:11.018+0000] {datalake_df2csv.py:54} INFO - 📥 Bước 1: Đang load dữ liệu từ logic file...
[2026-04-03T13:34:11.035+0000] {datalake_df2csv.py:148} INFO -   - Logic directory: /opt/airflow/plugins/logic
[2026-04-03T13:34:11.037+0000] {datalake_df2csv.py:149} INFO -   - Module path: /opt/airflow/plugins/logic/history_price.py
[2026-04-03T13:34:11.038+0000] {datalake_df2csv.py:153} INFO -   - Đã thêm logic directory vào sys.path
[2026-04-03T13:34:11.044+0000] {datalake_df2csv.py:159} INFO -   - Đang load module 'history_price'...
[2026-04-03T13:34:11.058+0000] {datalake_df2csv.py:163} INFO -   - ✅ Module loaded thành công
[2026-04-03T13:34:11.059+0000] {datalake_df2csv.py:165} INFO -   - Đang tìm DataFrame/function: 'get_history_price_batch'...
[2026-04-03T13:34:11.061+0000] {datalake_df2csv.py:170} INFO -   - ✅ Tìm thấy object: function
[2026-04-03T13:34:11.062+0000] {datalake_df2csv.py:173} INFO -   - Đang gọi function với tham số: {'symbols': ['ODE', 'FBC', 'EBS', 'GER', 'TIP'], 'start_date': '2026-03-31', 'end_date': '2026-04-01'}
[2026-04-03T13:35:02.784+0000] {datalake_df2csv.py:68} INFO - ✅ Load dữ liệu thành công!
[2026-04-03T13:35:02.786+0000] {datalake_df2csv.py:69} INFO - 📊 Thông tin DataFrame:
[2026-04-03T13:35:02.787+0000] {datalake_df2csv.py:70} INFO -   - Số dòng: 20
[2026-04-03T13:35:02.788+0000] {datalake_df2csv.py:71} INFO -   - Số cột: 7
[2026-04-03T13:35:02.789+0000] {datalake_df2csv.py:72} INFO -   - Tên các cột: ['ticker', 'trading_date', 'open', 'high', 'low', 'close', 'volume']
[2026-04-03T13:35:02.793+0000] {datalake_df2csv.py:73} INFO -   - Kiểu dữ liệu: {'ticker': 'object', 'trading_date': 'object', 'open': 'float64', 'high': 'float64', 'low': 'float64', 'close': 'float64', 'volume': 'int64'}
[2026-04-03T13:35:02.799+0000] {datalake_df2csv.py:74} INFO -   - Bộ nhớ sử dụng: 0.00 MB
[2026-04-03T13:35:02.802+0000] {datalake_df2csv.py:83} INFO -   - Không có giá trị NULL
[2026-04-03T13:35:02.804+0000] {datalake_df2csv.py:86} INFO -   - Mẫu dữ liệu (5 dòng đầu):
[2026-04-03T13:35:02.809+0000] {datalake_df2csv.py:88} INFO -     Row 0: {'ticker': 'ODE', 'trading_date': '2026-03-30', 'open': 44.2, 'high': 44.2, 'low': 44.0, 'close': 44.1, 'volume': 16600}
[2026-04-03T13:35:02.811+0000] {datalake_df2csv.py:88} INFO -     Row 1: {'ticker': 'ODE', 'trading_date': '2026-03-31', 'open': 44.2, 'high': 44.7, 'low': 44.2, 'close': 44.6, 'volume': 16900}
[2026-04-03T13:35:02.812+0000] {datalake_df2csv.py:88} INFO -     Row 2: {'ticker': 'ODE', 'trading_date': '2026-04-01', 'open': 44.7, 'high': 45.1, 'low': 44.7, 'close': 45.0, 'volume': 20600}
[2026-04-03T13:35:02.814+0000] {datalake_df2csv.py:88} INFO -     Row 3: {'ticker': 'ODE', 'trading_date': '2026-04-02', 'open': 44.4, 'high': 45.2, 'low': 44.4, 'close': 44.8, 'volume': 19000}
[2026-04-03T13:35:02.816+0000] {datalake_df2csv.py:88} INFO -     Row 4: {'ticker': 'FBC', 'trading_date': '2024-07-22', 'open': 3.7, 'high': 3.7, 'low': 3.7, 'close': 3.7, 'volume': 0}
[2026-04-03T13:35:02.816+0000] {datalake_df2csv.py:90} INFO - --------------------------------------------------------------------------------
[2026-04-03T13:35:02.818+0000] {datalake_df2csv.py:93} INFO - 📝 Bước 2: Đang chuyển đổi DataFrame sang CSV...
[2026-04-03T13:35:02.830+0000] {datalake_df2csv.py:97} INFO - ✅ Chuyển đổi CSV thành công!
[2026-04-03T13:35:02.831+0000] {datalake_df2csv.py:98} INFO -   - Kích thước file: 0.00 MB
[2026-04-03T13:35:02.831+0000] {datalake_df2csv.py:99} INFO -   - Thời gian chuyển đổi: 0.01 giây
[2026-04-03T13:35:02.832+0000] {datalake_df2csv.py:100} INFO - --------------------------------------------------------------------------------
[2026-04-03T13:35:02.832+0000] {datalake_df2csv.py:103} INFO - ☁️  Bước 3: Đang upload lên MinIO/S3...
[2026-04-03T13:35:02.869+0000] {base.py:84} INFO - Using connection ID 'minio_finance' for task execution.
[2026-04-03T13:35:02.871+0000] {connection_wrapper.py:384} INFO - AWS Connection (conn_id='minio_finance', conn_type='aws') credentials retrieved from login and password.
[2026-04-03T13:35:03.953+0000] {datalake_df2csv.py:112} INFO -   - Bucket 'thongtin-congty-va-bctc' đã tồn tại
[2026-04-03T13:35:04.003+0000] {datalake_df2csv.py:117} INFO - ✅ Upload thành công!
[2026-04-03T13:35:04.004+0000] {datalake_df2csv.py:118} INFO -   - Đường dẫn: s3://thongtin-congty-va-bctc/daily_price/2026-03-31/batch_39.csv
[2026-04-03T13:35:04.004+0000] {datalake_df2csv.py:119} INFO -   - Số dòng: 20
[2026-04-03T13:35:04.005+0000] {datalake_df2csv.py:120} INFO -   - Thời gian upload: 1.17 giây
[2026-04-03T13:35:04.005+0000] {datalake_df2csv.py:121} INFO - --------------------------------------------------------------------------------
[2026-04-03T13:35:04.006+0000] {datalake_df2csv.py:125} INFO - 📈 TỔNG KẾT:
[2026-04-03T13:35:04.007+0000] {datalake_df2csv.py:126} INFO -   - Tổng thời gian thực thi: 53.01 giây
[2026-04-03T13:35:04.007+0000] {datalake_df2csv.py:127} INFO -   - Tốc độ xử lý: 0 dòng/giây
[2026-04-03T13:35:04.008+0000] {datalake_df2csv.py:128} INFO - ================================================================================
[2026-04-03T13:35:04.008+0000] {datalake_df2csv.py:129} INFO - ✅ HOÀN THÀNH TASK: ingest_daily_price
[2026-04-03T13:35:04.009+0000] {datalake_df2csv.py:130} INFO - ================================================================================
[2026-04-03T13:35:04.010+0000] {taskinstance.py:441} INFO - ::group::Post task execution logs
[2026-04-03T13:35:04.031+0000] {taskinstance.py:1206} INFO - Marking task as SUCCESS. dag_id=daily_price, task_id=ingest_daily_price, run_id=scheduled__2026-03-31T16:00:00+00:00, map_index=39, execution_date=20260331T160000, start_date=20260403T133410, end_date=20260403T133504
[2026-04-03T13:35:04.111+0000] {local_task_job_runner.py:243} INFO - Task exited with return code 0
[2026-04-03T13:35:04.130+0000] {local_task_job_runner.py:222} INFO - ::endgroup::
