[2026-01-29T14:01:17.674+0000] {local_task_job_runner.py:120} INFO - ::group::Pre task execution logs
[2026-01-29T14:01:17.718+0000] {taskinstance.py:2076} INFO - Dependencies all met for dep_context=non-requeueable deps ti=<TaskInstance: daily_price_minio.ingest_daily_price scheduled__2026-01-27T16:00:00+00:00 map_index=32 [queued]>
[2026-01-29T14:01:17.738+0000] {taskinstance.py:2076} INFO - Dependencies all met for dep_context=requeueable deps ti=<TaskInstance: daily_price_minio.ingest_daily_price scheduled__2026-01-27T16:00:00+00:00 map_index=32 [queued]>
[2026-01-29T14:01:17.739+0000] {taskinstance.py:2306} INFO - Starting attempt 1 of 2
[2026-01-29T14:01:17.770+0000] {taskinstance.py:2330} INFO - Executing <Mapped(DfToCsvOperator): ingest_daily_price> on 2026-01-27 16:00:00+00:00
[2026-01-29T14:01:17.788+0000] {warnings.py:112} WARNING - This process (pid=948) is multi-threaded, use of fork() may lead to deadlocks in the child.

[2026-01-29T14:01:17.790+0000] {standard_task_runner.py:64} INFO - Started process 1065 to run task
[2026-01-29T14:01:17.797+0000] {standard_task_runner.py:90} INFO - Running: ['***', 'tasks', 'run', 'daily_price_minio', 'ingest_daily_price', 'scheduled__2026-01-27T16:00:00+00:00', '--job-id', '9781', '--raw', '--subdir', 'DAGS_FOLDER/dl_dailly_price.py', '--cfg-path', '/tmp/tmpenmngmyn', '--map-index', '32']
[2026-01-29T14:01:17.805+0000] {standard_task_runner.py:91} INFO - Job 9781: Subtask ingest_daily_price
[2026-01-29T14:01:17.929+0000] {task_command.py:426} INFO - Running <TaskInstance: daily_price_minio.ingest_daily_price scheduled__2026-01-27T16:00:00+00:00 map_index=32 [running]> on host 8b20476457f0
[2026-01-29T14:01:18.153+0000] {taskinstance.py:2648} INFO - Exporting env vars: AIRFLOW_CTX_DAG_OWNER='***' AIRFLOW_CTX_DAG_ID='daily_price_minio' AIRFLOW_CTX_TASK_ID='ingest_daily_price' AIRFLOW_CTX_EXECUTION_DATE='2026-01-27T16:00:00+00:00' AIRFLOW_CTX_TRY_NUMBER='1' AIRFLOW_CTX_DAG_RUN_ID='scheduled__2026-01-27T16:00:00+00:00'
[2026-01-29T14:01:18.157+0000] {taskinstance.py:430} INFO - ::endgroup::
[2026-01-29T14:01:21.583+0000] {base.py:84} INFO - Using connection ID 'minio_finance' for task execution.
[2026-01-29T14:01:21.586+0000] {connection_wrapper.py:384} INFO - AWS Connection (conn_id='minio_finance', conn_type='aws') credentials retrieved from login and password.
[2026-01-29T14:01:22.381+0000] {datalake_df2csv.py:52} INFO - ✅ Đã upload 20 dòng -> s3://thongtin-congty-va-bctc/daily_price/2026-01-27/batch_32.csv
[2026-01-29T14:01:22.382+0000] {taskinstance.py:441} INFO - ::group::Post task execution logs
[2026-01-29T14:01:22.400+0000] {taskinstance.py:1206} INFO - Marking task as SUCCESS. dag_id=daily_price_minio, task_id=ingest_daily_price, run_id=scheduled__2026-01-27T16:00:00+00:00, map_index=32, execution_date=20260127T160000, start_date=20260129T140117, end_date=20260129T140122
[2026-01-29T14:01:22.474+0000] {local_task_job_runner.py:243} INFO - Task exited with return code 0
[2026-01-29T14:01:22.497+0000] {taskinstance.py:3503} INFO - 0 downstream tasks scheduled from follow-on schedule check
[2026-01-29T14:01:22.502+0000] {local_task_job_runner.py:222} INFO - ::endgroup::
