[2026-02-07T01:58:49.921+0000] {local_task_job_runner.py:120} INFO - ::group::Pre task execution logs
[2026-02-07T01:58:49.947+0000] {taskinstance.py:2076} INFO - Dependencies all met for dep_context=non-requeueable deps ti=<TaskInstance: bctc_minio.ingest_bctc manual__2026-02-07T01:54:42+00:00 map_index=20 [queued]>
[2026-02-07T01:58:49.963+0000] {taskinstance.py:2076} INFO - Dependencies all met for dep_context=requeueable deps ti=<TaskInstance: bctc_minio.ingest_bctc manual__2026-02-07T01:54:42+00:00 map_index=20 [queued]>
[2026-02-07T01:58:49.963+0000] {taskinstance.py:2306} INFO - Starting attempt 1 of 2
[2026-02-07T01:58:49.987+0000] {taskinstance.py:2330} INFO - Executing <Mapped(DfToCsvOperator): ingest_bctc> on 2026-02-07 01:54:42+00:00
[2026-02-07T01:58:50.001+0000] {warnings.py:112} WARNING - This process (pid=14366) is multi-threaded, use of fork() may lead to deadlocks in the child.

[2026-02-07T01:58:50.003+0000] {standard_task_runner.py:64} INFO - Started process 14400 to run task
[2026-02-07T01:58:50.006+0000] {standard_task_runner.py:90} INFO - Running: ['***', 'tasks', 'run', 'bctc_minio', 'ingest_bctc', 'manual__2026-02-07T01:54:42+00:00', '--job-id', '19574', '--raw', '--subdir', 'DAGS_FOLDER/dl_bctc.py', '--cfg-path', '/tmp/tmpdnwmc3k3', '--map-index', '20']
[2026-02-07T01:58:50.011+0000] {standard_task_runner.py:91} INFO - Job 19574: Subtask ingest_bctc
[2026-02-07T01:58:50.103+0000] {task_command.py:426} INFO - Running <TaskInstance: bctc_minio.ingest_bctc manual__2026-02-07T01:54:42+00:00 map_index=20 [running]> on host 92ec87cbc427
[2026-02-07T01:58:50.265+0000] {taskinstance.py:2648} INFO - Exporting env vars: AIRFLOW_CTX_DAG_OWNER='***' AIRFLOW_CTX_DAG_ID='bctc_minio' AIRFLOW_CTX_TASK_ID='ingest_bctc' AIRFLOW_CTX_EXECUTION_DATE='2026-02-07T01:54:42+00:00' AIRFLOW_CTX_TRY_NUMBER='1' AIRFLOW_CTX_DAG_RUN_ID='manual__2026-02-07T01:54:42+00:00'
[2026-02-07T01:58:50.267+0000] {taskinstance.py:430} INFO - ::endgroup::
[2026-02-07T01:58:50.278+0000] {logging_mixin.py:188} INFO - Bắt đầu xử lý batch 20 mã: ['SVD', 'SVC', 'STW', 'STT', 'STS', 'STP', 'STL', 'STK', 'STH', 'STG', 'STD', 'STC', 'STB', 'ST8', 'SSU', 'SSN', 'SSM', 'SSI', 'SSH', 'SSG']
[2026-02-07T01:58:50.279+0000] {logging_mixin.py:188} INFO -  >> Đang lấy dữ liệu: SVD
[2026-02-07T01:59:03.160+0000] {logging_mixin.py:188} INFO -  >> Đang lấy dữ liệu: SVC
[2026-02-07T01:59:19.144+0000] {logging_mixin.py:188} INFO -  >> Đang lấy dữ liệu: STW
[2026-02-07T01:59:30.216+0000] {logging_mixin.py:188} INFO -  >> Đang lấy dữ liệu: STT
[2026-02-07T01:59:48.116+0000] {log.py:232} WARNING - 2026-02-07 01:59:48 - vnstock.core.utils.client - ERROR - API request failed: HTTPSConnectionPool(host='trading.vietcap.com.vn', port=443): Max retries exceeded with url: /data-mt/graphql (Caused by NameResolutionError("<urllib3.connection.HTTPSConnection object at 0x7f9dd360f440>: Failed to resolve 'trading.vietcap.com.vn' ([Errno -3] Temporary failure in name resolution)"))
[2026-02-07T01:59:48.103+0000] {client.py:414} ERROR - API request failed: HTTPSConnectionPool(host='trading.vietcap.com.vn', port=443): Max retries exceeded with url: /data-mt/graphql (Caused by NameResolutionError("<urllib3.connection.HTTPSConnection object at 0x7f9dd360f440>: Failed to resolve 'trading.vietcap.com.vn' ([Errno -3] Temporary failure in name resolution)"))
[2026-02-07T01:59:54.087+0000] {logging_mixin.py:188} INFO -  >> Đang lấy dữ liệu: STS
[2026-02-07T01:59:54.613+0000] {logging_mixin.py:188} INFO -  Lỗi xử lý mã STS: Failed to fetch data: 429 - Too Many Requests
[2026-02-07T01:59:54.615+0000] {logging_mixin.py:188} INFO -  >> Đang lấy dữ liệu: STP
[2026-02-07T02:00:03.352+0000] {logging_mixin.py:188} INFO -  >> Đang lấy dữ liệu: STL
[2026-02-07T02:00:17.797+0000] {logging_mixin.py:188} INFO -  >> Đang lấy dữ liệu: STK
[2026-02-07T02:00:28.964+0000] {log.py:232} WARNING - 2026-02-07 02:00:28 - vnstock.core.utils.client - ERROR - API request failed: HTTPSConnectionPool(host='trading.vietcap.com.vn', port=443): Max retries exceeded with url: /data-mt/graphql (Caused by NameResolutionError("<urllib3.connection.HTTPSConnection object at 0x7f9dd37ace90>: Failed to resolve 'trading.vietcap.com.vn' ([Errno -3] Temporary failure in name resolution)"))
[2026-02-07T02:00:28.959+0000] {client.py:414} ERROR - API request failed: HTTPSConnectionPool(host='trading.vietcap.com.vn', port=443): Max retries exceeded with url: /data-mt/graphql (Caused by NameResolutionError("<urllib3.connection.HTTPSConnection object at 0x7f9dd37ace90>: Failed to resolve 'trading.vietcap.com.vn' ([Errno -3] Temporary failure in name resolution)"))
[2026-02-07T02:00:45.757+0000] {log.py:232} WARNING - 2026-02-07 02:00:45 - vnstock.core.utils.client - ERROR - API request failed: HTTPSConnectionPool(host='trading.vietcap.com.vn', port=443): Max retries exceeded with url: /data-mt/graphql (Caused by NameResolutionError("<urllib3.connection.HTTPSConnection object at 0x7f9dd365c680>: Failed to resolve 'trading.vietcap.com.vn' ([Errno -3] Temporary failure in name resolution)"))
[2026-02-07T02:00:45.732+0000] {client.py:414} ERROR - API request failed: HTTPSConnectionPool(host='trading.vietcap.com.vn', port=443): Max retries exceeded with url: /data-mt/graphql (Caused by NameResolutionError("<urllib3.connection.HTTPSConnection object at 0x7f9dd365c680>: Failed to resolve 'trading.vietcap.com.vn' ([Errno -3] Temporary failure in name resolution)"))
[2026-02-07T02:01:00.368+0000] {logging_mixin.py:188} INFO -  >> Đang lấy dữ liệu: STH
[2026-02-07T02:01:08.839+0000] {logging_mixin.py:188} INFO -  >> Đang lấy dữ liệu: STG
[2026-02-07T02:01:19.986+0000] {logging_mixin.py:188} INFO -  >> Đang lấy dữ liệu: STD
[2026-02-07T02:01:20.096+0000] {logging_mixin.py:188} INFO -  Lỗi xử lý mã STD: Failed to fetch data: 429 - Too Many Requests
[2026-02-07T02:01:20.097+0000] {logging_mixin.py:188} INFO -  >> Đang lấy dữ liệu: STC
[2026-02-07T02:01:33.040+0000] {logging_mixin.py:188} INFO -  >> Đang lấy dữ liệu: STB
[2026-02-07T02:01:41.260+0000] {logging_mixin.py:188} INFO -  >> Đang lấy dữ liệu: ST8
[2026-02-07T02:01:49.744+0000] {logging_mixin.py:188} INFO -  >> Đang lấy dữ liệu: SSU
[2026-02-07T02:01:49.880+0000] {logging_mixin.py:188} INFO -  Lỗi xử lý mã SSU: Failed to fetch data: 429 - Too Many Requests
[2026-02-07T02:01:49.881+0000] {logging_mixin.py:188} INFO -  >> Đang lấy dữ liệu: SSN
[2026-02-07T02:02:24.995+0000] {logging_mixin.py:188} INFO -  >> Đang lấy dữ liệu: SSM
[2026-02-07T02:02:37.841+0000] {logging_mixin.py:188} INFO -  >> Đang lấy dữ liệu: SSI
[2026-02-07T02:02:57.089+0000] {log.py:232} WARNING - 2026-02-07 02:02:57 - vnstock.core.utils.client - ERROR - API request failed: HTTPSConnectionPool(host='trading.vietcap.com.vn', port=443): Max retries exceeded with url: /data-mt/graphql (Caused by NameResolutionError("<urllib3.connection.HTTPSConnection object at 0x7f9dd37af9b0>: Failed to resolve 'trading.vietcap.com.vn' ([Errno -3] Temporary failure in name resolution)"))
[2026-02-07T02:02:57.086+0000] {client.py:414} ERROR - API request failed: HTTPSConnectionPool(host='trading.vietcap.com.vn', port=443): Max retries exceeded with url: /data-mt/graphql (Caused by NameResolutionError("<urllib3.connection.HTTPSConnection object at 0x7f9dd37af9b0>: Failed to resolve 'trading.vietcap.com.vn' ([Errno -3] Temporary failure in name resolution)"))
[2026-02-07T02:03:06.380+0000] {logging_mixin.py:188} INFO -  >> Đang lấy dữ liệu: SSH
[2026-02-07T02:03:17.080+0000] {logging_mixin.py:188} INFO -  >> Đang lấy dữ liệu: SSG
[2026-02-07T02:03:25.639+0000] {logging_mixin.py:188} INFO -  ✓ Hoàn thành batch. Tổng số dòng: 4524
[2026-02-07T02:03:26.203+0000] {base.py:84} INFO - Using connection ID 'minio_finance' for task execution.
[2026-02-07T02:03:26.216+0000] {connection_wrapper.py:384} INFO - AWS Connection (conn_id='minio_finance', conn_type='aws') credentials retrieved from login and password.
[2026-02-07T02:03:29.838+0000] {datalake_df2csv.py:52} INFO - ✅ Đã upload 4524 dòng -> s3://thongtin-congty-va-bctc/bctc/2026-02-07/batch_20.csv
[2026-02-07T02:03:29.841+0000] {taskinstance.py:441} INFO - ::group::Post task execution logs
[2026-02-07T02:03:29.885+0000] {taskinstance.py:1206} INFO - Marking task as SUCCESS. dag_id=bctc_minio, task_id=ingest_bctc, run_id=manual__2026-02-07T01:54:42+00:00, map_index=20, execution_date=20260207T015442, start_date=20260207T015849, end_date=20260207T020329
[2026-02-07T02:03:30.014+0000] {local_task_job_runner.py:243} INFO - Task exited with return code 0
[2026-02-07T02:03:30.141+0000] {taskinstance.py:3503} INFO - 0 downstream tasks scheduled from follow-on schedule check
[2026-02-07T02:03:30.146+0000] {local_task_job_runner.py:222} INFO - ::endgroup::
