[2026-02-04T15:29:40.662+0000] {local_task_job_runner.py:120} INFO - ::group::Pre task execution logs
[2026-02-04T15:29:40.753+0000] {taskinstance.py:2076} INFO - Dependencies all met for dep_context=non-requeueable deps ti=<TaskInstance: financial_ratios_minio.ingest_financial_ratios manual__2026-02-04T14:54:19+00:00 map_index=436 [queued]>
[2026-02-04T15:29:40.816+0000] {taskinstance.py:2076} INFO - Dependencies all met for dep_context=requeueable deps ti=<TaskInstance: financial_ratios_minio.ingest_financial_ratios manual__2026-02-04T14:54:19+00:00 map_index=436 [queued]>
[2026-02-04T15:29:40.817+0000] {taskinstance.py:2306} INFO - Starting attempt 1 of 2
[2026-02-04T15:29:40.955+0000] {taskinstance.py:2330} INFO - Executing <Mapped(DfToCsvOperator): ingest_financial_ratios> on 2026-02-04 14:54:19+00:00
[2026-02-04T15:29:40.971+0000] {warnings.py:112} WARNING - This process (pid=7183) is multi-threaded, use of fork() may lead to deadlocks in the child.

[2026-02-04T15:29:40.973+0000] {standard_task_runner.py:64} INFO - Started process 7240 to run task
[2026-02-04T15:29:40.982+0000] {standard_task_runner.py:90} INFO - Running: ['***', 'tasks', 'run', 'financial_ratios_minio', 'ingest_financial_ratios', 'manual__2026-02-04T14:54:19+00:00', '--job-id', '17598', '--raw', '--subdir', 'DAGS_FOLDER/dl_financial_ratios.py', '--cfg-path', '/tmp/tmp415_kudq', '--map-index', '436']
[2026-02-04T15:29:40.987+0000] {standard_task_runner.py:91} INFO - Job 17598: Subtask ingest_financial_ratios
[2026-02-04T15:29:41.096+0000] {task_command.py:426} INFO - Running <TaskInstance: financial_ratios_minio.ingest_financial_ratios manual__2026-02-04T14:54:19+00:00 map_index=436 [running]> on host 918dbd497d34
[2026-02-04T15:29:41.335+0000] {taskinstance.py:2648} INFO - Exporting env vars: AIRFLOW_CTX_DAG_OWNER='***' AIRFLOW_CTX_DAG_ID='financial_ratios_minio' AIRFLOW_CTX_TASK_ID='ingest_financial_ratios' AIRFLOW_CTX_EXECUTION_DATE='2026-02-04T14:54:19+00:00' AIRFLOW_CTX_TRY_NUMBER='1' AIRFLOW_CTX_DAG_RUN_ID='manual__2026-02-04T14:54:19+00:00'
[2026-02-04T15:29:41.336+0000] {taskinstance.py:430} INFO - ::endgroup::
[2026-02-04T15:29:41.355+0000] {logging_mixin.py:188} INFO - [RATIO] Bắt đầu xử lý batch 2 mã: ['MEL', 'MEG']
[2026-02-04T15:29:41.356+0000] {logging_mixin.py:188} INFO - [RATIO] Kỳ dữ liệu: quarter
[2026-02-04T15:29:41.358+0000] {logging_mixin.py:188} INFO -  >> [RATIO] Đang lấy dữ liệu: MEL
[2026-02-04T15:29:42.445+0000] {logging_mixin.py:188} INFO -  ✓ [RATIO] MEL: 35 rows
[2026-02-04T15:29:44.444+0000] {logging_mixin.py:188} INFO -  >> [RATIO] Đang lấy dữ liệu: MEG
[2026-02-04T15:29:45.763+0000] {logging_mixin.py:188} INFO -  ✓ [RATIO] MEG: 27 rows
[2026-02-04T15:29:47.767+0000] {logging_mixin.py:188} INFO -  ✅ [RATIO] Hoàn thành batch. Tổng số dòng: 62
[2026-02-04T15:29:47.796+0000] {base.py:84} INFO - Using connection ID 'minio_finance' for task execution.
[2026-02-04T15:29:47.810+0000] {connection_wrapper.py:384} INFO - AWS Connection (conn_id='minio_finance', conn_type='aws') credentials retrieved from login and password.
[2026-02-04T15:29:48.989+0000] {datalake_df2csv.py:52} INFO - ✅ Đã upload 62 dòng -> s3://thongtin-congty-va-bctc/financial_ratios/2026-02-04/batch_436.csv
[2026-02-04T15:29:48.991+0000] {taskinstance.py:441} INFO - ::group::Post task execution logs
[2026-02-04T15:29:49.012+0000] {taskinstance.py:1206} INFO - Marking task as SUCCESS. dag_id=financial_ratios_minio, task_id=ingest_financial_ratios, run_id=manual__2026-02-04T14:54:19+00:00, map_index=436, execution_date=20260204T145419, start_date=20260204T152940, end_date=20260204T152949
[2026-02-04T15:29:49.173+0000] {local_task_job_runner.py:243} INFO - Task exited with return code 0
[2026-02-04T15:29:49.203+0000] {taskinstance.py:3503} INFO - 0 downstream tasks scheduled from follow-on schedule check
[2026-02-04T15:29:49.212+0000] {local_task_job_runner.py:222} INFO - ::endgroup::
