[2026-03-04T14:02:29.080+0000] {local_task_job_runner.py:120} INFO - ::group::Pre task execution logs
[2026-03-04T14:02:29.121+0000] {taskinstance.py:2076} INFO - Dependencies all met for dep_context=non-requeueable deps ti=<TaskInstance: electric_board_daily.ingest_electric_board scheduled__2026-03-02T16:00:00+00:00 map_index=18 [queued]>
[2026-03-04T14:02:29.138+0000] {taskinstance.py:2076} INFO - Dependencies all met for dep_context=requeueable deps ti=<TaskInstance: electric_board_daily.ingest_electric_board scheduled__2026-03-02T16:00:00+00:00 map_index=18 [queued]>
[2026-03-04T14:02:29.139+0000] {taskinstance.py:2306} INFO - Starting attempt 1 of 3
[2026-03-04T14:02:29.165+0000] {taskinstance.py:2330} INFO - Executing <Mapped(DfToCsvOperator): ingest_electric_board> on 2026-03-02 16:00:00+00:00
[2026-03-04T14:02:29.178+0000] {warnings.py:112} WARNING - This process (pid=458) is multi-threaded, use of fork() may lead to deadlocks in the child.

[2026-03-04T14:02:29.180+0000] {standard_task_runner.py:64} INFO - Started process 479 to run task
[2026-03-04T14:02:29.188+0000] {standard_task_runner.py:90} INFO - Running: ['***', 'tasks', 'run', 'electric_board_daily', 'ingest_electric_board', 'scheduled__2026-03-02T16:00:00+00:00', '--job-id', '30323', '--raw', '--subdir', 'DAGS_FOLDER/dl_electric_board.py', '--cfg-path', '/tmp/tmphjzk4rwv', '--map-index', '18']
[2026-03-04T14:02:29.193+0000] {standard_task_runner.py:91} INFO - Job 30323: Subtask ingest_electric_board
[2026-03-04T14:02:29.276+0000] {task_command.py:426} INFO - Running <TaskInstance: electric_board_daily.ingest_electric_board scheduled__2026-03-02T16:00:00+00:00 map_index=18 [running]> on host 6cdbaa9d95d1
[2026-03-04T14:02:29.514+0000] {taskinstance.py:2648} INFO - Exporting env vars: AIRFLOW_CTX_DAG_OWNER='***' AIRFLOW_CTX_DAG_ID='electric_board_daily' AIRFLOW_CTX_TASK_ID='ingest_electric_board' AIRFLOW_CTX_EXECUTION_DATE='2026-03-02T16:00:00+00:00' AIRFLOW_CTX_TRY_NUMBER='1' AIRFLOW_CTX_DAG_RUN_ID='scheduled__2026-03-02T16:00:00+00:00'
[2026-03-04T14:02:29.517+0000] {taskinstance.py:430} INFO - ::endgroup::
[2026-03-04T14:02:29.518+0000] {datalake_df2csv.py:40} INFO - ================================================================================
[2026-03-04T14:02:29.519+0000] {datalake_df2csv.py:41} INFO - 🚀 BẮT ĐẦU TASK: ingest_electric_board
[2026-03-04T14:02:29.519+0000] {datalake_df2csv.py:42} INFO - ================================================================================
[2026-03-04T14:02:29.520+0000] {datalake_df2csv.py:43} INFO - 📋 Thông tin cấu hình:
[2026-03-04T14:02:29.521+0000] {datalake_df2csv.py:44} INFO -   - Logic file: electric_board
[2026-03-04T14:02:29.521+0000] {datalake_df2csv.py:45} INFO -   - DataFrame name: get_price_board_batch
[2026-03-04T14:02:29.522+0000] {datalake_df2csv.py:46} INFO -   - Bucket: thongtin-congty-va-bctc
[2026-03-04T14:02:29.523+0000] {datalake_df2csv.py:47} INFO -   - Object path: electric_board_per_day/2026-03-02/batch_18.csv
[2026-03-04T14:02:29.523+0000] {datalake_df2csv.py:48} INFO -   - Connection ID: minio_finance
[2026-03-04T14:02:29.524+0000] {datalake_df2csv.py:49} INFO -   - Tham số truyền vào: {'symbols': ['TW3', 'STS', 'AGP', 'VXB', 'HRC', 'VMS', 'HSA', 'ORS', 'HPI', 'VEF', 'VMC', 'DID', 'NET', 'VTP', 'NAP', 'TS3', 'CX8', 'BAL', 'FTM', 'DDN', 'SDN', 'UPC', 'HUB', 'GTD', 'EVG', 'BCV', 'TNG', 'SEP', 'BSR', 'SGC', 'COM', 'CRC', 'TTF', 'TV3', 'LBM', 'VLA', 'DS3', 'ACE', 'ISG', 'PWS', 'S55', 'OPC', 'LSS', 'LMI', 'MTA', 'DHB', 'BID', 'PVM', 'MGC', 'DWC'], 'trading_date': '2026-03-02'}
[2026-03-04T14:02:29.525+0000] {datalake_df2csv.py:50} INFO - --------------------------------------------------------------------------------
[2026-03-04T14:02:29.526+0000] {datalake_df2csv.py:54} INFO - 📥 Bước 1: Đang load dữ liệu từ logic file...
[2026-03-04T14:02:29.535+0000] {datalake_df2csv.py:148} INFO -   - Logic directory: /opt/airflow/plugins/logic
[2026-03-04T14:02:29.537+0000] {datalake_df2csv.py:149} INFO -   - Module path: /opt/airflow/plugins/logic/electric_board.py
[2026-03-04T14:02:29.539+0000] {datalake_df2csv.py:153} INFO -   - Đã thêm logic directory vào sys.path
[2026-03-04T14:02:29.545+0000] {datalake_df2csv.py:159} INFO -   - Đang load module 'electric_board'...
[2026-03-04T14:02:29.566+0000] {datalake_df2csv.py:163} INFO -   - ✅ Module loaded thành công
[2026-03-04T14:02:29.571+0000] {datalake_df2csv.py:165} INFO -   - Đang tìm DataFrame/function: 'get_price_board_batch'...
[2026-03-04T14:02:29.577+0000] {datalake_df2csv.py:170} INFO -   - ✅ Tìm thấy object: function
[2026-03-04T14:02:29.580+0000] {datalake_df2csv.py:173} INFO -   - Đang gọi function với tham số: {'symbols': ['TW3', 'STS', 'AGP', 'VXB', 'HRC', 'VMS', 'HSA', 'ORS', 'HPI', 'VEF', 'VMC', 'DID', 'NET', 'VTP', 'NAP', 'TS3', 'CX8', 'BAL', 'FTM', 'DDN', 'SDN', 'UPC', 'HUB', 'GTD', 'EVG', 'BCV', 'TNG', 'SEP', 'BSR', 'SGC', 'COM', 'CRC', 'TTF', 'TV3', 'LBM', 'VLA', 'DS3', 'ACE', 'ISG', 'PWS', 'S55', 'OPC', 'LSS', 'LMI', 'MTA', 'DHB', 'BID', 'PVM', 'MGC', 'DWC'], 'trading_date': '2026-03-02'}
[2026-03-04T14:02:29.582+0000] {logging_mixin.py:188} INFO - [ELECTRIC_BOARD] Fetching price board for 50 symbols: ['TW3', 'STS', 'AGP', 'VXB', 'HRC']...
[2026-03-04T14:02:33.152+0000] {logging_mixin.py:188} INFO - [ELECTRIC_BOARD] ✅ Fetched 50 rows, 1 columns
[2026-03-04T14:02:33.268+0000] {datalake_df2csv.py:68} INFO - ✅ Load dữ liệu thành công!
[2026-03-04T14:02:33.269+0000] {datalake_df2csv.py:69} INFO - 📊 Thông tin DataFrame:
[2026-03-04T14:02:33.270+0000] {datalake_df2csv.py:70} INFO -   - Số dòng: 50
[2026-03-04T14:02:33.271+0000] {datalake_df2csv.py:71} INFO -   - Số cột: 1
[2026-03-04T14:02:33.271+0000] {datalake_df2csv.py:72} INFO -   - Tên các cột: ['trading_date']
[2026-03-04T14:02:33.273+0000] {datalake_df2csv.py:73} INFO -   - Kiểu dữ liệu: {'trading_date': 'object'}
[2026-03-04T14:02:33.276+0000] {datalake_df2csv.py:74} INFO -   - Bộ nhớ sử dụng: 0.00 MB
[2026-03-04T14:02:33.278+0000] {datalake_df2csv.py:83} INFO -   - Không có giá trị NULL
[2026-03-04T14:02:33.279+0000] {datalake_df2csv.py:86} INFO -   - Mẫu dữ liệu (5 dòng đầu):
[2026-03-04T14:02:33.280+0000] {datalake_df2csv.py:88} INFO -     Row 0: {'trading_date': '2026-03-02'}
[2026-03-04T14:02:33.281+0000] {datalake_df2csv.py:88} INFO -     Row 1: {'trading_date': '2026-03-02'}
[2026-03-04T14:02:33.281+0000] {datalake_df2csv.py:88} INFO -     Row 2: {'trading_date': '2026-03-02'}
[2026-03-04T14:02:33.282+0000] {datalake_df2csv.py:88} INFO -     Row 3: {'trading_date': '2026-03-02'}
[2026-03-04T14:02:33.283+0000] {datalake_df2csv.py:88} INFO -     Row 4: {'trading_date': '2026-03-02'}
[2026-03-04T14:02:33.283+0000] {datalake_df2csv.py:90} INFO - --------------------------------------------------------------------------------
[2026-03-04T14:02:33.283+0000] {datalake_df2csv.py:93} INFO - 📝 Bước 2: Đang chuyển đổi DataFrame sang CSV...
[2026-03-04T14:02:33.293+0000] {datalake_df2csv.py:97} INFO - ✅ Chuyển đổi CSV thành công!
[2026-03-04T14:02:33.294+0000] {datalake_df2csv.py:98} INFO -   - Kích thước file: 0.00 MB
[2026-03-04T14:02:33.295+0000] {datalake_df2csv.py:99} INFO -   - Thời gian chuyển đổi: 0.01 giây
[2026-03-04T14:02:33.296+0000] {datalake_df2csv.py:100} INFO - --------------------------------------------------------------------------------
[2026-03-04T14:02:33.296+0000] {datalake_df2csv.py:103} INFO - ☁️  Bước 3: Đang upload lên MinIO/S3...
[2026-03-04T14:02:33.308+0000] {base.py:84} INFO - Using connection ID 'minio_finance' for task execution.
[2026-03-04T14:02:33.309+0000] {connection_wrapper.py:384} INFO - AWS Connection (conn_id='minio_finance', conn_type='aws') credentials retrieved from login and password.
[2026-03-04T14:02:34.451+0000] {datalake_df2csv.py:112} INFO -   - Bucket 'thongtin-congty-va-bctc' đã tồn tại
[2026-03-04T14:02:34.503+0000] {datalake_df2csv.py:117} INFO - ✅ Upload thành công!
[2026-03-04T14:02:34.504+0000] {datalake_df2csv.py:118} INFO -   - Đường dẫn: s3://thongtin-congty-va-bctc/electric_board_per_day/2026-03-02/batch_18.csv
[2026-03-04T14:02:34.505+0000] {datalake_df2csv.py:119} INFO -   - Số dòng: 50
[2026-03-04T14:02:34.505+0000] {datalake_df2csv.py:120} INFO -   - Thời gian upload: 1.21 giây
[2026-03-04T14:02:34.506+0000] {datalake_df2csv.py:121} INFO - --------------------------------------------------------------------------------
[2026-03-04T14:02:34.506+0000] {datalake_df2csv.py:125} INFO - 📈 TỔNG KẾT:
[2026-03-04T14:02:34.507+0000] {datalake_df2csv.py:126} INFO -   - Tổng thời gian thực thi: 4.99 giây
[2026-03-04T14:02:34.509+0000] {datalake_df2csv.py:127} INFO -   - Tốc độ xử lý: 10 dòng/giây
[2026-03-04T14:02:34.510+0000] {datalake_df2csv.py:128} INFO - ================================================================================
[2026-03-04T14:02:34.510+0000] {datalake_df2csv.py:129} INFO - ✅ HOÀN THÀNH TASK: ingest_electric_board
[2026-03-04T14:02:34.511+0000] {datalake_df2csv.py:130} INFO - ================================================================================
[2026-03-04T14:02:34.512+0000] {taskinstance.py:441} INFO - ::group::Post task execution logs
[2026-03-04T14:02:34.526+0000] {taskinstance.py:1206} INFO - Marking task as SUCCESS. dag_id=electric_board_daily, task_id=ingest_electric_board, run_id=scheduled__2026-03-02T16:00:00+00:00, map_index=18, execution_date=20260302T160000, start_date=20260304T140229, end_date=20260304T140234
[2026-03-04T14:02:34.577+0000] {local_task_job_runner.py:243} INFO - Task exited with return code 0
[2026-03-04T14:02:34.597+0000] {taskinstance.py:3503} INFO - 0 downstream tasks scheduled from follow-on schedule check
[2026-03-04T14:02:34.602+0000] {local_task_job_runner.py:222} INFO - ::endgroup::
