[2026-02-04T14:12:26.624+0000] {local_task_job_runner.py:120} INFO - ::group::Pre task execution logs
[2026-02-04T14:12:26.678+0000] {taskinstance.py:2076} INFO - Dependencies all met for dep_context=non-requeueable deps ti=<TaskInstance: minio_to_db_sync.sync_news scheduled__2026-02-03T03:00:00+00:00 [queued]>
[2026-02-04T14:12:26.698+0000] {taskinstance.py:2076} INFO - Dependencies all met for dep_context=requeueable deps ti=<TaskInstance: minio_to_db_sync.sync_news scheduled__2026-02-03T03:00:00+00:00 [queued]>
[2026-02-04T14:12:26.698+0000] {taskinstance.py:2306} INFO - Starting attempt 1 of 3
[2026-02-04T14:12:26.736+0000] {taskinstance.py:2330} INFO - Executing <Task(_PythonDecoratedOperator): sync_news> on 2026-02-03 03:00:00+00:00
[2026-02-04T14:12:26.760+0000] {warnings.py:112} WARNING - This process (pid=74) is multi-threaded, use of fork() may lead to deadlocks in the child.

[2026-02-04T14:12:26.772+0000] {standard_task_runner.py:64} INFO - Started process 253 to run task
[2026-02-04T14:12:26.805+0000] {standard_task_runner.py:90} INFO - Running: ['***', 'tasks', 'run', 'minio_to_db_sync', 'sync_news', 'scheduled__2026-02-03T03:00:00+00:00', '--job-id', '16318', '--raw', '--subdir', 'DAGS_FOLDER/minio_to_db_sync.py', '--cfg-path', '/tmp/tmpsep6ge4z']
[2026-02-04T14:12:26.819+0000] {standard_task_runner.py:91} INFO - Job 16318: Subtask sync_news
[2026-02-04T14:12:27.053+0000] {task_command.py:426} INFO - Running <TaskInstance: minio_to_db_sync.sync_news scheduled__2026-02-03T03:00:00+00:00 [running]> on host 918dbd497d34
[2026-02-04T14:12:27.300+0000] {taskinstance.py:2648} INFO - Exporting env vars: AIRFLOW_CTX_DAG_OWNER='***' AIRFLOW_CTX_DAG_ID='minio_to_db_sync' AIRFLOW_CTX_TASK_ID='sync_news' AIRFLOW_CTX_EXECUTION_DATE='2026-02-03T03:00:00+00:00' AIRFLOW_CTX_TRY_NUMBER='1' AIRFLOW_CTX_DAG_RUN_ID='scheduled__2026-02-03T03:00:00+00:00'
[2026-02-04T14:12:27.306+0000] {taskinstance.py:430} INFO - ::endgroup::
[2026-02-04T14:12:27.357+0000] {logging_mixin.py:188} INFO - ======================================================================
[2026-02-04T14:12:27.358+0000] {logging_mixin.py:188} INFO - 📊 SYNC NEWS TO DATABASE
[2026-02-04T14:12:27.359+0000] {logging_mixin.py:188} INFO - ======================================================================
[2026-02-04T14:12:27.359+0000] {logging_mixin.py:188} INFO - 
[1/4] Finding latest partition...
[2026-02-04T14:12:27.392+0000] {base.py:84} INFO - Using connection ID 'minio_finance' for task execution.
[2026-02-04T14:12:27.395+0000] {connection_wrapper.py:384} INFO - AWS Connection (conn_id='minio_finance', conn_type='aws') credentials retrieved from login and password.
[2026-02-04T14:12:29.997+0000] {logging_mixin.py:188} INFO - ✓ Latest partition found: news/site/2026-01-29/
[2026-02-04T14:12:29.998+0000] {logging_mixin.py:188} INFO - 
[2/4] Reading files...
[2026-02-04T14:12:30.009+0000] {base.py:84} INFO - Using connection ID 'minio_finance' for task execution.
[2026-02-04T14:12:30.010+0000] {connection_wrapper.py:384} INFO - AWS Connection (conn_id='minio_finance', conn_type='aws') credentials retrieved from login and password.
[2026-02-04T14:12:30.299+0000] {logging_mixin.py:188} INFO - Processing CSV: news/site/2026-01-29/news_site_20260129T180000.csv
[2026-02-04T14:12:30.308+0000] {base.py:84} INFO - Using connection ID 'minio_finance' for task execution.
[2026-02-04T14:12:30.309+0000] {connection_wrapper.py:384} INFO - AWS Connection (conn_id='minio_finance', conn_type='aws') credentials retrieved from login and password.
[2026-02-04T14:12:30.499+0000] {logging_mixin.py:188} INFO - ✓ Read 1 rows from news/site/2026-01-29/news_site_20260129T180000.csv
[2026-02-04T14:12:30.506+0000] {logging_mixin.py:188} INFO - 
Total loaded: 1 rows
[2026-02-04T14:12:30.507+0000] {logging_mixin.py:188} INFO - 
[3/4] Cleaning and transforming data...
[2026-02-04T14:12:30.511+0000] {logging_mixin.py:188} INFO - After cleaning: 1 rows
[2026-02-04T14:12:30.512+0000] {logging_mixin.py:188} INFO - 
[4/4] Inserting into database...
[2026-02-04T14:12:30.564+0000] {logging_mixin.py:188} INFO - ✓ Schema hethong_phantich_chungkhoan ensured
[2026-02-04T14:12:30.616+0000] {logging_mixin.py:188} INFO - Deleted 1 existing rows
[2026-02-04T14:12:30.629+0000] {logging_mixin.py:188} INFO - ✅ Inserted 1 new rows
[2026-02-04T14:12:30.632+0000] {python.py:237} INFO - Done. Returned value was: ✅ Success: 1 new rows
[2026-02-04T14:12:30.633+0000] {taskinstance.py:441} INFO - ::group::Post task execution logs
[2026-02-04T14:12:30.706+0000] {taskinstance.py:1206} INFO - Marking task as SUCCESS. dag_id=minio_to_db_sync, task_id=sync_news, run_id=scheduled__2026-02-03T03:00:00+00:00, execution_date=20260203T030000, start_date=20260204T141226, end_date=20260204T141230
[2026-02-04T14:12:30.779+0000] {local_task_job_runner.py:243} INFO - Task exited with return code 0
[2026-02-04T14:12:30.815+0000] {taskinstance.py:3503} INFO - 0 downstream tasks scheduled from follow-on schedule check
[2026-02-04T14:12:30.819+0000] {local_task_job_runner.py:222} INFO - ::endgroup::
