[2026-02-04T15:35:57.795+0000] {local_task_job_runner.py:120} INFO - ::group::Pre task execution logs
[2026-02-04T15:35:57.933+0000] {taskinstance.py:2076} INFO - Dependencies all met for dep_context=non-requeueable deps ti=<TaskInstance: financial_ratios_minio.ingest_financial_ratios manual__2026-02-04T14:54:19+00:00 map_index=579 [queued]>
[2026-02-04T15:35:58.037+0000] {taskinstance.py:2076} INFO - Dependencies all met for dep_context=requeueable deps ti=<TaskInstance: financial_ratios_minio.ingest_financial_ratios manual__2026-02-04T14:54:19+00:00 map_index=579 [queued]>
[2026-02-04T15:35:58.048+0000] {taskinstance.py:2306} INFO - Starting attempt 1 of 2
[2026-02-04T15:35:58.196+0000] {taskinstance.py:2330} INFO - Executing <Mapped(DfToCsvOperator): ingest_financial_ratios> on 2026-02-04 14:54:19+00:00
[2026-02-04T15:35:58.216+0000] {warnings.py:112} WARNING - This process (pid=10405) is multi-threaded, use of fork() may lead to deadlocks in the child.

[2026-02-04T15:35:58.218+0000] {standard_task_runner.py:64} INFO - Started process 10511 to run task
[2026-02-04T15:35:58.221+0000] {standard_task_runner.py:90} INFO - Running: ['***', 'tasks', 'run', 'financial_ratios_minio', 'ingest_financial_ratios', 'manual__2026-02-04T14:54:19+00:00', '--job-id', '17831', '--raw', '--subdir', 'DAGS_FOLDER/dl_financial_ratios.py', '--cfg-path', '/tmp/tmp84pmdjuu', '--map-index', '579']
[2026-02-04T15:35:58.227+0000] {standard_task_runner.py:91} INFO - Job 17831: Subtask ingest_financial_ratios
[2026-02-04T15:35:58.327+0000] {task_command.py:426} INFO - Running <TaskInstance: financial_ratios_minio.ingest_financial_ratios manual__2026-02-04T14:54:19+00:00 map_index=579 [running]> on host 918dbd497d34
[2026-02-04T15:35:58.552+0000] {taskinstance.py:2648} INFO - Exporting env vars: AIRFLOW_CTX_DAG_OWNER='***' AIRFLOW_CTX_DAG_ID='financial_ratios_minio' AIRFLOW_CTX_TASK_ID='ingest_financial_ratios' AIRFLOW_CTX_EXECUTION_DATE='2026-02-04T14:54:19+00:00' AIRFLOW_CTX_TRY_NUMBER='1' AIRFLOW_CTX_DAG_RUN_ID='manual__2026-02-04T14:54:19+00:00'
[2026-02-04T15:35:58.554+0000] {taskinstance.py:430} INFO - ::endgroup::
[2026-02-04T15:35:58.572+0000] {logging_mixin.py:188} INFO - [RATIO] Bắt đầu xử lý batch 2 mã: ['HDM', 'HDG']
[2026-02-04T15:35:58.573+0000] {logging_mixin.py:188} INFO - [RATIO] Kỳ dữ liệu: quarter
[2026-02-04T15:35:58.574+0000] {logging_mixin.py:188} INFO -  >> [RATIO] Đang lấy dữ liệu: HDM
[2026-02-04T15:35:59.413+0000] {logging_mixin.py:188} INFO -  ✓ [RATIO] HDM: 13 rows
[2026-02-04T15:36:01.414+0000] {logging_mixin.py:188} INFO -  >> [RATIO] Đang lấy dữ liệu: HDG
[2026-02-04T15:36:02.790+0000] {logging_mixin.py:188} INFO -  ✓ [RATIO] HDG: 54 rows
[2026-02-04T15:36:04.792+0000] {logging_mixin.py:188} INFO -  ✅ [RATIO] Hoàn thành batch. Tổng số dòng: 67
[2026-02-04T15:36:04.811+0000] {base.py:84} INFO - Using connection ID 'minio_finance' for task execution.
[2026-02-04T15:36:04.812+0000] {connection_wrapper.py:384} INFO - AWS Connection (conn_id='minio_finance', conn_type='aws') credentials retrieved from login and password.
[2026-02-04T15:36:05.513+0000] {datalake_df2csv.py:52} INFO - ✅ Đã upload 67 dòng -> s3://thongtin-congty-va-bctc/financial_ratios/2026-02-04/batch_579.csv
[2026-02-04T15:36:05.514+0000] {taskinstance.py:441} INFO - ::group::Post task execution logs
[2026-02-04T15:36:05.528+0000] {taskinstance.py:1206} INFO - Marking task as SUCCESS. dag_id=financial_ratios_minio, task_id=ingest_financial_ratios, run_id=manual__2026-02-04T14:54:19+00:00, map_index=579, execution_date=20260204T145419, start_date=20260204T153557, end_date=20260204T153605
[2026-02-04T15:36:05.675+0000] {local_task_job_runner.py:243} INFO - Task exited with return code 0
[2026-02-04T15:36:05.698+0000] {taskinstance.py:3503} INFO - 0 downstream tasks scheduled from follow-on schedule check
[2026-02-04T15:36:05.702+0000] {local_task_job_runner.py:222} INFO - ::endgroup::
