[2026-01-15T13:22:37.766+0000] {local_task_job_runner.py:120} INFO - ::group::Pre task execution logs
[2026-01-15T13:22:37.789+0000] {taskinstance.py:2076} INFO - Dependencies all met for dep_context=non-requeueable deps ti=<TaskInstance: company_people_to_minio.ingest_people manual__2026-01-15T12:57:11.267903+00:00 map_index=62 [queued]>
[2026-01-15T13:22:37.806+0000] {taskinstance.py:2076} INFO - Dependencies all met for dep_context=requeueable deps ti=<TaskInstance: company_people_to_minio.ingest_people manual__2026-01-15T12:57:11.267903+00:00 map_index=62 [queued]>
[2026-01-15T13:22:37.807+0000] {taskinstance.py:2306} INFO - Starting attempt 1 of 2
[2026-01-15T13:22:37.820+0000] {taskinstance.py:2330} INFO - Executing <Mapped(DfToCsvOperator): ingest_people> on 2026-01-15 12:57:11.267903+00:00
[2026-01-15T13:22:37.831+0000] {warnings.py:112} WARNING - This process (pid=6317) is multi-threaded, use of fork() may lead to deadlocks in the child.

[2026-01-15T13:22:37.832+0000] {standard_task_runner.py:64} INFO - Started process 6336 to run task
[2026-01-15T13:22:37.834+0000] {standard_task_runner.py:90} INFO - Running: ['***', 'tasks', 'run', 'company_people_to_minio', 'ingest_people', 'manual__2026-01-15T12:57:11.267903+00:00', '--job-id', '16106', '--raw', '--subdir', 'DAGS_FOLDER/company_people_to_minio.py', '--cfg-path', '/tmp/tmpu7hlm0vd', '--map-index', '62']
[2026-01-15T13:22:37.839+0000] {standard_task_runner.py:91} INFO - Job 16106: Subtask ingest_people
[2026-01-15T13:22:37.878+0000] {task_command.py:426} INFO - Running <TaskInstance: company_people_to_minio.ingest_people manual__2026-01-15T12:57:11.267903+00:00 map_index=62 [running]> on host 48331fd7a179
[2026-01-15T13:22:37.991+0000] {taskinstance.py:2648} INFO - Exporting env vars: AIRFLOW_CTX_DAG_OWNER='***' AIRFLOW_CTX_DAG_ID='company_people_to_minio' AIRFLOW_CTX_TASK_ID='ingest_people' AIRFLOW_CTX_EXECUTION_DATE='2026-01-15T12:57:11.267903+00:00' AIRFLOW_CTX_TRY_NUMBER='1' AIRFLOW_CTX_DAG_RUN_ID='manual__2026-01-15T12:57:11.267903+00:00'
[2026-01-15T13:22:37.993+0000] {taskinstance.py:430} INFO - ::endgroup::
[2026-01-15T13:22:57.241+0000] {base.py:84} INFO - Using connection ID 'minio_finance' for task execution.
[2026-01-15T13:22:57.243+0000] {connection_wrapper.py:384} INFO - AWS Connection (conn_id='minio_finance', conn_type='aws') credentials retrieved from login and password.
[2026-01-15T13:22:58.793+0000] {datalake_df2csv.py:52} INFO - ✅ Đã upload 466 dòng -> s3://thongtin-congty-va-bctc/people/date=2026-01-15/batch_62.csv
[2026-01-15T13:22:58.795+0000] {taskinstance.py:441} INFO - ::group::Post task execution logs
[2026-01-15T13:22:58.812+0000] {taskinstance.py:1206} INFO - Marking task as SUCCESS. dag_id=company_people_to_minio, task_id=ingest_people, run_id=manual__2026-01-15T12:57:11.267903+00:00, map_index=62, execution_date=20260115T125711, start_date=20260115T132237, end_date=20260115T132258
[2026-01-15T13:22:58.851+0000] {local_task_job_runner.py:243} INFO - Task exited with return code 0
[2026-01-15T13:22:58.892+0000] {taskinstance.py:3503} INFO - 0 downstream tasks scheduled from follow-on schedule check
[2026-01-15T13:22:58.894+0000] {local_task_job_runner.py:222} INFO - ::endgroup::
