[2026-01-18T03:36:07.689+0000] {local_task_job_runner.py:120} INFO - ::group::Pre task execution logs
[2026-01-18T03:36:07.720+0000] {taskinstance.py:2076} INFO - Dependencies all met for dep_context=non-requeueable deps ti=<TaskInstance: financial_ratios_etl.ingest_financial_ratios scheduled__2026-01-11T02:00:00+00:00 map_index=52 [queued]>
[2026-01-18T03:36:07.735+0000] {taskinstance.py:2076} INFO - Dependencies all met for dep_context=requeueable deps ti=<TaskInstance: financial_ratios_etl.ingest_financial_ratios scheduled__2026-01-11T02:00:00+00:00 map_index=52 [queued]>
[2026-01-18T03:36:07.736+0000] {taskinstance.py:2306} INFO - Starting attempt 1 of 2
[2026-01-18T03:36:07.757+0000] {taskinstance.py:2330} INFO - Executing <Mapped(DfToCsvOperator): ingest_financial_ratios> on 2026-01-11 02:00:00+00:00
[2026-01-18T03:36:07.770+0000] {warnings.py:112} WARNING - This process (pid=5597) is multi-threaded, use of fork() may lead to deadlocks in the child.

[2026-01-18T03:36:07.772+0000] {standard_task_runner.py:64} INFO - Started process 5658 to run task
[2026-01-18T03:36:07.777+0000] {standard_task_runner.py:90} INFO - Running: ['***', 'tasks', 'run', 'financial_ratios_etl', 'ingest_financial_ratios', 'scheduled__2026-01-11T02:00:00+00:00', '--job-id', '1891', '--raw', '--subdir', 'DAGS_FOLDER/financial_ratios_etl.py', '--cfg-path', '/tmp/tmp11zd530j', '--map-index', '52']
[2026-01-18T03:36:07.783+0000] {standard_task_runner.py:91} INFO - Job 1891: Subtask ingest_financial_ratios
[2026-01-18T03:36:07.861+0000] {task_command.py:426} INFO - Running <TaskInstance: financial_ratios_etl.ingest_financial_ratios scheduled__2026-01-11T02:00:00+00:00 map_index=52 [running]> on host 5ae19da926ef
[2026-01-18T03:36:08.007+0000] {taskinstance.py:2648} INFO - Exporting env vars: AIRFLOW_CTX_DAG_OWNER='***' AIRFLOW_CTX_DAG_ID='financial_ratios_etl' AIRFLOW_CTX_TASK_ID='ingest_financial_ratios' AIRFLOW_CTX_EXECUTION_DATE='2026-01-11T02:00:00+00:00' AIRFLOW_CTX_TRY_NUMBER='1' AIRFLOW_CTX_DAG_RUN_ID='scheduled__2026-01-11T02:00:00+00:00'
[2026-01-18T03:36:08.008+0000] {taskinstance.py:430} INFO - ::endgroup::
[2026-01-18T03:36:08.017+0000] {logging_mixin.py:188} INFO - [RATIO] Bắt đầu xử lý batch 2 mã: ['VLP', 'VLG']
[2026-01-18T03:36:08.017+0000] {logging_mixin.py:188} INFO - [RATIO] Kỳ dữ liệu: quarter
[2026-01-18T03:36:08.018+0000] {logging_mixin.py:188} INFO -  >> [RATIO] Đang lấy dữ liệu: VLP
[2026-01-18T03:36:10.164+0000] {logging_mixin.py:188} INFO -  ✓ [RATIO] VLP: 2 rows
[2026-01-18T03:36:12.164+0000] {logging_mixin.py:188} INFO -  >> [RATIO] Đang lấy dữ liệu: VLG
[2026-01-18T03:36:13.982+0000] {logging_mixin.py:188} INFO -  ✓ [RATIO] VLG: 42 rows
[2026-01-18T03:36:15.987+0000] {logging_mixin.py:188} INFO -  ✅ [RATIO] Hoàn thành batch. Tổng số dòng: 44
[2026-01-18T03:36:16.006+0000] {base.py:84} INFO - Using connection ID 'minio_finance' for task execution.
[2026-01-18T03:36:16.007+0000] {connection_wrapper.py:384} INFO - AWS Connection (conn_id='minio_finance', conn_type='aws') credentials retrieved from login and password.
[2026-01-18T03:36:16.480+0000] {datalake_df2csv.py:52} INFO - ✅ Đã upload 44 dòng -> s3://thongtin-congty-va-bctc/financial_ratios/2026-01-11/batch_52.csv
[2026-01-18T03:36:16.482+0000] {taskinstance.py:441} INFO - ::group::Post task execution logs
[2026-01-18T03:36:16.492+0000] {taskinstance.py:1206} INFO - Marking task as SUCCESS. dag_id=financial_ratios_etl, task_id=ingest_financial_ratios, run_id=scheduled__2026-01-11T02:00:00+00:00, map_index=52, execution_date=20260111T020000, start_date=20260118T033607, end_date=20260118T033616
[2026-01-18T03:36:16.536+0000] {local_task_job_runner.py:243} INFO - Task exited with return code 0
[2026-01-18T03:36:16.553+0000] {taskinstance.py:3503} INFO - 0 downstream tasks scheduled from follow-on schedule check
[2026-01-18T03:36:16.555+0000] {local_task_job_runner.py:222} INFO - ::endgroup::
