[2026-03-10T13:47:00.532+0000] {local_task_job_runner.py:120} INFO - ::group::Pre task execution logs
[2026-03-10T13:47:00.571+0000] {taskinstance.py:2076} INFO - Dependencies all met for dep_context=non-requeueable deps ti=<TaskInstance: daily_price.ingest_daily_price scheduled__2026-03-06T16:00:00+00:00 map_index=48 [queued]>
[2026-03-10T13:47:00.598+0000] {taskinstance.py:2076} INFO - Dependencies all met for dep_context=requeueable deps ti=<TaskInstance: daily_price.ingest_daily_price scheduled__2026-03-06T16:00:00+00:00 map_index=48 [queued]>
[2026-03-10T13:47:00.599+0000] {taskinstance.py:2306} INFO - Starting attempt 1 of 2
[2026-03-10T13:47:00.638+0000] {taskinstance.py:2330} INFO - Executing <Mapped(DfToCsvOperator): ingest_daily_price> on 2026-03-06 16:00:00+00:00
[2026-03-10T13:47:00.654+0000] {warnings.py:112} WARNING - This process (pid=813) is multi-threaded, use of fork() may lead to deadlocks in the child.

[2026-03-10T13:47:00.656+0000] {standard_task_runner.py:64} INFO - Started process 859 to run task
[2026-03-10T13:47:00.659+0000] {standard_task_runner.py:90} INFO - Running: ['***', 'tasks', 'run', 'daily_price', 'ingest_daily_price', 'scheduled__2026-03-06T16:00:00+00:00', '--job-id', '31917', '--raw', '--subdir', 'DAGS_FOLDER/dl_dailly_price.py', '--cfg-path', '/tmp/tmp307wf09t', '--map-index', '48']
[2026-03-10T13:47:00.663+0000] {standard_task_runner.py:91} INFO - Job 31917: Subtask ingest_daily_price
[2026-03-10T13:47:00.740+0000] {task_command.py:426} INFO - Running <TaskInstance: daily_price.ingest_daily_price scheduled__2026-03-06T16:00:00+00:00 map_index=48 [running]> on host a484976c6a47
[2026-03-10T13:47:00.920+0000] {taskinstance.py:2648} INFO - Exporting env vars: AIRFLOW_CTX_DAG_OWNER='***' AIRFLOW_CTX_DAG_ID='daily_price' AIRFLOW_CTX_TASK_ID='ingest_daily_price' AIRFLOW_CTX_EXECUTION_DATE='2026-03-06T16:00:00+00:00' AIRFLOW_CTX_TRY_NUMBER='1' AIRFLOW_CTX_DAG_RUN_ID='scheduled__2026-03-06T16:00:00+00:00'
[2026-03-10T13:47:00.922+0000] {taskinstance.py:430} INFO - ::endgroup::
[2026-03-10T13:47:00.923+0000] {datalake_df2csv.py:40} INFO - ================================================================================
[2026-03-10T13:47:00.923+0000] {datalake_df2csv.py:41} INFO - 🚀 BẮT ĐẦU TASK: ingest_daily_price
[2026-03-10T13:47:00.924+0000] {datalake_df2csv.py:42} INFO - ================================================================================
[2026-03-10T13:47:00.924+0000] {datalake_df2csv.py:43} INFO - 📋 Thông tin cấu hình:
[2026-03-10T13:47:00.925+0000] {datalake_df2csv.py:44} INFO -   - Logic file: history_price
[2026-03-10T13:47:00.925+0000] {datalake_df2csv.py:45} INFO -   - DataFrame name: get_history_price_batch
[2026-03-10T13:47:00.925+0000] {datalake_df2csv.py:46} INFO -   - Bucket: thongtin-congty-va-bctc
[2026-03-10T13:47:00.926+0000] {datalake_df2csv.py:47} INFO -   - Object path: daily_price/2026-03-06/batch_48.csv
[2026-03-10T13:47:00.926+0000] {datalake_df2csv.py:48} INFO -   - Connection ID: minio_finance
[2026-03-10T13:47:00.927+0000] {datalake_df2csv.py:49} INFO -   - Tham số truyền vào: {'symbols': ['KST', 'PTL', 'SGP', 'TDT', 'DGW'], 'start_date': '2026-03-06', 'end_date': '2026-03-07'}
[2026-03-10T13:47:00.927+0000] {datalake_df2csv.py:50} INFO - --------------------------------------------------------------------------------
[2026-03-10T13:47:00.927+0000] {datalake_df2csv.py:54} INFO - 📥 Bước 1: Đang load dữ liệu từ logic file...
[2026-03-10T13:47:00.931+0000] {datalake_df2csv.py:148} INFO -   - Logic directory: /opt/airflow/plugins/logic
[2026-03-10T13:47:00.932+0000] {datalake_df2csv.py:149} INFO -   - Module path: /opt/airflow/plugins/logic/history_price.py
[2026-03-10T13:47:00.933+0000] {datalake_df2csv.py:153} INFO -   - Đã thêm logic directory vào sys.path
[2026-03-10T13:47:00.934+0000] {datalake_df2csv.py:159} INFO -   - Đang load module 'history_price'...
[2026-03-10T13:47:00.938+0000] {datalake_df2csv.py:163} INFO -   - ✅ Module loaded thành công
[2026-03-10T13:47:00.939+0000] {datalake_df2csv.py:165} INFO -   - Đang tìm DataFrame/function: 'get_history_price_batch'...
[2026-03-10T13:47:00.940+0000] {datalake_df2csv.py:170} INFO -   - ✅ Tìm thấy object: function
[2026-03-10T13:47:00.940+0000] {datalake_df2csv.py:173} INFO -   - Đang gọi function với tham số: {'symbols': ['KST', 'PTL', 'SGP', 'TDT', 'DGW'], 'start_date': '2026-03-06', 'end_date': '2026-03-07'}
[2026-03-10T13:47:24.050+0000] {log.py:232} WARNING - 2026-03-10 13:47:21 - vnstock.core.utils.client - ERROR - API request failed: HTTPSConnectionPool(host='trading.vietcap.com.vn', port=443): Max retries exceeded with url: /api/chart/OHLCChart/gap-chart (Caused by NameResolutionError("<urllib3.connection.HTTPSConnection object at 0x7f73a887a090>: Failed to resolve 'trading.vietcap.com.vn' ([Errno -3] Temporary failure in name resolution)"))
[2026-03-10T13:47:21.734+0000] {client.py:297} ERROR - API request failed: HTTPSConnectionPool(host='trading.vietcap.com.vn', port=443): Max retries exceeded with url: /api/chart/OHLCChart/gap-chart (Caused by NameResolutionError("<urllib3.connection.HTTPSConnection object at 0x7f73a887a090>: Failed to resolve 'trading.vietcap.com.vn' ([Errno -3] Temporary failure in name resolution)"))
[2026-03-10T13:47:36.398+0000] {datalake_df2csv.py:68} INFO - ✅ Load dữ liệu thành công!
[2026-03-10T13:47:36.399+0000] {datalake_df2csv.py:69} INFO - 📊 Thông tin DataFrame:
[2026-03-10T13:47:36.400+0000] {datalake_df2csv.py:70} INFO -   - Số dòng: 10
[2026-03-10T13:47:36.405+0000] {datalake_df2csv.py:71} INFO -   - Số cột: 7
[2026-03-10T13:47:36.421+0000] {datalake_df2csv.py:72} INFO -   - Tên các cột: ['ticker', 'trading_date', 'open', 'high', 'low', 'close', 'volume']
[2026-03-10T13:47:36.427+0000] {datalake_df2csv.py:73} INFO -   - Kiểu dữ liệu: {'ticker': 'object', 'trading_date': 'object', 'open': 'float64', 'high': 'float64', 'low': 'float64', 'close': 'float64', 'volume': 'int64'}
[2026-03-10T13:47:36.439+0000] {datalake_df2csv.py:74} INFO -   - Bộ nhớ sử dụng: 0.00 MB
[2026-03-10T13:47:36.442+0000] {datalake_df2csv.py:83} INFO -   - Không có giá trị NULL
[2026-03-10T13:47:36.444+0000] {datalake_df2csv.py:86} INFO -   - Mẫu dữ liệu (5 dòng đầu):
[2026-03-10T13:47:36.446+0000] {datalake_df2csv.py:88} INFO -     Row 0: {'ticker': 'KST', 'trading_date': '2026-02-11', 'open': 12.5, 'high': 12.5, 'low': 12.5, 'close': 12.5, 'volume': 200}
[2026-03-10T13:47:36.449+0000] {datalake_df2csv.py:88} INFO -     Row 1: {'ticker': 'KST', 'trading_date': '2026-02-23', 'open': 13.4, 'high': 13.4, 'low': 13.4, 'close': 13.4, 'volume': 100}
[2026-03-10T13:47:36.452+0000] {datalake_df2csv.py:88} INFO -     Row 2: {'ticker': 'PTL', 'trading_date': '2026-03-05', 'open': 2.84, 'high': 2.84, 'low': 2.78, 'close': 2.79, 'volume': 12300}
[2026-03-10T13:47:36.454+0000] {datalake_df2csv.py:88} INFO -     Row 3: {'ticker': 'PTL', 'trading_date': '2026-03-06', 'open': 2.76, 'high': 2.85, 'low': 2.75, 'close': 2.8, 'volume': 3400}
[2026-03-10T13:47:36.455+0000] {datalake_df2csv.py:88} INFO -     Row 4: {'ticker': 'SGP', 'trading_date': '2026-03-05', 'open': 27.6, 'high': 28.0, 'low': 26.6, 'close': 26.7, 'volume': 107200}
[2026-03-10T13:47:36.456+0000] {datalake_df2csv.py:90} INFO - --------------------------------------------------------------------------------
[2026-03-10T13:47:36.457+0000] {datalake_df2csv.py:93} INFO - 📝 Bước 2: Đang chuyển đổi DataFrame sang CSV...
[2026-03-10T13:47:36.463+0000] {datalake_df2csv.py:97} INFO - ✅ Chuyển đổi CSV thành công!
[2026-03-10T13:47:36.464+0000] {datalake_df2csv.py:98} INFO -   - Kích thước file: 0.00 MB
[2026-03-10T13:47:36.466+0000] {datalake_df2csv.py:99} INFO -   - Thời gian chuyển đổi: 0.01 giây
[2026-03-10T13:47:36.468+0000] {datalake_df2csv.py:100} INFO - --------------------------------------------------------------------------------
[2026-03-10T13:47:36.469+0000] {datalake_df2csv.py:103} INFO - ☁️  Bước 3: Đang upload lên MinIO/S3...
[2026-03-10T13:47:36.495+0000] {base.py:84} INFO - Using connection ID 'minio_finance' for task execution.
[2026-03-10T13:47:36.501+0000] {connection_wrapper.py:384} INFO - AWS Connection (conn_id='minio_finance', conn_type='aws') credentials retrieved from login and password.
[2026-03-10T13:47:37.398+0000] {datalake_df2csv.py:112} INFO -   - Bucket 'thongtin-congty-va-bctc' đã tồn tại
[2026-03-10T13:47:37.457+0000] {datalake_df2csv.py:117} INFO - ✅ Upload thành công!
[2026-03-10T13:47:37.458+0000] {datalake_df2csv.py:118} INFO -   - Đường dẫn: s3://thongtin-congty-va-bctc/daily_price/2026-03-06/batch_48.csv
[2026-03-10T13:47:37.458+0000] {datalake_df2csv.py:119} INFO -   - Số dòng: 10
[2026-03-10T13:47:37.459+0000] {datalake_df2csv.py:120} INFO -   - Thời gian upload: 0.99 giây
[2026-03-10T13:47:37.459+0000] {datalake_df2csv.py:121} INFO - --------------------------------------------------------------------------------
[2026-03-10T13:47:37.460+0000] {datalake_df2csv.py:125} INFO - 📈 TỔNG KẾT:
[2026-03-10T13:47:37.460+0000] {datalake_df2csv.py:126} INFO -   - Tổng thời gian thực thi: 36.54 giây
[2026-03-10T13:47:37.461+0000] {datalake_df2csv.py:127} INFO -   - Tốc độ xử lý: 0 dòng/giây
[2026-03-10T13:47:37.461+0000] {datalake_df2csv.py:128} INFO - ================================================================================
[2026-03-10T13:47:37.462+0000] {datalake_df2csv.py:129} INFO - ✅ HOÀN THÀNH TASK: ingest_daily_price
[2026-03-10T13:47:37.462+0000] {datalake_df2csv.py:130} INFO - ================================================================================
[2026-03-10T13:47:37.462+0000] {taskinstance.py:441} INFO - ::group::Post task execution logs
[2026-03-10T13:47:37.479+0000] {taskinstance.py:1206} INFO - Marking task as SUCCESS. dag_id=daily_price, task_id=ingest_daily_price, run_id=scheduled__2026-03-06T16:00:00+00:00, map_index=48, execution_date=20260306T160000, start_date=20260310T134700, end_date=20260310T134737
[2026-03-10T13:47:37.549+0000] {local_task_job_runner.py:243} INFO - Task exited with return code 0
[2026-03-10T13:47:37.582+0000] {taskinstance.py:3503} INFO - 0 downstream tasks scheduled from follow-on schedule check
[2026-03-10T13:47:37.586+0000] {local_task_job_runner.py:222} INFO - ::endgroup::
