[2026-04-27T16:05:58.140+0000] {local_task_job_runner.py:120} INFO - ::group::Pre task execution logs
[2026-04-27T16:05:58.194+0000] {taskinstance.py:2076} INFO - Dependencies all met for dep_context=non-requeueable deps ti=<TaskInstance: daily_price.ingest_daily_price scheduled__2026-04-24T16:00:00+00:00 map_index=7 [queued]>
[2026-04-27T16:05:58.216+0000] {taskinstance.py:2076} INFO - Dependencies all met for dep_context=requeueable deps ti=<TaskInstance: daily_price.ingest_daily_price scheduled__2026-04-24T16:00:00+00:00 map_index=7 [queued]>
[2026-04-27T16:05:58.217+0000] {taskinstance.py:2306} INFO - Starting attempt 1 of 2
[2026-04-27T16:05:58.251+0000] {taskinstance.py:2330} INFO - Executing <Mapped(DfToCsvOperator): ingest_daily_price> on 2026-04-24 16:00:00+00:00
[2026-04-27T16:05:58.315+0000] {warnings.py:112} WARNING - This process (pid=792) is multi-threaded, use of fork() may lead to deadlocks in the child.

[2026-04-27T16:05:58.318+0000] {standard_task_runner.py:64} INFO - Started process 899 to run task
[2026-04-27T16:05:58.322+0000] {standard_task_runner.py:90} INFO - Running: ['***', 'tasks', 'run', 'daily_price', 'ingest_daily_price', 'scheduled__2026-04-24T16:00:00+00:00', '--job-id', '45464', '--raw', '--subdir', 'DAGS_FOLDER/dl_dailly_price.py', '--cfg-path', '/tmp/tmpol0bxbao', '--map-index', '7']
[2026-04-27T16:05:58.330+0000] {standard_task_runner.py:91} INFO - Job 45464: Subtask ingest_daily_price
[2026-04-27T16:05:58.479+0000] {task_command.py:426} INFO - Running <TaskInstance: daily_price.ingest_daily_price scheduled__2026-04-24T16:00:00+00:00 map_index=7 [running]> on host bc2d5fd8dad6
[2026-04-27T16:05:59.666+0000] {taskinstance.py:2648} INFO - Exporting env vars: AIRFLOW_CTX_DAG_OWNER='***' AIRFLOW_CTX_DAG_ID='daily_price' AIRFLOW_CTX_TASK_ID='ingest_daily_price' AIRFLOW_CTX_EXECUTION_DATE='2026-04-24T16:00:00+00:00' AIRFLOW_CTX_TRY_NUMBER='1' AIRFLOW_CTX_DAG_RUN_ID='scheduled__2026-04-24T16:00:00+00:00'
[2026-04-27T16:05:59.669+0000] {taskinstance.py:430} INFO - ::endgroup::
[2026-04-27T16:05:59.670+0000] {datalake_df2csv.py:40} INFO - ================================================================================
[2026-04-27T16:05:59.676+0000] {datalake_df2csv.py:41} INFO - 🚀 BẮT ĐẦU TASK: ingest_daily_price
[2026-04-27T16:05:59.680+0000] {datalake_df2csv.py:42} INFO - ================================================================================
[2026-04-27T16:05:59.682+0000] {datalake_df2csv.py:43} INFO - 📋 Thông tin cấu hình:
[2026-04-27T16:05:59.684+0000] {datalake_df2csv.py:44} INFO -   - Logic file: history_price
[2026-04-27T16:05:59.685+0000] {datalake_df2csv.py:45} INFO -   - DataFrame name: get_history_price_batch
[2026-04-27T16:05:59.687+0000] {datalake_df2csv.py:46} INFO -   - Bucket: thongtin-congty-va-bctc
[2026-04-27T16:05:59.689+0000] {datalake_df2csv.py:47} INFO -   - Object path: daily_price/2026-04-24/batch_7.csv
[2026-04-27T16:05:59.694+0000] {datalake_df2csv.py:48} INFO -   - Connection ID: minio_finance
[2026-04-27T16:05:59.704+0000] {datalake_df2csv.py:49} INFO -   - Tham số truyền vào: {'symbols': ['HSV', 'PXT', 'VXT', 'ANV', 'TNV'], 'start_date': '2026-04-24', 'end_date': '2026-04-25'}
[2026-04-27T16:05:59.707+0000] {datalake_df2csv.py:50} INFO - --------------------------------------------------------------------------------
[2026-04-27T16:05:59.707+0000] {datalake_df2csv.py:54} INFO - 📥 Bước 1: Đang load dữ liệu từ logic file...
[2026-04-27T16:05:59.717+0000] {datalake_df2csv.py:148} INFO -   - Logic directory: /opt/airflow/plugins/logic
[2026-04-27T16:05:59.720+0000] {datalake_df2csv.py:149} INFO -   - Module path: /opt/airflow/plugins/logic/history_price.py
[2026-04-27T16:05:59.721+0000] {datalake_df2csv.py:153} INFO -   - Đã thêm logic directory vào sys.path
[2026-04-27T16:05:59.735+0000] {datalake_df2csv.py:159} INFO -   - Đang load module 'history_price'...
[2026-04-27T16:05:59.746+0000] {datalake_df2csv.py:163} INFO -   - ✅ Module loaded thành công
[2026-04-27T16:05:59.747+0000] {datalake_df2csv.py:165} INFO -   - Đang tìm DataFrame/function: 'get_history_price_batch'...
[2026-04-27T16:05:59.748+0000] {datalake_df2csv.py:170} INFO -   - ✅ Tìm thấy object: function
[2026-04-27T16:05:59.749+0000] {datalake_df2csv.py:173} INFO -   - Đang gọi function với tham số: {'symbols': ['HSV', 'PXT', 'VXT', 'ANV', 'TNV'], 'start_date': '2026-04-24', 'end_date': '2026-04-25'}
[2026-04-27T16:06:43.466+0000] {datalake_df2csv.py:68} INFO - ✅ Load dữ liệu thành công!
[2026-04-27T16:06:43.515+0000] {datalake_df2csv.py:69} INFO - 📊 Thông tin DataFrame:
[2026-04-27T16:06:43.516+0000] {datalake_df2csv.py:70} INFO -   - Số dòng: 10
[2026-04-27T16:06:43.667+0000] {datalake_df2csv.py:71} INFO -   - Số cột: 7
[2026-04-27T16:06:43.668+0000] {datalake_df2csv.py:72} INFO -   - Tên các cột: ['ticker', 'trading_date', 'open', 'high', 'low', 'close', 'volume']
[2026-04-27T16:06:43.670+0000] {datalake_df2csv.py:73} INFO -   - Kiểu dữ liệu: {'ticker': 'object', 'trading_date': 'object', 'open': 'float64', 'high': 'float64', 'low': 'float64', 'close': 'float64', 'volume': 'int64'}
[2026-04-27T16:06:43.707+0000] {datalake_df2csv.py:74} INFO -   - Bộ nhớ sử dụng: 0.00 MB
[2026-04-27T16:06:43.721+0000] {datalake_df2csv.py:83} INFO -   - Không có giá trị NULL
[2026-04-27T16:06:43.724+0000] {datalake_df2csv.py:86} INFO -   - Mẫu dữ liệu (5 dòng đầu):
[2026-04-27T16:06:43.736+0000] {datalake_df2csv.py:88} INFO -     Row 0: {'ticker': 'HSV', 'trading_date': '2026-04-23', 'open': 4.6, 'high': 4.6, 'low': 4.5, 'close': 4.5, 'volume': 16500}
[2026-04-27T16:06:43.739+0000] {datalake_df2csv.py:88} INFO -     Row 1: {'ticker': 'HSV', 'trading_date': '2026-04-24', 'open': 4.4, 'high': 4.5, 'low': 4.3, 'close': 4.5, 'volume': 32200}
[2026-04-27T16:06:43.740+0000] {datalake_df2csv.py:88} INFO -     Row 2: {'ticker': 'PXT', 'trading_date': '2026-04-17', 'open': 1.6, 'high': 1.6, 'low': 1.5, 'close': 1.5, 'volume': 32900}
[2026-04-27T16:06:43.742+0000] {datalake_df2csv.py:88} INFO -     Row 3: {'ticker': 'PXT', 'trading_date': '2026-04-24', 'open': 1.6, 'high': 1.6, 'low': 1.6, 'close': 1.6, 'volume': 3200}
[2026-04-27T16:06:43.759+0000] {datalake_df2csv.py:88} INFO -     Row 4: {'ticker': 'VXT', 'trading_date': '2026-03-09', 'open': 52.7, 'high': 52.7, 'low': 39.1, 'close': 39.1, 'volume': 200}
[2026-04-27T16:06:43.764+0000] {datalake_df2csv.py:90} INFO - --------------------------------------------------------------------------------
[2026-04-27T16:06:43.773+0000] {datalake_df2csv.py:93} INFO - 📝 Bước 2: Đang chuyển đổi DataFrame sang CSV...
[2026-04-27T16:06:44.041+0000] {datalake_df2csv.py:97} INFO - ✅ Chuyển đổi CSV thành công!
[2026-04-27T16:06:44.046+0000] {datalake_df2csv.py:98} INFO -   - Kích thước file: 0.00 MB
[2026-04-27T16:06:44.048+0000] {datalake_df2csv.py:99} INFO -   - Thời gian chuyển đổi: 0.26 giây
[2026-04-27T16:06:44.050+0000] {datalake_df2csv.py:100} INFO - --------------------------------------------------------------------------------
[2026-04-27T16:06:44.051+0000] {datalake_df2csv.py:103} INFO - ☁️  Bước 3: Đang upload lên MinIO/S3...
[2026-04-27T16:06:44.459+0000] {base.py:84} INFO - Using connection ID 'minio_finance' for task execution.
[2026-04-27T16:06:44.465+0000] {connection_wrapper.py:384} INFO - AWS Connection (conn_id='minio_finance', conn_type='aws') credentials retrieved from login and password.
[2026-04-27T16:07:09.009+0000] {datalake_df2csv.py:112} INFO -   - Bucket 'thongtin-congty-va-bctc' đã tồn tại
[2026-04-27T16:07:09.644+0000] {datalake_df2csv.py:117} INFO - ✅ Upload thành công!
[2026-04-27T16:07:09.679+0000] {datalake_df2csv.py:118} INFO -   - Đường dẫn: s3://thongtin-congty-va-bctc/daily_price/2026-04-24/batch_7.csv
[2026-04-27T16:07:09.787+0000] {datalake_df2csv.py:119} INFO -   - Số dòng: 10
[2026-04-27T16:07:09.817+0000] {datalake_df2csv.py:120} INFO -   - Thời gian upload: 25.59 giây
[2026-04-27T16:07:09.885+0000] {datalake_df2csv.py:121} INFO - --------------------------------------------------------------------------------
[2026-04-27T16:07:09.886+0000] {datalake_df2csv.py:125} INFO - 📈 TỔNG KẾT:
[2026-04-27T16:07:09.886+0000] {datalake_df2csv.py:126} INFO -   - Tổng thời gian thực thi: 70.22 giây
[2026-04-27T16:07:09.887+0000] {datalake_df2csv.py:127} INFO -   - Tốc độ xử lý: 0 dòng/giây
[2026-04-27T16:07:09.888+0000] {datalake_df2csv.py:128} INFO - ================================================================================
[2026-04-27T16:07:09.888+0000] {datalake_df2csv.py:129} INFO - ✅ HOÀN THÀNH TASK: ingest_daily_price
[2026-04-27T16:07:09.889+0000] {datalake_df2csv.py:130} INFO - ================================================================================
[2026-04-27T16:07:10.023+0000] {taskinstance.py:441} INFO - ::group::Post task execution logs
[2026-04-27T16:07:11.029+0000] {taskinstance.py:1206} INFO - Marking task as SUCCESS. dag_id=daily_price, task_id=ingest_daily_price, run_id=scheduled__2026-04-24T16:00:00+00:00, map_index=7, execution_date=20260424T160000, start_date=20260427T160558, end_date=20260427T160711
[2026-04-27T16:07:26.621+0000] {local_task_job_runner.py:243} INFO - Task exited with return code 0
[2026-04-27T16:07:27.674+0000] {local_task_job_runner.py:222} INFO - ::endgroup::
