[2026-04-08T14:20:28.460+0000] {local_task_job_runner.py:120} INFO - ::group::Pre task execution logs
[2026-04-08T14:20:28.526+0000] {taskinstance.py:2076} INFO - Dependencies all met for dep_context=non-requeueable deps ti=<TaskInstance: daily_price.ingest_daily_price scheduled__2026-04-06T16:00:00+00:00 map_index=238 [queued]>
[2026-04-08T14:20:28.582+0000] {taskinstance.py:2076} INFO - Dependencies all met for dep_context=requeueable deps ti=<TaskInstance: daily_price.ingest_daily_price scheduled__2026-04-06T16:00:00+00:00 map_index=238 [queued]>
[2026-04-08T14:20:28.583+0000] {taskinstance.py:2306} INFO - Starting attempt 1 of 2
[2026-04-08T14:20:28.614+0000] {taskinstance.py:2330} INFO - Executing <Mapped(DfToCsvOperator): ingest_daily_price> on 2026-04-06 16:00:00+00:00
[2026-04-08T14:20:28.642+0000] {warnings.py:112} WARNING - This process (pid=2727) is multi-threaded, use of fork() may lead to deadlocks in the child.

[2026-04-08T14:20:28.646+0000] {standard_task_runner.py:64} INFO - Started process 2776 to run task
[2026-04-08T14:20:28.656+0000] {standard_task_runner.py:90} INFO - Running: ['***', 'tasks', 'run', 'daily_price', 'ingest_daily_price', 'scheduled__2026-04-06T16:00:00+00:00', '--job-id', '40358', '--raw', '--subdir', 'DAGS_FOLDER/dl_dailly_price.py', '--cfg-path', '/tmp/tmp8l7p8sl9', '--map-index', '238']
[2026-04-08T14:20:28.670+0000] {standard_task_runner.py:91} INFO - Job 40358: Subtask ingest_daily_price
[2026-04-08T14:20:28.867+0000] {task_command.py:426} INFO - Running <TaskInstance: daily_price.ingest_daily_price scheduled__2026-04-06T16:00:00+00:00 map_index=238 [running]> on host e7eab8490099
[2026-04-08T14:20:29.582+0000] {taskinstance.py:2648} INFO - Exporting env vars: AIRFLOW_CTX_DAG_OWNER='***' AIRFLOW_CTX_DAG_ID='daily_price' AIRFLOW_CTX_TASK_ID='ingest_daily_price' AIRFLOW_CTX_EXECUTION_DATE='2026-04-06T16:00:00+00:00' AIRFLOW_CTX_TRY_NUMBER='1' AIRFLOW_CTX_DAG_RUN_ID='scheduled__2026-04-06T16:00:00+00:00'
[2026-04-08T14:20:29.583+0000] {taskinstance.py:430} INFO - ::endgroup::
[2026-04-08T14:20:29.584+0000] {datalake_df2csv.py:40} INFO - ================================================================================
[2026-04-08T14:20:29.587+0000] {datalake_df2csv.py:41} INFO - 🚀 BẮT ĐẦU TASK: ingest_daily_price
[2026-04-08T14:20:29.587+0000] {datalake_df2csv.py:42} INFO - ================================================================================
[2026-04-08T14:20:29.588+0000] {datalake_df2csv.py:43} INFO - 📋 Thông tin cấu hình:
[2026-04-08T14:20:29.588+0000] {datalake_df2csv.py:44} INFO -   - Logic file: history_price
[2026-04-08T14:20:29.589+0000] {datalake_df2csv.py:45} INFO -   - DataFrame name: get_history_price_batch
[2026-04-08T14:20:29.590+0000] {datalake_df2csv.py:46} INFO -   - Bucket: thongtin-congty-va-bctc
[2026-04-08T14:20:29.591+0000] {datalake_df2csv.py:47} INFO -   - Object path: daily_price/2026-04-06/batch_238.csv
[2026-04-08T14:20:29.593+0000] {datalake_df2csv.py:48} INFO -   - Connection ID: minio_finance
[2026-04-08T14:20:29.593+0000] {datalake_df2csv.py:49} INFO -   - Tham số truyền vào: {'symbols': ['GTT', 'FT1', 'FIC', 'ONW', 'C47'], 'start_date': '2026-04-06', 'end_date': '2026-04-07'}
[2026-04-08T14:20:29.594+0000] {datalake_df2csv.py:50} INFO - --------------------------------------------------------------------------------
[2026-04-08T14:20:29.594+0000] {datalake_df2csv.py:54} INFO - 📥 Bước 1: Đang load dữ liệu từ logic file...
[2026-04-08T14:20:29.601+0000] {datalake_df2csv.py:148} INFO -   - Logic directory: /opt/airflow/plugins/logic
[2026-04-08T14:20:29.602+0000] {datalake_df2csv.py:149} INFO -   - Module path: /opt/airflow/plugins/logic/history_price.py
[2026-04-08T14:20:29.603+0000] {datalake_df2csv.py:153} INFO -   - Đã thêm logic directory vào sys.path
[2026-04-08T14:20:29.605+0000] {datalake_df2csv.py:159} INFO -   - Đang load module 'history_price'...
[2026-04-08T14:20:29.615+0000] {datalake_df2csv.py:163} INFO -   - ✅ Module loaded thành công
[2026-04-08T14:20:29.615+0000] {datalake_df2csv.py:165} INFO -   - Đang tìm DataFrame/function: 'get_history_price_batch'...
[2026-04-08T14:20:29.616+0000] {datalake_df2csv.py:170} INFO -   - ✅ Tìm thấy object: function
[2026-04-08T14:20:29.617+0000] {datalake_df2csv.py:173} INFO -   - Đang gọi function với tham số: {'symbols': ['GTT', 'FT1', 'FIC', 'ONW', 'C47'], 'start_date': '2026-04-06', 'end_date': '2026-04-07'}
[2026-04-08T14:20:34.841+0000] {datalake_df2csv.py:68} INFO - ✅ Load dữ liệu thành công!
[2026-04-08T14:20:34.842+0000] {datalake_df2csv.py:69} INFO - 📊 Thông tin DataFrame:
[2026-04-08T14:20:34.842+0000] {datalake_df2csv.py:70} INFO -   - Số dòng: 20
[2026-04-08T14:20:34.844+0000] {datalake_df2csv.py:71} INFO -   - Số cột: 7
[2026-04-08T14:20:34.844+0000] {datalake_df2csv.py:72} INFO -   - Tên các cột: ['ticker', 'trading_date', 'open', 'high', 'low', 'close', 'volume']
[2026-04-08T14:20:34.847+0000] {datalake_df2csv.py:73} INFO -   - Kiểu dữ liệu: {'ticker': 'object', 'trading_date': 'object', 'open': 'float64', 'high': 'float64', 'low': 'float64', 'close': 'float64', 'volume': 'int64'}
[2026-04-08T14:20:34.855+0000] {datalake_df2csv.py:74} INFO -   - Bộ nhớ sử dụng: 0.00 MB
[2026-04-08T14:20:34.858+0000] {datalake_df2csv.py:83} INFO -   - Không có giá trị NULL
[2026-04-08T14:20:34.859+0000] {datalake_df2csv.py:86} INFO -   - Mẫu dữ liệu (5 dòng đầu):
[2026-04-08T14:20:34.860+0000] {datalake_df2csv.py:88} INFO -     Row 0: {'ticker': 'GTT', 'trading_date': '2024-07-22', 'open': 0.3, 'high': 0.3, 'low': 0.3, 'close': 0.3, 'volume': 0}
[2026-04-08T14:20:34.862+0000] {datalake_df2csv.py:88} INFO -     Row 1: {'ticker': 'GTT', 'trading_date': '2024-07-23', 'open': 0.3, 'high': 0.3, 'low': 0.3, 'close': 0.3, 'volume': 0}
[2026-04-08T14:20:34.862+0000] {datalake_df2csv.py:88} INFO -     Row 2: {'ticker': 'GTT', 'trading_date': '2024-07-24', 'open': 0.3, 'high': 0.3, 'low': 0.3, 'close': 0.3, 'volume': 0}
[2026-04-08T14:20:34.863+0000] {datalake_df2csv.py:88} INFO -     Row 3: {'ticker': 'GTT', 'trading_date': '2024-07-25', 'open': 0.3, 'high': 0.3, 'low': 0.3, 'close': 0.3, 'volume': 0}
[2026-04-08T14:20:34.864+0000] {datalake_df2csv.py:88} INFO -     Row 4: {'ticker': 'FT1', 'trading_date': '2026-04-02', 'open': 41.0, 'high': 41.0, 'low': 41.0, 'close': 41.0, 'volume': 1000}
[2026-04-08T14:20:34.865+0000] {datalake_df2csv.py:90} INFO - --------------------------------------------------------------------------------
[2026-04-08T14:20:34.865+0000] {datalake_df2csv.py:93} INFO - 📝 Bước 2: Đang chuyển đổi DataFrame sang CSV...
[2026-04-08T14:20:34.903+0000] {datalake_df2csv.py:97} INFO - ✅ Chuyển đổi CSV thành công!
[2026-04-08T14:20:34.903+0000] {datalake_df2csv.py:98} INFO -   - Kích thước file: 0.00 MB
[2026-04-08T14:20:34.904+0000] {datalake_df2csv.py:99} INFO -   - Thời gian chuyển đổi: 0.04 giây
[2026-04-08T14:20:34.904+0000] {datalake_df2csv.py:100} INFO - --------------------------------------------------------------------------------
[2026-04-08T14:20:34.904+0000] {datalake_df2csv.py:103} INFO - ☁️  Bước 3: Đang upload lên MinIO/S3...
[2026-04-08T14:20:34.913+0000] {base.py:84} INFO - Using connection ID 'minio_finance' for task execution.
[2026-04-08T14:20:34.914+0000] {connection_wrapper.py:384} INFO - AWS Connection (conn_id='minio_finance', conn_type='aws') credentials retrieved from login and password.
[2026-04-08T14:20:35.635+0000] {datalake_df2csv.py:112} INFO -   - Bucket 'thongtin-congty-va-bctc' đã tồn tại
[2026-04-08T14:20:35.690+0000] {datalake_df2csv.py:117} INFO - ✅ Upload thành công!
[2026-04-08T14:20:35.691+0000] {datalake_df2csv.py:118} INFO -   - Đường dẫn: s3://thongtin-congty-va-bctc/daily_price/2026-04-06/batch_238.csv
[2026-04-08T14:20:35.692+0000] {datalake_df2csv.py:119} INFO -   - Số dòng: 20
[2026-04-08T14:20:35.692+0000] {datalake_df2csv.py:120} INFO -   - Thời gian upload: 0.79 giây
[2026-04-08T14:20:35.693+0000] {datalake_df2csv.py:121} INFO - --------------------------------------------------------------------------------
[2026-04-08T14:20:35.694+0000] {datalake_df2csv.py:125} INFO - 📈 TỔNG KẾT:
[2026-04-08T14:20:35.696+0000] {datalake_df2csv.py:126} INFO -   - Tổng thời gian thực thi: 6.11 giây
[2026-04-08T14:20:35.696+0000] {datalake_df2csv.py:127} INFO -   - Tốc độ xử lý: 3 dòng/giây
[2026-04-08T14:20:35.697+0000] {datalake_df2csv.py:128} INFO - ================================================================================
[2026-04-08T14:20:35.698+0000] {datalake_df2csv.py:129} INFO - ✅ HOÀN THÀNH TASK: ingest_daily_price
[2026-04-08T14:20:35.698+0000] {datalake_df2csv.py:130} INFO - ================================================================================
[2026-04-08T14:20:35.700+0000] {taskinstance.py:441} INFO - ::group::Post task execution logs
[2026-04-08T14:20:35.717+0000] {taskinstance.py:1206} INFO - Marking task as SUCCESS. dag_id=daily_price, task_id=ingest_daily_price, run_id=scheduled__2026-04-06T16:00:00+00:00, map_index=238, execution_date=20260406T160000, start_date=20260408T142028, end_date=20260408T142035
[2026-04-08T14:20:35.795+0000] {local_task_job_runner.py:243} INFO - Task exited with return code 0
[2026-04-08T14:20:35.812+0000] {local_task_job_runner.py:222} INFO - ::endgroup::
