[2026-01-17T09:04:59.304+0000] {local_task_job_runner.py:120} INFO - ::group::Pre task execution logs
[2026-01-17T09:04:59.356+0000] {taskinstance.py:2076} INFO - Dependencies all met for dep_context=non-requeueable deps ti=<TaskInstance: daily_price_minio.ingest_daily_price scheduled__2026-01-15T16:00:00+00:00 map_index=247 [queued]>
[2026-01-17T09:04:59.390+0000] {taskinstance.py:2076} INFO - Dependencies all met for dep_context=requeueable deps ti=<TaskInstance: daily_price_minio.ingest_daily_price scheduled__2026-01-15T16:00:00+00:00 map_index=247 [queued]>
[2026-01-17T09:04:59.391+0000] {taskinstance.py:2306} INFO - Starting attempt 1 of 2
[2026-01-17T09:04:59.419+0000] {taskinstance.py:2330} INFO - Executing <Mapped(DfToCsvOperator): ingest_daily_price> on 2026-01-15 16:00:00+00:00
[2026-01-17T09:04:59.433+0000] {warnings.py:112} WARNING - This process (pid=13887) is multi-threaded, use of fork() may lead to deadlocks in the child.

[2026-01-17T09:04:59.435+0000] {standard_task_runner.py:64} INFO - Started process 13964 to run task
[2026-01-17T09:04:59.438+0000] {standard_task_runner.py:90} INFO - Running: ['***', 'tasks', 'run', 'daily_price_minio', 'ingest_daily_price', 'scheduled__2026-01-15T16:00:00+00:00', '--job-id', '925', '--raw', '--subdir', 'DAGS_FOLDER/daily_price_minio.py', '--cfg-path', '/tmp/tmp36zjeqz0', '--map-index', '247']
[2026-01-17T09:04:59.444+0000] {standard_task_runner.py:91} INFO - Job 925: Subtask ingest_daily_price
[2026-01-17T09:04:59.519+0000] {task_command.py:426} INFO - Running <TaskInstance: daily_price_minio.ingest_daily_price scheduled__2026-01-15T16:00:00+00:00 map_index=247 [running]> on host d8c064bd46bc
[2026-01-17T09:04:59.682+0000] {taskinstance.py:2648} INFO - Exporting env vars: AIRFLOW_CTX_DAG_OWNER='***' AIRFLOW_CTX_DAG_ID='daily_price_minio' AIRFLOW_CTX_TASK_ID='ingest_daily_price' AIRFLOW_CTX_EXECUTION_DATE='2026-01-15T16:00:00+00:00' AIRFLOW_CTX_TRY_NUMBER='1' AIRFLOW_CTX_DAG_RUN_ID='scheduled__2026-01-15T16:00:00+00:00'
[2026-01-17T09:04:59.685+0000] {taskinstance.py:430} INFO - ::endgroup::
[2026-01-17T09:05:10.511+0000] {base.py:84} INFO - Using connection ID 'minio_finance' for task execution.
[2026-01-17T09:05:10.512+0000] {connection_wrapper.py:384} INFO - AWS Connection (conn_id='minio_finance', conn_type='aws') credentials retrieved from login and password.
[2026-01-17T09:05:11.083+0000] {datalake_df2csv.py:52} INFO - ✅ Đã upload 15 dòng -> s3://thongtin-congty-va-bctc/daily_price/2026-01-15/batch_247.csv
[2026-01-17T09:05:11.084+0000] {taskinstance.py:441} INFO - ::group::Post task execution logs
[2026-01-17T09:05:11.095+0000] {taskinstance.py:1206} INFO - Marking task as SUCCESS. dag_id=daily_price_minio, task_id=ingest_daily_price, run_id=scheduled__2026-01-15T16:00:00+00:00, map_index=247, execution_date=20260115T160000, start_date=20260117T090459, end_date=20260117T090511
[2026-01-17T09:05:11.156+0000] {local_task_job_runner.py:243} INFO - Task exited with return code 0
[2026-01-17T09:05:11.175+0000] {taskinstance.py:3503} INFO - 0 downstream tasks scheduled from follow-on schedule check
[2026-01-17T09:05:11.179+0000] {local_task_job_runner.py:222} INFO - ::endgroup::
