[2026-02-04T14:56:54.903+0000] {local_task_job_runner.py:120} INFO - ::group::Pre task execution logs
[2026-02-04T14:56:54.959+0000] {taskinstance.py:2076} INFO - Dependencies all met for dep_context=non-requeueable deps ti=<TaskInstance: daily_price_minio.ingest_daily_price manual__2026-02-04T14:52:25.276765+00:00 map_index=131 [queued]>
[2026-02-04T14:56:55.016+0000] {taskinstance.py:2076} INFO - Dependencies all met for dep_context=requeueable deps ti=<TaskInstance: daily_price_minio.ingest_daily_price manual__2026-02-04T14:52:25.276765+00:00 map_index=131 [queued]>
[2026-02-04T14:56:55.017+0000] {taskinstance.py:2306} INFO - Starting attempt 1 of 2
[2026-02-04T14:56:55.041+0000] {taskinstance.py:2330} INFO - Executing <Mapped(DfToCsvOperator): ingest_daily_price> on 2026-02-04 14:52:25.276765+00:00
[2026-02-04T14:56:55.055+0000] {warnings.py:112} WARNING - This process (pid=8382) is multi-threaded, use of fork() may lead to deadlocks in the child.

[2026-02-04T14:56:55.057+0000] {standard_task_runner.py:64} INFO - Started process 8508 to run task
[2026-02-04T14:56:55.060+0000] {standard_task_runner.py:90} INFO - Running: ['***', 'tasks', 'run', 'daily_price_minio', 'ingest_daily_price', 'manual__2026-02-04T14:52:25.276765+00:00', '--job-id', '16902', '--raw', '--subdir', 'DAGS_FOLDER/dl_dailly_price.py', '--cfg-path', '/tmp/tmpfk57kcv8', '--map-index', '131']
[2026-02-04T14:56:55.065+0000] {standard_task_runner.py:91} INFO - Job 16902: Subtask ingest_daily_price
[2026-02-04T14:56:55.129+0000] {task_command.py:426} INFO - Running <TaskInstance: daily_price_minio.ingest_daily_price manual__2026-02-04T14:52:25.276765+00:00 map_index=131 [running]> on host 918dbd497d34
[2026-02-04T14:56:55.280+0000] {taskinstance.py:2648} INFO - Exporting env vars: AIRFLOW_CTX_DAG_OWNER='***' AIRFLOW_CTX_DAG_ID='daily_price_minio' AIRFLOW_CTX_TASK_ID='ingest_daily_price' AIRFLOW_CTX_EXECUTION_DATE='2026-02-04T14:52:25.276765+00:00' AIRFLOW_CTX_TRY_NUMBER='1' AIRFLOW_CTX_DAG_RUN_ID='manual__2026-02-04T14:52:25.276765+00:00'
[2026-02-04T14:56:55.282+0000] {taskinstance.py:430} INFO - ::endgroup::
[2026-02-04T14:56:58.747+0000] {base.py:84} INFO - Using connection ID 'minio_finance' for task execution.
[2026-02-04T14:56:58.749+0000] {connection_wrapper.py:384} INFO - AWS Connection (conn_id='minio_finance', conn_type='aws') credentials retrieved from login and password.
[2026-02-04T14:56:59.856+0000] {datalake_df2csv.py:52} INFO - ✅ Đã upload 20 dòng -> s3://thongtin-congty-va-bctc/daily_price/2026-02-04/batch_131.csv
[2026-02-04T14:56:59.858+0000] {taskinstance.py:441} INFO - ::group::Post task execution logs
[2026-02-04T14:56:59.870+0000] {taskinstance.py:1206} INFO - Marking task as SUCCESS. dag_id=daily_price_minio, task_id=ingest_daily_price, run_id=manual__2026-02-04T14:52:25.276765+00:00, map_index=131, execution_date=20260204T145225, start_date=20260204T145654, end_date=20260204T145659
[2026-02-04T14:57:00.009+0000] {local_task_job_runner.py:243} INFO - Task exited with return code 0
[2026-02-04T14:57:00.038+0000] {taskinstance.py:3503} INFO - 0 downstream tasks scheduled from follow-on schedule check
[2026-02-04T14:57:00.042+0000] {local_task_job_runner.py:222} INFO - ::endgroup::
