[2026-02-12T14:17:27.519+0000] {local_task_job_runner.py:120} INFO - ::group::Pre task execution logs
[2026-02-12T14:17:27.536+0000] {taskinstance.py:2076} INFO - Dependencies all met for dep_context=non-requeueable deps ti=<TaskInstance: company_overview_to_minio.ingest_overview scheduled__2026-02-01T00:00:00+00:00 map_index=27 [queued]>
[2026-02-12T14:17:27.546+0000] {taskinstance.py:2076} INFO - Dependencies all met for dep_context=requeueable deps ti=<TaskInstance: company_overview_to_minio.ingest_overview scheduled__2026-02-01T00:00:00+00:00 map_index=27 [queued]>
[2026-02-12T14:17:27.547+0000] {taskinstance.py:2306} INFO - Starting attempt 1 of 2
[2026-02-12T14:17:27.559+0000] {taskinstance.py:2330} INFO - Executing <Mapped(DfToCsvOperator): ingest_overview> on 2026-02-01 00:00:00+00:00
[2026-02-12T14:17:27.569+0000] {warnings.py:112} WARNING - This process (pid=1807) is multi-threaded, use of fork() may lead to deadlocks in the child.

[2026-02-12T14:17:27.571+0000] {standard_task_runner.py:64} INFO - Started process 1819 to run task
[2026-02-12T14:17:27.572+0000] {standard_task_runner.py:90} INFO - Running: ['***', 'tasks', 'run', 'company_overview_to_minio', 'ingest_overview', 'scheduled__2026-02-01T00:00:00+00:00', '--job-id', '20702', '--raw', '--subdir', 'DAGS_FOLDER/dl_overview.py', '--cfg-path', '/tmp/tmpk450c8ay', '--map-index', '27']
[2026-02-12T14:17:27.574+0000] {standard_task_runner.py:91} INFO - Job 20702: Subtask ingest_overview
[2026-02-12T14:17:27.620+0000] {task_command.py:426} INFO - Running <TaskInstance: company_overview_to_minio.ingest_overview scheduled__2026-02-01T00:00:00+00:00 map_index=27 [running]> on host fe54ecce8de4
[2026-02-12T14:17:27.708+0000] {taskinstance.py:2648} INFO - Exporting env vars: AIRFLOW_CTX_DAG_OWNER='***' AIRFLOW_CTX_DAG_ID='company_overview_to_minio' AIRFLOW_CTX_TASK_ID='ingest_overview' AIRFLOW_CTX_EXECUTION_DATE='2026-02-01T00:00:00+00:00' AIRFLOW_CTX_TRY_NUMBER='1' AIRFLOW_CTX_DAG_RUN_ID='scheduled__2026-02-01T00:00:00+00:00'
[2026-02-12T14:17:27.709+0000] {taskinstance.py:430} INFO - ::endgroup::
[2026-02-12T14:17:27.710+0000] {datalake_df2csv.py:40} INFO - ================================================================================
[2026-02-12T14:17:27.710+0000] {datalake_df2csv.py:41} INFO - 🚀 BẮT ĐẦU TASK: ingest_overview
[2026-02-12T14:17:27.711+0000] {datalake_df2csv.py:42} INFO - ================================================================================
[2026-02-12T14:17:27.711+0000] {datalake_df2csv.py:43} INFO - 📋 Thông tin cấu hình:
[2026-02-12T14:17:27.711+0000] {datalake_df2csv.py:44} INFO -   - Logic file: thongtincongty
[2026-02-12T14:17:27.712+0000] {datalake_df2csv.py:45} INFO -   - DataFrame name: get_overview_batch
[2026-02-12T14:17:27.712+0000] {datalake_df2csv.py:46} INFO -   - Bucket: thongtin-congty-va-bctc
[2026-02-12T14:17:27.712+0000] {datalake_df2csv.py:47} INFO -   - Object path: overview/2026-02-01/batch_27.csv
[2026-02-12T14:17:27.712+0000] {datalake_df2csv.py:48} INFO -   - Connection ID: minio_finance
[2026-02-12T14:17:27.713+0000] {datalake_df2csv.py:49} INFO -   - Tham số truyền vào: {'symbols': ['VNM', 'DPS', 'BCP', 'PIS', 'AFX', 'DPG', 'STT', 'PNT', 'VCT', 'RCL', 'ALC', 'ILB', 'VOS', 'LKW', 'HTL', 'APC', 'HD2', 'VTH', 'SRA', 'DAD']}
[2026-02-12T14:17:27.713+0000] {datalake_df2csv.py:50} INFO - --------------------------------------------------------------------------------
[2026-02-12T14:17:27.713+0000] {datalake_df2csv.py:54} INFO - 📥 Bước 1: Đang load dữ liệu từ logic file...
[2026-02-12T14:17:27.715+0000] {datalake_df2csv.py:148} INFO -   - Logic directory: /opt/airflow/plugins/logic
[2026-02-12T14:17:27.715+0000] {datalake_df2csv.py:149} INFO -   - Module path: /opt/airflow/plugins/logic/thongtincongty.py
[2026-02-12T14:17:27.716+0000] {datalake_df2csv.py:153} INFO -   - Đã thêm logic directory vào sys.path
[2026-02-12T14:17:27.717+0000] {datalake_df2csv.py:159} INFO -   - Đang load module 'thongtincongty'...
[2026-02-12T14:17:27.719+0000] {datalake_df2csv.py:163} INFO -   - ✅ Module loaded thành công
[2026-02-12T14:17:27.720+0000] {datalake_df2csv.py:165} INFO -   - Đang tìm DataFrame/function: 'get_overview_batch'...
[2026-02-12T14:17:27.720+0000] {datalake_df2csv.py:170} INFO -   - ✅ Tìm thấy object: function
[2026-02-12T14:17:27.720+0000] {datalake_df2csv.py:173} INFO -   - Đang gọi function với tham số: {'symbols': ['VNM', 'DPS', 'BCP', 'PIS', 'AFX', 'DPG', 'STT', 'PNT', 'VCT', 'RCL', 'ALC', 'ILB', 'VOS', 'LKW', 'HTL', 'APC', 'HD2', 'VTH', 'SRA', 'DAD']}
[2026-02-12T14:17:57.395+0000] {warnings.py:112} WARNING - DataFrame.applymap has been deprecated. Use DataFrame.map instead.

[2026-02-12T14:18:19.494+0000] {log.py:232} WARNING - 2026-02-12 14:18:19 - vnstock.core.utils.client - ERROR - API request failed: HTTPSConnectionPool(host='trading.vietcap.com.vn', port=443): Max retries exceeded with url: /data-mt/graphql (Caused by NewConnectionError('<urllib3.connection.HTTPSConnection object at 0x7f1852f37530>: Failed to establish a new connection: [Errno 101] Network is unreachable'))
[2026-02-12T14:18:19.494+0000] {client.py:297} ERROR - API request failed: HTTPSConnectionPool(host='trading.vietcap.com.vn', port=443): Max retries exceeded with url: /data-mt/graphql (Caused by NewConnectionError('<urllib3.connection.HTTPSConnection object at 0x7f1852f37530>: Failed to establish a new connection: [Errno 101] Network is unreachable'))
[2026-02-12T14:18:19.495+0000] {logging_mixin.py:188} INFO - Err overview DPS: API request failed: HTTPSConnectionPool(host='trading.vietcap.com.vn', port=443): Max retries exceeded with url: /data-mt/graphql (Caused by NewConnectionError('<urllib3.connection.HTTPSConnection object at 0x7f1852f37530>: Failed to establish a new connection: [Errno 101] Network is unreachable'))
[2026-02-12T14:18:24.713+0000] {warnings.py:112} WARNING - DataFrame.applymap has been deprecated. Use DataFrame.map instead.

[2026-02-12T14:18:25.999+0000] {warnings.py:112} WARNING - DataFrame.applymap has been deprecated. Use DataFrame.map instead.

[2026-02-12T14:18:34.023+0000] {warnings.py:112} WARNING - DataFrame.applymap has been deprecated. Use DataFrame.map instead.

[2026-02-12T14:18:35.414+0000] {warnings.py:112} WARNING - DataFrame.applymap has been deprecated. Use DataFrame.map instead.

[2026-02-12T14:18:36.669+0000] {warnings.py:112} WARNING - DataFrame.applymap has been deprecated. Use DataFrame.map instead.

[2026-02-12T14:18:37.901+0000] {warnings.py:112} WARNING - DataFrame.applymap has been deprecated. Use DataFrame.map instead.

[2026-02-12T14:18:39.114+0000] {warnings.py:112} WARNING - DataFrame.applymap has been deprecated. Use DataFrame.map instead.

[2026-02-12T14:18:44.364+0000] {warnings.py:112} WARNING - DataFrame.applymap has been deprecated. Use DataFrame.map instead.

[2026-02-12T14:19:10.481+0000] {log.py:232} WARNING - 2026-02-12 14:19:10 - vnstock.core.utils.client - ERROR - API request failed: HTTPSConnectionPool(host='trading.vietcap.com.vn', port=443): Max retries exceeded with url: /data-mt/graphql (Caused by NewConnectionError('<urllib3.connection.HTTPSConnection object at 0x7f1852f360f0>: Failed to establish a new connection: [Errno 101] Network is unreachable'))
[2026-02-12T14:19:10.480+0000] {client.py:297} ERROR - API request failed: HTTPSConnectionPool(host='trading.vietcap.com.vn', port=443): Max retries exceeded with url: /data-mt/graphql (Caused by NewConnectionError('<urllib3.connection.HTTPSConnection object at 0x7f1852f360f0>: Failed to establish a new connection: [Errno 101] Network is unreachable'))
[2026-02-12T14:19:10.484+0000] {logging_mixin.py:188} INFO - Err overview ALC: API request failed: HTTPSConnectionPool(host='trading.vietcap.com.vn', port=443): Max retries exceeded with url: /data-mt/graphql (Caused by NewConnectionError('<urllib3.connection.HTTPSConnection object at 0x7f1852f360f0>: Failed to establish a new connection: [Errno 101] Network is unreachable'))
[2026-02-12T14:19:15.691+0000] {warnings.py:112} WARNING - DataFrame.applymap has been deprecated. Use DataFrame.map instead.

[2026-02-12T14:19:37.792+0000] {log.py:232} WARNING - 2026-02-12 14:19:37 - vnstock.core.utils.client - ERROR - API request failed: HTTPSConnectionPool(host='trading.vietcap.com.vn', port=443): Max retries exceeded with url: /data-mt/graphql (Caused by NewConnectionError('<urllib3.connection.HTTPSConnection object at 0x7f18530dcfe0>: Failed to establish a new connection: [Errno 101] Network is unreachable'))
[2026-02-12T14:19:37.792+0000] {client.py:297} ERROR - API request failed: HTTPSConnectionPool(host='trading.vietcap.com.vn', port=443): Max retries exceeded with url: /data-mt/graphql (Caused by NewConnectionError('<urllib3.connection.HTTPSConnection object at 0x7f18530dcfe0>: Failed to establish a new connection: [Errno 101] Network is unreachable'))
[2026-02-12T14:19:37.793+0000] {logging_mixin.py:188} INFO - Err overview VOS: API request failed: HTTPSConnectionPool(host='trading.vietcap.com.vn', port=443): Max retries exceeded with url: /data-mt/graphql (Caused by NewConnectionError('<urllib3.connection.HTTPSConnection object at 0x7f18530dcfe0>: Failed to establish a new connection: [Errno 101] Network is unreachable'))
[2026-02-12T14:19:59.902+0000] {log.py:232} WARNING - 2026-02-12 14:19:59 - vnstock.core.utils.client - ERROR - API request failed: HTTPSConnectionPool(host='trading.vietcap.com.vn', port=443): Max retries exceeded with url: /data-mt/graphql (Caused by NewConnectionError('<urllib3.connection.HTTPSConnection object at 0x7f18530dd160>: Failed to establish a new connection: [Errno 101] Network is unreachable'))
[2026-02-12T14:19:59.902+0000] {client.py:297} ERROR - API request failed: HTTPSConnectionPool(host='trading.vietcap.com.vn', port=443): Max retries exceeded with url: /data-mt/graphql (Caused by NewConnectionError('<urllib3.connection.HTTPSConnection object at 0x7f18530dd160>: Failed to establish a new connection: [Errno 101] Network is unreachable'))
[2026-02-12T14:19:59.904+0000] {logging_mixin.py:188} INFO - Err overview LKW: API request failed: HTTPSConnectionPool(host='trading.vietcap.com.vn', port=443): Max retries exceeded with url: /data-mt/graphql (Caused by NewConnectionError('<urllib3.connection.HTTPSConnection object at 0x7f18530dd160>: Failed to establish a new connection: [Errno 101] Network is unreachable'))
[2026-02-12T14:20:05.171+0000] {warnings.py:112} WARNING - DataFrame.applymap has been deprecated. Use DataFrame.map instead.

[2026-02-12T14:20:06.413+0000] {warnings.py:112} WARNING - DataFrame.applymap has been deprecated. Use DataFrame.map instead.

[2026-02-12T14:20:07.640+0000] {warnings.py:112} WARNING - DataFrame.applymap has been deprecated. Use DataFrame.map instead.

[2026-02-12T14:20:08.874+0000] {warnings.py:112} WARNING - DataFrame.applymap has been deprecated. Use DataFrame.map instead.

[2026-02-12T14:20:10.365+0000] {warnings.py:112} WARNING - DataFrame.applymap has been deprecated. Use DataFrame.map instead.

[2026-02-12T14:20:15.619+0000] {warnings.py:112} WARNING - DataFrame.applymap has been deprecated. Use DataFrame.map instead.

[2026-02-12T14:20:16.634+0000] {datalake_df2csv.py:68} INFO - ✅ Load dữ liệu thành công!
[2026-02-12T14:20:16.634+0000] {datalake_df2csv.py:69} INFO - 📊 Thông tin DataFrame:
[2026-02-12T14:20:16.635+0000] {datalake_df2csv.py:70} INFO -   - Số dòng: 16
[2026-02-12T14:20:16.636+0000] {datalake_df2csv.py:71} INFO -   - Số cột: 9
[2026-02-12T14:20:16.637+0000] {datalake_df2csv.py:72} INFO -   - Tên các cột: ['symbol', 'company_profile', 'icb_name2', 'icb_name3', 'icb_name4', 'exchange', 'type_info', 'organ_short_name', 'organ_name']
[2026-02-12T14:20:16.637+0000] {datalake_df2csv.py:73} INFO -   - Kiểu dữ liệu: {'symbol': 'object', 'company_profile': 'object', 'icb_name2': 'object', 'icb_name3': 'object', 'icb_name4': 'object', 'exchange': 'object', 'type_info': 'object', 'organ_short_name': 'object', 'organ_name': 'object'}
[2026-02-12T14:20:16.639+0000] {datalake_df2csv.py:74} INFO -   - Bộ nhớ sử dụng: 0.03 MB
[2026-02-12T14:20:16.641+0000] {datalake_df2csv.py:79} INFO -   - Số giá trị NULL:
[2026-02-12T14:20:16.641+0000] {datalake_df2csv.py:81} INFO -     + exchange: 7
[2026-02-12T14:20:16.642+0000] {datalake_df2csv.py:81} INFO -     + type_info: 7
[2026-02-12T14:20:16.642+0000] {datalake_df2csv.py:81} INFO -     + organ_short_name: 7
[2026-02-12T14:20:16.642+0000] {datalake_df2csv.py:81} INFO -     + organ_name: 7
[2026-02-12T14:20:16.642+0000] {datalake_df2csv.py:86} INFO -   - Mẫu dữ liệu (5 dòng đầu):
[2026-02-12T14:20:16.643+0000] {datalake_df2csv.py:88} INFO -     Row 0: {'symbol': 'VNM', 'company_profile': 'Công ty Cổ phần Sữa Việt Nam (VNM) có tiền thân là Công ty Sữa – Cà Phê Miền Nam, được thành lập vào năm 1976. Công ty hoạt động chính trong lĩnh vực chế biến sản xuất, kinh doanh xuất nhập khẩu các sản phẩm sữa và các sản phẩm dinh dưỡng khác. VNM chính thức hoạt động theo mô hình công ty cổ phần từ năm 2003. Công ty giữ vững vị thế top 1 thị phần ngành sữa Việt Nam , hiện nay VNM đang quản lý hơn 130.000 đàn bò sữa đang khai thác, 15 trang trại bò sữa công nghệ cao, 16 nhà máy sữa hiện đại và 1 nhà máy thị bò mát 10.000 tấn. Sản phẩm của VNM đã có mặt tại hơn 200.000 điểm bán trong hệ thống phân phối và được xuất khẩu trực tiếp đến 63 quốc gia và vùng lãnh thổ trên thế giới. VNM được niêm yết và giao dịch trên Sở Chứng khoán Thành phố Hồ Chí Minh (HOSE) từ năm 2006.', 'icb_name2': 'Thực phẩm và đồ uống', 'icb_name3': 'Sản xuất thực phẩm', 'icb_name4': 'Thực phẩm', 'exchange': 'HOSE', 'type_info': '', 'organ_short_name': '', 'organ_name': 'CTCP Sữa Việt Nam'}
[2026-02-12T14:20:16.643+0000] {datalake_df2csv.py:88} INFO -     Row 1: {'symbol': 'BCP', 'company_profile': 'Công ty Cổ phần Dược Enlie (BCP), có tiền thân là Công ty Dược phẩm tỉnh Sông Bé, đăng kí kinh doanh lần đầu ngày 29/12/2005. Công ty hoạt động chính trong lĩnh vực sản xuất, kinh doanh phân phối dược phẩm, dược liệu và vật tư y tế. Công ty có Nhà máy đạt tiêu chuẩn GMP và nhiều phòng kiểm nghiệm, hệ thống kho lưu trữ đạt tiêu chuẩn kiểm nghiệm và bảo quản thuốc. BCP đã xây dựng được hệ thống phân phối và quầy thuốc bán lẻ, tập trung tại các tỉnh phía Nam. Ngày 14/09/2015, ngày giao dịch đầu tiên trên thị trường UPCOM.', 'icb_name2': 'Y tế', 'icb_name3': 'Dược phẩm', 'icb_name4': 'Dược phẩm', 'exchange': nan, 'type_info': nan, 'organ_short_name': nan, 'organ_name': nan}
[2026-02-12T14:20:16.644+0000] {datalake_df2csv.py:88} INFO -     Row 2: {'symbol': 'PIS', 'company_profile': 'Tổng Công ty Pisico Bình Định (PIS) có tiền thân là Công ty Hợp tác Khai thác Chế biến Lâm sản Xuất khẩu Nghĩa Bình  - Ratanakiri được thành lập năm 1985. Hoạt động sản xuất chính của Công ty là (i) trồng rừng, khai thác rừng, (ii) khai thác, chế biến và mua bán hàng nông, lâm sản xuất khẩu. Công ty hiện đang quản lý vận hàng nhà máy chuyên sản xuất đồ gỗ xuất khẩu là: Công ty CP chế biến gỗ nội thất PISICO và Công ty chế biến gỗ PISICO Đồng An (Bình Dương). PIS được giao dịch trên thị trường UPCOM từ tháng 01/2016.', 'icb_name2': 'Tài nguyên Cơ bản', 'icb_name3': 'Lâm nghiệp và Giấy', 'icb_name4': 'Lâm sản và Chế biến gỗ', 'exchange': nan, 'type_info': nan, 'organ_short_name': nan, 'organ_name': nan}
[2026-02-12T14:20:16.644+0000] {datalake_df2csv.py:88} INFO -     Row 3: {'symbol': 'AFX', 'company_profile': 'Công ty Cổ phần Xuất nhập khẩu Nông sản Thực phẩm An Giang (AFX) có tiền thân là Công ty Xuất nhập khẩu Nông thủy sản An Giang, được thành lập vào ngày 10/02/1990. Công ty hoạt động chính trong lĩnh vực sản xuất, chế biến, kinh doanh lương thực, thủy sản và thức ăn chăn nuôi thủy sản. AFX chính thức hoạt động theo mô hình công ty cổ phần từ năm 2011. Công ty hiện chiếm khoảng 0,54% thị phần ngành lương thực Việt Nam, 0,2% thị phần ngành thủy sản và 5% thị phần ngành thức ăn chăn nuôi. Ngày 08/12/2025, AFX chính thức giao dịch trên Sở giao dịch Chứng khoán Thành phố Hồ Chí Minh (HOSE).', 'icb_name2': 'Bán lẻ', 'icb_name3': 'Phân phối thực phẩm & dược phẩm', 'icb_name4': 'Phân phối thực phẩm', 'exchange': 'HOSE', 'type_info': '', 'organ_short_name': '', 'organ_name': 'CTCP Xuất nhập khẩu Nông sản Thực phẩm An Giang'}
[2026-02-12T14:20:16.645+0000] {datalake_df2csv.py:88} INFO -     Row 4: {'symbol': 'DPG', 'company_profile': 'Công ty Cổ phần Tập đoàn Đạt Phương (DPG) có tiền thân là Công ty Cổ phần Xây dựng và Vận tải Đạt Phương, được thành lập vào năm 2002. Công ty hoạt động chính trong lĩnh vực đầu tư xây lắp các công trình giao thông và thủy điện. Bên cạnh đó, DPG còn tham gia kinh doanh bán điện, vật liệu xây dựng và cho thuê máy móc thiết bị ngành xây dựng. DPG đã thi công nhiều dự án quy mô lớn như Cầu An Nghĩa, Cầu Thủ Thiêm,Cầu Đò Lèn, Cầu Bến Thủy II, Cầu Cửa Đại. DPG đã hoàn thành việc đầu tư và thi công xây lắp Nhà máy Thủy điện Sông Bung 6 với tổng công suất 30MW vào năm 2010, thực hiện đầu tư xây dựng công trình thủy điện Sơn Trà 1 với công suất 60MW. DPG niêm yết trên Sở Giao dịch Chứng khoán Thành phố Hồ Chí Minh (HOSE) từ tháng 05/2018.', 'icb_name2': 'Xây dựng và Vật liệu', 'icb_name3': 'Xây dựng và Vật liệu', 'icb_name4': 'Xây dựng', 'exchange': 'HOSE', 'type_info': '', 'organ_short_name': '', 'organ_name': 'CTCP Tập đoàn Đạt Phương'}
[2026-02-12T14:20:16.645+0000] {datalake_df2csv.py:90} INFO - --------------------------------------------------------------------------------
[2026-02-12T14:20:16.646+0000] {datalake_df2csv.py:93} INFO - 📝 Bước 2: Đang chuyển đổi DataFrame sang CSV...
[2026-02-12T14:20:16.651+0000] {datalake_df2csv.py:97} INFO - ✅ Chuyển đổi CSV thành công!
[2026-02-12T14:20:16.651+0000] {datalake_df2csv.py:98} INFO -   - Kích thước file: 0.02 MB
[2026-02-12T14:20:16.652+0000] {datalake_df2csv.py:99} INFO -   - Thời gian chuyển đổi: 0.00 giây
[2026-02-12T14:20:16.652+0000] {datalake_df2csv.py:100} INFO - --------------------------------------------------------------------------------
[2026-02-12T14:20:16.652+0000] {datalake_df2csv.py:103} INFO - ☁️  Bước 3: Đang upload lên MinIO/S3...
[2026-02-12T14:20:16.663+0000] {base.py:84} INFO - Using connection ID 'minio_finance' for task execution.
[2026-02-12T14:20:16.664+0000] {connection_wrapper.py:384} INFO - AWS Connection (conn_id='minio_finance', conn_type='aws') credentials retrieved from login and password.
[2026-02-12T14:20:17.090+0000] {datalake_df2csv.py:112} INFO -   - Bucket 'thongtin-congty-va-bctc' đã tồn tại
[2026-02-12T14:20:17.119+0000] {datalake_df2csv.py:117} INFO - ✅ Upload thành công!
[2026-02-12T14:20:17.120+0000] {datalake_df2csv.py:118} INFO -   - Đường dẫn: s3://thongtin-congty-va-bctc/overview/2026-02-01/batch_27.csv
[2026-02-12T14:20:17.120+0000] {datalake_df2csv.py:119} INFO -   - Số dòng: 16
[2026-02-12T14:20:17.120+0000] {datalake_df2csv.py:120} INFO -   - Thời gian upload: 0.47 giây
[2026-02-12T14:20:17.121+0000] {datalake_df2csv.py:121} INFO - --------------------------------------------------------------------------------
[2026-02-12T14:20:17.121+0000] {datalake_df2csv.py:125} INFO - 📈 TỔNG KẾT:
[2026-02-12T14:20:17.121+0000] {datalake_df2csv.py:126} INFO -   - Tổng thời gian thực thi: 169.41 giây
[2026-02-12T14:20:17.121+0000] {datalake_df2csv.py:127} INFO -   - Tốc độ xử lý: 0 dòng/giây
[2026-02-12T14:20:17.122+0000] {datalake_df2csv.py:128} INFO - ================================================================================
[2026-02-12T14:20:17.122+0000] {datalake_df2csv.py:129} INFO - ✅ HOÀN THÀNH TASK: ingest_overview
[2026-02-12T14:20:17.122+0000] {datalake_df2csv.py:130} INFO - ================================================================================
[2026-02-12T14:20:17.122+0000] {taskinstance.py:441} INFO - ::group::Post task execution logs
[2026-02-12T14:20:17.143+0000] {taskinstance.py:1206} INFO - Marking task as SUCCESS. dag_id=company_overview_to_minio, task_id=ingest_overview, run_id=scheduled__2026-02-01T00:00:00+00:00, map_index=27, execution_date=20260201T000000, start_date=20260212T141727, end_date=20260212T142017
[2026-02-12T14:20:17.174+0000] {local_task_job_runner.py:243} INFO - Task exited with return code 0
[2026-02-12T14:20:17.201+0000] {taskinstance.py:3503} INFO - 0 downstream tasks scheduled from follow-on schedule check
[2026-02-12T14:20:17.204+0000] {local_task_job_runner.py:222} INFO - ::endgroup::
