[2026-01-14T13:01:50.003+0000] {local_task_job_runner.py:120} INFO - ::group::Pre task execution logs
[2026-01-14T13:01:50.041+0000] {taskinstance.py:2076} INFO - Dependencies all met for dep_context=non-requeueable deps ti=<TaskInstance: daily_price_minio.ingest_daily_price scheduled__2026-01-12T16:00:00+00:00 map_index=150 [queued]>
[2026-01-14T13:01:50.060+0000] {taskinstance.py:2076} INFO - Dependencies all met for dep_context=requeueable deps ti=<TaskInstance: daily_price_minio.ingest_daily_price scheduled__2026-01-12T16:00:00+00:00 map_index=150 [queued]>
[2026-01-14T13:01:50.061+0000] {taskinstance.py:2306} INFO - Starting attempt 1 of 2
[2026-01-14T13:01:50.077+0000] {taskinstance.py:2330} INFO - Executing <Mapped(DfToCsvOperator): ingest_daily_price> on 2026-01-12 16:00:00+00:00
[2026-01-14T13:01:50.088+0000] {warnings.py:112} WARNING - This process (pid=1862) is multi-threaded, use of fork() may lead to deadlocks in the child.

[2026-01-14T13:01:50.091+0000] {standard_task_runner.py:64} INFO - Started process 1921 to run task
[2026-01-14T13:01:50.094+0000] {standard_task_runner.py:90} INFO - Running: ['***', 'tasks', 'run', 'daily_price_minio', 'ingest_daily_price', 'scheduled__2026-01-12T16:00:00+00:00', '--job-id', '15304', '--raw', '--subdir', 'DAGS_FOLDER/daily_price_minio.py', '--cfg-path', '/tmp/tmp3stusisq', '--map-index', '150']
[2026-01-14T13:01:50.099+0000] {standard_task_runner.py:91} INFO - Job 15304: Subtask ingest_daily_price
[2026-01-14T13:01:50.170+0000] {task_command.py:426} INFO - Running <TaskInstance: daily_price_minio.ingest_daily_price scheduled__2026-01-12T16:00:00+00:00 map_index=150 [running]> on host 4b83cd04ee12
[2026-01-14T13:01:50.340+0000] {taskinstance.py:2648} INFO - Exporting env vars: AIRFLOW_CTX_DAG_OWNER='***' AIRFLOW_CTX_DAG_ID='daily_price_minio' AIRFLOW_CTX_TASK_ID='ingest_daily_price' AIRFLOW_CTX_EXECUTION_DATE='2026-01-12T16:00:00+00:00' AIRFLOW_CTX_TRY_NUMBER='1' AIRFLOW_CTX_DAG_RUN_ID='scheduled__2026-01-12T16:00:00+00:00'
[2026-01-14T13:01:50.344+0000] {taskinstance.py:430} INFO - ::endgroup::
[2026-01-14T13:01:50.410+0000] {log.py:232} WARNING - 2026-01-14 13:01:50 - vnstock.core.utils.client - ERROR - API request failed: HTTPSConnectionPool(host='trading.vietcap.com.vn', port=443): Max retries exceeded with url: /api/chart/OHLCChart/gap-chart (Caused by NameResolutionError("<urllib3.connection.HTTPSConnection object at 0x7fbe952f2cf0>: Failed to resolve 'trading.vietcap.com.vn' ([Errno -2] Name or service not known)"))
[2026-01-14T13:01:50.409+0000] {client.py:414} ERROR - API request failed: HTTPSConnectionPool(host='trading.vietcap.com.vn', port=443): Max retries exceeded with url: /api/chart/OHLCChart/gap-chart (Caused by NameResolutionError("<urllib3.connection.HTTPSConnection object at 0x7fbe952f2cf0>: Failed to resolve 'trading.vietcap.com.vn' ([Errno -2] Name or service not known)"))
[2026-01-14T13:01:52.420+0000] {log.py:232} WARNING - 2026-01-14 13:01:52 - vnstock.core.utils.client - ERROR - API request failed: HTTPSConnectionPool(host='trading.vietcap.com.vn', port=443): Max retries exceeded with url: /api/chart/OHLCChart/gap-chart (Caused by NameResolutionError("<urllib3.connection.HTTPSConnection object at 0x7fbe952f38c0>: Failed to resolve 'trading.vietcap.com.vn' ([Errno -2] Name or service not known)"))
[2026-01-14T13:01:52.420+0000] {client.py:414} ERROR - API request failed: HTTPSConnectionPool(host='trading.vietcap.com.vn', port=443): Max retries exceeded with url: /api/chart/OHLCChart/gap-chart (Caused by NameResolutionError("<urllib3.connection.HTTPSConnection object at 0x7fbe952f38c0>: Failed to resolve 'trading.vietcap.com.vn' ([Errno -2] Name or service not known)"))
[2026-01-14T13:01:54.427+0000] {log.py:232} WARNING - 2026-01-14 13:01:54 - vnstock.core.utils.client - ERROR - API request failed: HTTPSConnectionPool(host='trading.vietcap.com.vn', port=443): Max retries exceeded with url: /api/chart/OHLCChart/gap-chart (Caused by NameResolutionError("<urllib3.connection.HTTPSConnection object at 0x7fbe953680e0>: Failed to resolve 'trading.vietcap.com.vn' ([Errno -2] Name or service not known)"))
[2026-01-14T13:01:54.427+0000] {client.py:414} ERROR - API request failed: HTTPSConnectionPool(host='trading.vietcap.com.vn', port=443): Max retries exceeded with url: /api/chart/OHLCChart/gap-chart (Caused by NameResolutionError("<urllib3.connection.HTTPSConnection object at 0x7fbe953680e0>: Failed to resolve 'trading.vietcap.com.vn' ([Errno -2] Name or service not known)"))
[2026-01-14T13:01:54.428+0000] {logging_mixin.py:188} INFO - NXT: RetryError[<Future at 0x7fbe952c97c0 state=finished raised ConnectionError>]
[2026-01-14T13:01:54.937+0000] {log.py:232} WARNING - 2026-01-14 13:01:54 - vnstock.core.utils.client - ERROR - API request failed: HTTPSConnectionPool(host='trading.vietcap.com.vn', port=443): Max retries exceeded with url: /api/chart/OHLCChart/gap-chart (Caused by NameResolutionError("<urllib3.connection.HTTPSConnection object at 0x7fbe952f3080>: Failed to resolve 'trading.vietcap.com.vn' ([Errno -2] Name or service not known)"))
[2026-01-14T13:01:54.937+0000] {client.py:414} ERROR - API request failed: HTTPSConnectionPool(host='trading.vietcap.com.vn', port=443): Max retries exceeded with url: /api/chart/OHLCChart/gap-chart (Caused by NameResolutionError("<urllib3.connection.HTTPSConnection object at 0x7fbe952f3080>: Failed to resolve 'trading.vietcap.com.vn' ([Errno -2] Name or service not known)"))
[2026-01-14T13:01:56.947+0000] {log.py:232} WARNING - 2026-01-14 13:01:56 - vnstock.core.utils.client - ERROR - API request failed: HTTPSConnectionPool(host='trading.vietcap.com.vn', port=443): Max retries exceeded with url: /api/chart/OHLCChart/gap-chart (Caused by NameResolutionError("<urllib3.connection.HTTPSConnection object at 0x7fbe953697f0>: Failed to resolve 'trading.vietcap.com.vn' ([Errno -2] Name or service not known)"))
[2026-01-14T13:01:56.947+0000] {client.py:414} ERROR - API request failed: HTTPSConnectionPool(host='trading.vietcap.com.vn', port=443): Max retries exceeded with url: /api/chart/OHLCChart/gap-chart (Caused by NameResolutionError("<urllib3.connection.HTTPSConnection object at 0x7fbe953697f0>: Failed to resolve 'trading.vietcap.com.vn' ([Errno -2] Name or service not known)"))
[2026-01-14T13:01:58.954+0000] {log.py:232} WARNING - 2026-01-14 13:01:58 - vnstock.core.utils.client - ERROR - API request failed: HTTPSConnectionPool(host='trading.vietcap.com.vn', port=443): Max retries exceeded with url: /api/chart/OHLCChart/gap-chart (Caused by NameResolutionError("<urllib3.connection.HTTPSConnection object at 0x7fbe9536a420>: Failed to resolve 'trading.vietcap.com.vn' ([Errno -2] Name or service not known)"))
[2026-01-14T13:01:58.954+0000] {client.py:414} ERROR - API request failed: HTTPSConnectionPool(host='trading.vietcap.com.vn', port=443): Max retries exceeded with url: /api/chart/OHLCChart/gap-chart (Caused by NameResolutionError("<urllib3.connection.HTTPSConnection object at 0x7fbe9536a420>: Failed to resolve 'trading.vietcap.com.vn' ([Errno -2] Name or service not known)"))
[2026-01-14T13:01:58.956+0000] {logging_mixin.py:188} INFO - NWT: RetryError[<Future at 0x7fbe95369f10 state=finished raised ConnectionError>]
[2026-01-14T13:01:59.464+0000] {log.py:232} WARNING - 2026-01-14 13:01:59 - vnstock.core.utils.client - ERROR - API request failed: HTTPSConnectionPool(host='trading.vietcap.com.vn', port=443): Max retries exceeded with url: /api/chart/OHLCChart/gap-chart (Caused by NameResolutionError("<urllib3.connection.HTTPSConnection object at 0x7fbe952f37a0>: Failed to resolve 'trading.vietcap.com.vn' ([Errno -2] Name or service not known)"))
[2026-01-14T13:01:59.464+0000] {client.py:414} ERROR - API request failed: HTTPSConnectionPool(host='trading.vietcap.com.vn', port=443): Max retries exceeded with url: /api/chart/OHLCChart/gap-chart (Caused by NameResolutionError("<urllib3.connection.HTTPSConnection object at 0x7fbe952f37a0>: Failed to resolve 'trading.vietcap.com.vn' ([Errno -2] Name or service not known)"))
[2026-01-14T13:02:01.477+0000] {log.py:232} WARNING - 2026-01-14 13:02:01 - vnstock.core.utils.client - ERROR - API request failed: HTTPSConnectionPool(host='trading.vietcap.com.vn', port=443): Max retries exceeded with url: /api/chart/OHLCChart/gap-chart (Caused by NameResolutionError("<urllib3.connection.HTTPSConnection object at 0x7fbe953691c0>: Failed to resolve 'trading.vietcap.com.vn' ([Errno -2] Name or service not known)"))
[2026-01-14T13:02:01.477+0000] {client.py:414} ERROR - API request failed: HTTPSConnectionPool(host='trading.vietcap.com.vn', port=443): Max retries exceeded with url: /api/chart/OHLCChart/gap-chart (Caused by NameResolutionError("<urllib3.connection.HTTPSConnection object at 0x7fbe953691c0>: Failed to resolve 'trading.vietcap.com.vn' ([Errno -2] Name or service not known)"))
[2026-01-14T13:02:03.484+0000] {log.py:232} WARNING - 2026-01-14 13:02:03 - vnstock.core.utils.client - ERROR - API request failed: HTTPSConnectionPool(host='trading.vietcap.com.vn', port=443): Max retries exceeded with url: /api/chart/OHLCChart/gap-chart (Caused by NameResolutionError("<urllib3.connection.HTTPSConnection object at 0x7fbe9536bb30>: Failed to resolve 'trading.vietcap.com.vn' ([Errno -2] Name or service not known)"))
[2026-01-14T13:02:03.484+0000] {client.py:414} ERROR - API request failed: HTTPSConnectionPool(host='trading.vietcap.com.vn', port=443): Max retries exceeded with url: /api/chart/OHLCChart/gap-chart (Caused by NameResolutionError("<urllib3.connection.HTTPSConnection object at 0x7fbe9536bb30>: Failed to resolve 'trading.vietcap.com.vn' ([Errno -2] Name or service not known)"))
[2026-01-14T13:02:03.485+0000] {logging_mixin.py:188} INFO - NVT: RetryError[<Future at 0x7fbe952f3e00 state=finished raised ConnectionError>]
[2026-01-14T13:02:03.992+0000] {log.py:232} WARNING - 2026-01-14 13:02:03 - vnstock.core.utils.client - ERROR - API request failed: HTTPSConnectionPool(host='trading.vietcap.com.vn', port=443): Max retries exceeded with url: /api/chart/OHLCChart/gap-chart (Caused by NameResolutionError("<urllib3.connection.HTTPSConnection object at 0x7fbe951c8b60>: Failed to resolve 'trading.vietcap.com.vn' ([Errno -2] Name or service not known)"))
[2026-01-14T13:02:03.992+0000] {client.py:414} ERROR - API request failed: HTTPSConnectionPool(host='trading.vietcap.com.vn', port=443): Max retries exceeded with url: /api/chart/OHLCChart/gap-chart (Caused by NameResolutionError("<urllib3.connection.HTTPSConnection object at 0x7fbe951c8b60>: Failed to resolve 'trading.vietcap.com.vn' ([Errno -2] Name or service not known)"))
[2026-01-14T13:02:05.998+0000] {log.py:232} WARNING - 2026-01-14 13:02:05 - vnstock.core.utils.client - ERROR - API request failed: HTTPSConnectionPool(host='trading.vietcap.com.vn', port=443): Max retries exceeded with url: /api/chart/OHLCChart/gap-chart (Caused by NameResolutionError("<urllib3.connection.HTTPSConnection object at 0x7fbe9536b0e0>: Failed to resolve 'trading.vietcap.com.vn' ([Errno -2] Name or service not known)"))
[2026-01-14T13:02:05.998+0000] {client.py:414} ERROR - API request failed: HTTPSConnectionPool(host='trading.vietcap.com.vn', port=443): Max retries exceeded with url: /api/chart/OHLCChart/gap-chart (Caused by NameResolutionError("<urllib3.connection.HTTPSConnection object at 0x7fbe9536b0e0>: Failed to resolve 'trading.vietcap.com.vn' ([Errno -2] Name or service not known)"))
[2026-01-14T13:02:08.007+0000] {log.py:232} WARNING - 2026-01-14 13:02:08 - vnstock.core.utils.client - ERROR - API request failed: HTTPSConnectionPool(host='trading.vietcap.com.vn', port=443): Max retries exceeded with url: /api/chart/OHLCChart/gap-chart (Caused by NameResolutionError("<urllib3.connection.HTTPSConnection object at 0x7fbe952f11f0>: Failed to resolve 'trading.vietcap.com.vn' ([Errno -2] Name or service not known)"))
[2026-01-14T13:02:08.007+0000] {client.py:414} ERROR - API request failed: HTTPSConnectionPool(host='trading.vietcap.com.vn', port=443): Max retries exceeded with url: /api/chart/OHLCChart/gap-chart (Caused by NameResolutionError("<urllib3.connection.HTTPSConnection object at 0x7fbe952f11f0>: Failed to resolve 'trading.vietcap.com.vn' ([Errno -2] Name or service not known)"))
[2026-01-14T13:02:08.009+0000] {logging_mixin.py:188} INFO - NVP: RetryError[<Future at 0x7fbe9536aa80 state=finished raised ConnectionError>]
[2026-01-14T13:02:08.519+0000] {log.py:232} WARNING - 2026-01-14 13:02:08 - vnstock.core.utils.client - ERROR - API request failed: HTTPSConnectionPool(host='trading.vietcap.com.vn', port=443): Max retries exceeded with url: /api/chart/OHLCChart/gap-chart (Caused by NameResolutionError("<urllib3.connection.HTTPSConnection object at 0x7fbe951c84d0>: Failed to resolve 'trading.vietcap.com.vn' ([Errno -2] Name or service not known)"))
[2026-01-14T13:02:08.519+0000] {client.py:414} ERROR - API request failed: HTTPSConnectionPool(host='trading.vietcap.com.vn', port=443): Max retries exceeded with url: /api/chart/OHLCChart/gap-chart (Caused by NameResolutionError("<urllib3.connection.HTTPSConnection object at 0x7fbe951c84d0>: Failed to resolve 'trading.vietcap.com.vn' ([Errno -2] Name or service not known)"))
[2026-01-14T13:02:10.528+0000] {log.py:232} WARNING - 2026-01-14 13:02:10 - vnstock.core.utils.client - ERROR - API request failed: HTTPSConnectionPool(host='trading.vietcap.com.vn', port=443): Max retries exceeded with url: /api/chart/OHLCChart/gap-chart (Caused by NameResolutionError("<urllib3.connection.HTTPSConnection object at 0x7fbe951ca0c0>: Failed to resolve 'trading.vietcap.com.vn' ([Errno -2] Name or service not known)"))
[2026-01-14T13:02:10.527+0000] {client.py:414} ERROR - API request failed: HTTPSConnectionPool(host='trading.vietcap.com.vn', port=443): Max retries exceeded with url: /api/chart/OHLCChart/gap-chart (Caused by NameResolutionError("<urllib3.connection.HTTPSConnection object at 0x7fbe951ca0c0>: Failed to resolve 'trading.vietcap.com.vn' ([Errno -2] Name or service not known)"))
[2026-01-14T13:02:12.539+0000] {log.py:232} WARNING - 2026-01-14 13:02:12 - vnstock.core.utils.client - ERROR - API request failed: HTTPSConnectionPool(host='trading.vietcap.com.vn', port=443): Max retries exceeded with url: /api/chart/OHLCChart/gap-chart (Caused by NameResolutionError("<urllib3.connection.HTTPSConnection object at 0x7fbe951caf00>: Failed to resolve 'trading.vietcap.com.vn' ([Errno -2] Name or service not known)"))
[2026-01-14T13:02:12.538+0000] {client.py:414} ERROR - API request failed: HTTPSConnectionPool(host='trading.vietcap.com.vn', port=443): Max retries exceeded with url: /api/chart/OHLCChart/gap-chart (Caused by NameResolutionError("<urllib3.connection.HTTPSConnection object at 0x7fbe951caf00>: Failed to resolve 'trading.vietcap.com.vn' ([Errno -2] Name or service not known)"))
[2026-01-14T13:02:12.540+0000] {logging_mixin.py:188} INFO - NVL: RetryError[<Future at 0x7fbe952e5820 state=finished raised ConnectionError>]
[2026-01-14T13:02:13.043+0000] {datalake_df2csv.py:40} INFO - DataFrame rỗng, bỏ qua upload CSV.
[2026-01-14T13:02:13.044+0000] {taskinstance.py:441} INFO - ::group::Post task execution logs
[2026-01-14T13:02:13.063+0000] {taskinstance.py:1206} INFO - Marking task as SUCCESS. dag_id=daily_price_minio, task_id=ingest_daily_price, run_id=scheduled__2026-01-12T16:00:00+00:00, map_index=150, execution_date=20260112T160000, start_date=20260114T130150, end_date=20260114T130213
[2026-01-14T13:02:13.137+0000] {local_task_job_runner.py:243} INFO - Task exited with return code 0
[2026-01-14T13:02:13.160+0000] {taskinstance.py:3503} INFO - 0 downstream tasks scheduled from follow-on schedule check
[2026-01-14T13:02:13.163+0000] {local_task_job_runner.py:222} INFO - ::endgroup::
