[2026-05-05T02:05:05.871+0000] {local_task_job_runner.py:120} INFO - ::group::Pre task execution logs
[2026-05-05T02:05:05.886+0000] {taskinstance.py:2076} INFO - Dependencies all met for dep_context=non-requeueable deps ti=<TaskInstance: minio_to_db_sync.summary_report manual__2026-05-05T01:52:01.724549+00:00 [queued]>
[2026-05-05T02:05:05.895+0000] {taskinstance.py:2076} INFO - Dependencies all met for dep_context=requeueable deps ti=<TaskInstance: minio_to_db_sync.summary_report manual__2026-05-05T01:52:01.724549+00:00 [queued]>
[2026-05-05T02:05:05.896+0000] {taskinstance.py:2306} INFO - Starting attempt 1 of 3
[2026-05-05T02:05:05.909+0000] {taskinstance.py:2330} INFO - Executing <Task(_PythonDecoratedOperator): summary_report> on 2026-05-05 01:52:01.724549+00:00
[2026-05-05T02:05:05.917+0000] {warnings.py:112} WARNING - This process (pid=6931) is multi-threaded, use of fork() may lead to deadlocks in the child.

[2026-05-05T02:05:05.919+0000] {standard_task_runner.py:64} INFO - Started process 6938 to run task
[2026-05-05T02:05:05.921+0000] {standard_task_runner.py:90} INFO - Running: ['***', 'tasks', 'run', 'minio_to_db_sync', 'summary_report', 'manual__2026-05-05T01:52:01.724549+00:00', '--job-id', '47817', '--raw', '--subdir', 'DAGS_FOLDER/minio_to_db_sync.py', '--cfg-path', '/tmp/tmpzlo7xpu4']
[2026-05-05T02:05:05.924+0000] {standard_task_runner.py:91} INFO - Job 47817: Subtask summary_report
[2026-05-05T02:05:05.966+0000] {task_command.py:426} INFO - Running <TaskInstance: minio_to_db_sync.summary_report manual__2026-05-05T01:52:01.724549+00:00 [running]> on host 0486a22c7dcb
[2026-05-05T02:05:06.104+0000] {taskinstance.py:2648} INFO - Exporting env vars: AIRFLOW_CTX_DAG_OWNER='***' AIRFLOW_CTX_DAG_ID='minio_to_db_sync' AIRFLOW_CTX_TASK_ID='summary_report' AIRFLOW_CTX_EXECUTION_DATE='2026-05-05T01:52:01.724549+00:00' AIRFLOW_CTX_TRY_NUMBER='1' AIRFLOW_CTX_DAG_RUN_ID='manual__2026-05-05T01:52:01.724549+00:00'
[2026-05-05T02:05:06.105+0000] {taskinstance.py:430} INFO - ::endgroup::
[2026-05-05T02:05:06.106+0000] {minio_to_db_sync.py:164} INFO - ======================================================================
[2026-05-05T02:05:06.106+0000] {minio_to_db_sync.py:165} INFO - 📊 MINIO TO DB SYNC - SUMMARY REPORT
[2026-05-05T02:05:06.107+0000] {minio_to_db_sync.py:166} INFO - ======================================================================
[2026-05-05T02:05:06.107+0000] {minio_to_db_sync.py:182} INFO - 1. BCTC: ❌ Missing columns: ['ticker', 'quarter', 'year', 'ind_name', 'value']
[2026-05-05T02:05:06.107+0000] {minio_to_db_sync.py:182} INFO - 2. Daily Price: ✅ Success: 3056 rows
[2026-05-05T02:05:06.107+0000] {minio_to_db_sync.py:182} INFO - 3. Financial Ratio: ✅ Success: Loaded 50858 | Updated 50858 | Inserted 0
[2026-05-05T02:05:06.108+0000] {minio_to_db_sync.py:182} INFO - 4. Global Index: ✅ Success: 5 rows
[2026-05-05T02:05:06.108+0000] {minio_to_db_sync.py:182} INFO - 5. Index Price: ✅ Success: 385 rows
[2026-05-05T02:05:06.108+0000] {minio_to_db_sync.py:182} INFO - 6. Macro Economy: ✅ Success: 3 rows
[2026-05-05T02:05:06.108+0000] {minio_to_db_sync.py:182} INFO - 7. Company Overview: ✅ Success: 909 rows
[2026-05-05T02:05:06.108+0000] {minio_to_db_sync.py:182} INFO - 8. Company People: ⚠️ No data after cleaning
[2026-05-05T02:05:06.109+0000] {minio_to_db_sync.py:182} INFO - 9. Electric Board: ✅ Success: REPLACE 11 rows in vn_macro_yearly (pivoted)
[2026-05-05T02:05:06.109+0000] {minio_to_db_sync.py:184} INFO - ======================================================================
[2026-05-05T02:05:06.109+0000] {minio_to_db_sync.py:188} INFO - ✅ Successful: 7/9
[2026-05-05T02:05:06.109+0000] {minio_to_db_sync.py:191} WARNING - ⚠️ Failed: 2/9
[2026-05-05T02:05:06.110+0000] {python.py:237} INFO - Done. Returned value was: Completed: 7/9 successful
[2026-05-05T02:05:06.110+0000] {taskinstance.py:441} INFO - ::group::Post task execution logs
[2026-05-05T02:05:06.128+0000] {taskinstance.py:1206} INFO - Marking task as SUCCESS. dag_id=minio_to_db_sync, task_id=summary_report, run_id=manual__2026-05-05T01:52:01.724549+00:00, execution_date=20260505T015201, start_date=20260505T020505, end_date=20260505T020506
[2026-05-05T02:05:06.173+0000] {local_task_job_runner.py:243} INFO - Task exited with return code 0
[2026-05-05T02:05:06.187+0000] {taskinstance.py:3503} INFO - 0 downstream tasks scheduled from follow-on schedule check
[2026-05-05T02:05:06.189+0000] {local_task_job_runner.py:222} INFO - ::endgroup::
