[2026-04-10T16:05:38.940+0000] {local_task_job_runner.py:120} INFO - ::group::Pre task execution logs
[2026-04-10T16:05:39.033+0000] {taskinstance.py:2076} INFO - Dependencies all met for dep_context=non-requeueable deps ti=<TaskInstance: daily_price.ingest_daily_price scheduled__2026-04-09T16:00:00+00:00 map_index=23 [queued]>
[2026-04-10T16:05:39.055+0000] {taskinstance.py:2076} INFO - Dependencies all met for dep_context=requeueable deps ti=<TaskInstance: daily_price.ingest_daily_price scheduled__2026-04-09T16:00:00+00:00 map_index=23 [queued]>
[2026-04-10T16:05:39.057+0000] {taskinstance.py:2306} INFO - Starting attempt 1 of 2
[2026-04-10T16:05:39.128+0000] {taskinstance.py:2330} INFO - Executing <Mapped(DfToCsvOperator): ingest_daily_price> on 2026-04-09 16:00:00+00:00
[2026-04-10T16:05:39.153+0000] {warnings.py:112} WARNING - This process (pid=3798) is multi-threaded, use of fork() may lead to deadlocks in the child.

[2026-04-10T16:05:39.155+0000] {standard_task_runner.py:64} INFO - Started process 3860 to run task
[2026-04-10T16:05:39.158+0000] {standard_task_runner.py:90} INFO - Running: ['***', 'tasks', 'run', 'daily_price', 'ingest_daily_price', 'scheduled__2026-04-09T16:00:00+00:00', '--job-id', '41230', '--raw', '--subdir', 'DAGS_FOLDER/dl_dailly_price.py', '--cfg-path', '/tmp/tmpmkdvoo_p', '--map-index', '23']
[2026-04-10T16:05:39.164+0000] {standard_task_runner.py:91} INFO - Job 41230: Subtask ingest_daily_price
[2026-04-10T16:05:39.292+0000] {task_command.py:426} INFO - Running <TaskInstance: daily_price.ingest_daily_price scheduled__2026-04-09T16:00:00+00:00 map_index=23 [running]> on host 1fa6f0c1773c
[2026-04-10T16:05:39.588+0000] {taskinstance.py:2648} INFO - Exporting env vars: AIRFLOW_CTX_DAG_OWNER='***' AIRFLOW_CTX_DAG_ID='daily_price' AIRFLOW_CTX_TASK_ID='ingest_daily_price' AIRFLOW_CTX_EXECUTION_DATE='2026-04-09T16:00:00+00:00' AIRFLOW_CTX_TRY_NUMBER='1' AIRFLOW_CTX_DAG_RUN_ID='scheduled__2026-04-09T16:00:00+00:00'
[2026-04-10T16:05:39.590+0000] {taskinstance.py:430} INFO - ::endgroup::
[2026-04-10T16:05:39.591+0000] {datalake_df2csv.py:40} INFO - ================================================================================
[2026-04-10T16:05:39.592+0000] {datalake_df2csv.py:41} INFO - 🚀 BẮT ĐẦU TASK: ingest_daily_price
[2026-04-10T16:05:39.593+0000] {datalake_df2csv.py:42} INFO - ================================================================================
[2026-04-10T16:05:39.594+0000] {datalake_df2csv.py:43} INFO - 📋 Thông tin cấu hình:
[2026-04-10T16:05:39.594+0000] {datalake_df2csv.py:44} INFO -   - Logic file: history_price
[2026-04-10T16:05:39.595+0000] {datalake_df2csv.py:45} INFO -   - DataFrame name: get_history_price_batch
[2026-04-10T16:05:39.596+0000] {datalake_df2csv.py:46} INFO -   - Bucket: thongtin-congty-va-bctc
[2026-04-10T16:05:39.598+0000] {datalake_df2csv.py:47} INFO -   - Object path: daily_price/2026-04-09/batch_23.csv
[2026-04-10T16:05:39.601+0000] {datalake_df2csv.py:48} INFO -   - Connection ID: minio_finance
[2026-04-10T16:05:39.603+0000] {datalake_df2csv.py:49} INFO -   - Tham số truyền vào: {'symbols': ['NT2', 'HBS', 'UCT', 'H11', 'KTS'], 'start_date': '2026-04-09', 'end_date': '2026-04-10'}
[2026-04-10T16:05:39.604+0000] {datalake_df2csv.py:50} INFO - --------------------------------------------------------------------------------
[2026-04-10T16:05:39.605+0000] {datalake_df2csv.py:54} INFO - 📥 Bước 1: Đang load dữ liệu từ logic file...
[2026-04-10T16:05:39.621+0000] {datalake_df2csv.py:148} INFO -   - Logic directory: /opt/airflow/plugins/logic
[2026-04-10T16:05:39.624+0000] {datalake_df2csv.py:149} INFO -   - Module path: /opt/airflow/plugins/logic/history_price.py
[2026-04-10T16:05:39.625+0000] {datalake_df2csv.py:153} INFO -   - Đã thêm logic directory vào sys.path
[2026-04-10T16:05:39.633+0000] {datalake_df2csv.py:159} INFO -   - Đang load module 'history_price'...
[2026-04-10T16:05:39.648+0000] {datalake_df2csv.py:163} INFO -   - ✅ Module loaded thành công
[2026-04-10T16:05:39.649+0000] {datalake_df2csv.py:165} INFO -   - Đang tìm DataFrame/function: 'get_history_price_batch'...
[2026-04-10T16:05:39.650+0000] {datalake_df2csv.py:170} INFO -   - ✅ Tìm thấy object: function
[2026-04-10T16:05:39.651+0000] {datalake_df2csv.py:173} INFO -   - Đang gọi function với tham số: {'symbols': ['NT2', 'HBS', 'UCT', 'H11', 'KTS'], 'start_date': '2026-04-09', 'end_date': '2026-04-10'}
[2026-04-10T16:05:47.994+0000] {datalake_df2csv.py:68} INFO - ✅ Load dữ liệu thành công!
[2026-04-10T16:05:47.995+0000] {datalake_df2csv.py:69} INFO - 📊 Thông tin DataFrame:
[2026-04-10T16:05:47.997+0000] {datalake_df2csv.py:70} INFO -   - Số dòng: 15
[2026-04-10T16:05:48.023+0000] {datalake_df2csv.py:71} INFO -   - Số cột: 7
[2026-04-10T16:05:48.027+0000] {datalake_df2csv.py:72} INFO -   - Tên các cột: ['ticker', 'trading_date', 'open', 'high', 'low', 'close', 'volume']
[2026-04-10T16:05:48.029+0000] {datalake_df2csv.py:73} INFO -   - Kiểu dữ liệu: {'ticker': 'object', 'trading_date': 'object', 'open': 'float64', 'high': 'float64', 'low': 'float64', 'close': 'float64', 'volume': 'int64'}
[2026-04-10T16:05:48.034+0000] {datalake_df2csv.py:74} INFO -   - Bộ nhớ sử dụng: 0.00 MB
[2026-04-10T16:05:48.037+0000] {datalake_df2csv.py:83} INFO -   - Không có giá trị NULL
[2026-04-10T16:05:48.037+0000] {datalake_df2csv.py:86} INFO -   - Mẫu dữ liệu (5 dòng đầu):
[2026-04-10T16:05:48.039+0000] {datalake_df2csv.py:88} INFO -     Row 0: {'ticker': 'NT2', 'trading_date': '2026-04-08', 'open': 25.95, 'high': 26.3, 'low': 25.5, 'close': 26.2, 'volume': 602200}
[2026-04-10T16:05:48.040+0000] {datalake_df2csv.py:88} INFO -     Row 1: {'ticker': 'NT2', 'trading_date': '2026-04-09', 'open': 26.2, 'high': 26.2, 'low': 25.6, 'close': 25.7, 'volume': 761100}
[2026-04-10T16:05:48.042+0000] {datalake_df2csv.py:88} INFO -     Row 2: {'ticker': 'NT2', 'trading_date': '2026-04-10', 'open': 25.8, 'high': 26.3, 'low': 25.75, 'close': 26.2, 'volume': 569900}
[2026-04-10T16:05:48.044+0000] {datalake_df2csv.py:88} INFO -     Row 3: {'ticker': 'HBS', 'trading_date': '2026-03-27', 'open': 4.5, 'high': 4.6, 'low': 4.1, 'close': 4.4, 'volume': 18600}
[2026-04-10T16:05:48.046+0000] {datalake_df2csv.py:88} INFO -     Row 4: {'ticker': 'HBS', 'trading_date': '2026-04-03', 'open': 4.4, 'high': 4.4, 'low': 4.1, 'close': 4.4, 'volume': 25300}
[2026-04-10T16:05:48.047+0000] {datalake_df2csv.py:90} INFO - --------------------------------------------------------------------------------
[2026-04-10T16:05:48.049+0000] {datalake_df2csv.py:93} INFO - 📝 Bước 2: Đang chuyển đổi DataFrame sang CSV...
[2026-04-10T16:05:48.057+0000] {datalake_df2csv.py:97} INFO - ✅ Chuyển đổi CSV thành công!
[2026-04-10T16:05:48.058+0000] {datalake_df2csv.py:98} INFO -   - Kích thước file: 0.00 MB
[2026-04-10T16:05:48.059+0000] {datalake_df2csv.py:99} INFO -   - Thời gian chuyển đổi: 0.01 giây
[2026-04-10T16:05:48.059+0000] {datalake_df2csv.py:100} INFO - --------------------------------------------------------------------------------
[2026-04-10T16:05:48.060+0000] {datalake_df2csv.py:103} INFO - ☁️  Bước 3: Đang upload lên MinIO/S3...
[2026-04-10T16:05:48.086+0000] {base.py:84} INFO - Using connection ID 'minio_finance' for task execution.
[2026-04-10T16:05:48.089+0000] {connection_wrapper.py:384} INFO - AWS Connection (conn_id='minio_finance', conn_type='aws') credentials retrieved from login and password.
[2026-04-10T16:05:49.484+0000] {datalake_df2csv.py:112} INFO -   - Bucket 'thongtin-congty-va-bctc' đã tồn tại
[2026-04-10T16:05:49.607+0000] {datalake_df2csv.py:117} INFO - ✅ Upload thành công!
[2026-04-10T16:05:49.608+0000] {datalake_df2csv.py:118} INFO -   - Đường dẫn: s3://thongtin-congty-va-bctc/daily_price/2026-04-09/batch_23.csv
[2026-04-10T16:05:49.610+0000] {datalake_df2csv.py:119} INFO -   - Số dòng: 15
[2026-04-10T16:05:49.611+0000] {datalake_df2csv.py:120} INFO -   - Thời gian upload: 1.55 giây
[2026-04-10T16:05:49.612+0000] {datalake_df2csv.py:121} INFO - --------------------------------------------------------------------------------
[2026-04-10T16:05:49.613+0000] {datalake_df2csv.py:125} INFO - 📈 TỔNG KẾT:
[2026-04-10T16:05:49.618+0000] {datalake_df2csv.py:126} INFO -   - Tổng thời gian thực thi: 10.02 giây
[2026-04-10T16:05:49.620+0000] {datalake_df2csv.py:127} INFO -   - Tốc độ xử lý: 1 dòng/giây
[2026-04-10T16:05:49.621+0000] {datalake_df2csv.py:128} INFO - ================================================================================
[2026-04-10T16:05:49.622+0000] {datalake_df2csv.py:129} INFO - ✅ HOÀN THÀNH TASK: ingest_daily_price
[2026-04-10T16:05:49.629+0000] {datalake_df2csv.py:130} INFO - ================================================================================
[2026-04-10T16:05:49.633+0000] {taskinstance.py:441} INFO - ::group::Post task execution logs
[2026-04-10T16:05:49.662+0000] {taskinstance.py:1206} INFO - Marking task as SUCCESS. dag_id=daily_price, task_id=ingest_daily_price, run_id=scheduled__2026-04-09T16:00:00+00:00, map_index=23, execution_date=20260409T160000, start_date=20260410T160539, end_date=20260410T160549
[2026-04-10T16:05:49.793+0000] {local_task_job_runner.py:243} INFO - Task exited with return code 0
[2026-04-10T16:05:49.839+0000] {taskinstance.py:3503} INFO - 0 downstream tasks scheduled from follow-on schedule check
[2026-04-10T16:05:49.843+0000] {local_task_job_runner.py:222} INFO - ::endgroup::
