[2026-02-26T16:02:32.839+0000] {local_task_job_runner.py:120} INFO - ::group::Pre task execution logs
[2026-02-26T16:02:32.992+0000] {taskinstance.py:2076} INFO - Dependencies all met for dep_context=non-requeueable deps ti=<TaskInstance: daily_price.ingest_daily_price scheduled__2026-02-25T16:00:00+00:00 map_index=13 [queued]>
[2026-02-26T16:02:33.050+0000] {taskinstance.py:2076} INFO - Dependencies all met for dep_context=requeueable deps ti=<TaskInstance: daily_price.ingest_daily_price scheduled__2026-02-25T16:00:00+00:00 map_index=13 [queued]>
[2026-02-26T16:02:33.073+0000] {taskinstance.py:2306} INFO - Starting attempt 1 of 2
[2026-02-26T16:02:33.182+0000] {taskinstance.py:2330} INFO - Executing <Mapped(DfToCsvOperator): ingest_daily_price> on 2026-02-25 16:00:00+00:00
[2026-02-26T16:02:33.284+0000] {warnings.py:112} WARNING - This process (pid=1537) is multi-threaded, use of fork() may lead to deadlocks in the child.

[2026-02-26T16:02:33.307+0000] {standard_task_runner.py:64} INFO - Started process 1569 to run task
[2026-02-26T16:02:33.327+0000] {standard_task_runner.py:90} INFO - Running: ['***', 'tasks', 'run', 'daily_price', 'ingest_daily_price', 'scheduled__2026-02-25T16:00:00+00:00', '--job-id', '27413', '--raw', '--subdir', 'DAGS_FOLDER/dl_dailly_price.py', '--cfg-path', '/tmp/tmp1lhi8ead', '--map-index', '13']
[2026-02-26T16:02:33.404+0000] {standard_task_runner.py:91} INFO - Job 27413: Subtask ingest_daily_price
[2026-02-26T16:02:33.841+0000] {task_command.py:426} INFO - Running <TaskInstance: daily_price.ingest_daily_price scheduled__2026-02-25T16:00:00+00:00 map_index=13 [running]> on host 3712393133aa
[2026-02-26T16:02:34.733+0000] {taskinstance.py:2648} INFO - Exporting env vars: AIRFLOW_CTX_DAG_OWNER='***' AIRFLOW_CTX_DAG_ID='daily_price' AIRFLOW_CTX_TASK_ID='ingest_daily_price' AIRFLOW_CTX_EXECUTION_DATE='2026-02-25T16:00:00+00:00' AIRFLOW_CTX_TRY_NUMBER='1' AIRFLOW_CTX_DAG_RUN_ID='scheduled__2026-02-25T16:00:00+00:00'
[2026-02-26T16:02:34.763+0000] {taskinstance.py:430} INFO - ::endgroup::
[2026-02-26T16:02:34.772+0000] {datalake_df2csv.py:40} INFO - ================================================================================
[2026-02-26T16:02:34.778+0000] {datalake_df2csv.py:41} INFO - 🚀 BẮT ĐẦU TASK: ingest_daily_price
[2026-02-26T16:02:34.798+0000] {datalake_df2csv.py:42} INFO - ================================================================================
[2026-02-26T16:02:34.802+0000] {datalake_df2csv.py:43} INFO - 📋 Thông tin cấu hình:
[2026-02-26T16:02:34.818+0000] {datalake_df2csv.py:44} INFO -   - Logic file: history_price
[2026-02-26T16:02:34.824+0000] {datalake_df2csv.py:45} INFO -   - DataFrame name: get_history_price_batch
[2026-02-26T16:02:34.825+0000] {datalake_df2csv.py:46} INFO -   - Bucket: thongtin-congty-va-bctc
[2026-02-26T16:02:34.841+0000] {datalake_df2csv.py:47} INFO -   - Object path: daily_price/2026-02-25/batch_13.csv
[2026-02-26T16:02:34.849+0000] {datalake_df2csv.py:48} INFO -   - Connection ID: minio_finance
[2026-02-26T16:02:34.860+0000] {datalake_df2csv.py:49} INFO -   - Tham số truyền vào: {'symbols': ['PVV', 'PTP', 'PSH', 'VKC', 'HTN'], 'start_date': '2026-02-25', 'end_date': '2026-02-26'}
[2026-02-26T16:02:34.863+0000] {datalake_df2csv.py:50} INFO - --------------------------------------------------------------------------------
[2026-02-26T16:02:34.899+0000] {datalake_df2csv.py:54} INFO - 📥 Bước 1: Đang load dữ liệu từ logic file...
[2026-02-26T16:02:34.939+0000] {datalake_df2csv.py:148} INFO -   - Logic directory: /opt/airflow/plugins/logic
[2026-02-26T16:02:34.945+0000] {datalake_df2csv.py:149} INFO -   - Module path: /opt/airflow/plugins/logic/history_price.py
[2026-02-26T16:02:34.959+0000] {datalake_df2csv.py:153} INFO -   - Đã thêm logic directory vào sys.path
[2026-02-26T16:02:35.044+0000] {datalake_df2csv.py:159} INFO -   - Đang load module 'history_price'...
[2026-02-26T16:02:35.066+0000] {datalake_df2csv.py:163} INFO -   - ✅ Module loaded thành công
[2026-02-26T16:02:35.090+0000] {datalake_df2csv.py:165} INFO -   - Đang tìm DataFrame/function: 'get_history_price_batch'...
[2026-02-26T16:02:35.091+0000] {datalake_df2csv.py:170} INFO -   - ✅ Tìm thấy object: function
[2026-02-26T16:02:35.095+0000] {datalake_df2csv.py:173} INFO -   - Đang gọi function với tham số: {'symbols': ['PVV', 'PTP', 'PSH', 'VKC', 'HTN'], 'start_date': '2026-02-25', 'end_date': '2026-02-26'}
[2026-02-26T16:02:44.385+0000] {datalake_df2csv.py:68} INFO - ✅ Load dữ liệu thành công!
[2026-02-26T16:02:44.386+0000] {datalake_df2csv.py:69} INFO - 📊 Thông tin DataFrame:
[2026-02-26T16:02:44.387+0000] {datalake_df2csv.py:70} INFO -   - Số dòng: 20
[2026-02-26T16:02:44.389+0000] {datalake_df2csv.py:71} INFO -   - Số cột: 7
[2026-02-26T16:02:44.390+0000] {datalake_df2csv.py:72} INFO -   - Tên các cột: ['ticker', 'trading_date', 'open', 'high', 'low', 'close', 'volume']
[2026-02-26T16:02:44.391+0000] {datalake_df2csv.py:73} INFO -   - Kiểu dữ liệu: {'ticker': 'object', 'trading_date': 'object', 'open': 'float64', 'high': 'float64', 'low': 'float64', 'close': 'float64', 'volume': 'int64'}
[2026-02-26T16:02:44.404+0000] {datalake_df2csv.py:74} INFO -   - Bộ nhớ sử dụng: 0.00 MB
[2026-02-26T16:02:44.407+0000] {datalake_df2csv.py:83} INFO -   - Không có giá trị NULL
[2026-02-26T16:02:44.414+0000] {datalake_df2csv.py:86} INFO -   - Mẫu dữ liệu (5 dòng đầu):
[2026-02-26T16:02:44.418+0000] {datalake_df2csv.py:88} INFO -     Row 0: {'ticker': 'PVV', 'trading_date': '2026-01-23', 'open': 1.9, 'high': 1.9, 'low': 1.7, 'close': 1.9, 'volume': 239000}
[2026-02-26T16:02:44.420+0000] {datalake_df2csv.py:88} INFO -     Row 1: {'ticker': 'PVV', 'trading_date': '2026-01-30', 'open': 1.9, 'high': 2.0, 'low': 1.7, 'close': 1.8, 'volume': 326100}
[2026-02-26T16:02:44.424+0000] {datalake_df2csv.py:88} INFO -     Row 2: {'ticker': 'PVV', 'trading_date': '2026-02-06', 'open': 1.9, 'high': 1.9, 'low': 1.7, 'close': 1.8, 'volume': 137600}
[2026-02-26T16:02:44.430+0000] {datalake_df2csv.py:88} INFO -     Row 3: {'ticker': 'PVV', 'trading_date': '2026-02-13', 'open': 1.7, 'high': 1.9, 'low': 1.7, 'close': 1.9, 'volume': 195400}
[2026-02-26T16:02:44.446+0000] {datalake_df2csv.py:88} INFO -     Row 4: {'ticker': 'PTP', 'trading_date': '2026-02-06', 'open': 11.9, 'high': 11.9, 'low': 11.9, 'close': 11.9, 'volume': 1000}
[2026-02-26T16:02:44.460+0000] {datalake_df2csv.py:90} INFO - --------------------------------------------------------------------------------
[2026-02-26T16:02:44.481+0000] {datalake_df2csv.py:93} INFO - 📝 Bước 2: Đang chuyển đổi DataFrame sang CSV...
[2026-02-26T16:02:44.519+0000] {datalake_df2csv.py:97} INFO - ✅ Chuyển đổi CSV thành công!
[2026-02-26T16:02:44.521+0000] {datalake_df2csv.py:98} INFO -   - Kích thước file: 0.00 MB
[2026-02-26T16:02:44.522+0000] {datalake_df2csv.py:99} INFO -   - Thời gian chuyển đổi: 0.04 giây
[2026-02-26T16:02:44.524+0000] {datalake_df2csv.py:100} INFO - --------------------------------------------------------------------------------
[2026-02-26T16:02:44.533+0000] {datalake_df2csv.py:103} INFO - ☁️  Bước 3: Đang upload lên MinIO/S3...
[2026-02-26T16:02:44.576+0000] {base.py:84} INFO - Using connection ID 'minio_finance' for task execution.
[2026-02-26T16:02:44.578+0000] {connection_wrapper.py:384} INFO - AWS Connection (conn_id='minio_finance', conn_type='aws') credentials retrieved from login and password.
[2026-02-26T16:02:47.029+0000] {datalake_df2csv.py:112} INFO -   - Bucket 'thongtin-congty-va-bctc' đã tồn tại
[2026-02-26T16:02:47.234+0000] {datalake_df2csv.py:117} INFO - ✅ Upload thành công!
[2026-02-26T16:02:47.239+0000] {datalake_df2csv.py:118} INFO -   - Đường dẫn: s3://thongtin-congty-va-bctc/daily_price/2026-02-25/batch_13.csv
[2026-02-26T16:02:47.241+0000] {datalake_df2csv.py:119} INFO -   - Số dòng: 20
[2026-02-26T16:02:47.244+0000] {datalake_df2csv.py:120} INFO -   - Thời gian upload: 2.70 giây
[2026-02-26T16:02:47.246+0000] {datalake_df2csv.py:121} INFO - --------------------------------------------------------------------------------
[2026-02-26T16:02:47.250+0000] {datalake_df2csv.py:125} INFO - 📈 TỔNG KẾT:
[2026-02-26T16:02:47.253+0000] {datalake_df2csv.py:126} INFO -   - Tổng thời gian thực thi: 12.48 giây
[2026-02-26T16:02:47.261+0000] {datalake_df2csv.py:127} INFO -   - Tốc độ xử lý: 2 dòng/giây
[2026-02-26T16:02:47.262+0000] {datalake_df2csv.py:128} INFO - ================================================================================
[2026-02-26T16:02:47.265+0000] {datalake_df2csv.py:129} INFO - ✅ HOÀN THÀNH TASK: ingest_daily_price
[2026-02-26T16:02:47.266+0000] {datalake_df2csv.py:130} INFO - ================================================================================
[2026-02-26T16:02:47.268+0000] {taskinstance.py:441} INFO - ::group::Post task execution logs
[2026-02-26T16:02:47.296+0000] {taskinstance.py:1206} INFO - Marking task as SUCCESS. dag_id=daily_price, task_id=ingest_daily_price, run_id=scheduled__2026-02-25T16:00:00+00:00, map_index=13, execution_date=20260225T160000, start_date=20260226T160232, end_date=20260226T160247
[2026-02-26T16:02:47.591+0000] {local_task_job_runner.py:243} INFO - Task exited with return code 0
[2026-02-26T16:02:47.692+0000] {taskinstance.py:3503} INFO - 0 downstream tasks scheduled from follow-on schedule check
[2026-02-26T16:02:47.711+0000] {local_task_job_runner.py:222} INFO - ::endgroup::
