[2026-03-10T13:45:29.907+0000] {local_task_job_runner.py:120} INFO - ::group::Pre task execution logs
[2026-03-10T13:45:29.987+0000] {taskinstance.py:2076} INFO - Dependencies all met for dep_context=non-requeueable deps ti=<TaskInstance: electric_board_daily.ingest_electric_board scheduled__2026-03-06T16:00:00+00:00 map_index=12 [queued]>
[2026-03-10T13:45:30.046+0000] {taskinstance.py:2076} INFO - Dependencies all met for dep_context=requeueable deps ti=<TaskInstance: electric_board_daily.ingest_electric_board scheduled__2026-03-06T16:00:00+00:00 map_index=12 [queued]>
[2026-03-10T13:45:30.047+0000] {taskinstance.py:2306} INFO - Starting attempt 1 of 3
[2026-03-10T13:45:30.116+0000] {taskinstance.py:2330} INFO - Executing <Mapped(DfToCsvOperator): ingest_electric_board> on 2026-03-06 16:00:00+00:00
[2026-03-10T13:45:30.186+0000] {warnings.py:112} WARNING - This process (pid=154) is multi-threaded, use of fork() may lead to deadlocks in the child.

[2026-03-10T13:45:30.190+0000] {standard_task_runner.py:64} INFO - Started process 217 to run task
[2026-03-10T13:45:30.191+0000] {standard_task_runner.py:90} INFO - Running: ['***', 'tasks', 'run', 'electric_board_daily', 'ingest_electric_board', 'scheduled__2026-03-06T16:00:00+00:00', '--job-id', '31847', '--raw', '--subdir', 'DAGS_FOLDER/dl_electric_board.py', '--cfg-path', '/tmp/tmp7yl1vh3q', '--map-index', '12']
[2026-03-10T13:45:30.209+0000] {standard_task_runner.py:91} INFO - Job 31847: Subtask ingest_electric_board
[2026-03-10T13:45:30.373+0000] {task_command.py:426} INFO - Running <TaskInstance: electric_board_daily.ingest_electric_board scheduled__2026-03-06T16:00:00+00:00 map_index=12 [running]> on host a484976c6a47
[2026-03-10T13:45:30.645+0000] {taskinstance.py:2648} INFO - Exporting env vars: AIRFLOW_CTX_DAG_OWNER='***' AIRFLOW_CTX_DAG_ID='electric_board_daily' AIRFLOW_CTX_TASK_ID='ingest_electric_board' AIRFLOW_CTX_EXECUTION_DATE='2026-03-06T16:00:00+00:00' AIRFLOW_CTX_TRY_NUMBER='1' AIRFLOW_CTX_DAG_RUN_ID='scheduled__2026-03-06T16:00:00+00:00'
[2026-03-10T13:45:30.659+0000] {taskinstance.py:430} INFO - ::endgroup::
[2026-03-10T13:45:30.661+0000] {datalake_df2csv.py:40} INFO - ================================================================================
[2026-03-10T13:45:30.662+0000] {datalake_df2csv.py:41} INFO - 🚀 BẮT ĐẦU TASK: ingest_electric_board
[2026-03-10T13:45:30.663+0000] {datalake_df2csv.py:42} INFO - ================================================================================
[2026-03-10T13:45:30.666+0000] {datalake_df2csv.py:43} INFO - 📋 Thông tin cấu hình:
[2026-03-10T13:45:30.667+0000] {datalake_df2csv.py:44} INFO -   - Logic file: electric_board
[2026-03-10T13:45:30.670+0000] {datalake_df2csv.py:45} INFO -   - DataFrame name: get_price_board_batch
[2026-03-10T13:45:30.675+0000] {datalake_df2csv.py:46} INFO -   - Bucket: thongtin-congty-va-bctc
[2026-03-10T13:45:30.678+0000] {datalake_df2csv.py:47} INFO -   - Object path: electric_board_per_day/2026-03-06/batch_12.csv
[2026-03-10T13:45:30.680+0000] {datalake_df2csv.py:48} INFO -   - Connection ID: minio_finance
[2026-03-10T13:45:30.685+0000] {datalake_df2csv.py:49} INFO -   - Tham số truyền vào: {'symbols': ['TMB', 'BHI', 'PVS', 'QSP', 'HUG', 'HLY', 'SRA', 'PLP', 'EVS', 'CMS', 'BLF', 'FIT', 'QPH', 'BWA', 'DRH', 'NDW', 'MEF', 'DPH', 'HKT', 'ATG', 'NQN', 'NNT', 'TFC', 'PAP', 'VDP', 'VCR', 'OPC', 'H11', 'VHF', 'ATS', 'NDX', 'TPP', 'ABW', 'DPP', 'HSM', 'CVN', 'VIB', 'PIC', 'THW', 'NAU', 'HU1', 'SSM', 'DCV', 'MSR', 'ART', 'MEL', 'VNX', 'MLS', 'DGC', 'SIP'], 'trading_date': '2026-03-06'}
[2026-03-10T13:45:30.687+0000] {datalake_df2csv.py:50} INFO - --------------------------------------------------------------------------------
[2026-03-10T13:45:30.696+0000] {datalake_df2csv.py:54} INFO - 📥 Bước 1: Đang load dữ liệu từ logic file...
[2026-03-10T13:45:30.704+0000] {datalake_df2csv.py:148} INFO -   - Logic directory: /opt/airflow/plugins/logic
[2026-03-10T13:45:30.707+0000] {datalake_df2csv.py:149} INFO -   - Module path: /opt/airflow/plugins/logic/electric_board.py
[2026-03-10T13:45:30.709+0000] {datalake_df2csv.py:153} INFO -   - Đã thêm logic directory vào sys.path
[2026-03-10T13:45:30.712+0000] {datalake_df2csv.py:159} INFO -   - Đang load module 'electric_board'...
[2026-03-10T13:45:30.739+0000] {datalake_df2csv.py:163} INFO -   - ✅ Module loaded thành công
[2026-03-10T13:45:30.742+0000] {datalake_df2csv.py:165} INFO -   - Đang tìm DataFrame/function: 'get_price_board_batch'...
[2026-03-10T13:45:30.742+0000] {datalake_df2csv.py:170} INFO -   - ✅ Tìm thấy object: function
[2026-03-10T13:45:30.743+0000] {datalake_df2csv.py:173} INFO -   - Đang gọi function với tham số: {'symbols': ['TMB', 'BHI', 'PVS', 'QSP', 'HUG', 'HLY', 'SRA', 'PLP', 'EVS', 'CMS', 'BLF', 'FIT', 'QPH', 'BWA', 'DRH', 'NDW', 'MEF', 'DPH', 'HKT', 'ATG', 'NQN', 'NNT', 'TFC', 'PAP', 'VDP', 'VCR', 'OPC', 'H11', 'VHF', 'ATS', 'NDX', 'TPP', 'ABW', 'DPP', 'HSM', 'CVN', 'VIB', 'PIC', 'THW', 'NAU', 'HU1', 'SSM', 'DCV', 'MSR', 'ART', 'MEL', 'VNX', 'MLS', 'DGC', 'SIP'], 'trading_date': '2026-03-06'}
[2026-03-10T13:45:30.745+0000] {logging_mixin.py:188} INFO - [ELECTRIC_BOARD] Fetching price board for 50 symbols: ['TMB', 'BHI', 'PVS', 'QSP', 'HUG']...
[2026-03-10T13:45:34.044+0000] {logging_mixin.py:188} INFO - [ELECTRIC_BOARD] ✅ Fetched 50 rows, 1 columns
[2026-03-10T13:45:34.045+0000] {datalake_df2csv.py:68} INFO - ✅ Load dữ liệu thành công!
[2026-03-10T13:45:34.047+0000] {datalake_df2csv.py:69} INFO - 📊 Thông tin DataFrame:
[2026-03-10T13:45:34.048+0000] {datalake_df2csv.py:70} INFO -   - Số dòng: 50
[2026-03-10T13:45:34.051+0000] {datalake_df2csv.py:71} INFO -   - Số cột: 1
[2026-03-10T13:45:34.052+0000] {datalake_df2csv.py:72} INFO -   - Tên các cột: ['trading_date']
[2026-03-10T13:45:34.059+0000] {datalake_df2csv.py:73} INFO -   - Kiểu dữ liệu: {'trading_date': 'object'}
[2026-03-10T13:45:34.062+0000] {datalake_df2csv.py:74} INFO -   - Bộ nhớ sử dụng: 0.00 MB
[2026-03-10T13:45:34.065+0000] {datalake_df2csv.py:83} INFO -   - Không có giá trị NULL
[2026-03-10T13:45:34.068+0000] {datalake_df2csv.py:86} INFO -   - Mẫu dữ liệu (5 dòng đầu):
[2026-03-10T13:45:34.070+0000] {datalake_df2csv.py:88} INFO -     Row 0: {'trading_date': '2026-03-06'}
[2026-03-10T13:45:34.072+0000] {datalake_df2csv.py:88} INFO -     Row 1: {'trading_date': '2026-03-06'}
[2026-03-10T13:45:34.075+0000] {datalake_df2csv.py:88} INFO -     Row 2: {'trading_date': '2026-03-06'}
[2026-03-10T13:45:34.078+0000] {datalake_df2csv.py:88} INFO -     Row 3: {'trading_date': '2026-03-06'}
[2026-03-10T13:45:34.081+0000] {datalake_df2csv.py:88} INFO -     Row 4: {'trading_date': '2026-03-06'}
[2026-03-10T13:45:34.083+0000] {datalake_df2csv.py:90} INFO - --------------------------------------------------------------------------------
[2026-03-10T13:45:34.083+0000] {datalake_df2csv.py:93} INFO - 📝 Bước 2: Đang chuyển đổi DataFrame sang CSV...
[2026-03-10T13:45:34.093+0000] {datalake_df2csv.py:97} INFO - ✅ Chuyển đổi CSV thành công!
[2026-03-10T13:45:34.095+0000] {datalake_df2csv.py:98} INFO -   - Kích thước file: 0.00 MB
[2026-03-10T13:45:34.097+0000] {datalake_df2csv.py:99} INFO -   - Thời gian chuyển đổi: 0.01 giây
[2026-03-10T13:45:34.098+0000] {datalake_df2csv.py:100} INFO - --------------------------------------------------------------------------------
[2026-03-10T13:45:34.102+0000] {datalake_df2csv.py:103} INFO - ☁️  Bước 3: Đang upload lên MinIO/S3...
[2026-03-10T13:45:34.136+0000] {base.py:84} INFO - Using connection ID 'minio_finance' for task execution.
[2026-03-10T13:45:34.145+0000] {connection_wrapper.py:384} INFO - AWS Connection (conn_id='minio_finance', conn_type='aws') credentials retrieved from login and password.
[2026-03-10T13:45:35.274+0000] {datalake_df2csv.py:112} INFO -   - Bucket 'thongtin-congty-va-bctc' đã tồn tại
[2026-03-10T13:45:35.378+0000] {datalake_df2csv.py:117} INFO - ✅ Upload thành công!
[2026-03-10T13:45:35.381+0000] {datalake_df2csv.py:118} INFO -   - Đường dẫn: s3://thongtin-congty-va-bctc/electric_board_per_day/2026-03-06/batch_12.csv
[2026-03-10T13:45:35.383+0000] {datalake_df2csv.py:119} INFO -   - Số dòng: 50
[2026-03-10T13:45:35.384+0000] {datalake_df2csv.py:120} INFO -   - Thời gian upload: 1.28 giây
[2026-03-10T13:45:35.384+0000] {datalake_df2csv.py:121} INFO - --------------------------------------------------------------------------------
[2026-03-10T13:45:35.385+0000] {datalake_df2csv.py:125} INFO - 📈 TỔNG KẾT:
[2026-03-10T13:45:35.387+0000] {datalake_df2csv.py:126} INFO -   - Tổng thời gian thực thi: 4.72 giây
[2026-03-10T13:45:35.388+0000] {datalake_df2csv.py:127} INFO -   - Tốc độ xử lý: 11 dòng/giây
[2026-03-10T13:45:35.389+0000] {datalake_df2csv.py:128} INFO - ================================================================================
[2026-03-10T13:45:35.390+0000] {datalake_df2csv.py:129} INFO - ✅ HOÀN THÀNH TASK: ingest_electric_board
[2026-03-10T13:45:35.391+0000] {datalake_df2csv.py:130} INFO - ================================================================================
[2026-03-10T13:45:35.393+0000] {taskinstance.py:441} INFO - ::group::Post task execution logs
[2026-03-10T13:45:35.412+0000] {taskinstance.py:1206} INFO - Marking task as SUCCESS. dag_id=electric_board_daily, task_id=ingest_electric_board, run_id=scheduled__2026-03-06T16:00:00+00:00, map_index=12, execution_date=20260306T160000, start_date=20260310T134530, end_date=20260310T134535
[2026-03-10T13:45:35.532+0000] {local_task_job_runner.py:243} INFO - Task exited with return code 0
[2026-03-10T13:45:35.548+0000] {local_task_job_runner.py:222} INFO - ::endgroup::
