[2026-04-23T16:00:34.481+0000] {local_task_job_runner.py:120} INFO - ::group::Pre task execution logs
[2026-04-23T16:00:34.524+0000] {taskinstance.py:2076} INFO - Dependencies all met for dep_context=non-requeueable deps ti=<TaskInstance: daily_price.ingest_daily_price scheduled__2026-04-22T16:00:00+00:00 map_index=1 [queued]>
[2026-04-23T16:00:34.540+0000] {taskinstance.py:2076} INFO - Dependencies all met for dep_context=requeueable deps ti=<TaskInstance: daily_price.ingest_daily_price scheduled__2026-04-22T16:00:00+00:00 map_index=1 [queued]>
[2026-04-23T16:00:34.541+0000] {taskinstance.py:2306} INFO - Starting attempt 1 of 2
[2026-04-23T16:00:34.573+0000] {taskinstance.py:2330} INFO - Executing <Mapped(DfToCsvOperator): ingest_daily_price> on 2026-04-22 16:00:00+00:00
[2026-04-23T16:00:34.593+0000] {warnings.py:112} WARNING - This process (pid=5110) is multi-threaded, use of fork() may lead to deadlocks in the child.

[2026-04-23T16:00:34.595+0000] {standard_task_runner.py:64} INFO - Started process 5194 to run task
[2026-04-23T16:00:34.604+0000] {standard_task_runner.py:90} INFO - Running: ['***', 'tasks', 'run', 'daily_price', 'ingest_daily_price', 'scheduled__2026-04-22T16:00:00+00:00', '--job-id', '44658', '--raw', '--subdir', 'DAGS_FOLDER/dl_dailly_price.py', '--cfg-path', '/tmp/tmp6fh5dkld', '--map-index', '1']
[2026-04-23T16:00:34.611+0000] {standard_task_runner.py:91} INFO - Job 44658: Subtask ingest_daily_price
[2026-04-23T16:00:34.730+0000] {task_command.py:426} INFO - Running <TaskInstance: daily_price.ingest_daily_price scheduled__2026-04-22T16:00:00+00:00 map_index=1 [running]> on host df0317362dff
[2026-04-23T16:00:34.990+0000] {taskinstance.py:2648} INFO - Exporting env vars: AIRFLOW_CTX_DAG_OWNER='***' AIRFLOW_CTX_DAG_ID='daily_price' AIRFLOW_CTX_TASK_ID='ingest_daily_price' AIRFLOW_CTX_EXECUTION_DATE='2026-04-22T16:00:00+00:00' AIRFLOW_CTX_TRY_NUMBER='1' AIRFLOW_CTX_DAG_RUN_ID='scheduled__2026-04-22T16:00:00+00:00'
[2026-04-23T16:00:34.992+0000] {taskinstance.py:430} INFO - ::endgroup::
[2026-04-23T16:00:34.993+0000] {datalake_df2csv.py:40} INFO - ================================================================================
[2026-04-23T16:00:34.993+0000] {datalake_df2csv.py:41} INFO - 🚀 BẮT ĐẦU TASK: ingest_daily_price
[2026-04-23T16:00:34.994+0000] {datalake_df2csv.py:42} INFO - ================================================================================
[2026-04-23T16:00:34.995+0000] {datalake_df2csv.py:43} INFO - 📋 Thông tin cấu hình:
[2026-04-23T16:00:34.995+0000] {datalake_df2csv.py:44} INFO -   - Logic file: history_price
[2026-04-23T16:00:34.996+0000] {datalake_df2csv.py:45} INFO -   - DataFrame name: get_history_price_batch
[2026-04-23T16:00:34.996+0000] {datalake_df2csv.py:46} INFO -   - Bucket: thongtin-congty-va-bctc
[2026-04-23T16:00:34.997+0000] {datalake_df2csv.py:47} INFO -   - Object path: daily_price/2026-04-22/batch_1.csv
[2026-04-23T16:00:34.998+0000] {datalake_df2csv.py:48} INFO -   - Connection ID: minio_finance
[2026-04-23T16:00:34.998+0000] {datalake_df2csv.py:49} INFO -   - Tham số truyền vào: {'symbols': ['SLD', 'PSL', 'TTZ', 'CX8', 'PNJ'], 'start_date': '2026-04-22', 'end_date': '2026-04-23'}
[2026-04-23T16:00:35.001+0000] {datalake_df2csv.py:50} INFO - --------------------------------------------------------------------------------
[2026-04-23T16:00:35.001+0000] {datalake_df2csv.py:54} INFO - 📥 Bước 1: Đang load dữ liệu từ logic file...
[2026-04-23T16:00:35.008+0000] {datalake_df2csv.py:148} INFO -   - Logic directory: /opt/airflow/plugins/logic
[2026-04-23T16:00:35.011+0000] {datalake_df2csv.py:149} INFO -   - Module path: /opt/airflow/plugins/logic/history_price.py
[2026-04-23T16:00:35.013+0000] {datalake_df2csv.py:153} INFO -   - Đã thêm logic directory vào sys.path
[2026-04-23T16:00:35.015+0000] {datalake_df2csv.py:159} INFO -   - Đang load module 'history_price'...
[2026-04-23T16:00:35.023+0000] {datalake_df2csv.py:163} INFO -   - ✅ Module loaded thành công
[2026-04-23T16:00:35.024+0000] {datalake_df2csv.py:165} INFO -   - Đang tìm DataFrame/function: 'get_history_price_batch'...
[2026-04-23T16:00:35.024+0000] {datalake_df2csv.py:170} INFO -   - ✅ Tìm thấy object: function
[2026-04-23T16:00:35.026+0000] {datalake_df2csv.py:173} INFO -   - Đang gọi function với tham số: {'symbols': ['SLD', 'PSL', 'TTZ', 'CX8', 'PNJ'], 'start_date': '2026-04-22', 'end_date': '2026-04-23'}
[2026-04-23T16:01:01.196+0000] {log.py:232} WARNING - 2026-04-23 16:01:01 - vnstock.core.utils.client - ERROR - API request failed: HTTPSConnectionPool(host='trading.vietcap.com.vn', port=443): Max retries exceeded with url: /api/chart/OHLCChart/gap-chart (Caused by NameResolutionError("<urllib3.connection.HTTPSConnection object at 0x7fe1092fb5c0>: Failed to resolve 'trading.vietcap.com.vn' ([Errno -3] Temporary failure in name resolution)"))
[2026-04-23T16:01:01.195+0000] {client.py:297} ERROR - API request failed: HTTPSConnectionPool(host='trading.vietcap.com.vn', port=443): Max retries exceeded with url: /api/chart/OHLCChart/gap-chart (Caused by NameResolutionError("<urllib3.connection.HTTPSConnection object at 0x7fe1092fb5c0>: Failed to resolve 'trading.vietcap.com.vn' ([Errno -3] Temporary failure in name resolution)"))
[2026-04-23T16:01:15.962+0000] {datalake_df2csv.py:68} INFO - ✅ Load dữ liệu thành công!
[2026-04-23T16:01:15.970+0000] {datalake_df2csv.py:69} INFO - 📊 Thông tin DataFrame:
[2026-04-23T16:01:15.970+0000] {datalake_df2csv.py:70} INFO -   - Số dòng: 20
[2026-04-23T16:01:15.971+0000] {datalake_df2csv.py:71} INFO -   - Số cột: 7
[2026-04-23T16:01:15.972+0000] {datalake_df2csv.py:72} INFO -   - Tên các cột: ['ticker', 'trading_date', 'open', 'high', 'low', 'close', 'volume']
[2026-04-23T16:01:15.977+0000] {datalake_df2csv.py:73} INFO -   - Kiểu dữ liệu: {'ticker': 'object', 'trading_date': 'object', 'open': 'float64', 'high': 'float64', 'low': 'float64', 'close': 'float64', 'volume': 'int64'}
[2026-04-23T16:01:15.986+0000] {datalake_df2csv.py:74} INFO -   - Bộ nhớ sử dụng: 0.00 MB
[2026-04-23T16:01:15.990+0000] {datalake_df2csv.py:83} INFO -   - Không có giá trị NULL
[2026-04-23T16:01:15.991+0000] {datalake_df2csv.py:86} INFO -   - Mẫu dữ liệu (5 dòng đầu):
[2026-04-23T16:01:15.992+0000] {datalake_df2csv.py:88} INFO -     Row 0: {'ticker': 'SLD', 'trading_date': '2026-04-02', 'open': 8.1, 'high': 8.1, 'low': 8.1, 'close': 8.1, 'volume': 100}
[2026-04-23T16:01:15.992+0000] {datalake_df2csv.py:88} INFO -     Row 1: {'ticker': 'SLD', 'trading_date': '2026-04-03', 'open': 8.6, 'high': 8.6, 'low': 8.6, 'close': 8.6, 'volume': 100}
[2026-04-23T16:01:15.993+0000] {datalake_df2csv.py:88} INFO -     Row 2: {'ticker': 'SLD', 'trading_date': '2026-04-07', 'open': 9.0, 'high': 9.0, 'low': 9.0, 'close': 9.0, 'volume': 100}
[2026-04-23T16:01:15.994+0000] {datalake_df2csv.py:88} INFO -     Row 3: {'ticker': 'SLD', 'trading_date': '2026-04-15', 'open': 7.7, 'high': 7.7, 'low': 7.7, 'close': 7.7, 'volume': 100}
[2026-04-23T16:01:15.995+0000] {datalake_df2csv.py:88} INFO -     Row 4: {'ticker': 'PSL', 'trading_date': '2026-04-17', 'open': 9.6, 'high': 9.9, 'low': 9.6, 'close': 9.9, 'volume': 800}
[2026-04-23T16:01:15.995+0000] {datalake_df2csv.py:90} INFO - --------------------------------------------------------------------------------
[2026-04-23T16:01:15.996+0000] {datalake_df2csv.py:93} INFO - 📝 Bước 2: Đang chuyển đổi DataFrame sang CSV...
[2026-04-23T16:01:16.006+0000] {datalake_df2csv.py:97} INFO - ✅ Chuyển đổi CSV thành công!
[2026-04-23T16:01:16.006+0000] {datalake_df2csv.py:98} INFO -   - Kích thước file: 0.00 MB
[2026-04-23T16:01:16.007+0000] {datalake_df2csv.py:99} INFO -   - Thời gian chuyển đổi: 0.01 giây
[2026-04-23T16:01:16.007+0000] {datalake_df2csv.py:100} INFO - --------------------------------------------------------------------------------
[2026-04-23T16:01:16.008+0000] {datalake_df2csv.py:103} INFO - ☁️  Bước 3: Đang upload lên MinIO/S3...
[2026-04-23T16:01:17.408+0000] {base.py:84} INFO - Using connection ID 'minio_finance' for task execution.
[2026-04-23T16:01:17.412+0000] {connection_wrapper.py:384} INFO - AWS Connection (conn_id='minio_finance', conn_type='aws') credentials retrieved from login and password.
[2026-04-23T16:01:19.129+0000] {datalake_df2csv.py:112} INFO -   - Bucket 'thongtin-congty-va-bctc' đã tồn tại
[2026-04-23T16:01:19.185+0000] {datalake_df2csv.py:117} INFO - ✅ Upload thành công!
[2026-04-23T16:01:19.186+0000] {datalake_df2csv.py:118} INFO -   - Đường dẫn: s3://thongtin-congty-va-bctc/daily_price/2026-04-22/batch_1.csv
[2026-04-23T16:01:19.190+0000] {datalake_df2csv.py:119} INFO -   - Số dòng: 20
[2026-04-23T16:01:19.191+0000] {datalake_df2csv.py:120} INFO -   - Thời gian upload: 3.18 giây
[2026-04-23T16:01:19.192+0000] {datalake_df2csv.py:121} INFO - --------------------------------------------------------------------------------
[2026-04-23T16:01:19.192+0000] {datalake_df2csv.py:125} INFO - 📈 TỔNG KẾT:
[2026-04-23T16:01:19.193+0000] {datalake_df2csv.py:126} INFO -   - Tổng thời gian thực thi: 44.20 giây
[2026-04-23T16:01:19.193+0000] {datalake_df2csv.py:127} INFO -   - Tốc độ xử lý: 0 dòng/giây
[2026-04-23T16:01:19.194+0000] {datalake_df2csv.py:128} INFO - ================================================================================
[2026-04-23T16:01:19.194+0000] {datalake_df2csv.py:129} INFO - ✅ HOÀN THÀNH TASK: ingest_daily_price
[2026-04-23T16:01:19.195+0000] {datalake_df2csv.py:130} INFO - ================================================================================
[2026-04-23T16:01:19.195+0000] {taskinstance.py:441} INFO - ::group::Post task execution logs
[2026-04-23T16:01:19.209+0000] {taskinstance.py:1206} INFO - Marking task as SUCCESS. dag_id=daily_price, task_id=ingest_daily_price, run_id=scheduled__2026-04-22T16:00:00+00:00, map_index=1, execution_date=20260422T160000, start_date=20260423T160034, end_date=20260423T160119
[2026-04-23T16:01:19.324+0000] {local_task_job_runner.py:243} INFO - Task exited with return code 0
[2026-04-23T16:01:19.350+0000] {local_task_job_runner.py:222} INFO - ::endgroup::
