[2026-01-24T08:51:34.589+0000] {local_task_job_runner.py:120} INFO - ::group::Pre task execution logs
[2026-01-24T08:51:34.663+0000] {taskinstance.py:2076} INFO - Dependencies all met for dep_context=non-requeueable deps ti=<TaskInstance: daily_price_minio.ingest_daily_price manual__2026-01-24T08:33:45.946408+00:00 map_index=256 [queued]>
[2026-01-24T08:51:34.713+0000] {taskinstance.py:2076} INFO - Dependencies all met for dep_context=requeueable deps ti=<TaskInstance: daily_price_minio.ingest_daily_price manual__2026-01-24T08:33:45.946408+00:00 map_index=256 [queued]>
[2026-01-24T08:51:34.714+0000] {taskinstance.py:2306} INFO - Starting attempt 1 of 2
[2026-01-24T08:51:34.740+0000] {taskinstance.py:2330} INFO - Executing <Mapped(DfToCsvOperator): ingest_daily_price> on 2026-01-24 08:33:45.946408+00:00
[2026-01-24T08:51:34.758+0000] {warnings.py:112} WARNING - This process (pid=11240) is multi-threaded, use of fork() may lead to deadlocks in the child.

[2026-01-24T08:51:34.762+0000] {standard_task_runner.py:64} INFO - Started process 11325 to run task
[2026-01-24T08:51:34.764+0000] {standard_task_runner.py:90} INFO - Running: ['***', 'tasks', 'run', 'daily_price_minio', 'ingest_daily_price', 'manual__2026-01-24T08:33:45.946408+00:00', '--job-id', '6572', '--raw', '--subdir', 'DAGS_FOLDER/dl_dailly_price.py', '--cfg-path', '/tmp/tmprvfi23af', '--map-index', '256']
[2026-01-24T08:51:34.769+0000] {standard_task_runner.py:91} INFO - Job 6572: Subtask ingest_daily_price
[2026-01-24T08:51:34.849+0000] {task_command.py:426} INFO - Running <TaskInstance: daily_price_minio.ingest_daily_price manual__2026-01-24T08:33:45.946408+00:00 map_index=256 [running]> on host 05b4b3a77fa2
[2026-01-24T08:51:35.015+0000] {taskinstance.py:2648} INFO - Exporting env vars: AIRFLOW_CTX_DAG_OWNER='***' AIRFLOW_CTX_DAG_ID='daily_price_minio' AIRFLOW_CTX_TASK_ID='ingest_daily_price' AIRFLOW_CTX_EXECUTION_DATE='2026-01-24T08:33:45.946408+00:00' AIRFLOW_CTX_TRY_NUMBER='1' AIRFLOW_CTX_DAG_RUN_ID='manual__2026-01-24T08:33:45.946408+00:00'
[2026-01-24T08:51:35.019+0000] {taskinstance.py:430} INFO - ::endgroup::
[2026-01-24T08:51:49.361+0000] {log.py:232} WARNING - 2026-01-24 08:51:49 - vnstock.core.utils.client - ERROR - API request failed: HTTPSConnectionPool(host='trading.vietcap.com.vn', port=443): Max retries exceeded with url: /api/chart/OHLCChart/gap-chart (Caused by NameResolutionError("<urllib3.connection.HTTPSConnection object at 0x7fdaeccaee70>: Failed to resolve 'trading.vietcap.com.vn' ([Errno -3] Temporary failure in name resolution)"))
[2026-01-24T08:51:49.359+0000] {client.py:414} ERROR - API request failed: HTTPSConnectionPool(host='trading.vietcap.com.vn', port=443): Max retries exceeded with url: /api/chart/OHLCChart/gap-chart (Caused by NameResolutionError("<urllib3.connection.HTTPSConnection object at 0x7fdaeccaee70>: Failed to resolve 'trading.vietcap.com.vn' ([Errno -3] Temporary failure in name resolution)"))
[2026-01-24T08:51:49.366+0000] {logging_mixin.py:188} INFO - EFI: RetryError[<Future at 0x7fdaecbf2330 state=finished raised ConnectionError>]
[2026-01-24T08:51:59.966+0000] {log.py:232} WARNING - 2026-01-24 08:51:59 - vnstock.core.utils.client - ERROR - API request failed: HTTPSConnectionPool(host='trading.vietcap.com.vn', port=443): Max retries exceeded with url: /api/chart/OHLCChart/gap-chart (Caused by NameResolutionError("<urllib3.connection.HTTPSConnection object at 0x7fdaecc50e60>: Failed to resolve 'trading.vietcap.com.vn' ([Errno -3] Temporary failure in name resolution)"))
[2026-01-24T08:51:59.962+0000] {client.py:414} ERROR - API request failed: HTTPSConnectionPool(host='trading.vietcap.com.vn', port=443): Max retries exceeded with url: /api/chart/OHLCChart/gap-chart (Caused by NameResolutionError("<urllib3.connection.HTTPSConnection object at 0x7fdaecc50e60>: Failed to resolve 'trading.vietcap.com.vn' ([Errno -3] Temporary failure in name resolution)"))
[2026-01-24T08:52:07.834+0000] {logging_mixin.py:188} INFO - ECO: RetryError[<Future at 0x7fdaecc51190 state=finished raised ConnectionError>]
[2026-01-24T08:52:23.925+0000] {log.py:232} WARNING - 2026-01-24 08:52:23 - vnstock.core.utils.client - ERROR - API request failed: HTTPSConnectionPool(host='trading.vietcap.com.vn', port=443): Max retries exceeded with url: /api/chart/OHLCChart/gap-chart (Caused by NameResolutionError("<urllib3.connection.HTTPSConnection object at 0x7fdaecc50c50>: Failed to resolve 'trading.vietcap.com.vn' ([Errno -3] Temporary failure in name resolution)"))
[2026-01-24T08:52:23.921+0000] {client.py:414} ERROR - API request failed: HTTPSConnectionPool(host='trading.vietcap.com.vn', port=443): Max retries exceeded with url: /api/chart/OHLCChart/gap-chart (Caused by NameResolutionError("<urllib3.connection.HTTPSConnection object at 0x7fdaecc50c50>: Failed to resolve 'trading.vietcap.com.vn' ([Errno -3] Temporary failure in name resolution)"))
[2026-01-24T08:52:23.936+0000] {logging_mixin.py:188} INFO - ECI: RetryError[<Future at 0x7fdaecbb3fb0 state=finished raised ConnectionError>]
[2026-01-24T08:52:28.920+0000] {logging_mixin.py:188} INFO - EBS: RetryError[<Future at 0x7fdaecc51670 state=finished raised ConnectionError>]
[2026-01-24T08:52:34.377+0000] {logging_mixin.py:188} INFO - EAD: RetryError[<Future at 0x7fdaecc52e70 state=finished raised ConnectionError>]
[2026-01-24T08:52:34.902+0000] {datalake_df2csv.py:40} INFO - DataFrame rỗng, bỏ qua upload CSV.
[2026-01-24T08:52:34.903+0000] {taskinstance.py:441} INFO - ::group::Post task execution logs
[2026-01-24T08:52:34.919+0000] {taskinstance.py:1206} INFO - Marking task as SUCCESS. dag_id=daily_price_minio, task_id=ingest_daily_price, run_id=manual__2026-01-24T08:33:45.946408+00:00, map_index=256, execution_date=20260124T083345, start_date=20260124T085134, end_date=20260124T085234
[2026-01-24T08:52:34.993+0000] {local_task_job_runner.py:243} INFO - Task exited with return code 0
[2026-01-24T08:52:35.004+0000] {local_task_job_runner.py:222} INFO - ::endgroup::
