[2026-04-30T01:36:55.998+0000] {local_task_job_runner.py:120} INFO - ::group::Pre task execution logs
[2026-04-30T01:36:56.080+0000] {taskinstance.py:2076} INFO - Dependencies all met for dep_context=non-requeueable deps ti=<TaskInstance: daily_price.ingest_daily_price scheduled__2026-04-28T16:00:00+00:00 map_index=306 [queued]>
[2026-04-30T01:36:56.155+0000] {taskinstance.py:2076} INFO - Dependencies all met for dep_context=requeueable deps ti=<TaskInstance: daily_price.ingest_daily_price scheduled__2026-04-28T16:00:00+00:00 map_index=306 [queued]>
[2026-04-30T01:36:56.159+0000] {taskinstance.py:2306} INFO - Starting attempt 1 of 2
[2026-04-30T01:36:56.198+0000] {taskinstance.py:2330} INFO - Executing <Mapped(DfToCsvOperator): ingest_daily_price> on 2026-04-28 16:00:00+00:00
[2026-04-30T01:36:56.219+0000] {warnings.py:112} WARNING - This process (pid=3200) is multi-threaded, use of fork() may lead to deadlocks in the child.

[2026-04-30T01:36:56.222+0000] {standard_task_runner.py:64} INFO - Started process 3226 to run task
[2026-04-30T01:36:56.226+0000] {standard_task_runner.py:90} INFO - Running: ['***', 'tasks', 'run', 'daily_price', 'ingest_daily_price', 'scheduled__2026-04-28T16:00:00+00:00', '--job-id', '46541', '--raw', '--subdir', 'DAGS_FOLDER/dl_dailly_price.py', '--cfg-path', '/tmp/tmpvja1jzay', '--map-index', '306']
[2026-04-30T01:36:56.230+0000] {standard_task_runner.py:91} INFO - Job 46541: Subtask ingest_daily_price
[2026-04-30T01:36:56.342+0000] {task_command.py:426} INFO - Running <TaskInstance: daily_price.ingest_daily_price scheduled__2026-04-28T16:00:00+00:00 map_index=306 [running]> on host 7bc5781f0eae
[2026-04-30T01:36:56.969+0000] {taskinstance.py:2648} INFO - Exporting env vars: AIRFLOW_CTX_DAG_OWNER='***' AIRFLOW_CTX_DAG_ID='daily_price' AIRFLOW_CTX_TASK_ID='ingest_daily_price' AIRFLOW_CTX_EXECUTION_DATE='2026-04-28T16:00:00+00:00' AIRFLOW_CTX_TRY_NUMBER='1' AIRFLOW_CTX_DAG_RUN_ID='scheduled__2026-04-28T16:00:00+00:00'
[2026-04-30T01:36:56.971+0000] {taskinstance.py:430} INFO - ::endgroup::
[2026-04-30T01:36:56.972+0000] {datalake_df2csv.py:40} INFO - ================================================================================
[2026-04-30T01:36:56.972+0000] {datalake_df2csv.py:41} INFO - 🚀 BẮT ĐẦU TASK: ingest_daily_price
[2026-04-30T01:36:56.973+0000] {datalake_df2csv.py:42} INFO - ================================================================================
[2026-04-30T01:36:56.973+0000] {datalake_df2csv.py:43} INFO - 📋 Thông tin cấu hình:
[2026-04-30T01:36:56.974+0000] {datalake_df2csv.py:44} INFO -   - Logic file: history_price
[2026-04-30T01:36:56.975+0000] {datalake_df2csv.py:45} INFO -   - DataFrame name: get_history_price_batch
[2026-04-30T01:36:56.975+0000] {datalake_df2csv.py:46} INFO -   - Bucket: thongtin-congty-va-bctc
[2026-04-30T01:36:56.976+0000] {datalake_df2csv.py:47} INFO -   - Object path: daily_price/2026-04-28/batch_306.csv
[2026-04-30T01:36:56.976+0000] {datalake_df2csv.py:48} INFO -   - Connection ID: minio_finance
[2026-04-30T01:36:56.977+0000] {datalake_df2csv.py:49} INFO -   - Tham số truyền vào: {'symbols': ['SSH', 'TPP', 'ABT', 'DHG', 'PEG'], 'start_date': '2026-04-28', 'end_date': '2026-04-29'}
[2026-04-30T01:36:56.977+0000] {datalake_df2csv.py:50} INFO - --------------------------------------------------------------------------------
[2026-04-30T01:36:56.981+0000] {datalake_df2csv.py:54} INFO - 📥 Bước 1: Đang load dữ liệu từ logic file...
[2026-04-30T01:36:56.993+0000] {datalake_df2csv.py:148} INFO -   - Logic directory: /opt/airflow/plugins/logic
[2026-04-30T01:36:56.995+0000] {datalake_df2csv.py:149} INFO -   - Module path: /opt/airflow/plugins/logic/history_price.py
[2026-04-30T01:36:56.998+0000] {datalake_df2csv.py:153} INFO -   - Đã thêm logic directory vào sys.path
[2026-04-30T01:36:57.002+0000] {datalake_df2csv.py:159} INFO -   - Đang load module 'history_price'...
[2026-04-30T01:36:57.011+0000] {datalake_df2csv.py:163} INFO -   - ✅ Module loaded thành công
[2026-04-30T01:36:57.011+0000] {datalake_df2csv.py:165} INFO -   - Đang tìm DataFrame/function: 'get_history_price_batch'...
[2026-04-30T01:36:57.012+0000] {datalake_df2csv.py:170} INFO -   - ✅ Tìm thấy object: function
[2026-04-30T01:36:57.014+0000] {datalake_df2csv.py:173} INFO -   - Đang gọi function với tham số: {'symbols': ['SSH', 'TPP', 'ABT', 'DHG', 'PEG'], 'start_date': '2026-04-28', 'end_date': '2026-04-29'}
[2026-04-30T01:37:02.292+0000] {datalake_df2csv.py:68} INFO - ✅ Load dữ liệu thành công!
[2026-04-30T01:37:02.292+0000] {datalake_df2csv.py:69} INFO - 📊 Thông tin DataFrame:
[2026-04-30T01:37:02.293+0000] {datalake_df2csv.py:70} INFO -   - Số dòng: 20
[2026-04-30T01:37:02.294+0000] {datalake_df2csv.py:71} INFO -   - Số cột: 7
[2026-04-30T01:37:02.295+0000] {datalake_df2csv.py:72} INFO -   - Tên các cột: ['ticker', 'trading_date', 'open', 'high', 'low', 'close', 'volume']
[2026-04-30T01:37:02.296+0000] {datalake_df2csv.py:73} INFO -   - Kiểu dữ liệu: {'ticker': 'object', 'trading_date': 'object', 'open': 'float64', 'high': 'float64', 'low': 'float64', 'close': 'float64', 'volume': 'int64'}
[2026-04-30T01:37:02.298+0000] {datalake_df2csv.py:74} INFO -   - Bộ nhớ sử dụng: 0.00 MB
[2026-04-30T01:37:02.300+0000] {datalake_df2csv.py:83} INFO -   - Không có giá trị NULL
[2026-04-30T01:37:02.300+0000] {datalake_df2csv.py:86} INFO -   - Mẫu dữ liệu (5 dòng đầu):
[2026-04-30T01:37:02.301+0000] {datalake_df2csv.py:88} INFO -     Row 0: {'ticker': 'SSH', 'trading_date': '2026-04-23', 'open': 65.5, 'high': 65.5, 'low': 65.5, 'close': 65.5, 'volume': 700}
[2026-04-30T01:37:02.302+0000] {datalake_df2csv.py:88} INFO -     Row 1: {'ticker': 'SSH', 'trading_date': '2026-04-24', 'open': 65.5, 'high': 65.5, 'low': 65.5, 'close': 65.5, 'volume': 100}
[2026-04-30T01:37:02.302+0000] {datalake_df2csv.py:88} INFO -     Row 2: {'ticker': 'SSH', 'trading_date': '2026-04-28', 'open': 68.6, 'high': 68.6, 'low': 68.6, 'close': 68.6, 'volume': 100}
[2026-04-30T01:37:02.303+0000] {datalake_df2csv.py:88} INFO -     Row 3: {'ticker': 'SSH', 'trading_date': '2026-04-29', 'open': 67.9, 'high': 67.9, 'low': 67.9, 'close': 67.9, 'volume': 300}
[2026-04-30T01:37:02.304+0000] {datalake_df2csv.py:88} INFO -     Row 4: {'ticker': 'TPP', 'trading_date': '2026-04-21', 'open': 10.7, 'high': 10.7, 'low': 10.7, 'close': 10.7, 'volume': 100}
[2026-04-30T01:37:02.305+0000] {datalake_df2csv.py:90} INFO - --------------------------------------------------------------------------------
[2026-04-30T01:37:02.305+0000] {datalake_df2csv.py:93} INFO - 📝 Bước 2: Đang chuyển đổi DataFrame sang CSV...
[2026-04-30T01:37:02.310+0000] {datalake_df2csv.py:97} INFO - ✅ Chuyển đổi CSV thành công!
[2026-04-30T01:37:02.310+0000] {datalake_df2csv.py:98} INFO -   - Kích thước file: 0.00 MB
[2026-04-30T01:37:02.311+0000] {datalake_df2csv.py:99} INFO -   - Thời gian chuyển đổi: 0.00 giây
[2026-04-30T01:37:02.311+0000] {datalake_df2csv.py:100} INFO - --------------------------------------------------------------------------------
[2026-04-30T01:37:02.312+0000] {datalake_df2csv.py:103} INFO - ☁️  Bước 3: Đang upload lên MinIO/S3...
[2026-04-30T01:37:02.326+0000] {base.py:84} INFO - Using connection ID 'minio_finance' for task execution.
[2026-04-30T01:37:02.327+0000] {connection_wrapper.py:384} INFO - AWS Connection (conn_id='minio_finance', conn_type='aws') credentials retrieved from login and password.
[2026-04-30T01:37:03.272+0000] {datalake_df2csv.py:112} INFO -   - Bucket 'thongtin-congty-va-bctc' đã tồn tại
[2026-04-30T01:37:03.350+0000] {datalake_df2csv.py:117} INFO - ✅ Upload thành công!
[2026-04-30T01:37:03.351+0000] {datalake_df2csv.py:118} INFO -   - Đường dẫn: s3://thongtin-congty-va-bctc/daily_price/2026-04-28/batch_306.csv
[2026-04-30T01:37:03.352+0000] {datalake_df2csv.py:119} INFO -   - Số dòng: 20
[2026-04-30T01:37:03.352+0000] {datalake_df2csv.py:120} INFO -   - Thời gian upload: 1.04 giây
[2026-04-30T01:37:03.353+0000] {datalake_df2csv.py:121} INFO - --------------------------------------------------------------------------------
[2026-04-30T01:37:03.354+0000] {datalake_df2csv.py:125} INFO - 📈 TỔNG KẾT:
[2026-04-30T01:37:03.354+0000] {datalake_df2csv.py:126} INFO -   - Tổng thời gian thực thi: 6.38 giây
[2026-04-30T01:37:03.355+0000] {datalake_df2csv.py:127} INFO -   - Tốc độ xử lý: 3 dòng/giây
[2026-04-30T01:37:03.356+0000] {datalake_df2csv.py:128} INFO - ================================================================================
[2026-04-30T01:37:03.356+0000] {datalake_df2csv.py:129} INFO - ✅ HOÀN THÀNH TASK: ingest_daily_price
[2026-04-30T01:37:03.357+0000] {datalake_df2csv.py:130} INFO - ================================================================================
[2026-04-30T01:37:03.358+0000] {taskinstance.py:441} INFO - ::group::Post task execution logs
[2026-04-30T01:37:03.374+0000] {taskinstance.py:1206} INFO - Marking task as SUCCESS. dag_id=daily_price, task_id=ingest_daily_price, run_id=scheduled__2026-04-28T16:00:00+00:00, map_index=306, execution_date=20260428T160000, start_date=20260430T013656, end_date=20260430T013703
[2026-04-30T01:37:03.471+0000] {local_task_job_runner.py:243} INFO - Task exited with return code 0
[2026-04-30T01:37:03.790+0000] {taskinstance.py:3503} INFO - 0 downstream tasks scheduled from follow-on schedule check
[2026-04-30T01:37:03.795+0000] {local_task_job_runner.py:222} INFO - ::endgroup::
