[2026-01-24T03:43:26.616+0000] {local_task_job_runner.py:120} INFO - ::group::Pre task execution logs
[2026-01-24T03:43:26.682+0000] {taskinstance.py:2076} INFO - Dependencies all met for dep_context=non-requeueable deps ti=<TaskInstance: daily_price_minio.ingest_daily_price scheduled__2026-01-22T16:00:00+00:00 map_index=293 [queued]>
[2026-01-24T03:43:26.723+0000] {taskinstance.py:2076} INFO - Dependencies all met for dep_context=requeueable deps ti=<TaskInstance: daily_price_minio.ingest_daily_price scheduled__2026-01-22T16:00:00+00:00 map_index=293 [queued]>
[2026-01-24T03:43:26.724+0000] {taskinstance.py:2306} INFO - Starting attempt 1 of 2
[2026-01-24T03:43:26.748+0000] {taskinstance.py:2330} INFO - Executing <Mapped(DfToCsvOperator): ingest_daily_price> on 2026-01-22 16:00:00+00:00
[2026-01-24T03:43:26.770+0000] {warnings.py:112} WARNING - This process (pid=4333) is multi-threaded, use of fork() may lead to deadlocks in the child.

[2026-01-24T03:43:26.772+0000] {standard_task_runner.py:64} INFO - Started process 4453 to run task
[2026-01-24T03:43:26.777+0000] {standard_task_runner.py:90} INFO - Running: ['***', 'tasks', 'run', 'daily_price_minio', 'ingest_daily_price', 'scheduled__2026-01-22T16:00:00+00:00', '--job-id', '5604', '--raw', '--subdir', 'DAGS_FOLDER/daily_price_minio.py', '--cfg-path', '/tmp/tmpxc3qdc9m', '--map-index', '293']
[2026-01-24T03:43:26.782+0000] {standard_task_runner.py:91} INFO - Job 5604: Subtask ingest_daily_price
[2026-01-24T03:43:26.855+0000] {task_command.py:426} INFO - Running <TaskInstance: daily_price_minio.ingest_daily_price scheduled__2026-01-22T16:00:00+00:00 map_index=293 [running]> on host 09addc28f735
[2026-01-24T03:43:27.037+0000] {taskinstance.py:2648} INFO - Exporting env vars: AIRFLOW_CTX_DAG_OWNER='***' AIRFLOW_CTX_DAG_ID='daily_price_minio' AIRFLOW_CTX_TASK_ID='ingest_daily_price' AIRFLOW_CTX_EXECUTION_DATE='2026-01-22T16:00:00+00:00' AIRFLOW_CTX_TRY_NUMBER='1' AIRFLOW_CTX_DAG_RUN_ID='scheduled__2026-01-22T16:00:00+00:00'
[2026-01-24T03:43:27.039+0000] {taskinstance.py:430} INFO - ::endgroup::
[2026-01-24T03:43:31.035+0000] {base.py:84} INFO - Using connection ID 'minio_finance' for task execution.
[2026-01-24T03:43:31.036+0000] {connection_wrapper.py:384} INFO - AWS Connection (conn_id='minio_finance', conn_type='aws') credentials retrieved from login and password.
[2026-01-24T03:43:31.644+0000] {datalake_df2csv.py:52} INFO - ✅ Đã upload 15 dòng -> s3://thongtin-congty-va-bctc/daily_price/2026-01-22/batch_293.csv
[2026-01-24T03:43:31.645+0000] {taskinstance.py:441} INFO - ::group::Post task execution logs
[2026-01-24T03:43:31.660+0000] {taskinstance.py:1206} INFO - Marking task as SUCCESS. dag_id=daily_price_minio, task_id=ingest_daily_price, run_id=scheduled__2026-01-22T16:00:00+00:00, map_index=293, execution_date=20260122T160000, start_date=20260124T034326, end_date=20260124T034331
[2026-01-24T03:43:31.766+0000] {local_task_job_runner.py:243} INFO - Task exited with return code 0
[2026-01-24T03:43:31.789+0000] {taskinstance.py:3503} INFO - 0 downstream tasks scheduled from follow-on schedule check
[2026-01-24T03:43:31.791+0000] {local_task_job_runner.py:222} INFO - ::endgroup::
