[2026-01-22T14:19:10.348+0000] {local_task_job_runner.py:120} INFO - ::group::Pre task execution logs
[2026-01-22T14:19:10.393+0000] {taskinstance.py:2076} INFO - Dependencies all met for dep_context=non-requeueable deps ti=<TaskInstance: financial_ratios_etl.ingest_financial_ratios manual__2026-01-19T13:56:35+00:00 map_index=94 [queued]>
[2026-01-22T14:19:10.423+0000] {taskinstance.py:2076} INFO - Dependencies all met for dep_context=requeueable deps ti=<TaskInstance: financial_ratios_etl.ingest_financial_ratios manual__2026-01-19T13:56:35+00:00 map_index=94 [queued]>
[2026-01-22T14:19:10.425+0000] {taskinstance.py:2306} INFO - Starting attempt 2 of 2
[2026-01-22T14:19:10.450+0000] {taskinstance.py:2330} INFO - Executing <Mapped(DfToCsvOperator): ingest_financial_ratios> on 2026-01-19 13:56:35+00:00
[2026-01-22T14:19:10.462+0000] {warnings.py:112} WARNING - This process (pid=1023) is multi-threaded, use of fork() may lead to deadlocks in the child.

[2026-01-22T14:19:10.464+0000] {standard_task_runner.py:64} INFO - Started process 1116 to run task
[2026-01-22T14:19:10.470+0000] {standard_task_runner.py:90} INFO - Running: ['***', 'tasks', 'run', 'financial_ratios_etl', 'ingest_financial_ratios', 'manual__2026-01-19T13:56:35+00:00', '--job-id', '3950', '--raw', '--subdir', 'DAGS_FOLDER/financial_ratios_etl.py', '--cfg-path', '/tmp/tmp1fauatur', '--map-index', '94']
[2026-01-22T14:19:10.474+0000] {standard_task_runner.py:91} INFO - Job 3950: Subtask ingest_financial_ratios
[2026-01-22T14:19:10.605+0000] {task_command.py:426} INFO - Running <TaskInstance: financial_ratios_etl.ingest_financial_ratios manual__2026-01-19T13:56:35+00:00 map_index=94 [running]> on host 4da96d4d1b09
[2026-01-22T14:19:15.218+0000] {taskinstance.py:2648} INFO - Exporting env vars: AIRFLOW_CTX_DAG_OWNER='***' AIRFLOW_CTX_DAG_ID='financial_ratios_etl' AIRFLOW_CTX_TASK_ID='ingest_financial_ratios' AIRFLOW_CTX_EXECUTION_DATE='2026-01-19T13:56:35+00:00' AIRFLOW_CTX_TRY_NUMBER='2' AIRFLOW_CTX_DAG_RUN_ID='manual__2026-01-19T13:56:35+00:00'
[2026-01-22T14:19:15.219+0000] {taskinstance.py:430} INFO - ::endgroup::
[2026-01-22T14:19:15.227+0000] {logging_mixin.py:188} INFO - [RATIO] Bắt đầu xử lý batch 2 mã: ['VC5', 'VC3']
[2026-01-22T14:19:15.227+0000] {logging_mixin.py:188} INFO - [RATIO] Kỳ dữ liệu: quarter
[2026-01-22T14:19:15.228+0000] {logging_mixin.py:188} INFO -  >> [RATIO] Đang lấy dữ liệu: VC5
[2026-01-22T14:19:18.109+0000] {logging_mixin.py:188} INFO -  ✓ [RATIO] VC5: 15 rows
[2026-01-22T14:19:20.110+0000] {logging_mixin.py:188} INFO -  >> [RATIO] Đang lấy dữ liệu: VC3
[2026-01-22T14:19:46.529+0000] {logging_mixin.py:188} INFO -  ✓ [RATIO] VC3: 51 rows
[2026-01-22T14:19:48.539+0000] {logging_mixin.py:188} INFO -  ✅ [RATIO] Hoàn thành batch. Tổng số dòng: 66
[2026-01-22T14:19:48.576+0000] {base.py:84} INFO - Using connection ID 'minio_finance' for task execution.
[2026-01-22T14:19:48.577+0000] {connection_wrapper.py:384} INFO - AWS Connection (conn_id='minio_finance', conn_type='aws') credentials retrieved from login and password.
[2026-01-22T14:19:49.381+0000] {datalake_df2csv.py:52} INFO - ✅ Đã upload 66 dòng -> s3://thongtin-congty-va-bctc/financial_ratios/2026-01-19/batch_94.csv
[2026-01-22T14:19:49.383+0000] {taskinstance.py:441} INFO - ::group::Post task execution logs
[2026-01-22T14:19:49.400+0000] {taskinstance.py:1206} INFO - Marking task as SUCCESS. dag_id=financial_ratios_etl, task_id=ingest_financial_ratios, run_id=manual__2026-01-19T13:56:35+00:00, map_index=94, execution_date=20260119T135635, start_date=20260122T141910, end_date=20260122T141949
[2026-01-22T14:19:49.468+0000] {local_task_job_runner.py:243} INFO - Task exited with return code 0
[2026-01-22T14:19:49.494+0000] {taskinstance.py:3503} INFO - 0 downstream tasks scheduled from follow-on schedule check
[2026-01-22T14:19:49.500+0000] {local_task_job_runner.py:222} INFO - ::endgroup::
