[2026-01-25T03:13:48.863+0000] {local_task_job_runner.py:120} INFO - ::group::Pre task execution logs
[2026-01-25T03:13:48.904+0000] {taskinstance.py:2076} INFO - Dependencies all met for dep_context=non-requeueable deps ti=<TaskInstance: electric_board_daily.ingest_electric_board scheduled__2026-01-22T16:00:00+00:00 map_index=6 [queued]>
[2026-01-25T03:13:48.926+0000] {taskinstance.py:2076} INFO - Dependencies all met for dep_context=requeueable deps ti=<TaskInstance: electric_board_daily.ingest_electric_board scheduled__2026-01-22T16:00:00+00:00 map_index=6 [queued]>
[2026-01-25T03:13:48.927+0000] {taskinstance.py:2306} INFO - Starting attempt 1 of 3
[2026-01-25T03:13:48.954+0000] {taskinstance.py:2330} INFO - Executing <Mapped(DfToCsvOperator): ingest_electric_board> on 2026-01-22 16:00:00+00:00
[2026-01-25T03:13:48.970+0000] {warnings.py:112} WARNING - This process (pid=1714) is multi-threaded, use of fork() may lead to deadlocks in the child.

[2026-01-25T03:13:48.972+0000] {standard_task_runner.py:64} INFO - Started process 1855 to run task
[2026-01-25T03:13:48.999+0000] {standard_task_runner.py:90} INFO - Running: ['***', 'tasks', 'run', 'electric_board_daily', 'ingest_electric_board', 'scheduled__2026-01-22T16:00:00+00:00', '--job-id', '7590', '--raw', '--subdir', 'DAGS_FOLDER/dl_electric_board.py', '--cfg-path', '/tmp/tmpqgpnsuu2', '--map-index', '6']
[2026-01-25T03:13:49.017+0000] {standard_task_runner.py:91} INFO - Job 7590: Subtask ingest_electric_board
[2026-01-25T03:13:49.171+0000] {task_command.py:426} INFO - Running <TaskInstance: electric_board_daily.ingest_electric_board scheduled__2026-01-22T16:00:00+00:00 map_index=6 [running]> on host 1b559837feab
[2026-01-25T03:13:49.357+0000] {taskinstance.py:2648} INFO - Exporting env vars: AIRFLOW_CTX_DAG_OWNER='***' AIRFLOW_CTX_DAG_ID='electric_board_daily' AIRFLOW_CTX_TASK_ID='ingest_electric_board' AIRFLOW_CTX_EXECUTION_DATE='2026-01-22T16:00:00+00:00' AIRFLOW_CTX_TRY_NUMBER='1' AIRFLOW_CTX_DAG_RUN_ID='scheduled__2026-01-22T16:00:00+00:00'
[2026-01-25T03:13:49.364+0000] {taskinstance.py:430} INFO - ::endgroup::
[2026-01-25T03:13:49.418+0000] {logging_mixin.py:188} INFO - [ELECTRIC_BOARD] Fetching price board for 50 symbols: ['TMC', 'TMB', 'TLT', 'TLP', 'TLI']...
[2026-01-25T03:13:49.712+0000] {logging_mixin.py:188} INFO - [ELECTRIC_BOARD] ✅ Fetched 50 rows, 109 columns
[2026-01-25T03:13:49.757+0000] {base.py:84} INFO - Using connection ID 'minio_finance' for task execution.
[2026-01-25T03:13:49.760+0000] {connection_wrapper.py:384} INFO - AWS Connection (conn_id='minio_finance', conn_type='aws') credentials retrieved from login and password.
[2026-01-25T03:13:50.743+0000] {datalake_df2csv.py:52} INFO - ✅ Đã upload 50 dòng -> s3://thongtin-congty-va-bctc/electric_board_per_day/2026-01-22/batch_6.csv
[2026-01-25T03:13:50.744+0000] {taskinstance.py:441} INFO - ::group::Post task execution logs
[2026-01-25T03:13:50.793+0000] {taskinstance.py:1206} INFO - Marking task as SUCCESS. dag_id=electric_board_daily, task_id=ingest_electric_board, run_id=scheduled__2026-01-22T16:00:00+00:00, map_index=6, execution_date=20260122T160000, start_date=20260125T031348, end_date=20260125T031350
[2026-01-25T03:13:50.894+0000] {local_task_job_runner.py:243} INFO - Task exited with return code 0
[2026-01-25T03:13:50.930+0000] {taskinstance.py:3503} INFO - 0 downstream tasks scheduled from follow-on schedule check
[2026-01-25T03:13:50.933+0000] {local_task_job_runner.py:222} INFO - ::endgroup::
