[2026-02-20T14:11:23.529+0000] {local_task_job_runner.py:120} INFO - ::group::Pre task execution logs
[2026-02-20T14:11:23.628+0000] {taskinstance.py:2076} INFO - Dependencies all met for dep_context=non-requeueable deps ti=<TaskInstance: minio_to_db_sync.sync_macro_economy scheduled__2026-02-19T03:00:00+00:00 [queued]>
[2026-02-20T14:11:23.661+0000] {taskinstance.py:2076} INFO - Dependencies all met for dep_context=requeueable deps ti=<TaskInstance: minio_to_db_sync.sync_macro_economy scheduled__2026-02-19T03:00:00+00:00 [queued]>
[2026-02-20T14:11:23.670+0000] {taskinstance.py:2306} INFO - Starting attempt 1 of 3
[2026-02-20T14:11:23.776+0000] {taskinstance.py:2330} INFO - Executing <Task(_PythonDecoratedOperator): sync_macro_economy> on 2026-02-19 03:00:00+00:00
[2026-02-20T14:11:23.839+0000] {warnings.py:112} WARNING - This process (pid=77) is multi-threaded, use of fork() may lead to deadlocks in the child.

[2026-02-20T14:11:23.853+0000] {standard_task_runner.py:64} INFO - Started process 105 to run task
[2026-02-20T14:11:23.874+0000] {standard_task_runner.py:90} INFO - Running: ['***', 'tasks', 'run', 'minio_to_db_sync', 'sync_macro_economy', 'scheduled__2026-02-19T03:00:00+00:00', '--job-id', '22519', '--raw', '--subdir', 'DAGS_FOLDER/minio_to_db_sync.py', '--cfg-path', '/tmp/tmpec6qy2fc']
[2026-02-20T14:11:23.900+0000] {standard_task_runner.py:91} INFO - Job 22519: Subtask sync_macro_economy
[2026-02-20T14:11:24.439+0000] {task_command.py:426} INFO - Running <TaskInstance: minio_to_db_sync.sync_macro_economy scheduled__2026-02-19T03:00:00+00:00 [running]> on host 9eff936decf3
[2026-02-20T14:11:28.452+0000] {taskinstance.py:2648} INFO - Exporting env vars: AIRFLOW_CTX_DAG_OWNER='***' AIRFLOW_CTX_DAG_ID='minio_to_db_sync' AIRFLOW_CTX_TASK_ID='sync_macro_economy' AIRFLOW_CTX_EXECUTION_DATE='2026-02-19T03:00:00+00:00' AIRFLOW_CTX_TRY_NUMBER='1' AIRFLOW_CTX_DAG_RUN_ID='scheduled__2026-02-19T03:00:00+00:00'
[2026-02-20T14:11:28.456+0000] {taskinstance.py:430} INFO - ::endgroup::
[2026-02-20T14:11:28.497+0000] {logging_mixin.py:188} INFO - ======================================================================
[2026-02-20T14:11:28.498+0000] {logging_mixin.py:188} INFO - 📊 SYNC MACRO ECONOMY TO DATABASE
[2026-02-20T14:11:28.499+0000] {logging_mixin.py:188} INFO - ======================================================================
[2026-02-20T14:11:28.501+0000] {logging_mixin.py:188} INFO - 
--- Processing XAU ---
[2026-02-20T14:11:28.530+0000] {base.py:84} INFO - Using connection ID 'minio_finance' for task execution.
[2026-02-20T14:11:28.531+0000] {connection_wrapper.py:384} INFO - AWS Connection (conn_id='minio_finance', conn_type='aws') credentials retrieved from login and password.
[2026-02-20T14:11:37.191+0000] {logging_mixin.py:188} INFO - 📂 Scanning 18 objects in thongtin-congty-va-bctc/macro_economy/xau/
[2026-02-20T14:11:37.192+0000] {logging_mixin.py:188} INFO - 📅 Found 18 valid date partition(s): ['2026-01-13', '2026-01-15', '2026-01-16', '2026-01-17', '2026-01-19', '2026-01-21', '2026-01-23', '2026-01-24', '2026-01-26', '2026-01-27', '2026-01-28', '2026-01-30', '2026-02-02', '2026-02-03', '2026-02-04', '2026-02-06', '2026-02-07', '2026-02-11']
[2026-02-20T14:11:37.193+0000] {logging_mixin.py:188} INFO - ✅ Latest partition selected: macro_economy/xau/2026-02-11/
[2026-02-20T14:11:37.202+0000] {base.py:84} INFO - Using connection ID 'minio_finance' for task execution.
[2026-02-20T14:11:37.203+0000] {connection_wrapper.py:384} INFO - AWS Connection (conn_id='minio_finance', conn_type='aws') credentials retrieved from login and password.
[2026-02-20T14:11:37.461+0000] {base.py:84} INFO - Using connection ID 'minio_finance' for task execution.
[2026-02-20T14:11:37.462+0000] {connection_wrapper.py:384} INFO - AWS Connection (conn_id='minio_finance', conn_type='aws') credentials retrieved from login and password.
[2026-02-20T14:11:37.611+0000] {logging_mixin.py:188} INFO - ✓ Read 1 rows from macro_economy/xau/2026-02-11/data.csv
[2026-02-20T14:11:37.614+0000] {logging_mixin.py:188} INFO - 
--- Processing OIL ---
[2026-02-20T14:11:37.625+0000] {base.py:84} INFO - Using connection ID 'minio_finance' for task execution.
[2026-02-20T14:11:37.626+0000] {connection_wrapper.py:384} INFO - AWS Connection (conn_id='minio_finance', conn_type='aws') credentials retrieved from login and password.
[2026-02-20T14:11:41.272+0000] {logging_mixin.py:188} INFO - 📂 Scanning 18 objects in thongtin-congty-va-bctc/macro_economy/oil/
[2026-02-20T14:11:41.273+0000] {logging_mixin.py:188} INFO - 📅 Found 18 valid date partition(s): ['2026-01-13', '2026-01-15', '2026-01-16', '2026-01-17', '2026-01-19', '2026-01-21', '2026-01-23', '2026-01-24', '2026-01-26', '2026-01-27', '2026-01-28', '2026-01-30', '2026-02-02', '2026-02-03', '2026-02-04', '2026-02-06', '2026-02-07', '2026-02-11']
[2026-02-20T14:11:41.273+0000] {logging_mixin.py:188} INFO - ✅ Latest partition selected: macro_economy/oil/2026-02-11/
[2026-02-20T14:11:41.281+0000] {base.py:84} INFO - Using connection ID 'minio_finance' for task execution.
[2026-02-20T14:11:41.282+0000] {connection_wrapper.py:384} INFO - AWS Connection (conn_id='minio_finance', conn_type='aws') credentials retrieved from login and password.
[2026-02-20T14:11:41.490+0000] {base.py:84} INFO - Using connection ID 'minio_finance' for task execution.
[2026-02-20T14:11:41.491+0000] {connection_wrapper.py:384} INFO - AWS Connection (conn_id='minio_finance', conn_type='aws') credentials retrieved from login and password.
[2026-02-20T14:11:41.852+0000] {logging_mixin.py:188} INFO - ✓ Read 1 rows from macro_economy/oil/2026-02-11/data.csv
[2026-02-20T14:11:41.857+0000] {logging_mixin.py:188} INFO - 
--- Processing DJI ---
[2026-02-20T14:11:41.873+0000] {base.py:84} INFO - Using connection ID 'minio_finance' for task execution.
[2026-02-20T14:11:41.877+0000] {connection_wrapper.py:384} INFO - AWS Connection (conn_id='minio_finance', conn_type='aws') credentials retrieved from login and password.
[2026-02-20T14:11:46.177+0000] {logging_mixin.py:188} INFO - 📂 Scanning 17 objects in thongtin-congty-va-bctc/macro_economy/dowjone/
[2026-02-20T14:11:46.178+0000] {logging_mixin.py:188} INFO - 📅 Found 17 valid date partition(s): ['2026-01-13', '2026-01-15', '2026-01-16', '2026-01-17', '2026-01-21', '2026-01-23', '2026-01-24', '2026-01-26', '2026-01-27', '2026-01-28', '2026-01-30', '2026-02-02', '2026-02-03', '2026-02-04', '2026-02-06', '2026-02-07', '2026-02-11']
[2026-02-20T14:11:46.179+0000] {logging_mixin.py:188} INFO - ✅ Latest partition selected: macro_economy/dowjone/2026-02-11/
[2026-02-20T14:11:46.188+0000] {base.py:84} INFO - Using connection ID 'minio_finance' for task execution.
[2026-02-20T14:11:46.189+0000] {connection_wrapper.py:384} INFO - AWS Connection (conn_id='minio_finance', conn_type='aws') credentials retrieved from login and password.
[2026-02-20T14:11:46.395+0000] {base.py:84} INFO - Using connection ID 'minio_finance' for task execution.
[2026-02-20T14:11:46.396+0000] {connection_wrapper.py:384} INFO - AWS Connection (conn_id='minio_finance', conn_type='aws') credentials retrieved from login and password.
[2026-02-20T14:11:46.542+0000] {logging_mixin.py:188} INFO - ✓ Read 1 rows from macro_economy/dowjone/2026-02-11/data.csv
[2026-02-20T14:11:46.544+0000] {logging_mixin.py:188} INFO - 
Total loaded: 3 rows
[2026-02-20T14:11:46.545+0000] {logging_mixin.py:188} INFO - 
Cleaning and transforming data...
[2026-02-20T14:11:46.562+0000] {logging_mixin.py:188} INFO - After cleaning: 3 rows
[2026-02-20T14:11:46.562+0000] {logging_mixin.py:188} INFO - 
Inserting into database...
[2026-02-20T14:11:46.573+0000] {logging_mixin.py:188} INFO - ✓ Schema hethong_phantich_chungkhoan ensured
[2026-02-20T14:11:46.585+0000] {logging_mixin.py:188} INFO - ✅ Inserted 3 rows
[2026-02-20T14:11:46.586+0000] {python.py:237} INFO - Done. Returned value was: ✅ Success: 3 rows
[2026-02-20T14:11:46.587+0000] {taskinstance.py:441} INFO - ::group::Post task execution logs
[2026-02-20T14:11:46.617+0000] {taskinstance.py:1206} INFO - Marking task as SUCCESS. dag_id=minio_to_db_sync, task_id=sync_macro_economy, run_id=scheduled__2026-02-19T03:00:00+00:00, execution_date=20260219T030000, start_date=20260220T141123, end_date=20260220T141146
[2026-02-20T14:11:46.682+0000] {local_task_job_runner.py:243} INFO - Task exited with return code 0
[2026-02-20T14:11:46.691+0000] {local_task_job_runner.py:222} INFO - ::endgroup::
