[2026-01-24T08:33:42.430+0000] {local_task_job_runner.py:120} INFO - ::group::Pre task execution logs
[2026-01-24T08:33:42.466+0000] {taskinstance.py:2076} INFO - Dependencies all met for dep_context=non-requeueable deps ti=<TaskInstance: company_overview_to_minio.ingest_overview manual__2026-01-24T08:33:14.283743+00:00 map_index=9 [queued]>
[2026-01-24T08:33:42.483+0000] {taskinstance.py:2076} INFO - Dependencies all met for dep_context=requeueable deps ti=<TaskInstance: company_overview_to_minio.ingest_overview manual__2026-01-24T08:33:14.283743+00:00 map_index=9 [queued]>
[2026-01-24T08:33:42.483+0000] {taskinstance.py:2306} INFO - Starting attempt 1 of 2
[2026-01-24T08:33:42.519+0000] {taskinstance.py:2330} INFO - Executing <Mapped(DfToCsvOperator): ingest_overview> on 2026-01-24 08:33:14.283743+00:00
[2026-01-24T08:33:42.536+0000] {warnings.py:112} WARNING - This process (pid=2134) is multi-threaded, use of fork() may lead to deadlocks in the child.

[2026-01-24T08:33:42.538+0000] {standard_task_runner.py:64} INFO - Started process 2284 to run task
[2026-01-24T08:33:42.545+0000] {standard_task_runner.py:90} INFO - Running: ['***', 'tasks', 'run', 'company_overview_to_minio', 'ingest_overview', 'manual__2026-01-24T08:33:14.283743+00:00', '--job-id', '5769', '--raw', '--subdir', 'DAGS_FOLDER/company_overview_to_minio.py', '--cfg-path', '/tmp/tmpifshgc25', '--map-index', '9']
[2026-01-24T08:33:42.551+0000] {standard_task_runner.py:91} INFO - Job 5769: Subtask ingest_overview
[2026-01-24T08:33:42.661+0000] {task_command.py:426} INFO - Running <TaskInstance: company_overview_to_minio.ingest_overview manual__2026-01-24T08:33:14.283743+00:00 map_index=9 [running]> on host 05b4b3a77fa2
[2026-01-24T08:33:42.872+0000] {taskinstance.py:2648} INFO - Exporting env vars: AIRFLOW_CTX_DAG_OWNER='***' AIRFLOW_CTX_DAG_ID='company_overview_to_minio' AIRFLOW_CTX_TASK_ID='ingest_overview' AIRFLOW_CTX_EXECUTION_DATE='2026-01-24T08:33:14.283743+00:00' AIRFLOW_CTX_TRY_NUMBER='1' AIRFLOW_CTX_DAG_RUN_ID='manual__2026-01-24T08:33:14.283743+00:00'
[2026-01-24T08:33:42.874+0000] {taskinstance.py:430} INFO - ::endgroup::
[2026-01-24T08:33:47.225+0000] {logging_mixin.py:188} INFO - Listing metadata error: RetryError[<Future at 0x7fdaecd22e40 state=finished raised ConnectionError>]
[2026-01-24T08:33:47.387+0000] {logging_mixin.py:188} INFO - Err overview VCF: Failed to fetch data: 429 - Too Many Requests
[2026-01-24T08:33:48.497+0000] {logging_mixin.py:188} INFO - Err overview VCE: Failed to fetch data: 429 - Too Many Requests
[2026-01-24T08:33:49.630+0000] {logging_mixin.py:188} INFO - Err overview VCC: Failed to fetch data: 429 - Too Many Requests
[2026-01-24T08:33:50.857+0000] {logging_mixin.py:188} INFO - Err overview VCB: Failed to fetch data: 429 - Too Many Requests
[2026-01-24T08:33:52.332+0000] {logging_mixin.py:188} INFO - Err overview VCA: Failed to fetch data: 429 - Too Many Requests
[2026-01-24T08:33:53.436+0000] {logging_mixin.py:188} INFO - Err overview VC9: Failed to fetch data: 429 - Too Many Requests
[2026-01-24T08:33:55.895+0000] {logging_mixin.py:188} INFO - Err overview VC7: Failed to fetch data: 429 - Too Many Requests
[2026-01-24T08:33:57.350+0000] {logging_mixin.py:188} INFO - Err overview VC6: Failed to fetch data: 429 - Too Many Requests
[2026-01-24T08:33:59.549+0000] {logging_mixin.py:188} INFO - Err overview VC5: Failed to fetch data: 429 - Too Many Requests
[2026-01-24T08:34:00.640+0000] {logging_mixin.py:188} INFO - Err overview VC3: Failed to fetch data: 429 - Too Many Requests
[2026-01-24T08:34:01.761+0000] {logging_mixin.py:188} INFO - Err overview VC2: Failed to fetch data: 429 - Too Many Requests
[2026-01-24T08:34:02.850+0000] {logging_mixin.py:188} INFO - Err overview VC1: Failed to fetch data: 429 - Too Many Requests
[2026-01-24T08:34:05.111+0000] {logging_mixin.py:188} INFO - Err overview VBH: Failed to fetch data: 429 - Too Many Requests
[2026-01-24T08:34:06.213+0000] {logging_mixin.py:188} INFO - Err overview VBG: Failed to fetch data: 429 - Too Many Requests
[2026-01-24T08:34:07.320+0000] {logging_mixin.py:188} INFO - Err overview VBC: Failed to fetch data: 429 - Too Many Requests
[2026-01-24T08:34:08.454+0000] {logging_mixin.py:188} INFO - Err overview VBB: Failed to fetch data: 429 - Too Many Requests
[2026-01-24T08:34:09.555+0000] {logging_mixin.py:188} INFO - Err overview VAV: Failed to fetch data: 429 - Too Many Requests
[2026-01-24T08:34:10.992+0000] {logging_mixin.py:188} INFO - Err overview VAT: Failed to fetch data: 429 - Too Many Requests
[2026-01-24T08:34:12.122+0000] {logging_mixin.py:188} INFO - Err overview VAF: Failed to fetch data: 429 - Too Many Requests
[2026-01-24T08:34:13.215+0000] {logging_mixin.py:188} INFO - Err overview VAB: Failed to fetch data: 429 - Too Many Requests
[2026-01-24T08:34:14.219+0000] {datalake_df2csv.py:40} INFO - DataFrame rỗng, bỏ qua upload CSV.
[2026-01-24T08:34:14.220+0000] {taskinstance.py:441} INFO - ::group::Post task execution logs
[2026-01-24T08:34:14.248+0000] {taskinstance.py:1206} INFO - Marking task as SUCCESS. dag_id=company_overview_to_minio, task_id=ingest_overview, run_id=manual__2026-01-24T08:33:14.283743+00:00, map_index=9, execution_date=20260124T083314, start_date=20260124T083342, end_date=20260124T083414
[2026-01-24T08:34:14.307+0000] {local_task_job_runner.py:243} INFO - Task exited with return code 0
[2026-01-24T08:34:14.324+0000] {local_task_job_runner.py:222} INFO - ::endgroup::
