[2026-03-03T01:12:22.160+0000] {local_task_job_runner.py:120} INFO - ::group::Pre task execution logs
[2026-03-03T01:12:22.280+0000] {taskinstance.py:2076} INFO - Dependencies all met for dep_context=non-requeueable deps ti=<TaskInstance: daily_price.ingest_daily_price scheduled__2026-02-27T16:00:00+00:00 map_index=207 [queued]>
[2026-03-03T01:12:22.344+0000] {taskinstance.py:2076} INFO - Dependencies all met for dep_context=requeueable deps ti=<TaskInstance: daily_price.ingest_daily_price scheduled__2026-02-27T16:00:00+00:00 map_index=207 [queued]>
[2026-03-03T01:12:22.351+0000] {taskinstance.py:2306} INFO - Starting attempt 1 of 2
[2026-03-03T01:12:22.397+0000] {taskinstance.py:2330} INFO - Executing <Mapped(DfToCsvOperator): ingest_daily_price> on 2026-02-27 16:00:00+00:00
[2026-03-03T01:12:22.474+0000] {warnings.py:112} WARNING - This process (pid=2276) is multi-threaded, use of fork() may lead to deadlocks in the child.

[2026-03-03T01:12:22.481+0000] {standard_task_runner.py:64} INFO - Started process 2342 to run task
[2026-03-03T01:12:22.486+0000] {standard_task_runner.py:90} INFO - Running: ['***', 'tasks', 'run', 'daily_price', 'ingest_daily_price', 'scheduled__2026-02-27T16:00:00+00:00', '--job-id', '30134', '--raw', '--subdir', 'DAGS_FOLDER/dl_dailly_price.py', '--cfg-path', '/tmp/tmppi6jhue6', '--map-index', '207']
[2026-03-03T01:12:22.496+0000] {standard_task_runner.py:91} INFO - Job 30134: Subtask ingest_daily_price
[2026-03-03T01:12:22.759+0000] {task_command.py:426} INFO - Running <TaskInstance: daily_price.ingest_daily_price scheduled__2026-02-27T16:00:00+00:00 map_index=207 [running]> on host 9d2419bb4975
[2026-03-03T01:12:23.935+0000] {taskinstance.py:2648} INFO - Exporting env vars: AIRFLOW_CTX_DAG_OWNER='***' AIRFLOW_CTX_DAG_ID='daily_price' AIRFLOW_CTX_TASK_ID='ingest_daily_price' AIRFLOW_CTX_EXECUTION_DATE='2026-02-27T16:00:00+00:00' AIRFLOW_CTX_TRY_NUMBER='1' AIRFLOW_CTX_DAG_RUN_ID='scheduled__2026-02-27T16:00:00+00:00'
[2026-03-03T01:12:23.940+0000] {taskinstance.py:430} INFO - ::endgroup::
[2026-03-03T01:12:23.943+0000] {datalake_df2csv.py:40} INFO - ================================================================================
[2026-03-03T01:12:23.944+0000] {datalake_df2csv.py:41} INFO - 🚀 BẮT ĐẦU TASK: ingest_daily_price
[2026-03-03T01:12:23.945+0000] {datalake_df2csv.py:42} INFO - ================================================================================
[2026-03-03T01:12:23.947+0000] {datalake_df2csv.py:43} INFO - 📋 Thông tin cấu hình:
[2026-03-03T01:12:23.948+0000] {datalake_df2csv.py:44} INFO -   - Logic file: history_price
[2026-03-03T01:12:23.948+0000] {datalake_df2csv.py:45} INFO -   - DataFrame name: get_history_price_batch
[2026-03-03T01:12:23.949+0000] {datalake_df2csv.py:46} INFO -   - Bucket: thongtin-congty-va-bctc
[2026-03-03T01:12:23.961+0000] {datalake_df2csv.py:47} INFO -   - Object path: daily_price/2026-02-27/batch_207.csv
[2026-03-03T01:12:23.977+0000] {datalake_df2csv.py:48} INFO -   - Connection ID: minio_finance
[2026-03-03T01:12:24.012+0000] {datalake_df2csv.py:49} INFO -   - Tham số truyền vào: {'symbols': ['DRG', 'QNW', 'ARM', 'TAN', 'PXS'], 'start_date': '2026-02-27', 'end_date': '2026-02-28'}
[2026-03-03T01:12:24.018+0000] {datalake_df2csv.py:50} INFO - --------------------------------------------------------------------------------
[2026-03-03T01:12:24.020+0000] {datalake_df2csv.py:54} INFO - 📥 Bước 1: Đang load dữ liệu từ logic file...
[2026-03-03T01:12:24.034+0000] {datalake_df2csv.py:148} INFO -   - Logic directory: /opt/airflow/plugins/logic
[2026-03-03T01:12:24.037+0000] {datalake_df2csv.py:149} INFO -   - Module path: /opt/airflow/plugins/logic/history_price.py
[2026-03-03T01:12:24.038+0000] {datalake_df2csv.py:153} INFO -   - Đã thêm logic directory vào sys.path
[2026-03-03T01:12:24.041+0000] {datalake_df2csv.py:159} INFO -   - Đang load module 'history_price'...
[2026-03-03T01:12:24.068+0000] {datalake_df2csv.py:163} INFO -   - ✅ Module loaded thành công
[2026-03-03T01:12:24.070+0000] {datalake_df2csv.py:165} INFO -   - Đang tìm DataFrame/function: 'get_history_price_batch'...
[2026-03-03T01:12:24.071+0000] {datalake_df2csv.py:170} INFO -   - ✅ Tìm thấy object: function
[2026-03-03T01:12:24.075+0000] {datalake_df2csv.py:173} INFO -   - Đang gọi function với tham số: {'symbols': ['DRG', 'QNW', 'ARM', 'TAN', 'PXS'], 'start_date': '2026-02-27', 'end_date': '2026-02-28'}
[2026-03-03T01:12:30.287+0000] {datalake_df2csv.py:68} INFO - ✅ Load dữ liệu thành công!
[2026-03-03T01:12:30.293+0000] {datalake_df2csv.py:69} INFO - 📊 Thông tin DataFrame:
[2026-03-03T01:12:30.294+0000] {datalake_df2csv.py:70} INFO -   - Số dòng: 10
[2026-03-03T01:12:30.296+0000] {datalake_df2csv.py:71} INFO -   - Số cột: 7
[2026-03-03T01:12:30.297+0000] {datalake_df2csv.py:72} INFO -   - Tên các cột: ['ticker', 'trading_date', 'open', 'high', 'low', 'close', 'volume']
[2026-03-03T01:12:30.302+0000] {datalake_df2csv.py:73} INFO -   - Kiểu dữ liệu: {'ticker': 'object', 'trading_date': 'object', 'open': 'float64', 'high': 'float64', 'low': 'float64', 'close': 'float64', 'volume': 'int64'}
[2026-03-03T01:12:30.313+0000] {datalake_df2csv.py:74} INFO -   - Bộ nhớ sử dụng: 0.00 MB
[2026-03-03T01:12:30.318+0000] {datalake_df2csv.py:83} INFO -   - Không có giá trị NULL
[2026-03-03T01:12:30.318+0000] {datalake_df2csv.py:86} INFO -   - Mẫu dữ liệu (5 dòng đầu):
[2026-03-03T01:12:30.320+0000] {datalake_df2csv.py:88} INFO -     Row 0: {'ticker': 'DRG', 'trading_date': '2026-02-26', 'open': 9.0, 'high': 9.5, 'low': 8.9, 'close': 8.9, 'volume': 1100}
[2026-03-03T01:12:30.320+0000] {datalake_df2csv.py:88} INFO -     Row 1: {'ticker': 'DRG', 'trading_date': '2026-02-27', 'open': 8.8, 'high': 8.8, 'low': 8.7, 'close': 8.7, 'volume': 800}
[2026-03-03T01:12:30.321+0000] {datalake_df2csv.py:88} INFO -     Row 2: {'ticker': 'QNW', 'trading_date': '2026-01-27', 'open': 14.0, 'high': 14.0, 'low': 14.0, 'close': 14.0, 'volume': 100}
[2026-03-03T01:12:30.322+0000] {datalake_df2csv.py:88} INFO -     Row 3: {'ticker': 'QNW', 'trading_date': '2026-02-12', 'open': 16.1, 'high': 16.1, 'low': 16.1, 'close': 16.1, 'volume': 100}
[2026-03-03T01:12:30.324+0000] {datalake_df2csv.py:88} INFO -     Row 4: {'ticker': 'ARM', 'trading_date': '2026-02-26', 'open': 46.7, 'high': 46.7, 'low': 46.7, 'close': 46.7, 'volume': 1800}
[2026-03-03T01:12:30.324+0000] {datalake_df2csv.py:90} INFO - --------------------------------------------------------------------------------
[2026-03-03T01:12:30.325+0000] {datalake_df2csv.py:93} INFO - 📝 Bước 2: Đang chuyển đổi DataFrame sang CSV...
[2026-03-03T01:12:30.337+0000] {datalake_df2csv.py:97} INFO - ✅ Chuyển đổi CSV thành công!
[2026-03-03T01:12:30.338+0000] {datalake_df2csv.py:98} INFO -   - Kích thước file: 0.00 MB
[2026-03-03T01:12:30.338+0000] {datalake_df2csv.py:99} INFO -   - Thời gian chuyển đổi: 0.01 giây
[2026-03-03T01:12:30.339+0000] {datalake_df2csv.py:100} INFO - --------------------------------------------------------------------------------
[2026-03-03T01:12:30.341+0000] {datalake_df2csv.py:103} INFO - ☁️  Bước 3: Đang upload lên MinIO/S3...
[2026-03-03T01:12:30.442+0000] {base.py:84} INFO - Using connection ID 'minio_finance' for task execution.
[2026-03-03T01:12:30.445+0000] {connection_wrapper.py:384} INFO - AWS Connection (conn_id='minio_finance', conn_type='aws') credentials retrieved from login and password.
[2026-03-03T01:12:34.036+0000] {datalake_df2csv.py:112} INFO -   - Bucket 'thongtin-congty-va-bctc' đã tồn tại
[2026-03-03T01:12:34.186+0000] {datalake_df2csv.py:117} INFO - ✅ Upload thành công!
[2026-03-03T01:12:34.186+0000] {datalake_df2csv.py:118} INFO -   - Đường dẫn: s3://thongtin-congty-va-bctc/daily_price/2026-02-27/batch_207.csv
[2026-03-03T01:12:34.187+0000] {datalake_df2csv.py:119} INFO -   - Số dòng: 10
[2026-03-03T01:12:34.188+0000] {datalake_df2csv.py:120} INFO -   - Thời gian upload: 3.84 giây
[2026-03-03T01:12:34.189+0000] {datalake_df2csv.py:121} INFO - --------------------------------------------------------------------------------
[2026-03-03T01:12:34.189+0000] {datalake_df2csv.py:125} INFO - 📈 TỔNG KẾT:
[2026-03-03T01:12:34.190+0000] {datalake_df2csv.py:126} INFO -   - Tổng thời gian thực thi: 10.25 giây
[2026-03-03T01:12:34.191+0000] {datalake_df2csv.py:127} INFO -   - Tốc độ xử lý: 1 dòng/giây
[2026-03-03T01:12:34.193+0000] {datalake_df2csv.py:128} INFO - ================================================================================
[2026-03-03T01:12:34.194+0000] {datalake_df2csv.py:129} INFO - ✅ HOÀN THÀNH TASK: ingest_daily_price
[2026-03-03T01:12:34.194+0000] {datalake_df2csv.py:130} INFO - ================================================================================
[2026-03-03T01:12:34.196+0000] {taskinstance.py:441} INFO - ::group::Post task execution logs
[2026-03-03T01:12:34.212+0000] {taskinstance.py:1206} INFO - Marking task as SUCCESS. dag_id=daily_price, task_id=ingest_daily_price, run_id=scheduled__2026-02-27T16:00:00+00:00, map_index=207, execution_date=20260227T160000, start_date=20260303T011222, end_date=20260303T011234
[2026-03-03T01:12:34.278+0000] {local_task_job_runner.py:243} INFO - Task exited with return code 0
[2026-03-03T01:12:34.300+0000] {taskinstance.py:3503} INFO - 0 downstream tasks scheduled from follow-on schedule check
[2026-03-03T01:12:34.304+0000] {local_task_job_runner.py:222} INFO - ::endgroup::
