[2026-03-19T14:09:40.277+0000] {processor.py:161} INFO - Started process (PID=97) to work on /opt/airflow/dags/dl_financial_ratios.py
[2026-03-19T14:09:40.281+0000] {processor.py:830} INFO - Processing file /opt/airflow/dags/dl_financial_ratios.py for tasks to queue
[2026-03-19T14:09:40.293+0000] {logging_mixin.py:188} INFO - [2026-03-19T14:09:40.292+0000] {dagbag.py:545} INFO - Filling up the DagBag from /opt/airflow/dags/dl_financial_ratios.py
[2026-03-19T14:09:40.771+0000] {processor.py:840} INFO - DAG(s) 'financial_ratios' retrieved from /opt/airflow/dags/dl_financial_ratios.py
[2026-03-19T14:09:41.183+0000] {logging_mixin.py:188} INFO - [2026-03-19T14:09:41.182+0000] {dag.py:3089} INFO - Sync 1 DAGs
[2026-03-19T14:09:41.231+0000] {logging_mixin.py:188} INFO - [2026-03-19T14:09:41.230+0000] {dag.py:3947} INFO - Setting next_dagrun for financial_ratios to 2026-03-08 02:00:00+00:00, run_after=2026-03-15 02:00:00+00:00
[2026-03-19T14:09:41.308+0000] {processor.py:183} INFO - Processing /opt/airflow/dags/dl_financial_ratios.py took 1.041 seconds
[2026-03-19T14:10:17.791+0000] {processor.py:161} INFO - Started process (PID=142) to work on /opt/airflow/dags/dl_financial_ratios.py
[2026-03-19T14:10:17.808+0000] {processor.py:830} INFO - Processing file /opt/airflow/dags/dl_financial_ratios.py for tasks to queue
[2026-03-19T14:10:17.912+0000] {logging_mixin.py:188} INFO - [2026-03-19T14:10:17.879+0000] {dagbag.py:545} INFO - Filling up the DagBag from /opt/airflow/dags/dl_financial_ratios.py
[2026-03-19T14:10:19.806+0000] {processor.py:840} INFO - DAG(s) 'financial_ratios' retrieved from /opt/airflow/dags/dl_financial_ratios.py
[2026-03-19T14:10:24.908+0000] {logging_mixin.py:188} INFO - [2026-03-19T14:10:24.898+0000] {dag.py:3089} INFO - Sync 1 DAGs
[2026-03-19T14:10:25.047+0000] {logging_mixin.py:188} INFO - [2026-03-19T14:10:25.046+0000] {dag.py:3947} INFO - Setting next_dagrun for financial_ratios to 2026-03-15 02:00:00+00:00, run_after=2026-03-22 02:00:00+00:00
[2026-03-19T14:10:25.103+0000] {processor.py:183} INFO - Processing /opt/airflow/dags/dl_financial_ratios.py took 7.344 seconds
[2026-03-19T14:10:56.159+0000] {processor.py:161} INFO - Started process (PID=182) to work on /opt/airflow/dags/dl_financial_ratios.py
[2026-03-19T14:10:56.167+0000] {processor.py:830} INFO - Processing file /opt/airflow/dags/dl_financial_ratios.py for tasks to queue
[2026-03-19T14:10:56.189+0000] {logging_mixin.py:188} INFO - [2026-03-19T14:10:56.187+0000] {dagbag.py:545} INFO - Filling up the DagBag from /opt/airflow/dags/dl_financial_ratios.py
[2026-03-19T14:10:56.344+0000] {processor.py:840} INFO - DAG(s) 'financial_ratios' retrieved from /opt/airflow/dags/dl_financial_ratios.py
[2026-03-19T14:10:57.219+0000] {logging_mixin.py:188} INFO - [2026-03-19T14:10:57.216+0000] {dag.py:3089} INFO - Sync 1 DAGs
[2026-03-19T14:10:57.488+0000] {logging_mixin.py:188} INFO - [2026-03-19T14:10:57.487+0000] {dag.py:3947} INFO - Setting next_dagrun for financial_ratios to 2026-03-15 02:00:00+00:00, run_after=2026-03-22 02:00:00+00:00
[2026-03-19T14:10:57.651+0000] {processor.py:183} INFO - Processing /opt/airflow/dags/dl_financial_ratios.py took 1.522 seconds
[2026-03-19T14:11:28.043+0000] {processor.py:161} INFO - Started process (PID=221) to work on /opt/airflow/dags/dl_financial_ratios.py
[2026-03-19T14:11:28.047+0000] {processor.py:830} INFO - Processing file /opt/airflow/dags/dl_financial_ratios.py for tasks to queue
[2026-03-19T14:11:28.052+0000] {logging_mixin.py:188} INFO - [2026-03-19T14:11:28.052+0000] {dagbag.py:545} INFO - Filling up the DagBag from /opt/airflow/dags/dl_financial_ratios.py
[2026-03-19T14:11:28.128+0000] {processor.py:840} INFO - DAG(s) 'financial_ratios' retrieved from /opt/airflow/dags/dl_financial_ratios.py
[2026-03-19T14:11:28.197+0000] {logging_mixin.py:188} INFO - [2026-03-19T14:11:28.196+0000] {dag.py:3089} INFO - Sync 1 DAGs
[2026-03-19T14:11:28.252+0000] {logging_mixin.py:188} INFO - [2026-03-19T14:11:28.251+0000] {dag.py:3947} INFO - Setting next_dagrun for financial_ratios to 2026-03-15 02:00:00+00:00, run_after=2026-03-22 02:00:00+00:00
[2026-03-19T14:11:28.303+0000] {processor.py:183} INFO - Processing /opt/airflow/dags/dl_financial_ratios.py took 0.269 seconds
[2026-03-19T14:11:58.553+0000] {processor.py:161} INFO - Started process (PID=243) to work on /opt/airflow/dags/dl_financial_ratios.py
[2026-03-19T14:11:58.555+0000] {processor.py:830} INFO - Processing file /opt/airflow/dags/dl_financial_ratios.py for tasks to queue
[2026-03-19T14:11:58.559+0000] {logging_mixin.py:188} INFO - [2026-03-19T14:11:58.558+0000] {dagbag.py:545} INFO - Filling up the DagBag from /opt/airflow/dags/dl_financial_ratios.py
[2026-03-19T14:11:58.623+0000] {processor.py:840} INFO - DAG(s) 'financial_ratios' retrieved from /opt/airflow/dags/dl_financial_ratios.py
[2026-03-19T14:11:58.673+0000] {logging_mixin.py:188} INFO - [2026-03-19T14:11:58.673+0000] {dag.py:3089} INFO - Sync 1 DAGs
[2026-03-19T14:11:58.723+0000] {logging_mixin.py:188} INFO - [2026-03-19T14:11:58.723+0000] {dag.py:3947} INFO - Setting next_dagrun for financial_ratios to 2026-03-15 02:00:00+00:00, run_after=2026-03-22 02:00:00+00:00
[2026-03-19T14:11:58.776+0000] {processor.py:183} INFO - Processing /opt/airflow/dags/dl_financial_ratios.py took 0.233 seconds
[2026-03-19T14:12:29.285+0000] {processor.py:161} INFO - Started process (PID=279) to work on /opt/airflow/dags/dl_financial_ratios.py
[2026-03-19T14:12:29.286+0000] {processor.py:830} INFO - Processing file /opt/airflow/dags/dl_financial_ratios.py for tasks to queue
[2026-03-19T14:12:29.290+0000] {logging_mixin.py:188} INFO - [2026-03-19T14:12:29.290+0000] {dagbag.py:545} INFO - Filling up the DagBag from /opt/airflow/dags/dl_financial_ratios.py
[2026-03-19T14:12:29.335+0000] {processor.py:840} INFO - DAG(s) 'financial_ratios' retrieved from /opt/airflow/dags/dl_financial_ratios.py
[2026-03-19T14:12:29.364+0000] {logging_mixin.py:188} INFO - [2026-03-19T14:12:29.364+0000] {dag.py:3089} INFO - Sync 1 DAGs
[2026-03-19T14:12:29.391+0000] {logging_mixin.py:188} INFO - [2026-03-19T14:12:29.391+0000] {dag.py:3947} INFO - Setting next_dagrun for financial_ratios to 2026-03-15 02:00:00+00:00, run_after=2026-03-22 02:00:00+00:00
[2026-03-19T14:12:29.418+0000] {processor.py:183} INFO - Processing /opt/airflow/dags/dl_financial_ratios.py took 0.143 seconds
[2026-03-19T14:12:59.828+0000] {processor.py:161} INFO - Started process (PID=314) to work on /opt/airflow/dags/dl_financial_ratios.py
[2026-03-19T14:12:59.832+0000] {processor.py:830} INFO - Processing file /opt/airflow/dags/dl_financial_ratios.py for tasks to queue
[2026-03-19T14:12:59.842+0000] {logging_mixin.py:188} INFO - [2026-03-19T14:12:59.838+0000] {dagbag.py:545} INFO - Filling up the DagBag from /opt/airflow/dags/dl_financial_ratios.py
[2026-03-19T14:13:00.602+0000] {processor.py:840} INFO - DAG(s) 'financial_ratios' retrieved from /opt/airflow/dags/dl_financial_ratios.py
[2026-03-19T14:13:01.486+0000] {logging_mixin.py:188} INFO - [2026-03-19T14:13:01.485+0000] {dag.py:3089} INFO - Sync 1 DAGs
[2026-03-19T14:13:01.513+0000] {logging_mixin.py:188} INFO - [2026-03-19T14:13:01.513+0000] {dag.py:3947} INFO - Setting next_dagrun for financial_ratios to 2026-03-15 02:00:00+00:00, run_after=2026-03-22 02:00:00+00:00
[2026-03-19T14:13:01.562+0000] {processor.py:183} INFO - Processing /opt/airflow/dags/dl_financial_ratios.py took 1.776 seconds
[2026-03-19T14:13:31.656+0000] {processor.py:161} INFO - Started process (PID=341) to work on /opt/airflow/dags/dl_financial_ratios.py
[2026-03-19T14:13:31.657+0000] {processor.py:830} INFO - Processing file /opt/airflow/dags/dl_financial_ratios.py for tasks to queue
[2026-03-19T14:13:31.660+0000] {logging_mixin.py:188} INFO - [2026-03-19T14:13:31.660+0000] {dagbag.py:545} INFO - Filling up the DagBag from /opt/airflow/dags/dl_financial_ratios.py
[2026-03-19T14:13:31.704+0000] {processor.py:840} INFO - DAG(s) 'financial_ratios' retrieved from /opt/airflow/dags/dl_financial_ratios.py
[2026-03-19T14:13:31.736+0000] {logging_mixin.py:188} INFO - [2026-03-19T14:13:31.736+0000] {dag.py:3089} INFO - Sync 1 DAGs
[2026-03-19T14:13:31.770+0000] {logging_mixin.py:188} INFO - [2026-03-19T14:13:31.769+0000] {dag.py:3947} INFO - Setting next_dagrun for financial_ratios to 2026-03-15 02:00:00+00:00, run_after=2026-03-22 02:00:00+00:00
[2026-03-19T14:13:31.797+0000] {processor.py:183} INFO - Processing /opt/airflow/dags/dl_financial_ratios.py took 0.148 seconds
[2026-03-19T14:14:02.199+0000] {processor.py:161} INFO - Started process (PID=371) to work on /opt/airflow/dags/dl_financial_ratios.py
[2026-03-19T14:14:02.200+0000] {processor.py:830} INFO - Processing file /opt/airflow/dags/dl_financial_ratios.py for tasks to queue
[2026-03-19T14:14:02.202+0000] {logging_mixin.py:188} INFO - [2026-03-19T14:14:02.202+0000] {dagbag.py:545} INFO - Filling up the DagBag from /opt/airflow/dags/dl_financial_ratios.py
[2026-03-19T14:14:02.258+0000] {processor.py:840} INFO - DAG(s) 'financial_ratios' retrieved from /opt/airflow/dags/dl_financial_ratios.py
[2026-03-19T14:14:02.288+0000] {logging_mixin.py:188} INFO - [2026-03-19T14:14:02.288+0000] {dag.py:3089} INFO - Sync 1 DAGs
[2026-03-19T14:14:02.321+0000] {logging_mixin.py:188} INFO - [2026-03-19T14:14:02.320+0000] {dag.py:3947} INFO - Setting next_dagrun for financial_ratios to 2026-03-15 02:00:00+00:00, run_after=2026-03-22 02:00:00+00:00
[2026-03-19T14:14:02.351+0000] {processor.py:183} INFO - Processing /opt/airflow/dags/dl_financial_ratios.py took 0.159 seconds
[2026-03-19T14:14:23.317+0000] {processor.py:161} INFO - Started process (PID=397) to work on /opt/airflow/dags/dl_financial_ratios.py
[2026-03-19T14:14:23.319+0000] {processor.py:830} INFO - Processing file /opt/airflow/dags/dl_financial_ratios.py for tasks to queue
[2026-03-19T14:14:23.322+0000] {logging_mixin.py:188} INFO - [2026-03-19T14:14:23.321+0000] {dagbag.py:545} INFO - Filling up the DagBag from /opt/airflow/dags/dl_financial_ratios.py
[2026-03-19T14:14:23.374+0000] {processor.py:840} INFO - DAG(s) 'financial_ratios' retrieved from /opt/airflow/dags/dl_financial_ratios.py
[2026-03-19T14:14:23.453+0000] {logging_mixin.py:188} INFO - [2026-03-19T14:14:23.452+0000] {taskinstance.py:2907} ERROR - {'DAG Id': 'financial_ratios', 'Task Id': 'ingest_financial_ratios', 'Run Id': 'scheduled__2026-03-08T02:00:00+00:00', 'Map Index': 29, 'Hostname': 'c4639be97c28', 'External Executor Id': 'f4754aed-b6ed-43f9-a992-92a69902d866'}
[2026-03-19T14:14:23.549+0000] {logging_mixin.py:188} INFO - [2026-03-19T14:14:23.547+0000] {taskinstance.py:1206} INFO - Marking task as UP_FOR_RETRY. dag_id=financial_ratios, task_id=ingest_financial_ratios, run_id=scheduled__2026-03-08T02:00:00+00:00, map_index=29, execution_date=20260308T020000, start_date=20260319T141354, end_date=20260319T141423
[2026-03-19T14:14:23.575+0000] {processor.py:791} INFO - Executed failure callback for <TaskInstance: financial_ratios.ingest_financial_ratios scheduled__2026-03-08T02:00:00+00:00 map_index=29 [up_for_retry]> in state up_for_retry
[2026-03-19T14:14:23.602+0000] {logging_mixin.py:188} INFO - [2026-03-19T14:14:23.602+0000] {dag.py:3089} INFO - Sync 1 DAGs
[2026-03-19T14:14:23.631+0000] {logging_mixin.py:188} INFO - [2026-03-19T14:14:23.631+0000] {dag.py:3947} INFO - Setting next_dagrun for financial_ratios to 2026-03-15 02:00:00+00:00, run_after=2026-03-22 02:00:00+00:00
[2026-03-19T14:14:23.659+0000] {processor.py:183} INFO - Processing /opt/airflow/dags/dl_financial_ratios.py took 0.350 seconds
[2026-03-19T14:15:03.505+0000] {processor.py:161} INFO - Started process (PID=421) to work on /opt/airflow/dags/dl_financial_ratios.py
[2026-03-19T14:15:03.506+0000] {processor.py:830} INFO - Processing file /opt/airflow/dags/dl_financial_ratios.py for tasks to queue
[2026-03-19T14:15:03.511+0000] {logging_mixin.py:188} INFO - [2026-03-19T14:15:03.510+0000] {dagbag.py:545} INFO - Filling up the DagBag from /opt/airflow/dags/dl_financial_ratios.py
[2026-03-19T14:15:03.566+0000] {processor.py:840} INFO - DAG(s) 'financial_ratios' retrieved from /opt/airflow/dags/dl_financial_ratios.py
[2026-03-19T14:15:03.603+0000] {logging_mixin.py:188} INFO - [2026-03-19T14:15:03.602+0000] {dag.py:3089} INFO - Sync 1 DAGs
[2026-03-19T14:15:03.635+0000] {logging_mixin.py:188} INFO - [2026-03-19T14:15:03.634+0000] {dag.py:3947} INFO - Setting next_dagrun for financial_ratios to 2026-03-15 02:00:00+00:00, run_after=2026-03-22 02:00:00+00:00
[2026-03-19T14:15:03.667+0000] {processor.py:183} INFO - Processing /opt/airflow/dags/dl_financial_ratios.py took 0.172 seconds
[2026-03-19T14:15:33.924+0000] {processor.py:161} INFO - Started process (PID=469) to work on /opt/airflow/dags/dl_financial_ratios.py
[2026-03-19T14:15:33.926+0000] {processor.py:830} INFO - Processing file /opt/airflow/dags/dl_financial_ratios.py for tasks to queue
[2026-03-19T14:15:33.929+0000] {logging_mixin.py:188} INFO - [2026-03-19T14:15:33.929+0000] {dagbag.py:545} INFO - Filling up the DagBag from /opt/airflow/dags/dl_financial_ratios.py
[2026-03-19T14:15:33.984+0000] {processor.py:840} INFO - DAG(s) 'financial_ratios' retrieved from /opt/airflow/dags/dl_financial_ratios.py
[2026-03-19T14:15:34.033+0000] {logging_mixin.py:188} INFO - [2026-03-19T14:15:34.032+0000] {dag.py:3089} INFO - Sync 1 DAGs
[2026-03-19T14:15:34.062+0000] {logging_mixin.py:188} INFO - [2026-03-19T14:15:34.062+0000] {dag.py:3947} INFO - Setting next_dagrun for financial_ratios to 2026-03-15 02:00:00+00:00, run_after=2026-03-22 02:00:00+00:00
[2026-03-19T14:15:34.094+0000] {processor.py:183} INFO - Processing /opt/airflow/dags/dl_financial_ratios.py took 0.177 seconds
[2026-03-19T14:16:04.355+0000] {processor.py:161} INFO - Started process (PID=512) to work on /opt/airflow/dags/dl_financial_ratios.py
[2026-03-19T14:16:04.357+0000] {processor.py:830} INFO - Processing file /opt/airflow/dags/dl_financial_ratios.py for tasks to queue
[2026-03-19T14:16:04.361+0000] {logging_mixin.py:188} INFO - [2026-03-19T14:16:04.360+0000] {dagbag.py:545} INFO - Filling up the DagBag from /opt/airflow/dags/dl_financial_ratios.py
[2026-03-19T14:16:04.398+0000] {processor.py:840} INFO - DAG(s) 'financial_ratios' retrieved from /opt/airflow/dags/dl_financial_ratios.py
[2026-03-19T14:16:04.434+0000] {logging_mixin.py:188} INFO - [2026-03-19T14:16:04.434+0000] {dag.py:3089} INFO - Sync 1 DAGs
[2026-03-19T14:16:04.462+0000] {logging_mixin.py:188} INFO - [2026-03-19T14:16:04.462+0000] {dag.py:3947} INFO - Setting next_dagrun for financial_ratios to 2026-03-15 02:00:00+00:00, run_after=2026-03-22 02:00:00+00:00
[2026-03-19T14:16:04.488+0000] {processor.py:183} INFO - Processing /opt/airflow/dags/dl_financial_ratios.py took 0.140 seconds
[2026-03-19T14:16:41.563+0000] {processor.py:161} INFO - Started process (PID=547) to work on /opt/airflow/dags/dl_financial_ratios.py
[2026-03-19T14:16:41.564+0000] {processor.py:830} INFO - Processing file /opt/airflow/dags/dl_financial_ratios.py for tasks to queue
[2026-03-19T14:16:41.566+0000] {logging_mixin.py:188} INFO - [2026-03-19T14:16:41.566+0000] {dagbag.py:545} INFO - Filling up the DagBag from /opt/airflow/dags/dl_financial_ratios.py
[2026-03-19T14:16:41.601+0000] {processor.py:840} INFO - DAG(s) 'financial_ratios' retrieved from /opt/airflow/dags/dl_financial_ratios.py
[2026-03-19T14:16:41.634+0000] {logging_mixin.py:188} INFO - [2026-03-19T14:16:41.634+0000] {dag.py:3089} INFO - Sync 1 DAGs
[2026-03-19T14:16:41.670+0000] {logging_mixin.py:188} INFO - [2026-03-19T14:16:41.670+0000] {dag.py:3947} INFO - Setting next_dagrun for financial_ratios to 2026-03-15 02:00:00+00:00, run_after=2026-03-22 02:00:00+00:00
[2026-03-19T14:16:41.717+0000] {processor.py:183} INFO - Processing /opt/airflow/dags/dl_financial_ratios.py took 0.161 seconds
[2026-03-19T14:17:28.614+0000] {processor.py:161} INFO - Started process (PID=584) to work on /opt/airflow/dags/dl_financial_ratios.py
[2026-03-19T14:17:28.616+0000] {processor.py:830} INFO - Processing file /opt/airflow/dags/dl_financial_ratios.py for tasks to queue
[2026-03-19T14:17:28.620+0000] {logging_mixin.py:188} INFO - [2026-03-19T14:17:28.619+0000] {dagbag.py:545} INFO - Filling up the DagBag from /opt/airflow/dags/dl_financial_ratios.py
[2026-03-19T14:17:28.671+0000] {processor.py:840} INFO - DAG(s) 'financial_ratios' retrieved from /opt/airflow/dags/dl_financial_ratios.py
[2026-03-19T14:17:28.712+0000] {logging_mixin.py:188} INFO - [2026-03-19T14:17:28.712+0000] {dag.py:3089} INFO - Sync 1 DAGs
[2026-03-19T14:17:28.757+0000] {logging_mixin.py:188} INFO - [2026-03-19T14:17:28.757+0000] {dag.py:3947} INFO - Setting next_dagrun for financial_ratios to 2026-03-15 02:00:00+00:00, run_after=2026-03-22 02:00:00+00:00
[2026-03-19T14:17:28.796+0000] {processor.py:183} INFO - Processing /opt/airflow/dags/dl_financial_ratios.py took 0.190 seconds
[2026-03-19T14:17:59.274+0000] {processor.py:161} INFO - Started process (PID=614) to work on /opt/airflow/dags/dl_financial_ratios.py
[2026-03-19T14:17:59.275+0000] {processor.py:830} INFO - Processing file /opt/airflow/dags/dl_financial_ratios.py for tasks to queue
[2026-03-19T14:17:59.278+0000] {logging_mixin.py:188} INFO - [2026-03-19T14:17:59.278+0000] {dagbag.py:545} INFO - Filling up the DagBag from /opt/airflow/dags/dl_financial_ratios.py
[2026-03-19T14:17:59.336+0000] {processor.py:840} INFO - DAG(s) 'financial_ratios' retrieved from /opt/airflow/dags/dl_financial_ratios.py
[2026-03-19T14:17:59.384+0000] {logging_mixin.py:188} INFO - [2026-03-19T14:17:59.383+0000] {dag.py:3089} INFO - Sync 1 DAGs
[2026-03-19T14:17:59.426+0000] {logging_mixin.py:188} INFO - [2026-03-19T14:17:59.426+0000] {dag.py:3947} INFO - Setting next_dagrun for financial_ratios to 2026-03-15 02:00:00+00:00, run_after=2026-03-22 02:00:00+00:00
[2026-03-19T14:17:59.459+0000] {processor.py:183} INFO - Processing /opt/airflow/dags/dl_financial_ratios.py took 0.196 seconds
[2026-03-19T14:18:31.064+0000] {processor.py:161} INFO - Started process (PID=637) to work on /opt/airflow/dags/dl_financial_ratios.py
[2026-03-19T14:18:31.066+0000] {processor.py:830} INFO - Processing file /opt/airflow/dags/dl_financial_ratios.py for tasks to queue
[2026-03-19T14:18:31.069+0000] {logging_mixin.py:188} INFO - [2026-03-19T14:18:31.069+0000] {dagbag.py:545} INFO - Filling up the DagBag from /opt/airflow/dags/dl_financial_ratios.py
[2026-03-19T14:18:31.120+0000] {processor.py:840} INFO - DAG(s) 'financial_ratios' retrieved from /opt/airflow/dags/dl_financial_ratios.py
[2026-03-19T14:18:31.169+0000] {logging_mixin.py:188} INFO - [2026-03-19T14:18:31.168+0000] {dag.py:3089} INFO - Sync 1 DAGs
[2026-03-19T14:18:31.208+0000] {logging_mixin.py:188} INFO - [2026-03-19T14:18:31.208+0000] {dag.py:3947} INFO - Setting next_dagrun for financial_ratios to 2026-03-15 02:00:00+00:00, run_after=2026-03-22 02:00:00+00:00
[2026-03-19T14:18:31.243+0000] {processor.py:183} INFO - Processing /opt/airflow/dags/dl_financial_ratios.py took 0.186 seconds
[2026-03-19T14:19:04.308+0000] {processor.py:161} INFO - Started process (PID=664) to work on /opt/airflow/dags/dl_financial_ratios.py
[2026-03-19T14:19:04.310+0000] {processor.py:830} INFO - Processing file /opt/airflow/dags/dl_financial_ratios.py for tasks to queue
[2026-03-19T14:19:04.317+0000] {logging_mixin.py:188} INFO - [2026-03-19T14:19:04.317+0000] {dagbag.py:545} INFO - Filling up the DagBag from /opt/airflow/dags/dl_financial_ratios.py
[2026-03-19T14:19:04.519+0000] {processor.py:840} INFO - DAG(s) 'financial_ratios' retrieved from /opt/airflow/dags/dl_financial_ratios.py
[2026-03-19T14:19:08.886+0000] {logging_mixin.py:188} INFO - [2026-03-19T14:19:08.885+0000] {dag.py:3089} INFO - Sync 1 DAGs
[2026-03-19T14:19:09.036+0000] {logging_mixin.py:188} INFO - [2026-03-19T14:19:09.035+0000] {dag.py:3947} INFO - Setting next_dagrun for financial_ratios to 2026-03-15 02:00:00+00:00, run_after=2026-03-22 02:00:00+00:00
[2026-03-19T14:19:09.231+0000] {processor.py:183} INFO - Processing /opt/airflow/dags/dl_financial_ratios.py took 4.941 seconds
