[2026-01-31T01:24:37.303+0000] {local_task_job_runner.py:120} INFO - ::group::Pre task execution logs
[2026-01-31T01:24:37.339+0000] {taskinstance.py:2076} INFO - Dependencies all met for dep_context=non-requeueable deps ti=<TaskInstance: daily_price_minio.ingest_daily_price scheduled__2026-01-29T16:00:00+00:00 map_index=113 [queued]>
[2026-01-31T01:24:37.364+0000] {taskinstance.py:2076} INFO - Dependencies all met for dep_context=requeueable deps ti=<TaskInstance: daily_price_minio.ingest_daily_price scheduled__2026-01-29T16:00:00+00:00 map_index=113 [queued]>
[2026-01-31T01:24:37.365+0000] {taskinstance.py:2306} INFO - Starting attempt 1 of 2
[2026-01-31T01:24:37.384+0000] {taskinstance.py:2330} INFO - Executing <Mapped(DfToCsvOperator): ingest_daily_price> on 2026-01-29 16:00:00+00:00
[2026-01-31T01:24:37.398+0000] {warnings.py:112} WARNING - This process (pid=2328) is multi-threaded, use of fork() may lead to deadlocks in the child.

[2026-01-31T01:24:37.399+0000] {standard_task_runner.py:64} INFO - Started process 2368 to run task
[2026-01-31T01:24:37.402+0000] {standard_task_runner.py:90} INFO - Running: ['***', 'tasks', 'run', 'daily_price_minio', 'ingest_daily_price', 'scheduled__2026-01-29T16:00:00+00:00', '--job-id', '10275', '--raw', '--subdir', 'DAGS_FOLDER/dl_dailly_price.py', '--cfg-path', '/tmp/tmpb4rz94c2', '--map-index', '113']
[2026-01-31T01:24:37.406+0000] {standard_task_runner.py:91} INFO - Job 10275: Subtask ingest_daily_price
[2026-01-31T01:24:37.462+0000] {task_command.py:426} INFO - Running <TaskInstance: daily_price_minio.ingest_daily_price scheduled__2026-01-29T16:00:00+00:00 map_index=113 [running]> on host 5061baebb91b
[2026-01-31T01:24:37.602+0000] {taskinstance.py:2648} INFO - Exporting env vars: AIRFLOW_CTX_DAG_OWNER='***' AIRFLOW_CTX_DAG_ID='daily_price_minio' AIRFLOW_CTX_TASK_ID='ingest_daily_price' AIRFLOW_CTX_EXECUTION_DATE='2026-01-29T16:00:00+00:00' AIRFLOW_CTX_TRY_NUMBER='1' AIRFLOW_CTX_DAG_RUN_ID='scheduled__2026-01-29T16:00:00+00:00'
[2026-01-31T01:24:37.603+0000] {taskinstance.py:430} INFO - ::endgroup::
[2026-01-31T01:24:41.018+0000] {base.py:84} INFO - Using connection ID 'minio_finance' for task execution.
[2026-01-31T01:24:41.019+0000] {connection_wrapper.py:384} INFO - AWS Connection (conn_id='minio_finance', conn_type='aws') credentials retrieved from login and password.
[2026-01-31T01:24:41.667+0000] {datalake_df2csv.py:52} INFO - ✅ Đã upload 15 dòng -> s3://thongtin-congty-va-bctc/daily_price/2026-01-29/batch_113.csv
[2026-01-31T01:24:41.668+0000] {taskinstance.py:441} INFO - ::group::Post task execution logs
[2026-01-31T01:24:41.682+0000] {taskinstance.py:1206} INFO - Marking task as SUCCESS. dag_id=daily_price_minio, task_id=ingest_daily_price, run_id=scheduled__2026-01-29T16:00:00+00:00, map_index=113, execution_date=20260129T160000, start_date=20260131T012437, end_date=20260131T012441
[2026-01-31T01:24:41.740+0000] {local_task_job_runner.py:243} INFO - Task exited with return code 0
[2026-01-31T01:24:41.757+0000] {taskinstance.py:3503} INFO - 0 downstream tasks scheduled from follow-on schedule check
[2026-01-31T01:24:41.761+0000] {local_task_job_runner.py:222} INFO - ::endgroup::
