[2026-01-15T13:21:50.543+0000] {local_task_job_runner.py:120} INFO - ::group::Pre task execution logs
[2026-01-15T13:21:50.566+0000] {taskinstance.py:2076} INFO - Dependencies all met for dep_context=non-requeueable deps ti=<TaskInstance: company_people_to_minio.ingest_people manual__2026-01-15T12:57:11.267903+00:00 map_index=57 [queued]>
[2026-01-15T13:21:50.580+0000] {taskinstance.py:2076} INFO - Dependencies all met for dep_context=requeueable deps ti=<TaskInstance: company_people_to_minio.ingest_people manual__2026-01-15T12:57:11.267903+00:00 map_index=57 [queued]>
[2026-01-15T13:21:50.581+0000] {taskinstance.py:2306} INFO - Starting attempt 1 of 2
[2026-01-15T13:21:50.593+0000] {taskinstance.py:2330} INFO - Executing <Mapped(DfToCsvOperator): ingest_people> on 2026-01-15 12:57:11.267903+00:00
[2026-01-15T13:21:50.604+0000] {warnings.py:112} WARNING - This process (pid=6095) is multi-threaded, use of fork() may lead to deadlocks in the child.

[2026-01-15T13:21:50.606+0000] {standard_task_runner.py:64} INFO - Started process 6119 to run task
[2026-01-15T13:21:50.609+0000] {standard_task_runner.py:90} INFO - Running: ['***', 'tasks', 'run', 'company_people_to_minio', 'ingest_people', 'manual__2026-01-15T12:57:11.267903+00:00', '--job-id', '16097', '--raw', '--subdir', 'DAGS_FOLDER/company_people_to_minio.py', '--cfg-path', '/tmp/tmpvc_u2pe1', '--map-index', '57']
[2026-01-15T13:21:50.612+0000] {standard_task_runner.py:91} INFO - Job 16097: Subtask ingest_people
[2026-01-15T13:21:50.673+0000] {task_command.py:426} INFO - Running <TaskInstance: company_people_to_minio.ingest_people manual__2026-01-15T12:57:11.267903+00:00 map_index=57 [running]> on host 48331fd7a179
[2026-01-15T13:21:50.801+0000] {taskinstance.py:2648} INFO - Exporting env vars: AIRFLOW_CTX_DAG_OWNER='***' AIRFLOW_CTX_DAG_ID='company_people_to_minio' AIRFLOW_CTX_TASK_ID='ingest_people' AIRFLOW_CTX_EXECUTION_DATE='2026-01-15T12:57:11.267903+00:00' AIRFLOW_CTX_TRY_NUMBER='1' AIRFLOW_CTX_DAG_RUN_ID='manual__2026-01-15T12:57:11.267903+00:00'
[2026-01-15T13:21:50.802+0000] {taskinstance.py:430} INFO - ::endgroup::
[2026-01-15T13:21:56.346+0000] {logging_mixin.py:188} INFO - shareholders HGC: RetryError[<Future at 0x7fd9e95b9a30 state=finished raised KeyError>]
[2026-01-15T13:22:00.352+0000] {logging_mixin.py:188} INFO - officers HGC: RetryError[<Future at 0x7fd9e963ca70 state=finished raised KeyError>]
[2026-01-15T13:22:05.660+0000] {logging_mixin.py:188} INFO - shareholders HGA: RetryError[<Future at 0x7fd9e93796d0 state=finished raised KeyError>]
[2026-01-15T13:22:09.679+0000] {logging_mixin.py:188} INFO - officers HGA: RetryError[<Future at 0x7fd9e937b3b0 state=finished raised KeyError>]
[2026-01-15T13:22:25.538+0000] {logging_mixin.py:188} INFO - officers HDS: RetryError[<Future at 0x7fd9e937aa80 state=finished raised KeyError>]
[2026-01-15T13:22:33.421+0000] {base.py:84} INFO - Using connection ID 'minio_finance' for task execution.
[2026-01-15T13:22:33.422+0000] {connection_wrapper.py:384} INFO - AWS Connection (conn_id='minio_finance', conn_type='aws') credentials retrieved from login and password.
[2026-01-15T13:22:34.013+0000] {datalake_df2csv.py:52} INFO - ✅ Đã upload 489 dòng -> s3://thongtin-congty-va-bctc/people/date=2026-01-15/batch_57.csv
[2026-01-15T13:22:34.014+0000] {taskinstance.py:441} INFO - ::group::Post task execution logs
[2026-01-15T13:22:34.023+0000] {taskinstance.py:1206} INFO - Marking task as SUCCESS. dag_id=company_people_to_minio, task_id=ingest_people, run_id=manual__2026-01-15T12:57:11.267903+00:00, map_index=57, execution_date=20260115T125711, start_date=20260115T132150, end_date=20260115T132234
[2026-01-15T13:22:34.115+0000] {local_task_job_runner.py:243} INFO - Task exited with return code 0
[2026-01-15T13:22:34.148+0000] {taskinstance.py:3503} INFO - 0 downstream tasks scheduled from follow-on schedule check
[2026-01-15T13:22:34.150+0000] {local_task_job_runner.py:222} INFO - ::endgroup::
