[2026-04-04T01:34:47.641+0000] {local_task_job_runner.py:120} INFO - ::group::Pre task execution logs
[2026-04-04T01:34:47.705+0000] {taskinstance.py:2076} INFO - Dependencies all met for dep_context=non-requeueable deps ti=<TaskInstance: daily_price.ingest_daily_price scheduled__2026-04-02T16:00:00+00:00 map_index=150 [queued]>
[2026-04-04T01:34:47.752+0000] {taskinstance.py:2076} INFO - Dependencies all met for dep_context=requeueable deps ti=<TaskInstance: daily_price.ingest_daily_price scheduled__2026-04-02T16:00:00+00:00 map_index=150 [queued]>
[2026-04-04T01:34:47.753+0000] {taskinstance.py:2306} INFO - Starting attempt 1 of 2
[2026-04-04T01:34:47.781+0000] {taskinstance.py:2330} INFO - Executing <Mapped(DfToCsvOperator): ingest_daily_price> on 2026-04-02 16:00:00+00:00
[2026-04-04T01:34:47.799+0000] {warnings.py:112} WARNING - This process (pid=175) is multi-threaded, use of fork() may lead to deadlocks in the child.

[2026-04-04T01:34:47.803+0000] {standard_task_runner.py:64} INFO - Started process 227 to run task
[2026-04-04T01:34:47.812+0000] {standard_task_runner.py:90} INFO - Running: ['***', 'tasks', 'run', 'daily_price', 'ingest_daily_price', 'scheduled__2026-04-02T16:00:00+00:00', '--job-id', '38908', '--raw', '--subdir', 'DAGS_FOLDER/dl_dailly_price.py', '--cfg-path', '/tmp/tmpnzr67ne7', '--map-index', '150']
[2026-04-04T01:34:47.828+0000] {standard_task_runner.py:91} INFO - Job 38908: Subtask ingest_daily_price
[2026-04-04T01:34:50.453+0000] {task_command.py:426} INFO - Running <TaskInstance: daily_price.ingest_daily_price scheduled__2026-04-02T16:00:00+00:00 map_index=150 [running]> on host ab11840d9b1f
[2026-04-04T01:34:52.195+0000] {taskinstance.py:2648} INFO - Exporting env vars: AIRFLOW_CTX_DAG_OWNER='***' AIRFLOW_CTX_DAG_ID='daily_price' AIRFLOW_CTX_TASK_ID='ingest_daily_price' AIRFLOW_CTX_EXECUTION_DATE='2026-04-02T16:00:00+00:00' AIRFLOW_CTX_TRY_NUMBER='1' AIRFLOW_CTX_DAG_RUN_ID='scheduled__2026-04-02T16:00:00+00:00'
[2026-04-04T01:34:52.233+0000] {taskinstance.py:430} INFO - ::endgroup::
[2026-04-04T01:34:52.234+0000] {datalake_df2csv.py:40} INFO - ================================================================================
[2026-04-04T01:34:52.234+0000] {datalake_df2csv.py:41} INFO - 🚀 BẮT ĐẦU TASK: ingest_daily_price
[2026-04-04T01:34:52.234+0000] {datalake_df2csv.py:42} INFO - ================================================================================
[2026-04-04T01:34:52.235+0000] {datalake_df2csv.py:43} INFO - 📋 Thông tin cấu hình:
[2026-04-04T01:34:52.235+0000] {datalake_df2csv.py:44} INFO -   - Logic file: history_price
[2026-04-04T01:34:52.235+0000] {datalake_df2csv.py:45} INFO -   - DataFrame name: get_history_price_batch
[2026-04-04T01:34:52.236+0000] {datalake_df2csv.py:46} INFO -   - Bucket: thongtin-congty-va-bctc
[2026-04-04T01:34:52.236+0000] {datalake_df2csv.py:47} INFO -   - Object path: daily_price/2026-04-02/batch_150.csv
[2026-04-04T01:34:52.236+0000] {datalake_df2csv.py:48} INFO -   - Connection ID: minio_finance
[2026-04-04T01:34:52.237+0000] {datalake_df2csv.py:49} INFO -   - Tham số truyền vào: {'symbols': ['LM3', 'BBT', 'NVL', 'HEP', 'VKC'], 'start_date': '2026-04-02', 'end_date': '2026-04-03'}
[2026-04-04T01:34:52.237+0000] {datalake_df2csv.py:50} INFO - --------------------------------------------------------------------------------
[2026-04-04T01:34:52.237+0000] {datalake_df2csv.py:54} INFO - 📥 Bước 1: Đang load dữ liệu từ logic file...
[2026-04-04T01:34:52.239+0000] {datalake_df2csv.py:148} INFO -   - Logic directory: /opt/airflow/plugins/logic
[2026-04-04T01:34:52.239+0000] {datalake_df2csv.py:149} INFO -   - Module path: /opt/airflow/plugins/logic/history_price.py
[2026-04-04T01:34:52.240+0000] {datalake_df2csv.py:153} INFO -   - Đã thêm logic directory vào sys.path
[2026-04-04T01:34:52.241+0000] {datalake_df2csv.py:159} INFO -   - Đang load module 'history_price'...
[2026-04-04T01:34:52.244+0000] {datalake_df2csv.py:163} INFO -   - ✅ Module loaded thành công
[2026-04-04T01:34:52.244+0000] {datalake_df2csv.py:165} INFO -   - Đang tìm DataFrame/function: 'get_history_price_batch'...
[2026-04-04T01:34:52.245+0000] {datalake_df2csv.py:170} INFO -   - ✅ Tìm thấy object: function
[2026-04-04T01:34:52.245+0000] {datalake_df2csv.py:173} INFO -   - Đang gọi function với tham số: {'symbols': ['LM3', 'BBT', 'NVL', 'HEP', 'VKC'], 'start_date': '2026-04-02', 'end_date': '2026-04-03'}
[2026-04-04T01:34:58.698+0000] {datalake_df2csv.py:68} INFO - ✅ Load dữ liệu thành công!
[2026-04-04T01:34:58.698+0000] {datalake_df2csv.py:69} INFO - 📊 Thông tin DataFrame:
[2026-04-04T01:34:58.699+0000] {datalake_df2csv.py:70} INFO -   - Số dòng: 15
[2026-04-04T01:34:58.699+0000] {datalake_df2csv.py:71} INFO -   - Số cột: 7
[2026-04-04T01:34:58.700+0000] {datalake_df2csv.py:72} INFO -   - Tên các cột: ['ticker', 'trading_date', 'open', 'high', 'low', 'close', 'volume']
[2026-04-04T01:34:58.701+0000] {datalake_df2csv.py:73} INFO -   - Kiểu dữ liệu: {'ticker': 'object', 'trading_date': 'object', 'open': 'float64', 'high': 'float64', 'low': 'float64', 'close': 'float64', 'volume': 'int64'}
[2026-04-04T01:34:58.704+0000] {datalake_df2csv.py:74} INFO -   - Bộ nhớ sử dụng: 0.00 MB
[2026-04-04T01:34:58.706+0000] {datalake_df2csv.py:83} INFO -   - Không có giá trị NULL
[2026-04-04T01:34:58.707+0000] {datalake_df2csv.py:86} INFO -   - Mẫu dữ liệu (5 dòng đầu):
[2026-04-04T01:34:58.708+0000] {datalake_df2csv.py:88} INFO -     Row 0: {'ticker': 'LM3', 'trading_date': '2026-01-23', 'open': 2.0, 'high': 2.0, 'low': 2.0, 'close': 2.0, 'volume': 9500}
[2026-04-04T01:34:58.709+0000] {datalake_df2csv.py:88} INFO -     Row 1: {'ticker': 'LM3', 'trading_date': '2026-03-06', 'open': 1.7, 'high': 2.2, 'low': 1.7, 'close': 2.2, 'volume': 5800}
[2026-04-04T01:34:58.709+0000] {datalake_df2csv.py:88} INFO -     Row 2: {'ticker': 'LM3', 'trading_date': '2026-03-13', 'open': 1.5, 'high': 1.9, 'low': 1.5, 'close': 1.6, 'volume': 21300}
[2026-04-04T01:34:58.710+0000] {datalake_df2csv.py:88} INFO -     Row 3: {'ticker': 'BBT', 'trading_date': '2026-04-01', 'open': 12.5, 'high': 12.5, 'low': 12.5, 'close': 12.5, 'volume': 1000}
[2026-04-04T01:34:58.710+0000] {datalake_df2csv.py:88} INFO -     Row 4: {'ticker': 'BBT', 'trading_date': '2026-04-02', 'open': 12.4, 'high': 12.5, 'low': 12.4, 'close': 12.5, 'volume': 500}
[2026-04-04T01:34:58.711+0000] {datalake_df2csv.py:90} INFO - --------------------------------------------------------------------------------
[2026-04-04T01:34:58.711+0000] {datalake_df2csv.py:93} INFO - 📝 Bước 2: Đang chuyển đổi DataFrame sang CSV...
[2026-04-04T01:34:58.715+0000] {datalake_df2csv.py:97} INFO - ✅ Chuyển đổi CSV thành công!
[2026-04-04T01:34:58.716+0000] {datalake_df2csv.py:98} INFO -   - Kích thước file: 0.00 MB
[2026-04-04T01:34:58.716+0000] {datalake_df2csv.py:99} INFO -   - Thời gian chuyển đổi: 0.00 giây
[2026-04-04T01:34:58.716+0000] {datalake_df2csv.py:100} INFO - --------------------------------------------------------------------------------
[2026-04-04T01:34:58.717+0000] {datalake_df2csv.py:103} INFO - ☁️  Bước 3: Đang upload lên MinIO/S3...
[2026-04-04T01:34:58.728+0000] {base.py:84} INFO - Using connection ID 'minio_finance' for task execution.
[2026-04-04T01:34:58.729+0000] {connection_wrapper.py:384} INFO - AWS Connection (conn_id='minio_finance', conn_type='aws') credentials retrieved from login and password.
[2026-04-04T01:34:59.727+0000] {datalake_df2csv.py:112} INFO -   - Bucket 'thongtin-congty-va-bctc' đã tồn tại
[2026-04-04T01:34:59.814+0000] {datalake_df2csv.py:117} INFO - ✅ Upload thành công!
[2026-04-04T01:34:59.815+0000] {datalake_df2csv.py:118} INFO -   - Đường dẫn: s3://thongtin-congty-va-bctc/daily_price/2026-04-02/batch_150.csv
[2026-04-04T01:34:59.816+0000] {datalake_df2csv.py:119} INFO -   - Số dòng: 15
[2026-04-04T01:34:59.816+0000] {datalake_df2csv.py:120} INFO -   - Thời gian upload: 1.10 giây
[2026-04-04T01:34:59.817+0000] {datalake_df2csv.py:121} INFO - --------------------------------------------------------------------------------
[2026-04-04T01:34:59.818+0000] {datalake_df2csv.py:125} INFO - 📈 TỔNG KẾT:
[2026-04-04T01:34:59.819+0000] {datalake_df2csv.py:126} INFO -   - Tổng thời gian thực thi: 7.58 giây
[2026-04-04T01:34:59.821+0000] {datalake_df2csv.py:127} INFO -   - Tốc độ xử lý: 2 dòng/giây
[2026-04-04T01:34:59.824+0000] {datalake_df2csv.py:128} INFO - ================================================================================
[2026-04-04T01:34:59.825+0000] {datalake_df2csv.py:129} INFO - ✅ HOÀN THÀNH TASK: ingest_daily_price
[2026-04-04T01:34:59.826+0000] {datalake_df2csv.py:130} INFO - ================================================================================
[2026-04-04T01:34:59.828+0000] {taskinstance.py:441} INFO - ::group::Post task execution logs
[2026-04-04T01:34:59.843+0000] {taskinstance.py:1206} INFO - Marking task as SUCCESS. dag_id=daily_price, task_id=ingest_daily_price, run_id=scheduled__2026-04-02T16:00:00+00:00, map_index=150, execution_date=20260402T160000, start_date=20260404T013447, end_date=20260404T013459
[2026-04-04T01:35:00.049+0000] {local_task_job_runner.py:243} INFO - Task exited with return code 0
[2026-04-04T01:35:00.079+0000] {taskinstance.py:3503} INFO - 0 downstream tasks scheduled from follow-on schedule check
[2026-04-04T01:35:00.084+0000] {local_task_job_runner.py:222} INFO - ::endgroup::
