[2026-05-02T01:36:40.375+0000] {local_task_job_runner.py:120} INFO - ::group::Pre task execution logs
[2026-05-02T01:36:40.405+0000] {taskinstance.py:2076} INFO - Dependencies all met for dep_context=non-requeueable deps ti=<TaskInstance: vn_macro_per_year.ingest_vn_macro_yearly scheduled__2026-05-01T00:00:00+00:00 [queued]>
[2026-05-02T01:36:40.415+0000] {taskinstance.py:2076} INFO - Dependencies all met for dep_context=requeueable deps ti=<TaskInstance: vn_macro_per_year.ingest_vn_macro_yearly scheduled__2026-05-01T00:00:00+00:00 [queued]>
[2026-05-02T01:36:40.416+0000] {taskinstance.py:2306} INFO - Starting attempt 1 of 3
[2026-05-02T01:36:40.445+0000] {taskinstance.py:2330} INFO - Executing <Task(DfToCsvOperator): ingest_vn_macro_yearly> on 2026-05-01 00:00:00+00:00
[2026-05-02T01:36:40.464+0000] {warnings.py:112} WARNING - This process (pid=89) is multi-threaded, use of fork() may lead to deadlocks in the child.

[2026-05-02T01:36:40.468+0000] {standard_task_runner.py:64} INFO - Started process 99 to run task
[2026-05-02T01:36:40.471+0000] {standard_task_runner.py:90} INFO - Running: ['***', 'tasks', 'run', 'vn_macro_per_year', 'ingest_vn_macro_yearly', 'scheduled__2026-05-01T00:00:00+00:00', '--job-id', '46964', '--raw', '--subdir', 'DAGS_FOLDER/dl_vn_macro_per_year.py', '--cfg-path', '/tmp/tmpi9954_g_']
[2026-05-02T01:36:40.473+0000] {standard_task_runner.py:91} INFO - Job 46964: Subtask ingest_vn_macro_yearly
[2026-05-02T01:36:40.678+0000] {task_command.py:426} INFO - Running <TaskInstance: vn_macro_per_year.ingest_vn_macro_yearly scheduled__2026-05-01T00:00:00+00:00 [running]> on host 0245c982d4f9
[2026-05-02T01:36:40.862+0000] {taskinstance.py:2648} INFO - Exporting env vars: AIRFLOW_CTX_DAG_OWNER='***' AIRFLOW_CTX_DAG_ID='vn_macro_per_year' AIRFLOW_CTX_TASK_ID='ingest_vn_macro_yearly' AIRFLOW_CTX_EXECUTION_DATE='2026-05-01T00:00:00+00:00' AIRFLOW_CTX_TRY_NUMBER='1' AIRFLOW_CTX_DAG_RUN_ID='scheduled__2026-05-01T00:00:00+00:00'
[2026-05-02T01:36:40.864+0000] {taskinstance.py:430} INFO - ::endgroup::
[2026-05-02T01:36:40.864+0000] {datalake_df2csv.py:40} INFO - ================================================================================
[2026-05-02T01:36:40.865+0000] {datalake_df2csv.py:41} INFO - 🚀 BẮT ĐẦU TASK: ingest_vn_macro_yearly
[2026-05-02T01:36:40.865+0000] {datalake_df2csv.py:42} INFO - ================================================================================
[2026-05-02T01:36:40.865+0000] {datalake_df2csv.py:43} INFO - 📋 Thông tin cấu hình:
[2026-05-02T01:36:40.866+0000] {datalake_df2csv.py:44} INFO -   - Logic file: vn_macro_yearly
[2026-05-02T01:36:40.866+0000] {datalake_df2csv.py:45} INFO -   - DataFrame name: get_vn_macro_data
[2026-05-02T01:36:40.866+0000] {datalake_df2csv.py:46} INFO -   - Bucket: thongtin-congty-va-bctc
[2026-05-02T01:36:40.866+0000] {datalake_df2csv.py:47} INFO -   - Object path: vn_macro_yearly/2026-05-01/data.csv
[2026-05-02T01:36:40.867+0000] {datalake_df2csv.py:48} INFO -   - Connection ID: minio_finance
[2026-05-02T01:36:40.867+0000] {datalake_df2csv.py:49} INFO -   - Tham số truyền vào: {}
[2026-05-02T01:36:40.867+0000] {datalake_df2csv.py:50} INFO - --------------------------------------------------------------------------------
[2026-05-02T01:36:40.868+0000] {datalake_df2csv.py:54} INFO - 📥 Bước 1: Đang load dữ liệu từ logic file...
[2026-05-02T01:36:40.869+0000] {datalake_df2csv.py:148} INFO -   - Logic directory: /opt/airflow/plugins/logic
[2026-05-02T01:36:40.870+0000] {datalake_df2csv.py:149} INFO -   - Module path: /opt/airflow/plugins/logic/vn_macro_yearly.py
[2026-05-02T01:36:40.870+0000] {datalake_df2csv.py:153} INFO -   - Đã thêm logic directory vào sys.path
[2026-05-02T01:36:40.871+0000] {datalake_df2csv.py:159} INFO -   - Đang load module 'vn_macro_yearly'...
[2026-05-02T01:36:40.876+0000] {datalake_df2csv.py:163} INFO -   - ✅ Module loaded thành công
[2026-05-02T01:36:40.877+0000] {datalake_df2csv.py:165} INFO -   - Đang tìm DataFrame/function: 'get_vn_macro_data'...
[2026-05-02T01:36:40.877+0000] {datalake_df2csv.py:170} INFO -   - ✅ Tìm thấy object: function
[2026-05-02T01:36:40.878+0000] {datalake_df2csv.py:173} INFO -   - Đang gọi function với tham số: {}
[2026-05-02T01:36:40.878+0000] {logging_mixin.py:188} INFO - 📥 Đang lấy dữ liệu vĩ mô Việt Nam từ World Bank API...
[2026-05-02T01:37:00.471+0000] {logging_mixin.py:188} INFO - ❌ Lỗi khi lấy dữ liệu vĩ mô: APIError: [400] Bad Request (https://api.worldbank.org/v2/en/sources/2/series/NY.GDP.MKTP.KD.ZG;FP.CPI.TOTL.ZG;NV.IND.TOTL.KD.ZG;NV.IND.MANF.KD.ZG;NE.CON.PRVT.KD.ZG;PA.NUS.FCRF;FR.INR.DPST;FR.INR.LEND;NE.EXP.GNFS.KD.ZG;NE.IMP.GNFS.KD.ZG;BN.GSR.GNFS.CD;BX.KLT.DINV.CD.WD;FI.RES.TOTL.CD;FM.LBL.BMNY.ZG;FB.AST.NPER.ZS/country/VNM/time/YR2014;YR2015;YR2016;YR2017;YR2018;YR2019;YR2020;YR2021;YR2022;YR2023;YR2024?per_page=1000&page=1&format=json)
[2026-05-02T01:37:00.472+0000] {datalake_df2csv.py:58} WARNING - ⚠️  DataFrame rỗng hoặc None
[2026-05-02T01:37:00.474+0000] {datalake_df2csv.py:59} INFO - 📊 Thông tin DataFrame:
[2026-05-02T01:37:00.474+0000] {datalake_df2csv.py:60} INFO -   - Số dòng: 0
[2026-05-02T01:37:00.475+0000] {datalake_df2csv.py:61} INFO -   - Kết luận: Bỏ qua upload CSV
[2026-05-02T01:37:00.475+0000] {datalake_df2csv.py:62} INFO - ================================================================================
[2026-05-02T01:37:00.475+0000] {datalake_df2csv.py:63} INFO - ✅ KẾT THÚC TASK (không có dữ liệu): ingest_vn_macro_yearly
[2026-05-02T01:37:00.476+0000] {datalake_df2csv.py:64} INFO - ================================================================================
[2026-05-02T01:37:00.476+0000] {taskinstance.py:441} INFO - ::group::Post task execution logs
[2026-05-02T01:37:00.488+0000] {taskinstance.py:1206} INFO - Marking task as SUCCESS. dag_id=vn_macro_per_year, task_id=ingest_vn_macro_yearly, run_id=scheduled__2026-05-01T00:00:00+00:00, execution_date=20260501T000000, start_date=20260502T013640, end_date=20260502T013700
[2026-05-02T01:37:00.553+0000] {local_task_job_runner.py:243} INFO - Task exited with return code 0
[2026-05-02T01:37:00.573+0000] {taskinstance.py:3503} INFO - 0 downstream tasks scheduled from follow-on schedule check
[2026-05-02T01:37:00.577+0000] {local_task_job_runner.py:222} INFO - ::endgroup::
