[2026-04-17T01:30:30.488+0000] {local_task_job_runner.py:120} INFO - ::group::Pre task execution logs
[2026-04-17T01:30:30.581+0000] {taskinstance.py:2076} INFO - Dependencies all met for dep_context=non-requeueable deps ti=<TaskInstance: daily_price.ingest_daily_price scheduled__2026-04-15T16:00:00+00:00 map_index=300 [queued]>
[2026-04-17T01:30:30.648+0000] {taskinstance.py:2076} INFO - Dependencies all met for dep_context=requeueable deps ti=<TaskInstance: daily_price.ingest_daily_price scheduled__2026-04-15T16:00:00+00:00 map_index=300 [queued]>
[2026-04-17T01:30:30.649+0000] {taskinstance.py:2306} INFO - Starting attempt 1 of 2
[2026-04-17T01:30:30.676+0000] {taskinstance.py:2330} INFO - Executing <Mapped(DfToCsvOperator): ingest_daily_price> on 2026-04-15 16:00:00+00:00
[2026-04-17T01:30:30.692+0000] {warnings.py:112} WARNING - This process (pid=3160) is multi-threaded, use of fork() may lead to deadlocks in the child.

[2026-04-17T01:30:30.695+0000] {standard_task_runner.py:64} INFO - Started process 3202 to run task
[2026-04-17T01:30:30.697+0000] {standard_task_runner.py:90} INFO - Running: ['***', 'tasks', 'run', 'daily_price', 'ingest_daily_price', 'scheduled__2026-04-15T16:00:00+00:00', '--job-id', '43424', '--raw', '--subdir', 'DAGS_FOLDER/dl_dailly_price.py', '--cfg-path', '/tmp/tmpg9gr0jl8', '--map-index', '300']
[2026-04-17T01:30:30.703+0000] {standard_task_runner.py:91} INFO - Job 43424: Subtask ingest_daily_price
[2026-04-17T01:30:30.808+0000] {task_command.py:426} INFO - Running <TaskInstance: daily_price.ingest_daily_price scheduled__2026-04-15T16:00:00+00:00 map_index=300 [running]> on host 9b88cf9bc0ee
[2026-04-17T01:30:31.615+0000] {taskinstance.py:2648} INFO - Exporting env vars: AIRFLOW_CTX_DAG_OWNER='***' AIRFLOW_CTX_DAG_ID='daily_price' AIRFLOW_CTX_TASK_ID='ingest_daily_price' AIRFLOW_CTX_EXECUTION_DATE='2026-04-15T16:00:00+00:00' AIRFLOW_CTX_TRY_NUMBER='1' AIRFLOW_CTX_DAG_RUN_ID='scheduled__2026-04-15T16:00:00+00:00'
[2026-04-17T01:30:31.617+0000] {taskinstance.py:430} INFO - ::endgroup::
[2026-04-17T01:30:31.619+0000] {datalake_df2csv.py:40} INFO - ================================================================================
[2026-04-17T01:30:31.620+0000] {datalake_df2csv.py:41} INFO - 🚀 BẮT ĐẦU TASK: ingest_daily_price
[2026-04-17T01:30:31.621+0000] {datalake_df2csv.py:42} INFO - ================================================================================
[2026-04-17T01:30:31.621+0000] {datalake_df2csv.py:43} INFO - 📋 Thông tin cấu hình:
[2026-04-17T01:30:31.622+0000] {datalake_df2csv.py:44} INFO -   - Logic file: history_price
[2026-04-17T01:30:31.623+0000] {datalake_df2csv.py:45} INFO -   - DataFrame name: get_history_price_batch
[2026-04-17T01:30:31.623+0000] {datalake_df2csv.py:46} INFO -   - Bucket: thongtin-congty-va-bctc
[2026-04-17T01:30:31.624+0000] {datalake_df2csv.py:47} INFO -   - Object path: daily_price/2026-04-15/batch_300.csv
[2026-04-17T01:30:31.625+0000] {datalake_df2csv.py:48} INFO -   - Connection ID: minio_finance
[2026-04-17T01:30:31.625+0000] {datalake_df2csv.py:49} INFO -   - Tham số truyền vào: {'symbols': ['SPD', 'HHB', 'WTC', 'VGL', 'STT'], 'start_date': '2026-04-15', 'end_date': '2026-04-16'}
[2026-04-17T01:30:31.626+0000] {datalake_df2csv.py:50} INFO - --------------------------------------------------------------------------------
[2026-04-17T01:30:31.627+0000] {datalake_df2csv.py:54} INFO - 📥 Bước 1: Đang load dữ liệu từ logic file...
[2026-04-17T01:30:31.635+0000] {datalake_df2csv.py:148} INFO -   - Logic directory: /opt/airflow/plugins/logic
[2026-04-17T01:30:31.638+0000] {datalake_df2csv.py:149} INFO -   - Module path: /opt/airflow/plugins/logic/history_price.py
[2026-04-17T01:30:31.639+0000] {datalake_df2csv.py:153} INFO -   - Đã thêm logic directory vào sys.path
[2026-04-17T01:30:31.643+0000] {datalake_df2csv.py:159} INFO -   - Đang load module 'history_price'...
[2026-04-17T01:30:31.650+0000] {datalake_df2csv.py:163} INFO -   - ✅ Module loaded thành công
[2026-04-17T01:30:31.651+0000] {datalake_df2csv.py:165} INFO -   - Đang tìm DataFrame/function: 'get_history_price_batch'...
[2026-04-17T01:30:31.651+0000] {datalake_df2csv.py:170} INFO -   - ✅ Tìm thấy object: function
[2026-04-17T01:30:31.652+0000] {datalake_df2csv.py:173} INFO -   - Đang gọi function với tham số: {'symbols': ['SPD', 'HHB', 'WTC', 'VGL', 'STT'], 'start_date': '2026-04-15', 'end_date': '2026-04-16'}
[2026-04-17T01:30:36.608+0000] {datalake_df2csv.py:68} INFO - ✅ Load dữ liệu thành công!
[2026-04-17T01:30:36.609+0000] {datalake_df2csv.py:69} INFO - 📊 Thông tin DataFrame:
[2026-04-17T01:30:36.610+0000] {datalake_df2csv.py:70} INFO -   - Số dòng: 20
[2026-04-17T01:30:36.610+0000] {datalake_df2csv.py:71} INFO -   - Số cột: 7
[2026-04-17T01:30:36.611+0000] {datalake_df2csv.py:72} INFO -   - Tên các cột: ['ticker', 'trading_date', 'open', 'high', 'low', 'close', 'volume']
[2026-04-17T01:30:36.612+0000] {datalake_df2csv.py:73} INFO -   - Kiểu dữ liệu: {'ticker': 'object', 'trading_date': 'object', 'open': 'float64', 'high': 'float64', 'low': 'float64', 'close': 'float64', 'volume': 'int64'}
[2026-04-17T01:30:36.615+0000] {datalake_df2csv.py:74} INFO -   - Bộ nhớ sử dụng: 0.00 MB
[2026-04-17T01:30:36.616+0000] {datalake_df2csv.py:83} INFO -   - Không có giá trị NULL
[2026-04-17T01:30:36.617+0000] {datalake_df2csv.py:86} INFO -   - Mẫu dữ liệu (5 dòng đầu):
[2026-04-17T01:30:36.618+0000] {datalake_df2csv.py:88} INFO -     Row 0: {'ticker': 'SPD', 'trading_date': '2026-01-07', 'open': 8.0, 'high': 8.0, 'low': 8.0, 'close': 8.0, 'volume': 230000}
[2026-04-17T01:30:36.619+0000] {datalake_df2csv.py:88} INFO -     Row 1: {'ticker': 'SPD', 'trading_date': '2026-01-27', 'open': 8.0, 'high': 8.0, 'low': 8.0, 'close': 8.0, 'volume': 400}
[2026-04-17T01:30:36.619+0000] {datalake_df2csv.py:88} INFO -     Row 2: {'ticker': 'SPD', 'trading_date': '2026-02-02', 'open': 8.5, 'high': 8.5, 'low': 8.5, 'close': 8.5, 'volume': 400}
[2026-04-17T01:30:36.620+0000] {datalake_df2csv.py:88} INFO -     Row 3: {'ticker': 'SPD', 'trading_date': '2026-03-02', 'open': 8.5, 'high': 8.5, 'low': 8.5, 'close': 8.5, 'volume': 500}
[2026-04-17T01:30:36.620+0000] {datalake_df2csv.py:88} INFO -     Row 4: {'ticker': 'HHB', 'trading_date': '2025-11-27', 'open': 25.0, 'high': 25.0, 'low': 25.0, 'close': 25.0, 'volume': 100}
[2026-04-17T01:30:36.621+0000] {datalake_df2csv.py:90} INFO - --------------------------------------------------------------------------------
[2026-04-17T01:30:36.622+0000] {datalake_df2csv.py:93} INFO - 📝 Bước 2: Đang chuyển đổi DataFrame sang CSV...
[2026-04-17T01:30:36.628+0000] {datalake_df2csv.py:97} INFO - ✅ Chuyển đổi CSV thành công!
[2026-04-17T01:30:36.628+0000] {datalake_df2csv.py:98} INFO -   - Kích thước file: 0.00 MB
[2026-04-17T01:30:36.629+0000] {datalake_df2csv.py:99} INFO -   - Thời gian chuyển đổi: 0.00 giây
[2026-04-17T01:30:36.629+0000] {datalake_df2csv.py:100} INFO - --------------------------------------------------------------------------------
[2026-04-17T01:30:36.630+0000] {datalake_df2csv.py:103} INFO - ☁️  Bước 3: Đang upload lên MinIO/S3...
[2026-04-17T01:30:36.643+0000] {base.py:84} INFO - Using connection ID 'minio_finance' for task execution.
[2026-04-17T01:30:36.644+0000] {connection_wrapper.py:384} INFO - AWS Connection (conn_id='minio_finance', conn_type='aws') credentials retrieved from login and password.
[2026-04-17T01:30:37.335+0000] {datalake_df2csv.py:112} INFO -   - Bucket 'thongtin-congty-va-bctc' đã tồn tại
[2026-04-17T01:30:37.379+0000] {datalake_df2csv.py:117} INFO - ✅ Upload thành công!
[2026-04-17T01:30:37.380+0000] {datalake_df2csv.py:118} INFO -   - Đường dẫn: s3://thongtin-congty-va-bctc/daily_price/2026-04-15/batch_300.csv
[2026-04-17T01:30:37.381+0000] {datalake_df2csv.py:119} INFO -   - Số dòng: 20
[2026-04-17T01:30:37.381+0000] {datalake_df2csv.py:120} INFO -   - Thời gian upload: 0.75 giây
[2026-04-17T01:30:37.382+0000] {datalake_df2csv.py:121} INFO - --------------------------------------------------------------------------------
[2026-04-17T01:30:37.382+0000] {datalake_df2csv.py:125} INFO - 📈 TỔNG KẾT:
[2026-04-17T01:30:37.383+0000] {datalake_df2csv.py:126} INFO -   - Tổng thời gian thực thi: 5.76 giây
[2026-04-17T01:30:37.383+0000] {datalake_df2csv.py:127} INFO -   - Tốc độ xử lý: 3 dòng/giây
[2026-04-17T01:30:37.384+0000] {datalake_df2csv.py:128} INFO - ================================================================================
[2026-04-17T01:30:37.384+0000] {datalake_df2csv.py:129} INFO - ✅ HOÀN THÀNH TASK: ingest_daily_price
[2026-04-17T01:30:37.385+0000] {datalake_df2csv.py:130} INFO - ================================================================================
[2026-04-17T01:30:37.386+0000] {taskinstance.py:441} INFO - ::group::Post task execution logs
[2026-04-17T01:30:37.399+0000] {taskinstance.py:1206} INFO - Marking task as SUCCESS. dag_id=daily_price, task_id=ingest_daily_price, run_id=scheduled__2026-04-15T16:00:00+00:00, map_index=300, execution_date=20260415T160000, start_date=20260417T013030, end_date=20260417T013037
[2026-04-17T01:30:37.468+0000] {local_task_job_runner.py:243} INFO - Task exited with return code 0
[2026-04-17T01:30:37.479+0000] {local_task_job_runner.py:222} INFO - ::endgroup::
