[2026-02-07T00:46:35.145+0000] {local_task_job_runner.py:120} INFO - ::group::Pre task execution logs
[2026-02-07T00:46:35.192+0000] {taskinstance.py:2076} INFO - Dependencies all met for dep_context=non-requeueable deps ti=<TaskInstance: minio_to_db_sync.sync_electric_board scheduled__2026-02-05T03:00:00+00:00 [queued]>
[2026-02-07T00:46:35.228+0000] {taskinstance.py:2076} INFO - Dependencies all met for dep_context=requeueable deps ti=<TaskInstance: minio_to_db_sync.sync_electric_board scheduled__2026-02-05T03:00:00+00:00 [queued]>
[2026-02-07T00:46:35.229+0000] {taskinstance.py:2306} INFO - Starting attempt 1 of 3
[2026-02-07T00:46:35.518+0000] {taskinstance.py:2330} INFO - Executing <Task(_PythonDecoratedOperator): sync_electric_board> on 2026-02-05 03:00:00+00:00
[2026-02-07T00:46:35.539+0000] {warnings.py:112} WARNING - This process (pid=83) is multi-threaded, use of fork() may lead to deadlocks in the child.

[2026-02-07T00:46:35.554+0000] {standard_task_runner.py:90} INFO - Running: ['***', 'tasks', 'run', 'minio_to_db_sync', 'sync_electric_board', 'scheduled__2026-02-05T03:00:00+00:00', '--job-id', '18758', '--raw', '--subdir', 'DAGS_FOLDER/minio_to_db_sync.py', '--cfg-path', '/tmp/tmphve65thq']
[2026-02-07T00:46:35.568+0000] {standard_task_runner.py:91} INFO - Job 18758: Subtask sync_electric_board
[2026-02-07T00:46:35.570+0000] {standard_task_runner.py:64} INFO - Started process 261 to run task
[2026-02-07T00:46:36.234+0000] {task_command.py:426} INFO - Running <TaskInstance: minio_to_db_sync.sync_electric_board scheduled__2026-02-05T03:00:00+00:00 [running]> on host 92ec87cbc427
[2026-02-07T00:46:39.216+0000] {taskinstance.py:2648} INFO - Exporting env vars: AIRFLOW_CTX_DAG_OWNER='***' AIRFLOW_CTX_DAG_ID='minio_to_db_sync' AIRFLOW_CTX_TASK_ID='sync_electric_board' AIRFLOW_CTX_EXECUTION_DATE='2026-02-05T03:00:00+00:00' AIRFLOW_CTX_TRY_NUMBER='1' AIRFLOW_CTX_DAG_RUN_ID='scheduled__2026-02-05T03:00:00+00:00'
[2026-02-07T00:46:39.222+0000] {taskinstance.py:430} INFO - ::endgroup::
[2026-02-07T00:46:39.243+0000] {logging_mixin.py:188} INFO - ======================================================================
[2026-02-07T00:46:39.244+0000] {logging_mixin.py:188} INFO - 📊 SYNC ELECTRIC BOARD TO DATABASE
[2026-02-07T00:46:39.245+0000] {logging_mixin.py:188} INFO - ======================================================================
[2026-02-07T00:46:39.245+0000] {logging_mixin.py:188} INFO - 
[1/4] Finding latest partition...
[2026-02-07T00:46:39.278+0000] {base.py:84} INFO - Using connection ID 'minio_finance' for task execution.
[2026-02-07T00:46:39.283+0000] {connection_wrapper.py:384} INFO - AWS Connection (conn_id='minio_finance', conn_type='aws') credentials retrieved from login and password.
[2026-02-07T00:47:18.873+0000] {logging_mixin.py:188} INFO - 📂 Scanning 309 objects in thongtin-congty-va-bctc/electric_board_per_day/
[2026-02-07T00:47:18.875+0000] {logging_mixin.py:188} INFO - 📅 Found 9 valid date partition(s): ['2026-01-23', '2026-01-25', '2026-01-26', '2026-01-27', '2026-01-29', '2026-01-30', '2026-02-02', '2026-02-03', '2026-02-04']
[2026-02-07T00:47:18.876+0000] {logging_mixin.py:188} INFO - ✅ Latest partition selected: electric_board_per_day/2026-02-04/
[2026-02-07T00:47:18.878+0000] {logging_mixin.py:188} INFO - 
[2/4] Reading CSV files...
[2026-02-07T00:47:18.889+0000] {base.py:84} INFO - Using connection ID 'minio_finance' for task execution.
[2026-02-07T00:47:18.890+0000] {connection_wrapper.py:384} INFO - AWS Connection (conn_id='minio_finance', conn_type='aws') credentials retrieved from login and password.
[2026-02-07T00:47:20.953+0000] {logging_mixin.py:188} INFO - ✓ Found 29 CSV files in thongtin-congty-va-bctc/electric_board_per_day/2026-02-04/
[2026-02-07T00:47:20.961+0000] {base.py:84} INFO - Using connection ID 'minio_finance' for task execution.
[2026-02-07T00:47:20.962+0000] {connection_wrapper.py:384} INFO - AWS Connection (conn_id='minio_finance', conn_type='aws') credentials retrieved from login and password.
[2026-02-07T00:47:21.096+0000] {logging_mixin.py:188} INFO - ✓ Read 40 rows from electric_board_per_day/2026-02-04/batch_0.csv
[2026-02-07T00:47:21.103+0000] {base.py:84} INFO - Using connection ID 'minio_finance' for task execution.
[2026-02-07T00:47:21.104+0000] {connection_wrapper.py:384} INFO - AWS Connection (conn_id='minio_finance', conn_type='aws') credentials retrieved from login and password.
[2026-02-07T00:47:21.322+0000] {logging_mixin.py:188} INFO - ✓ Read 30 rows from electric_board_per_day/2026-02-04/batch_10.csv
[2026-02-07T00:47:21.337+0000] {base.py:84} INFO - Using connection ID 'minio_finance' for task execution.
[2026-02-07T00:47:21.365+0000] {connection_wrapper.py:384} INFO - AWS Connection (conn_id='minio_finance', conn_type='aws') credentials retrieved from login and password.
[2026-02-07T00:47:22.810+0000] {logging_mixin.py:188} INFO - ✓ Read 29 rows from electric_board_per_day/2026-02-04/batch_11.csv
[2026-02-07T00:47:22.820+0000] {base.py:84} INFO - Using connection ID 'minio_finance' for task execution.
[2026-02-07T00:47:22.822+0000] {connection_wrapper.py:384} INFO - AWS Connection (conn_id='minio_finance', conn_type='aws') credentials retrieved from login and password.
[2026-02-07T00:47:23.026+0000] {logging_mixin.py:188} INFO - ✓ Read 30 rows from electric_board_per_day/2026-02-04/batch_12.csv
[2026-02-07T00:47:23.039+0000] {base.py:84} INFO - Using connection ID 'minio_finance' for task execution.
[2026-02-07T00:47:23.048+0000] {connection_wrapper.py:384} INFO - AWS Connection (conn_id='minio_finance', conn_type='aws') credentials retrieved from login and password.
[2026-02-07T00:47:23.248+0000] {logging_mixin.py:188} INFO - ✓ Read 37 rows from electric_board_per_day/2026-02-04/batch_13.csv
[2026-02-07T00:47:23.274+0000] {base.py:84} INFO - Using connection ID 'minio_finance' for task execution.
[2026-02-07T00:47:23.277+0000] {connection_wrapper.py:384} INFO - AWS Connection (conn_id='minio_finance', conn_type='aws') credentials retrieved from login and password.
[2026-02-07T00:47:23.463+0000] {logging_mixin.py:188} INFO - ✓ Read 35 rows from electric_board_per_day/2026-02-04/batch_14.csv
[2026-02-07T00:47:23.474+0000] {base.py:84} INFO - Using connection ID 'minio_finance' for task execution.
[2026-02-07T00:47:23.476+0000] {connection_wrapper.py:384} INFO - AWS Connection (conn_id='minio_finance', conn_type='aws') credentials retrieved from login and password.
[2026-02-07T00:47:23.654+0000] {logging_mixin.py:188} INFO - ✓ Read 33 rows from electric_board_per_day/2026-02-04/batch_15.csv
[2026-02-07T00:47:23.665+0000] {base.py:84} INFO - Using connection ID 'minio_finance' for task execution.
[2026-02-07T00:47:23.667+0000] {connection_wrapper.py:384} INFO - AWS Connection (conn_id='minio_finance', conn_type='aws') credentials retrieved from login and password.
[2026-02-07T00:47:23.887+0000] {logging_mixin.py:188} INFO - ✓ Read 39 rows from electric_board_per_day/2026-02-04/batch_16.csv
[2026-02-07T00:47:23.903+0000] {base.py:84} INFO - Using connection ID 'minio_finance' for task execution.
[2026-02-07T00:47:23.904+0000] {connection_wrapper.py:384} INFO - AWS Connection (conn_id='minio_finance', conn_type='aws') credentials retrieved from login and password.
[2026-02-07T00:47:24.078+0000] {logging_mixin.py:188} INFO - ✓ Read 35 rows from electric_board_per_day/2026-02-04/batch_17.csv
[2026-02-07T00:47:24.088+0000] {base.py:84} INFO - Using connection ID 'minio_finance' for task execution.
[2026-02-07T00:47:24.090+0000] {connection_wrapper.py:384} INFO - AWS Connection (conn_id='minio_finance', conn_type='aws') credentials retrieved from login and password.
[2026-02-07T00:47:24.282+0000] {logging_mixin.py:188} INFO - ✓ Read 26 rows from electric_board_per_day/2026-02-04/batch_18.csv
[2026-02-07T00:47:24.292+0000] {base.py:84} INFO - Using connection ID 'minio_finance' for task execution.
[2026-02-07T00:47:24.293+0000] {connection_wrapper.py:384} INFO - AWS Connection (conn_id='minio_finance', conn_type='aws') credentials retrieved from login and password.
[2026-02-07T00:47:24.459+0000] {logging_mixin.py:188} INFO - ✓ Read 30 rows from electric_board_per_day/2026-02-04/batch_19.csv
[2026-02-07T00:47:24.468+0000] {base.py:84} INFO - Using connection ID 'minio_finance' for task execution.
[2026-02-07T00:47:24.469+0000] {connection_wrapper.py:384} INFO - AWS Connection (conn_id='minio_finance', conn_type='aws') credentials retrieved from login and password.
[2026-02-07T00:47:24.653+0000] {logging_mixin.py:188} INFO - ✓ Read 31 rows from electric_board_per_day/2026-02-04/batch_2.csv
[2026-02-07T00:47:24.666+0000] {base.py:84} INFO - Using connection ID 'minio_finance' for task execution.
[2026-02-07T00:47:24.671+0000] {connection_wrapper.py:384} INFO - AWS Connection (conn_id='minio_finance', conn_type='aws') credentials retrieved from login and password.
[2026-02-07T00:47:24.978+0000] {logging_mixin.py:188} INFO - ✓ Read 31 rows from electric_board_per_day/2026-02-04/batch_21.csv
[2026-02-07T00:47:24.993+0000] {base.py:84} INFO - Using connection ID 'minio_finance' for task execution.
[2026-02-07T00:47:24.995+0000] {connection_wrapper.py:384} INFO - AWS Connection (conn_id='minio_finance', conn_type='aws') credentials retrieved from login and password.
[2026-02-07T00:47:25.234+0000] {logging_mixin.py:188} INFO - ✓ Read 30 rows from electric_board_per_day/2026-02-04/batch_22.csv
[2026-02-07T00:47:25.244+0000] {base.py:84} INFO - Using connection ID 'minio_finance' for task execution.
[2026-02-07T00:47:25.245+0000] {connection_wrapper.py:384} INFO - AWS Connection (conn_id='minio_finance', conn_type='aws') credentials retrieved from login and password.
[2026-02-07T00:47:25.423+0000] {logging_mixin.py:188} INFO - ✓ Read 34 rows from electric_board_per_day/2026-02-04/batch_23.csv
[2026-02-07T00:47:25.431+0000] {base.py:84} INFO - Using connection ID 'minio_finance' for task execution.
[2026-02-07T00:47:25.432+0000] {connection_wrapper.py:384} INFO - AWS Connection (conn_id='minio_finance', conn_type='aws') credentials retrieved from login and password.
[2026-02-07T00:47:26.091+0000] {logging_mixin.py:188} INFO - ✓ Read 36 rows from electric_board_per_day/2026-02-04/batch_24.csv
[2026-02-07T00:47:26.108+0000] {base.py:84} INFO - Using connection ID 'minio_finance' for task execution.
[2026-02-07T00:47:26.110+0000] {connection_wrapper.py:384} INFO - AWS Connection (conn_id='minio_finance', conn_type='aws') credentials retrieved from login and password.
[2026-02-07T00:47:26.242+0000] {logging_mixin.py:188} INFO - ✓ Read 32 rows from electric_board_per_day/2026-02-04/batch_25.csv
[2026-02-07T00:47:26.252+0000] {base.py:84} INFO - Using connection ID 'minio_finance' for task execution.
[2026-02-07T00:47:26.253+0000] {connection_wrapper.py:384} INFO - AWS Connection (conn_id='minio_finance', conn_type='aws') credentials retrieved from login and password.
[2026-02-07T00:47:26.376+0000] {logging_mixin.py:188} INFO - ✓ Read 33 rows from electric_board_per_day/2026-02-04/batch_26.csv
[2026-02-07T00:47:26.386+0000] {base.py:84} INFO - Using connection ID 'minio_finance' for task execution.
[2026-02-07T00:47:26.387+0000] {connection_wrapper.py:384} INFO - AWS Connection (conn_id='minio_finance', conn_type='aws') credentials retrieved from login and password.
[2026-02-07T00:47:26.509+0000] {logging_mixin.py:188} INFO - ✓ Read 34 rows from electric_board_per_day/2026-02-04/batch_28.csv
[2026-02-07T00:47:26.519+0000] {base.py:84} INFO - Using connection ID 'minio_finance' for task execution.
[2026-02-07T00:47:26.520+0000] {connection_wrapper.py:384} INFO - AWS Connection (conn_id='minio_finance', conn_type='aws') credentials retrieved from login and password.
[2026-02-07T00:47:26.659+0000] {logging_mixin.py:188} INFO - ✓ Read 40 rows from electric_board_per_day/2026-02-04/batch_29.csv
[2026-02-07T00:47:26.668+0000] {base.py:84} INFO - Using connection ID 'minio_finance' for task execution.
[2026-02-07T00:47:26.668+0000] {connection_wrapper.py:384} INFO - AWS Connection (conn_id='minio_finance', conn_type='aws') credentials retrieved from login and password.
[2026-02-07T00:47:26.804+0000] {logging_mixin.py:188} INFO - ✓ Read 29 rows from electric_board_per_day/2026-02-04/batch_30.csv
[2026-02-07T00:47:26.815+0000] {base.py:84} INFO - Using connection ID 'minio_finance' for task execution.
[2026-02-07T00:47:26.817+0000] {connection_wrapper.py:384} INFO - AWS Connection (conn_id='minio_finance', conn_type='aws') credentials retrieved from login and password.
[2026-02-07T00:47:26.960+0000] {logging_mixin.py:188} INFO - ✓ Read 38 rows from electric_board_per_day/2026-02-04/batch_31.csv
[2026-02-07T00:47:26.968+0000] {base.py:84} INFO - Using connection ID 'minio_finance' for task execution.
[2026-02-07T00:47:26.969+0000] {connection_wrapper.py:384} INFO - AWS Connection (conn_id='minio_finance', conn_type='aws') credentials retrieved from login and password.
[2026-02-07T00:47:27.108+0000] {logging_mixin.py:188} INFO - ✓ Read 33 rows from electric_board_per_day/2026-02-04/batch_32.csv
[2026-02-07T00:47:27.121+0000] {base.py:84} INFO - Using connection ID 'minio_finance' for task execution.
[2026-02-07T00:47:27.122+0000] {connection_wrapper.py:384} INFO - AWS Connection (conn_id='minio_finance', conn_type='aws') credentials retrieved from login and password.
[2026-02-07T00:47:27.253+0000] {logging_mixin.py:188} INFO - ✓ Read 29 rows from electric_board_per_day/2026-02-04/batch_34.csv
[2026-02-07T00:47:27.263+0000] {base.py:84} INFO - Using connection ID 'minio_finance' for task execution.
[2026-02-07T00:47:27.264+0000] {connection_wrapper.py:384} INFO - AWS Connection (conn_id='minio_finance', conn_type='aws') credentials retrieved from login and password.
[2026-02-07T00:47:27.498+0000] {logging_mixin.py:188} INFO - ✓ Read 34 rows from electric_board_per_day/2026-02-04/batch_4.csv
[2026-02-07T00:47:27.505+0000] {base.py:84} INFO - Using connection ID 'minio_finance' for task execution.
[2026-02-07T00:47:27.506+0000] {connection_wrapper.py:384} INFO - AWS Connection (conn_id='minio_finance', conn_type='aws') credentials retrieved from login and password.
[2026-02-07T00:47:27.623+0000] {logging_mixin.py:188} INFO - ✓ Read 34 rows from electric_board_per_day/2026-02-04/batch_5.csv
[2026-02-07T00:47:27.630+0000] {base.py:84} INFO - Using connection ID 'minio_finance' for task execution.
[2026-02-07T00:47:27.631+0000] {connection_wrapper.py:384} INFO - AWS Connection (conn_id='minio_finance', conn_type='aws') credentials retrieved from login and password.
[2026-02-07T00:47:27.768+0000] {logging_mixin.py:188} INFO - ✓ Read 32 rows from electric_board_per_day/2026-02-04/batch_7.csv
[2026-02-07T00:47:27.776+0000] {base.py:84} INFO - Using connection ID 'minio_finance' for task execution.
[2026-02-07T00:47:27.777+0000] {connection_wrapper.py:384} INFO - AWS Connection (conn_id='minio_finance', conn_type='aws') credentials retrieved from login and password.
[2026-02-07T00:47:27.899+0000] {logging_mixin.py:188} INFO - ✓ Read 29 rows from electric_board_per_day/2026-02-04/batch_8.csv
[2026-02-07T00:47:27.907+0000] {base.py:84} INFO - Using connection ID 'minio_finance' for task execution.
[2026-02-07T00:47:27.909+0000] {connection_wrapper.py:384} INFO - AWS Connection (conn_id='minio_finance', conn_type='aws') credentials retrieved from login and password.
[2026-02-07T00:47:28.501+0000] {logging_mixin.py:188} INFO - ✓ Read 38 rows from electric_board_per_day/2026-02-04/batch_9.csv
[2026-02-07T00:47:28.506+0000] {logging_mixin.py:188} INFO - ✓ Concatenated 29 files into 961 total rows
[2026-02-07T00:47:28.507+0000] {logging_mixin.py:188} INFO - Loaded 961 rows
[2026-02-07T00:47:28.508+0000] {logging_mixin.py:188} INFO - 
[3/4] Transforming data...
[2026-02-07T00:47:28.533+0000] {logging_mixin.py:188} INFO - After cleaning: 961 rows
[2026-02-07T00:47:28.534+0000] {logging_mixin.py:188} INFO - 
[4/4] Inserting into database...
[2026-02-07T00:47:28.542+0000] {logging_mixin.py:188} INFO - ✓ Schema hethong_phantich_chungkhoan ensured
[2026-02-07T00:47:28.547+0000] {logging_mixin.py:188} INFO - ✓ Table hethong_phantich_chungkhoan.electric_board ensured
[2026-02-07T00:47:28.792+0000] {logging_mixin.py:188} INFO - ❌ Error: there is no unique or exclusion constraint matching the ON CONFLICT specification
[2026-02-07T00:47:28.793+0000] {taskinstance.py:441} INFO - ::group::Post task execution logs
[2026-02-07T00:47:28.794+0000] {taskinstance.py:2905} ERROR - Task failed with exception
Traceback (most recent call last):
  File "/home/airflow/.local/lib/python3.12/site-packages/airflow/models/taskinstance.py", line 465, in _execute_task
    result = _execute_callable(context=context, **execute_callable_kwargs)
             ^^^^^^^^^^^^^^^^^^^^^^^^^^^^^^^^^^^^^^^^^^^^^^^^^^^^^^^^^^^^^
  File "/home/airflow/.local/lib/python3.12/site-packages/airflow/models/taskinstance.py", line 432, in _execute_callable
    return execute_callable(context=context, **execute_callable_kwargs)
           ^^^^^^^^^^^^^^^^^^^^^^^^^^^^^^^^^^^^^^^^^^^^^^^^^^^^^^^^^^^^
  File "/home/airflow/.local/lib/python3.12/site-packages/airflow/models/baseoperator.py", line 401, in wrapper
    return func(self, *args, **kwargs)
           ^^^^^^^^^^^^^^^^^^^^^^^^^^^
  File "/home/airflow/.local/lib/python3.12/site-packages/airflow/decorators/base.py", line 265, in execute
    return_value = super().execute(context)
                   ^^^^^^^^^^^^^^^^^^^^^^^^
  File "/home/airflow/.local/lib/python3.12/site-packages/airflow/models/baseoperator.py", line 401, in wrapper
    return func(self, *args, **kwargs)
           ^^^^^^^^^^^^^^^^^^^^^^^^^^^
  File "/home/airflow/.local/lib/python3.12/site-packages/airflow/operators/python.py", line 235, in execute
    return_value = self.execute_callable()
                   ^^^^^^^^^^^^^^^^^^^^^^^
  File "/home/airflow/.local/lib/python3.12/site-packages/airflow/operators/python.py", line 252, in execute_callable
    return self.python_callable(*self.op_args, **self.op_kwargs)
           ^^^^^^^^^^^^^^^^^^^^^^^^^^^^^^^^^^^^^^^^^^^^^^^^^^^^^
  File "/opt/airflow/dags/minio_to_db_sync.py", line 147, in task_sync_electric_board
    return sync_electric_board_to_db(
           ^^^^^^^^^^^^^^^^^^^^^^^^^^
  File "/opt/airflow/plugins/lake_to_dwh/sync_electric_board.py", line 235, in sync_electric_board_to_db
    execute_values(cur, upsert_sql, rows, page_size=1000)
  File "/home/airflow/.local/lib/python3.12/site-packages/psycopg2/extras.py", line 1299, in execute_values
    cur.execute(b''.join(parts))
psycopg2.errors.InvalidColumnReference: there is no unique or exclusion constraint matching the ON CONFLICT specification

[2026-02-07T00:47:28.808+0000] {taskinstance.py:1206} INFO - Marking task as UP_FOR_RETRY. dag_id=minio_to_db_sync, task_id=sync_electric_board, run_id=scheduled__2026-02-05T03:00:00+00:00, execution_date=20260205T030000, start_date=20260207T004635, end_date=20260207T004728
[2026-02-07T00:47:28.841+0000] {standard_task_runner.py:110} ERROR - Failed to execute job 18758 for task sync_electric_board (there is no unique or exclusion constraint matching the ON CONFLICT specification
; 261)
[2026-02-07T00:47:28.917+0000] {local_task_job_runner.py:243} INFO - Task exited with return code 1
[2026-02-07T00:47:28.987+0000] {taskinstance.py:3503} INFO - 0 downstream tasks scheduled from follow-on schedule check
[2026-02-07T00:47:28.995+0000] {local_task_job_runner.py:222} INFO - ::endgroup::
