[2026-01-20T09:24:32.370+0000] {local_task_job_runner.py:120} INFO - ::group::Pre task execution logs
[2026-01-20T09:24:32.394+0000] {taskinstance.py:2076} INFO - Dependencies all met for dep_context=non-requeueable deps ti=<TaskInstance: daily_price_minio.ingest_daily_price scheduled__2026-01-16T16:00:00+00:00 map_index=34 [queued]>
[2026-01-20T09:24:32.408+0000] {taskinstance.py:2076} INFO - Dependencies all met for dep_context=requeueable deps ti=<TaskInstance: daily_price_minio.ingest_daily_price scheduled__2026-01-16T16:00:00+00:00 map_index=34 [queued]>
[2026-01-20T09:24:32.409+0000] {taskinstance.py:2306} INFO - Starting attempt 1 of 2
[2026-01-20T09:24:32.443+0000] {taskinstance.py:2330} INFO - Executing <Mapped(DfToCsvOperator): ingest_daily_price> on 2026-01-16 16:00:00+00:00
[2026-01-20T09:24:32.455+0000] {warnings.py:112} WARNING - This process (pid=841) is multi-threaded, use of fork() may lead to deadlocks in the child.

[2026-01-20T09:24:32.457+0000] {standard_task_runner.py:64} INFO - Started process 891 to run task
[2026-01-20T09:24:32.460+0000] {standard_task_runner.py:90} INFO - Running: ['***', 'tasks', 'run', 'daily_price_minio', 'ingest_daily_price', 'scheduled__2026-01-16T16:00:00+00:00', '--job-id', '3570', '--raw', '--subdir', 'DAGS_FOLDER/daily_price_minio.py', '--cfg-path', '/tmp/tmphxgdpkrv', '--map-index', '34']
[2026-01-20T09:24:32.463+0000] {standard_task_runner.py:91} INFO - Job 3570: Subtask ingest_daily_price
[2026-01-20T09:24:32.528+0000] {task_command.py:426} INFO - Running <TaskInstance: daily_price_minio.ingest_daily_price scheduled__2026-01-16T16:00:00+00:00 map_index=34 [running]> on host f3a0488ef72d
[2026-01-20T09:24:32.658+0000] {taskinstance.py:2648} INFO - Exporting env vars: AIRFLOW_CTX_DAG_OWNER='***' AIRFLOW_CTX_DAG_ID='daily_price_minio' AIRFLOW_CTX_TASK_ID='ingest_daily_price' AIRFLOW_CTX_EXECUTION_DATE='2026-01-16T16:00:00+00:00' AIRFLOW_CTX_TRY_NUMBER='1' AIRFLOW_CTX_DAG_RUN_ID='scheduled__2026-01-16T16:00:00+00:00'
[2026-01-20T09:24:32.660+0000] {taskinstance.py:430} INFO - ::endgroup::
[2026-01-20T09:24:35.979+0000] {base.py:84} INFO - Using connection ID 'minio_finance' for task execution.
[2026-01-20T09:24:35.980+0000] {connection_wrapper.py:384} INFO - AWS Connection (conn_id='minio_finance', conn_type='aws') credentials retrieved from login and password.
[2026-01-20T09:24:37.078+0000] {datalake_df2csv.py:52} INFO - ✅ Đã upload 10 dòng -> s3://thongtin-congty-va-bctc/daily_price/2026-01-16/batch_34.csv
[2026-01-20T09:24:37.081+0000] {taskinstance.py:441} INFO - ::group::Post task execution logs
[2026-01-20T09:24:37.106+0000] {taskinstance.py:1206} INFO - Marking task as SUCCESS. dag_id=daily_price_minio, task_id=ingest_daily_price, run_id=scheduled__2026-01-16T16:00:00+00:00, map_index=34, execution_date=20260116T160000, start_date=20260120T092432, end_date=20260120T092437
[2026-01-20T09:24:37.176+0000] {local_task_job_runner.py:243} INFO - Task exited with return code 0
[2026-01-20T09:24:37.225+0000] {taskinstance.py:3503} INFO - 0 downstream tasks scheduled from follow-on schedule check
[2026-01-20T09:24:37.233+0000] {local_task_job_runner.py:222} INFO - ::endgroup::
