[2026-03-07T02:51:19.751+0000] {local_task_job_runner.py:120} INFO - ::group::Pre task execution logs
[2026-03-07T02:51:19.781+0000] {taskinstance.py:2076} INFO - Dependencies all met for dep_context=non-requeueable deps ti=<TaskInstance: daily_price.ingest_daily_price scheduled__2026-03-05T16:00:00+00:00 map_index=124 [queued]>
[2026-03-07T02:51:19.805+0000] {taskinstance.py:2076} INFO - Dependencies all met for dep_context=requeueable deps ti=<TaskInstance: daily_price.ingest_daily_price scheduled__2026-03-05T16:00:00+00:00 map_index=124 [queued]>
[2026-03-07T02:51:19.805+0000] {taskinstance.py:2306} INFO - Starting attempt 1 of 2
[2026-03-07T02:51:19.827+0000] {taskinstance.py:2330} INFO - Executing <Mapped(DfToCsvOperator): ingest_daily_price> on 2026-03-05 16:00:00+00:00
[2026-03-07T02:51:19.838+0000] {warnings.py:112} WARNING - This process (pid=1514) is multi-threaded, use of fork() may lead to deadlocks in the child.

[2026-03-07T02:51:19.839+0000] {standard_task_runner.py:64} INFO - Started process 1596 to run task
[2026-03-07T02:51:19.841+0000] {standard_task_runner.py:90} INFO - Running: ['***', 'tasks', 'run', 'daily_price', 'ingest_daily_price', 'scheduled__2026-03-05T16:00:00+00:00', '--job-id', '30814', '--raw', '--subdir', 'DAGS_FOLDER/dl_dailly_price.py', '--cfg-path', '/tmp/tmpx7c6kprj', '--map-index', '124']
[2026-03-07T02:51:19.844+0000] {standard_task_runner.py:91} INFO - Job 30814: Subtask ingest_daily_price
[2026-03-07T02:51:19.896+0000] {task_command.py:426} INFO - Running <TaskInstance: daily_price.ingest_daily_price scheduled__2026-03-05T16:00:00+00:00 map_index=124 [running]> on host 037753ebc487
[2026-03-07T02:51:20.243+0000] {taskinstance.py:2648} INFO - Exporting env vars: AIRFLOW_CTX_DAG_OWNER='***' AIRFLOW_CTX_DAG_ID='daily_price' AIRFLOW_CTX_TASK_ID='ingest_daily_price' AIRFLOW_CTX_EXECUTION_DATE='2026-03-05T16:00:00+00:00' AIRFLOW_CTX_TRY_NUMBER='1' AIRFLOW_CTX_DAG_RUN_ID='scheduled__2026-03-05T16:00:00+00:00'
[2026-03-07T02:51:20.244+0000] {taskinstance.py:430} INFO - ::endgroup::
[2026-03-07T02:51:20.245+0000] {datalake_df2csv.py:40} INFO - ================================================================================
[2026-03-07T02:51:20.246+0000] {datalake_df2csv.py:41} INFO - 🚀 BẮT ĐẦU TASK: ingest_daily_price
[2026-03-07T02:51:20.246+0000] {datalake_df2csv.py:42} INFO - ================================================================================
[2026-03-07T02:51:20.247+0000] {datalake_df2csv.py:43} INFO - 📋 Thông tin cấu hình:
[2026-03-07T02:51:20.247+0000] {datalake_df2csv.py:44} INFO -   - Logic file: history_price
[2026-03-07T02:51:20.247+0000] {datalake_df2csv.py:45} INFO -   - DataFrame name: get_history_price_batch
[2026-03-07T02:51:20.248+0000] {datalake_df2csv.py:46} INFO -   - Bucket: thongtin-congty-va-bctc
[2026-03-07T02:51:20.248+0000] {datalake_df2csv.py:47} INFO -   - Object path: daily_price/2026-03-05/batch_124.csv
[2026-03-07T02:51:20.248+0000] {datalake_df2csv.py:48} INFO -   - Connection ID: minio_finance
[2026-03-07T02:51:20.249+0000] {datalake_df2csv.py:49} INFO -   - Tham số truyền vào: {'symbols': ['DSP', 'BHN', 'NVP', 'VFS', 'CAP'], 'start_date': '2026-03-05', 'end_date': '2026-03-06'}
[2026-03-07T02:51:20.249+0000] {datalake_df2csv.py:50} INFO - --------------------------------------------------------------------------------
[2026-03-07T02:51:20.250+0000] {datalake_df2csv.py:54} INFO - 📥 Bước 1: Đang load dữ liệu từ logic file...
[2026-03-07T02:51:20.253+0000] {datalake_df2csv.py:148} INFO -   - Logic directory: /opt/airflow/plugins/logic
[2026-03-07T02:51:20.254+0000] {datalake_df2csv.py:149} INFO -   - Module path: /opt/airflow/plugins/logic/history_price.py
[2026-03-07T02:51:20.254+0000] {datalake_df2csv.py:153} INFO -   - Đã thêm logic directory vào sys.path
[2026-03-07T02:51:20.255+0000] {datalake_df2csv.py:159} INFO -   - Đang load module 'history_price'...
[2026-03-07T02:51:20.259+0000] {datalake_df2csv.py:163} INFO -   - ✅ Module loaded thành công
[2026-03-07T02:51:20.260+0000] {datalake_df2csv.py:165} INFO -   - Đang tìm DataFrame/function: 'get_history_price_batch'...
[2026-03-07T02:51:20.260+0000] {datalake_df2csv.py:170} INFO -   - ✅ Tìm thấy object: function
[2026-03-07T02:51:20.261+0000] {datalake_df2csv.py:173} INFO -   - Đang gọi function với tham số: {'symbols': ['DSP', 'BHN', 'NVP', 'VFS', 'CAP'], 'start_date': '2026-03-05', 'end_date': '2026-03-06'}
[2026-03-07T02:51:27.980+0000] {datalake_df2csv.py:68} INFO - ✅ Load dữ liệu thành công!
[2026-03-07T02:51:27.980+0000] {datalake_df2csv.py:69} INFO - 📊 Thông tin DataFrame:
[2026-03-07T02:51:27.981+0000] {datalake_df2csv.py:70} INFO -   - Số dòng: 15
[2026-03-07T02:51:27.982+0000] {datalake_df2csv.py:71} INFO -   - Số cột: 7
[2026-03-07T02:51:27.982+0000] {datalake_df2csv.py:72} INFO -   - Tên các cột: ['ticker', 'trading_date', 'open', 'high', 'low', 'close', 'volume']
[2026-03-07T02:51:27.983+0000] {datalake_df2csv.py:73} INFO -   - Kiểu dữ liệu: {'ticker': 'object', 'trading_date': 'object', 'open': 'float64', 'high': 'float64', 'low': 'float64', 'close': 'float64', 'volume': 'int64'}
[2026-03-07T02:51:27.987+0000] {datalake_df2csv.py:74} INFO -   - Bộ nhớ sử dụng: 0.00 MB
[2026-03-07T02:51:27.990+0000] {datalake_df2csv.py:83} INFO -   - Không có giá trị NULL
[2026-03-07T02:51:27.990+0000] {datalake_df2csv.py:86} INFO -   - Mẫu dữ liệu (5 dòng đầu):
[2026-03-07T02:51:27.991+0000] {datalake_df2csv.py:88} INFO -     Row 0: {'ticker': 'DSP', 'trading_date': '2026-03-02', 'open': 12.0, 'high': 12.0, 'low': 12.0, 'close': 12.0, 'volume': 100}
[2026-03-07T02:51:27.992+0000] {datalake_df2csv.py:88} INFO -     Row 1: {'ticker': 'DSP', 'trading_date': '2026-03-05', 'open': 12.0, 'high': 12.0, 'low': 12.0, 'close': 12.0, 'volume': 1400}
[2026-03-07T02:51:27.993+0000] {datalake_df2csv.py:88} INFO -     Row 2: {'ticker': 'DSP', 'trading_date': '2026-03-06', 'open': 12.5, 'high': 12.5, 'low': 12.5, 'close': 12.5, 'volume': 500}
[2026-03-07T02:51:27.994+0000] {datalake_df2csv.py:88} INFO -     Row 3: {'ticker': 'BHN', 'trading_date': '2026-03-04', 'open': 31.45, 'high': 31.5, 'low': 31.0, 'close': 31.45, 'volume': 1900}
[2026-03-07T02:51:27.994+0000] {datalake_df2csv.py:88} INFO -     Row 4: {'ticker': 'BHN', 'trading_date': '2026-03-05', 'open': 30.35, 'high': 31.55, 'low': 30.35, 'close': 31.5, 'volume': 2000}
[2026-03-07T02:51:27.995+0000] {datalake_df2csv.py:90} INFO - --------------------------------------------------------------------------------
[2026-03-07T02:51:27.996+0000] {datalake_df2csv.py:93} INFO - 📝 Bước 2: Đang chuyển đổi DataFrame sang CSV...
[2026-03-07T02:51:28.000+0000] {datalake_df2csv.py:97} INFO - ✅ Chuyển đổi CSV thành công!
[2026-03-07T02:51:28.001+0000] {datalake_df2csv.py:98} INFO -   - Kích thước file: 0.00 MB
[2026-03-07T02:51:28.001+0000] {datalake_df2csv.py:99} INFO -   - Thời gian chuyển đổi: 0.00 giây
[2026-03-07T02:51:28.002+0000] {datalake_df2csv.py:100} INFO - --------------------------------------------------------------------------------
[2026-03-07T02:51:28.002+0000] {datalake_df2csv.py:103} INFO - ☁️  Bước 3: Đang upload lên MinIO/S3...
[2026-03-07T02:51:28.014+0000] {base.py:84} INFO - Using connection ID 'minio_finance' for task execution.
[2026-03-07T02:51:28.015+0000] {connection_wrapper.py:384} INFO - AWS Connection (conn_id='minio_finance', conn_type='aws') credentials retrieved from login and password.
[2026-03-07T02:51:28.633+0000] {datalake_df2csv.py:112} INFO -   - Bucket 'thongtin-congty-va-bctc' đã tồn tại
[2026-03-07T02:51:28.678+0000] {datalake_df2csv.py:117} INFO - ✅ Upload thành công!
[2026-03-07T02:51:28.678+0000] {datalake_df2csv.py:118} INFO -   - Đường dẫn: s3://thongtin-congty-va-bctc/daily_price/2026-03-05/batch_124.csv
[2026-03-07T02:51:28.679+0000] {datalake_df2csv.py:119} INFO -   - Số dòng: 15
[2026-03-07T02:51:28.680+0000] {datalake_df2csv.py:120} INFO -   - Thời gian upload: 0.68 giây
[2026-03-07T02:51:28.680+0000] {datalake_df2csv.py:121} INFO - --------------------------------------------------------------------------------
[2026-03-07T02:51:28.681+0000] {datalake_df2csv.py:125} INFO - 📈 TỔNG KẾT:
[2026-03-07T02:51:28.681+0000] {datalake_df2csv.py:126} INFO -   - Tổng thời gian thực thi: 8.44 giây
[2026-03-07T02:51:28.681+0000] {datalake_df2csv.py:127} INFO -   - Tốc độ xử lý: 2 dòng/giây
[2026-03-07T02:51:28.682+0000] {datalake_df2csv.py:128} INFO - ================================================================================
[2026-03-07T02:51:28.682+0000] {datalake_df2csv.py:129} INFO - ✅ HOÀN THÀNH TASK: ingest_daily_price
[2026-03-07T02:51:28.683+0000] {datalake_df2csv.py:130} INFO - ================================================================================
[2026-03-07T02:51:28.684+0000] {taskinstance.py:441} INFO - ::group::Post task execution logs
[2026-03-07T02:51:28.697+0000] {taskinstance.py:1206} INFO - Marking task as SUCCESS. dag_id=daily_price, task_id=ingest_daily_price, run_id=scheduled__2026-03-05T16:00:00+00:00, map_index=124, execution_date=20260305T160000, start_date=20260307T025119, end_date=20260307T025128
[2026-03-07T02:51:28.781+0000] {local_task_job_runner.py:243} INFO - Task exited with return code 0
[2026-03-07T02:51:28.803+0000] {taskinstance.py:3503} INFO - 0 downstream tasks scheduled from follow-on schedule check
[2026-03-07T02:51:28.808+0000] {local_task_job_runner.py:222} INFO - ::endgroup::
