[2026-01-18T03:53:50.061+0000] {local_task_job_runner.py:120} INFO - ::group::Pre task execution logs
[2026-01-18T03:53:50.146+0000] {taskinstance.py:2076} INFO - Dependencies all met for dep_context=non-requeueable deps ti=<TaskInstance: financial_ratios_etl.ingest_financial_ratios scheduled__2026-01-11T02:00:00+00:00 map_index=865 [queued]>
[2026-01-18T03:53:50.206+0000] {taskinstance.py:2076} INFO - Dependencies all met for dep_context=requeueable deps ti=<TaskInstance: financial_ratios_etl.ingest_financial_ratios scheduled__2026-01-11T02:00:00+00:00 map_index=865 [queued]>
[2026-01-18T03:53:50.207+0000] {taskinstance.py:2306} INFO - Starting attempt 1 of 2
[2026-01-18T03:53:50.226+0000] {taskinstance.py:2330} INFO - Executing <Mapped(DfToCsvOperator): ingest_financial_ratios> on 2026-01-11 02:00:00+00:00
[2026-01-18T03:53:50.243+0000] {warnings.py:112} WARNING - This process (pid=16629) is multi-threaded, use of fork() may lead to deadlocks in the child.

[2026-01-18T03:53:50.246+0000] {standard_task_runner.py:64} INFO - Started process 16677 to run task
[2026-01-18T03:53:50.249+0000] {standard_task_runner.py:90} INFO - Running: ['***', 'tasks', 'run', 'financial_ratios_etl', 'ingest_financial_ratios', 'scheduled__2026-01-11T02:00:00+00:00', '--job-id', '2734', '--raw', '--subdir', 'DAGS_FOLDER/financial_ratios_etl.py', '--cfg-path', '/tmp/tmpdifwdqhz', '--map-index', '865']
[2026-01-18T03:53:50.254+0000] {standard_task_runner.py:91} INFO - Job 2734: Subtask ingest_financial_ratios
[2026-01-18T03:53:50.323+0000] {task_command.py:426} INFO - Running <TaskInstance: financial_ratios_etl.ingest_financial_ratios scheduled__2026-01-11T02:00:00+00:00 map_index=865 [running]> on host 5ae19da926ef
[2026-01-18T03:53:50.462+0000] {taskinstance.py:2648} INFO - Exporting env vars: AIRFLOW_CTX_DAG_OWNER='***' AIRFLOW_CTX_DAG_ID='financial_ratios_etl' AIRFLOW_CTX_TASK_ID='ingest_financial_ratios' AIRFLOW_CTX_EXECUTION_DATE='2026-01-11T02:00:00+00:00' AIRFLOW_CTX_TRY_NUMBER='1' AIRFLOW_CTX_DAG_RUN_ID='scheduled__2026-01-11T02:00:00+00:00'
[2026-01-18T03:53:50.464+0000] {taskinstance.py:430} INFO - ::endgroup::
[2026-01-18T03:53:50.473+0000] {logging_mixin.py:188} INFO - [RATIO] Bắt đầu xử lý batch 2 mã: ['AAH', 'AAA']
[2026-01-18T03:53:50.474+0000] {logging_mixin.py:188} INFO - [RATIO] Kỳ dữ liệu: quarter
[2026-01-18T03:53:50.475+0000] {logging_mixin.py:188} INFO -  >> [RATIO] Đang lấy dữ liệu: AAH
[2026-01-18T03:53:51.577+0000] {logging_mixin.py:188} INFO -  ✓ [RATIO] AAH: 8 rows
[2026-01-18T03:53:53.579+0000] {logging_mixin.py:188} INFO -  >> [RATIO] Đang lấy dữ liệu: AAA
[2026-01-18T03:53:54.592+0000] {logging_mixin.py:188} INFO -  ✓ [RATIO] AAA: 51 rows
[2026-01-18T03:53:56.596+0000] {logging_mixin.py:188} INFO -  ✅ [RATIO] Hoàn thành batch. Tổng số dòng: 59
[2026-01-18T03:53:56.614+0000] {base.py:84} INFO - Using connection ID 'minio_finance' for task execution.
[2026-01-18T03:53:56.615+0000] {connection_wrapper.py:384} INFO - AWS Connection (conn_id='minio_finance', conn_type='aws') credentials retrieved from login and password.
[2026-01-18T03:53:57.129+0000] {datalake_df2csv.py:52} INFO - ✅ Đã upload 59 dòng -> s3://thongtin-congty-va-bctc/financial_ratios/2026-01-11/batch_865.csv
[2026-01-18T03:53:57.130+0000] {taskinstance.py:441} INFO - ::group::Post task execution logs
[2026-01-18T03:53:57.139+0000] {taskinstance.py:1206} INFO - Marking task as SUCCESS. dag_id=financial_ratios_etl, task_id=ingest_financial_ratios, run_id=scheduled__2026-01-11T02:00:00+00:00, map_index=865, execution_date=20260111T020000, start_date=20260118T035350, end_date=20260118T035357
[2026-01-18T03:53:57.206+0000] {local_task_job_runner.py:243} INFO - Task exited with return code 0
[2026-01-18T03:53:57.221+0000] {taskinstance.py:3503} INFO - 0 downstream tasks scheduled from follow-on schedule check
[2026-01-18T03:53:57.225+0000] {local_task_job_runner.py:222} INFO - ::endgroup::
