[2026-02-04T15:39:45.830+0000] {local_task_job_runner.py:120} INFO - ::group::Pre task execution logs
[2026-02-04T15:39:45.939+0000] {taskinstance.py:2076} INFO - Dependencies all met for dep_context=non-requeueable deps ti=<TaskInstance: financial_ratios_minio.ingest_financial_ratios manual__2026-02-04T14:54:19+00:00 map_index=797 [queued]>
[2026-02-04T15:39:46.040+0000] {taskinstance.py:2076} INFO - Dependencies all met for dep_context=requeueable deps ti=<TaskInstance: financial_ratios_minio.ingest_financial_ratios manual__2026-02-04T14:54:19+00:00 map_index=797 [queued]>
[2026-02-04T15:39:46.041+0000] {taskinstance.py:2306} INFO - Starting attempt 1 of 2
[2026-02-04T15:39:46.073+0000] {taskinstance.py:2330} INFO - Executing <Mapped(DfToCsvOperator): ingest_financial_ratios> on 2026-02-04 14:54:19+00:00
[2026-02-04T15:39:46.090+0000] {warnings.py:112} WARNING - This process (pid=13251) is multi-threaded, use of fork() may lead to deadlocks in the child.

[2026-02-04T15:39:46.093+0000] {standard_task_runner.py:64} INFO - Started process 13370 to run task
[2026-02-04T15:39:46.096+0000] {standard_task_runner.py:90} INFO - Running: ['***', 'tasks', 'run', 'financial_ratios_minio', 'ingest_financial_ratios', 'manual__2026-02-04T14:54:19+00:00', '--job-id', '18049', '--raw', '--subdir', 'DAGS_FOLDER/dl_financial_ratios.py', '--cfg-path', '/tmp/tmpba20w5d9', '--map-index', '797']
[2026-02-04T15:39:46.101+0000] {standard_task_runner.py:91} INFO - Job 18049: Subtask ingest_financial_ratios
[2026-02-04T15:39:46.185+0000] {task_command.py:426} INFO - Running <TaskInstance: financial_ratios_minio.ingest_financial_ratios manual__2026-02-04T14:54:19+00:00 map_index=797 [running]> on host 918dbd497d34
[2026-02-04T15:39:46.396+0000] {taskinstance.py:2648} INFO - Exporting env vars: AIRFLOW_CTX_DAG_OWNER='***' AIRFLOW_CTX_DAG_ID='financial_ratios_minio' AIRFLOW_CTX_TASK_ID='ingest_financial_ratios' AIRFLOW_CTX_EXECUTION_DATE='2026-02-04T14:54:19+00:00' AIRFLOW_CTX_TRY_NUMBER='1' AIRFLOW_CTX_DAG_RUN_ID='manual__2026-02-04T14:54:19+00:00'
[2026-02-04T15:39:46.401+0000] {taskinstance.py:430} INFO - ::endgroup::
[2026-02-04T15:39:46.417+0000] {logging_mixin.py:188} INFO - [RATIO] Bắt đầu xử lý batch 2 mã: ['BQB', 'BPW']
[2026-02-04T15:39:46.418+0000] {logging_mixin.py:188} INFO - [RATIO] Kỳ dữ liệu: quarter
[2026-02-04T15:39:46.418+0000] {logging_mixin.py:188} INFO -  >> [RATIO] Đang lấy dữ liệu: BQB
[2026-02-04T15:39:47.400+0000] {logging_mixin.py:188} INFO -  ✓ [RATIO] BQB: 23 rows
[2026-02-04T15:39:49.406+0000] {logging_mixin.py:188} INFO -  >> [RATIO] Đang lấy dữ liệu: BPW
[2026-02-04T15:39:49.978+0000] {logging_mixin.py:188} INFO -  ❌ [RATIO] Lỗi xử lý mã BPW: 'NoneType' object is not subscriptable
[2026-02-04T15:39:49.982+0000] {logging_mixin.py:188} INFO -  ✅ [RATIO] Hoàn thành batch. Tổng số dòng: 23
[2026-02-04T15:39:50.013+0000] {base.py:84} INFO - Using connection ID 'minio_finance' for task execution.
[2026-02-04T15:39:50.014+0000] {connection_wrapper.py:384} INFO - AWS Connection (conn_id='minio_finance', conn_type='aws') credentials retrieved from login and password.
[2026-02-04T15:39:50.873+0000] {datalake_df2csv.py:52} INFO - ✅ Đã upload 23 dòng -> s3://thongtin-congty-va-bctc/financial_ratios/2026-02-04/batch_797.csv
[2026-02-04T15:39:50.874+0000] {taskinstance.py:441} INFO - ::group::Post task execution logs
[2026-02-04T15:39:50.892+0000] {taskinstance.py:1206} INFO - Marking task as SUCCESS. dag_id=financial_ratios_minio, task_id=ingest_financial_ratios, run_id=manual__2026-02-04T14:54:19+00:00, map_index=797, execution_date=20260204T145419, start_date=20260204T153945, end_date=20260204T153950
[2026-02-04T15:39:50.990+0000] {local_task_job_runner.py:243} INFO - Task exited with return code 0
[2026-02-04T15:39:51.017+0000] {taskinstance.py:3503} INFO - 0 downstream tasks scheduled from follow-on schedule check
[2026-02-04T15:39:51.021+0000] {local_task_job_runner.py:222} INFO - ::endgroup::
