[2026-01-27T14:56:33.626+0000] {local_task_job_runner.py:120} INFO - ::group::Pre task execution logs
[2026-01-27T14:56:33.645+0000] {taskinstance.py:2076} INFO - Dependencies all met for dep_context=non-requeueable deps ti=<TaskInstance: company_people_to_minio.people_minio scheduled__2026-01-18T00:00:00+00:00 map_index=27 [queued]>
[2026-01-27T14:56:33.656+0000] {taskinstance.py:2076} INFO - Dependencies all met for dep_context=requeueable deps ti=<TaskInstance: company_people_to_minio.people_minio scheduled__2026-01-18T00:00:00+00:00 map_index=27 [queued]>
[2026-01-27T14:56:33.656+0000] {taskinstance.py:2306} INFO - Starting attempt 1 of 2
[2026-01-27T14:56:33.775+0000] {taskinstance.py:2330} INFO - Executing <Mapped(DfToCsvOperator): people_minio> on 2026-01-18 00:00:00+00:00
[2026-01-27T14:56:33.785+0000] {warnings.py:112} WARNING - This process (pid=3503) is multi-threaded, use of fork() may lead to deadlocks in the child.

[2026-01-27T14:56:33.787+0000] {standard_task_runner.py:64} INFO - Started process 3571 to run task
[2026-01-27T14:56:33.789+0000] {standard_task_runner.py:90} INFO - Running: ['***', 'tasks', 'run', 'company_people_to_minio', 'people_minio', 'scheduled__2026-01-18T00:00:00+00:00', '--job-id', '7854', '--raw', '--subdir', 'DAGS_FOLDER/dl_people.py', '--cfg-path', '/tmp/tmp1id0sv9_', '--map-index', '27']
[2026-01-27T14:56:33.792+0000] {standard_task_runner.py:91} INFO - Job 7854: Subtask people_minio
[2026-01-27T14:56:33.841+0000] {task_command.py:426} INFO - Running <TaskInstance: company_people_to_minio.people_minio scheduled__2026-01-18T00:00:00+00:00 map_index=27 [running]> on host c05a814b0743
[2026-01-27T14:56:33.952+0000] {taskinstance.py:2648} INFO - Exporting env vars: AIRFLOW_CTX_DAG_OWNER='***' AIRFLOW_CTX_DAG_ID='company_people_to_minio' AIRFLOW_CTX_TASK_ID='people_minio' AIRFLOW_CTX_EXECUTION_DATE='2026-01-18T00:00:00+00:00' AIRFLOW_CTX_TRY_NUMBER='1' AIRFLOW_CTX_DAG_RUN_ID='scheduled__2026-01-18T00:00:00+00:00'
[2026-01-27T14:56:33.954+0000] {taskinstance.py:430} INFO - ::endgroup::
[2026-01-27T14:56:38.160+0000] {logging_mixin.py:188} INFO - officers SBG: RetryError[<Future at 0x7f1d13352060 state=finished raised KeyError>]
[2026-01-27T14:56:58.370+0000] {base.py:84} INFO - Using connection ID 'minio_finance' for task execution.
[2026-01-27T14:56:58.372+0000] {connection_wrapper.py:384} INFO - AWS Connection (conn_id='minio_finance', conn_type='aws') credentials retrieved from login and password.
[2026-01-27T14:56:59.068+0000] {datalake_df2csv.py:52} INFO - ✅ Đã upload 476 dòng -> s3://thongtin-congty-va-bctc/people/2026-01-18/batch_27.csv
[2026-01-27T14:56:59.069+0000] {taskinstance.py:441} INFO - ::group::Post task execution logs
[2026-01-27T14:56:59.079+0000] {taskinstance.py:1206} INFO - Marking task as SUCCESS. dag_id=company_people_to_minio, task_id=people_minio, run_id=scheduled__2026-01-18T00:00:00+00:00, map_index=27, execution_date=20260118T000000, start_date=20260127T145633, end_date=20260127T145659
[2026-01-27T14:56:59.153+0000] {local_task_job_runner.py:243} INFO - Task exited with return code 0
[2026-01-27T14:56:59.200+0000] {taskinstance.py:3503} INFO - 0 downstream tasks scheduled from follow-on schedule check
[2026-01-27T14:56:59.209+0000] {local_task_job_runner.py:222} INFO - ::endgroup::
