[2026-02-12T15:04:37.996+0000] {local_task_job_runner.py:120} INFO - ::group::Pre task execution logs
[2026-02-12T15:04:38.046+0000] {taskinstance.py:2076} INFO - Dependencies all met for dep_context=non-requeueable deps ti=<TaskInstance: daily_price_minio.ingest_daily_price scheduled__2026-02-10T16:00:00+00:00 map_index=68 [queued]>
[2026-02-12T15:04:38.072+0000] {taskinstance.py:2076} INFO - Dependencies all met for dep_context=requeueable deps ti=<TaskInstance: daily_price_minio.ingest_daily_price scheduled__2026-02-10T16:00:00+00:00 map_index=68 [queued]>
[2026-02-12T15:04:38.073+0000] {taskinstance.py:2306} INFO - Starting attempt 1 of 2
[2026-02-12T15:04:38.226+0000] {taskinstance.py:2330} INFO - Executing <Mapped(DfToCsvOperator): ingest_daily_price> on 2026-02-10 16:00:00+00:00
[2026-02-12T15:04:38.244+0000] {warnings.py:112} WARNING - This process (pid=8088) is multi-threaded, use of fork() may lead to deadlocks in the child.

[2026-02-12T15:04:38.248+0000] {standard_task_runner.py:64} INFO - Started process 8131 to run task
[2026-02-12T15:04:38.251+0000] {standard_task_runner.py:90} INFO - Running: ['***', 'tasks', 'run', 'daily_price_minio', 'ingest_daily_price', 'scheduled__2026-02-10T16:00:00+00:00', '--job-id', '21226', '--raw', '--subdir', 'DAGS_FOLDER/dl_dailly_price.py', '--cfg-path', '/tmp/tmpcsx5m5o0', '--map-index', '68']
[2026-02-12T15:04:38.256+0000] {standard_task_runner.py:91} INFO - Job 21226: Subtask ingest_daily_price
[2026-02-12T15:04:38.352+0000] {task_command.py:426} INFO - Running <TaskInstance: daily_price_minio.ingest_daily_price scheduled__2026-02-10T16:00:00+00:00 map_index=68 [running]> on host fe54ecce8de4
[2026-02-12T15:04:38.548+0000] {taskinstance.py:2648} INFO - Exporting env vars: AIRFLOW_CTX_DAG_OWNER='***' AIRFLOW_CTX_DAG_ID='daily_price_minio' AIRFLOW_CTX_TASK_ID='ingest_daily_price' AIRFLOW_CTX_EXECUTION_DATE='2026-02-10T16:00:00+00:00' AIRFLOW_CTX_TRY_NUMBER='1' AIRFLOW_CTX_DAG_RUN_ID='scheduled__2026-02-10T16:00:00+00:00'
[2026-02-12T15:04:38.551+0000] {taskinstance.py:430} INFO - ::endgroup::
[2026-02-12T15:04:38.553+0000] {datalake_df2csv.py:40} INFO - ================================================================================
[2026-02-12T15:04:38.553+0000] {datalake_df2csv.py:41} INFO - 🚀 BẮT ĐẦU TASK: ingest_daily_price
[2026-02-12T15:04:38.554+0000] {datalake_df2csv.py:42} INFO - ================================================================================
[2026-02-12T15:04:38.555+0000] {datalake_df2csv.py:43} INFO - 📋 Thông tin cấu hình:
[2026-02-12T15:04:38.555+0000] {datalake_df2csv.py:44} INFO -   - Logic file: history_price
[2026-02-12T15:04:38.556+0000] {datalake_df2csv.py:45} INFO -   - DataFrame name: get_history_price_batch
[2026-02-12T15:04:38.556+0000] {datalake_df2csv.py:46} INFO -   - Bucket: thongtin-congty-va-bctc
[2026-02-12T15:04:38.556+0000] {datalake_df2csv.py:47} INFO -   - Object path: daily_price/2026-02-10/batch_68.csv
[2026-02-12T15:04:38.557+0000] {datalake_df2csv.py:48} INFO -   - Connection ID: minio_finance
[2026-02-12T15:04:38.557+0000] {datalake_df2csv.py:49} INFO -   - Tham số truyền vào: {'symbols': ['MPY', 'SPV', 'BQP', 'PPC', 'DAG'], 'start_date': '2026-02-10', 'end_date': '2026-02-11'}
[2026-02-12T15:04:38.558+0000] {datalake_df2csv.py:50} INFO - --------------------------------------------------------------------------------
[2026-02-12T15:04:38.558+0000] {datalake_df2csv.py:54} INFO - 📥 Bước 1: Đang load dữ liệu từ logic file...
[2026-02-12T15:04:38.572+0000] {datalake_df2csv.py:148} INFO -   - Logic directory: /opt/airflow/plugins/logic
[2026-02-12T15:04:38.573+0000] {datalake_df2csv.py:149} INFO -   - Module path: /opt/airflow/plugins/logic/history_price.py
[2026-02-12T15:04:38.576+0000] {datalake_df2csv.py:153} INFO -   - Đã thêm logic directory vào sys.path
[2026-02-12T15:04:38.581+0000] {datalake_df2csv.py:159} INFO -   - Đang load module 'history_price'...
[2026-02-12T15:04:38.592+0000] {datalake_df2csv.py:163} INFO -   - ✅ Module loaded thành công
[2026-02-12T15:04:38.592+0000] {datalake_df2csv.py:165} INFO -   - Đang tìm DataFrame/function: 'get_history_price_batch'...
[2026-02-12T15:04:38.593+0000] {datalake_df2csv.py:170} INFO -   - ✅ Tìm thấy object: function
[2026-02-12T15:04:38.594+0000] {datalake_df2csv.py:173} INFO -   - Đang gọi function với tham số: {'symbols': ['MPY', 'SPV', 'BQP', 'PPC', 'DAG'], 'start_date': '2026-02-10', 'end_date': '2026-02-11'}
[2026-02-12T15:04:43.750+0000] {datalake_df2csv.py:68} INFO - ✅ Load dữ liệu thành công!
[2026-02-12T15:04:43.751+0000] {datalake_df2csv.py:69} INFO - 📊 Thông tin DataFrame:
[2026-02-12T15:04:43.751+0000] {datalake_df2csv.py:70} INFO -   - Số dòng: 20
[2026-02-12T15:04:43.752+0000] {datalake_df2csv.py:71} INFO -   - Số cột: 7
[2026-02-12T15:04:43.753+0000] {datalake_df2csv.py:72} INFO -   - Tên các cột: ['ticker', 'trading_date', 'open', 'high', 'low', 'close', 'volume']
[2026-02-12T15:04:43.754+0000] {datalake_df2csv.py:73} INFO -   - Kiểu dữ liệu: {'ticker': 'object', 'trading_date': 'object', 'open': 'float64', 'high': 'float64', 'low': 'float64', 'close': 'float64', 'volume': 'int64'}
[2026-02-12T15:04:43.758+0000] {datalake_df2csv.py:74} INFO -   - Bộ nhớ sử dụng: 0.00 MB
[2026-02-12T15:04:43.760+0000] {datalake_df2csv.py:83} INFO -   - Không có giá trị NULL
[2026-02-12T15:04:43.761+0000] {datalake_df2csv.py:86} INFO -   - Mẫu dữ liệu (5 dòng đầu):
[2026-02-12T15:04:43.762+0000] {datalake_df2csv.py:88} INFO -     Row 0: {'ticker': 'MPY', 'trading_date': '2025-12-24', 'open': 7.0, 'high': 7.0, 'low': 7.0, 'close': 7.0, 'volume': 100}
[2026-02-12T15:04:43.763+0000] {datalake_df2csv.py:88} INFO -     Row 1: {'ticker': 'MPY', 'trading_date': '2026-01-15', 'open': 6.3, 'high': 7.1, 'low': 6.3, 'close': 7.1, 'volume': 300}
[2026-02-12T15:04:43.766+0000] {datalake_df2csv.py:88} INFO -     Row 2: {'ticker': 'MPY', 'trading_date': '2026-01-29', 'open': 7.0, 'high': 7.0, 'low': 7.0, 'close': 7.0, 'volume': 1100}
[2026-02-12T15:04:43.767+0000] {datalake_df2csv.py:88} INFO -     Row 3: {'ticker': 'MPY', 'trading_date': '2026-01-30', 'open': 7.0, 'high': 7.0, 'low': 7.0, 'close': 7.0, 'volume': 1200}
[2026-02-12T15:04:43.768+0000] {datalake_df2csv.py:88} INFO -     Row 4: {'ticker': 'SPV', 'trading_date': '2026-01-30', 'open': 28.0, 'high': 28.1, 'low': 24.7, 'close': 24.7, 'volume': 3200}
[2026-02-12T15:04:43.768+0000] {datalake_df2csv.py:90} INFO - --------------------------------------------------------------------------------
[2026-02-12T15:04:43.769+0000] {datalake_df2csv.py:93} INFO - 📝 Bước 2: Đang chuyển đổi DataFrame sang CSV...
[2026-02-12T15:04:43.775+0000] {datalake_df2csv.py:97} INFO - ✅ Chuyển đổi CSV thành công!
[2026-02-12T15:04:43.775+0000] {datalake_df2csv.py:98} INFO -   - Kích thước file: 0.00 MB
[2026-02-12T15:04:43.776+0000] {datalake_df2csv.py:99} INFO -   - Thời gian chuyển đổi: 0.01 giây
[2026-02-12T15:04:43.777+0000] {datalake_df2csv.py:100} INFO - --------------------------------------------------------------------------------
[2026-02-12T15:04:43.777+0000] {datalake_df2csv.py:103} INFO - ☁️  Bước 3: Đang upload lên MinIO/S3...
[2026-02-12T15:04:43.799+0000] {base.py:84} INFO - Using connection ID 'minio_finance' for task execution.
[2026-02-12T15:04:43.803+0000] {connection_wrapper.py:384} INFO - AWS Connection (conn_id='minio_finance', conn_type='aws') credentials retrieved from login and password.
[2026-02-12T15:04:44.516+0000] {datalake_df2csv.py:112} INFO -   - Bucket 'thongtin-congty-va-bctc' đã tồn tại
[2026-02-12T15:04:44.573+0000] {datalake_df2csv.py:117} INFO - ✅ Upload thành công!
[2026-02-12T15:04:44.574+0000] {datalake_df2csv.py:118} INFO -   - Đường dẫn: s3://thongtin-congty-va-bctc/daily_price/2026-02-10/batch_68.csv
[2026-02-12T15:04:44.574+0000] {datalake_df2csv.py:119} INFO -   - Số dòng: 20
[2026-02-12T15:04:44.575+0000] {datalake_df2csv.py:120} INFO -   - Thời gian upload: 0.80 giây
[2026-02-12T15:04:44.576+0000] {datalake_df2csv.py:121} INFO - --------------------------------------------------------------------------------
[2026-02-12T15:04:44.576+0000] {datalake_df2csv.py:125} INFO - 📈 TỔNG KẾT:
[2026-02-12T15:04:44.577+0000] {datalake_df2csv.py:126} INFO -   - Tổng thời gian thực thi: 6.02 giây
[2026-02-12T15:04:44.577+0000] {datalake_df2csv.py:127} INFO -   - Tốc độ xử lý: 3 dòng/giây
[2026-02-12T15:04:44.578+0000] {datalake_df2csv.py:128} INFO - ================================================================================
[2026-02-12T15:04:44.578+0000] {datalake_df2csv.py:129} INFO - ✅ HOÀN THÀNH TASK: ingest_daily_price
[2026-02-12T15:04:44.578+0000] {datalake_df2csv.py:130} INFO - ================================================================================
[2026-02-12T15:04:44.579+0000] {taskinstance.py:441} INFO - ::group::Post task execution logs
[2026-02-12T15:04:44.594+0000] {taskinstance.py:1206} INFO - Marking task as SUCCESS. dag_id=daily_price_minio, task_id=ingest_daily_price, run_id=scheduled__2026-02-10T16:00:00+00:00, map_index=68, execution_date=20260210T160000, start_date=20260212T150438, end_date=20260212T150444
[2026-02-12T15:04:44.680+0000] {local_task_job_runner.py:243} INFO - Task exited with return code 0
[2026-02-12T15:04:44.703+0000] {taskinstance.py:3503} INFO - 0 downstream tasks scheduled from follow-on schedule check
[2026-02-12T15:04:44.705+0000] {local_task_job_runner.py:222} INFO - ::endgroup::
