[2026-01-24T08:56:26.487+0000] {local_task_job_runner.py:120} INFO - ::group::Pre task execution logs
[2026-01-24T08:56:26.545+0000] {taskinstance.py:2076} INFO - Dependencies all met for dep_context=non-requeueable deps ti=<TaskInstance: financial_ratios_etl.ingest_financial_ratios manual__2026-01-24T08:33:50+00:00 map_index=492 [queued]>
[2026-01-24T08:56:26.576+0000] {taskinstance.py:2076} INFO - Dependencies all met for dep_context=requeueable deps ti=<TaskInstance: financial_ratios_etl.ingest_financial_ratios manual__2026-01-24T08:33:50+00:00 map_index=492 [queued]>
[2026-01-24T08:56:26.577+0000] {taskinstance.py:2306} INFO - Starting attempt 1 of 2
[2026-01-24T08:56:26.591+0000] {taskinstance.py:2330} INFO - Executing <Mapped(DfToCsvOperator): ingest_financial_ratios> on 2026-01-24 08:33:50+00:00
[2026-01-24T08:56:26.601+0000] {warnings.py:112} WARNING - This process (pid=13530) is multi-threaded, use of fork() may lead to deadlocks in the child.

[2026-01-24T08:56:26.602+0000] {standard_task_runner.py:64} INFO - Started process 13562 to run task
[2026-01-24T08:56:26.604+0000] {standard_task_runner.py:90} INFO - Running: ['***', 'tasks', 'run', 'financial_ratios_etl', 'ingest_financial_ratios', 'manual__2026-01-24T08:33:50+00:00', '--job-id', '6770', '--raw', '--subdir', 'DAGS_FOLDER/dl_financial_ratios.py', '--cfg-path', '/tmp/tmpgsqxvdau', '--map-index', '492']
[2026-01-24T08:56:26.607+0000] {standard_task_runner.py:91} INFO - Job 6770: Subtask ingest_financial_ratios
[2026-01-24T08:56:26.656+0000] {task_command.py:426} INFO - Running <TaskInstance: financial_ratios_etl.ingest_financial_ratios manual__2026-01-24T08:33:50+00:00 map_index=492 [running]> on host 05b4b3a77fa2
[2026-01-24T08:56:26.762+0000] {taskinstance.py:2648} INFO - Exporting env vars: AIRFLOW_CTX_DAG_OWNER='***' AIRFLOW_CTX_DAG_ID='financial_ratios_etl' AIRFLOW_CTX_TASK_ID='ingest_financial_ratios' AIRFLOW_CTX_EXECUTION_DATE='2026-01-24T08:33:50+00:00' AIRFLOW_CTX_TRY_NUMBER='1' AIRFLOW_CTX_DAG_RUN_ID='manual__2026-01-24T08:33:50+00:00'
[2026-01-24T08:56:26.763+0000] {taskinstance.py:430} INFO - ::endgroup::
[2026-01-24T08:56:26.773+0000] {logging_mixin.py:188} INFO - [RATIO] Bắt đầu xử lý batch 2 mã: ['KHP', 'KHL']
[2026-01-24T08:56:26.774+0000] {logging_mixin.py:188} INFO - [RATIO] Kỳ dữ liệu: quarter
[2026-01-24T08:56:26.774+0000] {logging_mixin.py:188} INFO -  >> [RATIO] Đang lấy dữ liệu: KHP
[2026-01-24T08:56:26.910+0000] {logging_mixin.py:188} INFO -  ❌ [RATIO] Lỗi xử lý mã KHP: Failed to fetch data: 429 - Too Many Requests
[2026-01-24T08:56:26.911+0000] {logging_mixin.py:188} INFO -  >> [RATIO] Đang lấy dữ liệu: KHL
[2026-01-24T08:56:27.048+0000] {logging_mixin.py:188} INFO -  ❌ [RATIO] Lỗi xử lý mã KHL: Failed to fetch data: 429 - Too Many Requests
[2026-01-24T08:56:27.049+0000] {logging_mixin.py:188} INFO -  ⚠ [RATIO] Batch này không thu được dữ liệu nào.
[2026-01-24T08:56:27.051+0000] {datalake_df2csv.py:40} INFO - DataFrame rỗng, bỏ qua upload CSV.
[2026-01-24T08:56:27.052+0000] {taskinstance.py:441} INFO - ::group::Post task execution logs
[2026-01-24T08:56:27.061+0000] {taskinstance.py:1206} INFO - Marking task as SUCCESS. dag_id=financial_ratios_etl, task_id=ingest_financial_ratios, run_id=manual__2026-01-24T08:33:50+00:00, map_index=492, execution_date=20260124T083350, start_date=20260124T085626, end_date=20260124T085627
[2026-01-24T08:56:27.097+0000] {local_task_job_runner.py:243} INFO - Task exited with return code 0
[2026-01-24T08:56:27.112+0000] {taskinstance.py:3503} INFO - 0 downstream tasks scheduled from follow-on schedule check
[2026-01-24T08:56:27.124+0000] {local_task_job_runner.py:222} INFO - ::endgroup::
