[2026-01-15T13:49:07.061+0000] {local_task_job_runner.py:120} INFO - ::group::Pre task execution logs
[2026-01-15T13:49:07.088+0000] {taskinstance.py:2076} INFO - Dependencies all met for dep_context=non-requeueable deps ti=<TaskInstance: minio_to_db_sync.sync_global_index manual__2026-01-15T13:49:00.181990+00:00 [queued]>
[2026-01-15T13:49:07.100+0000] {taskinstance.py:2076} INFO - Dependencies all met for dep_context=requeueable deps ti=<TaskInstance: minio_to_db_sync.sync_global_index manual__2026-01-15T13:49:00.181990+00:00 [queued]>
[2026-01-15T13:49:07.101+0000] {taskinstance.py:2306} INFO - Starting attempt 1 of 3
[2026-01-15T13:49:07.121+0000] {taskinstance.py:2330} INFO - Executing <Task(_PythonDecoratedOperator): sync_global_index> on 2026-01-15 13:49:00.181990+00:00
[2026-01-15T13:49:07.135+0000] {warnings.py:112} WARNING - This process (pid=8697) is multi-threaded, use of fork() may lead to deadlocks in the child.

[2026-01-15T13:49:07.137+0000] {standard_task_runner.py:64} INFO - Started process 8781 to run task
[2026-01-15T13:49:07.139+0000] {standard_task_runner.py:90} INFO - Running: ['***', 'tasks', 'run', 'minio_to_db_sync', 'sync_global_index', 'manual__2026-01-15T13:49:00.181990+00:00', '--job-id', '16221', '--raw', '--subdir', 'DAGS_FOLDER/minio_to_db_sync.py', '--cfg-path', '/tmp/tmpqj491t58']
[2026-01-15T13:49:07.146+0000] {standard_task_runner.py:91} INFO - Job 16221: Subtask sync_global_index
[2026-01-15T13:49:07.222+0000] {task_command.py:426} INFO - Running <TaskInstance: minio_to_db_sync.sync_global_index manual__2026-01-15T13:49:00.181990+00:00 [running]> on host 48331fd7a179
[2026-01-15T13:49:07.375+0000] {taskinstance.py:2648} INFO - Exporting env vars: AIRFLOW_CTX_DAG_OWNER='***' AIRFLOW_CTX_DAG_ID='minio_to_db_sync' AIRFLOW_CTX_TASK_ID='sync_global_index' AIRFLOW_CTX_EXECUTION_DATE='2026-01-15T13:49:00.181990+00:00' AIRFLOW_CTX_TRY_NUMBER='1' AIRFLOW_CTX_DAG_RUN_ID='manual__2026-01-15T13:49:00.181990+00:00'
[2026-01-15T13:49:07.378+0000] {taskinstance.py:430} INFO - ::endgroup::
[2026-01-15T13:49:07.399+0000] {logging_mixin.py:188} INFO - ======================================================================
[2026-01-15T13:49:07.400+0000] {logging_mixin.py:188} INFO - 📊 SYNC GLOBAL INDEX TO DATABASE
[2026-01-15T13:49:07.401+0000] {logging_mixin.py:188} INFO - ======================================================================
[2026-01-15T13:49:07.407+0000] {logging_mixin.py:188} INFO - 
--- Processing USD_VND ---
[2026-01-15T13:49:07.427+0000] {base.py:84} INFO - Using connection ID 'minio_finance' for task execution.
[2026-01-15T13:49:07.429+0000] {connection_wrapper.py:384} INFO - AWS Connection (conn_id='minio_finance', conn_type='aws') credentials retrieved from login and password.
[2026-01-15T13:49:08.901+0000] {logging_mixin.py:188} INFO - ✓ Latest partition found: global_index/usd_vnd/2026-01-13/
[2026-01-15T13:49:08.939+0000] {base.py:84} INFO - Using connection ID 'minio_finance' for task execution.
[2026-01-15T13:49:08.941+0000] {connection_wrapper.py:384} INFO - AWS Connection (conn_id='minio_finance', conn_type='aws') credentials retrieved from login and password.
[2026-01-15T13:49:09.396+0000] {base.py:84} INFO - Using connection ID 'minio_finance' for task execution.
[2026-01-15T13:49:09.398+0000] {connection_wrapper.py:384} INFO - AWS Connection (conn_id='minio_finance', conn_type='aws') credentials retrieved from login and password.
[2026-01-15T13:49:09.648+0000] {logging_mixin.py:188} INFO - ✓ Read 1 rows from global_index/usd_vnd/2026-01-13/data.csv
[2026-01-15T13:49:09.654+0000] {logging_mixin.py:188} INFO - 
--- Processing DXY ---
[2026-01-15T13:49:09.664+0000] {base.py:84} INFO - Using connection ID 'minio_finance' for task execution.
[2026-01-15T13:49:09.665+0000] {connection_wrapper.py:384} INFO - AWS Connection (conn_id='minio_finance', conn_type='aws') credentials retrieved from login and password.
[2026-01-15T13:49:10.033+0000] {logging_mixin.py:188} INFO - ✓ Latest partition found: global_index/dxy_index/2026-01-13/
[2026-01-15T13:49:10.061+0000] {base.py:84} INFO - Using connection ID 'minio_finance' for task execution.
[2026-01-15T13:49:10.062+0000] {connection_wrapper.py:384} INFO - AWS Connection (conn_id='minio_finance', conn_type='aws') credentials retrieved from login and password.
[2026-01-15T13:49:10.371+0000] {base.py:84} INFO - Using connection ID 'minio_finance' for task execution.
[2026-01-15T13:49:10.372+0000] {connection_wrapper.py:384} INFO - AWS Connection (conn_id='minio_finance', conn_type='aws') credentials retrieved from login and password.
[2026-01-15T13:49:10.599+0000] {logging_mixin.py:188} INFO - ✓ Read 1 rows from global_index/dxy_index/2026-01-13/data.csv
[2026-01-15T13:49:10.602+0000] {logging_mixin.py:188} INFO - 
--- Processing USD_CNY ---
[2026-01-15T13:49:10.611+0000] {base.py:84} INFO - Using connection ID 'minio_finance' for task execution.
[2026-01-15T13:49:10.612+0000] {connection_wrapper.py:384} INFO - AWS Connection (conn_id='minio_finance', conn_type='aws') credentials retrieved from login and password.
[2026-01-15T13:49:10.992+0000] {logging_mixin.py:188} INFO - ✓ Latest partition found: global_index/usd_cny/2026-01-13/
[2026-01-15T13:49:11.018+0000] {base.py:84} INFO - Using connection ID 'minio_finance' for task execution.
[2026-01-15T13:49:11.019+0000] {connection_wrapper.py:384} INFO - AWS Connection (conn_id='minio_finance', conn_type='aws') credentials retrieved from login and password.
[2026-01-15T13:49:11.789+0000] {base.py:84} INFO - Using connection ID 'minio_finance' for task execution.
[2026-01-15T13:49:11.790+0000] {connection_wrapper.py:384} INFO - AWS Connection (conn_id='minio_finance', conn_type='aws') credentials retrieved from login and password.
[2026-01-15T13:49:11.954+0000] {logging_mixin.py:188} INFO - ✓ Read 1 rows from global_index/usd_cny/2026-01-13/data.csv
[2026-01-15T13:49:11.956+0000] {logging_mixin.py:188} INFO - 
--- Processing EUR_USD ---
[2026-01-15T13:49:11.965+0000] {base.py:84} INFO - Using connection ID 'minio_finance' for task execution.
[2026-01-15T13:49:11.966+0000] {connection_wrapper.py:384} INFO - AWS Connection (conn_id='minio_finance', conn_type='aws') credentials retrieved from login and password.
[2026-01-15T13:49:12.202+0000] {logging_mixin.py:188} INFO - ✓ Latest partition found: global_index/eur_usd/2026-01-13/
[2026-01-15T13:49:12.214+0000] {base.py:84} INFO - Using connection ID 'minio_finance' for task execution.
[2026-01-15T13:49:12.214+0000] {connection_wrapper.py:384} INFO - AWS Connection (conn_id='minio_finance', conn_type='aws') credentials retrieved from login and password.
[2026-01-15T13:49:12.453+0000] {base.py:84} INFO - Using connection ID 'minio_finance' for task execution.
[2026-01-15T13:49:12.454+0000] {connection_wrapper.py:384} INFO - AWS Connection (conn_id='minio_finance', conn_type='aws') credentials retrieved from login and password.
[2026-01-15T13:49:12.634+0000] {logging_mixin.py:188} INFO - ✓ Read 1 rows from global_index/eur_usd/2026-01-13/data.csv
[2026-01-15T13:49:12.636+0000] {logging_mixin.py:188} INFO - 
--- Processing US_BOND_10Y ---
[2026-01-15T13:49:12.647+0000] {base.py:84} INFO - Using connection ID 'minio_finance' for task execution.
[2026-01-15T13:49:12.648+0000] {connection_wrapper.py:384} INFO - AWS Connection (conn_id='minio_finance', conn_type='aws') credentials retrieved from login and password.
[2026-01-15T13:49:12.897+0000] {logging_mixin.py:188} INFO - ✓ Latest partition found: global_index/us_bond_10y/2026-01-13/
[2026-01-15T13:49:12.907+0000] {base.py:84} INFO - Using connection ID 'minio_finance' for task execution.
[2026-01-15T13:49:12.908+0000] {connection_wrapper.py:384} INFO - AWS Connection (conn_id='minio_finance', conn_type='aws') credentials retrieved from login and password.
[2026-01-15T13:49:13.160+0000] {base.py:84} INFO - Using connection ID 'minio_finance' for task execution.
[2026-01-15T13:49:13.162+0000] {connection_wrapper.py:384} INFO - AWS Connection (conn_id='minio_finance', conn_type='aws') credentials retrieved from login and password.
[2026-01-15T13:49:13.306+0000] {logging_mixin.py:188} INFO - ✓ Read 1 rows from global_index/us_bond_10y/2026-01-13/data.csv
[2026-01-15T13:49:13.309+0000] {logging_mixin.py:188} INFO - 
Total loaded: 5 rows
[2026-01-15T13:49:13.310+0000] {logging_mixin.py:188} INFO - 
Cleaning and transforming data...
[2026-01-15T13:49:13.326+0000] {logging_mixin.py:188} INFO - After cleaning: 5 rows
[2026-01-15T13:49:13.327+0000] {logging_mixin.py:188} INFO - 
Inserting into database...
[2026-01-15T13:49:13.334+0000] {logging_mixin.py:188} INFO - ✓ Schema hethong_phantich_chungkhoan ensured
[2026-01-15T13:49:13.361+0000] {logging_mixin.py:188} INFO - Deleted 0 existing rows
[2026-01-15T13:49:13.368+0000] {logging_mixin.py:188} INFO - ✅ Inserted 5 rows
[2026-01-15T13:49:13.370+0000] {python.py:237} INFO - Done. Returned value was: ✅ Success: 5 rows
[2026-01-15T13:49:13.371+0000] {taskinstance.py:441} INFO - ::group::Post task execution logs
[2026-01-15T13:49:13.398+0000] {taskinstance.py:1206} INFO - Marking task as SUCCESS. dag_id=minio_to_db_sync, task_id=sync_global_index, run_id=manual__2026-01-15T13:49:00.181990+00:00, execution_date=20260115T134900, start_date=20260115T134907, end_date=20260115T134913
[2026-01-15T13:49:13.471+0000] {local_task_job_runner.py:243} INFO - Task exited with return code 0
[2026-01-15T13:49:13.501+0000] {taskinstance.py:3503} INFO - 0 downstream tasks scheduled from follow-on schedule check
[2026-01-15T13:49:13.503+0000] {local_task_job_runner.py:222} INFO - ::endgroup::
