[2026-02-04T14:13:55.953+0000] {local_task_job_runner.py:120} INFO - ::group::Pre task execution logs
[2026-02-04T14:13:56.041+0000] {taskinstance.py:2076} INFO - Dependencies all met for dep_context=non-requeueable deps ti=<TaskInstance: daily_price_minio.ingest_daily_price scheduled__2026-02-02T16:00:00+00:00 map_index=23 [queued]>
[2026-02-04T14:13:56.085+0000] {taskinstance.py:2076} INFO - Dependencies all met for dep_context=requeueable deps ti=<TaskInstance: daily_price_minio.ingest_daily_price scheduled__2026-02-02T16:00:00+00:00 map_index=23 [queued]>
[2026-02-04T14:13:56.093+0000] {taskinstance.py:2306} INFO - Starting attempt 1 of 2
[2026-02-04T14:13:56.167+0000] {taskinstance.py:2330} INFO - Executing <Mapped(DfToCsvOperator): ingest_daily_price> on 2026-02-02 16:00:00+00:00
[2026-02-04T14:13:56.227+0000] {warnings.py:112} WARNING - This process (pid=914) is multi-threaded, use of fork() may lead to deadlocks in the child.

[2026-02-04T14:13:56.229+0000] {standard_task_runner.py:64} INFO - Started process 1000 to run task
[2026-02-04T14:13:56.249+0000] {standard_task_runner.py:90} INFO - Running: ['***', 'tasks', 'run', 'daily_price_minio', 'ingest_daily_price', 'scheduled__2026-02-02T16:00:00+00:00', '--job-id', '16367', '--raw', '--subdir', 'DAGS_FOLDER/dl_dailly_price.py', '--cfg-path', '/tmp/tmpljiq6qa5', '--map-index', '23']
[2026-02-04T14:13:56.259+0000] {standard_task_runner.py:91} INFO - Job 16367: Subtask ingest_daily_price
[2026-02-04T14:13:56.385+0000] {task_command.py:426} INFO - Running <TaskInstance: daily_price_minio.ingest_daily_price scheduled__2026-02-02T16:00:00+00:00 map_index=23 [running]> on host 918dbd497d34
[2026-02-04T14:13:56.722+0000] {taskinstance.py:2648} INFO - Exporting env vars: AIRFLOW_CTX_DAG_OWNER='***' AIRFLOW_CTX_DAG_ID='daily_price_minio' AIRFLOW_CTX_TASK_ID='ingest_daily_price' AIRFLOW_CTX_EXECUTION_DATE='2026-02-02T16:00:00+00:00' AIRFLOW_CTX_TRY_NUMBER='1' AIRFLOW_CTX_DAG_RUN_ID='scheduled__2026-02-02T16:00:00+00:00'
[2026-02-04T14:13:56.724+0000] {taskinstance.py:430} INFO - ::endgroup::
[2026-02-04T14:14:02.768+0000] {logging_mixin.py:188} INFO - VIS: RetryError (source=VCI), retry 1/3 in 2.0s
[2026-02-04T14:14:09.346+0000] {logging_mixin.py:188} INFO - VIS: RetryError (source=VCI), retry 2/3 in 4.0s
[2026-02-04T14:14:17.780+0000] {logging_mixin.py:188} INFO - VIS: RetryError (source=VCI), retry 3/3 in 8.0s
[2026-02-04T14:14:25.781+0000] {logging_mixin.py:188} INFO - VIS: Exhausted retries for source=VCI, trying next source...
[2026-02-04T14:14:30.381+0000] {logging_mixin.py:188} INFO - VIS: RetryError (source=TCBS), retry 1/3 in 2.0s
[2026-02-04T14:14:36.873+0000] {logging_mixin.py:188} INFO - VIS: RetryError (source=TCBS), retry 2/3 in 4.0s
[2026-02-04T14:14:45.359+0000] {logging_mixin.py:188} INFO - VIS: RetryError (source=TCBS), retry 3/3 in 8.0s
[2026-02-04T14:14:53.369+0000] {logging_mixin.py:188} INFO - VIS: Exhausted retries for source=TCBS, trying next source...
[2026-02-04T14:14:53.414+0000] {logging_mixin.py:188} INFO - VIS: All sources failed after retries
[2026-02-04T14:14:55.400+0000] {base.py:84} INFO - Using connection ID 'minio_finance' for task execution.
[2026-02-04T14:14:55.401+0000] {connection_wrapper.py:384} INFO - AWS Connection (conn_id='minio_finance', conn_type='aws') credentials retrieved from login and password.
[2026-02-04T14:14:56.222+0000] {datalake_df2csv.py:52} INFO - ✅ Đã upload 16 dòng -> s3://thongtin-congty-va-bctc/daily_price/2026-02-02/batch_23.csv
[2026-02-04T14:14:56.224+0000] {taskinstance.py:441} INFO - ::group::Post task execution logs
[2026-02-04T14:14:56.258+0000] {taskinstance.py:1206} INFO - Marking task as SUCCESS. dag_id=daily_price_minio, task_id=ingest_daily_price, run_id=scheduled__2026-02-02T16:00:00+00:00, map_index=23, execution_date=20260202T160000, start_date=20260204T141356, end_date=20260204T141456
[2026-02-04T14:14:56.341+0000] {local_task_job_runner.py:243} INFO - Task exited with return code 0
[2026-02-04T14:14:56.364+0000] {taskinstance.py:3503} INFO - 0 downstream tasks scheduled from follow-on schedule check
[2026-02-04T14:14:56.368+0000] {local_task_job_runner.py:222} INFO - ::endgroup::
