[2026-03-26T16:11:11.607+0000] {local_task_job_runner.py:120} INFO - ::group::Pre task execution logs
[2026-03-26T16:11:11.682+0000] {taskinstance.py:2076} INFO - Dependencies all met for dep_context=non-requeueable deps ti=<TaskInstance: daily_price.ingest_daily_price scheduled__2026-03-25T16:00:00+00:00 map_index=256 [queued]>
[2026-03-26T16:11:11.735+0000] {taskinstance.py:2076} INFO - Dependencies all met for dep_context=requeueable deps ti=<TaskInstance: daily_price.ingest_daily_price scheduled__2026-03-25T16:00:00+00:00 map_index=256 [queued]>
[2026-03-26T16:11:11.736+0000] {taskinstance.py:2306} INFO - Starting attempt 1 of 2
[2026-03-26T16:11:11.886+0000] {taskinstance.py:2330} INFO - Executing <Mapped(DfToCsvOperator): ingest_daily_price> on 2026-03-25 16:00:00+00:00
[2026-03-26T16:11:11.902+0000] {warnings.py:112} WARNING - This process (pid=7568) is multi-threaded, use of fork() may lead to deadlocks in the child.

[2026-03-26T16:11:11.904+0000] {standard_task_runner.py:64} INFO - Started process 7606 to run task
[2026-03-26T16:11:11.907+0000] {standard_task_runner.py:90} INFO - Running: ['***', 'tasks', 'run', 'daily_price', 'ingest_daily_price', 'scheduled__2026-03-25T16:00:00+00:00', '--job-id', '37022', '--raw', '--subdir', 'DAGS_FOLDER/dl_dailly_price.py', '--cfg-path', '/tmp/tmpb_iuyvf8', '--map-index', '256']
[2026-03-26T16:11:11.912+0000] {standard_task_runner.py:91} INFO - Job 37022: Subtask ingest_daily_price
[2026-03-26T16:11:11.989+0000] {task_command.py:426} INFO - Running <TaskInstance: daily_price.ingest_daily_price scheduled__2026-03-25T16:00:00+00:00 map_index=256 [running]> on host 82e6e174d562
[2026-03-26T16:11:12.188+0000] {taskinstance.py:2648} INFO - Exporting env vars: AIRFLOW_CTX_DAG_OWNER='***' AIRFLOW_CTX_DAG_ID='daily_price' AIRFLOW_CTX_TASK_ID='ingest_daily_price' AIRFLOW_CTX_EXECUTION_DATE='2026-03-25T16:00:00+00:00' AIRFLOW_CTX_TRY_NUMBER='1' AIRFLOW_CTX_DAG_RUN_ID='scheduled__2026-03-25T16:00:00+00:00'
[2026-03-26T16:11:12.191+0000] {taskinstance.py:430} INFO - ::endgroup::
[2026-03-26T16:11:12.192+0000] {datalake_df2csv.py:40} INFO - ================================================================================
[2026-03-26T16:11:12.193+0000] {datalake_df2csv.py:41} INFO - 🚀 BẮT ĐẦU TASK: ingest_daily_price
[2026-03-26T16:11:12.194+0000] {datalake_df2csv.py:42} INFO - ================================================================================
[2026-03-26T16:11:12.194+0000] {datalake_df2csv.py:43} INFO - 📋 Thông tin cấu hình:
[2026-03-26T16:11:12.195+0000] {datalake_df2csv.py:44} INFO -   - Logic file: history_price
[2026-03-26T16:11:12.195+0000] {datalake_df2csv.py:45} INFO -   - DataFrame name: get_history_price_batch
[2026-03-26T16:11:12.196+0000] {datalake_df2csv.py:46} INFO -   - Bucket: thongtin-congty-va-bctc
[2026-03-26T16:11:12.196+0000] {datalake_df2csv.py:47} INFO -   - Object path: daily_price/2026-03-25/batch_256.csv
[2026-03-26T16:11:12.197+0000] {datalake_df2csv.py:48} INFO -   - Connection ID: minio_finance
[2026-03-26T16:11:12.197+0000] {datalake_df2csv.py:49} INFO -   - Tham số truyền vào: {'symbols': ['BLN', 'BVL', 'MBG', 'TDS', 'SAF'], 'start_date': '2026-03-25', 'end_date': '2026-03-26'}
[2026-03-26T16:11:12.198+0000] {datalake_df2csv.py:50} INFO - --------------------------------------------------------------------------------
[2026-03-26T16:11:12.200+0000] {datalake_df2csv.py:54} INFO - 📥 Bước 1: Đang load dữ liệu từ logic file...
[2026-03-26T16:11:12.207+0000] {datalake_df2csv.py:148} INFO -   - Logic directory: /opt/airflow/plugins/logic
[2026-03-26T16:11:12.209+0000] {datalake_df2csv.py:149} INFO -   - Module path: /opt/airflow/plugins/logic/history_price.py
[2026-03-26T16:11:12.209+0000] {datalake_df2csv.py:153} INFO -   - Đã thêm logic directory vào sys.path
[2026-03-26T16:11:12.212+0000] {datalake_df2csv.py:159} INFO -   - Đang load module 'history_price'...
[2026-03-26T16:11:12.218+0000] {datalake_df2csv.py:163} INFO -   - ✅ Module loaded thành công
[2026-03-26T16:11:12.222+0000] {datalake_df2csv.py:165} INFO -   - Đang tìm DataFrame/function: 'get_history_price_batch'...
[2026-03-26T16:11:12.223+0000] {datalake_df2csv.py:170} INFO -   - ✅ Tìm thấy object: function
[2026-03-26T16:11:12.224+0000] {datalake_df2csv.py:173} INFO -   - Đang gọi function với tham số: {'symbols': ['BLN', 'BVL', 'MBG', 'TDS', 'SAF'], 'start_date': '2026-03-25', 'end_date': '2026-03-26'}
[2026-03-26T16:11:38.050+0000] {log.py:232} WARNING - 2026-03-26 16:11:38 - vnstock.core.utils.client - ERROR - API request failed: HTTPSConnectionPool(host='trading.vietcap.com.vn', port=443): Max retries exceeded with url: /api/chart/OHLCChart/gap-chart (Caused by NewConnectionError('<urllib3.connection.HTTPSConnection object at 0x7f96ff8e6f30>: Failed to establish a new connection: [Errno 101] Network is unreachable'))
[2026-03-26T16:11:38.050+0000] {client.py:297} ERROR - API request failed: HTTPSConnectionPool(host='trading.vietcap.com.vn', port=443): Max retries exceeded with url: /api/chart/OHLCChart/gap-chart (Caused by NewConnectionError('<urllib3.connection.HTTPSConnection object at 0x7f96ff8e6f30>: Failed to establish a new connection: [Errno 101] Network is unreachable'))
[2026-03-26T16:11:40.830+0000] {datalake_df2csv.py:68} INFO - ✅ Load dữ liệu thành công!
[2026-03-26T16:11:40.831+0000] {datalake_df2csv.py:69} INFO - 📊 Thông tin DataFrame:
[2026-03-26T16:11:40.832+0000] {datalake_df2csv.py:70} INFO -   - Số dòng: 20
[2026-03-26T16:11:40.835+0000] {datalake_df2csv.py:71} INFO -   - Số cột: 7
[2026-03-26T16:11:40.835+0000] {datalake_df2csv.py:72} INFO -   - Tên các cột: ['ticker', 'trading_date', 'open', 'high', 'low', 'close', 'volume']
[2026-03-26T16:11:40.837+0000] {datalake_df2csv.py:73} INFO -   - Kiểu dữ liệu: {'ticker': 'object', 'trading_date': 'object', 'open': 'float64', 'high': 'float64', 'low': 'float64', 'close': 'float64', 'volume': 'int64'}
[2026-03-26T16:11:40.840+0000] {datalake_df2csv.py:74} INFO -   - Bộ nhớ sử dụng: 0.00 MB
[2026-03-26T16:11:40.843+0000] {datalake_df2csv.py:83} INFO -   - Không có giá trị NULL
[2026-03-26T16:11:40.843+0000] {datalake_df2csv.py:86} INFO -   - Mẫu dữ liệu (5 dòng đầu):
[2026-03-26T16:11:40.846+0000] {datalake_df2csv.py:88} INFO -     Row 0: {'ticker': 'BLN', 'trading_date': '2025-09-10', 'open': 9.1, 'high': 9.1, 'low': 9.1, 'close': 9.1, 'volume': 0}
[2026-03-26T16:11:40.847+0000] {datalake_df2csv.py:88} INFO -     Row 1: {'ticker': 'BLN', 'trading_date': '2025-09-24', 'open': 9.1, 'high': 9.1, 'low': 9.1, 'close': 9.1, 'volume': 200}
[2026-03-26T16:11:40.848+0000] {datalake_df2csv.py:88} INFO -     Row 2: {'ticker': 'BLN', 'trading_date': '2026-02-27', 'open': 6.0, 'high': 6.0, 'low': 6.0, 'close': 6.0, 'volume': 200}
[2026-03-26T16:11:40.849+0000] {datalake_df2csv.py:88} INFO -     Row 3: {'ticker': 'BLN', 'trading_date': '2026-03-17', 'open': 6.9, 'high': 6.9, 'low': 6.9, 'close': 6.9, 'volume': 200}
[2026-03-26T16:11:40.851+0000] {datalake_df2csv.py:88} INFO -     Row 4: {'ticker': 'BVL', 'trading_date': '2026-03-17', 'open': 16.9, 'high': 16.9, 'low': 16.1, 'close': 16.1, 'volume': 1400}
[2026-03-26T16:11:40.853+0000] {datalake_df2csv.py:90} INFO - --------------------------------------------------------------------------------
[2026-03-26T16:11:40.854+0000] {datalake_df2csv.py:93} INFO - 📝 Bước 2: Đang chuyển đổi DataFrame sang CSV...
[2026-03-26T16:11:40.886+0000] {datalake_df2csv.py:97} INFO - ✅ Chuyển đổi CSV thành công!
[2026-03-26T16:11:40.887+0000] {datalake_df2csv.py:98} INFO -   - Kích thước file: 0.00 MB
[2026-03-26T16:11:40.887+0000] {datalake_df2csv.py:99} INFO -   - Thời gian chuyển đổi: 0.03 giây
[2026-03-26T16:11:40.888+0000] {datalake_df2csv.py:100} INFO - --------------------------------------------------------------------------------
[2026-03-26T16:11:40.890+0000] {datalake_df2csv.py:103} INFO - ☁️  Bước 3: Đang upload lên MinIO/S3...
[2026-03-26T16:11:40.918+0000] {base.py:84} INFO - Using connection ID 'minio_finance' for task execution.
[2026-03-26T16:11:40.919+0000] {connection_wrapper.py:384} INFO - AWS Connection (conn_id='minio_finance', conn_type='aws') credentials retrieved from login and password.
[2026-03-26T16:11:41.775+0000] {datalake_df2csv.py:112} INFO -   - Bucket 'thongtin-congty-va-bctc' đã tồn tại
[2026-03-26T16:11:41.831+0000] {datalake_df2csv.py:117} INFO - ✅ Upload thành công!
[2026-03-26T16:11:41.832+0000] {datalake_df2csv.py:118} INFO -   - Đường dẫn: s3://thongtin-congty-va-bctc/daily_price/2026-03-25/batch_256.csv
[2026-03-26T16:11:41.834+0000] {datalake_df2csv.py:119} INFO -   - Số dòng: 20
[2026-03-26T16:11:41.835+0000] {datalake_df2csv.py:120} INFO -   - Thời gian upload: 0.94 giây
[2026-03-26T16:11:41.836+0000] {datalake_df2csv.py:121} INFO - --------------------------------------------------------------------------------
[2026-03-26T16:11:41.836+0000] {datalake_df2csv.py:125} INFO - 📈 TỔNG KẾT:
[2026-03-26T16:11:41.837+0000] {datalake_df2csv.py:126} INFO -   - Tổng thời gian thực thi: 29.64 giây
[2026-03-26T16:11:41.837+0000] {datalake_df2csv.py:127} INFO -   - Tốc độ xử lý: 1 dòng/giây
[2026-03-26T16:11:41.838+0000] {datalake_df2csv.py:128} INFO - ================================================================================
[2026-03-26T16:11:41.838+0000] {datalake_df2csv.py:129} INFO - ✅ HOÀN THÀNH TASK: ingest_daily_price
[2026-03-26T16:11:41.839+0000] {datalake_df2csv.py:130} INFO - ================================================================================
[2026-03-26T16:11:41.840+0000] {taskinstance.py:441} INFO - ::group::Post task execution logs
[2026-03-26T16:11:41.862+0000] {taskinstance.py:1206} INFO - Marking task as SUCCESS. dag_id=daily_price, task_id=ingest_daily_price, run_id=scheduled__2026-03-25T16:00:00+00:00, map_index=256, execution_date=20260325T160000, start_date=20260326T161111, end_date=20260326T161141
[2026-03-26T16:11:41.955+0000] {local_task_job_runner.py:243} INFO - Task exited with return code 0
[2026-03-26T16:11:41.983+0000] {taskinstance.py:3503} INFO - 0 downstream tasks scheduled from follow-on schedule check
[2026-03-26T16:11:41.987+0000] {local_task_job_runner.py:222} INFO - ::endgroup::
