[2026-02-27T15:31:12.943+0000] {local_task_job_runner.py:120} INFO - ::group::Pre task execution logs
[2026-02-27T15:31:13.051+0000] {taskinstance.py:2076} INFO - Dependencies all met for dep_context=non-requeueable deps ti=<TaskInstance: daily_price.ingest_daily_price manual__2026-02-27T15:28:31.126262+00:00 map_index=86 [queued]>
[2026-02-27T15:31:13.151+0000] {taskinstance.py:2076} INFO - Dependencies all met for dep_context=requeueable deps ti=<TaskInstance: daily_price.ingest_daily_price manual__2026-02-27T15:28:31.126262+00:00 map_index=86 [queued]>
[2026-02-27T15:31:13.157+0000] {taskinstance.py:2306} INFO - Starting attempt 1 of 2
[2026-02-27T15:31:13.244+0000] {taskinstance.py:2330} INFO - Executing <Mapped(DfToCsvOperator): ingest_daily_price> on 2026-02-27 15:28:31.126262+00:00
[2026-02-27T15:31:13.266+0000] {warnings.py:112} WARNING - This process (pid=1190) is multi-threaded, use of fork() may lead to deadlocks in the child.

[2026-02-27T15:31:13.277+0000] {standard_task_runner.py:64} INFO - Started process 1236 to run task
[2026-02-27T15:31:13.275+0000] {standard_task_runner.py:90} INFO - Running: ['***', 'tasks', 'run', 'daily_price', 'ingest_daily_price', 'manual__2026-02-27T15:28:31.126262+00:00', '--job-id', '27860', '--raw', '--subdir', 'DAGS_FOLDER/dl_dailly_price.py', '--cfg-path', '/tmp/tmpr8w04faa', '--map-index', '86']
[2026-02-27T15:31:13.282+0000] {standard_task_runner.py:91} INFO - Job 27860: Subtask ingest_daily_price
[2026-02-27T15:31:13.483+0000] {task_command.py:426} INFO - Running <TaskInstance: daily_price.ingest_daily_price manual__2026-02-27T15:28:31.126262+00:00 map_index=86 [running]> on host a3ff7e3985fc
[2026-02-27T15:31:14.048+0000] {taskinstance.py:2648} INFO - Exporting env vars: AIRFLOW_CTX_DAG_OWNER='***' AIRFLOW_CTX_DAG_ID='daily_price' AIRFLOW_CTX_TASK_ID='ingest_daily_price' AIRFLOW_CTX_EXECUTION_DATE='2026-02-27T15:28:31.126262+00:00' AIRFLOW_CTX_TRY_NUMBER='1' AIRFLOW_CTX_DAG_RUN_ID='manual__2026-02-27T15:28:31.126262+00:00'
[2026-02-27T15:31:14.054+0000] {taskinstance.py:430} INFO - ::endgroup::
[2026-02-27T15:31:14.062+0000] {datalake_df2csv.py:40} INFO - ================================================================================
[2026-02-27T15:31:14.080+0000] {datalake_df2csv.py:41} INFO - 🚀 BẮT ĐẦU TASK: ingest_daily_price
[2026-02-27T15:31:14.105+0000] {datalake_df2csv.py:42} INFO - ================================================================================
[2026-02-27T15:31:14.125+0000] {datalake_df2csv.py:43} INFO - 📋 Thông tin cấu hình:
[2026-02-27T15:31:14.145+0000] {datalake_df2csv.py:44} INFO -   - Logic file: history_price
[2026-02-27T15:31:14.155+0000] {datalake_df2csv.py:45} INFO -   - DataFrame name: get_history_price_batch
[2026-02-27T15:31:14.160+0000] {datalake_df2csv.py:46} INFO -   - Bucket: thongtin-congty-va-bctc
[2026-02-27T15:31:14.173+0000] {datalake_df2csv.py:47} INFO -   - Object path: daily_price/2026-02-27/batch_86.csv
[2026-02-27T15:31:14.175+0000] {datalake_df2csv.py:48} INFO -   - Connection ID: minio_finance
[2026-02-27T15:31:14.179+0000] {datalake_df2csv.py:49} INFO -   - Tham số truyền vào: {'symbols': ['TIN', 'HVA', 'SJS', 'TBD', 'DPR'], 'start_date': '2026-02-27', 'end_date': '2026-02-28'}
[2026-02-27T15:31:14.184+0000] {datalake_df2csv.py:50} INFO - --------------------------------------------------------------------------------
[2026-02-27T15:31:14.192+0000] {datalake_df2csv.py:54} INFO - 📥 Bước 1: Đang load dữ liệu từ logic file...
[2026-02-27T15:31:14.245+0000] {datalake_df2csv.py:148} INFO -   - Logic directory: /opt/airflow/plugins/logic
[2026-02-27T15:31:14.256+0000] {datalake_df2csv.py:149} INFO -   - Module path: /opt/airflow/plugins/logic/history_price.py
[2026-02-27T15:31:14.271+0000] {datalake_df2csv.py:153} INFO -   - Đã thêm logic directory vào sys.path
[2026-02-27T15:31:14.345+0000] {datalake_df2csv.py:159} INFO -   - Đang load module 'history_price'...
[2026-02-27T15:31:14.365+0000] {datalake_df2csv.py:163} INFO -   - ✅ Module loaded thành công
[2026-02-27T15:31:14.368+0000] {datalake_df2csv.py:165} INFO -   - Đang tìm DataFrame/function: 'get_history_price_batch'...
[2026-02-27T15:31:14.372+0000] {datalake_df2csv.py:170} INFO -   - ✅ Tìm thấy object: function
[2026-02-27T15:31:14.374+0000] {datalake_df2csv.py:173} INFO -   - Đang gọi function với tham số: {'symbols': ['TIN', 'HVA', 'SJS', 'TBD', 'DPR'], 'start_date': '2026-02-27', 'end_date': '2026-02-28'}
[2026-02-27T15:31:28.108+0000] {datalake_df2csv.py:68} INFO - ✅ Load dữ liệu thành công!
[2026-02-27T15:31:28.109+0000] {datalake_df2csv.py:69} INFO - 📊 Thông tin DataFrame:
[2026-02-27T15:31:28.110+0000] {datalake_df2csv.py:70} INFO -   - Số dòng: 10
[2026-02-27T15:31:28.111+0000] {datalake_df2csv.py:71} INFO -   - Số cột: 7
[2026-02-27T15:31:28.111+0000] {datalake_df2csv.py:72} INFO -   - Tên các cột: ['ticker', 'trading_date', 'open', 'high', 'low', 'close', 'volume']
[2026-02-27T15:31:28.113+0000] {datalake_df2csv.py:73} INFO -   - Kiểu dữ liệu: {'ticker': 'object', 'trading_date': 'object', 'open': 'float64', 'high': 'float64', 'low': 'float64', 'close': 'float64', 'volume': 'int64'}
[2026-02-27T15:31:28.116+0000] {datalake_df2csv.py:74} INFO -   - Bộ nhớ sử dụng: 0.00 MB
[2026-02-27T15:31:28.118+0000] {datalake_df2csv.py:83} INFO -   - Không có giá trị NULL
[2026-02-27T15:31:28.119+0000] {datalake_df2csv.py:86} INFO -   - Mẫu dữ liệu (5 dòng đầu):
[2026-02-27T15:31:28.120+0000] {datalake_df2csv.py:88} INFO -     Row 0: {'ticker': 'TIN', 'trading_date': '2026-02-26', 'open': 103.5, 'high': 108.0, 'low': 103.5, 'close': 108.0, 'volume': 9700}
[2026-02-27T15:31:28.120+0000] {datalake_df2csv.py:88} INFO -     Row 1: {'ticker': 'TIN', 'trading_date': '2026-02-27', 'open': 106.0, 'high': 120.7, 'low': 105.9, 'close': 120.1, 'volume': 108900}
[2026-02-27T15:31:28.122+0000] {datalake_df2csv.py:88} INFO -     Row 2: {'ticker': 'HVA', 'trading_date': '2026-02-26', 'open': 18.3, 'high': 18.4, 'low': 17.7, 'close': 18.0, 'volume': 30400}
[2026-02-27T15:31:28.123+0000] {datalake_df2csv.py:88} INFO -     Row 3: {'ticker': 'HVA', 'trading_date': '2026-02-27', 'open': 17.8, 'high': 18.2, 'low': 17.4, 'close': 17.8, 'volume': 31600}
[2026-02-27T15:31:28.124+0000] {datalake_df2csv.py:88} INFO -     Row 4: {'ticker': 'SJS', 'trading_date': '2026-02-26', 'open': 51.0, 'high': 52.0, 'low': 50.1, 'close': 51.8, 'volume': 15700}
[2026-02-27T15:31:28.125+0000] {datalake_df2csv.py:90} INFO - --------------------------------------------------------------------------------
[2026-02-27T15:31:28.128+0000] {datalake_df2csv.py:93} INFO - 📝 Bước 2: Đang chuyển đổi DataFrame sang CSV...
[2026-02-27T15:31:28.136+0000] {datalake_df2csv.py:97} INFO - ✅ Chuyển đổi CSV thành công!
[2026-02-27T15:31:28.137+0000] {datalake_df2csv.py:98} INFO -   - Kích thước file: 0.00 MB
[2026-02-27T15:31:28.138+0000] {datalake_df2csv.py:99} INFO -   - Thời gian chuyển đổi: 0.01 giây
[2026-02-27T15:31:28.138+0000] {datalake_df2csv.py:100} INFO - --------------------------------------------------------------------------------
[2026-02-27T15:31:28.139+0000] {datalake_df2csv.py:103} INFO - ☁️  Bước 3: Đang upload lên MinIO/S3...
[2026-02-27T15:31:28.155+0000] {base.py:84} INFO - Using connection ID 'minio_finance' for task execution.
[2026-02-27T15:31:28.156+0000] {connection_wrapper.py:384} INFO - AWS Connection (conn_id='minio_finance', conn_type='aws') credentials retrieved from login and password.
[2026-02-27T15:31:29.411+0000] {datalake_df2csv.py:112} INFO -   - Bucket 'thongtin-congty-va-bctc' đã tồn tại
[2026-02-27T15:31:29.620+0000] {datalake_df2csv.py:117} INFO - ✅ Upload thành công!
[2026-02-27T15:31:29.622+0000] {datalake_df2csv.py:118} INFO -   - Đường dẫn: s3://thongtin-congty-va-bctc/daily_price/2026-02-27/batch_86.csv
[2026-02-27T15:31:29.625+0000] {datalake_df2csv.py:119} INFO -   - Số dòng: 10
[2026-02-27T15:31:29.627+0000] {datalake_df2csv.py:120} INFO -   - Thời gian upload: 1.48 giây
[2026-02-27T15:31:29.627+0000] {datalake_df2csv.py:121} INFO - --------------------------------------------------------------------------------
[2026-02-27T15:31:29.628+0000] {datalake_df2csv.py:125} INFO - 📈 TỔNG KẾT:
[2026-02-27T15:31:29.628+0000] {datalake_df2csv.py:126} INFO -   - Tổng thời gian thực thi: 15.57 giây
[2026-02-27T15:31:29.629+0000] {datalake_df2csv.py:127} INFO -   - Tốc độ xử lý: 1 dòng/giây
[2026-02-27T15:31:29.629+0000] {datalake_df2csv.py:128} INFO - ================================================================================
[2026-02-27T15:31:29.630+0000] {datalake_df2csv.py:129} INFO - ✅ HOÀN THÀNH TASK: ingest_daily_price
[2026-02-27T15:31:29.631+0000] {datalake_df2csv.py:130} INFO - ================================================================================
[2026-02-27T15:31:29.642+0000] {taskinstance.py:441} INFO - ::group::Post task execution logs
[2026-02-27T15:31:29.750+0000] {taskinstance.py:1206} INFO - Marking task as SUCCESS. dag_id=daily_price, task_id=ingest_daily_price, run_id=manual__2026-02-27T15:28:31.126262+00:00, map_index=86, execution_date=20260227T152831, start_date=20260227T153113, end_date=20260227T153129
[2026-02-27T15:31:29.875+0000] {local_task_job_runner.py:243} INFO - Task exited with return code 0
[2026-02-27T15:31:29.897+0000] {local_task_job_runner.py:222} INFO - ::endgroup::
