[2026-01-14T13:02:40.855+0000] {local_task_job_runner.py:120} INFO - ::group::Pre task execution logs
[2026-01-14T13:02:40.891+0000] {taskinstance.py:2076} INFO - Dependencies all met for dep_context=non-requeueable deps ti=<TaskInstance: daily_price_minio.ingest_daily_price scheduled__2026-01-12T16:00:00+00:00 map_index=173 [queued]>
[2026-01-14T13:02:40.918+0000] {taskinstance.py:2076} INFO - Dependencies all met for dep_context=requeueable deps ti=<TaskInstance: daily_price_minio.ingest_daily_price scheduled__2026-01-12T16:00:00+00:00 map_index=173 [queued]>
[2026-01-14T13:02:40.919+0000] {taskinstance.py:2306} INFO - Starting attempt 1 of 2
[2026-01-14T13:02:40.938+0000] {taskinstance.py:2330} INFO - Executing <Mapped(DfToCsvOperator): ingest_daily_price> on 2026-01-12 16:00:00+00:00
[2026-01-14T13:02:40.952+0000] {warnings.py:112} WARNING - This process (pid=2183) is multi-threaded, use of fork() may lead to deadlocks in the child.

[2026-01-14T13:02:40.955+0000] {standard_task_runner.py:64} INFO - Started process 2215 to run task
[2026-01-14T13:02:40.957+0000] {standard_task_runner.py:90} INFO - Running: ['***', 'tasks', 'run', 'daily_price_minio', 'ingest_daily_price', 'scheduled__2026-01-12T16:00:00+00:00', '--job-id', '15329', '--raw', '--subdir', 'DAGS_FOLDER/daily_price_minio.py', '--cfg-path', '/tmp/tmpoiomnwm5', '--map-index', '173']
[2026-01-14T13:02:40.962+0000] {standard_task_runner.py:91} INFO - Job 15329: Subtask ingest_daily_price
[2026-01-14T13:02:41.021+0000] {task_command.py:426} INFO - Running <TaskInstance: daily_price_minio.ingest_daily_price scheduled__2026-01-12T16:00:00+00:00 map_index=173 [running]> on host 4b83cd04ee12
[2026-01-14T13:02:41.154+0000] {taskinstance.py:2648} INFO - Exporting env vars: AIRFLOW_CTX_DAG_OWNER='***' AIRFLOW_CTX_DAG_ID='daily_price_minio' AIRFLOW_CTX_TASK_ID='ingest_daily_price' AIRFLOW_CTX_EXECUTION_DATE='2026-01-12T16:00:00+00:00' AIRFLOW_CTX_TRY_NUMBER='1' AIRFLOW_CTX_DAG_RUN_ID='scheduled__2026-01-12T16:00:00+00:00'
[2026-01-14T13:02:41.155+0000] {taskinstance.py:430} INFO - ::endgroup::
[2026-01-14T13:02:41.184+0000] {log.py:232} WARNING - 2026-01-14 13:02:41 - vnstock.core.utils.client - ERROR - API request failed: HTTPSConnectionPool(host='trading.vietcap.com.vn', port=443): Max retries exceeded with url: /api/chart/OHLCChart/gap-chart (Caused by NameResolutionError("<urllib3.connection.HTTPSConnection object at 0x7fbe953528d0>: Failed to resolve 'trading.vietcap.com.vn' ([Errno -2] Name or service not known)"))
[2026-01-14T13:02:41.184+0000] {client.py:414} ERROR - API request failed: HTTPSConnectionPool(host='trading.vietcap.com.vn', port=443): Max retries exceeded with url: /api/chart/OHLCChart/gap-chart (Caused by NameResolutionError("<urllib3.connection.HTTPSConnection object at 0x7fbe953528d0>: Failed to resolve 'trading.vietcap.com.vn' ([Errno -2] Name or service not known)"))
[2026-01-14T13:02:43.192+0000] {log.py:232} WARNING - 2026-01-14 13:02:43 - vnstock.core.utils.client - ERROR - API request failed: HTTPSConnectionPool(host='trading.vietcap.com.vn', port=443): Max retries exceeded with url: /api/chart/OHLCChart/gap-chart (Caused by NameResolutionError("<urllib3.connection.HTTPSConnection object at 0x7fbe95178050>: Failed to resolve 'trading.vietcap.com.vn' ([Errno -2] Name or service not known)"))
[2026-01-14T13:02:43.192+0000] {client.py:414} ERROR - API request failed: HTTPSConnectionPool(host='trading.vietcap.com.vn', port=443): Max retries exceeded with url: /api/chart/OHLCChart/gap-chart (Caused by NameResolutionError("<urllib3.connection.HTTPSConnection object at 0x7fbe95178050>: Failed to resolve 'trading.vietcap.com.vn' ([Errno -2] Name or service not known)"))
[2026-01-14T13:02:45.199+0000] {log.py:232} WARNING - 2026-01-14 13:02:45 - vnstock.core.utils.client - ERROR - API request failed: HTTPSConnectionPool(host='trading.vietcap.com.vn', port=443): Max retries exceeded with url: /api/chart/OHLCChart/gap-chart (Caused by NameResolutionError("<urllib3.connection.HTTPSConnection object at 0x7fbe95178b60>: Failed to resolve 'trading.vietcap.com.vn' ([Errno -2] Name or service not known)"))
[2026-01-14T13:02:45.199+0000] {client.py:414} ERROR - API request failed: HTTPSConnectionPool(host='trading.vietcap.com.vn', port=443): Max retries exceeded with url: /api/chart/OHLCChart/gap-chart (Caused by NameResolutionError("<urllib3.connection.HTTPSConnection object at 0x7fbe95178b60>: Failed to resolve 'trading.vietcap.com.vn' ([Errno -2] Name or service not known)"))
[2026-01-14T13:02:45.201+0000] {logging_mixin.py:188} INFO - MH3: RetryError[<Future at 0x7fbe9530be00 state=finished raised ConnectionError>]
[2026-01-14T13:02:45.713+0000] {log.py:232} WARNING - 2026-01-14 13:02:45 - vnstock.core.utils.client - ERROR - API request failed: HTTPSConnectionPool(host='trading.vietcap.com.vn', port=443): Max retries exceeded with url: /api/chart/OHLCChart/gap-chart (Caused by NameResolutionError("<urllib3.connection.HTTPSConnection object at 0x7fbe95178080>: Failed to resolve 'trading.vietcap.com.vn' ([Errno -2] Name or service not known)"))
[2026-01-14T13:02:45.713+0000] {client.py:414} ERROR - API request failed: HTTPSConnectionPool(host='trading.vietcap.com.vn', port=443): Max retries exceeded with url: /api/chart/OHLCChart/gap-chart (Caused by NameResolutionError("<urllib3.connection.HTTPSConnection object at 0x7fbe95178080>: Failed to resolve 'trading.vietcap.com.vn' ([Errno -2] Name or service not known)"))
[2026-01-14T13:02:47.723+0000] {log.py:232} WARNING - 2026-01-14 13:02:47 - vnstock.core.utils.client - ERROR - API request failed: HTTPSConnectionPool(host='trading.vietcap.com.vn', port=443): Max retries exceeded with url: /api/chart/OHLCChart/gap-chart (Caused by NameResolutionError("<urllib3.connection.HTTPSConnection object at 0x7fbe9517a120>: Failed to resolve 'trading.vietcap.com.vn' ([Errno -2] Name or service not known)"))
[2026-01-14T13:02:47.722+0000] {client.py:414} ERROR - API request failed: HTTPSConnectionPool(host='trading.vietcap.com.vn', port=443): Max retries exceeded with url: /api/chart/OHLCChart/gap-chart (Caused by NameResolutionError("<urllib3.connection.HTTPSConnection object at 0x7fbe9517a120>: Failed to resolve 'trading.vietcap.com.vn' ([Errno -2] Name or service not known)"))
[2026-01-14T13:02:52.998+0000] {base.py:84} INFO - Using connection ID 'minio_finance' for task execution.
[2026-01-14T13:02:53.008+0000] {connection_wrapper.py:384} INFO - AWS Connection (conn_id='minio_finance', conn_type='aws') credentials retrieved from login and password.
[2026-01-14T13:02:57.046+0000] {datalake_df2csv.py:52} INFO - ✅ Đã upload 16 dòng -> s3://thongtin-congty-va-bctc/daily_price/2026-01-12/batch_173.csv
[2026-01-14T13:02:57.071+0000] {taskinstance.py:441} INFO - ::group::Post task execution logs
[2026-01-14T13:02:57.113+0000] {taskinstance.py:1206} INFO - Marking task as SUCCESS. dag_id=daily_price_minio, task_id=ingest_daily_price, run_id=scheduled__2026-01-12T16:00:00+00:00, map_index=173, execution_date=20260112T160000, start_date=20260114T130240, end_date=20260114T130257
[2026-01-14T13:02:57.238+0000] {local_task_job_runner.py:243} INFO - Task exited with return code 0
[2026-01-14T13:02:57.281+0000] {taskinstance.py:3503} INFO - 0 downstream tasks scheduled from follow-on schedule check
[2026-01-14T13:02:57.286+0000] {local_task_job_runner.py:222} INFO - ::endgroup::
