[2026-01-20T13:01:56.577+0000] {local_task_job_runner.py:120} INFO - ::group::Pre task execution logs
[2026-01-20T13:01:56.599+0000] {taskinstance.py:2076} INFO - Dependencies all met for dep_context=non-requeueable deps ti=<TaskInstance: backup_db_parallel.sync_news_partition manual__2026-01-20T12:54:02.153889+00:00 map_index=3 [queued]>
[2026-01-20T13:01:56.615+0000] {taskinstance.py:2076} INFO - Dependencies all met for dep_context=requeueable deps ti=<TaskInstance: backup_db_parallel.sync_news_partition manual__2026-01-20T12:54:02.153889+00:00 map_index=3 [queued]>
[2026-01-20T13:01:56.616+0000] {taskinstance.py:2306} INFO - Starting attempt 1 of 3
[2026-01-20T13:01:56.633+0000] {taskinstance.py:2330} INFO - Executing <Mapped(_PythonDecoratedOperator): sync_news_partition> on 2026-01-20 12:54:02.153889+00:00
[2026-01-20T13:01:56.643+0000] {warnings.py:112} WARNING - This process (pid=799) is multi-threaded, use of fork() may lead to deadlocks in the child.

[2026-01-20T13:01:56.645+0000] {standard_task_runner.py:64} INFO - Started process 809 to run task
[2026-01-20T13:01:56.647+0000] {standard_task_runner.py:90} INFO - Running: ['***', 'tasks', 'run', 'backup_db_parallel', 'sync_news_partition', 'manual__2026-01-20T12:54:02.153889+00:00', '--job-id', '3676', '--raw', '--subdir', 'DAGS_FOLDER/backup_db_parallel.py', '--cfg-path', '/tmp/tmpcd7zt_0_', '--map-index', '3']
[2026-01-20T13:01:56.650+0000] {standard_task_runner.py:91} INFO - Job 3676: Subtask sync_news_partition
[2026-01-20T13:01:56.694+0000] {task_command.py:426} INFO - Running <TaskInstance: backup_db_parallel.sync_news_partition manual__2026-01-20T12:54:02.153889+00:00 map_index=3 [running]> on host 281822c47ea2
[2026-01-20T13:01:56.805+0000] {taskinstance.py:2648} INFO - Exporting env vars: AIRFLOW_CTX_DAG_OWNER='***' AIRFLOW_CTX_DAG_ID='backup_db_parallel' AIRFLOW_CTX_TASK_ID='sync_news_partition' AIRFLOW_CTX_EXECUTION_DATE='2026-01-20T12:54:02.153889+00:00' AIRFLOW_CTX_TRY_NUMBER='1' AIRFLOW_CTX_DAG_RUN_ID='manual__2026-01-20T12:54:02.153889+00:00'
[2026-01-20T13:01:56.806+0000] {taskinstance.py:430} INFO - ::endgroup::
[2026-01-20T13:01:56.819+0000] {base.py:84} INFO - Using connection ID 'minio_finance' for task execution.
[2026-01-20T13:01:56.820+0000] {connection_wrapper.py:384} INFO - AWS Connection (conn_id='minio_finance', conn_type='aws') credentials retrieved from login and password.
[2026-01-20T13:01:57.815+0000] {base.py:84} INFO - Using connection ID 'minio_finance' for task execution.
[2026-01-20T13:01:57.816+0000] {connection_wrapper.py:384} INFO - AWS Connection (conn_id='minio_finance', conn_type='aws') credentials retrieved from login and password.
[2026-01-20T13:01:58.281+0000] {logging_mixin.py:188} INFO - ✓ Read 9169 rows from news/daily/2026-01-14/news_daily_20260114T000000.csv
[2026-01-20T13:01:58.287+0000] {python.py:237} INFO - Done. Returned value was: {'partition': 'news/daily/2026-01-14/', 'rows': 0, 'status': 'missing_required_columns'}
[2026-01-20T13:01:58.288+0000] {taskinstance.py:441} INFO - ::group::Post task execution logs
[2026-01-20T13:01:58.312+0000] {taskinstance.py:1206} INFO - Marking task as SUCCESS. dag_id=backup_db_parallel, task_id=sync_news_partition, run_id=manual__2026-01-20T12:54:02.153889+00:00, map_index=3, execution_date=20260120T125402, start_date=20260120T130156, end_date=20260120T130158
[2026-01-20T13:01:58.344+0000] {local_task_job_runner.py:243} INFO - Task exited with return code 0
[2026-01-20T13:01:58.379+0000] {taskinstance.py:3503} INFO - 0 downstream tasks scheduled from follow-on schedule check
[2026-01-20T13:01:58.383+0000] {local_task_job_runner.py:222} INFO - ::endgroup::
