[2026-03-25T13:49:00.114+0000] {local_task_job_runner.py:120} INFO - ::group::Pre task execution logs
[2026-03-25T13:49:00.175+0000] {taskinstance.py:2076} INFO - Dependencies all met for dep_context=non-requeueable deps ti=<TaskInstance: daily_price.ingest_daily_price scheduled__2026-03-23T16:00:00+00:00 map_index=253 [queued]>
[2026-03-25T13:49:00.223+0000] {taskinstance.py:2076} INFO - Dependencies all met for dep_context=requeueable deps ti=<TaskInstance: daily_price.ingest_daily_price scheduled__2026-03-23T16:00:00+00:00 map_index=253 [queued]>
[2026-03-25T13:49:00.224+0000] {taskinstance.py:2306} INFO - Starting attempt 1 of 2
[2026-03-25T13:49:00.254+0000] {taskinstance.py:2330} INFO - Executing <Mapped(DfToCsvOperator): ingest_daily_price> on 2026-03-23 16:00:00+00:00
[2026-03-25T13:49:00.269+0000] {warnings.py:112} WARNING - This process (pid=2751) is multi-threaded, use of fork() may lead to deadlocks in the child.

[2026-03-25T13:49:00.273+0000] {standard_task_runner.py:64} INFO - Started process 2769 to run task
[2026-03-25T13:49:00.279+0000] {standard_task_runner.py:90} INFO - Running: ['***', 'tasks', 'run', 'daily_price', 'ingest_daily_price', 'scheduled__2026-03-23T16:00:00+00:00', '--job-id', '36296', '--raw', '--subdir', 'DAGS_FOLDER/dl_dailly_price.py', '--cfg-path', '/tmp/tmpki2sfq4o', '--map-index', '253']
[2026-03-25T13:49:00.283+0000] {standard_task_runner.py:91} INFO - Job 36296: Subtask ingest_daily_price
[2026-03-25T13:49:00.385+0000] {task_command.py:426} INFO - Running <TaskInstance: daily_price.ingest_daily_price scheduled__2026-03-23T16:00:00+00:00 map_index=253 [running]> on host 4acdd4ba2090
[2026-03-25T13:49:00.986+0000] {taskinstance.py:2648} INFO - Exporting env vars: AIRFLOW_CTX_DAG_OWNER='***' AIRFLOW_CTX_DAG_ID='daily_price' AIRFLOW_CTX_TASK_ID='ingest_daily_price' AIRFLOW_CTX_EXECUTION_DATE='2026-03-23T16:00:00+00:00' AIRFLOW_CTX_TRY_NUMBER='1' AIRFLOW_CTX_DAG_RUN_ID='scheduled__2026-03-23T16:00:00+00:00'
[2026-03-25T13:49:00.987+0000] {taskinstance.py:430} INFO - ::endgroup::
[2026-03-25T13:49:00.988+0000] {datalake_df2csv.py:40} INFO - ================================================================================
[2026-03-25T13:49:00.988+0000] {datalake_df2csv.py:41} INFO - 🚀 BẮT ĐẦU TASK: ingest_daily_price
[2026-03-25T13:49:00.989+0000] {datalake_df2csv.py:42} INFO - ================================================================================
[2026-03-25T13:49:00.990+0000] {datalake_df2csv.py:43} INFO - 📋 Thông tin cấu hình:
[2026-03-25T13:49:00.990+0000] {datalake_df2csv.py:44} INFO -   - Logic file: history_price
[2026-03-25T13:49:00.991+0000] {datalake_df2csv.py:45} INFO -   - DataFrame name: get_history_price_batch
[2026-03-25T13:49:00.991+0000] {datalake_df2csv.py:46} INFO -   - Bucket: thongtin-congty-va-bctc
[2026-03-25T13:49:00.992+0000] {datalake_df2csv.py:47} INFO -   - Object path: daily_price/2026-03-23/batch_253.csv
[2026-03-25T13:49:00.992+0000] {datalake_df2csv.py:48} INFO -   - Connection ID: minio_finance
[2026-03-25T13:49:00.993+0000] {datalake_df2csv.py:49} INFO -   - Tham số truyền vào: {'symbols': ['BT6', 'PPC', 'BRR', 'PTB', 'PMC'], 'start_date': '2026-03-23', 'end_date': '2026-03-24'}
[2026-03-25T13:49:00.993+0000] {datalake_df2csv.py:50} INFO - --------------------------------------------------------------------------------
[2026-03-25T13:49:00.994+0000] {datalake_df2csv.py:54} INFO - 📥 Bước 1: Đang load dữ liệu từ logic file...
[2026-03-25T13:49:00.999+0000] {datalake_df2csv.py:148} INFO -   - Logic directory: /opt/airflow/plugins/logic
[2026-03-25T13:49:01.000+0000] {datalake_df2csv.py:149} INFO -   - Module path: /opt/airflow/plugins/logic/history_price.py
[2026-03-25T13:49:01.001+0000] {datalake_df2csv.py:153} INFO -   - Đã thêm logic directory vào sys.path
[2026-03-25T13:49:01.003+0000] {datalake_df2csv.py:159} INFO -   - Đang load module 'history_price'...
[2026-03-25T13:49:01.024+0000] {datalake_df2csv.py:163} INFO -   - ✅ Module loaded thành công
[2026-03-25T13:49:01.025+0000] {datalake_df2csv.py:165} INFO -   - Đang tìm DataFrame/function: 'get_history_price_batch'...
[2026-03-25T13:49:01.026+0000] {datalake_df2csv.py:170} INFO -   - ✅ Tìm thấy object: function
[2026-03-25T13:49:01.026+0000] {datalake_df2csv.py:173} INFO -   - Đang gọi function với tham số: {'symbols': ['BT6', 'PPC', 'BRR', 'PTB', 'PMC'], 'start_date': '2026-03-23', 'end_date': '2026-03-24'}
[2026-03-25T13:49:24.361+0000] {log.py:232} WARNING - 2026-03-25 13:49:24 - vnstock.core.utils.client - ERROR - API request failed: HTTPSConnectionPool(host='trading.vietcap.com.vn', port=443): Max retries exceeded with url: /api/chart/OHLCChart/gap-chart (Caused by NewConnectionError('<urllib3.connection.HTTPSConnection object at 0x7f10c8f68ef0>: Failed to establish a new connection: [Errno 101] Network is unreachable'))
[2026-03-25T13:49:24.360+0000] {client.py:297} ERROR - API request failed: HTTPSConnectionPool(host='trading.vietcap.com.vn', port=443): Max retries exceeded with url: /api/chart/OHLCChart/gap-chart (Caused by NewConnectionError('<urllib3.connection.HTTPSConnection object at 0x7f10c8f68ef0>: Failed to establish a new connection: [Errno 101] Network is unreachable'))
[2026-03-25T13:49:29.596+0000] {datalake_df2csv.py:68} INFO - ✅ Load dữ liệu thành công!
[2026-03-25T13:49:29.597+0000] {datalake_df2csv.py:69} INFO - 📊 Thông tin DataFrame:
[2026-03-25T13:49:29.598+0000] {datalake_df2csv.py:70} INFO -   - Số dòng: 20
[2026-03-25T13:49:29.600+0000] {datalake_df2csv.py:71} INFO -   - Số cột: 7
[2026-03-25T13:49:29.601+0000] {datalake_df2csv.py:72} INFO -   - Tên các cột: ['ticker', 'trading_date', 'open', 'high', 'low', 'close', 'volume']
[2026-03-25T13:49:29.602+0000] {datalake_df2csv.py:73} INFO -   - Kiểu dữ liệu: {'ticker': 'object', 'trading_date': 'object', 'open': 'float64', 'high': 'float64', 'low': 'float64', 'close': 'float64', 'volume': 'int64'}
[2026-03-25T13:49:29.606+0000] {datalake_df2csv.py:74} INFO -   - Bộ nhớ sử dụng: 0.00 MB
[2026-03-25T13:49:29.609+0000] {datalake_df2csv.py:83} INFO -   - Không có giá trị NULL
[2026-03-25T13:49:29.610+0000] {datalake_df2csv.py:86} INFO -   - Mẫu dữ liệu (5 dòng đầu):
[2026-03-25T13:49:29.611+0000] {datalake_df2csv.py:88} INFO -     Row 0: {'ticker': 'BT6', 'trading_date': '2024-07-22', 'open': 3.4, 'high': 3.4, 'low': 3.4, 'close': 3.4, 'volume': 0}
[2026-03-25T13:49:29.613+0000] {datalake_df2csv.py:88} INFO -     Row 1: {'ticker': 'BT6', 'trading_date': '2024-07-23', 'open': 3.4, 'high': 3.4, 'low': 3.4, 'close': 3.4, 'volume': 0}
[2026-03-25T13:49:29.615+0000] {datalake_df2csv.py:88} INFO -     Row 2: {'ticker': 'BT6', 'trading_date': '2024-07-24', 'open': 3.4, 'high': 3.4, 'low': 3.4, 'close': 3.4, 'volume': 0}
[2026-03-25T13:49:29.616+0000] {datalake_df2csv.py:88} INFO -     Row 3: {'ticker': 'BT6', 'trading_date': '2024-07-25', 'open': 3.4, 'high': 3.4, 'low': 3.4, 'close': 3.4, 'volume': 0}
[2026-03-25T13:49:29.617+0000] {datalake_df2csv.py:88} INFO -     Row 4: {'ticker': 'PPC', 'trading_date': '2026-03-20', 'open': 10.95, 'high': 11.4, 'low': 10.8, 'close': 10.95, 'volume': 2459200}
[2026-03-25T13:49:29.617+0000] {datalake_df2csv.py:90} INFO - --------------------------------------------------------------------------------
[2026-03-25T13:49:29.618+0000] {datalake_df2csv.py:93} INFO - 📝 Bước 2: Đang chuyển đổi DataFrame sang CSV...
[2026-03-25T13:49:29.626+0000] {datalake_df2csv.py:97} INFO - ✅ Chuyển đổi CSV thành công!
[2026-03-25T13:49:29.627+0000] {datalake_df2csv.py:98} INFO -   - Kích thước file: 0.00 MB
[2026-03-25T13:49:29.628+0000] {datalake_df2csv.py:99} INFO -   - Thời gian chuyển đổi: 0.01 giây
[2026-03-25T13:49:29.629+0000] {datalake_df2csv.py:100} INFO - --------------------------------------------------------------------------------
[2026-03-25T13:49:29.630+0000] {datalake_df2csv.py:103} INFO - ☁️  Bước 3: Đang upload lên MinIO/S3...
[2026-03-25T13:49:29.654+0000] {base.py:84} INFO - Using connection ID 'minio_finance' for task execution.
[2026-03-25T13:49:29.655+0000] {connection_wrapper.py:384} INFO - AWS Connection (conn_id='minio_finance', conn_type='aws') credentials retrieved from login and password.
[2026-03-25T13:49:31.164+0000] {datalake_df2csv.py:112} INFO -   - Bucket 'thongtin-congty-va-bctc' đã tồn tại
[2026-03-25T13:49:31.316+0000] {datalake_df2csv.py:117} INFO - ✅ Upload thành công!
[2026-03-25T13:49:31.317+0000] {datalake_df2csv.py:118} INFO -   - Đường dẫn: s3://thongtin-congty-va-bctc/daily_price/2026-03-23/batch_253.csv
[2026-03-25T13:49:31.319+0000] {datalake_df2csv.py:119} INFO -   - Số dòng: 20
[2026-03-25T13:49:31.320+0000] {datalake_df2csv.py:120} INFO -   - Thời gian upload: 1.68 giây
[2026-03-25T13:49:31.321+0000] {datalake_df2csv.py:121} INFO - --------------------------------------------------------------------------------
[2026-03-25T13:49:31.324+0000] {datalake_df2csv.py:125} INFO - 📈 TỔNG KẾT:
[2026-03-25T13:49:31.326+0000] {datalake_df2csv.py:126} INFO -   - Tổng thời gian thực thi: 30.34 giây
[2026-03-25T13:49:31.327+0000] {datalake_df2csv.py:127} INFO -   - Tốc độ xử lý: 1 dòng/giây
[2026-03-25T13:49:31.328+0000] {datalake_df2csv.py:128} INFO - ================================================================================
[2026-03-25T13:49:31.328+0000] {datalake_df2csv.py:129} INFO - ✅ HOÀN THÀNH TASK: ingest_daily_price
[2026-03-25T13:49:31.329+0000] {datalake_df2csv.py:130} INFO - ================================================================================
[2026-03-25T13:49:31.332+0000] {taskinstance.py:441} INFO - ::group::Post task execution logs
[2026-03-25T13:49:31.350+0000] {taskinstance.py:1206} INFO - Marking task as SUCCESS. dag_id=daily_price, task_id=ingest_daily_price, run_id=scheduled__2026-03-23T16:00:00+00:00, map_index=253, execution_date=20260323T160000, start_date=20260325T134900, end_date=20260325T134931
[2026-03-25T13:49:31.441+0000] {local_task_job_runner.py:243} INFO - Task exited with return code 0
[2026-03-25T13:49:31.462+0000] {local_task_job_runner.py:222} INFO - ::endgroup::
