[2026-01-18T03:45:45.199+0000] {local_task_job_runner.py:120} INFO - ::group::Pre task execution logs
[2026-01-18T03:45:45.268+0000] {taskinstance.py:2076} INFO - Dependencies all met for dep_context=non-requeueable deps ti=<TaskInstance: financial_ratios_etl.ingest_financial_ratios scheduled__2026-01-11T02:00:00+00:00 map_index=542 [queued]>
[2026-01-18T03:45:45.331+0000] {taskinstance.py:2076} INFO - Dependencies all met for dep_context=requeueable deps ti=<TaskInstance: financial_ratios_etl.ingest_financial_ratios scheduled__2026-01-11T02:00:00+00:00 map_index=542 [queued]>
[2026-01-18T03:45:45.332+0000] {taskinstance.py:2306} INFO - Starting attempt 1 of 2
[2026-01-18T03:45:45.355+0000] {taskinstance.py:2330} INFO - Executing <Mapped(DfToCsvOperator): ingest_financial_ratios> on 2026-01-11 02:00:00+00:00
[2026-01-18T03:45:45.370+0000] {warnings.py:112} WARNING - This process (pid=12135) is multi-threaded, use of fork() may lead to deadlocks in the child.

[2026-01-18T03:45:45.372+0000] {standard_task_runner.py:64} INFO - Started process 12216 to run task
[2026-01-18T03:45:45.376+0000] {standard_task_runner.py:90} INFO - Running: ['***', 'tasks', 'run', 'financial_ratios_etl', 'ingest_financial_ratios', 'scheduled__2026-01-11T02:00:00+00:00', '--job-id', '2390', '--raw', '--subdir', 'DAGS_FOLDER/financial_ratios_etl.py', '--cfg-path', '/tmp/tmpbpgpy671', '--map-index', '542']
[2026-01-18T03:45:45.380+0000] {standard_task_runner.py:91} INFO - Job 2390: Subtask ingest_financial_ratios
[2026-01-18T03:45:45.441+0000] {task_command.py:426} INFO - Running <TaskInstance: financial_ratios_etl.ingest_financial_ratios scheduled__2026-01-11T02:00:00+00:00 map_index=542 [running]> on host 5ae19da926ef
[2026-01-18T03:45:45.620+0000] {taskinstance.py:2648} INFO - Exporting env vars: AIRFLOW_CTX_DAG_OWNER='***' AIRFLOW_CTX_DAG_ID='financial_ratios_etl' AIRFLOW_CTX_TASK_ID='ingest_financial_ratios' AIRFLOW_CTX_EXECUTION_DATE='2026-01-11T02:00:00+00:00' AIRFLOW_CTX_TRY_NUMBER='1' AIRFLOW_CTX_DAG_RUN_ID='scheduled__2026-01-11T02:00:00+00:00'
[2026-01-18T03:45:45.626+0000] {taskinstance.py:430} INFO - ::endgroup::
[2026-01-18T03:45:45.640+0000] {logging_mixin.py:188} INFO - [RATIO] Bắt đầu xử lý batch 2 mã: ['HPO', 'HPM']
[2026-01-18T03:45:45.641+0000] {logging_mixin.py:188} INFO - [RATIO] Kỳ dữ liệu: quarter
[2026-01-18T03:45:45.641+0000] {logging_mixin.py:188} INFO -  >> [RATIO] Đang lấy dữ liệu: HPO
[2026-01-18T03:45:50.709+0000] {logging_mixin.py:188} INFO - ❌ Lỗi HPO: RetryError[<Future at 0x7f4f12115c10 state=finished raised KeyError>]
[2026-01-18T03:45:50.710+0000] {logging_mixin.py:188} INFO -  ⚠️ [RATIO] HPO: No data from API
[2026-01-18T03:45:52.711+0000] {logging_mixin.py:188} INFO -  >> [RATIO] Đang lấy dữ liệu: HPM
[2026-01-18T03:45:54.123+0000] {logging_mixin.py:188} INFO -  ✓ [RATIO] HPM: 32 rows
[2026-01-18T03:45:56.120+0000] {logging_mixin.py:188} INFO -  ✅ [RATIO] Hoàn thành batch. Tổng số dòng: 32
[2026-01-18T03:45:56.143+0000] {base.py:84} INFO - Using connection ID 'minio_finance' for task execution.
[2026-01-18T03:45:56.144+0000] {connection_wrapper.py:384} INFO - AWS Connection (conn_id='minio_finance', conn_type='aws') credentials retrieved from login and password.
[2026-01-18T03:45:56.993+0000] {datalake_df2csv.py:52} INFO - ✅ Đã upload 32 dòng -> s3://thongtin-congty-va-bctc/financial_ratios/2026-01-11/batch_542.csv
[2026-01-18T03:45:56.995+0000] {taskinstance.py:441} INFO - ::group::Post task execution logs
[2026-01-18T03:45:57.007+0000] {taskinstance.py:1206} INFO - Marking task as SUCCESS. dag_id=financial_ratios_etl, task_id=ingest_financial_ratios, run_id=scheduled__2026-01-11T02:00:00+00:00, map_index=542, execution_date=20260111T020000, start_date=20260118T034545, end_date=20260118T034557
[2026-01-18T03:45:57.077+0000] {local_task_job_runner.py:243} INFO - Task exited with return code 0
[2026-01-18T03:45:57.107+0000] {taskinstance.py:3503} INFO - 0 downstream tasks scheduled from follow-on schedule check
[2026-01-18T03:45:57.110+0000] {local_task_job_runner.py:222} INFO - ::endgroup::
