[2026-02-28T07:39:58.877+0000] {local_task_job_runner.py:120} INFO - ::group::Pre task execution logs
[2026-02-28T07:39:59.310+0000] {taskinstance.py:2076} INFO - Dependencies all met for dep_context=non-requeueable deps ti=<TaskInstance: company_hr.people_minio scheduled__2026-02-15T00:00:00+00:00 map_index=12 [queued]>
[2026-02-28T07:39:59.333+0000] {taskinstance.py:2076} INFO - Dependencies all met for dep_context=requeueable deps ti=<TaskInstance: company_hr.people_minio scheduled__2026-02-15T00:00:00+00:00 map_index=12 [queued]>
[2026-02-28T07:39:59.334+0000] {taskinstance.py:2306} INFO - Starting attempt 1 of 2
[2026-02-28T07:39:59.391+0000] {taskinstance.py:2330} INFO - Executing <Mapped(DfToCsvOperator): people_minio> on 2026-02-15 00:00:00+00:00
[2026-02-28T07:39:59.440+0000] {warnings.py:112} WARNING - This process (pid=423) is multi-threaded, use of fork() may lead to deadlocks in the child.

[2026-02-28T07:39:59.444+0000] {standard_task_runner.py:64} INFO - Started process 454 to run task
[2026-02-28T07:39:59.460+0000] {standard_task_runner.py:90} INFO - Running: ['***', 'tasks', 'run', 'company_hr', 'people_minio', 'scheduled__2026-02-15T00:00:00+00:00', '--job-id', '28640', '--raw', '--subdir', 'DAGS_FOLDER/dl_people.py', '--cfg-path', '/tmp/tmplbpo01o0', '--map-index', '12']
[2026-02-28T07:39:59.474+0000] {standard_task_runner.py:91} INFO - Job 28640: Subtask people_minio
[2026-02-28T07:39:59.629+0000] {task_command.py:426} INFO - Running <TaskInstance: company_hr.people_minio scheduled__2026-02-15T00:00:00+00:00 map_index=12 [running]> on host c3317bef54fc
[2026-02-28T07:40:00.182+0000] {taskinstance.py:2648} INFO - Exporting env vars: AIRFLOW_CTX_DAG_OWNER='***' AIRFLOW_CTX_DAG_ID='company_hr' AIRFLOW_CTX_TASK_ID='people_minio' AIRFLOW_CTX_EXECUTION_DATE='2026-02-15T00:00:00+00:00' AIRFLOW_CTX_TRY_NUMBER='1' AIRFLOW_CTX_DAG_RUN_ID='scheduled__2026-02-15T00:00:00+00:00'
[2026-02-28T07:40:00.185+0000] {taskinstance.py:430} INFO - ::endgroup::
[2026-02-28T07:40:00.186+0000] {datalake_df2csv.py:40} INFO - ================================================================================
[2026-02-28T07:40:00.187+0000] {datalake_df2csv.py:41} INFO - 🚀 BẮT ĐẦU TASK: people_minio
[2026-02-28T07:40:00.197+0000] {datalake_df2csv.py:42} INFO - ================================================================================
[2026-02-28T07:40:00.198+0000] {datalake_df2csv.py:43} INFO - 📋 Thông tin cấu hình:
[2026-02-28T07:40:00.199+0000] {datalake_df2csv.py:44} INFO -   - Logic file: thongtincongty
[2026-02-28T07:40:00.202+0000] {datalake_df2csv.py:45} INFO -   - DataFrame name: get_people_batch
[2026-02-28T07:40:00.205+0000] {datalake_df2csv.py:46} INFO -   - Bucket: thongtin-congty-va-bctc
[2026-02-28T07:40:00.208+0000] {datalake_df2csv.py:47} INFO -   - Object path: people/2026-02-15/batch_12.csv
[2026-02-28T07:40:00.209+0000] {datalake_df2csv.py:48} INFO -   - Connection ID: minio_finance
[2026-02-28T07:40:00.211+0000] {datalake_df2csv.py:49} INFO -   - Tham số truyền vào: {'symbols': ['UIC', 'DSH', 'VPS', 'VSA', 'SBB', 'ICI', 'DXP', 'AMV', 'TUG', 'NAC', 'FRC', 'AAM', 'DGC', 'SEB', 'BTW', 'AAT', 'PMG', 'HAX', 'VDS', 'WSB']}
[2026-02-28T07:40:00.212+0000] {datalake_df2csv.py:50} INFO - --------------------------------------------------------------------------------
[2026-02-28T07:40:00.214+0000] {datalake_df2csv.py:54} INFO - 📥 Bước 1: Đang load dữ liệu từ logic file...
[2026-02-28T07:40:00.237+0000] {datalake_df2csv.py:148} INFO -   - Logic directory: /opt/airflow/plugins/logic
[2026-02-28T07:40:00.249+0000] {datalake_df2csv.py:149} INFO -   - Module path: /opt/airflow/plugins/logic/thongtincongty.py
[2026-02-28T07:40:00.254+0000] {datalake_df2csv.py:153} INFO -   - Đã thêm logic directory vào sys.path
[2026-02-28T07:40:00.258+0000] {datalake_df2csv.py:159} INFO -   - Đang load module 'thongtincongty'...
[2026-02-28T07:40:00.288+0000] {datalake_df2csv.py:163} INFO -   - ✅ Module loaded thành công
[2026-02-28T07:40:00.289+0000] {datalake_df2csv.py:165} INFO -   - Đang tìm DataFrame/function: 'get_people_batch'...
[2026-02-28T07:40:00.291+0000] {datalake_df2csv.py:170} INFO -   - ✅ Tìm thấy object: function
[2026-02-28T07:40:00.294+0000] {datalake_df2csv.py:173} INFO -   - Đang gọi function với tham số: {'symbols': ['UIC', 'DSH', 'VPS', 'VSA', 'SBB', 'ICI', 'DXP', 'AMV', 'TUG', 'NAC', 'FRC', 'AAM', 'DGC', 'SEB', 'BTW', 'AAT', 'PMG', 'HAX', 'VDS', 'WSB']}
[2026-02-28T07:40:11.283+0000] {logging_mixin.py:188} INFO - officers DSH: RetryError[<Future at 0x7f458962bbf0 state=finished raised KeyError>]
[2026-02-28T07:40:27.894+0000] {log.py:232} WARNING - 2026-02-28 07:40:27 - vnstock.core.utils.client - ERROR - API request failed: HTTPSConnectionPool(host='trading.vietcap.com.vn', port=443): Max retries exceeded with url: /data-mt/graphql (Caused by NameResolutionError("<urllib3.connection.HTTPSConnection object at 0x7f458224eb70>: Failed to resolve 'trading.vietcap.com.vn' ([Errno -3] Temporary failure in name resolution)"))
[2026-02-28T07:40:27.044+0000] {client.py:297} ERROR - API request failed: HTTPSConnectionPool(host='trading.vietcap.com.vn', port=443): Max retries exceeded with url: /data-mt/graphql (Caused by NameResolutionError("<urllib3.connection.HTTPSConnection object at 0x7f458224eb70>: Failed to resolve 'trading.vietcap.com.vn' ([Errno -3] Temporary failure in name resolution)"))
[2026-02-28T07:40:46.284+0000] {logging_mixin.py:188} INFO - 
⚠️ 
============================================================
⚠️  GIỚI HẠN API ĐÃ ĐẠT TỐI ĐA (Rate Limit Exceeded)
============================================================

📌 Bạn đã đạt giới hạn tối đa số lượt yêu cầu API trong 1 phút (minute).
   (You have reached the maximum API request limit for this period)

📊 Chi tiết (Details):
   • Gói hiện tại: Khách (Guest)
   • Giới hạn: 20 requests/phút
   • Đã sử dụng: 20/20
   • Chờ 14 giây để tiếp tục (Wait to retry)

💡 Giải pháp (Solutions):
   1️⃣ Chờ 14 giây rồi thử lại
      (Wait and retry)
   2️⃣ Tham gia gói thành viên tài trợ để sử dụng không bị gián đoạn
      (Join sponsor membership for uninterrupted access)

🚀 Nâng cấp (Upgrade):
   • Phiên bản cộng đồng (60 request/phút - Community):
     Đăng ký API key miễn phí: https://vnstocks.com/login
   • Gói thành viên tài trợ (180-600 request/phút - Sponsor):
     Tham gia: https://vnstocks.com/insiders-program

============================================================
[2026-02-28T07:40:46.350+0000] {taskinstance.py:441} INFO - ::group::Post task execution logs
[2026-02-28T07:40:46.354+0000] {taskinstance.py:2907} ERROR - Task failed due to SystemExit(Rate limit exceeded. 
============================================================
⚠️  GIỚI HẠN API ĐÃ ĐẠT TỐI ĐA (Rate Limit Exceeded)
============================================================

📌 Bạn đã đạt giới hạn tối đa số lượt yêu cầu API trong 1 phút (minute).
   (You have reached the maximum API request limit for this period)

📊 Chi tiết (Details):
   • Gói hiện tại: Khách (Guest)
   • Giới hạn: 20 requests/phút
   • Đã sử dụng: 20/20
   • Chờ 14 giây để tiếp tục (Wait to retry)

💡 Giải pháp (Solutions):
   1️⃣ Chờ 14 giây rồi thử lại
      (Wait and retry)
   2️⃣ Tham gia gói thành viên tài trợ để sử dụng không bị gián đoạn
      (Join sponsor membership for uninterrupted access)

🚀 Nâng cấp (Upgrade):
   • Phiên bản cộng đồng (60 request/phút - Community):
     Đăng ký API key miễn phí: https://vnstocks.com/login
   • Gói thành viên tài trợ (180-600 request/phút - Sponsor):
     Tham gia: https://vnstocks.com/insiders-program

============================================================
 Process terminated.)
[2026-02-28T07:40:46.400+0000] {taskinstance.py:1206} INFO - Marking task as UP_FOR_RETRY. dag_id=company_hr, task_id=people_minio, run_id=scheduled__2026-02-15T00:00:00+00:00, map_index=12, execution_date=20260215T000000, start_date=20260228T073959, end_date=20260228T074046
[2026-02-28T07:40:46.457+0000] {standard_task_runner.py:110} ERROR - Failed to execute job 28640 for task people_minio (Task failed due to SystemExit(Rate limit exceeded. 
============================================================
⚠️  GIỚI HẠN API ĐÃ ĐẠT TỐI ĐA (Rate Limit Exceeded)
============================================================

📌 Bạn đã đạt giới hạn tối đa số lượt yêu cầu API trong 1 phút (minute).
   (You have reached the maximum API request limit for this period)

📊 Chi tiết (Details):
   • Gói hiện tại: Khách (Guest)
   • Giới hạn: 20 requests/phút
   • Đã sử dụng: 20/20
   • Chờ 14 giây để tiếp tục (Wait to retry)

💡 Giải pháp (Solutions):
   1️⃣ Chờ 14 giây rồi thử lại
      (Wait and retry)
   2️⃣ Tham gia gói thành viên tài trợ để sử dụng không bị gián đoạn
      (Join sponsor membership for uninterrupted access)

🚀 Nâng cấp (Upgrade):
   • Phiên bản cộng đồng (60 request/phút - Community):
     Đăng ký API key miễn phí: https://vnstocks.com/login
   • Gói thành viên tài trợ (180-600 request/phút - Sponsor):
     Tham gia: https://vnstocks.com/insiders-program

============================================================
 Process terminated.); 454)
[2026-02-28T07:40:46.567+0000] {local_task_job_runner.py:243} INFO - Task exited with return code 1
[2026-02-28T07:40:46.726+0000] {taskinstance.py:3503} INFO - 0 downstream tasks scheduled from follow-on schedule check
[2026-02-28T07:40:46.738+0000] {local_task_job_runner.py:222} INFO - ::endgroup::
