[2026-02-28T01:57:33.701+0000] {local_task_job_runner.py:120} INFO - ::group::Pre task execution logs
[2026-02-28T01:57:33.823+0000] {taskinstance.py:2076} INFO - Dependencies all met for dep_context=non-requeueable deps ti=<TaskInstance: daily_price.ingest_daily_price scheduled__2026-02-26T16:00:00+00:00 map_index=104 [queued]>
[2026-02-28T01:57:33.875+0000] {taskinstance.py:2076} INFO - Dependencies all met for dep_context=requeueable deps ti=<TaskInstance: daily_price.ingest_daily_price scheduled__2026-02-26T16:00:00+00:00 map_index=104 [queued]>
[2026-02-28T01:57:33.886+0000] {taskinstance.py:2306} INFO - Starting attempt 1 of 2
[2026-02-28T01:57:33.967+0000] {taskinstance.py:2330} INFO - Executing <Mapped(DfToCsvOperator): ingest_daily_price> on 2026-02-26 16:00:00+00:00
[2026-02-28T01:57:34.019+0000] {warnings.py:112} WARNING - This process (pid=1371) is multi-threaded, use of fork() may lead to deadlocks in the child.

[2026-02-28T01:57:34.024+0000] {standard_task_runner.py:64} INFO - Started process 1403 to run task
[2026-02-28T01:57:34.041+0000] {standard_task_runner.py:90} INFO - Running: ['***', 'tasks', 'run', 'daily_price', 'ingest_daily_price', 'scheduled__2026-02-26T16:00:00+00:00', '--job-id', '28255', '--raw', '--subdir', 'DAGS_FOLDER/dl_dailly_price.py', '--cfg-path', '/tmp/tmpjz7hwvf4', '--map-index', '104']
[2026-02-28T01:57:34.084+0000] {standard_task_runner.py:91} INFO - Job 28255: Subtask ingest_daily_price
[2026-02-28T01:57:34.492+0000] {task_command.py:426} INFO - Running <TaskInstance: daily_price.ingest_daily_price scheduled__2026-02-26T16:00:00+00:00 map_index=104 [running]> on host b6d397e728c6
[2026-02-28T01:57:36.332+0000] {taskinstance.py:2648} INFO - Exporting env vars: AIRFLOW_CTX_DAG_OWNER='***' AIRFLOW_CTX_DAG_ID='daily_price' AIRFLOW_CTX_TASK_ID='ingest_daily_price' AIRFLOW_CTX_EXECUTION_DATE='2026-02-26T16:00:00+00:00' AIRFLOW_CTX_TRY_NUMBER='1' AIRFLOW_CTX_DAG_RUN_ID='scheduled__2026-02-26T16:00:00+00:00'
[2026-02-28T01:57:36.340+0000] {taskinstance.py:430} INFO - ::endgroup::
[2026-02-28T01:57:36.342+0000] {datalake_df2csv.py:40} INFO - ================================================================================
[2026-02-28T01:57:36.343+0000] {datalake_df2csv.py:41} INFO - 🚀 BẮT ĐẦU TASK: ingest_daily_price
[2026-02-28T01:57:36.344+0000] {datalake_df2csv.py:42} INFO - ================================================================================
[2026-02-28T01:57:36.344+0000] {datalake_df2csv.py:43} INFO - 📋 Thông tin cấu hình:
[2026-02-28T01:57:36.345+0000] {datalake_df2csv.py:44} INFO -   - Logic file: history_price
[2026-02-28T01:57:36.345+0000] {datalake_df2csv.py:45} INFO -   - DataFrame name: get_history_price_batch
[2026-02-28T01:57:36.359+0000] {datalake_df2csv.py:46} INFO -   - Bucket: thongtin-congty-va-bctc
[2026-02-28T01:57:36.363+0000] {datalake_df2csv.py:47} INFO -   - Object path: daily_price/2026-02-26/batch_104.csv
[2026-02-28T01:57:36.370+0000] {datalake_df2csv.py:48} INFO -   - Connection ID: minio_finance
[2026-02-28T01:57:36.371+0000] {datalake_df2csv.py:49} INFO -   - Tham số truyền vào: {'symbols': ['SSF', 'TED', 'SAL', 'RAT', 'DCF'], 'start_date': '2026-02-26', 'end_date': '2026-02-27'}
[2026-02-28T01:57:36.374+0000] {datalake_df2csv.py:50} INFO - --------------------------------------------------------------------------------
[2026-02-28T01:57:36.377+0000] {datalake_df2csv.py:54} INFO - 📥 Bước 1: Đang load dữ liệu từ logic file...
[2026-02-28T01:57:36.401+0000] {datalake_df2csv.py:148} INFO -   - Logic directory: /opt/airflow/plugins/logic
[2026-02-28T01:57:36.411+0000] {datalake_df2csv.py:149} INFO -   - Module path: /opt/airflow/plugins/logic/history_price.py
[2026-02-28T01:57:36.416+0000] {datalake_df2csv.py:153} INFO -   - Đã thêm logic directory vào sys.path
[2026-02-28T01:57:36.431+0000] {datalake_df2csv.py:159} INFO -   - Đang load module 'history_price'...
[2026-02-28T01:57:36.448+0000] {datalake_df2csv.py:163} INFO -   - ✅ Module loaded thành công
[2026-02-28T01:57:36.459+0000] {datalake_df2csv.py:165} INFO -   - Đang tìm DataFrame/function: 'get_history_price_batch'...
[2026-02-28T01:57:36.460+0000] {datalake_df2csv.py:170} INFO -   - ✅ Tìm thấy object: function
[2026-02-28T01:57:36.461+0000] {datalake_df2csv.py:173} INFO -   - Đang gọi function với tham số: {'symbols': ['SSF', 'TED', 'SAL', 'RAT', 'DCF'], 'start_date': '2026-02-26', 'end_date': '2026-02-27'}
[2026-02-28T01:57:44.903+0000] {datalake_df2csv.py:68} INFO - ✅ Load dữ liệu thành công!
[2026-02-28T01:57:44.904+0000] {datalake_df2csv.py:69} INFO - 📊 Thông tin DataFrame:
[2026-02-28T01:57:44.906+0000] {datalake_df2csv.py:70} INFO -   - Số dòng: 15
[2026-02-28T01:57:44.912+0000] {datalake_df2csv.py:71} INFO -   - Số cột: 7
[2026-02-28T01:57:44.913+0000] {datalake_df2csv.py:72} INFO -   - Tên các cột: ['ticker', 'trading_date', 'open', 'high', 'low', 'close', 'volume']
[2026-02-28T01:57:44.922+0000] {datalake_df2csv.py:73} INFO -   - Kiểu dữ liệu: {'ticker': 'object', 'trading_date': 'object', 'open': 'float64', 'high': 'float64', 'low': 'float64', 'close': 'float64', 'volume': 'int64'}
[2026-02-28T01:57:44.929+0000] {datalake_df2csv.py:74} INFO -   - Bộ nhớ sử dụng: 0.00 MB
[2026-02-28T01:57:44.936+0000] {datalake_df2csv.py:83} INFO -   - Không có giá trị NULL
[2026-02-28T01:57:44.941+0000] {datalake_df2csv.py:86} INFO -   - Mẫu dữ liệu (5 dòng đầu):
[2026-02-28T01:57:44.953+0000] {datalake_df2csv.py:88} INFO -     Row 0: {'ticker': 'SSF', 'trading_date': '2024-07-23', 'open': 20.1, 'high': 20.1, 'low': 20.1, 'close': 20.1, 'volume': 0}
[2026-02-28T01:57:44.955+0000] {datalake_df2csv.py:88} INFO -     Row 1: {'ticker': 'SSF', 'trading_date': '2024-07-24', 'open': 20.1, 'high': 20.1, 'low': 20.1, 'close': 20.1, 'volume': 0}
[2026-02-28T01:57:44.964+0000] {datalake_df2csv.py:88} INFO -     Row 2: {'ticker': 'SSF', 'trading_date': '2024-07-25', 'open': 20.1, 'high': 20.1, 'low': 20.1, 'close': 20.1, 'volume': 0}
[2026-02-28T01:57:44.966+0000] {datalake_df2csv.py:88} INFO -     Row 3: {'ticker': 'TED', 'trading_date': '2026-02-12', 'open': 73.0, 'high': 73.0, 'low': 73.0, 'close': 73.0, 'volume': 100}
[2026-02-28T01:57:44.968+0000] {datalake_df2csv.py:88} INFO -     Row 4: {'ticker': 'TED', 'trading_date': '2026-02-23', 'open': 73.0, 'high': 73.0, 'low': 73.0, 'close': 73.0, 'volume': 100}
[2026-02-28T01:57:44.969+0000] {datalake_df2csv.py:90} INFO - --------------------------------------------------------------------------------
[2026-02-28T01:57:44.970+0000] {datalake_df2csv.py:93} INFO - 📝 Bước 2: Đang chuyển đổi DataFrame sang CSV...
[2026-02-28T01:57:45.046+0000] {datalake_df2csv.py:97} INFO - ✅ Chuyển đổi CSV thành công!
[2026-02-28T01:57:45.047+0000] {datalake_df2csv.py:98} INFO -   - Kích thước file: 0.00 MB
[2026-02-28T01:57:45.048+0000] {datalake_df2csv.py:99} INFO -   - Thời gian chuyển đổi: 0.08 giây
[2026-02-28T01:57:45.049+0000] {datalake_df2csv.py:100} INFO - --------------------------------------------------------------------------------
[2026-02-28T01:57:45.050+0000] {datalake_df2csv.py:103} INFO - ☁️  Bước 3: Đang upload lên MinIO/S3...
[2026-02-28T01:57:45.069+0000] {base.py:84} INFO - Using connection ID 'minio_finance' for task execution.
[2026-02-28T01:57:45.070+0000] {connection_wrapper.py:384} INFO - AWS Connection (conn_id='minio_finance', conn_type='aws') credentials retrieved from login and password.
[2026-02-28T01:57:46.205+0000] {datalake_df2csv.py:112} INFO -   - Bucket 'thongtin-congty-va-bctc' đã tồn tại
[2026-02-28T01:57:46.266+0000] {datalake_df2csv.py:117} INFO - ✅ Upload thành công!
[2026-02-28T01:57:46.266+0000] {datalake_df2csv.py:118} INFO -   - Đường dẫn: s3://thongtin-congty-va-bctc/daily_price/2026-02-26/batch_104.csv
[2026-02-28T01:57:46.267+0000] {datalake_df2csv.py:119} INFO -   - Số dòng: 15
[2026-02-28T01:57:46.268+0000] {datalake_df2csv.py:120} INFO -   - Thời gian upload: 1.21 giây
[2026-02-28T01:57:46.268+0000] {datalake_df2csv.py:121} INFO - --------------------------------------------------------------------------------
[2026-02-28T01:57:46.269+0000] {datalake_df2csv.py:125} INFO - 📈 TỔNG KẾT:
[2026-02-28T01:57:46.269+0000] {datalake_df2csv.py:126} INFO -   - Tổng thời gian thực thi: 9.93 giây
[2026-02-28T01:57:46.270+0000] {datalake_df2csv.py:127} INFO -   - Tốc độ xử lý: 2 dòng/giây
[2026-02-28T01:57:46.271+0000] {datalake_df2csv.py:128} INFO - ================================================================================
[2026-02-28T01:57:46.274+0000] {datalake_df2csv.py:129} INFO - ✅ HOÀN THÀNH TASK: ingest_daily_price
[2026-02-28T01:57:46.275+0000] {datalake_df2csv.py:130} INFO - ================================================================================
[2026-02-28T01:57:46.277+0000] {taskinstance.py:441} INFO - ::group::Post task execution logs
[2026-02-28T01:57:46.292+0000] {taskinstance.py:1206} INFO - Marking task as SUCCESS. dag_id=daily_price, task_id=ingest_daily_price, run_id=scheduled__2026-02-26T16:00:00+00:00, map_index=104, execution_date=20260226T160000, start_date=20260228T015733, end_date=20260228T015746
[2026-02-28T01:57:46.402+0000] {local_task_job_runner.py:243} INFO - Task exited with return code 0
[2026-02-28T01:57:46.434+0000] {taskinstance.py:3503} INFO - 0 downstream tasks scheduled from follow-on schedule check
[2026-02-28T01:57:46.446+0000] {local_task_job_runner.py:222} INFO - ::endgroup::
