[2026-03-21T07:35:13.110+0000] {local_task_job_runner.py:120} INFO - ::group::Pre task execution logs
[2026-03-21T07:35:13.162+0000] {taskinstance.py:2076} INFO - Dependencies all met for dep_context=non-requeueable deps ti=<TaskInstance: financial_ratios.ingest_financial_ratios scheduled__2026-03-08T02:00:00+00:00 map_index=240 [queued]>
[2026-03-21T07:35:13.212+0000] {taskinstance.py:2076} INFO - Dependencies all met for dep_context=requeueable deps ti=<TaskInstance: financial_ratios.ingest_financial_ratios scheduled__2026-03-08T02:00:00+00:00 map_index=240 [queued]>
[2026-03-21T07:35:13.212+0000] {taskinstance.py:2306} INFO - Starting attempt 1 of 2
[2026-03-21T07:35:13.250+0000] {taskinstance.py:2330} INFO - Executing <Mapped(DfToCsvOperator): ingest_financial_ratios> on 2026-03-08 02:00:00+00:00
[2026-03-21T07:35:13.274+0000] {warnings.py:112} WARNING - This process (pid=2090) is multi-threaded, use of fork() may lead to deadlocks in the child.

[2026-03-21T07:35:13.276+0000] {standard_task_runner.py:64} INFO - Started process 2139 to run task
[2026-03-21T07:35:13.278+0000] {standard_task_runner.py:90} INFO - Running: ['***', 'tasks', 'run', 'financial_ratios', 'ingest_financial_ratios', 'scheduled__2026-03-08T02:00:00+00:00', '--job-id', '33370', '--raw', '--subdir', 'DAGS_FOLDER/dl_financial_ratios.py', '--cfg-path', '/tmp/tmpsl0ryokn', '--map-index', '240']
[2026-03-21T07:35:13.288+0000] {standard_task_runner.py:91} INFO - Job 33370: Subtask ingest_financial_ratios
[2026-03-21T07:35:13.417+0000] {task_command.py:426} INFO - Running <TaskInstance: financial_ratios.ingest_financial_ratios scheduled__2026-03-08T02:00:00+00:00 map_index=240 [running]> on host f78ccc25496b
[2026-03-21T07:35:14.206+0000] {taskinstance.py:2648} INFO - Exporting env vars: AIRFLOW_CTX_DAG_OWNER='***' AIRFLOW_CTX_DAG_ID='financial_ratios' AIRFLOW_CTX_TASK_ID='ingest_financial_ratios' AIRFLOW_CTX_EXECUTION_DATE='2026-03-08T02:00:00+00:00' AIRFLOW_CTX_TRY_NUMBER='1' AIRFLOW_CTX_DAG_RUN_ID='scheduled__2026-03-08T02:00:00+00:00'
[2026-03-21T07:35:14.208+0000] {taskinstance.py:430} INFO - ::endgroup::
[2026-03-21T07:35:14.210+0000] {datalake_df2csv.py:40} INFO - ================================================================================
[2026-03-21T07:35:14.211+0000] {datalake_df2csv.py:41} INFO - 🚀 BẮT ĐẦU TASK: ingest_financial_ratios
[2026-03-21T07:35:14.212+0000] {datalake_df2csv.py:42} INFO - ================================================================================
[2026-03-21T07:35:14.214+0000] {datalake_df2csv.py:43} INFO - 📋 Thông tin cấu hình:
[2026-03-21T07:35:14.217+0000] {datalake_df2csv.py:44} INFO -   - Logic file: financial_ratios
[2026-03-21T07:35:14.218+0000] {datalake_df2csv.py:45} INFO -   - DataFrame name: get_financial_ratios_batch
[2026-03-21T07:35:14.219+0000] {datalake_df2csv.py:46} INFO -   - Bucket: thongtin-congty-va-bctc
[2026-03-21T07:35:14.219+0000] {datalake_df2csv.py:47} INFO -   - Object path: financial_ratios/2026-03-08/batch_240.csv
[2026-03-21T07:35:14.221+0000] {datalake_df2csv.py:48} INFO -   - Connection ID: minio_finance
[2026-03-21T07:35:14.221+0000] {datalake_df2csv.py:49} INFO -   - Tham số truyền vào: {'symbols': ['VNI', 'NAV'], 'period': 'quarter'}
[2026-03-21T07:35:14.223+0000] {datalake_df2csv.py:50} INFO - --------------------------------------------------------------------------------
[2026-03-21T07:35:14.223+0000] {datalake_df2csv.py:54} INFO - 📥 Bước 1: Đang load dữ liệu từ logic file...
[2026-03-21T07:35:14.228+0000] {datalake_df2csv.py:148} INFO -   - Logic directory: /opt/airflow/plugins/logic
[2026-03-21T07:35:14.230+0000] {datalake_df2csv.py:149} INFO -   - Module path: /opt/airflow/plugins/logic/financial_ratios.py
[2026-03-21T07:35:14.232+0000] {datalake_df2csv.py:153} INFO -   - Đã thêm logic directory vào sys.path
[2026-03-21T07:35:14.234+0000] {datalake_df2csv.py:159} INFO -   - Đang load module 'financial_ratios'...
[2026-03-21T07:35:14.238+0000] {datalake_df2csv.py:163} INFO -   - ✅ Module loaded thành công
[2026-03-21T07:35:14.239+0000] {datalake_df2csv.py:165} INFO -   - Đang tìm DataFrame/function: 'get_financial_ratios_batch'...
[2026-03-21T07:35:14.241+0000] {datalake_df2csv.py:170} INFO -   - ✅ Tìm thấy object: function
[2026-03-21T07:35:14.241+0000] {datalake_df2csv.py:173} INFO -   - Đang gọi function với tham số: {'symbols': ['VNI', 'NAV'], 'period': 'quarter'}
[2026-03-21T07:35:14.242+0000] {logging_mixin.py:188} INFO - [RATIO] Bắt đầu xử lý batch 2 mã: ['VNI', 'NAV']
[2026-03-21T07:35:14.243+0000] {logging_mixin.py:188} INFO - [RATIO] Kỳ dữ liệu: quarter
[2026-03-21T07:35:14.244+0000] {logging_mixin.py:188} INFO -  >> [RATIO] Đang lấy dữ liệu: VNI
[2026-03-21T07:35:25.784+0000] {log.py:232} WARNING - 2026-03-21 07:35:25 - vnstock.core.utils.client - ERROR - API request failed: HTTPSConnectionPool(host='trading.vietcap.com.vn', port=443): Max retries exceeded with url: /data-mt/graphql (Caused by NameResolutionError("<urllib3.connection.HTTPSConnection object at 0x7f3e9f695280>: Failed to resolve 'trading.vietcap.com.vn' ([Errno -3] Temporary failure in name resolution)"))
[2026-03-21T07:35:25.782+0000] {client.py:297} ERROR - API request failed: HTTPSConnectionPool(host='trading.vietcap.com.vn', port=443): Max retries exceeded with url: /data-mt/graphql (Caused by NameResolutionError("<urllib3.connection.HTTPSConnection object at 0x7f3e9f695280>: Failed to resolve 'trading.vietcap.com.vn' ([Errno -3] Temporary failure in name resolution)"))
[2026-03-21T07:35:25.791+0000] {logging_mixin.py:188} INFO -  ❌ [RATIO] Lỗi xử lý mã VNI: API request failed: HTTPSConnectionPool(host='trading.vietcap.com.vn', port=443): Max retries exceeded with url: /data-mt/graphql (Caused by NameResolutionError("<urllib3.connection.HTTPSConnection object at 0x7f3e9f695280>: Failed to resolve 'trading.vietcap.com.vn' ([Errno -3] Temporary failure in name resolution)"))
[2026-03-21T07:35:25.792+0000] {logging_mixin.py:188} INFO -  >> [RATIO] Đang lấy dữ liệu: NAV
[2026-03-21T07:35:47.922+0000] {log.py:232} WARNING - 2026-03-21 07:35:47 - vnstock.core.utils.client - ERROR - API request failed: HTTPSConnectionPool(host='trading.vietcap.com.vn', port=443): Max retries exceeded with url: /data-mt/graphql (Caused by NewConnectionError('<urllib3.connection.HTTPSConnection object at 0x7f3e9c16a2a0>: Failed to establish a new connection: [Errno 101] Network is unreachable'))
[2026-03-21T07:35:47.922+0000] {client.py:297} ERROR - API request failed: HTTPSConnectionPool(host='trading.vietcap.com.vn', port=443): Max retries exceeded with url: /data-mt/graphql (Caused by NewConnectionError('<urllib3.connection.HTTPSConnection object at 0x7f3e9c16a2a0>: Failed to establish a new connection: [Errno 101] Network is unreachable'))
[2026-03-21T07:35:47.924+0000] {logging_mixin.py:188} INFO -  ❌ [RATIO] Lỗi xử lý mã NAV: API request failed: HTTPSConnectionPool(host='trading.vietcap.com.vn', port=443): Max retries exceeded with url: /data-mt/graphql (Caused by NewConnectionError('<urllib3.connection.HTTPSConnection object at 0x7f3e9c16a2a0>: Failed to establish a new connection: [Errno 101] Network is unreachable'))
[2026-03-21T07:35:47.925+0000] {logging_mixin.py:188} INFO -  ⚠ [RATIO] Batch này không thu được dữ liệu nào.
[2026-03-21T07:35:47.928+0000] {datalake_df2csv.py:58} WARNING - ⚠️  DataFrame rỗng hoặc None
[2026-03-21T07:35:47.929+0000] {datalake_df2csv.py:59} INFO - 📊 Thông tin DataFrame:
[2026-03-21T07:35:47.930+0000] {datalake_df2csv.py:60} INFO -   - Số dòng: 0
[2026-03-21T07:35:47.930+0000] {datalake_df2csv.py:61} INFO -   - Kết luận: Bỏ qua upload CSV
[2026-03-21T07:35:47.931+0000] {datalake_df2csv.py:62} INFO - ================================================================================
[2026-03-21T07:35:47.932+0000] {datalake_df2csv.py:63} INFO - ✅ KẾT THÚC TASK (không có dữ liệu): ingest_financial_ratios
[2026-03-21T07:35:47.933+0000] {datalake_df2csv.py:64} INFO - ================================================================================
[2026-03-21T07:35:47.934+0000] {taskinstance.py:441} INFO - ::group::Post task execution logs
[2026-03-21T07:35:47.951+0000] {taskinstance.py:1206} INFO - Marking task as SUCCESS. dag_id=financial_ratios, task_id=ingest_financial_ratios, run_id=scheduled__2026-03-08T02:00:00+00:00, map_index=240, execution_date=20260308T020000, start_date=20260321T073513, end_date=20260321T073547
[2026-03-21T07:35:48.020+0000] {local_task_job_runner.py:243} INFO - Task exited with return code 0
[2026-03-21T07:35:48.045+0000] {taskinstance.py:3503} INFO - 0 downstream tasks scheduled from follow-on schedule check
[2026-03-21T07:35:48.050+0000] {local_task_job_runner.py:222} INFO - ::endgroup::
