[2026-01-15T13:21:49.318+0000] {local_task_job_runner.py:120} INFO - ::group::Pre task execution logs
[2026-01-15T13:21:49.356+0000] {taskinstance.py:2076} INFO - Dependencies all met for dep_context=non-requeueable deps ti=<TaskInstance: bctc.ingest_bctc manual__2026-01-15T12:56:58+00:00 map_index=74 [queued]>
[2026-01-15T13:21:49.380+0000] {taskinstance.py:2076} INFO - Dependencies all met for dep_context=requeueable deps ti=<TaskInstance: bctc.ingest_bctc manual__2026-01-15T12:56:58+00:00 map_index=74 [queued]>
[2026-01-15T13:21:49.381+0000] {taskinstance.py:2306} INFO - Starting attempt 1 of 2
[2026-01-15T13:21:49.403+0000] {taskinstance.py:2330} INFO - Executing <Mapped(DfToCsvOperator): ingest_bctc> on 2026-01-15 12:56:58+00:00
[2026-01-15T13:21:49.418+0000] {warnings.py:112} WARNING - This process (pid=6084) is multi-threaded, use of fork() may lead to deadlocks in the child.

[2026-01-15T13:21:49.420+0000] {standard_task_runner.py:64} INFO - Started process 6115 to run task
[2026-01-15T13:21:49.423+0000] {standard_task_runner.py:90} INFO - Running: ['***', 'tasks', 'run', 'bctc', 'ingest_bctc', 'manual__2026-01-15T12:56:58+00:00', '--job-id', '16096', '--raw', '--subdir', 'DAGS_FOLDER/tt_cty_bctc.py', '--cfg-path', '/tmp/tmp1r10hn9k', '--map-index', '74']
[2026-01-15T13:21:49.429+0000] {standard_task_runner.py:91} INFO - Job 16096: Subtask ingest_bctc
[2026-01-15T13:21:49.526+0000] {task_command.py:426} INFO - Running <TaskInstance: bctc.ingest_bctc manual__2026-01-15T12:56:58+00:00 map_index=74 [running]> on host 48331fd7a179
[2026-01-15T13:21:49.713+0000] {taskinstance.py:2648} INFO - Exporting env vars: AIRFLOW_CTX_DAG_OWNER='***' AIRFLOW_CTX_DAG_ID='bctc' AIRFLOW_CTX_TASK_ID='ingest_bctc' AIRFLOW_CTX_EXECUTION_DATE='2026-01-15T12:56:58+00:00' AIRFLOW_CTX_TRY_NUMBER='1' AIRFLOW_CTX_DAG_RUN_ID='manual__2026-01-15T12:56:58+00:00'
[2026-01-15T13:21:49.714+0000] {taskinstance.py:430} INFO - ::endgroup::
[2026-01-15T13:21:49.724+0000] {logging_mixin.py:188} INFO - Bắt đầu xử lý batch 20 mã: ['CMC', 'CLX', 'CLW', 'CLM', 'CLL', 'CLH', 'CLG', 'CLC', 'CKV', 'CKG', 'CKD', 'CKA', 'CK8', 'CJC', 'CIP', 'CII', 'CIG', 'CID', 'CIA', 'CI5']
[2026-01-15T13:21:49.725+0000] {logging_mixin.py:188} INFO -  >> Đang lấy dữ liệu: CMC
[2026-01-15T13:21:57.071+0000] {logging_mixin.py:188} INFO - ❌ Lỗi income_statement: RetryError[<Future at 0x7fd9e9367e00 state=finished raised ConnectionError>]
[2026-01-15T13:22:05.097+0000] {logging_mixin.py:188} INFO -  >> Đang lấy dữ liệu: CLX
[2026-01-15T13:22:16.889+0000] {logging_mixin.py:188} INFO -  >> Đang lấy dữ liệu: CLW
[2026-01-15T13:22:17.173+0000] {logging_mixin.py:188} INFO -  Lỗi xử lý mã CLW: Failed to fetch data: 429 - Too Many Requests
[2026-01-15T13:22:17.175+0000] {logging_mixin.py:188} INFO -  >> Đang lấy dữ liệu: CLM
[2026-01-15T13:22:27.623+0000] {logging_mixin.py:188} INFO -  >> Đang lấy dữ liệu: CLL
[2026-01-15T13:22:29.088+0000] {logging_mixin.py:188} INFO -  Lỗi xử lý mã CLL: Failed to fetch data: 429 - Too Many Requests
[2026-01-15T13:22:29.090+0000] {logging_mixin.py:188} INFO -  >> Đang lấy dữ liệu: CLH
[2026-01-15T13:22:40.870+0000] {logging_mixin.py:188} INFO -  >> Đang lấy dữ liệu: CLG
[2026-01-15T13:22:40.970+0000] {logging_mixin.py:188} INFO -  Lỗi xử lý mã CLG: Failed to fetch data: 429 - Too Many Requests
[2026-01-15T13:22:40.971+0000] {logging_mixin.py:188} INFO -  >> Đang lấy dữ liệu: CLC
[2026-01-15T13:22:54.837+0000] {logging_mixin.py:188} INFO -  >> Đang lấy dữ liệu: CKV
[2026-01-15T13:23:08.737+0000] {logging_mixin.py:188} INFO -  >> Đang lấy dữ liệu: CKG
[2026-01-15T13:23:10.033+0000] {logging_mixin.py:188} INFO -  Lỗi xử lý mã CKG: Failed to fetch data: 429 - Too Many Requests
[2026-01-15T13:23:10.034+0000] {logging_mixin.py:188} INFO -  >> Đang lấy dữ liệu: CKD
[2026-01-15T13:23:10.161+0000] {logging_mixin.py:188} INFO -  Lỗi xử lý mã CKD: Failed to fetch data: 429 - Too Many Requests
[2026-01-15T13:23:10.162+0000] {logging_mixin.py:188} INFO -  >> Đang lấy dữ liệu: CKA
[2026-01-15T13:23:15.401+0000] {logging_mixin.py:188} INFO - ❌ Lỗi income_statement: RetryError[<Future at 0x7fd9e92e90d0 state=finished raised KeyError>]
[2026-01-15T13:23:21.572+0000] {logging_mixin.py:188} INFO - ❌ Lỗi balance_sheet: RetryError[<Future at 0x7fd9e92e96a0 state=finished raised ConnectionError>]
[2026-01-15T13:23:27.606+0000] {logging_mixin.py:188} INFO - ❌ Lỗi cash_flow: RetryError[<Future at 0x7fd9e9271580 state=finished raised KeyError>]
[2026-01-15T13:23:31.108+0000] {logging_mixin.py:188} INFO -  >> Đang lấy dữ liệu: CK8
[2026-01-15T13:23:36.922+0000] {logging_mixin.py:188} INFO - ❌ Lỗi income_statement: RetryError[<Future at 0x7fd9e9273890 state=finished raised KeyError>]
[2026-01-15T13:23:43.229+0000] {logging_mixin.py:188} INFO - ❌ Lỗi balance_sheet: RetryError[<Future at 0x7fd9e92709b0 state=finished raised KeyError>]
[2026-01-15T13:23:49.443+0000] {logging_mixin.py:188} INFO - ❌ Lỗi cash_flow: RetryError[<Future at 0x7fd9e92ebcb0 state=finished raised KeyError>]
[2026-01-15T13:23:52.946+0000] {logging_mixin.py:188} INFO -  >> Đang lấy dữ liệu: CJC
[2026-01-15T13:23:59.539+0000] {logging_mixin.py:188} INFO - ❌ Lỗi income_statement: RetryError[<Future at 0x7fd9e925f290 state=finished raised ConnectionError>]
[2026-01-15T13:24:14.396+0000] {logging_mixin.py:188} INFO -  >> Đang lấy dữ liệu: CIP
[2026-01-15T13:24:19.795+0000] {logging_mixin.py:188} INFO - ❌ Lỗi income_statement: RetryError[<Future at 0x7fd9e924cd10 state=finished raised KeyError>]
[2026-01-15T13:24:26.058+0000] {logging_mixin.py:188} INFO - ❌ Lỗi balance_sheet: RetryError[<Future at 0x7fd9e924ddc0 state=finished raised KeyError>]
[2026-01-15T13:24:33.461+0000] {logging_mixin.py:188} INFO - ❌ Lỗi cash_flow: RetryError[<Future at 0x7fd9e924dd90 state=finished raised KeyError>]
[2026-01-15T13:24:36.962+0000] {logging_mixin.py:188} INFO -  >> Đang lấy dữ liệu: CII
[2026-01-15T13:24:37.090+0000] {logging_mixin.py:188} INFO -  Lỗi xử lý mã CII: Failed to fetch data: 429 - Too Many Requests
[2026-01-15T13:24:37.091+0000] {logging_mixin.py:188} INFO -  >> Đang lấy dữ liệu: CIG
[2026-01-15T13:24:50.879+0000] {logging_mixin.py:188} INFO -  >> Đang lấy dữ liệu: CID
[2026-01-15T13:25:00.662+0000] {logging_mixin.py:188} INFO -  >> Đang lấy dữ liệu: CIA
[2026-01-15T13:25:00.763+0000] {logging_mixin.py:188} INFO -  Lỗi xử lý mã CIA: Failed to fetch data: 429 - Too Many Requests
[2026-01-15T13:25:00.765+0000] {logging_mixin.py:188} INFO -  >> Đang lấy dữ liệu: CI5
[2026-01-15T13:25:05.547+0000] {logging_mixin.py:188} INFO - ❌ Lỗi income_statement: RetryError[<Future at 0x7fd9e92ae8a0 state=finished raised ConnectionError>]
[2026-01-15T13:25:11.613+0000] {logging_mixin.py:188} INFO - ❌ Lỗi balance_sheet: RetryError[<Future at 0x7fd9e9285fd0 state=finished raised KeyError>]
[2026-01-15T13:25:17.551+0000] {logging_mixin.py:188} INFO - ❌ Lỗi cash_flow: RetryError[<Future at 0x7fd9e9286510 state=finished raised KeyError>]
[2026-01-15T13:25:21.052+0000] {logging_mixin.py:188} INFO -  ⚠ Batch này không thu được dữ liệu nào.
[2026-01-15T13:25:21.054+0000] {datalake_df2csv.py:40} INFO - DataFrame rỗng, bỏ qua upload CSV.
[2026-01-15T13:25:21.054+0000] {taskinstance.py:441} INFO - ::group::Post task execution logs
[2026-01-15T13:25:21.070+0000] {taskinstance.py:1206} INFO - Marking task as SUCCESS. dag_id=bctc, task_id=ingest_bctc, run_id=manual__2026-01-15T12:56:58+00:00, map_index=74, execution_date=20260115T125658, start_date=20260115T132149, end_date=20260115T132521
[2026-01-15T13:25:21.131+0000] {local_task_job_runner.py:243} INFO - Task exited with return code 0
[2026-01-15T13:25:21.189+0000] {taskinstance.py:3503} INFO - 0 downstream tasks scheduled from follow-on schedule check
[2026-01-15T13:25:21.192+0000] {local_task_job_runner.py:222} INFO - ::endgroup::
