[2026-02-07T00:53:24.809+0000] {local_task_job_runner.py:120} INFO - ::group::Pre task execution logs
[2026-02-07T00:53:24.847+0000] {taskinstance.py:2076} INFO - Dependencies all met for dep_context=non-requeueable deps ti=<TaskInstance: electric_board_daily.ingest_electric_board scheduled__2026-02-05T16:00:00+00:00 map_index=12 [queued]>
[2026-02-07T00:53:24.871+0000] {taskinstance.py:2076} INFO - Dependencies all met for dep_context=requeueable deps ti=<TaskInstance: electric_board_daily.ingest_electric_board scheduled__2026-02-05T16:00:00+00:00 map_index=12 [queued]>
[2026-02-07T00:53:24.872+0000] {taskinstance.py:2306} INFO - Starting attempt 1 of 3
[2026-02-07T00:53:24.909+0000] {taskinstance.py:2330} INFO - Executing <Mapped(DfToCsvOperator): ingest_electric_board> on 2026-02-05 16:00:00+00:00
[2026-02-07T00:53:24.928+0000] {warnings.py:112} WARNING - This process (pid=3506) is multi-threaded, use of fork() may lead to deadlocks in the child.

[2026-02-07T00:53:24.931+0000] {standard_task_runner.py:64} INFO - Started process 3565 to run task
[2026-02-07T00:53:24.935+0000] {standard_task_runner.py:90} INFO - Running: ['***', 'tasks', 'run', 'electric_board_daily', 'ingest_electric_board', 'scheduled__2026-02-05T16:00:00+00:00', '--job-id', '19010', '--raw', '--subdir', 'DAGS_FOLDER/dl_electric_board.py', '--cfg-path', '/tmp/tmph9hhgd1h', '--map-index', '12']
[2026-02-07T00:53:24.941+0000] {standard_task_runner.py:91} INFO - Job 19010: Subtask ingest_electric_board
[2026-02-07T00:53:25.033+0000] {task_command.py:426} INFO - Running <TaskInstance: electric_board_daily.ingest_electric_board scheduled__2026-02-05T16:00:00+00:00 map_index=12 [running]> on host 92ec87cbc427
[2026-02-07T00:53:25.220+0000] {taskinstance.py:2648} INFO - Exporting env vars: AIRFLOW_CTX_DAG_OWNER='***' AIRFLOW_CTX_DAG_ID='electric_board_daily' AIRFLOW_CTX_TASK_ID='ingest_electric_board' AIRFLOW_CTX_EXECUTION_DATE='2026-02-05T16:00:00+00:00' AIRFLOW_CTX_TRY_NUMBER='1' AIRFLOW_CTX_DAG_RUN_ID='scheduled__2026-02-05T16:00:00+00:00'
[2026-02-07T00:53:25.222+0000] {taskinstance.py:430} INFO - ::endgroup::
[2026-02-07T00:53:25.240+0000] {logging_mixin.py:188} INFO - [ELECTRIC_BOARD] Fetching price board for 50 symbols: ['PXA', 'PX1', 'PWS', 'PWA', 'PVY']...
[2026-02-07T00:53:25.493+0000] {logging_mixin.py:188} INFO - [ELECTRIC_BOARD] Filtered to 30 rows with trading_status_code = 20
[2026-02-07T00:53:25.495+0000] {logging_mixin.py:188} INFO - [ELECTRIC_BOARD] ✅ Fetched 30 rows, 22 columns
[2026-02-07T00:53:25.520+0000] {base.py:84} INFO - Using connection ID 'minio_finance' for task execution.
[2026-02-07T00:53:25.521+0000] {connection_wrapper.py:384} INFO - AWS Connection (conn_id='minio_finance', conn_type='aws') credentials retrieved from login and password.
[2026-02-07T00:53:26.438+0000] {datalake_df2csv.py:52} INFO - ✅ Đã upload 30 dòng -> s3://thongtin-congty-va-bctc/electric_board_per_day/2026-02-05/batch_12.csv
[2026-02-07T00:53:26.439+0000] {taskinstance.py:441} INFO - ::group::Post task execution logs
[2026-02-07T00:53:26.454+0000] {taskinstance.py:1206} INFO - Marking task as SUCCESS. dag_id=electric_board_daily, task_id=ingest_electric_board, run_id=scheduled__2026-02-05T16:00:00+00:00, map_index=12, execution_date=20260205T160000, start_date=20260207T005324, end_date=20260207T005326
[2026-02-07T00:53:26.516+0000] {local_task_job_runner.py:243} INFO - Task exited with return code 0
[2026-02-07T00:53:26.542+0000] {taskinstance.py:3503} INFO - 0 downstream tasks scheduled from follow-on schedule check
[2026-02-07T00:53:26.548+0000] {local_task_job_runner.py:222} INFO - ::endgroup::
