[2026-01-14T15:25:27.373+0000] {local_task_job_runner.py:120} INFO - ::group::Pre task execution logs
[2026-01-14T15:25:27.447+0000] {taskinstance.py:2076} INFO - Dependencies all met for dep_context=non-requeueable deps ti=<TaskInstance: bctc.ingest_bctc manual__2026-01-14T15:18:32+00:00 map_index=70 [queued]>
[2026-01-14T15:25:27.515+0000] {taskinstance.py:2076} INFO - Dependencies all met for dep_context=requeueable deps ti=<TaskInstance: bctc.ingest_bctc manual__2026-01-14T15:18:32+00:00 map_index=70 [queued]>
[2026-01-14T15:25:27.517+0000] {taskinstance.py:2306} INFO - Starting attempt 1 of 2
[2026-01-14T15:25:27.566+0000] {taskinstance.py:2330} INFO - Executing <Mapped(DfToCsvOperator): ingest_bctc> on 2026-01-14 15:18:32+00:00
[2026-01-14T15:25:27.603+0000] {warnings.py:112} WARNING - This process (pid=5879) is multi-threaded, use of fork() may lead to deadlocks in the child.

[2026-01-14T15:25:27.617+0000] {standard_task_runner.py:64} INFO - Started process 5982 to run task
[2026-01-14T15:25:27.612+0000] {standard_task_runner.py:90} INFO - Running: ['***', 'tasks', 'run', 'bctc', 'ingest_bctc', 'manual__2026-01-14T15:18:32+00:00', '--job-id', '15787', '--raw', '--subdir', 'DAGS_FOLDER/tt_cty_bctc.py', '--cfg-path', '/tmp/tmpbxbq8yr_', '--map-index', '70']
[2026-01-14T15:25:27.628+0000] {standard_task_runner.py:91} INFO - Job 15787: Subtask ingest_bctc
[2026-01-14T15:25:27.752+0000] {task_command.py:426} INFO - Running <TaskInstance: bctc.ingest_bctc manual__2026-01-14T15:18:32+00:00 map_index=70 [running]> on host 4b83cd04ee12
[2026-01-14T15:25:28.005+0000] {taskinstance.py:2648} INFO - Exporting env vars: AIRFLOW_CTX_DAG_OWNER='***' AIRFLOW_CTX_DAG_ID='bctc' AIRFLOW_CTX_TASK_ID='ingest_bctc' AIRFLOW_CTX_EXECUTION_DATE='2026-01-14T15:18:32+00:00' AIRFLOW_CTX_TRY_NUMBER='1' AIRFLOW_CTX_DAG_RUN_ID='manual__2026-01-14T15:18:32+00:00'
[2026-01-14T15:25:28.007+0000] {taskinstance.py:430} INFO - ::endgroup::
[2026-01-14T15:25:28.026+0000] {logging_mixin.py:188} INFO - Bắt đầu xử lý batch 20 mã: ['DCL', 'DCH', 'DCG', 'DCF', 'DC4', 'DC2', 'DC1', 'DBW', 'DBT', 'DBM', 'DBH', 'DBD', 'DBC', 'DAT', 'DAS', 'DAR', 'DAN', 'DAH', 'DAG', 'DAE']
[2026-01-14T15:25:28.030+0000] {logging_mixin.py:188} INFO -  >> Đang lấy dữ liệu: DCL
[2026-01-14T15:25:28.182+0000] {logging_mixin.py:188} INFO -  Lỗi xử lý mã DCL: Failed to fetch data: 429 - Too Many Requests
[2026-01-14T15:25:28.184+0000] {logging_mixin.py:188} INFO -  >> Đang lấy dữ liệu: DCH
[2026-01-14T15:25:28.292+0000] {logging_mixin.py:188} INFO -  Lỗi xử lý mã DCH: Failed to fetch data: 429 - Too Many Requests
[2026-01-14T15:25:28.294+0000] {logging_mixin.py:188} INFO -  >> Đang lấy dữ liệu: DCG
[2026-01-14T15:25:28.409+0000] {logging_mixin.py:188} INFO -  Lỗi xử lý mã DCG: Failed to fetch data: 429 - Too Many Requests
[2026-01-14T15:25:28.410+0000] {logging_mixin.py:188} INFO -  >> Đang lấy dữ liệu: DCF
[2026-01-14T15:25:28.534+0000] {logging_mixin.py:188} INFO -  Lỗi xử lý mã DCF: Failed to fetch data: 429 - Too Many Requests
[2026-01-14T15:25:28.538+0000] {logging_mixin.py:188} INFO -  >> Đang lấy dữ liệu: DC4
[2026-01-14T15:25:28.691+0000] {logging_mixin.py:188} INFO -  Lỗi xử lý mã DC4: Failed to fetch data: 429 - Too Many Requests
[2026-01-14T15:25:28.694+0000] {logging_mixin.py:188} INFO -  >> Đang lấy dữ liệu: DC2
[2026-01-14T15:25:28.820+0000] {logging_mixin.py:188} INFO -  Lỗi xử lý mã DC2: Failed to fetch data: 429 - Too Many Requests
[2026-01-14T15:25:28.822+0000] {logging_mixin.py:188} INFO -  >> Đang lấy dữ liệu: DC1
[2026-01-14T15:25:28.951+0000] {logging_mixin.py:188} INFO -  Lỗi xử lý mã DC1: Failed to fetch data: 429 - Too Many Requests
[2026-01-14T15:25:28.955+0000] {logging_mixin.py:188} INFO -  >> Đang lấy dữ liệu: DBW
[2026-01-14T15:25:29.064+0000] {logging_mixin.py:188} INFO -  Lỗi xử lý mã DBW: Failed to fetch data: 429 - Too Many Requests
[2026-01-14T15:25:29.065+0000] {logging_mixin.py:188} INFO -  >> Đang lấy dữ liệu: DBT
[2026-01-14T15:25:29.172+0000] {logging_mixin.py:188} INFO -  Lỗi xử lý mã DBT: Failed to fetch data: 429 - Too Many Requests
[2026-01-14T15:25:29.174+0000] {logging_mixin.py:188} INFO -  >> Đang lấy dữ liệu: DBM
[2026-01-14T15:25:29.283+0000] {logging_mixin.py:188} INFO -  Lỗi xử lý mã DBM: Failed to fetch data: 429 - Too Many Requests
[2026-01-14T15:25:29.285+0000] {logging_mixin.py:188} INFO -  >> Đang lấy dữ liệu: DBH
[2026-01-14T15:25:29.403+0000] {logging_mixin.py:188} INFO -  Lỗi xử lý mã DBH: Failed to fetch data: 429 - Too Many Requests
[2026-01-14T15:25:29.404+0000] {logging_mixin.py:188} INFO -  >> Đang lấy dữ liệu: DBD
[2026-01-14T15:25:29.528+0000] {logging_mixin.py:188} INFO -  Lỗi xử lý mã DBD: Failed to fetch data: 429 - Too Many Requests
[2026-01-14T15:25:29.532+0000] {logging_mixin.py:188} INFO -  >> Đang lấy dữ liệu: DBC
[2026-01-14T15:25:29.679+0000] {logging_mixin.py:188} INFO -  Lỗi xử lý mã DBC: Failed to fetch data: 429 - Too Many Requests
[2026-01-14T15:25:29.685+0000] {logging_mixin.py:188} INFO -  >> Đang lấy dữ liệu: DAT
[2026-01-14T15:25:29.798+0000] {logging_mixin.py:188} INFO -  Lỗi xử lý mã DAT: Failed to fetch data: 429 - Too Many Requests
[2026-01-14T15:25:29.799+0000] {logging_mixin.py:188} INFO -  >> Đang lấy dữ liệu: DAS
[2026-01-14T15:25:29.915+0000] {logging_mixin.py:188} INFO -  Lỗi xử lý mã DAS: Failed to fetch data: 429 - Too Many Requests
[2026-01-14T15:25:29.917+0000] {logging_mixin.py:188} INFO -  >> Đang lấy dữ liệu: DAR
[2026-01-14T15:25:30.032+0000] {logging_mixin.py:188} INFO -  Lỗi xử lý mã DAR: Failed to fetch data: 429 - Too Many Requests
[2026-01-14T15:25:30.033+0000] {logging_mixin.py:188} INFO -  >> Đang lấy dữ liệu: DAN
[2026-01-14T15:25:30.155+0000] {logging_mixin.py:188} INFO -  Lỗi xử lý mã DAN: Failed to fetch data: 429 - Too Many Requests
[2026-01-14T15:25:30.156+0000] {logging_mixin.py:188} INFO -  >> Đang lấy dữ liệu: DAH
[2026-01-14T15:25:30.274+0000] {logging_mixin.py:188} INFO -  Lỗi xử lý mã DAH: Failed to fetch data: 429 - Too Many Requests
[2026-01-14T15:25:30.277+0000] {logging_mixin.py:188} INFO -  >> Đang lấy dữ liệu: DAG
[2026-01-14T15:25:30.392+0000] {logging_mixin.py:188} INFO -  Lỗi xử lý mã DAG: Failed to fetch data: 429 - Too Many Requests
[2026-01-14T15:25:30.393+0000] {logging_mixin.py:188} INFO -  >> Đang lấy dữ liệu: DAE
[2026-01-14T15:25:30.509+0000] {logging_mixin.py:188} INFO -  Lỗi xử lý mã DAE: Failed to fetch data: 429 - Too Many Requests
[2026-01-14T15:25:30.513+0000] {logging_mixin.py:188} INFO -  ⚠ Batch này không thu được dữ liệu nào.
[2026-01-14T15:25:30.520+0000] {datalake_df2csv.py:40} INFO - DataFrame rỗng, bỏ qua upload CSV.
[2026-01-14T15:25:30.521+0000] {taskinstance.py:441} INFO - ::group::Post task execution logs
[2026-01-14T15:25:30.542+0000] {taskinstance.py:1206} INFO - Marking task as SUCCESS. dag_id=bctc, task_id=ingest_bctc, run_id=manual__2026-01-14T15:18:32+00:00, map_index=70, execution_date=20260114T151832, start_date=20260114T152527, end_date=20260114T152530
[2026-01-14T15:25:30.658+0000] {local_task_job_runner.py:243} INFO - Task exited with return code 0
[2026-01-14T15:25:30.740+0000] {taskinstance.py:3503} INFO - 0 downstream tasks scheduled from follow-on schedule check
[2026-01-14T15:25:30.747+0000] {local_task_job_runner.py:222} INFO - ::endgroup::
