[2026-01-24T08:45:05.776+0000] {local_task_job_runner.py:120} INFO - ::group::Pre task execution logs
[2026-01-24T08:45:05.817+0000] {taskinstance.py:2076} INFO - Dependencies all met for dep_context=non-requeueable deps ti=<TaskInstance: financial_ratios_etl.ingest_financial_ratios manual__2026-01-24T08:33:50+00:00 map_index=165 [queued]>
[2026-01-24T08:45:05.848+0000] {taskinstance.py:2076} INFO - Dependencies all met for dep_context=requeueable deps ti=<TaskInstance: financial_ratios_etl.ingest_financial_ratios manual__2026-01-24T08:33:50+00:00 map_index=165 [queued]>
[2026-01-24T08:45:05.848+0000] {taskinstance.py:2306} INFO - Starting attempt 1 of 2
[2026-01-24T08:45:05.871+0000] {taskinstance.py:2330} INFO - Executing <Mapped(DfToCsvOperator): ingest_financial_ratios> on 2026-01-24 08:33:50+00:00
[2026-01-24T08:45:05.885+0000] {warnings.py:112} WARNING - This process (pid=7620) is multi-threaded, use of fork() may lead to deadlocks in the child.

[2026-01-24T08:45:05.890+0000] {standard_task_runner.py:90} INFO - Running: ['***', 'tasks', 'run', 'financial_ratios_etl', 'ingest_financial_ratios', 'manual__2026-01-24T08:33:50+00:00', '--job-id', '6250', '--raw', '--subdir', 'DAGS_FOLDER/financial_ratios_etl.py', '--cfg-path', '/tmp/tmpyeqctvbw', '--map-index', '165']
[2026-01-24T08:45:05.892+0000] {standard_task_runner.py:64} INFO - Started process 7733 to run task
[2026-01-24T08:45:05.892+0000] {standard_task_runner.py:91} INFO - Job 6250: Subtask ingest_financial_ratios
[2026-01-24T08:45:05.957+0000] {task_command.py:426} INFO - Running <TaskInstance: financial_ratios_etl.ingest_financial_ratios manual__2026-01-24T08:33:50+00:00 map_index=165 [running]> on host 05b4b3a77fa2
[2026-01-24T08:45:06.126+0000] {taskinstance.py:2648} INFO - Exporting env vars: AIRFLOW_CTX_DAG_OWNER='***' AIRFLOW_CTX_DAG_ID='financial_ratios_etl' AIRFLOW_CTX_TASK_ID='ingest_financial_ratios' AIRFLOW_CTX_EXECUTION_DATE='2026-01-24T08:33:50+00:00' AIRFLOW_CTX_TRY_NUMBER='1' AIRFLOW_CTX_DAG_RUN_ID='manual__2026-01-24T08:33:50+00:00'
[2026-01-24T08:45:06.128+0000] {taskinstance.py:430} INFO - ::endgroup::
[2026-01-24T08:45:06.139+0000] {logging_mixin.py:188} INFO - [RATIO] Bắt đầu xử lý batch 2 mã: ['THD', 'THB']
[2026-01-24T08:45:06.139+0000] {logging_mixin.py:188} INFO - [RATIO] Kỳ dữ liệu: quarter
[2026-01-24T08:45:06.140+0000] {logging_mixin.py:188} INFO -  >> [RATIO] Đang lấy dữ liệu: THD
[2026-01-24T08:45:06.297+0000] {logging_mixin.py:188} INFO -  ❌ [RATIO] Lỗi xử lý mã THD: Failed to fetch data: 429 - Too Many Requests
[2026-01-24T08:45:06.298+0000] {logging_mixin.py:188} INFO -  >> [RATIO] Đang lấy dữ liệu: THB
[2026-01-24T08:45:06.455+0000] {logging_mixin.py:188} INFO -  ❌ [RATIO] Lỗi xử lý mã THB: Failed to fetch data: 429 - Too Many Requests
[2026-01-24T08:45:06.456+0000] {logging_mixin.py:188} INFO -  ⚠ [RATIO] Batch này không thu được dữ liệu nào.
[2026-01-24T08:45:06.462+0000] {datalake_df2csv.py:40} INFO - DataFrame rỗng, bỏ qua upload CSV.
[2026-01-24T08:45:06.463+0000] {taskinstance.py:441} INFO - ::group::Post task execution logs
[2026-01-24T08:45:06.479+0000] {taskinstance.py:1206} INFO - Marking task as SUCCESS. dag_id=financial_ratios_etl, task_id=ingest_financial_ratios, run_id=manual__2026-01-24T08:33:50+00:00, map_index=165, execution_date=20260124T083350, start_date=20260124T084505, end_date=20260124T084506
[2026-01-24T08:45:06.557+0000] {local_task_job_runner.py:243} INFO - Task exited with return code 0
[2026-01-24T08:45:06.575+0000] {local_task_job_runner.py:222} INFO - ::endgroup::
