[2026-02-26T16:05:44.757+0000] {local_task_job_runner.py:120} INFO - ::group::Pre task execution logs
[2026-02-26T16:05:44.815+0000] {taskinstance.py:2076} INFO - Dependencies all met for dep_context=non-requeueable deps ti=<TaskInstance: daily_price.ingest_daily_price scheduled__2026-02-25T16:00:00+00:00 map_index=137 [queued]>
[2026-02-26T16:05:44.850+0000] {taskinstance.py:2076} INFO - Dependencies all met for dep_context=requeueable deps ti=<TaskInstance: daily_price.ingest_daily_price scheduled__2026-02-25T16:00:00+00:00 map_index=137 [queued]>
[2026-02-26T16:05:44.851+0000] {taskinstance.py:2306} INFO - Starting attempt 1 of 2
[2026-02-26T16:05:44.896+0000] {taskinstance.py:2330} INFO - Executing <Mapped(DfToCsvOperator): ingest_daily_price> on 2026-02-25 16:00:00+00:00
[2026-02-26T16:05:44.921+0000] {warnings.py:112} WARNING - This process (pid=2844) is multi-threaded, use of fork() may lead to deadlocks in the child.

[2026-02-26T16:05:44.925+0000] {standard_task_runner.py:64} INFO - Started process 2902 to run task
[2026-02-26T16:05:44.933+0000] {standard_task_runner.py:90} INFO - Running: ['***', 'tasks', 'run', 'daily_price', 'ingest_daily_price', 'scheduled__2026-02-25T16:00:00+00:00', '--job-id', '27559', '--raw', '--subdir', 'DAGS_FOLDER/dl_dailly_price.py', '--cfg-path', '/tmp/tmpytwyuhqg', '--map-index', '137']
[2026-02-26T16:05:44.945+0000] {standard_task_runner.py:91} INFO - Job 27559: Subtask ingest_daily_price
[2026-02-26T16:05:45.100+0000] {task_command.py:426} INFO - Running <TaskInstance: daily_price.ingest_daily_price scheduled__2026-02-25T16:00:00+00:00 map_index=137 [running]> on host 3712393133aa
[2026-02-26T16:05:45.863+0000] {taskinstance.py:2648} INFO - Exporting env vars: AIRFLOW_CTX_DAG_OWNER='***' AIRFLOW_CTX_DAG_ID='daily_price' AIRFLOW_CTX_TASK_ID='ingest_daily_price' AIRFLOW_CTX_EXECUTION_DATE='2026-02-25T16:00:00+00:00' AIRFLOW_CTX_TRY_NUMBER='1' AIRFLOW_CTX_DAG_RUN_ID='scheduled__2026-02-25T16:00:00+00:00'
[2026-02-26T16:05:45.877+0000] {taskinstance.py:430} INFO - ::endgroup::
[2026-02-26T16:05:45.880+0000] {datalake_df2csv.py:40} INFO - ================================================================================
[2026-02-26T16:05:45.883+0000] {datalake_df2csv.py:41} INFO - 🚀 BẮT ĐẦU TASK: ingest_daily_price
[2026-02-26T16:05:45.887+0000] {datalake_df2csv.py:42} INFO - ================================================================================
[2026-02-26T16:05:45.888+0000] {datalake_df2csv.py:43} INFO - 📋 Thông tin cấu hình:
[2026-02-26T16:05:45.888+0000] {datalake_df2csv.py:44} INFO -   - Logic file: history_price
[2026-02-26T16:05:45.890+0000] {datalake_df2csv.py:45} INFO -   - DataFrame name: get_history_price_batch
[2026-02-26T16:05:45.891+0000] {datalake_df2csv.py:46} INFO -   - Bucket: thongtin-congty-va-bctc
[2026-02-26T16:05:45.891+0000] {datalake_df2csv.py:47} INFO -   - Object path: daily_price/2026-02-25/batch_137.csv
[2026-02-26T16:05:45.892+0000] {datalake_df2csv.py:48} INFO -   - Connection ID: minio_finance
[2026-02-26T16:05:45.892+0000] {datalake_df2csv.py:49} INFO -   - Tham số truyền vào: {'symbols': ['NBB', 'GTA', 'SFI', 'DBM', 'PAI'], 'start_date': '2026-02-25', 'end_date': '2026-02-26'}
[2026-02-26T16:05:45.893+0000] {datalake_df2csv.py:50} INFO - --------------------------------------------------------------------------------
[2026-02-26T16:05:45.894+0000] {datalake_df2csv.py:54} INFO - 📥 Bước 1: Đang load dữ liệu từ logic file...
[2026-02-26T16:05:45.911+0000] {datalake_df2csv.py:148} INFO -   - Logic directory: /opt/airflow/plugins/logic
[2026-02-26T16:05:45.913+0000] {datalake_df2csv.py:149} INFO -   - Module path: /opt/airflow/plugins/logic/history_price.py
[2026-02-26T16:05:45.913+0000] {datalake_df2csv.py:153} INFO -   - Đã thêm logic directory vào sys.path
[2026-02-26T16:05:45.916+0000] {datalake_df2csv.py:159} INFO -   - Đang load module 'history_price'...
[2026-02-26T16:05:45.930+0000] {datalake_df2csv.py:163} INFO -   - ✅ Module loaded thành công
[2026-02-26T16:05:45.932+0000] {datalake_df2csv.py:165} INFO -   - Đang tìm DataFrame/function: 'get_history_price_batch'...
[2026-02-26T16:05:45.934+0000] {datalake_df2csv.py:170} INFO -   - ✅ Tìm thấy object: function
[2026-02-26T16:05:45.935+0000] {datalake_df2csv.py:173} INFO -   - Đang gọi function với tham số: {'symbols': ['NBB', 'GTA', 'SFI', 'DBM', 'PAI'], 'start_date': '2026-02-25', 'end_date': '2026-02-26'}
[2026-02-26T16:05:53.524+0000] {datalake_df2csv.py:68} INFO - ✅ Load dữ liệu thành công!
[2026-02-26T16:05:53.525+0000] {datalake_df2csv.py:69} INFO - 📊 Thông tin DataFrame:
[2026-02-26T16:05:53.535+0000] {datalake_df2csv.py:70} INFO -   - Số dòng: 20
[2026-02-26T16:05:53.538+0000] {datalake_df2csv.py:71} INFO -   - Số cột: 7
[2026-02-26T16:05:53.540+0000] {datalake_df2csv.py:72} INFO -   - Tên các cột: ['ticker', 'trading_date', 'open', 'high', 'low', 'close', 'volume']
[2026-02-26T16:05:53.542+0000] {datalake_df2csv.py:73} INFO -   - Kiểu dữ liệu: {'ticker': 'object', 'trading_date': 'object', 'open': 'float64', 'high': 'float64', 'low': 'float64', 'close': 'float64', 'volume': 'int64'}
[2026-02-26T16:05:53.558+0000] {datalake_df2csv.py:74} INFO -   - Bộ nhớ sử dụng: 0.00 MB
[2026-02-26T16:05:53.571+0000] {datalake_df2csv.py:83} INFO -   - Không có giá trị NULL
[2026-02-26T16:05:53.573+0000] {datalake_df2csv.py:86} INFO -   - Mẫu dữ liệu (5 dòng đầu):
[2026-02-26T16:05:53.578+0000] {datalake_df2csv.py:88} INFO -     Row 0: {'ticker': 'NBB', 'trading_date': '2026-02-23', 'open': 18.0, 'high': 18.15, 'low': 17.65, 'close': 17.7, 'volume': 9100}
[2026-02-26T16:05:53.581+0000] {datalake_df2csv.py:88} INFO -     Row 1: {'ticker': 'NBB', 'trading_date': '2026-02-24', 'open': 17.7, 'high': 18.0, 'low': 17.5, 'close': 17.85, 'volume': 52400}
[2026-02-26T16:05:53.583+0000] {datalake_df2csv.py:88} INFO -     Row 2: {'ticker': 'NBB', 'trading_date': '2026-02-25', 'open': 17.75, 'high': 17.9, 'low': 17.5, 'close': 17.8, 'volume': 29200}
[2026-02-26T16:05:53.585+0000] {datalake_df2csv.py:88} INFO -     Row 3: {'ticker': 'NBB', 'trading_date': '2026-02-26', 'open': 17.6, 'high': 17.9, 'low': 17.5, 'close': 17.85, 'volume': 23300}
[2026-02-26T16:05:53.596+0000] {datalake_df2csv.py:88} INFO -     Row 4: {'ticker': 'GTA', 'trading_date': '2026-02-03', 'open': 9.3, 'high': 9.3, 'low': 9.3, 'close': 9.3, 'volume': 100}
[2026-02-26T16:05:53.612+0000] {datalake_df2csv.py:90} INFO - --------------------------------------------------------------------------------
[2026-02-26T16:05:53.615+0000] {datalake_df2csv.py:93} INFO - 📝 Bước 2: Đang chuyển đổi DataFrame sang CSV...
[2026-02-26T16:05:53.650+0000] {datalake_df2csv.py:97} INFO - ✅ Chuyển đổi CSV thành công!
[2026-02-26T16:05:53.651+0000] {datalake_df2csv.py:98} INFO -   - Kích thước file: 0.00 MB
[2026-02-26T16:05:53.656+0000] {datalake_df2csv.py:99} INFO -   - Thời gian chuyển đổi: 0.03 giây
[2026-02-26T16:05:53.666+0000] {datalake_df2csv.py:100} INFO - --------------------------------------------------------------------------------
[2026-02-26T16:05:53.668+0000] {datalake_df2csv.py:103} INFO - ☁️  Bước 3: Đang upload lên MinIO/S3...
[2026-02-26T16:05:53.734+0000] {base.py:84} INFO - Using connection ID 'minio_finance' for task execution.
[2026-02-26T16:05:53.736+0000] {connection_wrapper.py:384} INFO - AWS Connection (conn_id='minio_finance', conn_type='aws') credentials retrieved from login and password.
[2026-02-26T16:05:55.236+0000] {datalake_df2csv.py:112} INFO -   - Bucket 'thongtin-congty-va-bctc' đã tồn tại
[2026-02-26T16:05:55.346+0000] {datalake_df2csv.py:117} INFO - ✅ Upload thành công!
[2026-02-26T16:05:55.348+0000] {datalake_df2csv.py:118} INFO -   - Đường dẫn: s3://thongtin-congty-va-bctc/daily_price/2026-02-25/batch_137.csv
[2026-02-26T16:05:55.349+0000] {datalake_df2csv.py:119} INFO -   - Số dòng: 20
[2026-02-26T16:05:55.350+0000] {datalake_df2csv.py:120} INFO -   - Thời gian upload: 1.67 giây
[2026-02-26T16:05:55.357+0000] {datalake_df2csv.py:121} INFO - --------------------------------------------------------------------------------
[2026-02-26T16:05:55.358+0000] {datalake_df2csv.py:125} INFO - 📈 TỔNG KẾT:
[2026-02-26T16:05:55.361+0000] {datalake_df2csv.py:126} INFO -   - Tổng thời gian thực thi: 9.48 giây
[2026-02-26T16:05:55.368+0000] {datalake_df2csv.py:127} INFO -   - Tốc độ xử lý: 2 dòng/giây
[2026-02-26T16:05:55.369+0000] {datalake_df2csv.py:128} INFO - ================================================================================
[2026-02-26T16:05:55.372+0000] {datalake_df2csv.py:129} INFO - ✅ HOÀN THÀNH TASK: ingest_daily_price
[2026-02-26T16:05:55.374+0000] {datalake_df2csv.py:130} INFO - ================================================================================
[2026-02-26T16:05:55.388+0000] {taskinstance.py:441} INFO - ::group::Post task execution logs
[2026-02-26T16:05:55.404+0000] {taskinstance.py:1206} INFO - Marking task as SUCCESS. dag_id=daily_price, task_id=ingest_daily_price, run_id=scheduled__2026-02-25T16:00:00+00:00, map_index=137, execution_date=20260225T160000, start_date=20260226T160544, end_date=20260226T160555
[2026-02-26T16:05:55.545+0000] {local_task_job_runner.py:243} INFO - Task exited with return code 0
[2026-02-26T16:05:55.603+0000] {taskinstance.py:3503} INFO - 0 downstream tasks scheduled from follow-on schedule check
[2026-02-26T16:05:55.608+0000] {local_task_job_runner.py:222} INFO - ::endgroup::
