[2026-04-28T01:55:32.969+0000] {local_task_job_runner.py:120} INFO - ::group::Pre task execution logs
[2026-04-28T01:55:33.111+0000] {taskinstance.py:2076} INFO - Dependencies all met for dep_context=non-requeueable deps ti=<TaskInstance: daily_price.ingest_daily_price scheduled__2026-04-24T16:00:00+00:00 map_index=98 [queued]>
[2026-04-28T01:55:33.164+0000] {taskinstance.py:2076} INFO - Dependencies all met for dep_context=requeueable deps ti=<TaskInstance: daily_price.ingest_daily_price scheduled__2026-04-24T16:00:00+00:00 map_index=98 [queued]>
[2026-04-28T01:55:33.165+0000] {taskinstance.py:2306} INFO - Starting attempt 2 of 2
[2026-04-28T01:55:33.208+0000] {taskinstance.py:2330} INFO - Executing <Mapped(DfToCsvOperator): ingest_daily_price> on 2026-04-24 16:00:00+00:00
[2026-04-28T01:55:33.249+0000] {warnings.py:112} WARNING - This process (pid=2111) is multi-threaded, use of fork() may lead to deadlocks in the child.

[2026-04-28T01:55:33.252+0000] {standard_task_runner.py:64} INFO - Started process 2169 to run task
[2026-04-28T01:55:33.300+0000] {standard_task_runner.py:90} INFO - Running: ['***', 'tasks', 'run', 'daily_price', 'ingest_daily_price', 'scheduled__2026-04-24T16:00:00+00:00', '--job-id', '45693', '--raw', '--subdir', 'DAGS_FOLDER/dl_dailly_price.py', '--cfg-path', '/tmp/tmp4uyqtjr4', '--map-index', '98']
[2026-04-28T01:55:33.340+0000] {standard_task_runner.py:91} INFO - Job 45693: Subtask ingest_daily_price
[2026-04-28T01:55:33.657+0000] {task_command.py:426} INFO - Running <TaskInstance: daily_price.ingest_daily_price scheduled__2026-04-24T16:00:00+00:00 map_index=98 [running]> on host 2c72c62453dc
[2026-04-28T01:55:44.301+0000] {taskinstance.py:2648} INFO - Exporting env vars: AIRFLOW_CTX_DAG_OWNER='***' AIRFLOW_CTX_DAG_ID='daily_price' AIRFLOW_CTX_TASK_ID='ingest_daily_price' AIRFLOW_CTX_EXECUTION_DATE='2026-04-24T16:00:00+00:00' AIRFLOW_CTX_TRY_NUMBER='2' AIRFLOW_CTX_DAG_RUN_ID='scheduled__2026-04-24T16:00:00+00:00'
[2026-04-28T01:55:44.307+0000] {taskinstance.py:430} INFO - ::endgroup::
[2026-04-28T01:55:44.310+0000] {datalake_df2csv.py:40} INFO - ================================================================================
[2026-04-28T01:55:44.315+0000] {datalake_df2csv.py:41} INFO - 🚀 BẮT ĐẦU TASK: ingest_daily_price
[2026-04-28T01:55:44.319+0000] {datalake_df2csv.py:42} INFO - ================================================================================
[2026-04-28T01:55:44.328+0000] {datalake_df2csv.py:43} INFO - 📋 Thông tin cấu hình:
[2026-04-28T01:55:44.329+0000] {datalake_df2csv.py:44} INFO -   - Logic file: history_price
[2026-04-28T01:55:44.330+0000] {datalake_df2csv.py:45} INFO -   - DataFrame name: get_history_price_batch
[2026-04-28T01:55:44.331+0000] {datalake_df2csv.py:46} INFO -   - Bucket: thongtin-congty-va-bctc
[2026-04-28T01:55:44.331+0000] {datalake_df2csv.py:47} INFO -   - Object path: daily_price/2026-04-24/batch_98.csv
[2026-04-28T01:55:44.332+0000] {datalake_df2csv.py:48} INFO -   - Connection ID: minio_finance
[2026-04-28T01:55:44.333+0000] {datalake_df2csv.py:49} INFO -   - Tham số truyền vào: {'symbols': ['AGP', 'MCF', 'VGG', 'PJT', 'SBV'], 'start_date': '2026-04-24', 'end_date': '2026-04-25'}
[2026-04-28T01:55:44.333+0000] {datalake_df2csv.py:50} INFO - --------------------------------------------------------------------------------
[2026-04-28T01:55:44.335+0000] {datalake_df2csv.py:54} INFO - 📥 Bước 1: Đang load dữ liệu từ logic file...
[2026-04-28T01:55:44.346+0000] {datalake_df2csv.py:148} INFO -   - Logic directory: /opt/airflow/plugins/logic
[2026-04-28T01:55:44.348+0000] {datalake_df2csv.py:149} INFO -   - Module path: /opt/airflow/plugins/logic/history_price.py
[2026-04-28T01:55:44.358+0000] {datalake_df2csv.py:153} INFO -   - Đã thêm logic directory vào sys.path
[2026-04-28T01:55:44.369+0000] {datalake_df2csv.py:159} INFO -   - Đang load module 'history_price'...
[2026-04-28T01:55:44.390+0000] {datalake_df2csv.py:163} INFO -   - ✅ Module loaded thành công
[2026-04-28T01:55:44.394+0000] {datalake_df2csv.py:165} INFO -   - Đang tìm DataFrame/function: 'get_history_price_batch'...
[2026-04-28T01:55:44.395+0000] {datalake_df2csv.py:170} INFO -   - ✅ Tìm thấy object: function
[2026-04-28T01:55:44.396+0000] {datalake_df2csv.py:173} INFO -   - Đang gọi function với tham số: {'symbols': ['AGP', 'MCF', 'VGG', 'PJT', 'SBV'], 'start_date': '2026-04-24', 'end_date': '2026-04-25'}
[2026-04-28T01:55:54.401+0000] {datalake_df2csv.py:68} INFO - ✅ Load dữ liệu thành công!
[2026-04-28T01:55:54.416+0000] {datalake_df2csv.py:69} INFO - 📊 Thông tin DataFrame:
[2026-04-28T01:55:54.417+0000] {datalake_df2csv.py:70} INFO -   - Số dòng: 10
[2026-04-28T01:55:54.427+0000] {datalake_df2csv.py:71} INFO -   - Số cột: 7
[2026-04-28T01:55:54.428+0000] {datalake_df2csv.py:72} INFO -   - Tên các cột: ['ticker', 'trading_date', 'open', 'high', 'low', 'close', 'volume']
[2026-04-28T01:55:54.431+0000] {datalake_df2csv.py:73} INFO -   - Kiểu dữ liệu: {'ticker': 'object', 'trading_date': 'object', 'open': 'float64', 'high': 'float64', 'low': 'float64', 'close': 'float64', 'volume': 'int64'}
[2026-04-28T01:55:54.451+0000] {datalake_df2csv.py:74} INFO -   - Bộ nhớ sử dụng: 0.00 MB
[2026-04-28T01:55:54.458+0000] {datalake_df2csv.py:83} INFO -   - Không có giá trị NULL
[2026-04-28T01:55:54.459+0000] {datalake_df2csv.py:86} INFO -   - Mẫu dữ liệu (5 dòng đầu):
[2026-04-28T01:55:54.463+0000] {datalake_df2csv.py:88} INFO -     Row 0: {'ticker': 'AGP', 'trading_date': '2026-04-23', 'open': 37.9, 'high': 38.0, 'low': 37.3, 'close': 37.9, 'volume': 4000}
[2026-04-28T01:55:54.465+0000] {datalake_df2csv.py:88} INFO -     Row 1: {'ticker': 'AGP', 'trading_date': '2026-04-24', 'open': 37.9, 'high': 37.9, 'low': 37.3, 'close': 37.7, 'volume': 1200}
[2026-04-28T01:55:54.466+0000] {datalake_df2csv.py:88} INFO -     Row 2: {'ticker': 'MCF', 'trading_date': '2026-04-23', 'open': 7.7, 'high': 7.7, 'low': 7.7, 'close': 7.7, 'volume': 700}
[2026-04-28T01:55:54.468+0000] {datalake_df2csv.py:88} INFO -     Row 3: {'ticker': 'MCF', 'trading_date': '2026-04-24', 'open': 7.7, 'high': 7.7, 'low': 7.6, 'close': 7.7, 'volume': 16400}
[2026-04-28T01:55:54.469+0000] {datalake_df2csv.py:88} INFO -     Row 4: {'ticker': 'VGG', 'trading_date': '2026-04-22', 'open': 42.4, 'high': 42.4, 'low': 42.4, 'close': 42.4, 'volume': 600}
[2026-04-28T01:55:54.470+0000] {datalake_df2csv.py:90} INFO - --------------------------------------------------------------------------------
[2026-04-28T01:55:54.471+0000] {datalake_df2csv.py:93} INFO - 📝 Bước 2: Đang chuyển đổi DataFrame sang CSV...
[2026-04-28T01:55:54.506+0000] {datalake_df2csv.py:97} INFO - ✅ Chuyển đổi CSV thành công!
[2026-04-28T01:55:54.514+0000] {datalake_df2csv.py:98} INFO -   - Kích thước file: 0.00 MB
[2026-04-28T01:55:54.515+0000] {datalake_df2csv.py:99} INFO -   - Thời gian chuyển đổi: 0.03 giây
[2026-04-28T01:55:54.517+0000] {datalake_df2csv.py:100} INFO - --------------------------------------------------------------------------------
[2026-04-28T01:55:54.519+0000] {datalake_df2csv.py:103} INFO - ☁️  Bước 3: Đang upload lên MinIO/S3...
[2026-04-28T01:56:03.969+0000] {base.py:84} INFO - Using connection ID 'minio_finance' for task execution.
[2026-04-28T01:56:03.973+0000] {connection_wrapper.py:384} INFO - AWS Connection (conn_id='minio_finance', conn_type='aws') credentials retrieved from login and password.
[2026-04-28T01:56:10.929+0000] {datalake_df2csv.py:112} INFO -   - Bucket 'thongtin-congty-va-bctc' đã tồn tại
[2026-04-28T01:56:11.031+0000] {datalake_df2csv.py:117} INFO - ✅ Upload thành công!
[2026-04-28T01:56:11.034+0000] {datalake_df2csv.py:118} INFO -   - Đường dẫn: s3://thongtin-congty-va-bctc/daily_price/2026-04-24/batch_98.csv
[2026-04-28T01:56:11.037+0000] {datalake_df2csv.py:119} INFO -   - Số dòng: 10
[2026-04-28T01:56:11.037+0000] {datalake_df2csv.py:120} INFO -   - Thời gian upload: 16.51 giây
[2026-04-28T01:56:11.039+0000] {datalake_df2csv.py:121} INFO - --------------------------------------------------------------------------------
[2026-04-28T01:56:11.044+0000] {datalake_df2csv.py:125} INFO - 📈 TỔNG KẾT:
[2026-04-28T01:56:11.045+0000] {datalake_df2csv.py:126} INFO -   - Tổng thời gian thực thi: 26.73 giây
[2026-04-28T01:56:11.048+0000] {datalake_df2csv.py:127} INFO -   - Tốc độ xử lý: 0 dòng/giây
[2026-04-28T01:56:11.054+0000] {datalake_df2csv.py:128} INFO - ================================================================================
[2026-04-28T01:56:11.055+0000] {datalake_df2csv.py:129} INFO - ✅ HOÀN THÀNH TASK: ingest_daily_price
[2026-04-28T01:56:11.055+0000] {datalake_df2csv.py:130} INFO - ================================================================================
[2026-04-28T01:56:11.059+0000] {taskinstance.py:441} INFO - ::group::Post task execution logs
[2026-04-28T01:56:11.111+0000] {taskinstance.py:1206} INFO - Marking task as SUCCESS. dag_id=daily_price, task_id=ingest_daily_price, run_id=scheduled__2026-04-24T16:00:00+00:00, map_index=98, execution_date=20260424T160000, start_date=20260428T015533, end_date=20260428T015611
[2026-04-28T01:56:11.377+0000] {local_task_job_runner.py:243} INFO - Task exited with return code 0
[2026-04-28T01:56:11.718+0000] {taskinstance.py:3503} INFO - 0 downstream tasks scheduled from follow-on schedule check
[2026-04-28T01:56:11.738+0000] {local_task_job_runner.py:222} INFO - ::endgroup::
