[2026-04-30T01:33:15.830+0000] {local_task_job_runner.py:120} INFO - ::group::Pre task execution logs
[2026-04-30T01:33:15.916+0000] {taskinstance.py:2076} INFO - Dependencies all met for dep_context=non-requeueable deps ti=<TaskInstance: daily_price.ingest_daily_price scheduled__2026-04-28T16:00:00+00:00 map_index=171 [queued]>
[2026-04-30T01:33:15.957+0000] {taskinstance.py:2076} INFO - Dependencies all met for dep_context=requeueable deps ti=<TaskInstance: daily_price.ingest_daily_price scheduled__2026-04-28T16:00:00+00:00 map_index=171 [queued]>
[2026-04-30T01:33:15.959+0000] {taskinstance.py:2306} INFO - Starting attempt 1 of 2
[2026-04-30T01:33:16.015+0000] {taskinstance.py:2330} INFO - Executing <Mapped(DfToCsvOperator): ingest_daily_price> on 2026-04-28 16:00:00+00:00
[2026-04-30T01:33:16.048+0000] {warnings.py:112} WARNING - This process (pid=1922) is multi-threaded, use of fork() may lead to deadlocks in the child.

[2026-04-30T01:33:16.050+0000] {standard_task_runner.py:64} INFO - Started process 1963 to run task
[2026-04-30T01:33:16.047+0000] {standard_task_runner.py:90} INFO - Running: ['***', 'tasks', 'run', 'daily_price', 'ingest_daily_price', 'scheduled__2026-04-28T16:00:00+00:00', '--job-id', '46403', '--raw', '--subdir', 'DAGS_FOLDER/dl_dailly_price.py', '--cfg-path', '/tmp/tmpv7jyfr4m', '--map-index', '171']
[2026-04-30T01:33:16.053+0000] {standard_task_runner.py:91} INFO - Job 46403: Subtask ingest_daily_price
[2026-04-30T01:33:16.225+0000] {task_command.py:426} INFO - Running <TaskInstance: daily_price.ingest_daily_price scheduled__2026-04-28T16:00:00+00:00 map_index=171 [running]> on host 7bc5781f0eae
[2026-04-30T01:33:17.095+0000] {taskinstance.py:2648} INFO - Exporting env vars: AIRFLOW_CTX_DAG_OWNER='***' AIRFLOW_CTX_DAG_ID='daily_price' AIRFLOW_CTX_TASK_ID='ingest_daily_price' AIRFLOW_CTX_EXECUTION_DATE='2026-04-28T16:00:00+00:00' AIRFLOW_CTX_TRY_NUMBER='1' AIRFLOW_CTX_DAG_RUN_ID='scheduled__2026-04-28T16:00:00+00:00'
[2026-04-30T01:33:17.100+0000] {taskinstance.py:430} INFO - ::endgroup::
[2026-04-30T01:33:17.106+0000] {datalake_df2csv.py:40} INFO - ================================================================================
[2026-04-30T01:33:17.109+0000] {datalake_df2csv.py:41} INFO - 🚀 BẮT ĐẦU TASK: ingest_daily_price
[2026-04-30T01:33:17.109+0000] {datalake_df2csv.py:42} INFO - ================================================================================
[2026-04-30T01:33:17.110+0000] {datalake_df2csv.py:43} INFO - 📋 Thông tin cấu hình:
[2026-04-30T01:33:17.110+0000] {datalake_df2csv.py:44} INFO -   - Logic file: history_price
[2026-04-30T01:33:17.111+0000] {datalake_df2csv.py:45} INFO -   - DataFrame name: get_history_price_batch
[2026-04-30T01:33:17.111+0000] {datalake_df2csv.py:46} INFO -   - Bucket: thongtin-congty-va-bctc
[2026-04-30T01:33:17.111+0000] {datalake_df2csv.py:47} INFO -   - Object path: daily_price/2026-04-28/batch_171.csv
[2026-04-30T01:33:17.113+0000] {datalake_df2csv.py:48} INFO -   - Connection ID: minio_finance
[2026-04-30T01:33:17.115+0000] {datalake_df2csv.py:49} INFO -   - Tham số truyền vào: {'symbols': ['CST', 'PCH', 'CC1', 'HMD', 'DSE'], 'start_date': '2026-04-28', 'end_date': '2026-04-29'}
[2026-04-30T01:33:17.117+0000] {datalake_df2csv.py:50} INFO - --------------------------------------------------------------------------------
[2026-04-30T01:33:17.118+0000] {datalake_df2csv.py:54} INFO - 📥 Bước 1: Đang load dữ liệu từ logic file...
[2026-04-30T01:33:17.134+0000] {datalake_df2csv.py:148} INFO -   - Logic directory: /opt/airflow/plugins/logic
[2026-04-30T01:33:17.135+0000] {datalake_df2csv.py:149} INFO -   - Module path: /opt/airflow/plugins/logic/history_price.py
[2026-04-30T01:33:17.136+0000] {datalake_df2csv.py:153} INFO -   - Đã thêm logic directory vào sys.path
[2026-04-30T01:33:17.153+0000] {datalake_df2csv.py:159} INFO -   - Đang load module 'history_price'...
[2026-04-30T01:33:17.178+0000] {datalake_df2csv.py:163} INFO -   - ✅ Module loaded thành công
[2026-04-30T01:33:17.179+0000] {datalake_df2csv.py:165} INFO -   - Đang tìm DataFrame/function: 'get_history_price_batch'...
[2026-04-30T01:33:17.180+0000] {datalake_df2csv.py:170} INFO -   - ✅ Tìm thấy object: function
[2026-04-30T01:33:17.181+0000] {datalake_df2csv.py:173} INFO -   - Đang gọi function với tham số: {'symbols': ['CST', 'PCH', 'CC1', 'HMD', 'DSE'], 'start_date': '2026-04-28', 'end_date': '2026-04-29'}
[2026-04-30T01:33:23.050+0000] {datalake_df2csv.py:68} INFO - ✅ Load dữ liệu thành công!
[2026-04-30T01:33:23.051+0000] {datalake_df2csv.py:69} INFO - 📊 Thông tin DataFrame:
[2026-04-30T01:33:23.052+0000] {datalake_df2csv.py:70} INFO -   - Số dòng: 20
[2026-04-30T01:33:23.053+0000] {datalake_df2csv.py:71} INFO -   - Số cột: 7
[2026-04-30T01:33:23.054+0000] {datalake_df2csv.py:72} INFO -   - Tên các cột: ['ticker', 'trading_date', 'open', 'high', 'low', 'close', 'volume']
[2026-04-30T01:33:23.055+0000] {datalake_df2csv.py:73} INFO -   - Kiểu dữ liệu: {'ticker': 'object', 'trading_date': 'object', 'open': 'float64', 'high': 'float64', 'low': 'float64', 'close': 'float64', 'volume': 'int64'}
[2026-04-30T01:33:23.066+0000] {datalake_df2csv.py:74} INFO -   - Bộ nhớ sử dụng: 0.00 MB
[2026-04-30T01:33:23.068+0000] {datalake_df2csv.py:83} INFO -   - Không có giá trị NULL
[2026-04-30T01:33:23.069+0000] {datalake_df2csv.py:86} INFO -   - Mẫu dữ liệu (5 dòng đầu):
[2026-04-30T01:33:23.070+0000] {datalake_df2csv.py:88} INFO -     Row 0: {'ticker': 'CST', 'trading_date': '2026-04-23', 'open': 14.3, 'high': 14.3, 'low': 13.8, 'close': 13.8, 'volume': 30900}
[2026-04-30T01:33:23.071+0000] {datalake_df2csv.py:88} INFO -     Row 1: {'ticker': 'CST', 'trading_date': '2026-04-24', 'open': 13.9, 'high': 14.2, 'low': 13.8, 'close': 13.9, 'volume': 37800}
[2026-04-30T01:33:23.072+0000] {datalake_df2csv.py:88} INFO -     Row 2: {'ticker': 'CST', 'trading_date': '2026-04-28', 'open': 14.1, 'high': 14.1, 'low': 13.7, 'close': 13.7, 'volume': 16900}
[2026-04-30T01:33:23.074+0000] {datalake_df2csv.py:88} INFO -     Row 3: {'ticker': 'CST', 'trading_date': '2026-04-29', 'open': 13.7, 'high': 13.8, 'low': 13.5, 'close': 13.7, 'volume': 23700}
[2026-04-30T01:33:23.077+0000] {datalake_df2csv.py:88} INFO -     Row 4: {'ticker': 'PCH', 'trading_date': '2026-04-23', 'open': 22.0, 'high': 22.4, 'low': 22.0, 'close': 22.3, 'volume': 100900}
[2026-04-30T01:33:23.078+0000] {datalake_df2csv.py:90} INFO - --------------------------------------------------------------------------------
[2026-04-30T01:33:23.079+0000] {datalake_df2csv.py:93} INFO - 📝 Bước 2: Đang chuyển đổi DataFrame sang CSV...
[2026-04-30T01:33:23.085+0000] {datalake_df2csv.py:97} INFO - ✅ Chuyển đổi CSV thành công!
[2026-04-30T01:33:23.086+0000] {datalake_df2csv.py:98} INFO -   - Kích thước file: 0.00 MB
[2026-04-30T01:33:23.088+0000] {datalake_df2csv.py:99} INFO -   - Thời gian chuyển đổi: 0.01 giây
[2026-04-30T01:33:23.088+0000] {datalake_df2csv.py:100} INFO - --------------------------------------------------------------------------------
[2026-04-30T01:33:23.089+0000] {datalake_df2csv.py:103} INFO - ☁️  Bước 3: Đang upload lên MinIO/S3...
[2026-04-30T01:33:23.113+0000] {base.py:84} INFO - Using connection ID 'minio_finance' for task execution.
[2026-04-30T01:33:23.116+0000] {connection_wrapper.py:384} INFO - AWS Connection (conn_id='minio_finance', conn_type='aws') credentials retrieved from login and password.
[2026-04-30T01:33:25.736+0000] {datalake_df2csv.py:112} INFO -   - Bucket 'thongtin-congty-va-bctc' đã tồn tại
[2026-04-30T01:33:25.825+0000] {datalake_df2csv.py:117} INFO - ✅ Upload thành công!
[2026-04-30T01:33:25.826+0000] {datalake_df2csv.py:118} INFO -   - Đường dẫn: s3://thongtin-congty-va-bctc/daily_price/2026-04-28/batch_171.csv
[2026-04-30T01:33:25.828+0000] {datalake_df2csv.py:119} INFO -   - Số dòng: 20
[2026-04-30T01:33:25.829+0000] {datalake_df2csv.py:120} INFO -   - Thời gian upload: 2.74 giây
[2026-04-30T01:33:25.829+0000] {datalake_df2csv.py:121} INFO - --------------------------------------------------------------------------------
[2026-04-30T01:33:25.830+0000] {datalake_df2csv.py:125} INFO - 📈 TỔNG KẾT:
[2026-04-30T01:33:25.830+0000] {datalake_df2csv.py:126} INFO -   - Tổng thời gian thực thi: 8.72 giây
[2026-04-30T01:33:25.831+0000] {datalake_df2csv.py:127} INFO -   - Tốc độ xử lý: 2 dòng/giây
[2026-04-30T01:33:25.831+0000] {datalake_df2csv.py:128} INFO - ================================================================================
[2026-04-30T01:33:25.832+0000] {datalake_df2csv.py:129} INFO - ✅ HOÀN THÀNH TASK: ingest_daily_price
[2026-04-30T01:33:25.832+0000] {datalake_df2csv.py:130} INFO - ================================================================================
[2026-04-30T01:33:25.833+0000] {taskinstance.py:441} INFO - ::group::Post task execution logs
[2026-04-30T01:33:25.848+0000] {taskinstance.py:1206} INFO - Marking task as SUCCESS. dag_id=daily_price, task_id=ingest_daily_price, run_id=scheduled__2026-04-28T16:00:00+00:00, map_index=171, execution_date=20260428T160000, start_date=20260430T013315, end_date=20260430T013325
[2026-04-30T01:33:25.972+0000] {local_task_job_runner.py:243} INFO - Task exited with return code 0
[2026-04-30T01:33:25.982+0000] {local_task_job_runner.py:222} INFO - ::endgroup::
