[2026-04-03T13:46:12.479+0000] {local_task_job_runner.py:120} INFO - ::group::Pre task execution logs
[2026-04-03T13:46:12.539+0000] {taskinstance.py:2076} INFO - Dependencies all met for dep_context=non-requeueable deps ti=<TaskInstance: daily_price.ingest_daily_price scheduled__2026-04-01T16:00:00+00:00 map_index=113 [queued]>
[2026-04-03T13:46:12.575+0000] {taskinstance.py:2076} INFO - Dependencies all met for dep_context=requeueable deps ti=<TaskInstance: daily_price.ingest_daily_price scheduled__2026-04-01T16:00:00+00:00 map_index=113 [queued]>
[2026-04-03T13:46:12.576+0000] {taskinstance.py:2306} INFO - Starting attempt 1 of 2
[2026-04-03T13:46:12.609+0000] {taskinstance.py:2330} INFO - Executing <Mapped(DfToCsvOperator): ingest_daily_price> on 2026-04-01 16:00:00+00:00
[2026-04-03T13:46:12.629+0000] {warnings.py:112} WARNING - This process (pid=4771) is multi-threaded, use of fork() may lead to deadlocks in the child.

[2026-04-03T13:46:12.632+0000] {standard_task_runner.py:64} INFO - Started process 4830 to run task
[2026-04-03T13:46:12.636+0000] {standard_task_runner.py:90} INFO - Running: ['***', 'tasks', 'run', 'daily_price', 'ingest_daily_price', 'scheduled__2026-04-01T16:00:00+00:00', '--job-id', '38461', '--raw', '--subdir', 'DAGS_FOLDER/dl_dailly_price.py', '--cfg-path', '/tmp/tmpk4mj6hlu', '--map-index', '113']
[2026-04-03T13:46:12.640+0000] {standard_task_runner.py:91} INFO - Job 38461: Subtask ingest_daily_price
[2026-04-03T13:46:12.739+0000] {task_command.py:426} INFO - Running <TaskInstance: daily_price.ingest_daily_price scheduled__2026-04-01T16:00:00+00:00 map_index=113 [running]> on host f1f3ec63581f
[2026-04-03T13:46:13.441+0000] {taskinstance.py:2648} INFO - Exporting env vars: AIRFLOW_CTX_DAG_OWNER='***' AIRFLOW_CTX_DAG_ID='daily_price' AIRFLOW_CTX_TASK_ID='ingest_daily_price' AIRFLOW_CTX_EXECUTION_DATE='2026-04-01T16:00:00+00:00' AIRFLOW_CTX_TRY_NUMBER='1' AIRFLOW_CTX_DAG_RUN_ID='scheduled__2026-04-01T16:00:00+00:00'
[2026-04-03T13:46:13.448+0000] {taskinstance.py:430} INFO - ::endgroup::
[2026-04-03T13:46:13.449+0000] {datalake_df2csv.py:40} INFO - ================================================================================
[2026-04-03T13:46:13.450+0000] {datalake_df2csv.py:41} INFO - 🚀 BẮT ĐẦU TASK: ingest_daily_price
[2026-04-03T13:46:13.452+0000] {datalake_df2csv.py:42} INFO - ================================================================================
[2026-04-03T13:46:13.454+0000] {datalake_df2csv.py:43} INFO - 📋 Thông tin cấu hình:
[2026-04-03T13:46:13.454+0000] {datalake_df2csv.py:44} INFO -   - Logic file: history_price
[2026-04-03T13:46:13.455+0000] {datalake_df2csv.py:45} INFO -   - DataFrame name: get_history_price_batch
[2026-04-03T13:46:13.456+0000] {datalake_df2csv.py:46} INFO -   - Bucket: thongtin-congty-va-bctc
[2026-04-03T13:46:13.456+0000] {datalake_df2csv.py:47} INFO -   - Object path: daily_price/2026-04-01/batch_113.csv
[2026-04-03T13:46:13.457+0000] {datalake_df2csv.py:48} INFO -   - Connection ID: minio_finance
[2026-04-03T13:46:13.457+0000] {datalake_df2csv.py:49} INFO -   - Tham số truyền vào: {'symbols': ['L40', 'VBC', 'VTI', 'L61', 'NED'], 'start_date': '2026-04-01', 'end_date': '2026-04-02'}
[2026-04-03T13:46:13.458+0000] {datalake_df2csv.py:50} INFO - --------------------------------------------------------------------------------
[2026-04-03T13:46:13.461+0000] {datalake_df2csv.py:54} INFO - 📥 Bước 1: Đang load dữ liệu từ logic file...
[2026-04-03T13:46:13.469+0000] {datalake_df2csv.py:148} INFO -   - Logic directory: /opt/airflow/plugins/logic
[2026-04-03T13:46:13.470+0000] {datalake_df2csv.py:149} INFO -   - Module path: /opt/airflow/plugins/logic/history_price.py
[2026-04-03T13:46:13.471+0000] {datalake_df2csv.py:153} INFO -   - Đã thêm logic directory vào sys.path
[2026-04-03T13:46:13.473+0000] {datalake_df2csv.py:159} INFO -   - Đang load module 'history_price'...
[2026-04-03T13:46:13.483+0000] {datalake_df2csv.py:163} INFO -   - ✅ Module loaded thành công
[2026-04-03T13:46:13.485+0000] {datalake_df2csv.py:165} INFO -   - Đang tìm DataFrame/function: 'get_history_price_batch'...
[2026-04-03T13:46:13.486+0000] {datalake_df2csv.py:170} INFO -   - ✅ Tìm thấy object: function
[2026-04-03T13:46:13.486+0000] {datalake_df2csv.py:173} INFO -   - Đang gọi function với tham số: {'symbols': ['L40', 'VBC', 'VTI', 'L61', 'NED'], 'start_date': '2026-04-01', 'end_date': '2026-04-02'}
[2026-04-03T13:46:18.668+0000] {datalake_df2csv.py:68} INFO - ✅ Load dữ liệu thành công!
[2026-04-03T13:46:18.680+0000] {datalake_df2csv.py:69} INFO - 📊 Thông tin DataFrame:
[2026-04-03T13:46:18.681+0000] {datalake_df2csv.py:70} INFO -   - Số dòng: 20
[2026-04-03T13:46:18.682+0000] {datalake_df2csv.py:71} INFO -   - Số cột: 7
[2026-04-03T13:46:18.683+0000] {datalake_df2csv.py:72} INFO -   - Tên các cột: ['ticker', 'trading_date', 'open', 'high', 'low', 'close', 'volume']
[2026-04-03T13:46:18.685+0000] {datalake_df2csv.py:73} INFO -   - Kiểu dữ liệu: {'ticker': 'object', 'trading_date': 'object', 'open': 'float64', 'high': 'float64', 'low': 'float64', 'close': 'float64', 'volume': 'int64'}
[2026-04-03T13:46:18.689+0000] {datalake_df2csv.py:74} INFO -   - Bộ nhớ sử dụng: 0.00 MB
[2026-04-03T13:46:18.722+0000] {datalake_df2csv.py:83} INFO -   - Không có giá trị NULL
[2026-04-03T13:46:18.727+0000] {datalake_df2csv.py:86} INFO -   - Mẫu dữ liệu (5 dòng đầu):
[2026-04-03T13:46:18.734+0000] {datalake_df2csv.py:88} INFO -     Row 0: {'ticker': 'L40', 'trading_date': '2026-03-31', 'open': 64.0, 'high': 65.0, 'low': 63.0, 'close': 63.9, 'volume': 84700}
[2026-04-03T13:46:18.745+0000] {datalake_df2csv.py:88} INFO -     Row 1: {'ticker': 'L40', 'trading_date': '2026-04-01', 'open': 64.0, 'high': 64.5, 'low': 63.0, 'close': 63.9, 'volume': 58600}
[2026-04-03T13:46:18.747+0000] {datalake_df2csv.py:88} INFO -     Row 2: {'ticker': 'L40', 'trading_date': '2026-04-02', 'open': 64.0, 'high': 64.0, 'low': 63.0, 'close': 63.7, 'volume': 47600}
[2026-04-03T13:46:18.748+0000] {datalake_df2csv.py:88} INFO -     Row 3: {'ticker': 'L40', 'trading_date': '2026-04-03', 'open': 63.7, 'high': 63.8, 'low': 63.0, 'close': 63.1, 'volume': 71400}
[2026-04-03T13:46:18.749+0000] {datalake_df2csv.py:88} INFO -     Row 4: {'ticker': 'VBC', 'trading_date': '2026-03-11', 'open': 20.0, 'high': 20.0, 'low': 20.0, 'close': 20.0, 'volume': 400}
[2026-04-03T13:46:18.750+0000] {datalake_df2csv.py:90} INFO - --------------------------------------------------------------------------------
[2026-04-03T13:46:18.750+0000] {datalake_df2csv.py:93} INFO - 📝 Bước 2: Đang chuyển đổi DataFrame sang CSV...
[2026-04-03T13:46:18.757+0000] {datalake_df2csv.py:97} INFO - ✅ Chuyển đổi CSV thành công!
[2026-04-03T13:46:18.759+0000] {datalake_df2csv.py:98} INFO -   - Kích thước file: 0.00 MB
[2026-04-03T13:46:18.762+0000] {datalake_df2csv.py:99} INFO -   - Thời gian chuyển đổi: 0.01 giây
[2026-04-03T13:46:18.763+0000] {datalake_df2csv.py:100} INFO - --------------------------------------------------------------------------------
[2026-04-03T13:46:18.767+0000] {datalake_df2csv.py:103} INFO - ☁️  Bước 3: Đang upload lên MinIO/S3...
[2026-04-03T13:46:18.799+0000] {base.py:84} INFO - Using connection ID 'minio_finance' for task execution.
[2026-04-03T13:46:18.800+0000] {connection_wrapper.py:384} INFO - AWS Connection (conn_id='minio_finance', conn_type='aws') credentials retrieved from login and password.
[2026-04-03T13:46:19.858+0000] {datalake_df2csv.py:112} INFO -   - Bucket 'thongtin-congty-va-bctc' đã tồn tại
[2026-04-03T13:46:19.932+0000] {datalake_df2csv.py:117} INFO - ✅ Upload thành công!
[2026-04-03T13:46:19.932+0000] {datalake_df2csv.py:118} INFO -   - Đường dẫn: s3://thongtin-congty-va-bctc/daily_price/2026-04-01/batch_113.csv
[2026-04-03T13:46:19.933+0000] {datalake_df2csv.py:119} INFO -   - Số dòng: 20
[2026-04-03T13:46:19.934+0000] {datalake_df2csv.py:120} INFO -   - Thời gian upload: 1.16 giây
[2026-04-03T13:46:19.934+0000] {datalake_df2csv.py:121} INFO - --------------------------------------------------------------------------------
[2026-04-03T13:46:19.935+0000] {datalake_df2csv.py:125} INFO - 📈 TỔNG KẾT:
[2026-04-03T13:46:19.936+0000] {datalake_df2csv.py:126} INFO -   - Tổng thời gian thực thi: 6.49 giây
[2026-04-03T13:46:19.937+0000] {datalake_df2csv.py:127} INFO -   - Tốc độ xử lý: 3 dòng/giây
[2026-04-03T13:46:19.938+0000] {datalake_df2csv.py:128} INFO - ================================================================================
[2026-04-03T13:46:19.938+0000] {datalake_df2csv.py:129} INFO - ✅ HOÀN THÀNH TASK: ingest_daily_price
[2026-04-03T13:46:19.939+0000] {datalake_df2csv.py:130} INFO - ================================================================================
[2026-04-03T13:46:19.940+0000] {taskinstance.py:441} INFO - ::group::Post task execution logs
[2026-04-03T13:46:19.961+0000] {taskinstance.py:1206} INFO - Marking task as SUCCESS. dag_id=daily_price, task_id=ingest_daily_price, run_id=scheduled__2026-04-01T16:00:00+00:00, map_index=113, execution_date=20260401T160000, start_date=20260403T134612, end_date=20260403T134619
[2026-04-03T13:46:20.076+0000] {local_task_job_runner.py:243} INFO - Task exited with return code 0
[2026-04-03T13:46:20.108+0000] {taskinstance.py:3503} INFO - 0 downstream tasks scheduled from follow-on schedule check
[2026-04-03T13:46:20.117+0000] {local_task_job_runner.py:222} INFO - ::endgroup::
