[2026-03-04T14:01:45.016+0000] {local_task_job_runner.py:120} INFO - ::group::Pre task execution logs
[2026-03-04T14:01:45.051+0000] {taskinstance.py:2076} INFO - Dependencies all met for dep_context=non-requeueable deps ti=<TaskInstance: electric_board_daily.ingest_electric_board scheduled__2026-03-02T16:00:00+00:00 map_index=6 [queued]>
[2026-03-04T14:01:45.074+0000] {taskinstance.py:2076} INFO - Dependencies all met for dep_context=requeueable deps ti=<TaskInstance: electric_board_daily.ingest_electric_board scheduled__2026-03-02T16:00:00+00:00 map_index=6 [queued]>
[2026-03-04T14:01:45.075+0000] {taskinstance.py:2306} INFO - Starting attempt 1 of 3
[2026-03-04T14:01:45.101+0000] {taskinstance.py:2330} INFO - Executing <Mapped(DfToCsvOperator): ingest_electric_board> on 2026-03-02 16:00:00+00:00
[2026-03-04T14:01:45.116+0000] {warnings.py:112} WARNING - This process (pid=206) is multi-threaded, use of fork() may lead to deadlocks in the child.

[2026-03-04T14:01:45.120+0000] {standard_task_runner.py:64} INFO - Started process 245 to run task
[2026-03-04T14:01:45.123+0000] {standard_task_runner.py:90} INFO - Running: ['***', 'tasks', 'run', 'electric_board_daily', 'ingest_electric_board', 'scheduled__2026-03-02T16:00:00+00:00', '--job-id', '30294', '--raw', '--subdir', 'DAGS_FOLDER/dl_electric_board.py', '--cfg-path', '/tmp/tmp73sbcctq', '--map-index', '6']
[2026-03-04T14:01:45.130+0000] {standard_task_runner.py:91} INFO - Job 30294: Subtask ingest_electric_board
[2026-03-04T14:01:45.210+0000] {task_command.py:426} INFO - Running <TaskInstance: electric_board_daily.ingest_electric_board scheduled__2026-03-02T16:00:00+00:00 map_index=6 [running]> on host 6cdbaa9d95d1
[2026-03-04T14:01:45.386+0000] {taskinstance.py:2648} INFO - Exporting env vars: AIRFLOW_CTX_DAG_OWNER='***' AIRFLOW_CTX_DAG_ID='electric_board_daily' AIRFLOW_CTX_TASK_ID='ingest_electric_board' AIRFLOW_CTX_EXECUTION_DATE='2026-03-02T16:00:00+00:00' AIRFLOW_CTX_TRY_NUMBER='1' AIRFLOW_CTX_DAG_RUN_ID='scheduled__2026-03-02T16:00:00+00:00'
[2026-03-04T14:01:45.389+0000] {taskinstance.py:430} INFO - ::endgroup::
[2026-03-04T14:01:45.390+0000] {datalake_df2csv.py:40} INFO - ================================================================================
[2026-03-04T14:01:45.390+0000] {datalake_df2csv.py:41} INFO - 🚀 BẮT ĐẦU TASK: ingest_electric_board
[2026-03-04T14:01:45.391+0000] {datalake_df2csv.py:42} INFO - ================================================================================
[2026-03-04T14:01:45.391+0000] {datalake_df2csv.py:43} INFO - 📋 Thông tin cấu hình:
[2026-03-04T14:01:45.392+0000] {datalake_df2csv.py:44} INFO -   - Logic file: electric_board
[2026-03-04T14:01:45.392+0000] {datalake_df2csv.py:45} INFO -   - DataFrame name: get_price_board_batch
[2026-03-04T14:01:45.393+0000] {datalake_df2csv.py:46} INFO -   - Bucket: thongtin-congty-va-bctc
[2026-03-04T14:01:45.393+0000] {datalake_df2csv.py:47} INFO -   - Object path: electric_board_per_day/2026-03-02/batch_6.csv
[2026-03-04T14:01:45.394+0000] {datalake_df2csv.py:48} INFO -   - Connection ID: minio_finance
[2026-03-04T14:01:45.394+0000] {datalake_df2csv.py:49} INFO -   - Tham số truyền vào: {'symbols': ['BKC', 'EFI', 'HAN', 'PDV', 'NHT', 'PVI', 'NNC', 'GIC', 'DHN', 'VCP', 'SC5', 'DOP', 'ISH', 'SGN', 'FSO', 'VFG', 'VNB', 'CVN', 'VBB', 'CMK', 'GTS', 'NLS', 'PGB', 'OCH', 'DXV', 'VC2', 'GEL', 'SFN', 'SBM', 'SVC', 'TEG', 'RYG', 'THS', 'VSF', 'VTQ', 'LAW', 'PSW', 'SJ1', 'PPT', 'MPY', 'SPV', 'BQP', 'PPC', 'DAG', 'BSL', 'PVP', 'VPW', 'VDP', 'DMN', 'CET'], 'trading_date': '2026-03-02'}
[2026-03-04T14:01:45.395+0000] {datalake_df2csv.py:50} INFO - --------------------------------------------------------------------------------
[2026-03-04T14:01:45.396+0000] {datalake_df2csv.py:54} INFO - 📥 Bước 1: Đang load dữ liệu từ logic file...
[2026-03-04T14:01:45.400+0000] {datalake_df2csv.py:148} INFO -   - Logic directory: /opt/airflow/plugins/logic
[2026-03-04T14:01:45.401+0000] {datalake_df2csv.py:149} INFO -   - Module path: /opt/airflow/plugins/logic/electric_board.py
[2026-03-04T14:01:45.402+0000] {datalake_df2csv.py:153} INFO -   - Đã thêm logic directory vào sys.path
[2026-03-04T14:01:45.405+0000] {datalake_df2csv.py:159} INFO -   - Đang load module 'electric_board'...
[2026-03-04T14:01:45.413+0000] {datalake_df2csv.py:163} INFO -   - ✅ Module loaded thành công
[2026-03-04T14:01:45.414+0000] {datalake_df2csv.py:165} INFO -   - Đang tìm DataFrame/function: 'get_price_board_batch'...
[2026-03-04T14:01:45.415+0000] {datalake_df2csv.py:170} INFO -   - ✅ Tìm thấy object: function
[2026-03-04T14:01:45.416+0000] {datalake_df2csv.py:173} INFO -   - Đang gọi function với tham số: {'symbols': ['BKC', 'EFI', 'HAN', 'PDV', 'NHT', 'PVI', 'NNC', 'GIC', 'DHN', 'VCP', 'SC5', 'DOP', 'ISH', 'SGN', 'FSO', 'VFG', 'VNB', 'CVN', 'VBB', 'CMK', 'GTS', 'NLS', 'PGB', 'OCH', 'DXV', 'VC2', 'GEL', 'SFN', 'SBM', 'SVC', 'TEG', 'RYG', 'THS', 'VSF', 'VTQ', 'LAW', 'PSW', 'SJ1', 'PPT', 'MPY', 'SPV', 'BQP', 'PPC', 'DAG', 'BSL', 'PVP', 'VPW', 'VDP', 'DMN', 'CET'], 'trading_date': '2026-03-02'}
[2026-03-04T14:01:45.417+0000] {logging_mixin.py:188} INFO - [ELECTRIC_BOARD] Fetching price board for 50 symbols: ['BKC', 'EFI', 'HAN', 'PDV', 'NHT']...
[2026-03-04T14:01:47.275+0000] {logging_mixin.py:188} INFO - [ELECTRIC_BOARD] ✅ Fetched 50 rows, 1 columns
[2026-03-04T14:01:47.277+0000] {datalake_df2csv.py:68} INFO - ✅ Load dữ liệu thành công!
[2026-03-04T14:01:47.278+0000] {datalake_df2csv.py:69} INFO - 📊 Thông tin DataFrame:
[2026-03-04T14:01:47.279+0000] {datalake_df2csv.py:70} INFO -   - Số dòng: 50
[2026-03-04T14:01:47.286+0000] {datalake_df2csv.py:71} INFO -   - Số cột: 1
[2026-03-04T14:01:47.287+0000] {datalake_df2csv.py:72} INFO -   - Tên các cột: ['trading_date']
[2026-03-04T14:01:47.288+0000] {datalake_df2csv.py:73} INFO -   - Kiểu dữ liệu: {'trading_date': 'object'}
[2026-03-04T14:01:47.293+0000] {datalake_df2csv.py:74} INFO -   - Bộ nhớ sử dụng: 0.00 MB
[2026-03-04T14:01:47.296+0000] {datalake_df2csv.py:83} INFO -   - Không có giá trị NULL
[2026-03-04T14:01:47.297+0000] {datalake_df2csv.py:86} INFO -   - Mẫu dữ liệu (5 dòng đầu):
[2026-03-04T14:01:47.298+0000] {datalake_df2csv.py:88} INFO -     Row 0: {'trading_date': '2026-03-02'}
[2026-03-04T14:01:47.300+0000] {datalake_df2csv.py:88} INFO -     Row 1: {'trading_date': '2026-03-02'}
[2026-03-04T14:01:47.301+0000] {datalake_df2csv.py:88} INFO -     Row 2: {'trading_date': '2026-03-02'}
[2026-03-04T14:01:47.302+0000] {datalake_df2csv.py:88} INFO -     Row 3: {'trading_date': '2026-03-02'}
[2026-03-04T14:01:47.303+0000] {datalake_df2csv.py:88} INFO -     Row 4: {'trading_date': '2026-03-02'}
[2026-03-04T14:01:47.303+0000] {datalake_df2csv.py:90} INFO - --------------------------------------------------------------------------------
[2026-03-04T14:01:47.305+0000] {datalake_df2csv.py:93} INFO - 📝 Bước 2: Đang chuyển đổi DataFrame sang CSV...
[2026-03-04T14:01:47.311+0000] {datalake_df2csv.py:97} INFO - ✅ Chuyển đổi CSV thành công!
[2026-03-04T14:01:47.312+0000] {datalake_df2csv.py:98} INFO -   - Kích thước file: 0.00 MB
[2026-03-04T14:01:47.314+0000] {datalake_df2csv.py:99} INFO -   - Thời gian chuyển đổi: 0.00 giây
[2026-03-04T14:01:47.315+0000] {datalake_df2csv.py:100} INFO - --------------------------------------------------------------------------------
[2026-03-04T14:01:47.316+0000] {datalake_df2csv.py:103} INFO - ☁️  Bước 3: Đang upload lên MinIO/S3...
[2026-03-04T14:01:47.334+0000] {base.py:84} INFO - Using connection ID 'minio_finance' for task execution.
[2026-03-04T14:01:47.337+0000] {connection_wrapper.py:384} INFO - AWS Connection (conn_id='minio_finance', conn_type='aws') credentials retrieved from login and password.
[2026-03-04T14:01:48.194+0000] {datalake_df2csv.py:112} INFO -   - Bucket 'thongtin-congty-va-bctc' đã tồn tại
[2026-03-04T14:01:48.239+0000] {datalake_df2csv.py:117} INFO - ✅ Upload thành công!
[2026-03-04T14:01:48.240+0000] {datalake_df2csv.py:118} INFO -   - Đường dẫn: s3://thongtin-congty-va-bctc/electric_board_per_day/2026-03-02/batch_6.csv
[2026-03-04T14:01:48.240+0000] {datalake_df2csv.py:119} INFO -   - Số dòng: 50
[2026-03-04T14:01:48.241+0000] {datalake_df2csv.py:120} INFO -   - Thời gian upload: 0.92 giây
[2026-03-04T14:01:48.241+0000] {datalake_df2csv.py:121} INFO - --------------------------------------------------------------------------------
[2026-03-04T14:01:48.242+0000] {datalake_df2csv.py:125} INFO - 📈 TỔNG KẾT:
[2026-03-04T14:01:48.243+0000] {datalake_df2csv.py:126} INFO -   - Tổng thời gian thực thi: 2.85 giây
[2026-03-04T14:01:48.243+0000] {datalake_df2csv.py:127} INFO -   - Tốc độ xử lý: 18 dòng/giây
[2026-03-04T14:01:48.244+0000] {datalake_df2csv.py:128} INFO - ================================================================================
[2026-03-04T14:01:48.244+0000] {datalake_df2csv.py:129} INFO - ✅ HOÀN THÀNH TASK: ingest_electric_board
[2026-03-04T14:01:48.245+0000] {datalake_df2csv.py:130} INFO - ================================================================================
[2026-03-04T14:01:48.247+0000] {taskinstance.py:441} INFO - ::group::Post task execution logs
[2026-03-04T14:01:48.259+0000] {taskinstance.py:1206} INFO - Marking task as SUCCESS. dag_id=electric_board_daily, task_id=ingest_electric_board, run_id=scheduled__2026-03-02T16:00:00+00:00, map_index=6, execution_date=20260302T160000, start_date=20260304T140145, end_date=20260304T140148
[2026-03-04T14:01:48.360+0000] {local_task_job_runner.py:243} INFO - Task exited with return code 0
[2026-03-04T14:01:48.373+0000] {local_task_job_runner.py:222} INFO - ::endgroup::
