[2026-02-28T02:02:15.935+0000] {local_task_job_runner.py:120} INFO - ::group::Pre task execution logs
[2026-02-28T02:02:16.104+0000] {taskinstance.py:2076} INFO - Dependencies all met for dep_context=non-requeueable deps ti=<TaskInstance: daily_price.ingest_daily_price scheduled__2026-02-26T16:00:00+00:00 map_index=258 [queued]>
[2026-02-28T02:02:16.199+0000] {taskinstance.py:2076} INFO - Dependencies all met for dep_context=requeueable deps ti=<TaskInstance: daily_price.ingest_daily_price scheduled__2026-02-26T16:00:00+00:00 map_index=258 [queued]>
[2026-02-28T02:02:16.202+0000] {taskinstance.py:2306} INFO - Starting attempt 1 of 2
[2026-02-28T02:02:16.300+0000] {taskinstance.py:2330} INFO - Executing <Mapped(DfToCsvOperator): ingest_daily_price> on 2026-02-26 16:00:00+00:00
[2026-02-28T02:02:16.370+0000] {warnings.py:112} WARNING - This process (pid=2828) is multi-threaded, use of fork() may lead to deadlocks in the child.

[2026-02-28T02:02:16.393+0000] {standard_task_runner.py:64} INFO - Started process 2874 to run task
[2026-02-28T02:02:16.402+0000] {standard_task_runner.py:90} INFO - Running: ['***', 'tasks', 'run', 'daily_price', 'ingest_daily_price', 'scheduled__2026-02-26T16:00:00+00:00', '--job-id', '28411', '--raw', '--subdir', 'DAGS_FOLDER/dl_dailly_price.py', '--cfg-path', '/tmp/tmp4mpz_93a', '--map-index', '258']
[2026-02-28T02:02:16.455+0000] {standard_task_runner.py:91} INFO - Job 28411: Subtask ingest_daily_price
[2026-02-28T02:02:16.828+0000] {task_command.py:426} INFO - Running <TaskInstance: daily_price.ingest_daily_price scheduled__2026-02-26T16:00:00+00:00 map_index=258 [running]> on host b6d397e728c6
[2026-02-28T02:02:19.982+0000] {taskinstance.py:2648} INFO - Exporting env vars: AIRFLOW_CTX_DAG_OWNER='***' AIRFLOW_CTX_DAG_ID='daily_price' AIRFLOW_CTX_TASK_ID='ingest_daily_price' AIRFLOW_CTX_EXECUTION_DATE='2026-02-26T16:00:00+00:00' AIRFLOW_CTX_TRY_NUMBER='1' AIRFLOW_CTX_DAG_RUN_ID='scheduled__2026-02-26T16:00:00+00:00'
[2026-02-28T02:02:19.999+0000] {taskinstance.py:430} INFO - ::endgroup::
[2026-02-28T02:02:20.000+0000] {datalake_df2csv.py:40} INFO - ================================================================================
[2026-02-28T02:02:20.000+0000] {datalake_df2csv.py:41} INFO - 🚀 BẮT ĐẦU TASK: ingest_daily_price
[2026-02-28T02:02:20.002+0000] {datalake_df2csv.py:42} INFO - ================================================================================
[2026-02-28T02:02:20.002+0000] {datalake_df2csv.py:43} INFO - 📋 Thông tin cấu hình:
[2026-02-28T02:02:20.003+0000] {datalake_df2csv.py:44} INFO -   - Logic file: history_price
[2026-02-28T02:02:20.012+0000] {datalake_df2csv.py:45} INFO -   - DataFrame name: get_history_price_batch
[2026-02-28T02:02:20.016+0000] {datalake_df2csv.py:46} INFO -   - Bucket: thongtin-congty-va-bctc
[2026-02-28T02:02:20.020+0000] {datalake_df2csv.py:47} INFO -   - Object path: daily_price/2026-02-26/batch_258.csv
[2026-02-28T02:02:20.023+0000] {datalake_df2csv.py:48} INFO -   - Connection ID: minio_finance
[2026-02-28T02:02:20.036+0000] {datalake_df2csv.py:49} INFO -   - Tham số truyền vào: {'symbols': ['TGG', 'XMD', 'TLP', 'SJ1', 'LIC'], 'start_date': '2026-02-26', 'end_date': '2026-02-27'}
[2026-02-28T02:02:20.042+0000] {datalake_df2csv.py:50} INFO - --------------------------------------------------------------------------------
[2026-02-28T02:02:20.046+0000] {datalake_df2csv.py:54} INFO - 📥 Bước 1: Đang load dữ liệu từ logic file...
[2026-02-28T02:02:20.077+0000] {datalake_df2csv.py:148} INFO -   - Logic directory: /opt/airflow/plugins/logic
[2026-02-28T02:02:20.080+0000] {datalake_df2csv.py:149} INFO -   - Module path: /opt/airflow/plugins/logic/history_price.py
[2026-02-28T02:02:20.082+0000] {datalake_df2csv.py:153} INFO -   - Đã thêm logic directory vào sys.path
[2026-02-28T02:02:20.092+0000] {datalake_df2csv.py:159} INFO -   - Đang load module 'history_price'...
[2026-02-28T02:02:20.102+0000] {datalake_df2csv.py:163} INFO -   - ✅ Module loaded thành công
[2026-02-28T02:02:20.103+0000] {datalake_df2csv.py:165} INFO -   - Đang tìm DataFrame/function: 'get_history_price_batch'...
[2026-02-28T02:02:20.104+0000] {datalake_df2csv.py:170} INFO -   - ✅ Tìm thấy object: function
[2026-02-28T02:02:20.106+0000] {datalake_df2csv.py:173} INFO -   - Đang gọi function với tham số: {'symbols': ['TGG', 'XMD', 'TLP', 'SJ1', 'LIC'], 'start_date': '2026-02-26', 'end_date': '2026-02-27'}
[2026-02-28T02:02:33.444+0000] {local_task_job_runner.py:243} INFO - Task exited with return code -9For more information, see https://***.apache.org/docs/apache-***/stable/troubleshooting.html#LocalTaskJob-killed
[2026-02-28T02:02:33.487+0000] {taskinstance.py:3503} INFO - 0 downstream tasks scheduled from follow-on schedule check
[2026-02-28T02:02:33.492+0000] {local_task_job_runner.py:222} INFO - ::endgroup::
