[2026-01-18T02:53:58.377+0000] {local_task_job_runner.py:120} INFO - ::group::Pre task execution logs
[2026-01-18T02:53:58.429+0000] {taskinstance.py:2076} INFO - Dependencies all met for dep_context=non-requeueable deps ti=<TaskInstance: company_overview_to_minio.ingest_overview scheduled__2026-01-11T00:00:00+00:00 map_index=0 [queued]>
[2026-01-18T02:53:58.456+0000] {taskinstance.py:2076} INFO - Dependencies all met for dep_context=requeueable deps ti=<TaskInstance: company_overview_to_minio.ingest_overview scheduled__2026-01-11T00:00:00+00:00 map_index=0 [queued]>
[2026-01-18T02:53:58.458+0000] {taskinstance.py:2306} INFO - Starting attempt 1 of 2
[2026-01-18T02:53:58.493+0000] {taskinstance.py:2330} INFO - Executing <Mapped(DfToCsvOperator): ingest_overview> on 2026-01-11 00:00:00+00:00
[2026-01-18T02:53:58.512+0000] {warnings.py:112} WARNING - This process (pid=140) is multi-threaded, use of fork() may lead to deadlocks in the child.

[2026-01-18T02:53:58.515+0000] {standard_task_runner.py:64} INFO - Started process 282 to run task
[2026-01-18T02:53:58.531+0000] {standard_task_runner.py:90} INFO - Running: ['***', 'tasks', 'run', 'company_overview_to_minio', 'ingest_overview', 'scheduled__2026-01-11T00:00:00+00:00', '--job-id', '1538', '--raw', '--subdir', 'DAGS_FOLDER/company_overview_to_minio.py', '--cfg-path', '/tmp/tmpiditf5l8', '--map-index', '0']
[2026-01-18T02:53:58.547+0000] {standard_task_runner.py:91} INFO - Job 1538: Subtask ingest_overview
[2026-01-18T02:53:58.731+0000] {task_command.py:426} INFO - Running <TaskInstance: company_overview_to_minio.ingest_overview scheduled__2026-01-11T00:00:00+00:00 map_index=0 [running]> on host 931c2101ff2f
[2026-01-18T02:53:58.999+0000] {taskinstance.py:2648} INFO - Exporting env vars: AIRFLOW_CTX_DAG_OWNER='***' AIRFLOW_CTX_DAG_ID='company_overview_to_minio' AIRFLOW_CTX_TASK_ID='ingest_overview' AIRFLOW_CTX_EXECUTION_DATE='2026-01-11T00:00:00+00:00' AIRFLOW_CTX_TRY_NUMBER='1' AIRFLOW_CTX_DAG_RUN_ID='scheduled__2026-01-11T00:00:00+00:00'
[2026-01-18T02:53:59.000+0000] {taskinstance.py:430} INFO - ::endgroup::
[2026-01-18T02:54:00.893+0000] {warnings.py:112} WARNING - DataFrame.applymap has been deprecated. Use DataFrame.map instead.

[2026-01-18T02:54:03.059+0000] {warnings.py:112} WARNING - DataFrame.applymap has been deprecated. Use DataFrame.map instead.

[2026-01-18T02:54:04.213+0000] {warnings.py:112} WARNING - DataFrame.applymap has been deprecated. Use DataFrame.map instead.

[2026-01-18T02:54:05.410+0000] {warnings.py:112} WARNING - DataFrame.applymap has been deprecated. Use DataFrame.map instead.

[2026-01-18T02:54:06.633+0000] {warnings.py:112} WARNING - DataFrame.applymap has been deprecated. Use DataFrame.map instead.

[2026-01-18T02:54:08.148+0000] {warnings.py:112} WARNING - DataFrame.applymap has been deprecated. Use DataFrame.map instead.

[2026-01-18T02:54:09.320+0000] {warnings.py:112} WARNING - DataFrame.applymap has been deprecated. Use DataFrame.map instead.

[2026-01-18T02:54:10.593+0000] {warnings.py:112} WARNING - DataFrame.applymap has been deprecated. Use DataFrame.map instead.

[2026-01-18T02:54:12.098+0000] {warnings.py:112} WARNING - DataFrame.applymap has been deprecated. Use DataFrame.map instead.

[2026-01-18T02:54:13.410+0000] {warnings.py:112} WARNING - DataFrame.applymap has been deprecated. Use DataFrame.map instead.

[2026-01-18T02:54:14.966+0000] {warnings.py:112} WARNING - DataFrame.applymap has been deprecated. Use DataFrame.map instead.

[2026-01-18T02:54:16.528+0000] {warnings.py:112} WARNING - DataFrame.applymap has been deprecated. Use DataFrame.map instead.

[2026-01-18T02:54:17.865+0000] {warnings.py:112} WARNING - DataFrame.applymap has been deprecated. Use DataFrame.map instead.

[2026-01-18T02:54:19.236+0000] {warnings.py:112} WARNING - DataFrame.applymap has been deprecated. Use DataFrame.map instead.

[2026-01-18T02:54:20.832+0000] {warnings.py:112} WARNING - DataFrame.applymap has been deprecated. Use DataFrame.map instead.

[2026-01-18T02:54:22.157+0000] {warnings.py:112} WARNING - DataFrame.applymap has been deprecated. Use DataFrame.map instead.

[2026-01-18T02:54:23.459+0000] {warnings.py:112} WARNING - DataFrame.applymap has been deprecated. Use DataFrame.map instead.

[2026-01-18T02:54:24.785+0000] {warnings.py:112} WARNING - DataFrame.applymap has been deprecated. Use DataFrame.map instead.

[2026-01-18T02:54:26.071+0000] {warnings.py:112} WARNING - DataFrame.applymap has been deprecated. Use DataFrame.map instead.

[2026-01-18T02:54:27.338+0000] {warnings.py:112} WARNING - DataFrame.applymap has been deprecated. Use DataFrame.map instead.

[2026-01-18T02:54:28.369+0000] {base.py:84} INFO - Using connection ID 'minio_finance' for task execution.
[2026-01-18T02:54:28.370+0000] {connection_wrapper.py:384} INFO - AWS Connection (conn_id='minio_finance', conn_type='aws') credentials retrieved from login and password.
[2026-01-18T02:54:29.037+0000] {datalake_df2csv.py:52} INFO - ✅ Đã upload 20 dòng -> s3://thongtin-congty-va-bctc/overview/date=2026-01-11/batch_0.csv
[2026-01-18T02:54:29.038+0000] {taskinstance.py:441} INFO - ::group::Post task execution logs
[2026-01-18T02:54:29.047+0000] {taskinstance.py:1206} INFO - Marking task as SUCCESS. dag_id=company_overview_to_minio, task_id=ingest_overview, run_id=scheduled__2026-01-11T00:00:00+00:00, map_index=0, execution_date=20260111T000000, start_date=20260118T025358, end_date=20260118T025429
[2026-01-18T02:54:29.083+0000] {local_task_job_runner.py:243} INFO - Task exited with return code 0
[2026-01-18T02:54:29.107+0000] {taskinstance.py:3503} INFO - 0 downstream tasks scheduled from follow-on schedule check
[2026-01-18T02:54:29.111+0000] {local_task_job_runner.py:222} INFO - ::endgroup::
