[2026-02-26T16:06:20.542+0000] {local_task_job_runner.py:120} INFO - ::group::Pre task execution logs
[2026-02-26T16:06:20.620+0000] {taskinstance.py:2076} INFO - Dependencies all met for dep_context=non-requeueable deps ti=<TaskInstance: daily_price.ingest_daily_price scheduled__2026-02-25T16:00:00+00:00 map_index=162 [queued]>
[2026-02-26T16:06:20.664+0000] {taskinstance.py:2076} INFO - Dependencies all met for dep_context=requeueable deps ti=<TaskInstance: daily_price.ingest_daily_price scheduled__2026-02-25T16:00:00+00:00 map_index=162 [queued]>
[2026-02-26T16:06:20.664+0000] {taskinstance.py:2306} INFO - Starting attempt 1 of 2
[2026-02-26T16:06:20.712+0000] {taskinstance.py:2330} INFO - Executing <Mapped(DfToCsvOperator): ingest_daily_price> on 2026-02-25 16:00:00+00:00
[2026-02-26T16:06:20.742+0000] {warnings.py:112} WARNING - This process (pid=3127) is multi-threaded, use of fork() may lead to deadlocks in the child.

[2026-02-26T16:06:20.744+0000] {standard_task_runner.py:64} INFO - Started process 3149 to run task
[2026-02-26T16:06:20.752+0000] {standard_task_runner.py:90} INFO - Running: ['***', 'tasks', 'run', 'daily_price', 'ingest_daily_price', 'scheduled__2026-02-25T16:00:00+00:00', '--job-id', '27581', '--raw', '--subdir', 'DAGS_FOLDER/dl_dailly_price.py', '--cfg-path', '/tmp/tmp8skutt8b', '--map-index', '162']
[2026-02-26T16:06:20.774+0000] {standard_task_runner.py:91} INFO - Job 27581: Subtask ingest_daily_price
[2026-02-26T16:06:20.963+0000] {task_command.py:426} INFO - Running <TaskInstance: daily_price.ingest_daily_price scheduled__2026-02-25T16:00:00+00:00 map_index=162 [running]> on host 3712393133aa
[2026-02-26T16:06:21.761+0000] {taskinstance.py:2648} INFO - Exporting env vars: AIRFLOW_CTX_DAG_OWNER='***' AIRFLOW_CTX_DAG_ID='daily_price' AIRFLOW_CTX_TASK_ID='ingest_daily_price' AIRFLOW_CTX_EXECUTION_DATE='2026-02-25T16:00:00+00:00' AIRFLOW_CTX_TRY_NUMBER='1' AIRFLOW_CTX_DAG_RUN_ID='scheduled__2026-02-25T16:00:00+00:00'
[2026-02-26T16:06:21.769+0000] {taskinstance.py:430} INFO - ::endgroup::
[2026-02-26T16:06:21.771+0000] {datalake_df2csv.py:40} INFO - ================================================================================
[2026-02-26T16:06:21.776+0000] {datalake_df2csv.py:41} INFO - 🚀 BẮT ĐẦU TASK: ingest_daily_price
[2026-02-26T16:06:21.777+0000] {datalake_df2csv.py:42} INFO - ================================================================================
[2026-02-26T16:06:21.778+0000] {datalake_df2csv.py:43} INFO - 📋 Thông tin cấu hình:
[2026-02-26T16:06:21.778+0000] {datalake_df2csv.py:44} INFO -   - Logic file: history_price
[2026-02-26T16:06:21.779+0000] {datalake_df2csv.py:45} INFO -   - DataFrame name: get_history_price_batch
[2026-02-26T16:06:21.779+0000] {datalake_df2csv.py:46} INFO -   - Bucket: thongtin-congty-va-bctc
[2026-02-26T16:06:21.780+0000] {datalake_df2csv.py:47} INFO -   - Object path: daily_price/2026-02-25/batch_162.csv
[2026-02-26T16:06:21.782+0000] {datalake_df2csv.py:48} INFO -   - Connection ID: minio_finance
[2026-02-26T16:06:21.784+0000] {datalake_df2csv.py:49} INFO -   - Tham số truyền vào: {'symbols': ['CMC', 'VNA', 'STW', 'PJS', 'KHG'], 'start_date': '2026-02-25', 'end_date': '2026-02-26'}
[2026-02-26T16:06:21.784+0000] {datalake_df2csv.py:50} INFO - --------------------------------------------------------------------------------
[2026-02-26T16:06:21.785+0000] {datalake_df2csv.py:54} INFO - 📥 Bước 1: Đang load dữ liệu từ logic file...
[2026-02-26T16:06:21.792+0000] {datalake_df2csv.py:148} INFO -   - Logic directory: /opt/airflow/plugins/logic
[2026-02-26T16:06:21.795+0000] {datalake_df2csv.py:149} INFO -   - Module path: /opt/airflow/plugins/logic/history_price.py
[2026-02-26T16:06:21.796+0000] {datalake_df2csv.py:153} INFO -   - Đã thêm logic directory vào sys.path
[2026-02-26T16:06:21.801+0000] {datalake_df2csv.py:159} INFO -   - Đang load module 'history_price'...
[2026-02-26T16:06:21.808+0000] {datalake_df2csv.py:163} INFO -   - ✅ Module loaded thành công
[2026-02-26T16:06:21.808+0000] {datalake_df2csv.py:165} INFO -   - Đang tìm DataFrame/function: 'get_history_price_batch'...
[2026-02-26T16:06:21.817+0000] {datalake_df2csv.py:170} INFO -   - ✅ Tìm thấy object: function
[2026-02-26T16:06:21.822+0000] {datalake_df2csv.py:173} INFO -   - Đang gọi function với tham số: {'symbols': ['CMC', 'VNA', 'STW', 'PJS', 'KHG'], 'start_date': '2026-02-25', 'end_date': '2026-02-26'}
[2026-02-26T16:06:35.011+0000] {log.py:232} WARNING - 2026-02-26 16:06:34 - vnstock.core.utils.client - ERROR - API request failed: HTTPSConnectionPool(host='trading.vietcap.com.vn', port=443): Max retries exceeded with url: /api/chart/OHLCChart/gap-chart (Caused by NameResolutionError("<urllib3.connection.HTTPSConnection object at 0x7f07ccb2e450>: Failed to resolve 'trading.vietcap.com.vn' ([Errno -3] Temporary failure in name resolution)"))
[2026-02-26T16:06:34.988+0000] {client.py:297} ERROR - API request failed: HTTPSConnectionPool(host='trading.vietcap.com.vn', port=443): Max retries exceeded with url: /api/chart/OHLCChart/gap-chart (Caused by NameResolutionError("<urllib3.connection.HTTPSConnection object at 0x7f07ccb2e450>: Failed to resolve 'trading.vietcap.com.vn' ([Errno -3] Temporary failure in name resolution)"))
[2026-02-26T16:06:41.349+0000] {datalake_df2csv.py:68} INFO - ✅ Load dữ liệu thành công!
[2026-02-26T16:06:41.350+0000] {datalake_df2csv.py:69} INFO - 📊 Thông tin DataFrame:
[2026-02-26T16:06:41.350+0000] {datalake_df2csv.py:70} INFO -   - Số dòng: 20
[2026-02-26T16:06:41.351+0000] {datalake_df2csv.py:71} INFO -   - Số cột: 7
[2026-02-26T16:06:41.352+0000] {datalake_df2csv.py:72} INFO -   - Tên các cột: ['ticker', 'trading_date', 'open', 'high', 'low', 'close', 'volume']
[2026-02-26T16:06:41.353+0000] {datalake_df2csv.py:73} INFO -   - Kiểu dữ liệu: {'ticker': 'object', 'trading_date': 'object', 'open': 'float64', 'high': 'float64', 'low': 'float64', 'close': 'float64', 'volume': 'int64'}
[2026-02-26T16:06:41.355+0000] {datalake_df2csv.py:74} INFO -   - Bộ nhớ sử dụng: 0.00 MB
[2026-02-26T16:06:41.357+0000] {datalake_df2csv.py:83} INFO -   - Không có giá trị NULL
[2026-02-26T16:06:41.358+0000] {datalake_df2csv.py:86} INFO -   - Mẫu dữ liệu (5 dòng đầu):
[2026-02-26T16:06:41.359+0000] {datalake_df2csv.py:88} INFO -     Row 0: {'ticker': 'CMC', 'trading_date': '2026-02-13', 'open': 10.0, 'high': 10.0, 'low': 10.0, 'close': 10.0, 'volume': 500}
[2026-02-26T16:06:41.360+0000] {datalake_df2csv.py:88} INFO -     Row 1: {'ticker': 'CMC', 'trading_date': '2026-02-23', 'open': 11.0, 'high': 11.0, 'low': 11.0, 'close': 11.0, 'volume': 400}
[2026-02-26T16:06:41.360+0000] {datalake_df2csv.py:88} INFO -     Row 2: {'ticker': 'CMC', 'trading_date': '2026-02-24', 'open': 11.0, 'high': 11.5, 'low': 11.0, 'close': 11.0, 'volume': 1500}
[2026-02-26T16:06:41.361+0000] {datalake_df2csv.py:88} INFO -     Row 3: {'ticker': 'CMC', 'trading_date': '2026-02-25', 'open': 11.3, 'high': 11.6, 'low': 11.0, 'close': 11.0, 'volume': 900}
[2026-02-26T16:06:41.362+0000] {datalake_df2csv.py:88} INFO -     Row 4: {'ticker': 'VNA', 'trading_date': '2026-02-23', 'open': 16.9, 'high': 16.9, 'low': 16.7, 'close': 16.7, 'volume': 200}
[2026-02-26T16:06:41.362+0000] {datalake_df2csv.py:90} INFO - --------------------------------------------------------------------------------
[2026-02-26T16:06:41.363+0000] {datalake_df2csv.py:93} INFO - 📝 Bước 2: Đang chuyển đổi DataFrame sang CSV...
[2026-02-26T16:06:41.368+0000] {datalake_df2csv.py:97} INFO - ✅ Chuyển đổi CSV thành công!
[2026-02-26T16:06:41.369+0000] {datalake_df2csv.py:98} INFO -   - Kích thước file: 0.00 MB
[2026-02-26T16:06:41.369+0000] {datalake_df2csv.py:99} INFO -   - Thời gian chuyển đổi: 0.00 giây
[2026-02-26T16:06:41.370+0000] {datalake_df2csv.py:100} INFO - --------------------------------------------------------------------------------
[2026-02-26T16:06:41.370+0000] {datalake_df2csv.py:103} INFO - ☁️  Bước 3: Đang upload lên MinIO/S3...
[2026-02-26T16:06:41.384+0000] {base.py:84} INFO - Using connection ID 'minio_finance' for task execution.
[2026-02-26T16:06:41.385+0000] {connection_wrapper.py:384} INFO - AWS Connection (conn_id='minio_finance', conn_type='aws') credentials retrieved from login and password.
[2026-02-26T16:06:42.952+0000] {datalake_df2csv.py:112} INFO -   - Bucket 'thongtin-congty-va-bctc' đã tồn tại
[2026-02-26T16:06:43.098+0000] {datalake_df2csv.py:117} INFO - ✅ Upload thành công!
[2026-02-26T16:06:43.099+0000] {datalake_df2csv.py:118} INFO -   - Đường dẫn: s3://thongtin-congty-va-bctc/daily_price/2026-02-25/batch_162.csv
[2026-02-26T16:06:43.102+0000] {datalake_df2csv.py:119} INFO -   - Số dòng: 20
[2026-02-26T16:06:43.103+0000] {datalake_df2csv.py:120} INFO -   - Thời gian upload: 1.73 giây
[2026-02-26T16:06:43.104+0000] {datalake_df2csv.py:121} INFO - --------------------------------------------------------------------------------
[2026-02-26T16:06:43.107+0000] {datalake_df2csv.py:125} INFO - 📈 TỔNG KẾT:
[2026-02-26T16:06:43.108+0000] {datalake_df2csv.py:126} INFO -   - Tổng thời gian thực thi: 21.34 giây
[2026-02-26T16:06:43.109+0000] {datalake_df2csv.py:127} INFO -   - Tốc độ xử lý: 1 dòng/giây
[2026-02-26T16:06:43.110+0000] {datalake_df2csv.py:128} INFO - ================================================================================
[2026-02-26T16:06:43.111+0000] {datalake_df2csv.py:129} INFO - ✅ HOÀN THÀNH TASK: ingest_daily_price
[2026-02-26T16:06:43.112+0000] {datalake_df2csv.py:130} INFO - ================================================================================
[2026-02-26T16:06:43.113+0000] {taskinstance.py:441} INFO - ::group::Post task execution logs
[2026-02-26T16:06:43.212+0000] {taskinstance.py:1206} INFO - Marking task as SUCCESS. dag_id=daily_price, task_id=ingest_daily_price, run_id=scheduled__2026-02-25T16:00:00+00:00, map_index=162, execution_date=20260225T160000, start_date=20260226T160620, end_date=20260226T160643
[2026-02-26T16:06:43.381+0000] {local_task_job_runner.py:243} INFO - Task exited with return code 0
[2026-02-26T16:06:43.427+0000] {taskinstance.py:3503} INFO - 0 downstream tasks scheduled from follow-on schedule check
[2026-02-26T16:06:43.448+0000] {local_task_job_runner.py:222} INFO - ::endgroup::
