[2026-01-20T14:49:42.957+0000] {local_task_job_runner.py:120} INFO - ::group::Pre task execution logs
[2026-01-20T14:49:42.972+0000] {taskinstance.py:2076} INFO - Dependencies all met for dep_context=non-requeueable deps ti=<TaskInstance: minio_to_db_sync.sync_news manual__2026-01-20T14:49:34.226282+00:00 [queued]>
[2026-01-20T14:49:42.980+0000] {taskinstance.py:2076} INFO - Dependencies all met for dep_context=requeueable deps ti=<TaskInstance: minio_to_db_sync.sync_news manual__2026-01-20T14:49:34.226282+00:00 [queued]>
[2026-01-20T14:49:42.980+0000] {taskinstance.py:2306} INFO - Starting attempt 1 of 3
[2026-01-20T14:49:42.992+0000] {taskinstance.py:2330} INFO - Executing <Task(_PythonDecoratedOperator): sync_news> on 2026-01-20 14:49:34.226282+00:00
[2026-01-20T14:49:42.999+0000] {warnings.py:112} WARNING - This process (pid=81) is multi-threaded, use of fork() may lead to deadlocks in the child.

[2026-01-20T14:49:43.001+0000] {standard_task_runner.py:64} INFO - Started process 179 to run task
[2026-01-20T14:49:43.002+0000] {standard_task_runner.py:90} INFO - Running: ['***', 'tasks', 'run', 'minio_to_db_sync', 'sync_news', 'manual__2026-01-20T14:49:34.226282+00:00', '--job-id', '3816', '--raw', '--subdir', 'DAGS_FOLDER/minio_to_db_sync.py', '--cfg-path', '/tmp/tmptsa1uvgv']
[2026-01-20T14:49:43.005+0000] {standard_task_runner.py:91} INFO - Job 3816: Subtask sync_news
[2026-01-20T14:49:43.045+0000] {task_command.py:426} INFO - Running <TaskInstance: minio_to_db_sync.sync_news manual__2026-01-20T14:49:34.226282+00:00 [running]> on host 281822c47ea2
[2026-01-20T14:49:43.132+0000] {taskinstance.py:2648} INFO - Exporting env vars: AIRFLOW_CTX_DAG_OWNER='***' AIRFLOW_CTX_DAG_ID='minio_to_db_sync' AIRFLOW_CTX_TASK_ID='sync_news' AIRFLOW_CTX_EXECUTION_DATE='2026-01-20T14:49:34.226282+00:00' AIRFLOW_CTX_TRY_NUMBER='1' AIRFLOW_CTX_DAG_RUN_ID='manual__2026-01-20T14:49:34.226282+00:00'
[2026-01-20T14:49:43.133+0000] {taskinstance.py:430} INFO - ::endgroup::
[2026-01-20T14:49:43.140+0000] {logging_mixin.py:188} INFO - ======================================================================
[2026-01-20T14:49:43.141+0000] {logging_mixin.py:188} INFO - 📊 SYNC NEWS TO DATABASE
[2026-01-20T14:49:43.142+0000] {logging_mixin.py:188} INFO - ======================================================================
[2026-01-20T14:49:43.142+0000] {logging_mixin.py:188} INFO - 
[1/4] Finding latest partition...
[2026-01-20T14:49:43.152+0000] {base.py:84} INFO - Using connection ID 'minio_finance' for task execution.
[2026-01-20T14:49:43.153+0000] {connection_wrapper.py:384} INFO - AWS Connection (conn_id='minio_finance', conn_type='aws') credentials retrieved from login and password.
[2026-01-20T14:49:43.737+0000] {logging_mixin.py:188} INFO - ✓ Latest partition found: news/site/2026-01-10/
[2026-01-20T14:49:43.737+0000] {logging_mixin.py:188} INFO - 
[2/4] Reading files...
[2026-01-20T14:49:43.744+0000] {base.py:84} INFO - Using connection ID 'minio_finance' for task execution.
[2026-01-20T14:49:43.744+0000] {connection_wrapper.py:384} INFO - AWS Connection (conn_id='minio_finance', conn_type='aws') credentials retrieved from login and password.
[2026-01-20T14:49:43.908+0000] {logging_mixin.py:188} INFO - Processing CSV: news/site/2026-01-10/news_site_20260110T161216.csv
[2026-01-20T14:49:43.915+0000] {base.py:84} INFO - Using connection ID 'minio_finance' for task execution.
[2026-01-20T14:49:43.916+0000] {connection_wrapper.py:384} INFO - AWS Connection (conn_id='minio_finance', conn_type='aws') credentials retrieved from login and password.
[2026-01-20T14:49:44.027+0000] {logging_mixin.py:188} INFO - ✓ Read 100 rows from news/site/2026-01-10/news_site_20260110T161216.csv
[2026-01-20T14:49:44.030+0000] {logging_mixin.py:188} INFO - Processing CSV: news/site/2026-01-10/news_site_20260110T162728.csv
[2026-01-20T14:49:44.037+0000] {base.py:84} INFO - Using connection ID 'minio_finance' for task execution.
[2026-01-20T14:49:44.038+0000] {connection_wrapper.py:384} INFO - AWS Connection (conn_id='minio_finance', conn_type='aws') credentials retrieved from login and password.
[2026-01-20T14:49:44.151+0000] {logging_mixin.py:188} INFO - ✓ Read 100 rows from news/site/2026-01-10/news_site_20260110T162728.csv
[2026-01-20T14:49:44.154+0000] {logging_mixin.py:188} INFO - 
Total loaded: 200 rows
[2026-01-20T14:49:44.154+0000] {logging_mixin.py:188} INFO - 
[3/4] Cleaning and transforming data...
[2026-01-20T14:49:44.156+0000] {logging_mixin.py:188} INFO - After cleaning: 101 rows
[2026-01-20T14:49:44.157+0000] {logging_mixin.py:188} INFO - 
[4/4] Inserting into database...
[2026-01-20T14:49:44.163+0000] {logging_mixin.py:188} INFO - ✓ Schema hethong_phantich_chungkhoan ensured
[2026-01-20T14:49:44.177+0000] {logging_mixin.py:188} INFO - Deleted 101 existing rows
[2026-01-20T14:49:44.183+0000] {logging_mixin.py:188} INFO - ✅ Inserted 1 new rows
[2026-01-20T14:49:44.184+0000] {python.py:237} INFO - Done. Returned value was: ✅ Success: 1 new rows
[2026-01-20T14:49:44.185+0000] {taskinstance.py:441} INFO - ::group::Post task execution logs
[2026-01-20T14:49:44.206+0000] {taskinstance.py:1206} INFO - Marking task as SUCCESS. dag_id=minio_to_db_sync, task_id=sync_news, run_id=manual__2026-01-20T14:49:34.226282+00:00, execution_date=20260120T144934, start_date=20260120T144942, end_date=20260120T144944
[2026-01-20T14:49:44.259+0000] {local_task_job_runner.py:243} INFO - Task exited with return code 0
[2026-01-20T14:49:44.282+0000] {taskinstance.py:3503} INFO - 0 downstream tasks scheduled from follow-on schedule check
[2026-01-20T14:49:44.284+0000] {local_task_job_runner.py:222} INFO - ::endgroup::
