[2026-02-03T13:56:10.341+0000] {local_task_job_runner.py:120} INFO - ::group::Pre task execution logs
[2026-02-03T13:56:10.376+0000] {taskinstance.py:2076} INFO - Dependencies all met for dep_context=non-requeueable deps ti=<TaskInstance: bctc_minio.ingest_bctc manual__2026-02-03T13:50:52+00:00 map_index=25 [queued]>
[2026-02-03T13:56:10.393+0000] {taskinstance.py:2076} INFO - Dependencies all met for dep_context=requeueable deps ti=<TaskInstance: bctc_minio.ingest_bctc manual__2026-02-03T13:50:52+00:00 map_index=25 [queued]>
[2026-02-03T13:56:10.394+0000] {taskinstance.py:2306} INFO - Starting attempt 1 of 2
[2026-02-03T13:56:10.416+0000] {taskinstance.py:2330} INFO - Executing <Mapped(DfToCsvOperator): ingest_bctc> on 2026-02-03 13:50:52+00:00
[2026-02-03T13:56:10.430+0000] {warnings.py:112} WARNING - This process (pid=6635) is multi-threaded, use of fork() may lead to deadlocks in the child.

[2026-02-03T13:56:10.432+0000] {standard_task_runner.py:64} INFO - Started process 6699 to run task
[2026-02-03T13:56:10.435+0000] {standard_task_runner.py:90} INFO - Running: ['***', 'tasks', 'run', 'bctc_minio', 'ingest_bctc', 'manual__2026-02-03T13:50:52+00:00', '--job-id', '15578', '--raw', '--subdir', 'DAGS_FOLDER/dl_bctc.py', '--cfg-path', '/tmp/tmpvzezc83g', '--map-index', '25']
[2026-02-03T13:56:10.439+0000] {standard_task_runner.py:91} INFO - Job 15578: Subtask ingest_bctc
[2026-02-03T13:56:10.503+0000] {task_command.py:426} INFO - Running <TaskInstance: bctc_minio.ingest_bctc manual__2026-02-03T13:50:52+00:00 map_index=25 [running]> on host 9a961c7ad7bb
[2026-02-03T13:56:10.636+0000] {taskinstance.py:2648} INFO - Exporting env vars: AIRFLOW_CTX_DAG_OWNER='***' AIRFLOW_CTX_DAG_ID='bctc_minio' AIRFLOW_CTX_TASK_ID='ingest_bctc' AIRFLOW_CTX_EXECUTION_DATE='2026-02-03T13:50:52+00:00' AIRFLOW_CTX_TRY_NUMBER='1' AIRFLOW_CTX_DAG_RUN_ID='manual__2026-02-03T13:50:52+00:00'
[2026-02-03T13:56:10.638+0000] {taskinstance.py:430} INFO - ::endgroup::
[2026-02-03T13:56:10.648+0000] {logging_mixin.py:188} INFO - Bắt đầu xử lý batch 20 mã: ['SDT', 'SDP', 'SDN', 'SDK', 'SDJ', 'SDH', 'SDG', 'SDD', 'SDC', 'SDB', 'SDA', 'SD9', 'SD8', 'SD7', 'SD6', 'SD5', 'SD4', 'SD3', 'SD2', 'SD1']
[2026-02-03T13:56:10.649+0000] {logging_mixin.py:188} INFO -  >> Đang lấy dữ liệu: SDT
[2026-02-03T13:56:22.162+0000] {logging_mixin.py:188} INFO -  >> Đang lấy dữ liệu: SDP
[2026-02-03T13:56:28.749+0000] {log.py:232} WARNING - 2026-02-03 13:56:28 - vnstock.core.utils.client - ERROR - API request failed: HTTPSConnectionPool(host='trading.vietcap.com.vn', port=443): Max retries exceeded with url: /data-mt/graphql (Caused by NameResolutionError("<urllib3.connection.HTTPSConnection object at 0x7efd92b71280>: Failed to resolve 'trading.vietcap.com.vn' ([Errno -3] Temporary failure in name resolution)"))
[2026-02-03T13:56:28.749+0000] {client.py:414} ERROR - API request failed: HTTPSConnectionPool(host='trading.vietcap.com.vn', port=443): Max retries exceeded with url: /data-mt/graphql (Caused by NameResolutionError("<urllib3.connection.HTTPSConnection object at 0x7efd92b71280>: Failed to resolve 'trading.vietcap.com.vn' ([Errno -3] Temporary failure in name resolution)"))
[2026-02-03T13:56:38.874+0000] {logging_mixin.py:188} INFO -  >> Đang lấy dữ liệu: SDN
[2026-02-03T13:56:47.177+0000] {logging_mixin.py:188} INFO -  >> Đang lấy dữ liệu: SDK
[2026-02-03T13:56:53.795+0000] {logging_mixin.py:188} INFO - ❌ Lỗi income_statement: RetryError[<Future at 0x7efd92b5d8e0 state=finished raised ConnectionError>]
[2026-02-03T13:57:04.868+0000] {logging_mixin.py:188} INFO -  >> Đang lấy dữ liệu: SDJ
[2026-02-03T13:57:14.815+0000] {logging_mixin.py:188} INFO -  >> Đang lấy dữ liệu: SDH
[2026-02-03T13:57:27.648+0000] {logging_mixin.py:188} INFO -  >> Đang lấy dữ liệu: SDG
[2026-02-03T13:57:39.487+0000] {logging_mixin.py:188} INFO -  >> Đang lấy dữ liệu: SDD
[2026-02-03T13:57:40.191+0000] {logging_mixin.py:188} INFO -  Lỗi xử lý mã SDD: Failed to fetch data: 429 - Too Many Requests
[2026-02-03T13:57:40.193+0000] {logging_mixin.py:188} INFO -  >> Đang lấy dữ liệu: SDC
[2026-02-03T13:57:49.885+0000] {logging_mixin.py:188} INFO -  >> Đang lấy dữ liệu: SDB
[2026-02-03T13:57:49.980+0000] {logging_mixin.py:188} INFO -  Lỗi xử lý mã SDB: Failed to fetch data: 429 - Too Many Requests
[2026-02-03T13:57:49.981+0000] {logging_mixin.py:188} INFO -  >> Đang lấy dữ liệu: SDA
[2026-02-03T13:57:50.581+0000] {logging_mixin.py:188} INFO -  Lỗi xử lý mã SDA: Failed to fetch data: 429 - Too Many Requests
[2026-02-03T13:57:50.582+0000] {logging_mixin.py:188} INFO -  >> Đang lấy dữ liệu: SD9
[2026-02-03T13:57:51.457+0000] {logging_mixin.py:188} INFO -  Lỗi xử lý mã SD9: Failed to fetch data: 429 - Too Many Requests
[2026-02-03T13:57:51.458+0000] {logging_mixin.py:188} INFO -  >> Đang lấy dữ liệu: SD8
[2026-02-03T13:58:03.396+0000] {logging_mixin.py:188} INFO -  >> Đang lấy dữ liệu: SD7
[2026-02-03T13:58:13.399+0000] {logging_mixin.py:188} INFO -  >> Đang lấy dữ liệu: SD6
[2026-02-03T13:58:22.726+0000] {logging_mixin.py:188} INFO -  >> Đang lấy dữ liệu: SD5
[2026-02-03T13:58:24.097+0000] {logging_mixin.py:188} INFO -  Lỗi xử lý mã SD5: Failed to fetch data: 429 - Too Many Requests
[2026-02-03T13:58:24.115+0000] {logging_mixin.py:188} INFO -  >> Đang lấy dữ liệu: SD4
[2026-02-03T13:58:37.664+0000] {logging_mixin.py:188} INFO -  >> Đang lấy dữ liệu: SD3
[2026-02-03T13:58:39.448+0000] {logging_mixin.py:188} INFO -  Lỗi xử lý mã SD3: Failed to fetch data: 429 - Too Many Requests
[2026-02-03T13:58:39.449+0000] {logging_mixin.py:188} INFO -  >> Đang lấy dữ liệu: SD2
[2026-02-03T13:58:51.252+0000] {logging_mixin.py:188} INFO -  >> Đang lấy dữ liệu: SD1
[2026-02-03T13:59:00.403+0000] {logging_mixin.py:188} INFO -  ⚠ Batch này không thu được dữ liệu nào.
[2026-02-03T13:59:00.404+0000] {datalake_df2csv.py:40} INFO - DataFrame rỗng, bỏ qua upload CSV.
[2026-02-03T13:59:00.405+0000] {taskinstance.py:441} INFO - ::group::Post task execution logs
[2026-02-03T13:59:00.415+0000] {taskinstance.py:1206} INFO - Marking task as SUCCESS. dag_id=bctc_minio, task_id=ingest_bctc, run_id=manual__2026-02-03T13:50:52+00:00, map_index=25, execution_date=20260203T135052, start_date=20260203T135610, end_date=20260203T135900
[2026-02-03T13:59:00.467+0000] {local_task_job_runner.py:243} INFO - Task exited with return code 0
[2026-02-03T13:59:00.495+0000] {taskinstance.py:3503} INFO - 0 downstream tasks scheduled from follow-on schedule check
[2026-02-03T13:59:00.497+0000] {local_task_job_runner.py:222} INFO - ::endgroup::
