[2026-02-22T02:14:14.965+0000] {local_task_job_runner.py:120} INFO - ::group::Pre task execution logs
[2026-02-22T02:14:14.997+0000] {taskinstance.py:2076} INFO - Dependencies all met for dep_context=non-requeueable deps ti=<TaskInstance: bctc_minio.ingest_bctc scheduled__2026-02-15T00:00:00+00:00 map_index=17 [queued]>
[2026-02-22T02:14:15.017+0000] {taskinstance.py:2076} INFO - Dependencies all met for dep_context=requeueable deps ti=<TaskInstance: bctc_minio.ingest_bctc scheduled__2026-02-15T00:00:00+00:00 map_index=17 [queued]>
[2026-02-22T02:14:15.019+0000] {taskinstance.py:2306} INFO - Starting attempt 2 of 2
[2026-02-22T02:14:15.043+0000] {taskinstance.py:2330} INFO - Executing <Mapped(DfToCsvOperator): ingest_bctc> on 2026-02-15 00:00:00+00:00
[2026-02-22T02:14:15.056+0000] {warnings.py:112} WARNING - This process (pid=2992) is multi-threaded, use of fork() may lead to deadlocks in the child.

[2026-02-22T02:14:15.058+0000] {standard_task_runner.py:64} INFO - Started process 3017 to run task
[2026-02-22T02:14:15.060+0000] {standard_task_runner.py:90} INFO - Running: ['***', 'tasks', 'run', 'bctc_minio', 'ingest_bctc', 'scheduled__2026-02-15T00:00:00+00:00', '--job-id', '22925', '--raw', '--subdir', 'DAGS_FOLDER/dl_bctc.py', '--cfg-path', '/tmp/tmpo52ahg80', '--map-index', '17']
[2026-02-22T02:14:15.064+0000] {standard_task_runner.py:91} INFO - Job 22925: Subtask ingest_bctc
[2026-02-22T02:14:15.137+0000] {task_command.py:426} INFO - Running <TaskInstance: bctc_minio.ingest_bctc scheduled__2026-02-15T00:00:00+00:00 map_index=17 [running]> on host 1b22f72dc705
[2026-02-22T02:14:15.292+0000] {taskinstance.py:2648} INFO - Exporting env vars: AIRFLOW_CTX_DAG_OWNER='***' AIRFLOW_CTX_DAG_ID='bctc_minio' AIRFLOW_CTX_TASK_ID='ingest_bctc' AIRFLOW_CTX_EXECUTION_DATE='2026-02-15T00:00:00+00:00' AIRFLOW_CTX_TRY_NUMBER='2' AIRFLOW_CTX_DAG_RUN_ID='scheduled__2026-02-15T00:00:00+00:00'
[2026-02-22T02:14:15.294+0000] {taskinstance.py:430} INFO - ::endgroup::
[2026-02-22T02:14:15.294+0000] {datalake_df2csv.py:40} INFO - ================================================================================
[2026-02-22T02:14:15.295+0000] {datalake_df2csv.py:41} INFO - 🚀 BẮT ĐẦU TASK: ingest_bctc
[2026-02-22T02:14:15.296+0000] {datalake_df2csv.py:42} INFO - ================================================================================
[2026-02-22T02:14:15.296+0000] {datalake_df2csv.py:43} INFO - 📋 Thông tin cấu hình:
[2026-02-22T02:14:15.297+0000] {datalake_df2csv.py:44} INFO -   - Logic file: bctc
[2026-02-22T02:14:15.297+0000] {datalake_df2csv.py:45} INFO -   - DataFrame name: get_financial_reports
[2026-02-22T02:14:15.298+0000] {datalake_df2csv.py:46} INFO -   - Bucket: thongtin-congty-va-bctc
[2026-02-22T02:14:15.298+0000] {datalake_df2csv.py:47} INFO -   - Object path: bctc/2026-02-15/batch_17.csv
[2026-02-22T02:14:15.299+0000] {datalake_df2csv.py:48} INFO -   - Connection ID: minio_finance
[2026-02-22T02:14:15.299+0000] {datalake_df2csv.py:49} INFO -   - Tham số truyền vào: {'symbols': ['HEJ', 'ACE', 'DMC', 'BNW', 'CQT', 'CTT', 'SDC', 'S55', 'PPH', 'TMT', 'CNN', 'KBC', 'PMC', 'CAR', 'PPP', 'PDV', 'CTF', 'PRE', 'DRH', 'VCG'], 'current_year': '2026'}
[2026-02-22T02:14:15.300+0000] {datalake_df2csv.py:50} INFO - --------------------------------------------------------------------------------
[2026-02-22T02:14:15.300+0000] {datalake_df2csv.py:54} INFO - 📥 Bước 1: Đang load dữ liệu từ logic file...
[2026-02-22T02:14:15.304+0000] {datalake_df2csv.py:148} INFO -   - Logic directory: /opt/airflow/plugins/logic
[2026-02-22T02:14:15.306+0000] {datalake_df2csv.py:149} INFO -   - Module path: /opt/airflow/plugins/logic/bctc.py
[2026-02-22T02:14:15.306+0000] {datalake_df2csv.py:153} INFO -   - Đã thêm logic directory vào sys.path
[2026-02-22T02:14:15.308+0000] {datalake_df2csv.py:159} INFO -   - Đang load module 'bctc'...
[2026-02-22T02:14:15.312+0000] {datalake_df2csv.py:163} INFO -   - ✅ Module loaded thành công
[2026-02-22T02:14:15.313+0000] {datalake_df2csv.py:165} INFO -   - Đang tìm DataFrame/function: 'get_financial_reports'...
[2026-02-22T02:14:15.314+0000] {datalake_df2csv.py:170} INFO -   - ✅ Tìm thấy object: function
[2026-02-22T02:14:15.315+0000] {datalake_df2csv.py:173} INFO -   - Đang gọi function với tham số: {'symbols': ['HEJ', 'ACE', 'DMC', 'BNW', 'CQT', 'CTT', 'SDC', 'S55', 'PPH', 'TMT', 'CNN', 'KBC', 'PMC', 'CAR', 'PPP', 'PDV', 'CTF', 'PRE', 'DRH', 'VCG'], 'current_year': '2026'}
[2026-02-22T02:14:15.315+0000] {logging_mixin.py:188} INFO - Bắt đầu xử lý batch 20 mã: ['HEJ', 'ACE', 'DMC', 'BNW', 'CQT', 'CTT', 'SDC', 'S55', 'PPH', 'TMT', 'CNN', 'KBC', 'PMC', 'CAR', 'PPP', 'PDV', 'CTF', 'PRE', 'DRH', 'VCG']
[2026-02-22T02:14:15.316+0000] {logging_mixin.py:188} INFO -  >> Đang lấy dữ liệu: HEJ
[2026-02-22T02:14:21.861+0000] {logging_mixin.py:188} INFO - ❌ Lỗi income_statement: RetryError[<Future at 0x7fa12ec7b230 state=finished raised KeyError>]
[2026-02-22T02:14:38.942+0000] {log.py:232} WARNING - 2026-02-22 02:14:38 - vnstock.core.utils.client - ERROR - API request failed: HTTPSConnectionPool(host='trading.vietcap.com.vn', port=443): Max retries exceeded with url: /data-mt/graphql (Caused by NameResolutionError("<urllib3.connection.HTTPSConnection object at 0x7fa12e639940>: Failed to resolve 'trading.vietcap.com.vn' ([Errno -3] Temporary failure in name resolution)"))
[2026-02-22T02:14:38.939+0000] {client.py:297} ERROR - API request failed: HTTPSConnectionPool(host='trading.vietcap.com.vn', port=443): Max retries exceeded with url: /data-mt/graphql (Caused by NameResolutionError("<urllib3.connection.HTTPSConnection object at 0x7fa12e639940>: Failed to resolve 'trading.vietcap.com.vn' ([Errno -3] Temporary failure in name resolution)"))
[2026-02-22T02:14:38.987+0000] {logging_mixin.py:188} INFO - ❌ Lỗi balance_sheet: RetryError[<Future at 0x7fa12ea47e90 state=finished raised ConnectionError>]
[2026-02-22T02:14:51.153+0000] {logging_mixin.py:188} INFO - ❌ Lỗi cash_flow: RetryError[<Future at 0x7fa12e63afc0 state=finished raised KeyError>]
[2026-02-22T02:14:54.647+0000] {logging_mixin.py:188} INFO -  >> Đang lấy dữ liệu: ACE
[2026-02-22T02:14:57.503+0000] {logging_mixin.py:188} INFO - 
⚠️ 
============================================================
⚠️  GIỚI HẠN API ĐÃ ĐẠT TỐI ĐA (Rate Limit Exceeded)
============================================================

📌 Bạn đã đạt giới hạn tối đa số lượt yêu cầu API trong 1 phút (minute).
   (You have reached the maximum API request limit for this period)

📊 Chi tiết (Details):
   • Gói hiện tại: Khách (Guest)
   • Giới hạn: 20 requests/phút
   • Đã sử dụng: 20/20
   • Chờ 3 giây để tiếp tục (Wait to retry)

💡 Giải pháp (Solutions):
   1️⃣ Chờ 3 giây rồi thử lại
      (Wait and retry)
   2️⃣ Tham gia gói thành viên tài trợ để sử dụng không bị gián đoạn
      (Join sponsor membership for uninterrupted access)

🚀 Nâng cấp (Upgrade):
   • Phiên bản cộng đồng (60 request/phút - Community):
     Đăng ký API key miễn phí: https://vnstocks.com/login
   • Gói thành viên tài trợ (180-600 request/phút - Sponsor):
     Tham gia: https://vnstocks.com/insiders-program

============================================================
[2026-02-22T02:14:57.504+0000] {taskinstance.py:441} INFO - ::group::Post task execution logs
[2026-02-22T02:14:57.509+0000] {taskinstance.py:2907} ERROR - Task failed due to SystemExit(Rate limit exceeded. 
============================================================
⚠️  GIỚI HẠN API ĐÃ ĐẠT TỐI ĐA (Rate Limit Exceeded)
============================================================

📌 Bạn đã đạt giới hạn tối đa số lượt yêu cầu API trong 1 phút (minute).
   (You have reached the maximum API request limit for this period)

📊 Chi tiết (Details):
   • Gói hiện tại: Khách (Guest)
   • Giới hạn: 20 requests/phút
   • Đã sử dụng: 20/20
   • Chờ 3 giây để tiếp tục (Wait to retry)

💡 Giải pháp (Solutions):
   1️⃣ Chờ 3 giây rồi thử lại
      (Wait and retry)
   2️⃣ Tham gia gói thành viên tài trợ để sử dụng không bị gián đoạn
      (Join sponsor membership for uninterrupted access)

🚀 Nâng cấp (Upgrade):
   • Phiên bản cộng đồng (60 request/phút - Community):
     Đăng ký API key miễn phí: https://vnstocks.com/login
   • Gói thành viên tài trợ (180-600 request/phút - Sponsor):
     Tham gia: https://vnstocks.com/insiders-program

============================================================
 Process terminated.)
[2026-02-22T02:14:57.524+0000] {taskinstance.py:1206} INFO - Marking task as FAILED. dag_id=bctc_minio, task_id=ingest_bctc, run_id=scheduled__2026-02-15T00:00:00+00:00, map_index=17, execution_date=20260215T000000, start_date=20260222T021414, end_date=20260222T021457
[2026-02-22T02:14:57.550+0000] {standard_task_runner.py:110} ERROR - Failed to execute job 22925 for task ingest_bctc (Task failed due to SystemExit(Rate limit exceeded. 
============================================================
⚠️  GIỚI HẠN API ĐÃ ĐẠT TỐI ĐA (Rate Limit Exceeded)
============================================================

📌 Bạn đã đạt giới hạn tối đa số lượt yêu cầu API trong 1 phút (minute).
   (You have reached the maximum API request limit for this period)

📊 Chi tiết (Details):
   • Gói hiện tại: Khách (Guest)
   • Giới hạn: 20 requests/phút
   • Đã sử dụng: 20/20
   • Chờ 3 giây để tiếp tục (Wait to retry)

💡 Giải pháp (Solutions):
   1️⃣ Chờ 3 giây rồi thử lại
      (Wait and retry)
   2️⃣ Tham gia gói thành viên tài trợ để sử dụng không bị gián đoạn
      (Join sponsor membership for uninterrupted access)

🚀 Nâng cấp (Upgrade):
   • Phiên bản cộng đồng (60 request/phút - Community):
     Đăng ký API key miễn phí: https://vnstocks.com/login
   • Gói thành viên tài trợ (180-600 request/phút - Sponsor):
     Tham gia: https://vnstocks.com/insiders-program

============================================================
 Process terminated.); 3017)
[2026-02-22T02:14:57.587+0000] {local_task_job_runner.py:243} INFO - Task exited with return code 1
[2026-02-22T02:14:57.711+0000] {taskinstance.py:3503} INFO - 0 downstream tasks scheduled from follow-on schedule check
[2026-02-22T02:14:57.716+0000] {local_task_job_runner.py:222} INFO - ::endgroup::
