[2026-02-12T15:04:45.488+0000] {local_task_job_runner.py:120} INFO - ::group::Pre task execution logs
[2026-02-12T15:04:45.557+0000] {taskinstance.py:2076} INFO - Dependencies all met for dep_context=non-requeueable deps ti=<TaskInstance: daily_price_minio.ingest_daily_price scheduled__2026-02-10T16:00:00+00:00 map_index=74 [queued]>
[2026-02-12T15:04:45.591+0000] {taskinstance.py:2076} INFO - Dependencies all met for dep_context=requeueable deps ti=<TaskInstance: daily_price_minio.ingest_daily_price scheduled__2026-02-10T16:00:00+00:00 map_index=74 [queued]>
[2026-02-12T15:04:45.592+0000] {taskinstance.py:2306} INFO - Starting attempt 1 of 2
[2026-02-12T15:04:45.624+0000] {taskinstance.py:2330} INFO - Executing <Mapped(DfToCsvOperator): ingest_daily_price> on 2026-02-10 16:00:00+00:00
[2026-02-12T15:04:45.643+0000] {warnings.py:112} WARNING - This process (pid=8162) is multi-threaded, use of fork() may lead to deadlocks in the child.

[2026-02-12T15:04:45.647+0000] {standard_task_runner.py:64} INFO - Started process 8188 to run task
[2026-02-12T15:04:45.647+0000] {standard_task_runner.py:90} INFO - Running: ['***', 'tasks', 'run', 'daily_price_minio', 'ingest_daily_price', 'scheduled__2026-02-10T16:00:00+00:00', '--job-id', '21235', '--raw', '--subdir', 'DAGS_FOLDER/dl_dailly_price.py', '--cfg-path', '/tmp/tmp7odfhih9', '--map-index', '74']
[2026-02-12T15:04:45.654+0000] {standard_task_runner.py:91} INFO - Job 21235: Subtask ingest_daily_price
[2026-02-12T15:04:45.753+0000] {task_command.py:426} INFO - Running <TaskInstance: daily_price_minio.ingest_daily_price scheduled__2026-02-10T16:00:00+00:00 map_index=74 [running]> on host fe54ecce8de4
[2026-02-12T15:04:45.949+0000] {taskinstance.py:2648} INFO - Exporting env vars: AIRFLOW_CTX_DAG_OWNER='***' AIRFLOW_CTX_DAG_ID='daily_price_minio' AIRFLOW_CTX_TASK_ID='ingest_daily_price' AIRFLOW_CTX_EXECUTION_DATE='2026-02-10T16:00:00+00:00' AIRFLOW_CTX_TRY_NUMBER='1' AIRFLOW_CTX_DAG_RUN_ID='scheduled__2026-02-10T16:00:00+00:00'
[2026-02-12T15:04:45.951+0000] {taskinstance.py:430} INFO - ::endgroup::
[2026-02-12T15:04:45.952+0000] {datalake_df2csv.py:40} INFO - ================================================================================
[2026-02-12T15:04:45.952+0000] {datalake_df2csv.py:41} INFO - 🚀 BẮT ĐẦU TASK: ingest_daily_price
[2026-02-12T15:04:45.953+0000] {datalake_df2csv.py:42} INFO - ================================================================================
[2026-02-12T15:04:45.953+0000] {datalake_df2csv.py:43} INFO - 📋 Thông tin cấu hình:
[2026-02-12T15:04:45.954+0000] {datalake_df2csv.py:44} INFO -   - Logic file: history_price
[2026-02-12T15:04:45.954+0000] {datalake_df2csv.py:45} INFO -   - DataFrame name: get_history_price_batch
[2026-02-12T15:04:45.955+0000] {datalake_df2csv.py:46} INFO -   - Bucket: thongtin-congty-va-bctc
[2026-02-12T15:04:45.955+0000] {datalake_df2csv.py:47} INFO -   - Object path: daily_price/2026-02-10/batch_74.csv
[2026-02-12T15:04:45.956+0000] {datalake_df2csv.py:48} INFO -   - Connection ID: minio_finance
[2026-02-12T15:04:45.957+0000] {datalake_df2csv.py:49} INFO -   - Tham số truyền vào: {'symbols': ['TMB', 'PXL', 'DVC', 'X77', 'ICT'], 'start_date': '2026-02-10', 'end_date': '2026-02-11'}
[2026-02-12T15:04:45.957+0000] {datalake_df2csv.py:50} INFO - --------------------------------------------------------------------------------
[2026-02-12T15:04:45.958+0000] {datalake_df2csv.py:54} INFO - 📥 Bước 1: Đang load dữ liệu từ logic file...
[2026-02-12T15:04:45.962+0000] {datalake_df2csv.py:148} INFO -   - Logic directory: /opt/airflow/plugins/logic
[2026-02-12T15:04:45.964+0000] {datalake_df2csv.py:149} INFO -   - Module path: /opt/airflow/plugins/logic/history_price.py
[2026-02-12T15:04:45.964+0000] {datalake_df2csv.py:153} INFO -   - Đã thêm logic directory vào sys.path
[2026-02-12T15:04:45.967+0000] {datalake_df2csv.py:159} INFO -   - Đang load module 'history_price'...
[2026-02-12T15:04:45.973+0000] {datalake_df2csv.py:163} INFO -   - ✅ Module loaded thành công
[2026-02-12T15:04:45.974+0000] {datalake_df2csv.py:165} INFO -   - Đang tìm DataFrame/function: 'get_history_price_batch'...
[2026-02-12T15:04:45.977+0000] {datalake_df2csv.py:170} INFO -   - ✅ Tìm thấy object: function
[2026-02-12T15:04:45.978+0000] {datalake_df2csv.py:173} INFO -   - Đang gọi function với tham số: {'symbols': ['TMB', 'PXL', 'DVC', 'X77', 'ICT'], 'start_date': '2026-02-10', 'end_date': '2026-02-11'}
[2026-02-12T15:05:04.097+0000] {log.py:232} WARNING - 2026-02-12 15:05:04 - vnstock.core.utils.client - ERROR - API request failed: HTTPSConnectionPool(host='trading.vietcap.com.vn', port=443): Max retries exceeded with url: /api/chart/OHLCChart/gap-chart (Caused by NameResolutionError("<urllib3.connection.HTTPSConnection object at 0x7f18531ecbf0>: Failed to resolve 'trading.vietcap.com.vn' ([Errno -3] Temporary failure in name resolution)"))
[2026-02-12T15:05:04.097+0000] {client.py:297} ERROR - API request failed: HTTPSConnectionPool(host='trading.vietcap.com.vn', port=443): Max retries exceeded with url: /api/chart/OHLCChart/gap-chart (Caused by NameResolutionError("<urllib3.connection.HTTPSConnection object at 0x7f18531ecbf0>: Failed to resolve 'trading.vietcap.com.vn' ([Errno -3] Temporary failure in name resolution)"))
[2026-02-12T15:05:08.465+0000] {datalake_df2csv.py:68} INFO - ✅ Load dữ liệu thành công!
[2026-02-12T15:05:08.467+0000] {datalake_df2csv.py:69} INFO - 📊 Thông tin DataFrame:
[2026-02-12T15:05:08.468+0000] {datalake_df2csv.py:70} INFO -   - Số dòng: 20
[2026-02-12T15:05:08.470+0000] {datalake_df2csv.py:71} INFO -   - Số cột: 7
[2026-02-12T15:05:08.471+0000] {datalake_df2csv.py:72} INFO -   - Tên các cột: ['ticker', 'trading_date', 'open', 'high', 'low', 'close', 'volume']
[2026-02-12T15:05:08.472+0000] {datalake_df2csv.py:73} INFO -   - Kiểu dữ liệu: {'ticker': 'object', 'trading_date': 'object', 'open': 'float64', 'high': 'float64', 'low': 'float64', 'close': 'float64', 'volume': 'int64'}
[2026-02-12T15:05:08.478+0000] {datalake_df2csv.py:74} INFO -   - Bộ nhớ sử dụng: 0.00 MB
[2026-02-12T15:05:08.480+0000] {datalake_df2csv.py:83} INFO -   - Không có giá trị NULL
[2026-02-12T15:05:08.481+0000] {datalake_df2csv.py:86} INFO -   - Mẫu dữ liệu (5 dòng đầu):
[2026-02-12T15:05:08.483+0000] {datalake_df2csv.py:88} INFO -     Row 0: {'ticker': 'TMB', 'trading_date': '2026-02-09', 'open': 53.0, 'high': 53.0, 'low': 53.0, 'close': 53.0, 'volume': 1000}
[2026-02-12T15:05:08.485+0000] {datalake_df2csv.py:88} INFO -     Row 1: {'ticker': 'TMB', 'trading_date': '2026-02-10', 'open': 52.8, 'high': 53.8, 'low': 52.5, 'close': 53.8, 'volume': 5700}
[2026-02-12T15:05:08.488+0000] {datalake_df2csv.py:88} INFO -     Row 2: {'ticker': 'TMB', 'trading_date': '2026-02-11', 'open': 52.5, 'high': 52.5, 'low': 52.5, 'close': 52.5, 'volume': 100}
[2026-02-12T15:05:08.489+0000] {datalake_df2csv.py:88} INFO -     Row 3: {'ticker': 'TMB', 'trading_date': '2026-02-12', 'open': 52.5, 'high': 53.2, 'low': 52.3, 'close': 53.2, 'volume': 1900}
[2026-02-12T15:05:08.490+0000] {datalake_df2csv.py:88} INFO -     Row 4: {'ticker': 'PXL', 'trading_date': '2026-02-09', 'open': 16.2, 'high': 16.3, 'low': 16.1, 'close': 16.3, 'volume': 29400}
[2026-02-12T15:05:08.491+0000] {datalake_df2csv.py:90} INFO - --------------------------------------------------------------------------------
[2026-02-12T15:05:08.492+0000] {datalake_df2csv.py:93} INFO - 📝 Bước 2: Đang chuyển đổi DataFrame sang CSV...
[2026-02-12T15:05:08.499+0000] {datalake_df2csv.py:97} INFO - ✅ Chuyển đổi CSV thành công!
[2026-02-12T15:05:08.500+0000] {datalake_df2csv.py:98} INFO -   - Kích thước file: 0.00 MB
[2026-02-12T15:05:08.500+0000] {datalake_df2csv.py:99} INFO -   - Thời gian chuyển đổi: 0.01 giây
[2026-02-12T15:05:08.501+0000] {datalake_df2csv.py:100} INFO - --------------------------------------------------------------------------------
[2026-02-12T15:05:08.501+0000] {datalake_df2csv.py:103} INFO - ☁️  Bước 3: Đang upload lên MinIO/S3...
[2026-02-12T15:05:08.525+0000] {base.py:84} INFO - Using connection ID 'minio_finance' for task execution.
[2026-02-12T15:05:08.530+0000] {connection_wrapper.py:384} INFO - AWS Connection (conn_id='minio_finance', conn_type='aws') credentials retrieved from login and password.
[2026-02-12T15:05:09.598+0000] {datalake_df2csv.py:112} INFO -   - Bucket 'thongtin-congty-va-bctc' đã tồn tại
[2026-02-12T15:05:09.755+0000] {datalake_df2csv.py:117} INFO - ✅ Upload thành công!
[2026-02-12T15:05:09.757+0000] {datalake_df2csv.py:118} INFO -   - Đường dẫn: s3://thongtin-congty-va-bctc/daily_price/2026-02-10/batch_74.csv
[2026-02-12T15:05:09.760+0000] {datalake_df2csv.py:119} INFO -   - Số dòng: 20
[2026-02-12T15:05:09.761+0000] {datalake_df2csv.py:120} INFO -   - Thời gian upload: 1.25 giây
[2026-02-12T15:05:09.762+0000] {datalake_df2csv.py:121} INFO - --------------------------------------------------------------------------------
[2026-02-12T15:05:09.763+0000] {datalake_df2csv.py:125} INFO - 📈 TỔNG KẾT:
[2026-02-12T15:05:09.767+0000] {datalake_df2csv.py:126} INFO -   - Tổng thời gian thực thi: 23.81 giây
[2026-02-12T15:05:09.769+0000] {datalake_df2csv.py:127} INFO -   - Tốc độ xử lý: 1 dòng/giây
[2026-02-12T15:05:09.770+0000] {datalake_df2csv.py:128} INFO - ================================================================================
[2026-02-12T15:05:09.771+0000] {datalake_df2csv.py:129} INFO - ✅ HOÀN THÀNH TASK: ingest_daily_price
[2026-02-12T15:05:09.772+0000] {datalake_df2csv.py:130} INFO - ================================================================================
[2026-02-12T15:05:09.775+0000] {taskinstance.py:441} INFO - ::group::Post task execution logs
[2026-02-12T15:05:09.796+0000] {taskinstance.py:1206} INFO - Marking task as SUCCESS. dag_id=daily_price_minio, task_id=ingest_daily_price, run_id=scheduled__2026-02-10T16:00:00+00:00, map_index=74, execution_date=20260210T160000, start_date=20260212T150445, end_date=20260212T150509
[2026-02-12T15:05:09.887+0000] {local_task_job_runner.py:243} INFO - Task exited with return code 0
[2026-02-12T15:05:09.909+0000] {taskinstance.py:3503} INFO - 0 downstream tasks scheduled from follow-on schedule check
[2026-02-12T15:05:09.915+0000] {local_task_job_runner.py:222} INFO - ::endgroup::
