[2026-01-22T14:32:05.576+0000] {local_task_job_runner.py:120} INFO - ::group::Pre task execution logs
[2026-01-22T14:32:05.712+0000] {taskinstance.py:2076} INFO - Dependencies all met for dep_context=non-requeueable deps ti=<TaskInstance: financial_ratios_etl.ingest_financial_ratios manual__2026-01-19T13:56:35+00:00 map_index=400 [queued]>
[2026-01-22T14:32:05.826+0000] {taskinstance.py:2076} INFO - Dependencies all met for dep_context=requeueable deps ti=<TaskInstance: financial_ratios_etl.ingest_financial_ratios manual__2026-01-19T13:56:35+00:00 map_index=400 [queued]>
[2026-01-22T14:32:05.827+0000] {taskinstance.py:2306} INFO - Starting attempt 1 of 2
[2026-01-22T14:32:05.879+0000] {taskinstance.py:2330} INFO - Executing <Mapped(DfToCsvOperator): ingest_financial_ratios> on 2026-01-19 13:56:35+00:00
[2026-01-22T14:32:05.901+0000] {warnings.py:112} WARNING - This process (pid=8983) is multi-threaded, use of fork() may lead to deadlocks in the child.

[2026-01-22T14:32:05.907+0000] {standard_task_runner.py:64} INFO - Started process 9090 to run task
[2026-01-22T14:32:05.912+0000] {standard_task_runner.py:90} INFO - Running: ['***', 'tasks', 'run', 'financial_ratios_etl', 'ingest_financial_ratios', 'manual__2026-01-19T13:56:35+00:00', '--job-id', '4540', '--raw', '--subdir', 'DAGS_FOLDER/financial_ratios_etl.py', '--cfg-path', '/tmp/tmpa6wtk3jl', '--map-index', '400']
[2026-01-22T14:32:05.917+0000] {standard_task_runner.py:91} INFO - Job 4540: Subtask ingest_financial_ratios
[2026-01-22T14:32:06.079+0000] {task_command.py:426} INFO - Running <TaskInstance: financial_ratios_etl.ingest_financial_ratios manual__2026-01-19T13:56:35+00:00 map_index=400 [running]> on host 4da96d4d1b09
[2026-01-22T14:32:06.355+0000] {taskinstance.py:2648} INFO - Exporting env vars: AIRFLOW_CTX_DAG_OWNER='***' AIRFLOW_CTX_DAG_ID='financial_ratios_etl' AIRFLOW_CTX_TASK_ID='ingest_financial_ratios' AIRFLOW_CTX_EXECUTION_DATE='2026-01-19T13:56:35+00:00' AIRFLOW_CTX_TRY_NUMBER='1' AIRFLOW_CTX_DAG_RUN_ID='manual__2026-01-19T13:56:35+00:00'
[2026-01-22T14:32:06.357+0000] {taskinstance.py:430} INFO - ::endgroup::
[2026-01-22T14:32:06.369+0000] {logging_mixin.py:188} INFO - [RATIO] Bắt đầu xử lý batch 2 mã: ['NDW', 'NDT']
[2026-01-22T14:32:06.370+0000] {logging_mixin.py:188} INFO - [RATIO] Kỳ dữ liệu: quarter
[2026-01-22T14:32:06.371+0000] {logging_mixin.py:188} INFO -  >> [RATIO] Đang lấy dữ liệu: NDW
[2026-01-22T14:32:07.310+0000] {logging_mixin.py:188} INFO -  ✓ [RATIO] NDW: 27 rows
[2026-01-22T14:32:09.307+0000] {logging_mixin.py:188} INFO -  >> [RATIO] Đang lấy dữ liệu: NDT
[2026-01-22T14:32:10.217+0000] {logging_mixin.py:188} INFO -  ✓ [RATIO] NDT: 39 rows
[2026-01-22T14:32:12.220+0000] {logging_mixin.py:188} INFO -  ✅ [RATIO] Hoàn thành batch. Tổng số dòng: 66
[2026-01-22T14:32:12.241+0000] {base.py:84} INFO - Using connection ID 'minio_finance' for task execution.
[2026-01-22T14:32:12.242+0000] {connection_wrapper.py:384} INFO - AWS Connection (conn_id='minio_finance', conn_type='aws') credentials retrieved from login and password.
[2026-01-22T14:32:12.953+0000] {datalake_df2csv.py:52} INFO - ✅ Đã upload 66 dòng -> s3://thongtin-congty-va-bctc/financial_ratios/2026-01-19/batch_400.csv
[2026-01-22T14:32:12.955+0000] {taskinstance.py:441} INFO - ::group::Post task execution logs
[2026-01-22T14:32:12.967+0000] {taskinstance.py:1206} INFO - Marking task as SUCCESS. dag_id=financial_ratios_etl, task_id=ingest_financial_ratios, run_id=manual__2026-01-19T13:56:35+00:00, map_index=400, execution_date=20260119T135635, start_date=20260122T143205, end_date=20260122T143212
[2026-01-22T14:32:13.090+0000] {local_task_job_runner.py:243} INFO - Task exited with return code 0
[2026-01-22T14:32:13.111+0000] {taskinstance.py:3503} INFO - 0 downstream tasks scheduled from follow-on schedule check
[2026-01-22T14:32:13.115+0000] {local_task_job_runner.py:222} INFO - ::endgroup::
