[2026-02-26T16:06:53.438+0000] {local_task_job_runner.py:120} INFO - ::group::Pre task execution logs
[2026-02-26T16:06:53.556+0000] {taskinstance.py:2076} INFO - Dependencies all met for dep_context=non-requeueable deps ti=<TaskInstance: daily_price.ingest_daily_price scheduled__2026-02-25T16:00:00+00:00 map_index=186 [queued]>
[2026-02-26T16:06:53.652+0000] {taskinstance.py:2076} INFO - Dependencies all met for dep_context=requeueable deps ti=<TaskInstance: daily_price.ingest_daily_price scheduled__2026-02-25T16:00:00+00:00 map_index=186 [queued]>
[2026-02-26T16:06:53.661+0000] {taskinstance.py:2306} INFO - Starting attempt 1 of 2
[2026-02-26T16:06:53.759+0000] {taskinstance.py:2330} INFO - Executing <Mapped(DfToCsvOperator): ingest_daily_price> on 2026-02-25 16:00:00+00:00
[2026-02-26T16:06:53.792+0000] {warnings.py:112} WARNING - This process (pid=3276) is multi-threaded, use of fork() may lead to deadlocks in the child.

[2026-02-26T16:06:53.795+0000] {standard_task_runner.py:64} INFO - Started process 3298 to run task
[2026-02-26T16:06:53.820+0000] {standard_task_runner.py:90} INFO - Running: ['***', 'tasks', 'run', 'daily_price', 'ingest_daily_price', 'scheduled__2026-02-25T16:00:00+00:00', '--job-id', '27593', '--raw', '--subdir', 'DAGS_FOLDER/dl_dailly_price.py', '--cfg-path', '/tmp/tmpvn23mmnn', '--map-index', '186']
[2026-02-26T16:06:53.826+0000] {standard_task_runner.py:91} INFO - Job 27593: Subtask ingest_daily_price
[2026-02-26T16:06:54.083+0000] {task_command.py:426} INFO - Running <TaskInstance: daily_price.ingest_daily_price scheduled__2026-02-25T16:00:00+00:00 map_index=186 [running]> on host 3712393133aa
[2026-02-26T16:06:55.203+0000] {taskinstance.py:2648} INFO - Exporting env vars: AIRFLOW_CTX_DAG_OWNER='***' AIRFLOW_CTX_DAG_ID='daily_price' AIRFLOW_CTX_TASK_ID='ingest_daily_price' AIRFLOW_CTX_EXECUTION_DATE='2026-02-25T16:00:00+00:00' AIRFLOW_CTX_TRY_NUMBER='1' AIRFLOW_CTX_DAG_RUN_ID='scheduled__2026-02-25T16:00:00+00:00'
[2026-02-26T16:06:55.210+0000] {taskinstance.py:430} INFO - ::endgroup::
[2026-02-26T16:06:55.212+0000] {datalake_df2csv.py:40} INFO - ================================================================================
[2026-02-26T16:06:55.213+0000] {datalake_df2csv.py:41} INFO - 🚀 BẮT ĐẦU TASK: ingest_daily_price
[2026-02-26T16:06:55.214+0000] {datalake_df2csv.py:42} INFO - ================================================================================
[2026-02-26T16:06:55.216+0000] {datalake_df2csv.py:43} INFO - 📋 Thông tin cấu hình:
[2026-02-26T16:06:55.217+0000] {datalake_df2csv.py:44} INFO -   - Logic file: history_price
[2026-02-26T16:06:55.218+0000] {datalake_df2csv.py:45} INFO -   - DataFrame name: get_history_price_batch
[2026-02-26T16:06:55.221+0000] {datalake_df2csv.py:46} INFO -   - Bucket: thongtin-congty-va-bctc
[2026-02-26T16:06:55.222+0000] {datalake_df2csv.py:47} INFO -   - Object path: daily_price/2026-02-25/batch_186.csv
[2026-02-26T16:06:55.224+0000] {datalake_df2csv.py:48} INFO -   - Connection ID: minio_finance
[2026-02-26T16:06:55.227+0000] {datalake_df2csv.py:49} INFO -   - Tham số truyền vào: {'symbols': ['DND', 'VCP', 'PGT', 'IDI', 'HPI'], 'start_date': '2026-02-25', 'end_date': '2026-02-26'}
[2026-02-26T16:06:55.228+0000] {datalake_df2csv.py:50} INFO - --------------------------------------------------------------------------------
[2026-02-26T16:06:55.229+0000] {datalake_df2csv.py:54} INFO - 📥 Bước 1: Đang load dữ liệu từ logic file...
[2026-02-26T16:06:55.247+0000] {datalake_df2csv.py:148} INFO -   - Logic directory: /opt/airflow/plugins/logic
[2026-02-26T16:06:55.257+0000] {datalake_df2csv.py:149} INFO -   - Module path: /opt/airflow/plugins/logic/history_price.py
[2026-02-26T16:06:55.258+0000] {datalake_df2csv.py:153} INFO -   - Đã thêm logic directory vào sys.path
[2026-02-26T16:06:55.261+0000] {datalake_df2csv.py:159} INFO -   - Đang load module 'history_price'...
[2026-02-26T16:06:55.268+0000] {datalake_df2csv.py:163} INFO -   - ✅ Module loaded thành công
[2026-02-26T16:06:55.270+0000] {datalake_df2csv.py:165} INFO -   - Đang tìm DataFrame/function: 'get_history_price_batch'...
[2026-02-26T16:06:55.271+0000] {datalake_df2csv.py:170} INFO -   - ✅ Tìm thấy object: function
[2026-02-26T16:06:55.273+0000] {datalake_df2csv.py:173} INFO -   - Đang gọi function với tham số: {'symbols': ['DND', 'VCP', 'PGT', 'IDI', 'HPI'], 'start_date': '2026-02-25', 'end_date': '2026-02-26'}
[2026-02-26T16:07:02.640+0000] {datalake_df2csv.py:68} INFO - ✅ Load dữ liệu thành công!
[2026-02-26T16:07:02.641+0000] {datalake_df2csv.py:69} INFO - 📊 Thông tin DataFrame:
[2026-02-26T16:07:02.643+0000] {datalake_df2csv.py:70} INFO -   - Số dòng: 20
[2026-02-26T16:07:02.647+0000] {datalake_df2csv.py:71} INFO -   - Số cột: 7
[2026-02-26T16:07:02.648+0000] {datalake_df2csv.py:72} INFO -   - Tên các cột: ['ticker', 'trading_date', 'open', 'high', 'low', 'close', 'volume']
[2026-02-26T16:07:02.656+0000] {datalake_df2csv.py:73} INFO -   - Kiểu dữ liệu: {'ticker': 'object', 'trading_date': 'object', 'open': 'float64', 'high': 'float64', 'low': 'float64', 'close': 'float64', 'volume': 'int64'}
[2026-02-26T16:07:02.663+0000] {datalake_df2csv.py:74} INFO -   - Bộ nhớ sử dụng: 0.00 MB
[2026-02-26T16:07:02.666+0000] {datalake_df2csv.py:83} INFO -   - Không có giá trị NULL
[2026-02-26T16:07:02.666+0000] {datalake_df2csv.py:86} INFO -   - Mẫu dữ liệu (5 dòng đầu):
[2026-02-26T16:07:02.668+0000] {datalake_df2csv.py:88} INFO -     Row 0: {'ticker': 'DND', 'trading_date': '2026-02-05', 'open': 12.9, 'high': 12.9, 'low': 12.9, 'close': 12.9, 'volume': 100}
[2026-02-26T16:07:02.671+0000] {datalake_df2csv.py:88} INFO -     Row 1: {'ticker': 'DND', 'trading_date': '2026-02-10', 'open': 11.0, 'high': 11.0, 'low': 11.0, 'close': 11.0, 'volume': 900}
[2026-02-26T16:07:02.672+0000] {datalake_df2csv.py:88} INFO -     Row 2: {'ticker': 'DND', 'trading_date': '2026-02-25', 'open': 9.4, 'high': 9.5, 'low': 9.4, 'close': 9.5, 'volume': 2900}
[2026-02-26T16:07:02.674+0000] {datalake_df2csv.py:88} INFO -     Row 3: {'ticker': 'DND', 'trading_date': '2026-02-26', 'open': 10.7, 'high': 10.7, 'low': 8.1, 'close': 8.1, 'volume': 13300}
[2026-02-26T16:07:02.676+0000] {datalake_df2csv.py:88} INFO -     Row 4: {'ticker': 'VCP', 'trading_date': '2026-02-23', 'open': 27.7, 'high': 27.7, 'low': 24.2, 'close': 24.7, 'volume': 6300}
[2026-02-26T16:07:02.679+0000] {datalake_df2csv.py:90} INFO - --------------------------------------------------------------------------------
[2026-02-26T16:07:02.681+0000] {datalake_df2csv.py:93} INFO - 📝 Bước 2: Đang chuyển đổi DataFrame sang CSV...
[2026-02-26T16:07:02.694+0000] {datalake_df2csv.py:97} INFO - ✅ Chuyển đổi CSV thành công!
[2026-02-26T16:07:02.694+0000] {datalake_df2csv.py:98} INFO -   - Kích thước file: 0.00 MB
[2026-02-26T16:07:02.695+0000] {datalake_df2csv.py:99} INFO -   - Thời gian chuyển đổi: 0.01 giây
[2026-02-26T16:07:02.702+0000] {datalake_df2csv.py:100} INFO - --------------------------------------------------------------------------------
[2026-02-26T16:07:02.703+0000] {datalake_df2csv.py:103} INFO - ☁️  Bước 3: Đang upload lên MinIO/S3...
[2026-02-26T16:07:02.756+0000] {base.py:84} INFO - Using connection ID 'minio_finance' for task execution.
[2026-02-26T16:07:02.757+0000] {connection_wrapper.py:384} INFO - AWS Connection (conn_id='minio_finance', conn_type='aws') credentials retrieved from login and password.
[2026-02-26T16:07:04.447+0000] {datalake_df2csv.py:112} INFO -   - Bucket 'thongtin-congty-va-bctc' đã tồn tại
[2026-02-26T16:07:04.610+0000] {datalake_df2csv.py:117} INFO - ✅ Upload thành công!
[2026-02-26T16:07:04.611+0000] {datalake_df2csv.py:118} INFO -   - Đường dẫn: s3://thongtin-congty-va-bctc/daily_price/2026-02-25/batch_186.csv
[2026-02-26T16:07:04.611+0000] {datalake_df2csv.py:119} INFO -   - Số dòng: 20
[2026-02-26T16:07:04.612+0000] {datalake_df2csv.py:120} INFO -   - Thời gian upload: 1.90 giây
[2026-02-26T16:07:04.612+0000] {datalake_df2csv.py:121} INFO - --------------------------------------------------------------------------------
[2026-02-26T16:07:04.613+0000] {datalake_df2csv.py:125} INFO - 📈 TỔNG KẾT:
[2026-02-26T16:07:04.613+0000] {datalake_df2csv.py:126} INFO -   - Tổng thời gian thực thi: 9.40 giây
[2026-02-26T16:07:04.614+0000] {datalake_df2csv.py:127} INFO -   - Tốc độ xử lý: 2 dòng/giây
[2026-02-26T16:07:04.615+0000] {datalake_df2csv.py:128} INFO - ================================================================================
[2026-02-26T16:07:04.616+0000] {datalake_df2csv.py:129} INFO - ✅ HOÀN THÀNH TASK: ingest_daily_price
[2026-02-26T16:07:04.617+0000] {datalake_df2csv.py:130} INFO - ================================================================================
[2026-02-26T16:07:04.619+0000] {taskinstance.py:441} INFO - ::group::Post task execution logs
[2026-02-26T16:07:04.645+0000] {taskinstance.py:1206} INFO - Marking task as SUCCESS. dag_id=daily_price, task_id=ingest_daily_price, run_id=scheduled__2026-02-25T16:00:00+00:00, map_index=186, execution_date=20260225T160000, start_date=20260226T160653, end_date=20260226T160704
[2026-02-26T16:07:04.959+0000] {local_task_job_runner.py:243} INFO - Task exited with return code 0
[2026-02-26T16:07:04.989+0000] {local_task_job_runner.py:222} INFO - ::endgroup::
