[2026-02-22T14:53:19.903+0000] {local_task_job_runner.py:120} INFO - ::group::Pre task execution logs
[2026-02-22T14:53:20.003+0000] {taskinstance.py:2076} INFO - Dependencies all met for dep_context=non-requeueable deps ti=<TaskInstance: daily_price.ingest_daily_price scheduled__2026-02-19T16:00:00+00:00 map_index=253 [queued]>
[2026-02-22T14:53:20.078+0000] {taskinstance.py:2076} INFO - Dependencies all met for dep_context=requeueable deps ti=<TaskInstance: daily_price.ingest_daily_price scheduled__2026-02-19T16:00:00+00:00 map_index=253 [queued]>
[2026-02-22T14:53:20.083+0000] {taskinstance.py:2306} INFO - Starting attempt 1 of 2
[2026-02-22T14:53:20.135+0000] {taskinstance.py:2330} INFO - Executing <Mapped(DfToCsvOperator): ingest_daily_price> on 2026-02-19 16:00:00+00:00
[2026-02-22T14:53:20.158+0000] {warnings.py:112} WARNING - This process (pid=2898) is multi-threaded, use of fork() may lead to deadlocks in the child.

[2026-02-22T14:53:20.168+0000] {standard_task_runner.py:64} INFO - Started process 2955 to run task
[2026-02-22T14:53:20.184+0000] {standard_task_runner.py:90} INFO - Running: ['***', 'tasks', 'run', 'daily_price', 'ingest_daily_price', 'scheduled__2026-02-19T16:00:00+00:00', '--job-id', '26764', '--raw', '--subdir', 'DAGS_FOLDER/dl_dailly_price.py', '--cfg-path', '/tmp/tmp1usxhds9', '--map-index', '253']
[2026-02-22T14:53:20.212+0000] {standard_task_runner.py:91} INFO - Job 26764: Subtask ingest_daily_price
[2026-02-22T14:53:20.464+0000] {task_command.py:426} INFO - Running <TaskInstance: daily_price.ingest_daily_price scheduled__2026-02-19T16:00:00+00:00 map_index=253 [running]> on host f33af0284402
[2026-02-22T14:53:21.541+0000] {taskinstance.py:2648} INFO - Exporting env vars: AIRFLOW_CTX_DAG_OWNER='***' AIRFLOW_CTX_DAG_ID='daily_price' AIRFLOW_CTX_TASK_ID='ingest_daily_price' AIRFLOW_CTX_EXECUTION_DATE='2026-02-19T16:00:00+00:00' AIRFLOW_CTX_TRY_NUMBER='1' AIRFLOW_CTX_DAG_RUN_ID='scheduled__2026-02-19T16:00:00+00:00'
[2026-02-22T14:53:21.543+0000] {taskinstance.py:430} INFO - ::endgroup::
[2026-02-22T14:53:21.546+0000] {datalake_df2csv.py:40} INFO - ================================================================================
[2026-02-22T14:53:21.550+0000] {datalake_df2csv.py:41} INFO - 🚀 BẮT ĐẦU TASK: ingest_daily_price
[2026-02-22T14:53:21.553+0000] {datalake_df2csv.py:42} INFO - ================================================================================
[2026-02-22T14:53:21.554+0000] {datalake_df2csv.py:43} INFO - 📋 Thông tin cấu hình:
[2026-02-22T14:53:21.556+0000] {datalake_df2csv.py:44} INFO -   - Logic file: history_price
[2026-02-22T14:53:21.558+0000] {datalake_df2csv.py:45} INFO -   - DataFrame name: get_history_price_batch
[2026-02-22T14:53:21.559+0000] {datalake_df2csv.py:46} INFO -   - Bucket: thongtin-congty-va-bctc
[2026-02-22T14:53:21.561+0000] {datalake_df2csv.py:47} INFO -   - Object path: daily_price/2026-02-19/batch_253.csv
[2026-02-22T14:53:21.562+0000] {datalake_df2csv.py:48} INFO -   - Connection ID: minio_finance
[2026-02-22T14:53:21.564+0000] {datalake_df2csv.py:49} INFO -   - Tham số truyền vào: {'symbols': ['KTS', 'TBW', 'TVN', 'PPY', 'LBM'], 'start_date': '2026-02-19', 'end_date': '2026-02-20'}
[2026-02-22T14:53:21.572+0000] {datalake_df2csv.py:50} INFO - --------------------------------------------------------------------------------
[2026-02-22T14:53:21.575+0000] {datalake_df2csv.py:54} INFO - 📥 Bước 1: Đang load dữ liệu từ logic file...
[2026-02-22T14:53:21.604+0000] {datalake_df2csv.py:148} INFO -   - Logic directory: /opt/airflow/plugins/logic
[2026-02-22T14:53:21.609+0000] {datalake_df2csv.py:149} INFO -   - Module path: /opt/airflow/plugins/logic/history_price.py
[2026-02-22T14:53:21.622+0000] {datalake_df2csv.py:153} INFO -   - Đã thêm logic directory vào sys.path
[2026-02-22T14:53:21.629+0000] {datalake_df2csv.py:159} INFO -   - Đang load module 'history_price'...
[2026-02-22T14:53:21.653+0000] {datalake_df2csv.py:163} INFO -   - ✅ Module loaded thành công
[2026-02-22T14:53:21.654+0000] {datalake_df2csv.py:165} INFO -   - Đang tìm DataFrame/function: 'get_history_price_batch'...
[2026-02-22T14:53:21.657+0000] {datalake_df2csv.py:170} INFO -   - ✅ Tìm thấy object: function
[2026-02-22T14:53:21.658+0000] {datalake_df2csv.py:173} INFO -   - Đang gọi function với tham số: {'symbols': ['KTS', 'TBW', 'TVN', 'PPY', 'LBM'], 'start_date': '2026-02-19', 'end_date': '2026-02-20'}
[2026-02-22T14:53:27.462+0000] {datalake_df2csv.py:68} INFO - ✅ Load dữ liệu thành công!
[2026-02-22T14:53:27.463+0000] {datalake_df2csv.py:69} INFO - 📊 Thông tin DataFrame:
[2026-02-22T14:53:27.464+0000] {datalake_df2csv.py:70} INFO -   - Số dòng: 15
[2026-02-22T14:53:27.468+0000] {datalake_df2csv.py:71} INFO -   - Số cột: 7
[2026-02-22T14:53:27.470+0000] {datalake_df2csv.py:72} INFO -   - Tên các cột: ['ticker', 'trading_date', 'open', 'high', 'low', 'close', 'volume']
[2026-02-22T14:53:27.472+0000] {datalake_df2csv.py:73} INFO -   - Kiểu dữ liệu: {'ticker': 'object', 'trading_date': 'object', 'open': 'float64', 'high': 'float64', 'low': 'float64', 'close': 'float64', 'volume': 'int64'}
[2026-02-22T14:53:27.476+0000] {datalake_df2csv.py:74} INFO -   - Bộ nhớ sử dụng: 0.00 MB
[2026-02-22T14:53:27.495+0000] {datalake_df2csv.py:83} INFO -   - Không có giá trị NULL
[2026-02-22T14:53:27.496+0000] {datalake_df2csv.py:86} INFO -   - Mẫu dữ liệu (5 dòng đầu):
[2026-02-22T14:53:27.498+0000] {datalake_df2csv.py:88} INFO -     Row 0: {'ticker': 'KTS', 'trading_date': '2026-02-11', 'open': 26.1, 'high': 26.5, 'low': 24.9, 'close': 25.9, 'volume': 2200}
[2026-02-22T14:53:27.502+0000] {datalake_df2csv.py:88} INFO -     Row 1: {'ticker': 'KTS', 'trading_date': '2026-02-12', 'open': 26.5, 'high': 26.5, 'low': 25.6, 'close': 25.6, 'volume': 200}
[2026-02-22T14:53:27.504+0000] {datalake_df2csv.py:88} INFO -     Row 2: {'ticker': 'KTS', 'trading_date': '2026-02-13', 'open': 27.0, 'high': 27.0, 'low': 27.0, 'close': 27.0, 'volume': 100}
[2026-02-22T14:53:27.506+0000] {datalake_df2csv.py:88} INFO -     Row 3: {'ticker': 'TBW', 'trading_date': '2025-06-06', 'open': 12.6, 'high': 12.6, 'low': 12.6, 'close': 12.6, 'volume': 0}
[2026-02-22T14:53:27.513+0000] {datalake_df2csv.py:88} INFO -     Row 4: {'ticker': 'TBW', 'trading_date': '2025-06-09', 'open': 12.6, 'high': 12.6, 'low': 12.6, 'close': 12.6, 'volume': 0}
[2026-02-22T14:53:27.519+0000] {datalake_df2csv.py:90} INFO - --------------------------------------------------------------------------------
[2026-02-22T14:53:27.520+0000] {datalake_df2csv.py:93} INFO - 📝 Bước 2: Đang chuyển đổi DataFrame sang CSV...
[2026-02-22T14:53:27.565+0000] {datalake_df2csv.py:97} INFO - ✅ Chuyển đổi CSV thành công!
[2026-02-22T14:53:27.567+0000] {datalake_df2csv.py:98} INFO -   - Kích thước file: 0.00 MB
[2026-02-22T14:53:27.569+0000] {datalake_df2csv.py:99} INFO -   - Thời gian chuyển đổi: 0.04 giây
[2026-02-22T14:53:27.571+0000] {datalake_df2csv.py:100} INFO - --------------------------------------------------------------------------------
[2026-02-22T14:53:27.573+0000] {datalake_df2csv.py:103} INFO - ☁️  Bước 3: Đang upload lên MinIO/S3...
[2026-02-22T14:53:27.602+0000] {base.py:84} INFO - Using connection ID 'minio_finance' for task execution.
[2026-02-22T14:53:27.604+0000] {connection_wrapper.py:384} INFO - AWS Connection (conn_id='minio_finance', conn_type='aws') credentials retrieved from login and password.
[2026-02-22T14:53:28.848+0000] {datalake_df2csv.py:112} INFO -   - Bucket 'thongtin-congty-va-bctc' đã tồn tại
[2026-02-22T14:53:28.957+0000] {datalake_df2csv.py:117} INFO - ✅ Upload thành công!
[2026-02-22T14:53:28.958+0000] {datalake_df2csv.py:118} INFO -   - Đường dẫn: s3://thongtin-congty-va-bctc/daily_price/2026-02-19/batch_253.csv
[2026-02-22T14:53:28.960+0000] {datalake_df2csv.py:119} INFO -   - Số dòng: 15
[2026-02-22T14:53:28.962+0000] {datalake_df2csv.py:120} INFO -   - Thời gian upload: 1.38 giây
[2026-02-22T14:53:28.964+0000] {datalake_df2csv.py:121} INFO - --------------------------------------------------------------------------------
[2026-02-22T14:53:28.965+0000] {datalake_df2csv.py:125} INFO - 📈 TỔNG KẾT:
[2026-02-22T14:53:28.966+0000] {datalake_df2csv.py:126} INFO -   - Tổng thời gian thực thi: 7.42 giây
[2026-02-22T14:53:28.967+0000] {datalake_df2csv.py:127} INFO -   - Tốc độ xử lý: 2 dòng/giây
[2026-02-22T14:53:28.967+0000] {datalake_df2csv.py:128} INFO - ================================================================================
[2026-02-22T14:53:28.968+0000] {datalake_df2csv.py:129} INFO - ✅ HOÀN THÀNH TASK: ingest_daily_price
[2026-02-22T14:53:28.968+0000] {datalake_df2csv.py:130} INFO - ================================================================================
[2026-02-22T14:53:28.969+0000] {taskinstance.py:441} INFO - ::group::Post task execution logs
[2026-02-22T14:53:28.989+0000] {taskinstance.py:1206} INFO - Marking task as SUCCESS. dag_id=daily_price, task_id=ingest_daily_price, run_id=scheduled__2026-02-19T16:00:00+00:00, map_index=253, execution_date=20260219T160000, start_date=20260222T145320, end_date=20260222T145328
[2026-02-22T14:53:29.117+0000] {local_task_job_runner.py:243} INFO - Task exited with return code 0
[2026-02-22T14:53:29.186+0000] {taskinstance.py:3503} INFO - 0 downstream tasks scheduled from follow-on schedule check
[2026-02-22T14:53:29.195+0000] {local_task_job_runner.py:222} INFO - ::endgroup::
