[2026-02-19T02:48:37.983+0000] {local_task_job_runner.py:120} INFO - ::group::Pre task execution logs
[2026-02-19T02:48:38.027+0000] {taskinstance.py:2076} INFO - Dependencies all met for dep_context=non-requeueable deps ti=<TaskInstance: minio_to_db_sync.sync_global_index manual__2026-02-19T02:48:31+00:00 [queued]>
[2026-02-19T02:48:38.074+0000] {taskinstance.py:2076} INFO - Dependencies all met for dep_context=requeueable deps ti=<TaskInstance: minio_to_db_sync.sync_global_index manual__2026-02-19T02:48:31+00:00 [queued]>
[2026-02-19T02:48:38.107+0000] {taskinstance.py:2306} INFO - Starting attempt 1 of 3
[2026-02-19T02:48:38.153+0000] {taskinstance.py:2330} INFO - Executing <Task(_PythonDecoratedOperator): sync_global_index> on 2026-02-19 02:48:31+00:00
[2026-02-19T02:48:38.253+0000] {warnings.py:112} WARNING - This process (pid=746) is multi-threaded, use of fork() may lead to deadlocks in the child.

[2026-02-19T02:48:38.286+0000] {standard_task_runner.py:64} INFO - Started process 769 to run task
[2026-02-19T02:48:38.437+0000] {standard_task_runner.py:90} INFO - Running: ['***', 'tasks', 'run', 'minio_to_db_sync', 'sync_global_index', 'manual__2026-02-19T02:48:31+00:00', '--job-id', '22396', '--raw', '--subdir', 'DAGS_FOLDER/minio_to_db_sync.py', '--cfg-path', '/tmp/tmpxmvpoucd']
[2026-02-19T02:48:38.502+0000] {standard_task_runner.py:91} INFO - Job 22396: Subtask sync_global_index
[2026-02-19T02:48:38.889+0000] {task_command.py:426} INFO - Running <TaskInstance: minio_to_db_sync.sync_global_index manual__2026-02-19T02:48:31+00:00 [running]> on host 9f4c085eef5c
[2026-02-19T02:48:39.189+0000] {taskinstance.py:2648} INFO - Exporting env vars: AIRFLOW_CTX_DAG_OWNER='***' AIRFLOW_CTX_DAG_ID='minio_to_db_sync' AIRFLOW_CTX_TASK_ID='sync_global_index' AIRFLOW_CTX_EXECUTION_DATE='2026-02-19T02:48:31+00:00' AIRFLOW_CTX_TRY_NUMBER='1' AIRFLOW_CTX_DAG_RUN_ID='manual__2026-02-19T02:48:31+00:00'
[2026-02-19T02:48:39.194+0000] {taskinstance.py:430} INFO - ::endgroup::
[2026-02-19T02:48:39.207+0000] {logging_mixin.py:188} INFO - ======================================================================
[2026-02-19T02:48:39.208+0000] {logging_mixin.py:188} INFO - 📊 SYNC GLOBAL INDEX TO DATABASE
[2026-02-19T02:48:39.210+0000] {logging_mixin.py:188} INFO - ======================================================================
[2026-02-19T02:48:39.211+0000] {logging_mixin.py:188} INFO - 
--- Processing USD_VND ---
[2026-02-19T02:48:39.232+0000] {base.py:84} INFO - Using connection ID 'minio_finance' for task execution.
[2026-02-19T02:48:39.234+0000] {connection_wrapper.py:384} INFO - AWS Connection (conn_id='minio_finance', conn_type='aws') credentials retrieved from login and password.
[2026-02-19T02:48:43.289+0000] {logging_mixin.py:188} INFO - 📂 Scanning 16 objects in thongtin-congty-va-bctc/global_index/usd_vnd/
[2026-02-19T02:48:43.290+0000] {logging_mixin.py:188} INFO - 📅 Found 16 valid date partition(s): ['2026-01-12', '2026-01-13', '2026-01-16', '2026-01-17', '2026-01-19', '2026-01-21', '2026-01-23', '2026-01-24', '2026-01-26', '2026-01-27', '2026-01-28', '2026-01-30', '2026-02-02', '2026-02-03', '2026-02-04', '2026-02-11']
[2026-02-19T02:48:43.290+0000] {logging_mixin.py:188} INFO - ✅ Latest partition selected: global_index/usd_vnd/2026-02-11/
[2026-02-19T02:48:43.298+0000] {base.py:84} INFO - Using connection ID 'minio_finance' for task execution.
[2026-02-19T02:48:43.298+0000] {connection_wrapper.py:384} INFO - AWS Connection (conn_id='minio_finance', conn_type='aws') credentials retrieved from login and password.
[2026-02-19T02:48:43.443+0000] {base.py:84} INFO - Using connection ID 'minio_finance' for task execution.
[2026-02-19T02:48:43.444+0000] {connection_wrapper.py:384} INFO - AWS Connection (conn_id='minio_finance', conn_type='aws') credentials retrieved from login and password.
[2026-02-19T02:48:43.549+0000] {logging_mixin.py:188} INFO - ✓ Read 1 rows from global_index/usd_vnd/2026-02-11/data.csv
[2026-02-19T02:48:43.551+0000] {logging_mixin.py:188} INFO - 
--- Processing DXY ---
[2026-02-19T02:48:43.557+0000] {base.py:84} INFO - Using connection ID 'minio_finance' for task execution.
[2026-02-19T02:48:43.557+0000] {connection_wrapper.py:384} INFO - AWS Connection (conn_id='minio_finance', conn_type='aws') credentials retrieved from login and password.
[2026-02-19T02:48:44.952+0000] {logging_mixin.py:188} INFO - 📂 Scanning 16 objects in thongtin-congty-va-bctc/global_index/dxy_index/
[2026-02-19T02:48:44.953+0000] {logging_mixin.py:188} INFO - 📅 Found 16 valid date partition(s): ['2026-01-12', '2026-01-13', '2026-01-16', '2026-01-17', '2026-01-19', '2026-01-21', '2026-01-23', '2026-01-24', '2026-01-26', '2026-01-27', '2026-01-28', '2026-01-30', '2026-02-02', '2026-02-03', '2026-02-04', '2026-02-11']
[2026-02-19T02:48:44.953+0000] {logging_mixin.py:188} INFO - ✅ Latest partition selected: global_index/dxy_index/2026-02-11/
[2026-02-19T02:48:44.963+0000] {base.py:84} INFO - Using connection ID 'minio_finance' for task execution.
[2026-02-19T02:48:44.968+0000] {connection_wrapper.py:384} INFO - AWS Connection (conn_id='minio_finance', conn_type='aws') credentials retrieved from login and password.
[2026-02-19T02:48:45.351+0000] {base.py:84} INFO - Using connection ID 'minio_finance' for task execution.
[2026-02-19T02:48:45.359+0000] {connection_wrapper.py:384} INFO - AWS Connection (conn_id='minio_finance', conn_type='aws') credentials retrieved from login and password.
[2026-02-19T02:48:45.596+0000] {logging_mixin.py:188} INFO - ✓ Read 1 rows from global_index/dxy_index/2026-02-11/data.csv
[2026-02-19T02:48:45.598+0000] {logging_mixin.py:188} INFO - 
--- Processing USD_CNY ---
[2026-02-19T02:48:45.606+0000] {base.py:84} INFO - Using connection ID 'minio_finance' for task execution.
[2026-02-19T02:48:45.606+0000] {connection_wrapper.py:384} INFO - AWS Connection (conn_id='minio_finance', conn_type='aws') credentials retrieved from login and password.
[2026-02-19T02:48:47.005+0000] {logging_mixin.py:188} INFO - 📂 Scanning 16 objects in thongtin-congty-va-bctc/global_index/usd_cny/
[2026-02-19T02:48:47.005+0000] {logging_mixin.py:188} INFO - 📅 Found 16 valid date partition(s): ['2026-01-12', '2026-01-13', '2026-01-16', '2026-01-17', '2026-01-19', '2026-01-21', '2026-01-23', '2026-01-24', '2026-01-26', '2026-01-27', '2026-01-28', '2026-01-30', '2026-02-02', '2026-02-03', '2026-02-04', '2026-02-11']
[2026-02-19T02:48:47.006+0000] {logging_mixin.py:188} INFO - ✅ Latest partition selected: global_index/usd_cny/2026-02-11/
[2026-02-19T02:48:47.012+0000] {base.py:84} INFO - Using connection ID 'minio_finance' for task execution.
[2026-02-19T02:48:47.013+0000] {connection_wrapper.py:384} INFO - AWS Connection (conn_id='minio_finance', conn_type='aws') credentials retrieved from login and password.
[2026-02-19T02:48:47.167+0000] {base.py:84} INFO - Using connection ID 'minio_finance' for task execution.
[2026-02-19T02:48:47.167+0000] {connection_wrapper.py:384} INFO - AWS Connection (conn_id='minio_finance', conn_type='aws') credentials retrieved from login and password.
[2026-02-19T02:48:47.273+0000] {logging_mixin.py:188} INFO - ✓ Read 1 rows from global_index/usd_cny/2026-02-11/data.csv
[2026-02-19T02:48:47.275+0000] {logging_mixin.py:188} INFO - 
--- Processing EUR_USD ---
[2026-02-19T02:48:47.283+0000] {base.py:84} INFO - Using connection ID 'minio_finance' for task execution.
[2026-02-19T02:48:47.284+0000] {connection_wrapper.py:384} INFO - AWS Connection (conn_id='minio_finance', conn_type='aws') credentials retrieved from login and password.
[2026-02-19T02:48:48.552+0000] {logging_mixin.py:188} INFO - 📂 Scanning 16 objects in thongtin-congty-va-bctc/global_index/eur_usd/
[2026-02-19T02:48:48.552+0000] {logging_mixin.py:188} INFO - 📅 Found 16 valid date partition(s): ['2026-01-12', '2026-01-13', '2026-01-16', '2026-01-17', '2026-01-19', '2026-01-21', '2026-01-23', '2026-01-24', '2026-01-26', '2026-01-27', '2026-01-28', '2026-01-30', '2026-02-02', '2026-02-03', '2026-02-04', '2026-02-11']
[2026-02-19T02:48:48.553+0000] {logging_mixin.py:188} INFO - ✅ Latest partition selected: global_index/eur_usd/2026-02-11/
[2026-02-19T02:48:48.560+0000] {base.py:84} INFO - Using connection ID 'minio_finance' for task execution.
[2026-02-19T02:48:48.560+0000] {connection_wrapper.py:384} INFO - AWS Connection (conn_id='minio_finance', conn_type='aws') credentials retrieved from login and password.
[2026-02-19T02:48:48.706+0000] {base.py:84} INFO - Using connection ID 'minio_finance' for task execution.
[2026-02-19T02:48:48.707+0000] {connection_wrapper.py:384} INFO - AWS Connection (conn_id='minio_finance', conn_type='aws') credentials retrieved from login and password.
[2026-02-19T02:48:48.807+0000] {logging_mixin.py:188} INFO - ✓ Read 1 rows from global_index/eur_usd/2026-02-11/data.csv
[2026-02-19T02:48:48.809+0000] {logging_mixin.py:188} INFO - 
--- Processing US_BOND_10Y ---
[2026-02-19T02:48:48.815+0000] {base.py:84} INFO - Using connection ID 'minio_finance' for task execution.
[2026-02-19T02:48:48.816+0000] {connection_wrapper.py:384} INFO - AWS Connection (conn_id='minio_finance', conn_type='aws') credentials retrieved from login and password.
[2026-02-19T02:48:49.910+0000] {logging_mixin.py:188} INFO - 📂 Scanning 15 objects in thongtin-congty-va-bctc/global_index/us_bond_10y/
[2026-02-19T02:48:49.911+0000] {logging_mixin.py:188} INFO - 📅 Found 15 valid date partition(s): ['2026-01-12', '2026-01-13', '2026-01-16', '2026-01-17', '2026-01-21', '2026-01-23', '2026-01-24', '2026-01-26', '2026-01-27', '2026-01-28', '2026-01-30', '2026-02-02', '2026-02-03', '2026-02-04', '2026-02-11']
[2026-02-19T02:48:49.911+0000] {logging_mixin.py:188} INFO - ✅ Latest partition selected: global_index/us_bond_10y/2026-02-11/
[2026-02-19T02:48:49.918+0000] {base.py:84} INFO - Using connection ID 'minio_finance' for task execution.
[2026-02-19T02:48:49.919+0000] {connection_wrapper.py:384} INFO - AWS Connection (conn_id='minio_finance', conn_type='aws') credentials retrieved from login and password.
[2026-02-19T02:48:50.063+0000] {base.py:84} INFO - Using connection ID 'minio_finance' for task execution.
[2026-02-19T02:48:50.064+0000] {connection_wrapper.py:384} INFO - AWS Connection (conn_id='minio_finance', conn_type='aws') credentials retrieved from login and password.
[2026-02-19T02:48:50.161+0000] {logging_mixin.py:188} INFO - ✓ Read 1 rows from global_index/us_bond_10y/2026-02-11/data.csv
[2026-02-19T02:48:50.164+0000] {logging_mixin.py:188} INFO - 
Total loaded: 5 rows
[2026-02-19T02:48:50.164+0000] {logging_mixin.py:188} INFO - 
Cleaning and transforming data...
[2026-02-19T02:48:50.174+0000] {logging_mixin.py:188} INFO - After cleaning: 5 rows
[2026-02-19T02:48:50.175+0000] {logging_mixin.py:188} INFO - 
Inserting into database...
[2026-02-19T02:48:50.181+0000] {logging_mixin.py:188} INFO - ✓ Schema hethong_phantich_chungkhoan ensured
[2026-02-19T02:48:50.188+0000] {logging_mixin.py:188} INFO - ✅ Inserted 5 rows
[2026-02-19T02:48:50.189+0000] {python.py:237} INFO - Done. Returned value was: ✅ Success: 5 rows
[2026-02-19T02:48:50.190+0000] {taskinstance.py:441} INFO - ::group::Post task execution logs
[2026-02-19T02:48:50.213+0000] {taskinstance.py:1206} INFO - Marking task as SUCCESS. dag_id=minio_to_db_sync, task_id=sync_global_index, run_id=manual__2026-02-19T02:48:31+00:00, execution_date=20260219T024831, start_date=20260219T024838, end_date=20260219T024850
[2026-02-19T02:48:50.254+0000] {local_task_job_runner.py:243} INFO - Task exited with return code 0
[2026-02-19T02:48:50.279+0000] {taskinstance.py:3503} INFO - 0 downstream tasks scheduled from follow-on schedule check
[2026-02-19T02:48:50.282+0000] {local_task_job_runner.py:222} INFO - ::endgroup::
