[2026-01-22T14:24:08.786+0000] {local_task_job_runner.py:120} INFO - ::group::Pre task execution logs
[2026-01-22T14:24:08.824+0000] {taskinstance.py:2076} INFO - Dependencies all met for dep_context=non-requeueable deps ti=<TaskInstance: financial_ratios_etl.ingest_financial_ratios manual__2026-01-19T13:56:35+00:00 map_index=201 [queued]>
[2026-01-22T14:24:08.851+0000] {taskinstance.py:2076} INFO - Dependencies all met for dep_context=requeueable deps ti=<TaskInstance: financial_ratios_etl.ingest_financial_ratios manual__2026-01-19T13:56:35+00:00 map_index=201 [queued]>
[2026-01-22T14:24:08.851+0000] {taskinstance.py:2306} INFO - Starting attempt 1 of 2
[2026-01-22T14:24:08.872+0000] {taskinstance.py:2330} INFO - Executing <Mapped(DfToCsvOperator): ingest_financial_ratios> on 2026-01-19 13:56:35+00:00
[2026-01-22T14:24:08.886+0000] {warnings.py:112} WARNING - This process (pid=3344) is multi-threaded, use of fork() may lead to deadlocks in the child.

[2026-01-22T14:24:08.887+0000] {standard_task_runner.py:64} INFO - Started process 3390 to run task
[2026-01-22T14:24:08.890+0000] {standard_task_runner.py:90} INFO - Running: ['***', 'tasks', 'run', 'financial_ratios_etl', 'ingest_financial_ratios', 'manual__2026-01-19T13:56:35+00:00', '--job-id', '4113', '--raw', '--subdir', 'DAGS_FOLDER/financial_ratios_etl.py', '--cfg-path', '/tmp/tmp7jwzywv0', '--map-index', '201']
[2026-01-22T14:24:08.895+0000] {standard_task_runner.py:91} INFO - Job 4113: Subtask ingest_financial_ratios
[2026-01-22T14:24:08.953+0000] {task_command.py:426} INFO - Running <TaskInstance: financial_ratios_etl.ingest_financial_ratios manual__2026-01-19T13:56:35+00:00 map_index=201 [running]> on host 4da96d4d1b09
[2026-01-22T14:24:09.118+0000] {taskinstance.py:2648} INFO - Exporting env vars: AIRFLOW_CTX_DAG_OWNER='***' AIRFLOW_CTX_DAG_ID='financial_ratios_etl' AIRFLOW_CTX_TASK_ID='ingest_financial_ratios' AIRFLOW_CTX_EXECUTION_DATE='2026-01-19T13:56:35+00:00' AIRFLOW_CTX_TRY_NUMBER='1' AIRFLOW_CTX_DAG_RUN_ID='manual__2026-01-19T13:56:35+00:00'
[2026-01-22T14:24:09.120+0000] {taskinstance.py:430} INFO - ::endgroup::
[2026-01-22T14:24:09.132+0000] {logging_mixin.py:188} INFO - [RATIO] Bắt đầu xử lý batch 2 mã: ['STW', 'STT']
[2026-01-22T14:24:09.133+0000] {logging_mixin.py:188} INFO - [RATIO] Kỳ dữ liệu: quarter
[2026-01-22T14:24:09.134+0000] {logging_mixin.py:188} INFO -  >> [RATIO] Đang lấy dữ liệu: STW
[2026-01-22T14:24:10.374+0000] {logging_mixin.py:188} INFO -  ✓ [RATIO] STW: 31 rows
[2026-01-22T14:24:12.375+0000] {logging_mixin.py:188} INFO -  >> [RATIO] Đang lấy dữ liệu: STT
[2026-01-22T14:24:14.675+0000] {logging_mixin.py:188} INFO -  ✓ [RATIO] STT: 21 rows
[2026-01-22T14:24:16.677+0000] {logging_mixin.py:188} INFO -  ✅ [RATIO] Hoàn thành batch. Tổng số dòng: 52
[2026-01-22T14:24:16.698+0000] {base.py:84} INFO - Using connection ID 'minio_finance' for task execution.
[2026-01-22T14:24:16.699+0000] {connection_wrapper.py:384} INFO - AWS Connection (conn_id='minio_finance', conn_type='aws') credentials retrieved from login and password.
[2026-01-22T14:24:17.243+0000] {datalake_df2csv.py:52} INFO - ✅ Đã upload 52 dòng -> s3://thongtin-congty-va-bctc/financial_ratios/2026-01-19/batch_201.csv
[2026-01-22T14:24:17.245+0000] {taskinstance.py:441} INFO - ::group::Post task execution logs
[2026-01-22T14:24:17.257+0000] {taskinstance.py:1206} INFO - Marking task as SUCCESS. dag_id=financial_ratios_etl, task_id=ingest_financial_ratios, run_id=manual__2026-01-19T13:56:35+00:00, map_index=201, execution_date=20260119T135635, start_date=20260122T142408, end_date=20260122T142417
[2026-01-22T14:24:17.420+0000] {local_task_job_runner.py:243} INFO - Task exited with return code 0
[2026-01-22T14:24:17.438+0000] {taskinstance.py:3503} INFO - 0 downstream tasks scheduled from follow-on schedule check
[2026-01-22T14:24:17.440+0000] {local_task_job_runner.py:222} INFO - ::endgroup::
