[2026-02-04T15:04:52.445+0000] {local_task_job_runner.py:120} INFO - ::group::Pre task execution logs
[2026-02-04T15:04:52.470+0000] {taskinstance.py:2076} INFO - Dependencies all met for dep_context=non-requeueable deps ti=<TaskInstance: bctc_minio.ingest_bctc manual__2026-02-04T14:52:47+00:00 map_index=19 [queued]>
[2026-02-04T15:04:52.482+0000] {taskinstance.py:2076} INFO - Dependencies all met for dep_context=requeueable deps ti=<TaskInstance: bctc_minio.ingest_bctc manual__2026-02-04T14:52:47+00:00 map_index=19 [queued]>
[2026-02-04T15:04:52.483+0000] {taskinstance.py:2306} INFO - Starting attempt 1 of 2
[2026-02-04T15:04:52.497+0000] {taskinstance.py:2330} INFO - Executing <Mapped(DfToCsvOperator): ingest_bctc> on 2026-02-04 14:52:47+00:00
[2026-02-04T15:04:52.508+0000] {warnings.py:112} WARNING - This process (pid=11959) is multi-threaded, use of fork() may lead to deadlocks in the child.

[2026-02-04T15:04:52.509+0000] {standard_task_runner.py:64} INFO - Started process 11999 to run task
[2026-02-04T15:04:52.512+0000] {standard_task_runner.py:90} INFO - Running: ['***', 'tasks', 'run', 'bctc_minio', 'ingest_bctc', 'manual__2026-02-04T14:52:47+00:00', '--job-id', '17140', '--raw', '--subdir', 'DAGS_FOLDER/dl_bctc.py', '--cfg-path', '/tmp/tmphdjsln4i', '--map-index', '19']
[2026-02-04T15:04:52.515+0000] {standard_task_runner.py:91} INFO - Job 17140: Subtask ingest_bctc
[2026-02-04T15:04:52.576+0000] {task_command.py:426} INFO - Running <TaskInstance: bctc_minio.ingest_bctc manual__2026-02-04T14:52:47+00:00 map_index=19 [running]> on host 918dbd497d34
[2026-02-04T15:04:52.703+0000] {taskinstance.py:2648} INFO - Exporting env vars: AIRFLOW_CTX_DAG_OWNER='***' AIRFLOW_CTX_DAG_ID='bctc_minio' AIRFLOW_CTX_TASK_ID='ingest_bctc' AIRFLOW_CTX_EXECUTION_DATE='2026-02-04T14:52:47+00:00' AIRFLOW_CTX_TRY_NUMBER='1' AIRFLOW_CTX_DAG_RUN_ID='manual__2026-02-04T14:52:47+00:00'
[2026-02-04T15:04:52.704+0000] {taskinstance.py:430} INFO - ::endgroup::
[2026-02-04T15:04:52.711+0000] {logging_mixin.py:188} INFO - Bắt đầu xử lý batch 20 mã: ['TAL', 'TAG', 'TAC', 'TAB', 'TA9', 'TA6', 'TA3', 'T12', 'SZL', 'SZG', 'SZE', 'SZC', 'SZB', 'SWC', 'SVT', 'SVN', 'SVL', 'SVI', 'SVH', 'SVG']
[2026-02-04T15:04:52.711+0000] {logging_mixin.py:188} INFO -  >> Đang lấy dữ liệu: TAL
[2026-02-04T15:05:00.713+0000] {logging_mixin.py:188} INFO -  >> Đang lấy dữ liệu: TAG
[2026-02-04T15:05:09.127+0000] {logging_mixin.py:188} INFO -  >> Đang lấy dữ liệu: TAC
[2026-02-04T15:05:09.778+0000] {logging_mixin.py:188} INFO -  Lỗi xử lý mã TAC: 'NoneType' object is not subscriptable
[2026-02-04T15:05:09.779+0000] {logging_mixin.py:188} INFO -  >> Đang lấy dữ liệu: TAB
[2026-02-04T15:05:14.688+0000] {logging_mixin.py:188} INFO - ❌ Lỗi income_statement: RetryError[<Future at 0x7f82218f0080 state=finished raised KeyError>]
[2026-02-04T15:05:26.268+0000] {log.py:232} WARNING - 2026-02-04 15:05:26 - vnstock.core.utils.client - ERROR - API request failed: HTTPSConnectionPool(host='trading.vietcap.com.vn', port=443): Max retries exceeded with url: /data-mt/graphql (Caused by NameResolutionError("<urllib3.connection.HTTPSConnection object at 0x7f82218f3320>: Failed to resolve 'trading.vietcap.com.vn' ([Errno -3] Temporary failure in name resolution)"))
[2026-02-04T15:05:26.252+0000] {client.py:414} ERROR - API request failed: HTTPSConnectionPool(host='trading.vietcap.com.vn', port=443): Max retries exceeded with url: /data-mt/graphql (Caused by NameResolutionError("<urllib3.connection.HTTPSConnection object at 0x7f82218f3320>: Failed to resolve 'trading.vietcap.com.vn' ([Errno -3] Temporary failure in name resolution)"))
[2026-02-04T15:05:30.586+0000] {logging_mixin.py:188} INFO - ❌ Lỗi balance_sheet: RetryError[<Future at 0x7f82218f0800 state=finished raised KeyError>]
[2026-02-04T15:05:36.809+0000] {logging_mixin.py:188} INFO - ❌ Lỗi cash_flow: RetryError[<Future at 0x7f82218f0bc0 state=finished raised KeyError>]
[2026-02-04T15:05:40.350+0000] {logging_mixin.py:188} INFO -  >> Đang lấy dữ liệu: TA9
[2026-02-04T15:05:48.670+0000] {logging_mixin.py:188} INFO -  >> Đang lấy dữ liệu: TA6
[2026-02-04T15:05:53.400+0000] {logging_mixin.py:188} INFO - ❌ Lỗi income_statement: RetryError[<Future at 0x7f82218d8920 state=finished raised KeyError>]
[2026-02-04T15:05:59.391+0000] {logging_mixin.py:188} INFO - ❌ Lỗi balance_sheet: RetryError[<Future at 0x7f82218db680 state=finished raised KeyError>]
[2026-02-04T15:06:08.011+0000] {logging_mixin.py:188} INFO - ❌ Lỗi cash_flow: RetryError[<Future at 0x7f82218d5310 state=finished raised KeyError>]
[2026-02-04T15:06:11.512+0000] {logging_mixin.py:188} INFO -  >> Đang lấy dữ liệu: TA3
[2026-02-04T15:06:16.326+0000] {logging_mixin.py:188} INFO - ❌ Lỗi income_statement: RetryError[<Future at 0x7f82218d5340 state=finished raised KeyError>]
[2026-02-04T15:06:22.218+0000] {logging_mixin.py:188} INFO - ❌ Lỗi balance_sheet: RetryError[<Future at 0x7f82218d7e30 state=finished raised KeyError>]
[2026-02-04T15:06:28.125+0000] {logging_mixin.py:188} INFO - ❌ Lỗi cash_flow: RetryError[<Future at 0x7f82218d68a0 state=finished raised KeyError>]
[2026-02-04T15:06:31.626+0000] {logging_mixin.py:188} INFO -  >> Đang lấy dữ liệu: T12
[2026-02-04T15:06:32.205+0000] {logging_mixin.py:188} INFO -  Lỗi xử lý mã T12: 'NoneType' object is not subscriptable
[2026-02-04T15:06:32.206+0000] {logging_mixin.py:188} INFO -  >> Đang lấy dữ liệu: SZL
[2026-02-04T15:06:40.716+0000] {logging_mixin.py:188} INFO -  >> Đang lấy dữ liệu: SZG
[2026-02-04T15:06:48.895+0000] {logging_mixin.py:188} INFO -  >> Đang lấy dữ liệu: SZE
[2026-02-04T15:06:57.164+0000] {logging_mixin.py:188} INFO -  >> Đang lấy dữ liệu: SZC
[2026-02-04T15:07:05.605+0000] {logging_mixin.py:188} INFO -  >> Đang lấy dữ liệu: SZB
[2026-02-04T15:07:14.846+0000] {logging_mixin.py:188} INFO -  >> Đang lấy dữ liệu: SWC
[2026-02-04T15:07:25.029+0000] {log.py:232} WARNING - 2026-02-04 15:07:25 - vnstock.core.utils.client - ERROR - API request failed: HTTPSConnectionPool(host='trading.vietcap.com.vn', port=443): Max retries exceeded with url: /data-mt/graphql (Caused by NameResolutionError("<urllib3.connection.HTTPSConnection object at 0x7f8221622bd0>: Failed to resolve 'trading.vietcap.com.vn' ([Errno -3] Temporary failure in name resolution)"))
[2026-02-04T15:07:25.025+0000] {client.py:414} ERROR - API request failed: HTTPSConnectionPool(host='trading.vietcap.com.vn', port=443): Max retries exceeded with url: /data-mt/graphql (Caused by NameResolutionError("<urllib3.connection.HTTPSConnection object at 0x7f8221622bd0>: Failed to resolve 'trading.vietcap.com.vn' ([Errno -3] Temporary failure in name resolution)"))
[2026-02-04T15:07:25.066+0000] {logging_mixin.py:188} INFO -  Lỗi xử lý mã SWC: API request failed: HTTPSConnectionPool(host='trading.vietcap.com.vn', port=443): Max retries exceeded with url: /data-mt/graphql (Caused by NameResolutionError("<urllib3.connection.HTTPSConnection object at 0x7f8221622bd0>: Failed to resolve 'trading.vietcap.com.vn' ([Errno -3] Temporary failure in name resolution)"))
[2026-02-04T15:07:25.066+0000] {logging_mixin.py:188} INFO -  >> Đang lấy dữ liệu: SVT
[2026-02-04T15:07:42.410+0000] {logging_mixin.py:188} INFO -  >> Đang lấy dữ liệu: SVN
[2026-02-04T15:07:50.770+0000] {logging_mixin.py:188} INFO -  >> Đang lấy dữ liệu: SVL
[2026-02-04T15:08:13.551+0000] {log.py:232} WARNING - 2026-02-04 15:08:12 - vnstock.core.utils.client - ERROR - API request failed: HTTPSConnectionPool(host='trading.vietcap.com.vn', port=443): Max retries exceeded with url: /data-mt/graphql (Caused by NameResolutionError("<urllib3.connection.HTTPSConnection object at 0x7f8221756c30>: Failed to resolve 'trading.vietcap.com.vn' ([Errno -3] Temporary failure in name resolution)"))
[2026-02-04T15:08:12.137+0000] {client.py:414} ERROR - API request failed: HTTPSConnectionPool(host='trading.vietcap.com.vn', port=443): Max retries exceeded with url: /data-mt/graphql (Caused by NameResolutionError("<urllib3.connection.HTTPSConnection object at 0x7f8221756c30>: Failed to resolve 'trading.vietcap.com.vn' ([Errno -3] Temporary failure in name resolution)"))
[2026-02-04T15:08:19.552+0000] {logging_mixin.py:188} INFO -  >> Đang lấy dữ liệu: SVI
[2026-02-04T15:08:28.374+0000] {logging_mixin.py:188} INFO -  >> Đang lấy dữ liệu: SVH
