[2026-04-24T16:05:10.896+0000] {local_task_job_runner.py:120} INFO - ::group::Pre task execution logs
[2026-04-24T16:05:10.972+0000] {taskinstance.py:2076} INFO - Dependencies all met for dep_context=non-requeueable deps ti=<TaskInstance: electric_board_daily.ingest_electric_board scheduled__2026-04-23T16:00:00+00:00 map_index=25 [queued]>
[2026-04-24T16:05:11.000+0000] {taskinstance.py:2076} INFO - Dependencies all met for dep_context=requeueable deps ti=<TaskInstance: electric_board_daily.ingest_electric_board scheduled__2026-04-23T16:00:00+00:00 map_index=25 [queued]>
[2026-04-24T16:05:11.001+0000] {taskinstance.py:2306} INFO - Starting attempt 1 of 3
[2026-04-24T16:05:11.043+0000] {taskinstance.py:2330} INFO - Executing <Mapped(DfToCsvOperator): ingest_electric_board> on 2026-04-23 16:00:00+00:00
[2026-04-24T16:05:11.068+0000] {warnings.py:112} WARNING - This process (pid=2389) is multi-threaded, use of fork() may lead to deadlocks in the child.

[2026-04-24T16:05:11.088+0000] {standard_task_runner.py:64} INFO - Started process 2461 to run task
[2026-04-24T16:05:11.090+0000] {standard_task_runner.py:90} INFO - Running: ['***', 'tasks', 'run', 'electric_board_daily', 'ingest_electric_board', 'scheduled__2026-04-23T16:00:00+00:00', '--job-id', '45066', '--raw', '--subdir', 'DAGS_FOLDER/dl_electric_board.py', '--cfg-path', '/tmp/tmpt2v9hqtu', '--map-index', '25']
[2026-04-24T16:05:11.123+0000] {standard_task_runner.py:91} INFO - Job 45066: Subtask ingest_electric_board
[2026-04-24T16:05:11.332+0000] {task_command.py:426} INFO - Running <TaskInstance: electric_board_daily.ingest_electric_board scheduled__2026-04-23T16:00:00+00:00 map_index=25 [running]> on host 359eaf0a91e8
[2026-04-24T16:05:11.723+0000] {taskinstance.py:2648} INFO - Exporting env vars: AIRFLOW_CTX_DAG_OWNER='***' AIRFLOW_CTX_DAG_ID='electric_board_daily' AIRFLOW_CTX_TASK_ID='ingest_electric_board' AIRFLOW_CTX_EXECUTION_DATE='2026-04-23T16:00:00+00:00' AIRFLOW_CTX_TRY_NUMBER='1' AIRFLOW_CTX_DAG_RUN_ID='scheduled__2026-04-23T16:00:00+00:00'
[2026-04-24T16:05:11.725+0000] {taskinstance.py:430} INFO - ::endgroup::
[2026-04-24T16:05:11.726+0000] {datalake_df2csv.py:40} INFO - ================================================================================
[2026-04-24T16:05:11.726+0000] {datalake_df2csv.py:41} INFO - 🚀 BẮT ĐẦU TASK: ingest_electric_board
[2026-04-24T16:05:11.727+0000] {datalake_df2csv.py:42} INFO - ================================================================================
[2026-04-24T16:05:11.732+0000] {datalake_df2csv.py:43} INFO - 📋 Thông tin cấu hình:
[2026-04-24T16:05:11.734+0000] {datalake_df2csv.py:44} INFO -   - Logic file: electric_board
[2026-04-24T16:05:11.735+0000] {datalake_df2csv.py:45} INFO -   - DataFrame name: get_price_board_batch
[2026-04-24T16:05:11.739+0000] {datalake_df2csv.py:46} INFO -   - Bucket: thongtin-congty-va-bctc
[2026-04-24T16:05:11.740+0000] {datalake_df2csv.py:47} INFO -   - Object path: electric_board_per_day/2026-04-23/batch_25.csv
[2026-04-24T16:05:11.741+0000] {datalake_df2csv.py:48} INFO -   - Connection ID: minio_finance
[2026-04-24T16:05:11.742+0000] {datalake_df2csv.py:49} INFO -   - Tham số truyền vào: {'symbols': ['PTI', 'TNC', 'VRG', 'HC3', 'STL', 'LEC', 'PPE', 'QNC', 'PAC', 'DIH', 'PLA', 'MDA', 'GMX', 'VNF', 'SBS', 'GTA', 'CRV', 'DAC', 'IVS', 'PSD', 'PTM', 'HGM', 'ANT', 'VBC', 'CCM', 'LPT', 'BHK', 'DHC', 'VOS', 'TLH', 'CCR', 'MSR', 'CCC', 'ALV', 'BAB', 'ARM', 'BRS', 'DRL', 'L61', 'HMS', 'HD6', 'ITA', 'STK', 'BVB', 'PSC', 'HGT', 'PJS', 'CNT', 'DTG', 'PSP'], 'trading_date': '2026-04-23'}
[2026-04-24T16:05:11.743+0000] {datalake_df2csv.py:50} INFO - --------------------------------------------------------------------------------
[2026-04-24T16:05:11.743+0000] {datalake_df2csv.py:54} INFO - 📥 Bước 1: Đang load dữ liệu từ logic file...
[2026-04-24T16:05:11.748+0000] {datalake_df2csv.py:148} INFO -   - Logic directory: /opt/airflow/plugins/logic
[2026-04-24T16:05:11.749+0000] {datalake_df2csv.py:149} INFO -   - Module path: /opt/airflow/plugins/logic/electric_board.py
[2026-04-24T16:05:11.750+0000] {datalake_df2csv.py:153} INFO -   - Đã thêm logic directory vào sys.path
[2026-04-24T16:05:11.753+0000] {datalake_df2csv.py:159} INFO -   - Đang load module 'electric_board'...
[2026-04-24T16:05:11.767+0000] {datalake_df2csv.py:163} INFO -   - ✅ Module loaded thành công
[2026-04-24T16:05:11.768+0000] {datalake_df2csv.py:165} INFO -   - Đang tìm DataFrame/function: 'get_price_board_batch'...
[2026-04-24T16:05:11.769+0000] {datalake_df2csv.py:170} INFO -   - ✅ Tìm thấy object: function
[2026-04-24T16:05:11.769+0000] {datalake_df2csv.py:173} INFO -   - Đang gọi function với tham số: {'symbols': ['PTI', 'TNC', 'VRG', 'HC3', 'STL', 'LEC', 'PPE', 'QNC', 'PAC', 'DIH', 'PLA', 'MDA', 'GMX', 'VNF', 'SBS', 'GTA', 'CRV', 'DAC', 'IVS', 'PSD', 'PTM', 'HGM', 'ANT', 'VBC', 'CCM', 'LPT', 'BHK', 'DHC', 'VOS', 'TLH', 'CCR', 'MSR', 'CCC', 'ALV', 'BAB', 'ARM', 'BRS', 'DRL', 'L61', 'HMS', 'HD6', 'ITA', 'STK', 'BVB', 'PSC', 'HGT', 'PJS', 'CNT', 'DTG', 'PSP'], 'trading_date': '2026-04-23'}
[2026-04-24T16:05:11.770+0000] {logging_mixin.py:188} INFO - [ELECTRIC_BOARD] Fetching price board for 50 symbols: ['PTI', 'TNC', 'VRG', 'HC3', 'STL']...
[2026-04-24T16:05:16.893+0000] {logging_mixin.py:188} INFO - [ELECTRIC_BOARD] ✅ Fetched 50 rows, 1 columns
[2026-04-24T16:05:16.912+0000] {datalake_df2csv.py:68} INFO - ✅ Load dữ liệu thành công!
[2026-04-24T16:05:16.914+0000] {datalake_df2csv.py:69} INFO - 📊 Thông tin DataFrame:
[2026-04-24T16:05:16.925+0000] {datalake_df2csv.py:70} INFO -   - Số dòng: 50
[2026-04-24T16:05:16.934+0000] {datalake_df2csv.py:71} INFO -   - Số cột: 1
[2026-04-24T16:05:16.944+0000] {datalake_df2csv.py:72} INFO -   - Tên các cột: ['trading_date']
[2026-04-24T16:05:16.955+0000] {datalake_df2csv.py:73} INFO -   - Kiểu dữ liệu: {'trading_date': 'object'}
[2026-04-24T16:05:16.962+0000] {datalake_df2csv.py:74} INFO -   - Bộ nhớ sử dụng: 0.00 MB
[2026-04-24T16:05:16.979+0000] {datalake_df2csv.py:83} INFO -   - Không có giá trị NULL
[2026-04-24T16:05:16.983+0000] {datalake_df2csv.py:86} INFO -   - Mẫu dữ liệu (5 dòng đầu):
[2026-04-24T16:05:16.991+0000] {datalake_df2csv.py:88} INFO -     Row 0: {'trading_date': '2026-04-23'}
[2026-04-24T16:05:16.994+0000] {datalake_df2csv.py:88} INFO -     Row 1: {'trading_date': '2026-04-23'}
[2026-04-24T16:05:16.996+0000] {datalake_df2csv.py:88} INFO -     Row 2: {'trading_date': '2026-04-23'}
[2026-04-24T16:05:16.997+0000] {datalake_df2csv.py:88} INFO -     Row 3: {'trading_date': '2026-04-23'}
[2026-04-24T16:05:17.000+0000] {datalake_df2csv.py:88} INFO -     Row 4: {'trading_date': '2026-04-23'}
[2026-04-24T16:05:17.007+0000] {datalake_df2csv.py:90} INFO - --------------------------------------------------------------------------------
[2026-04-24T16:05:17.014+0000] {datalake_df2csv.py:93} INFO - 📝 Bước 2: Đang chuyển đổi DataFrame sang CSV...
[2026-04-24T16:05:17.051+0000] {datalake_df2csv.py:97} INFO - ✅ Chuyển đổi CSV thành công!
[2026-04-24T16:05:17.058+0000] {datalake_df2csv.py:98} INFO -   - Kích thước file: 0.00 MB
[2026-04-24T16:05:17.060+0000] {datalake_df2csv.py:99} INFO -   - Thời gian chuyển đổi: 0.04 giây
[2026-04-24T16:05:17.060+0000] {datalake_df2csv.py:100} INFO - --------------------------------------------------------------------------------
[2026-04-24T16:05:17.064+0000] {datalake_df2csv.py:103} INFO - ☁️  Bước 3: Đang upload lên MinIO/S3...
[2026-04-24T16:05:17.140+0000] {base.py:84} INFO - Using connection ID 'minio_finance' for task execution.
[2026-04-24T16:05:17.157+0000] {connection_wrapper.py:384} INFO - AWS Connection (conn_id='minio_finance', conn_type='aws') credentials retrieved from login and password.
[2026-04-24T16:05:19.531+0000] {datalake_df2csv.py:112} INFO -   - Bucket 'thongtin-congty-va-bctc' đã tồn tại
[2026-04-24T16:05:19.682+0000] {datalake_df2csv.py:117} INFO - ✅ Upload thành công!
[2026-04-24T16:05:19.683+0000] {datalake_df2csv.py:118} INFO -   - Đường dẫn: s3://thongtin-congty-va-bctc/electric_board_per_day/2026-04-23/batch_25.csv
[2026-04-24T16:05:19.684+0000] {datalake_df2csv.py:119} INFO -   - Số dòng: 50
[2026-04-24T16:05:19.685+0000] {datalake_df2csv.py:120} INFO -   - Thời gian upload: 2.62 giây
[2026-04-24T16:05:19.687+0000] {datalake_df2csv.py:121} INFO - --------------------------------------------------------------------------------
[2026-04-24T16:05:19.688+0000] {datalake_df2csv.py:125} INFO - 📈 TỔNG KẾT:
[2026-04-24T16:05:19.690+0000] {datalake_df2csv.py:126} INFO -   - Tổng thời gian thực thi: 7.96 giây
[2026-04-24T16:05:19.691+0000] {datalake_df2csv.py:127} INFO -   - Tốc độ xử lý: 6 dòng/giây
[2026-04-24T16:05:19.693+0000] {datalake_df2csv.py:128} INFO - ================================================================================
[2026-04-24T16:05:19.698+0000] {datalake_df2csv.py:129} INFO - ✅ HOÀN THÀNH TASK: ingest_electric_board
[2026-04-24T16:05:19.699+0000] {datalake_df2csv.py:130} INFO - ================================================================================
[2026-04-24T16:05:19.701+0000] {taskinstance.py:441} INFO - ::group::Post task execution logs
[2026-04-24T16:05:19.723+0000] {taskinstance.py:1206} INFO - Marking task as SUCCESS. dag_id=electric_board_daily, task_id=ingest_electric_board, run_id=scheduled__2026-04-23T16:00:00+00:00, map_index=25, execution_date=20260423T160000, start_date=20260424T160510, end_date=20260424T160519
[2026-04-24T16:05:19.896+0000] {local_task_job_runner.py:243} INFO - Task exited with return code 0
[2026-04-24T16:05:20.039+0000] {taskinstance.py:3503} INFO - 0 downstream tasks scheduled from follow-on schedule check
[2026-04-24T16:05:20.069+0000] {local_task_job_runner.py:222} INFO - ::endgroup::
