[2026-01-24T08:46:38.329+0000] {local_task_job_runner.py:120} INFO - ::group::Pre task execution logs
[2026-01-24T08:46:38.379+0000] {taskinstance.py:2076} INFO - Dependencies all met for dep_context=non-requeueable deps ti=<TaskInstance: daily_price_minio.ingest_daily_price manual__2026-01-24T08:33:45.946408+00:00 map_index=166 [queued]>
[2026-01-24T08:46:38.420+0000] {taskinstance.py:2076} INFO - Dependencies all met for dep_context=requeueable deps ti=<TaskInstance: daily_price_minio.ingest_daily_price manual__2026-01-24T08:33:45.946408+00:00 map_index=166 [queued]>
[2026-01-24T08:46:38.424+0000] {taskinstance.py:2306} INFO - Starting attempt 1 of 2
[2026-01-24T08:46:38.460+0000] {taskinstance.py:2330} INFO - Executing <Mapped(DfToCsvOperator): ingest_daily_price> on 2026-01-24 08:33:45.946408+00:00
[2026-01-24T08:46:38.480+0000] {warnings.py:112} WARNING - This process (pid=8456) is multi-threaded, use of fork() may lead to deadlocks in the child.

[2026-01-24T08:46:38.486+0000] {standard_task_runner.py:64} INFO - Started process 8594 to run task
[2026-01-24T08:46:38.497+0000] {standard_task_runner.py:90} INFO - Running: ['***', 'tasks', 'run', 'daily_price_minio', 'ingest_daily_price', 'manual__2026-01-24T08:33:45.946408+00:00', '--job-id', '6328', '--raw', '--subdir', 'DAGS_FOLDER/daily_price_minio.py', '--cfg-path', '/tmp/tmp4gubvl0v', '--map-index', '166']
[2026-01-24T08:46:38.504+0000] {standard_task_runner.py:91} INFO - Job 6328: Subtask ingest_daily_price
[2026-01-24T08:46:38.604+0000] {task_command.py:426} INFO - Running <TaskInstance: daily_price_minio.ingest_daily_price manual__2026-01-24T08:33:45.946408+00:00 map_index=166 [running]> on host 05b4b3a77fa2
[2026-01-24T08:46:38.840+0000] {taskinstance.py:2648} INFO - Exporting env vars: AIRFLOW_CTX_DAG_OWNER='***' AIRFLOW_CTX_DAG_ID='daily_price_minio' AIRFLOW_CTX_TASK_ID='ingest_daily_price' AIRFLOW_CTX_EXECUTION_DATE='2026-01-24T08:33:45.946408+00:00' AIRFLOW_CTX_TRY_NUMBER='1' AIRFLOW_CTX_DAG_RUN_ID='manual__2026-01-24T08:33:45.946408+00:00'
[2026-01-24T08:46:38.842+0000] {taskinstance.py:430} INFO - ::endgroup::
[2026-01-24T08:46:43.325+0000] {logging_mixin.py:188} INFO - MVB: RetryError[<Future at 0x7fdaf4e34bc0 state=finished raised ConnectionError>]
[2026-01-24T08:46:48.478+0000] {logging_mixin.py:188} INFO - MTX: RetryError[<Future at 0x7fdaecbb0770 state=finished raised ConnectionError>]
[2026-01-24T08:46:53.591+0000] {logging_mixin.py:188} INFO - MTV: RetryError[<Future at 0x7fdaecd49190 state=finished raised ConnectionError>]
[2026-01-24T08:47:03.484+0000] {logging_mixin.py:188} INFO - MTS: RetryError[<Future at 0x7fdaecbb14f0 state=finished raised ConnectionError>]
[2026-01-24T08:47:09.294+0000] {logging_mixin.py:188} INFO - MTP: RetryError[<Future at 0x7fdaecbb22a0 state=finished raised ConnectionError>]
[2026-01-24T08:47:09.793+0000] {datalake_df2csv.py:40} INFO - DataFrame rỗng, bỏ qua upload CSV.
[2026-01-24T08:47:09.794+0000] {taskinstance.py:441} INFO - ::group::Post task execution logs
[2026-01-24T08:47:09.814+0000] {taskinstance.py:1206} INFO - Marking task as SUCCESS. dag_id=daily_price_minio, task_id=ingest_daily_price, run_id=manual__2026-01-24T08:33:45.946408+00:00, map_index=166, execution_date=20260124T083345, start_date=20260124T084638, end_date=20260124T084709
[2026-01-24T08:47:09.888+0000] {local_task_job_runner.py:243} INFO - Task exited with return code 0
[2026-01-24T08:47:09.930+0000] {taskinstance.py:3503} INFO - 0 downstream tasks scheduled from follow-on schedule check
[2026-01-24T08:47:09.942+0000] {local_task_job_runner.py:222} INFO - ::endgroup::
