[2026-01-19T14:19:33.334+0000] {local_task_job_runner.py:120} INFO - ::group::Pre task execution logs
[2026-01-19T14:19:33.384+0000] {taskinstance.py:2076} INFO - Dependencies all met for dep_context=non-requeueable deps ti=<TaskInstance: company_people_to_minio.ingest_people manual__2026-01-19T13:56:20+00:00 map_index=18 [queued]>
[2026-01-19T14:19:33.419+0000] {taskinstance.py:2076} INFO - Dependencies all met for dep_context=requeueable deps ti=<TaskInstance: company_people_to_minio.ingest_people manual__2026-01-19T13:56:20+00:00 map_index=18 [queued]>
[2026-01-19T14:19:33.420+0000] {taskinstance.py:2306} INFO - Starting attempt 2 of 2
[2026-01-19T14:19:33.447+0000] {taskinstance.py:2330} INFO - Executing <Mapped(DfToCsvOperator): ingest_people> on 2026-01-19 13:56:20+00:00
[2026-01-19T14:19:33.466+0000] {warnings.py:112} WARNING - This process (pid=8631) is multi-threaded, use of fork() may lead to deadlocks in the child.

[2026-01-19T14:19:33.468+0000] {standard_task_runner.py:64} INFO - Started process 8686 to run task
[2026-01-19T14:19:33.475+0000] {standard_task_runner.py:90} INFO - Running: ['***', 'tasks', 'run', 'company_people_to_minio', 'ingest_people', 'manual__2026-01-19T13:56:20+00:00', '--job-id', '3401', '--raw', '--subdir', 'DAGS_FOLDER/company_people_to_minio.py', '--cfg-path', '/tmp/tmpo3h3os48', '--map-index', '18']
[2026-01-19T14:19:33.480+0000] {standard_task_runner.py:91} INFO - Job 3401: Subtask ingest_people
[2026-01-19T14:19:33.591+0000] {task_command.py:426} INFO - Running <TaskInstance: company_people_to_minio.ingest_people manual__2026-01-19T13:56:20+00:00 map_index=18 [running]> on host 8cee9c20419f
[2026-01-19T14:19:33.842+0000] {taskinstance.py:2648} INFO - Exporting env vars: AIRFLOW_CTX_DAG_OWNER='***' AIRFLOW_CTX_DAG_ID='company_people_to_minio' AIRFLOW_CTX_TASK_ID='ingest_people' AIRFLOW_CTX_EXECUTION_DATE='2026-01-19T13:56:20+00:00' AIRFLOW_CTX_TRY_NUMBER='2' AIRFLOW_CTX_DAG_RUN_ID='manual__2026-01-19T13:56:20+00:00'
[2026-01-19T14:19:33.844+0000] {taskinstance.py:430} INFO - ::endgroup::
[2026-01-19T14:19:43.919+0000] {logging_mixin.py:188} INFO - officers TBW: RetryError[<Future at 0x7fc886dabfb0 state=finished raised KeyError>]
[2026-01-19T14:19:57.333+0000] {base.py:84} INFO - Using connection ID 'minio_finance' for task execution.
[2026-01-19T14:19:57.334+0000] {connection_wrapper.py:384} INFO - AWS Connection (conn_id='minio_finance', conn_type='aws') credentials retrieved from login and password.
[2026-01-19T14:19:58.655+0000] {datalake_df2csv.py:52} INFO - ✅ Đã upload 322 dòng -> s3://thongtin-congty-va-bctc/people/date=2026-01-19/batch_18.csv
[2026-01-19T14:19:58.665+0000] {taskinstance.py:441} INFO - ::group::Post task execution logs
[2026-01-19T14:19:58.697+0000] {taskinstance.py:1206} INFO - Marking task as SUCCESS. dag_id=company_people_to_minio, task_id=ingest_people, run_id=manual__2026-01-19T13:56:20+00:00, map_index=18, execution_date=20260119T135620, start_date=20260119T141933, end_date=20260119T141958
[2026-01-19T14:19:58.883+0000] {local_task_job_runner.py:243} INFO - Task exited with return code 0
[2026-01-19T14:19:58.911+0000] {local_task_job_runner.py:222} INFO - ::endgroup::
