[2026-02-22T02:54:18.900+0000] {local_task_job_runner.py:120} INFO - ::group::Pre task execution logs
[2026-02-22T02:54:18.957+0000] {taskinstance.py:2076} INFO - Dependencies all met for dep_context=non-requeueable deps ti=<TaskInstance: daily_price_minio.ingest_daily_price manual__2026-02-22T02:48:30.817235+00:00 map_index=273 [queued]>
[2026-02-22T02:54:18.991+0000] {taskinstance.py:2076} INFO - Dependencies all met for dep_context=requeueable deps ti=<TaskInstance: daily_price_minio.ingest_daily_price manual__2026-02-22T02:48:30.817235+00:00 map_index=273 [queued]>
[2026-02-22T02:54:18.992+0000] {taskinstance.py:2306} INFO - Starting attempt 1 of 2
[2026-02-22T02:54:19.010+0000] {taskinstance.py:2330} INFO - Executing <Mapped(DfToCsvOperator): ingest_daily_price> on 2026-02-22 02:48:30.817235+00:00
[2026-02-22T02:54:19.024+0000] {warnings.py:112} WARNING - This process (pid=5848) is multi-threaded, use of fork() may lead to deadlocks in the child.

[2026-02-22T02:54:19.025+0000] {standard_task_runner.py:64} INFO - Started process 5913 to run task
[2026-02-22T02:54:19.028+0000] {standard_task_runner.py:90} INFO - Running: ['***', 'tasks', 'run', 'daily_price_minio', 'ingest_daily_price', 'manual__2026-02-22T02:48:30.817235+00:00', '--job-id', '24293', '--raw', '--subdir', 'DAGS_FOLDER/dl_dailly_price.py', '--cfg-path', '/tmp/tmpigjopksc', '--map-index', '273']
[2026-02-22T02:54:19.032+0000] {standard_task_runner.py:91} INFO - Job 24293: Subtask ingest_daily_price
[2026-02-22T02:54:19.108+0000] {task_command.py:426} INFO - Running <TaskInstance: daily_price_minio.ingest_daily_price manual__2026-02-22T02:48:30.817235+00:00 map_index=273 [running]> on host 1b22f72dc705
[2026-02-22T02:54:19.919+0000] {taskinstance.py:2648} INFO - Exporting env vars: AIRFLOW_CTX_DAG_OWNER='***' AIRFLOW_CTX_DAG_ID='daily_price_minio' AIRFLOW_CTX_TASK_ID='ingest_daily_price' AIRFLOW_CTX_EXECUTION_DATE='2026-02-22T02:48:30.817235+00:00' AIRFLOW_CTX_TRY_NUMBER='1' AIRFLOW_CTX_DAG_RUN_ID='manual__2026-02-22T02:48:30.817235+00:00'
[2026-02-22T02:54:19.920+0000] {taskinstance.py:430} INFO - ::endgroup::
[2026-02-22T02:54:19.921+0000] {datalake_df2csv.py:40} INFO - ================================================================================
[2026-02-22T02:54:19.921+0000] {datalake_df2csv.py:41} INFO - 🚀 BẮT ĐẦU TASK: ingest_daily_price
[2026-02-22T02:54:19.922+0000] {datalake_df2csv.py:42} INFO - ================================================================================
[2026-02-22T02:54:19.922+0000] {datalake_df2csv.py:43} INFO - 📋 Thông tin cấu hình:
[2026-02-22T02:54:19.923+0000] {datalake_df2csv.py:44} INFO -   - Logic file: history_price
[2026-02-22T02:54:19.923+0000] {datalake_df2csv.py:45} INFO -   - DataFrame name: get_history_price_batch
[2026-02-22T02:54:19.924+0000] {datalake_df2csv.py:46} INFO -   - Bucket: thongtin-congty-va-bctc
[2026-02-22T02:54:19.924+0000] {datalake_df2csv.py:47} INFO -   - Object path: daily_price/2026-02-22/batch_273.csv
[2026-02-22T02:54:19.924+0000] {datalake_df2csv.py:48} INFO -   - Connection ID: minio_finance
[2026-02-22T02:54:19.925+0000] {datalake_df2csv.py:49} INFO -   - Tham số truyền vào: {'symbols': ['CPC', 'GSP', 'NSS', 'HKB', 'BHN'], 'start_date': '2026-02-22', 'end_date': '2026-02-23'}
[2026-02-22T02:54:19.925+0000] {datalake_df2csv.py:50} INFO - --------------------------------------------------------------------------------
[2026-02-22T02:54:19.926+0000] {datalake_df2csv.py:54} INFO - 📥 Bước 1: Đang load dữ liệu từ logic file...
[2026-02-22T02:54:19.930+0000] {datalake_df2csv.py:148} INFO -   - Logic directory: /opt/airflow/plugins/logic
[2026-02-22T02:54:19.932+0000] {datalake_df2csv.py:149} INFO -   - Module path: /opt/airflow/plugins/logic/history_price.py
[2026-02-22T02:54:19.933+0000] {datalake_df2csv.py:153} INFO -   - Đã thêm logic directory vào sys.path
[2026-02-22T02:54:19.936+0000] {datalake_df2csv.py:159} INFO -   - Đang load module 'history_price'...
[2026-02-22T02:54:19.941+0000] {datalake_df2csv.py:163} INFO -   - ✅ Module loaded thành công
[2026-02-22T02:54:19.942+0000] {datalake_df2csv.py:165} INFO -   - Đang tìm DataFrame/function: 'get_history_price_batch'...
[2026-02-22T02:54:19.942+0000] {datalake_df2csv.py:170} INFO -   - ✅ Tìm thấy object: function
[2026-02-22T02:54:19.943+0000] {datalake_df2csv.py:173} INFO -   - Đang gọi function với tham số: {'symbols': ['CPC', 'GSP', 'NSS', 'HKB', 'BHN'], 'start_date': '2026-02-22', 'end_date': '2026-02-23'}
[2026-02-22T02:54:24.630+0000] {datalake_df2csv.py:68} INFO - ✅ Load dữ liệu thành công!
[2026-02-22T02:54:24.631+0000] {datalake_df2csv.py:69} INFO - 📊 Thông tin DataFrame:
[2026-02-22T02:54:24.632+0000] {datalake_df2csv.py:70} INFO -   - Số dòng: 15
[2026-02-22T02:54:24.633+0000] {datalake_df2csv.py:71} INFO -   - Số cột: 7
[2026-02-22T02:54:24.633+0000] {datalake_df2csv.py:72} INFO -   - Tên các cột: ['ticker', 'trading_date', 'open', 'high', 'low', 'close', 'volume']
[2026-02-22T02:54:24.634+0000] {datalake_df2csv.py:73} INFO -   - Kiểu dữ liệu: {'ticker': 'object', 'trading_date': 'object', 'open': 'float64', 'high': 'float64', 'low': 'float64', 'close': 'float64', 'volume': 'int64'}
[2026-02-22T02:54:24.637+0000] {datalake_df2csv.py:74} INFO -   - Bộ nhớ sử dụng: 0.00 MB
[2026-02-22T02:54:24.640+0000] {datalake_df2csv.py:83} INFO -   - Không có giá trị NULL
[2026-02-22T02:54:24.640+0000] {datalake_df2csv.py:86} INFO -   - Mẫu dữ liệu (5 dòng đầu):
[2026-02-22T02:54:24.641+0000] {datalake_df2csv.py:88} INFO -     Row 0: {'ticker': 'CPC', 'trading_date': '2026-02-06', 'open': 17.5, 'high': 17.5, 'low': 17.5, 'close': 17.5, 'volume': 100}
[2026-02-22T02:54:24.642+0000] {datalake_df2csv.py:88} INFO -     Row 1: {'ticker': 'CPC', 'trading_date': '2026-02-09', 'open': 17.3, 'high': 17.3, 'low': 17.3, 'close': 17.3, 'volume': 200}
[2026-02-22T02:54:24.643+0000] {datalake_df2csv.py:88} INFO -     Row 2: {'ticker': 'CPC', 'trading_date': '2026-02-10', 'open': 17.2, 'high': 17.6, 'low': 17.0, 'close': 17.6, 'volume': 900}
[2026-02-22T02:54:24.644+0000] {datalake_df2csv.py:88} INFO -     Row 3: {'ticker': 'GSP', 'trading_date': '2026-02-11', 'open': 11.1, 'high': 11.15, 'low': 11.0, 'close': 11.15, 'volume': 26900}
[2026-02-22T02:54:24.645+0000] {datalake_df2csv.py:88} INFO -     Row 4: {'ticker': 'GSP', 'trading_date': '2026-02-12', 'open': 11.05, 'high': 11.15, 'low': 11.0, 'close': 11.15, 'volume': 32500}
[2026-02-22T02:54:24.645+0000] {datalake_df2csv.py:90} INFO - --------------------------------------------------------------------------------
[2026-02-22T02:54:24.646+0000] {datalake_df2csv.py:93} INFO - 📝 Bước 2: Đang chuyển đổi DataFrame sang CSV...
[2026-02-22T02:54:24.655+0000] {datalake_df2csv.py:97} INFO - ✅ Chuyển đổi CSV thành công!
[2026-02-22T02:54:24.656+0000] {datalake_df2csv.py:98} INFO -   - Kích thước file: 0.00 MB
[2026-02-22T02:54:24.657+0000] {datalake_df2csv.py:99} INFO -   - Thời gian chuyển đổi: 0.01 giây
[2026-02-22T02:54:24.658+0000] {datalake_df2csv.py:100} INFO - --------------------------------------------------------------------------------
[2026-02-22T02:54:24.659+0000] {datalake_df2csv.py:103} INFO - ☁️  Bước 3: Đang upload lên MinIO/S3...
[2026-02-22T02:54:24.676+0000] {base.py:84} INFO - Using connection ID 'minio_finance' for task execution.
[2026-02-22T02:54:24.678+0000] {connection_wrapper.py:384} INFO - AWS Connection (conn_id='minio_finance', conn_type='aws') credentials retrieved from login and password.
[2026-02-22T02:54:25.828+0000] {datalake_df2csv.py:112} INFO -   - Bucket 'thongtin-congty-va-bctc' đã tồn tại
[2026-02-22T02:54:25.949+0000] {datalake_df2csv.py:117} INFO - ✅ Upload thành công!
[2026-02-22T02:54:25.950+0000] {datalake_df2csv.py:118} INFO -   - Đường dẫn: s3://thongtin-congty-va-bctc/daily_price/2026-02-22/batch_273.csv
[2026-02-22T02:54:25.951+0000] {datalake_df2csv.py:119} INFO -   - Số dòng: 15
[2026-02-22T02:54:25.951+0000] {datalake_df2csv.py:120} INFO -   - Thời gian upload: 1.29 giây
[2026-02-22T02:54:25.952+0000] {datalake_df2csv.py:121} INFO - --------------------------------------------------------------------------------
[2026-02-22T02:54:25.954+0000] {datalake_df2csv.py:125} INFO - 📈 TỔNG KẾT:
[2026-02-22T02:54:25.960+0000] {datalake_df2csv.py:126} INFO -   - Tổng thời gian thực thi: 6.03 giây
[2026-02-22T02:54:25.966+0000] {datalake_df2csv.py:127} INFO -   - Tốc độ xử lý: 2 dòng/giây
[2026-02-22T02:54:25.969+0000] {datalake_df2csv.py:128} INFO - ================================================================================
[2026-02-22T02:54:25.970+0000] {datalake_df2csv.py:129} INFO - ✅ HOÀN THÀNH TASK: ingest_daily_price
[2026-02-22T02:54:25.987+0000] {datalake_df2csv.py:130} INFO - ================================================================================
[2026-02-22T02:54:25.989+0000] {taskinstance.py:441} INFO - ::group::Post task execution logs
[2026-02-22T02:54:26.019+0000] {taskinstance.py:1206} INFO - Marking task as SUCCESS. dag_id=daily_price_minio, task_id=ingest_daily_price, run_id=manual__2026-02-22T02:48:30.817235+00:00, map_index=273, execution_date=20260222T024830, start_date=20260222T025418, end_date=20260222T025426
[2026-02-22T02:54:26.133+0000] {local_task_job_runner.py:243} INFO - Task exited with return code 0
[2026-02-22T02:54:26.151+0000] {local_task_job_runner.py:222} INFO - ::endgroup::
