[2026-01-18T03:11:39.307+0000] {local_task_job_runner.py:120} INFO - ::group::Pre task execution logs
[2026-01-18T03:11:39.330+0000] {taskinstance.py:2076} INFO - Dependencies all met for dep_context=non-requeueable deps ti=<TaskInstance: bctc.ingest_bctc scheduled__2026-01-11T00:00:00+00:00 map_index=37 [queued]>
[2026-01-18T03:11:39.345+0000] {taskinstance.py:2076} INFO - Dependencies all met for dep_context=requeueable deps ti=<TaskInstance: bctc.ingest_bctc scheduled__2026-01-11T00:00:00+00:00 map_index=37 [queued]>
[2026-01-18T03:11:39.345+0000] {taskinstance.py:2306} INFO - Starting attempt 1 of 2
[2026-01-18T03:11:39.363+0000] {taskinstance.py:2330} INFO - Executing <Mapped(DfToCsvOperator): ingest_bctc> on 2026-01-11 00:00:00+00:00
[2026-01-18T03:11:39.372+0000] {warnings.py:112} WARNING - This process (pid=154) is multi-threaded, use of fork() may lead to deadlocks in the child.

[2026-01-18T03:11:39.374+0000] {standard_task_runner.py:64} INFO - Started process 254 to run task
[2026-01-18T03:11:39.377+0000] {standard_task_runner.py:90} INFO - Running: ['***', 'tasks', 'run', 'bctc', 'ingest_bctc', 'scheduled__2026-01-11T00:00:00+00:00', '--job-id', '1642', '--raw', '--subdir', 'DAGS_FOLDER/tt_cty_bctc.py', '--cfg-path', '/tmp/tmpyhcl3nz4', '--map-index', '37']
[2026-01-18T03:11:39.383+0000] {standard_task_runner.py:91} INFO - Job 1642: Subtask ingest_bctc
[2026-01-18T03:11:39.458+0000] {task_command.py:426} INFO - Running <TaskInstance: bctc.ingest_bctc scheduled__2026-01-11T00:00:00+00:00 map_index=37 [running]> on host 5ae19da926ef
[2026-01-18T03:11:39.615+0000] {taskinstance.py:2648} INFO - Exporting env vars: AIRFLOW_CTX_DAG_OWNER='***' AIRFLOW_CTX_DAG_ID='bctc' AIRFLOW_CTX_TASK_ID='ingest_bctc' AIRFLOW_CTX_EXECUTION_DATE='2026-01-11T00:00:00+00:00' AIRFLOW_CTX_TRY_NUMBER='1' AIRFLOW_CTX_DAG_RUN_ID='scheduled__2026-01-11T00:00:00+00:00'
[2026-01-18T03:11:39.616+0000] {taskinstance.py:430} INFO - ::endgroup::
[2026-01-18T03:11:39.625+0000] {logging_mixin.py:188} INFO - Bắt đầu xử lý batch 20 mã: ['PAC', 'ORS', 'OPC', 'ONW', 'ONE', 'OIL', 'OGC', 'ODE', 'OCH', 'OCB', 'NXT', 'NWT', 'NVT', 'NVP', 'NVL', 'NVB', 'NUE', 'NTW', 'NTT', 'NTP']
[2026-01-18T03:11:39.626+0000] {logging_mixin.py:188} INFO -  >> Đang lấy dữ liệu: PAC
[2026-01-18T03:11:50.502+0000] {logging_mixin.py:188} INFO -  >> Đang lấy dữ liệu: ORS
[2026-01-18T03:11:59.538+0000] {logging_mixin.py:188} INFO -  >> Đang lấy dữ liệu: OPC
[2026-01-18T03:12:09.282+0000] {logging_mixin.py:188} INFO -  >> Đang lấy dữ liệu: ONW
[2026-01-18T03:12:17.824+0000] {logging_mixin.py:188} INFO - ❌ Lỗi income_statement: RetryError[<Future at 0x7f4f11eaffe0 state=finished raised KeyError>]
[2026-01-18T03:12:24.645+0000] {logging_mixin.py:188} INFO - ❌ Lỗi balance_sheet: RetryError[<Future at 0x7f4f11eaeff0 state=finished raised KeyError>]
[2026-01-18T03:12:30.574+0000] {logging_mixin.py:188} INFO - ❌ Lỗi cash_flow: RetryError[<Future at 0x7f4f11eadee0 state=finished raised KeyError>]
[2026-01-18T03:12:34.075+0000] {logging_mixin.py:188} INFO -  >> Đang lấy dữ liệu: ONE
[2026-01-18T03:12:43.546+0000] {logging_mixin.py:188} INFO -  >> Đang lấy dữ liệu: OIL
[2026-01-18T03:12:52.967+0000] {logging_mixin.py:188} INFO -  >> Đang lấy dữ liệu: OGC
[2026-01-18T03:13:02.814+0000] {logging_mixin.py:188} INFO -  >> Đang lấy dữ liệu: ODE
[2026-01-18T03:13:09.328+0000] {logging_mixin.py:188} INFO -  Lỗi xử lý mã ODE: 'year'
[2026-01-18T03:13:09.329+0000] {logging_mixin.py:188} INFO -  >> Đang lấy dữ liệu: OCH
[2026-01-18T03:13:18.005+0000] {logging_mixin.py:188} INFO -  >> Đang lấy dữ liệu: OCB
[2026-01-18T03:13:27.801+0000] {logging_mixin.py:188} INFO -  >> Đang lấy dữ liệu: NXT
[2026-01-18T03:13:32.829+0000] {logging_mixin.py:188} INFO - ❌ Lỗi income_statement: RetryError[<Future at 0x7f4f11d49640 state=finished raised KeyError>]
[2026-01-18T03:13:39.547+0000] {logging_mixin.py:188} INFO - ❌ Lỗi balance_sheet: RetryError[<Future at 0x7f4f11d48800 state=finished raised KeyError>]
[2026-01-18T03:13:46.540+0000] {logging_mixin.py:188} INFO - ❌ Lỗi cash_flow: RetryError[<Future at 0x7f4f11d4a390 state=finished raised KeyError>]
[2026-01-18T03:13:50.037+0000] {logging_mixin.py:188} INFO -  >> Đang lấy dữ liệu: NWT
[2026-01-18T03:13:55.805+0000] {logging_mixin.py:188} INFO - ❌ Lỗi income_statement: RetryError[<Future at 0x7f4f11d31340 state=finished raised KeyError>]
[2026-01-18T03:14:01.782+0000] {logging_mixin.py:188} INFO - ❌ Lỗi balance_sheet: RetryError[<Future at 0x7f4f11d30c80 state=finished raised KeyError>]
[2026-01-18T03:14:08.781+0000] {logging_mixin.py:188} INFO - ❌ Lỗi cash_flow: RetryError[<Future at 0x7f4f11d33d40 state=finished raised KeyError>]
[2026-01-18T03:14:12.282+0000] {logging_mixin.py:188} INFO -  >> Đang lấy dữ liệu: NVT
[2026-01-18T03:14:21.871+0000] {logging_mixin.py:188} INFO -  >> Đang lấy dữ liệu: NVP
[2026-01-18T03:14:27.357+0000] {logging_mixin.py:188} INFO - ❌ Lỗi income_statement: RetryError[<Future at 0x7f4f11d5bd40 state=finished raised KeyError>]
[2026-01-18T03:14:34.706+0000] {logging_mixin.py:188} INFO - ❌ Lỗi balance_sheet: RetryError[<Future at 0x7f4f11d5be30 state=finished raised KeyError>]
[2026-01-18T03:14:41.762+0000] {logging_mixin.py:188} INFO - ❌ Lỗi cash_flow: RetryError[<Future at 0x7f4f11d5b770 state=finished raised KeyError>]
[2026-01-18T03:14:45.264+0000] {logging_mixin.py:188} INFO -  >> Đang lấy dữ liệu: NVL
[2026-01-18T03:14:45.505+0000] {logging_mixin.py:188} INFO -  Lỗi xử lý mã NVL: Failed to fetch data: 502 - Bad Gateway
[2026-01-18T03:14:45.506+0000] {logging_mixin.py:188} INFO -  >> Đang lấy dữ liệu: NVB
[2026-01-18T03:14:54.067+0000] {logging_mixin.py:188} INFO -  >> Đang lấy dữ liệu: NUE
[2026-01-18T03:14:59.744+0000] {logging_mixin.py:188} INFO - ❌ Lỗi income_statement: RetryError[<Future at 0x7f4f11ec0c20 state=finished raised KeyError>]
[2026-01-18T03:15:05.725+0000] {logging_mixin.py:188} INFO - ❌ Lỗi balance_sheet: RetryError[<Future at 0x7f4f11ec0ce0 state=finished raised KeyError>]
[2026-01-18T03:15:12.814+0000] {logging_mixin.py:188} INFO - ❌ Lỗi cash_flow: RetryError[<Future at 0x7f4f11ec0e60 state=finished raised KeyError>]
[2026-01-18T03:15:16.316+0000] {logging_mixin.py:188} INFO -  >> Đang lấy dữ liệu: NTW
[2026-01-18T03:15:22.539+0000] {logging_mixin.py:188} INFO - ❌ Lỗi income_statement: RetryError[<Future at 0x7f4f11ec2570 state=finished raised KeyError>]
[2026-01-18T03:15:28.730+0000] {logging_mixin.py:188} INFO - ❌ Lỗi balance_sheet: RetryError[<Future at 0x7f4f11ec3470 state=finished raised KeyError>]
[2026-01-18T03:15:34.961+0000] {logging_mixin.py:188} INFO - ❌ Lỗi cash_flow: RetryError[<Future at 0x7f4f11e24d10 state=finished raised KeyError>]
[2026-01-18T03:15:38.462+0000] {logging_mixin.py:188} INFO -  >> Đang lấy dữ liệu: NTT
[2026-01-18T03:15:51.465+0000] {logging_mixin.py:188} INFO -  >> Đang lấy dữ liệu: NTP
[2026-01-18T03:16:02.849+0000] {logging_mixin.py:188} INFO -  ⚠ Batch này không thu được dữ liệu nào.
[2026-01-18T03:16:02.850+0000] {datalake_df2csv.py:40} INFO - DataFrame rỗng, bỏ qua upload CSV.
[2026-01-18T03:16:02.851+0000] {taskinstance.py:441} INFO - ::group::Post task execution logs
[2026-01-18T03:16:02.871+0000] {taskinstance.py:1206} INFO - Marking task as SUCCESS. dag_id=bctc, task_id=ingest_bctc, run_id=scheduled__2026-01-11T00:00:00+00:00, map_index=37, execution_date=20260111T000000, start_date=20260118T031139, end_date=20260118T031602
[2026-01-18T03:16:03.038+0000] {local_task_job_runner.py:243} INFO - Task exited with return code 0
[2026-01-18T03:16:03.071+0000] {taskinstance.py:3503} INFO - 0 downstream tasks scheduled from follow-on schedule check
[2026-01-18T03:16:03.076+0000] {local_task_job_runner.py:222} INFO - ::endgroup::
