[2026-02-19T02:08:48.474+0000] {local_task_job_runner.py:120} INFO - ::group::Pre task execution logs
[2026-02-19T02:08:48.558+0000] {taskinstance.py:2076} INFO - Dependencies all met for dep_context=non-requeueable deps ti=<TaskInstance: minio_to_db_sync.sync_overview manual__2026-02-19T02:08:40.281363+00:00 [queued]>
[2026-02-19T02:08:48.599+0000] {taskinstance.py:2076} INFO - Dependencies all met for dep_context=requeueable deps ti=<TaskInstance: minio_to_db_sync.sync_overview manual__2026-02-19T02:08:40.281363+00:00 [queued]>
[2026-02-19T02:08:48.600+0000] {taskinstance.py:2306} INFO - Starting attempt 1 of 3
[2026-02-19T02:08:48.666+0000] {taskinstance.py:2330} INFO - Executing <Task(_PythonDecoratedOperator): sync_overview> on 2026-02-19 02:08:40.281363+00:00
[2026-02-19T02:08:48.772+0000] {standard_task_runner.py:90} INFO - Running: ['***', 'tasks', 'run', 'minio_to_db_sync', 'sync_overview', 'manual__2026-02-19T02:08:40.281363+00:00', '--job-id', '22358', '--raw', '--subdir', 'DAGS_FOLDER/minio_to_db_sync.py', '--cfg-path', '/tmp/tmpze9jigfk']
[2026-02-19T02:08:48.815+0000] {standard_task_runner.py:91} INFO - Job 22358: Subtask sync_overview
[2026-02-19T02:08:48.705+0000] {warnings.py:112} WARNING - This process (pid=120) is multi-threaded, use of fork() may lead to deadlocks in the child.

[2026-02-19T02:08:48.821+0000] {standard_task_runner.py:64} INFO - Started process 140 to run task
[2026-02-19T02:08:49.522+0000] {task_command.py:426} INFO - Running <TaskInstance: minio_to_db_sync.sync_overview manual__2026-02-19T02:08:40.281363+00:00 [running]> on host 9f4c085eef5c
[2026-02-19T02:08:51.342+0000] {taskinstance.py:2648} INFO - Exporting env vars: AIRFLOW_CTX_DAG_OWNER='***' AIRFLOW_CTX_DAG_ID='minio_to_db_sync' AIRFLOW_CTX_TASK_ID='sync_overview' AIRFLOW_CTX_EXECUTION_DATE='2026-02-19T02:08:40.281363+00:00' AIRFLOW_CTX_TRY_NUMBER='1' AIRFLOW_CTX_DAG_RUN_ID='manual__2026-02-19T02:08:40.281363+00:00'
[2026-02-19T02:08:51.357+0000] {taskinstance.py:430} INFO - ::endgroup::
[2026-02-19T02:08:51.424+0000] {logging_mixin.py:188} INFO - ======================================================================
[2026-02-19T02:08:51.432+0000] {logging_mixin.py:188} INFO - 📊 SYNC COMPANY OVERVIEW TO DATABASE
[2026-02-19T02:08:51.437+0000] {logging_mixin.py:188} INFO - ======================================================================
[2026-02-19T02:08:51.438+0000] {logging_mixin.py:188} INFO - 
[1/4] Finding latest partition...
[2026-02-19T02:08:51.493+0000] {base.py:84} INFO - Using connection ID 'minio_finance' for task execution.
[2026-02-19T02:08:51.495+0000] {connection_wrapper.py:384} INFO - AWS Connection (conn_id='minio_finance', conn_type='aws') credentials retrieved from login and password.
[2026-02-19T02:10:03.066+0000] {logging_mixin.py:188} INFO - 📂 Scanning 1407 objects in thongtin-congty-va-bctc/overview/
[2026-02-19T02:10:03.069+0000] {logging_mixin.py:188} INFO - 📅 Found 11 valid date partition(s): ['2025-12-30', '2026-01-01', '2026-01-04', '2026-01-11', '2026-01-12', '2026-01-13', '2026-01-15', '2026-01-18', '2026-01-19', '2026-02-01', '2026-02-08']
[2026-02-19T02:10:03.070+0000] {logging_mixin.py:188} INFO - ✅ Latest partition selected: overview/2026-02-08/
[2026-02-19T02:10:03.073+0000] {logging_mixin.py:188} INFO - 
[2/4] Reading CSV files...
[2026-02-19T02:10:03.085+0000] {base.py:84} INFO - Using connection ID 'minio_finance' for task execution.
[2026-02-19T02:10:03.086+0000] {connection_wrapper.py:384} INFO - AWS Connection (conn_id='minio_finance', conn_type='aws') credentials retrieved from login and password.
[2026-02-19T02:10:04.804+0000] {logging_mixin.py:188} INFO - ✓ Found 56 CSV files in thongtin-congty-va-bctc/overview/2026-02-08/
[2026-02-19T02:10:04.813+0000] {base.py:84} INFO - Using connection ID 'minio_finance' for task execution.
[2026-02-19T02:10:04.814+0000] {connection_wrapper.py:384} INFO - AWS Connection (conn_id='minio_finance', conn_type='aws') credentials retrieved from login and password.
[2026-02-19T02:10:04.939+0000] {logging_mixin.py:188} INFO - ✓ Read 20 rows from overview/2026-02-08/batch_0.csv
[2026-02-19T02:10:04.947+0000] {base.py:84} INFO - Using connection ID 'minio_finance' for task execution.
[2026-02-19T02:10:04.948+0000] {connection_wrapper.py:384} INFO - AWS Connection (conn_id='minio_finance', conn_type='aws') credentials retrieved from login and password.
[2026-02-19T02:10:05.073+0000] {logging_mixin.py:188} INFO - ✓ Read 20 rows from overview/2026-02-08/batch_1.csv
[2026-02-19T02:10:05.080+0000] {base.py:84} INFO - Using connection ID 'minio_finance' for task execution.
[2026-02-19T02:10:05.081+0000] {connection_wrapper.py:384} INFO - AWS Connection (conn_id='minio_finance', conn_type='aws') credentials retrieved from login and password.
[2026-02-19T02:10:05.185+0000] {logging_mixin.py:188} INFO - ✓ Read 17 rows from overview/2026-02-08/batch_10.csv
[2026-02-19T02:10:05.193+0000] {base.py:84} INFO - Using connection ID 'minio_finance' for task execution.
[2026-02-19T02:10:05.193+0000] {connection_wrapper.py:384} INFO - AWS Connection (conn_id='minio_finance', conn_type='aws') credentials retrieved from login and password.
[2026-02-19T02:10:05.307+0000] {logging_mixin.py:188} INFO - ✓ Read 20 rows from overview/2026-02-08/batch_13.csv
[2026-02-19T02:10:05.314+0000] {base.py:84} INFO - Using connection ID 'minio_finance' for task execution.
[2026-02-19T02:10:05.315+0000] {connection_wrapper.py:384} INFO - AWS Connection (conn_id='minio_finance', conn_type='aws') credentials retrieved from login and password.
[2026-02-19T02:10:05.446+0000] {logging_mixin.py:188} INFO - ✓ Read 20 rows from overview/2026-02-08/batch_14.csv
[2026-02-19T02:10:05.454+0000] {base.py:84} INFO - Using connection ID 'minio_finance' for task execution.
[2026-02-19T02:10:05.455+0000] {connection_wrapper.py:384} INFO - AWS Connection (conn_id='minio_finance', conn_type='aws') credentials retrieved from login and password.
[2026-02-19T02:10:05.598+0000] {logging_mixin.py:188} INFO - ✓ Read 20 rows from overview/2026-02-08/batch_16.csv
[2026-02-19T02:10:05.608+0000] {base.py:84} INFO - Using connection ID 'minio_finance' for task execution.
[2026-02-19T02:10:05.610+0000] {connection_wrapper.py:384} INFO - AWS Connection (conn_id='minio_finance', conn_type='aws') credentials retrieved from login and password.
[2026-02-19T02:10:05.884+0000] {logging_mixin.py:188} INFO - ✓ Read 19 rows from overview/2026-02-08/batch_17.csv
[2026-02-19T02:10:05.898+0000] {base.py:84} INFO - Using connection ID 'minio_finance' for task execution.
[2026-02-19T02:10:05.903+0000] {connection_wrapper.py:384} INFO - AWS Connection (conn_id='minio_finance', conn_type='aws') credentials retrieved from login and password.
[2026-02-19T02:10:06.166+0000] {logging_mixin.py:188} INFO - ✓ Read 19 rows from overview/2026-02-08/batch_19.csv
[2026-02-19T02:10:06.184+0000] {base.py:84} INFO - Using connection ID 'minio_finance' for task execution.
[2026-02-19T02:10:06.186+0000] {connection_wrapper.py:384} INFO - AWS Connection (conn_id='minio_finance', conn_type='aws') credentials retrieved from login and password.
[2026-02-19T02:10:06.347+0000] {logging_mixin.py:188} INFO - ✓ Read 20 rows from overview/2026-02-08/batch_2.csv
[2026-02-19T02:10:06.355+0000] {base.py:84} INFO - Using connection ID 'minio_finance' for task execution.
[2026-02-19T02:10:06.356+0000] {connection_wrapper.py:384} INFO - AWS Connection (conn_id='minio_finance', conn_type='aws') credentials retrieved from login and password.
[2026-02-19T02:10:06.490+0000] {logging_mixin.py:188} INFO - ✓ Read 19 rows from overview/2026-02-08/batch_20.csv
[2026-02-19T02:10:06.500+0000] {base.py:84} INFO - Using connection ID 'minio_finance' for task execution.
[2026-02-19T02:10:06.501+0000] {connection_wrapper.py:384} INFO - AWS Connection (conn_id='minio_finance', conn_type='aws') credentials retrieved from login and password.
[2026-02-19T02:10:06.639+0000] {logging_mixin.py:188} INFO - ✓ Read 19 rows from overview/2026-02-08/batch_21.csv
[2026-02-19T02:10:06.648+0000] {base.py:84} INFO - Using connection ID 'minio_finance' for task execution.
[2026-02-19T02:10:06.650+0000] {connection_wrapper.py:384} INFO - AWS Connection (conn_id='minio_finance', conn_type='aws') credentials retrieved from login and password.
[2026-02-19T02:10:07.269+0000] {logging_mixin.py:188} INFO - ✓ Read 20 rows from overview/2026-02-08/batch_22.csv
[2026-02-19T02:10:07.279+0000] {base.py:84} INFO - Using connection ID 'minio_finance' for task execution.
[2026-02-19T02:10:07.280+0000] {connection_wrapper.py:384} INFO - AWS Connection (conn_id='minio_finance', conn_type='aws') credentials retrieved from login and password.
[2026-02-19T02:10:07.469+0000] {logging_mixin.py:188} INFO - ✓ Read 20 rows from overview/2026-02-08/batch_23.csv
[2026-02-19T02:10:07.476+0000] {base.py:84} INFO - Using connection ID 'minio_finance' for task execution.
[2026-02-19T02:10:07.477+0000] {connection_wrapper.py:384} INFO - AWS Connection (conn_id='minio_finance', conn_type='aws') credentials retrieved from login and password.
[2026-02-19T02:10:07.575+0000] {logging_mixin.py:188} INFO - ✓ Read 20 rows from overview/2026-02-08/batch_26.csv
[2026-02-19T02:10:07.584+0000] {base.py:84} INFO - Using connection ID 'minio_finance' for task execution.
[2026-02-19T02:10:07.584+0000] {connection_wrapper.py:384} INFO - AWS Connection (conn_id='minio_finance', conn_type='aws') credentials retrieved from login and password.
[2026-02-19T02:10:07.710+0000] {logging_mixin.py:188} INFO - ✓ Read 20 rows from overview/2026-02-08/batch_28.csv
[2026-02-19T02:10:07.717+0000] {base.py:84} INFO - Using connection ID 'minio_finance' for task execution.
[2026-02-19T02:10:07.718+0000] {connection_wrapper.py:384} INFO - AWS Connection (conn_id='minio_finance', conn_type='aws') credentials retrieved from login and password.
[2026-02-19T02:10:07.831+0000] {logging_mixin.py:188} INFO - ✓ Read 20 rows from overview/2026-02-08/batch_29.csv
[2026-02-19T02:10:07.839+0000] {base.py:84} INFO - Using connection ID 'minio_finance' for task execution.
[2026-02-19T02:10:07.840+0000] {connection_wrapper.py:384} INFO - AWS Connection (conn_id='minio_finance', conn_type='aws') credentials retrieved from login and password.
[2026-02-19T02:10:07.945+0000] {logging_mixin.py:188} INFO - ✓ Read 20 rows from overview/2026-02-08/batch_3.csv
[2026-02-19T02:10:07.953+0000] {base.py:84} INFO - Using connection ID 'minio_finance' for task execution.
[2026-02-19T02:10:07.954+0000] {connection_wrapper.py:384} INFO - AWS Connection (conn_id='minio_finance', conn_type='aws') credentials retrieved from login and password.
[2026-02-19T02:10:08.068+0000] {logging_mixin.py:188} INFO - ✓ Read 20 rows from overview/2026-02-08/batch_30.csv
[2026-02-19T02:10:08.076+0000] {base.py:84} INFO - Using connection ID 'minio_finance' for task execution.
[2026-02-19T02:10:08.077+0000] {connection_wrapper.py:384} INFO - AWS Connection (conn_id='minio_finance', conn_type='aws') credentials retrieved from login and password.
[2026-02-19T02:10:08.184+0000] {logging_mixin.py:188} INFO - ✓ Read 20 rows from overview/2026-02-08/batch_31.csv
[2026-02-19T02:10:08.192+0000] {base.py:84} INFO - Using connection ID 'minio_finance' for task execution.
[2026-02-19T02:10:08.193+0000] {connection_wrapper.py:384} INFO - AWS Connection (conn_id='minio_finance', conn_type='aws') credentials retrieved from login and password.
[2026-02-19T02:10:08.285+0000] {logging_mixin.py:188} INFO - ✓ Read 20 rows from overview/2026-02-08/batch_32.csv
[2026-02-19T02:10:08.292+0000] {base.py:84} INFO - Using connection ID 'minio_finance' for task execution.
[2026-02-19T02:10:08.293+0000] {connection_wrapper.py:384} INFO - AWS Connection (conn_id='minio_finance', conn_type='aws') credentials retrieved from login and password.
[2026-02-19T02:10:08.405+0000] {logging_mixin.py:188} INFO - ✓ Read 20 rows from overview/2026-02-08/batch_34.csv
[2026-02-19T02:10:08.412+0000] {base.py:84} INFO - Using connection ID 'minio_finance' for task execution.
[2026-02-19T02:10:08.413+0000] {connection_wrapper.py:384} INFO - AWS Connection (conn_id='minio_finance', conn_type='aws') credentials retrieved from login and password.
[2026-02-19T02:10:08.531+0000] {logging_mixin.py:188} INFO - ✓ Read 20 rows from overview/2026-02-08/batch_35.csv
[2026-02-19T02:10:08.540+0000] {base.py:84} INFO - Using connection ID 'minio_finance' for task execution.
[2026-02-19T02:10:08.541+0000] {connection_wrapper.py:384} INFO - AWS Connection (conn_id='minio_finance', conn_type='aws') credentials retrieved from login and password.
[2026-02-19T02:10:08.683+0000] {logging_mixin.py:188} INFO - ✓ Read 20 rows from overview/2026-02-08/batch_36.csv
[2026-02-19T02:10:08.694+0000] {base.py:84} INFO - Using connection ID 'minio_finance' for task execution.
[2026-02-19T02:10:08.695+0000] {connection_wrapper.py:384} INFO - AWS Connection (conn_id='minio_finance', conn_type='aws') credentials retrieved from login and password.
[2026-02-19T02:10:08.827+0000] {logging_mixin.py:188} INFO - ✓ Read 20 rows from overview/2026-02-08/batch_38.csv
[2026-02-19T02:10:08.834+0000] {base.py:84} INFO - Using connection ID 'minio_finance' for task execution.
[2026-02-19T02:10:08.835+0000] {connection_wrapper.py:384} INFO - AWS Connection (conn_id='minio_finance', conn_type='aws') credentials retrieved from login and password.
[2026-02-19T02:10:09.372+0000] {logging_mixin.py:188} INFO - ✓ Read 20 rows from overview/2026-02-08/batch_39.csv
[2026-02-19T02:10:09.379+0000] {base.py:84} INFO - Using connection ID 'minio_finance' for task execution.
[2026-02-19T02:10:09.381+0000] {connection_wrapper.py:384} INFO - AWS Connection (conn_id='minio_finance', conn_type='aws') credentials retrieved from login and password.
[2026-02-19T02:10:09.497+0000] {logging_mixin.py:188} INFO - ✓ Read 20 rows from overview/2026-02-08/batch_4.csv
[2026-02-19T02:10:09.505+0000] {base.py:84} INFO - Using connection ID 'minio_finance' for task execution.
[2026-02-19T02:10:09.506+0000] {connection_wrapper.py:384} INFO - AWS Connection (conn_id='minio_finance', conn_type='aws') credentials retrieved from login and password.
[2026-02-19T02:10:09.621+0000] {logging_mixin.py:188} INFO - ✓ Read 20 rows from overview/2026-02-08/batch_40.csv
[2026-02-19T02:10:09.627+0000] {base.py:84} INFO - Using connection ID 'minio_finance' for task execution.
[2026-02-19T02:10:09.628+0000] {connection_wrapper.py:384} INFO - AWS Connection (conn_id='minio_finance', conn_type='aws') credentials retrieved from login and password.
[2026-02-19T02:10:09.761+0000] {logging_mixin.py:188} INFO - ✓ Read 19 rows from overview/2026-02-08/batch_41.csv
[2026-02-19T02:10:09.770+0000] {base.py:84} INFO - Using connection ID 'minio_finance' for task execution.
[2026-02-19T02:10:09.771+0000] {connection_wrapper.py:384} INFO - AWS Connection (conn_id='minio_finance', conn_type='aws') credentials retrieved from login and password.
[2026-02-19T02:10:09.887+0000] {logging_mixin.py:188} INFO - ✓ Read 20 rows from overview/2026-02-08/batch_42.csv
[2026-02-19T02:10:09.894+0000] {base.py:84} INFO - Using connection ID 'minio_finance' for task execution.
[2026-02-19T02:10:09.895+0000] {connection_wrapper.py:384} INFO - AWS Connection (conn_id='minio_finance', conn_type='aws') credentials retrieved from login and password.
[2026-02-19T02:10:09.999+0000] {logging_mixin.py:188} INFO - ✓ Read 20 rows from overview/2026-02-08/batch_43.csv
[2026-02-19T02:10:10.006+0000] {base.py:84} INFO - Using connection ID 'minio_finance' for task execution.
[2026-02-19T02:10:10.007+0000] {connection_wrapper.py:384} INFO - AWS Connection (conn_id='minio_finance', conn_type='aws') credentials retrieved from login and password.
[2026-02-19T02:10:10.110+0000] {logging_mixin.py:188} INFO - ✓ Read 20 rows from overview/2026-02-08/batch_44.csv
[2026-02-19T02:10:10.117+0000] {base.py:84} INFO - Using connection ID 'minio_finance' for task execution.
[2026-02-19T02:10:10.118+0000] {connection_wrapper.py:384} INFO - AWS Connection (conn_id='minio_finance', conn_type='aws') credentials retrieved from login and password.
[2026-02-19T02:10:10.210+0000] {logging_mixin.py:188} INFO - ✓ Read 20 rows from overview/2026-02-08/batch_45.csv
[2026-02-19T02:10:10.217+0000] {base.py:84} INFO - Using connection ID 'minio_finance' for task execution.
[2026-02-19T02:10:10.219+0000] {connection_wrapper.py:384} INFO - AWS Connection (conn_id='minio_finance', conn_type='aws') credentials retrieved from login and password.
[2026-02-19T02:10:10.318+0000] {logging_mixin.py:188} INFO - ✓ Read 20 rows from overview/2026-02-08/batch_46.csv
[2026-02-19T02:10:10.325+0000] {base.py:84} INFO - Using connection ID 'minio_finance' for task execution.
[2026-02-19T02:10:10.326+0000] {connection_wrapper.py:384} INFO - AWS Connection (conn_id='minio_finance', conn_type='aws') credentials retrieved from login and password.
[2026-02-19T02:10:10.440+0000] {logging_mixin.py:188} INFO - ✓ Read 20 rows from overview/2026-02-08/batch_47.csv
[2026-02-19T02:10:10.447+0000] {base.py:84} INFO - Using connection ID 'minio_finance' for task execution.
[2026-02-19T02:10:10.448+0000] {connection_wrapper.py:384} INFO - AWS Connection (conn_id='minio_finance', conn_type='aws') credentials retrieved from login and password.
[2026-02-19T02:10:10.555+0000] {logging_mixin.py:188} INFO - ✓ Read 20 rows from overview/2026-02-08/batch_48.csv
[2026-02-19T02:10:10.563+0000] {base.py:84} INFO - Using connection ID 'minio_finance' for task execution.
[2026-02-19T02:10:10.563+0000] {connection_wrapper.py:384} INFO - AWS Connection (conn_id='minio_finance', conn_type='aws') credentials retrieved from login and password.
[2026-02-19T02:10:10.672+0000] {logging_mixin.py:188} INFO - ✓ Read 20 rows from overview/2026-02-08/batch_49.csv
[2026-02-19T02:10:10.680+0000] {base.py:84} INFO - Using connection ID 'minio_finance' for task execution.
[2026-02-19T02:10:10.681+0000] {connection_wrapper.py:384} INFO - AWS Connection (conn_id='minio_finance', conn_type='aws') credentials retrieved from login and password.
[2026-02-19T02:10:10.789+0000] {logging_mixin.py:188} INFO - ✓ Read 20 rows from overview/2026-02-08/batch_5.csv
[2026-02-19T02:10:10.797+0000] {base.py:84} INFO - Using connection ID 'minio_finance' for task execution.
[2026-02-19T02:10:10.798+0000] {connection_wrapper.py:384} INFO - AWS Connection (conn_id='minio_finance', conn_type='aws') credentials retrieved from login and password.
[2026-02-19T02:10:10.909+0000] {logging_mixin.py:188} INFO - ✓ Read 20 rows from overview/2026-02-08/batch_52.csv
[2026-02-19T02:10:10.917+0000] {base.py:84} INFO - Using connection ID 'minio_finance' for task execution.
[2026-02-19T02:10:10.918+0000] {connection_wrapper.py:384} INFO - AWS Connection (conn_id='minio_finance', conn_type='aws') credentials retrieved from login and password.
[2026-02-19T02:10:11.498+0000] {logging_mixin.py:188} INFO - ✓ Read 20 rows from overview/2026-02-08/batch_54.csv
[2026-02-19T02:10:11.505+0000] {base.py:84} INFO - Using connection ID 'minio_finance' for task execution.
[2026-02-19T02:10:11.506+0000] {connection_wrapper.py:384} INFO - AWS Connection (conn_id='minio_finance', conn_type='aws') credentials retrieved from login and password.
[2026-02-19T02:10:11.620+0000] {logging_mixin.py:188} INFO - ✓ Read 20 rows from overview/2026-02-08/batch_55.csv
[2026-02-19T02:10:11.627+0000] {base.py:84} INFO - Using connection ID 'minio_finance' for task execution.
[2026-02-19T02:10:11.628+0000] {connection_wrapper.py:384} INFO - AWS Connection (conn_id='minio_finance', conn_type='aws') credentials retrieved from login and password.
[2026-02-19T02:10:11.756+0000] {logging_mixin.py:188} INFO - ✓ Read 20 rows from overview/2026-02-08/batch_58.csv
[2026-02-19T02:10:11.763+0000] {base.py:84} INFO - Using connection ID 'minio_finance' for task execution.
[2026-02-19T02:10:11.764+0000] {connection_wrapper.py:384} INFO - AWS Connection (conn_id='minio_finance', conn_type='aws') credentials retrieved from login and password.
[2026-02-19T02:10:11.916+0000] {logging_mixin.py:188} INFO - ✓ Read 20 rows from overview/2026-02-08/batch_59.csv
[2026-02-19T02:10:11.926+0000] {base.py:84} INFO - Using connection ID 'minio_finance' for task execution.
[2026-02-19T02:10:11.927+0000] {connection_wrapper.py:384} INFO - AWS Connection (conn_id='minio_finance', conn_type='aws') credentials retrieved from login and password.
[2026-02-19T02:10:12.094+0000] {logging_mixin.py:188} INFO - ✓ Read 20 rows from overview/2026-02-08/batch_6.csv
[2026-02-19T02:10:12.107+0000] {base.py:84} INFO - Using connection ID 'minio_finance' for task execution.
[2026-02-19T02:10:12.109+0000] {connection_wrapper.py:384} INFO - AWS Connection (conn_id='minio_finance', conn_type='aws') credentials retrieved from login and password.
[2026-02-19T02:10:12.449+0000] {logging_mixin.py:188} INFO - ✓ Read 20 rows from overview/2026-02-08/batch_62.csv
[2026-02-19T02:10:12.460+0000] {base.py:84} INFO - Using connection ID 'minio_finance' for task execution.
[2026-02-19T02:10:12.462+0000] {connection_wrapper.py:384} INFO - AWS Connection (conn_id='minio_finance', conn_type='aws') credentials retrieved from login and password.
[2026-02-19T02:10:12.685+0000] {logging_mixin.py:188} INFO - ✓ Read 20 rows from overview/2026-02-08/batch_64.csv
[2026-02-19T02:10:12.696+0000] {base.py:84} INFO - Using connection ID 'minio_finance' for task execution.
[2026-02-19T02:10:12.697+0000] {connection_wrapper.py:384} INFO - AWS Connection (conn_id='minio_finance', conn_type='aws') credentials retrieved from login and password.
[2026-02-19T02:10:12.834+0000] {logging_mixin.py:188} INFO - ✓ Read 18 rows from overview/2026-02-08/batch_65.csv
[2026-02-19T02:10:12.842+0000] {base.py:84} INFO - Using connection ID 'minio_finance' for task execution.
[2026-02-19T02:10:12.843+0000] {connection_wrapper.py:384} INFO - AWS Connection (conn_id='minio_finance', conn_type='aws') credentials retrieved from login and password.
[2026-02-19T02:10:12.985+0000] {logging_mixin.py:188} INFO - ✓ Read 20 rows from overview/2026-02-08/batch_67.csv
[2026-02-19T02:10:12.995+0000] {base.py:84} INFO - Using connection ID 'minio_finance' for task execution.
[2026-02-19T02:10:12.997+0000] {connection_wrapper.py:384} INFO - AWS Connection (conn_id='minio_finance', conn_type='aws') credentials retrieved from login and password.
[2026-02-19T02:10:13.140+0000] {logging_mixin.py:188} INFO - ✓ Read 20 rows from overview/2026-02-08/batch_68.csv
[2026-02-19T02:10:13.151+0000] {base.py:84} INFO - Using connection ID 'minio_finance' for task execution.
[2026-02-19T02:10:13.152+0000] {connection_wrapper.py:384} INFO - AWS Connection (conn_id='minio_finance', conn_type='aws') credentials retrieved from login and password.
[2026-02-19T02:10:13.273+0000] {logging_mixin.py:188} INFO - ✓ Read 20 rows from overview/2026-02-08/batch_71.csv
[2026-02-19T02:10:13.280+0000] {base.py:84} INFO - Using connection ID 'minio_finance' for task execution.
[2026-02-19T02:10:13.282+0000] {connection_wrapper.py:384} INFO - AWS Connection (conn_id='minio_finance', conn_type='aws') credentials retrieved from login and password.
[2026-02-19T02:10:13.424+0000] {logging_mixin.py:188} INFO - ✓ Read 20 rows from overview/2026-02-08/batch_72.csv
[2026-02-19T02:10:13.434+0000] {base.py:84} INFO - Using connection ID 'minio_finance' for task execution.
[2026-02-19T02:10:13.435+0000] {connection_wrapper.py:384} INFO - AWS Connection (conn_id='minio_finance', conn_type='aws') credentials retrieved from login and password.
[2026-02-19T02:10:13.549+0000] {logging_mixin.py:188} INFO - ✓ Read 20 rows from overview/2026-02-08/batch_73.csv
[2026-02-19T02:10:13.557+0000] {base.py:84} INFO - Using connection ID 'minio_finance' for task execution.
[2026-02-19T02:10:13.558+0000] {connection_wrapper.py:384} INFO - AWS Connection (conn_id='minio_finance', conn_type='aws') credentials retrieved from login and password.
[2026-02-19T02:10:14.187+0000] {logging_mixin.py:188} INFO - ✓ Read 20 rows from overview/2026-02-08/batch_74.csv
[2026-02-19T02:10:14.195+0000] {base.py:84} INFO - Using connection ID 'minio_finance' for task execution.
[2026-02-19T02:10:14.196+0000] {connection_wrapper.py:384} INFO - AWS Connection (conn_id='minio_finance', conn_type='aws') credentials retrieved from login and password.
[2026-02-19T02:10:14.317+0000] {logging_mixin.py:188} INFO - ✓ Read 20 rows from overview/2026-02-08/batch_76.csv
[2026-02-19T02:10:14.324+0000] {base.py:84} INFO - Using connection ID 'minio_finance' for task execution.
[2026-02-19T02:10:14.325+0000] {connection_wrapper.py:384} INFO - AWS Connection (conn_id='minio_finance', conn_type='aws') credentials retrieved from login and password.
[2026-02-19T02:10:14.435+0000] {logging_mixin.py:188} INFO - ✓ Read 13 rows from overview/2026-02-08/batch_77.csv
[2026-02-19T02:10:14.442+0000] {base.py:84} INFO - Using connection ID 'minio_finance' for task execution.
[2026-02-19T02:10:14.443+0000] {connection_wrapper.py:384} INFO - AWS Connection (conn_id='minio_finance', conn_type='aws') credentials retrieved from login and password.
[2026-02-19T02:10:14.553+0000] {logging_mixin.py:188} INFO - ✓ Read 20 rows from overview/2026-02-08/batch_8.csv
[2026-02-19T02:10:14.563+0000] {base.py:84} INFO - Using connection ID 'minio_finance' for task execution.
[2026-02-19T02:10:14.564+0000] {connection_wrapper.py:384} INFO - AWS Connection (conn_id='minio_finance', conn_type='aws') credentials retrieved from login and password.
[2026-02-19T02:10:14.694+0000] {logging_mixin.py:188} INFO - ✓ Read 20 rows from overview/2026-02-08/batch_9.csv
[2026-02-19T02:10:14.701+0000] {logging_mixin.py:188} INFO - ✓ Concatenated 56 files into 1103 total rows
[2026-02-19T02:10:14.702+0000] {logging_mixin.py:188} INFO - Loaded 1103 rows
[2026-02-19T02:10:14.703+0000] {logging_mixin.py:188} INFO - 
[3/4] Cleaning and transforming data...
[2026-02-19T02:10:14.718+0000] {logging_mixin.py:188} INFO - After cleaning: 1103 rows
[2026-02-19T02:10:14.719+0000] {logging_mixin.py:188} INFO - 
[4/4] Inserting into database...
[2026-02-19T02:10:14.728+0000] {logging_mixin.py:188} INFO - ✓ Schema hethong_phantich_chungkhoan ensured
[2026-02-19T02:10:14.876+0000] {logging_mixin.py:188} INFO - ✅ Upserted 1103 rows
[2026-02-19T02:10:14.878+0000] {python.py:237} INFO - Done. Returned value was: ✅ Success: 1103 rows
[2026-02-19T02:10:14.878+0000] {taskinstance.py:441} INFO - ::group::Post task execution logs
[2026-02-19T02:10:14.912+0000] {taskinstance.py:1206} INFO - Marking task as SUCCESS. dag_id=minio_to_db_sync, task_id=sync_overview, run_id=manual__2026-02-19T02:08:40.281363+00:00, execution_date=20260219T020840, start_date=20260219T020848, end_date=20260219T021014
[2026-02-19T02:10:15.001+0000] {local_task_job_runner.py:243} INFO - Task exited with return code 0
[2026-02-19T02:10:15.037+0000] {taskinstance.py:3503} INFO - 0 downstream tasks scheduled from follow-on schedule check
[2026-02-19T02:10:15.041+0000] {local_task_job_runner.py:222} INFO - ::endgroup::
