[2026-02-22T02:05:41.710+0000] {local_task_job_runner.py:120} INFO - ::group::Pre task execution logs
[2026-02-22T02:05:41.788+0000] {taskinstance.py:2076} INFO - Dependencies all met for dep_context=non-requeueable deps ti=<TaskInstance: daily_price_minio.ingest_daily_price scheduled__2026-02-16T16:00:00+00:00 map_index=9 [queued]>
[2026-02-22T02:05:41.848+0000] {taskinstance.py:2076} INFO - Dependencies all met for dep_context=requeueable deps ti=<TaskInstance: daily_price_minio.ingest_daily_price scheduled__2026-02-16T16:00:00+00:00 map_index=9 [queued]>
[2026-02-22T02:05:41.852+0000] {taskinstance.py:2306} INFO - Starting attempt 1 of 2
[2026-02-22T02:05:41.926+0000] {taskinstance.py:2330} INFO - Executing <Mapped(DfToCsvOperator): ingest_daily_price> on 2026-02-16 16:00:00+00:00
[2026-02-22T02:05:41.992+0000] {warnings.py:112} WARNING - This process (pid=275) is multi-threaded, use of fork() may lead to deadlocks in the child.

[2026-02-22T02:05:42.009+0000] {standard_task_runner.py:64} INFO - Started process 318 to run task
[2026-02-22T02:05:42.001+0000] {standard_task_runner.py:90} INFO - Running: ['***', 'tasks', 'run', 'daily_price_minio', 'ingest_daily_price', 'scheduled__2026-02-16T16:00:00+00:00', '--job-id', '22678', '--raw', '--subdir', 'DAGS_FOLDER/dl_dailly_price.py', '--cfg-path', '/tmp/tmpb22_lwka', '--map-index', '9']
[2026-02-22T02:05:42.021+0000] {standard_task_runner.py:91} INFO - Job 22678: Subtask ingest_daily_price
[2026-02-22T02:05:42.193+0000] {task_command.py:426} INFO - Running <TaskInstance: daily_price_minio.ingest_daily_price scheduled__2026-02-16T16:00:00+00:00 map_index=9 [running]> on host 1b22f72dc705
[2026-02-22T02:05:42.530+0000] {taskinstance.py:2648} INFO - Exporting env vars: AIRFLOW_CTX_DAG_OWNER='***' AIRFLOW_CTX_DAG_ID='daily_price_minio' AIRFLOW_CTX_TASK_ID='ingest_daily_price' AIRFLOW_CTX_EXECUTION_DATE='2026-02-16T16:00:00+00:00' AIRFLOW_CTX_TRY_NUMBER='1' AIRFLOW_CTX_DAG_RUN_ID='scheduled__2026-02-16T16:00:00+00:00'
[2026-02-22T02:05:42.534+0000] {taskinstance.py:430} INFO - ::endgroup::
[2026-02-22T02:05:42.535+0000] {datalake_df2csv.py:40} INFO - ================================================================================
[2026-02-22T02:05:42.537+0000] {datalake_df2csv.py:41} INFO - 🚀 BẮT ĐẦU TASK: ingest_daily_price
[2026-02-22T02:05:42.539+0000] {datalake_df2csv.py:42} INFO - ================================================================================
[2026-02-22T02:05:42.541+0000] {datalake_df2csv.py:43} INFO - 📋 Thông tin cấu hình:
[2026-02-22T02:05:42.541+0000] {datalake_df2csv.py:44} INFO -   - Logic file: history_price
[2026-02-22T02:05:42.542+0000] {datalake_df2csv.py:45} INFO -   - DataFrame name: get_history_price_batch
[2026-02-22T02:05:42.544+0000] {datalake_df2csv.py:46} INFO -   - Bucket: thongtin-congty-va-bctc
[2026-02-22T02:05:42.544+0000] {datalake_df2csv.py:47} INFO -   - Object path: daily_price/2026-02-16/batch_9.csv
[2026-02-22T02:05:42.545+0000] {datalake_df2csv.py:48} INFO -   - Connection ID: minio_finance
[2026-02-22T02:05:42.547+0000] {datalake_df2csv.py:49} INFO -   - Tham số truyền vào: {'symbols': ['VTK', 'PTD', 'HUG', 'BHC', 'HBH'], 'start_date': '2026-02-16', 'end_date': '2026-02-17'}
[2026-02-22T02:05:42.549+0000] {datalake_df2csv.py:50} INFO - --------------------------------------------------------------------------------
[2026-02-22T02:05:42.550+0000] {datalake_df2csv.py:54} INFO - 📥 Bước 1: Đang load dữ liệu từ logic file...
[2026-02-22T02:05:42.583+0000] {datalake_df2csv.py:148} INFO -   - Logic directory: /opt/airflow/plugins/logic
[2026-02-22T02:05:42.584+0000] {datalake_df2csv.py:149} INFO -   - Module path: /opt/airflow/plugins/logic/history_price.py
[2026-02-22T02:05:42.585+0000] {datalake_df2csv.py:153} INFO -   - Đã thêm logic directory vào sys.path
[2026-02-22T02:05:42.602+0000] {datalake_df2csv.py:159} INFO -   - Đang load module 'history_price'...
[2026-02-22T02:05:42.622+0000] {datalake_df2csv.py:163} INFO -   - ✅ Module loaded thành công
[2026-02-22T02:05:42.623+0000] {datalake_df2csv.py:165} INFO -   - Đang tìm DataFrame/function: 'get_history_price_batch'...
[2026-02-22T02:05:42.623+0000] {datalake_df2csv.py:170} INFO -   - ✅ Tìm thấy object: function
[2026-02-22T02:05:42.624+0000] {datalake_df2csv.py:173} INFO -   - Đang gọi function với tham số: {'symbols': ['VTK', 'PTD', 'HUG', 'BHC', 'HBH'], 'start_date': '2026-02-16', 'end_date': '2026-02-17'}
[2026-02-22T02:05:51.388+0000] {datalake_df2csv.py:68} INFO - ✅ Load dữ liệu thành công!
[2026-02-22T02:05:51.389+0000] {datalake_df2csv.py:69} INFO - 📊 Thông tin DataFrame:
[2026-02-22T02:05:51.390+0000] {datalake_df2csv.py:70} INFO -   - Số dòng: 20
[2026-02-22T02:05:51.391+0000] {datalake_df2csv.py:71} INFO -   - Số cột: 7
[2026-02-22T02:05:51.392+0000] {datalake_df2csv.py:72} INFO -   - Tên các cột: ['ticker', 'trading_date', 'open', 'high', 'low', 'close', 'volume']
[2026-02-22T02:05:51.393+0000] {datalake_df2csv.py:73} INFO -   - Kiểu dữ liệu: {'ticker': 'object', 'trading_date': 'object', 'open': 'float64', 'high': 'float64', 'low': 'float64', 'close': 'float64', 'volume': 'int64'}
[2026-02-22T02:05:51.397+0000] {datalake_df2csv.py:74} INFO -   - Bộ nhớ sử dụng: 0.00 MB
[2026-02-22T02:05:51.403+0000] {datalake_df2csv.py:83} INFO -   - Không có giá trị NULL
[2026-02-22T02:05:51.404+0000] {datalake_df2csv.py:86} INFO -   - Mẫu dữ liệu (5 dòng đầu):
[2026-02-22T02:05:51.405+0000] {datalake_df2csv.py:88} INFO -     Row 0: {'ticker': 'VTK', 'trading_date': '2026-02-10', 'open': 53.8, 'high': 55.9, 'low': 53.0, 'close': 53.0, 'volume': 17300}
[2026-02-22T02:05:51.406+0000] {datalake_df2csv.py:88} INFO -     Row 1: {'ticker': 'VTK', 'trading_date': '2026-02-11', 'open': 53.6, 'high': 54.5, 'low': 52.6, 'close': 54.5, 'volume': 15700}
[2026-02-22T02:05:51.407+0000] {datalake_df2csv.py:88} INFO -     Row 2: {'ticker': 'VTK', 'trading_date': '2026-02-12', 'open': 53.3, 'high': 53.4, 'low': 52.7, 'close': 52.8, 'volume': 7500}
[2026-02-22T02:05:51.407+0000] {datalake_df2csv.py:88} INFO -     Row 3: {'ticker': 'VTK', 'trading_date': '2026-02-13', 'open': 53.5, 'high': 53.7, 'low': 52.8, 'close': 53.0, 'volume': 13900}
[2026-02-22T02:05:51.408+0000] {datalake_df2csv.py:88} INFO -     Row 4: {'ticker': 'PTD', 'trading_date': '2026-02-02', 'open': 7.5, 'high': 7.8, 'low': 7.5, 'close': 7.5, 'volume': 14000}
[2026-02-22T02:05:51.409+0000] {datalake_df2csv.py:90} INFO - --------------------------------------------------------------------------------
[2026-02-22T02:05:51.410+0000] {datalake_df2csv.py:93} INFO - 📝 Bước 2: Đang chuyển đổi DataFrame sang CSV...
[2026-02-22T02:05:51.438+0000] {datalake_df2csv.py:97} INFO - ✅ Chuyển đổi CSV thành công!
[2026-02-22T02:05:51.441+0000] {datalake_df2csv.py:98} INFO -   - Kích thước file: 0.00 MB
[2026-02-22T02:05:51.442+0000] {datalake_df2csv.py:99} INFO -   - Thời gian chuyển đổi: 0.03 giây
[2026-02-22T02:05:51.443+0000] {datalake_df2csv.py:100} INFO - --------------------------------------------------------------------------------
[2026-02-22T02:05:51.446+0000] {datalake_df2csv.py:103} INFO - ☁️  Bước 3: Đang upload lên MinIO/S3...
[2026-02-22T02:05:51.509+0000] {base.py:84} INFO - Using connection ID 'minio_finance' for task execution.
[2026-02-22T02:05:51.518+0000] {connection_wrapper.py:384} INFO - AWS Connection (conn_id='minio_finance', conn_type='aws') credentials retrieved from login and password.
[2026-02-22T02:05:53.106+0000] {datalake_df2csv.py:112} INFO -   - Bucket 'thongtin-congty-va-bctc' đã tồn tại
[2026-02-22T02:05:53.227+0000] {datalake_df2csv.py:117} INFO - ✅ Upload thành công!
[2026-02-22T02:05:53.228+0000] {datalake_df2csv.py:118} INFO -   - Đường dẫn: s3://thongtin-congty-va-bctc/daily_price/2026-02-16/batch_9.csv
[2026-02-22T02:05:53.230+0000] {datalake_df2csv.py:119} INFO -   - Số dòng: 20
[2026-02-22T02:05:53.231+0000] {datalake_df2csv.py:120} INFO -   - Thời gian upload: 1.78 giây
[2026-02-22T02:05:53.232+0000] {datalake_df2csv.py:121} INFO - --------------------------------------------------------------------------------
[2026-02-22T02:05:53.233+0000] {datalake_df2csv.py:125} INFO - 📈 TỔNG KẾT:
[2026-02-22T02:05:53.234+0000] {datalake_df2csv.py:126} INFO -   - Tổng thời gian thực thi: 10.70 giây
[2026-02-22T02:05:53.235+0000] {datalake_df2csv.py:127} INFO -   - Tốc độ xử lý: 2 dòng/giây
[2026-02-22T02:05:53.235+0000] {datalake_df2csv.py:128} INFO - ================================================================================
[2026-02-22T02:05:53.235+0000] {datalake_df2csv.py:129} INFO - ✅ HOÀN THÀNH TASK: ingest_daily_price
[2026-02-22T02:05:53.236+0000] {datalake_df2csv.py:130} INFO - ================================================================================
[2026-02-22T02:05:53.237+0000] {taskinstance.py:441} INFO - ::group::Post task execution logs
[2026-02-22T02:05:53.258+0000] {taskinstance.py:1206} INFO - Marking task as SUCCESS. dag_id=daily_price_minio, task_id=ingest_daily_price, run_id=scheduled__2026-02-16T16:00:00+00:00, map_index=9, execution_date=20260216T160000, start_date=20260222T020541, end_date=20260222T020553
[2026-02-22T02:05:53.465+0000] {local_task_job_runner.py:243} INFO - Task exited with return code 0
[2026-02-22T02:05:53.474+0000] {local_task_job_runner.py:222} INFO - ::endgroup::
