[2026-02-26T14:26:34.849+0000] {local_task_job_runner.py:120} INFO - ::group::Pre task execution logs
[2026-02-26T14:26:34.900+0000] {taskinstance.py:2076} INFO - Dependencies all met for dep_context=non-requeueable deps ti=<TaskInstance: bctc.ingest_bctc manual__2026-02-26T14:26:15+00:00 map_index=11 [queued]>
[2026-02-26T14:26:34.932+0000] {taskinstance.py:2076} INFO - Dependencies all met for dep_context=requeueable deps ti=<TaskInstance: bctc.ingest_bctc manual__2026-02-26T14:26:15+00:00 map_index=11 [queued]>
[2026-02-26T14:26:34.958+0000] {taskinstance.py:2306} INFO - Starting attempt 1 of 4
[2026-02-26T14:26:35.018+0000] {taskinstance.py:2330} INFO - Executing <Mapped(DfToCsvOperator): ingest_bctc> on 2026-02-26 14:26:15+00:00
[2026-02-26T14:26:35.044+0000] {warnings.py:112} WARNING - This process (pid=95) is multi-threaded, use of fork() may lead to deadlocks in the child.

[2026-02-26T14:26:35.050+0000] {standard_task_runner.py:64} INFO - Started process 115 to run task
[2026-02-26T14:26:35.049+0000] {standard_task_runner.py:90} INFO - Running: ['***', 'tasks', 'run', 'bctc', 'ingest_bctc', 'manual__2026-02-26T14:26:15+00:00', '--job-id', '27341', '--raw', '--subdir', 'DAGS_FOLDER/dl_bctc.py', '--cfg-path', '/tmp/tmpug72hed_', '--map-index', '11']
[2026-02-26T14:26:35.055+0000] {standard_task_runner.py:91} INFO - Job 27341: Subtask ingest_bctc
[2026-02-26T14:26:35.259+0000] {task_command.py:426} INFO - Running <TaskInstance: bctc.ingest_bctc manual__2026-02-26T14:26:15+00:00 map_index=11 [running]> on host 3712393133aa
[2026-02-26T14:26:36.049+0000] {taskinstance.py:2648} INFO - Exporting env vars: AIRFLOW_CTX_DAG_OWNER='***' AIRFLOW_CTX_DAG_ID='bctc' AIRFLOW_CTX_TASK_ID='ingest_bctc' AIRFLOW_CTX_EXECUTION_DATE='2026-02-26T14:26:15+00:00' AIRFLOW_CTX_TRY_NUMBER='1' AIRFLOW_CTX_DAG_RUN_ID='manual__2026-02-26T14:26:15+00:00'
[2026-02-26T14:26:36.068+0000] {taskinstance.py:430} INFO - ::endgroup::
[2026-02-26T14:26:36.071+0000] {datalake_df2csv.py:40} INFO - ================================================================================
[2026-02-26T14:26:36.085+0000] {datalake_df2csv.py:41} INFO - 🚀 BẮT ĐẦU TASK: ingest_bctc
[2026-02-26T14:26:36.086+0000] {datalake_df2csv.py:42} INFO - ================================================================================
[2026-02-26T14:26:36.093+0000] {datalake_df2csv.py:43} INFO - 📋 Thông tin cấu hình:
[2026-02-26T14:26:36.096+0000] {datalake_df2csv.py:44} INFO -   - Logic file: bctc
[2026-02-26T14:26:36.098+0000] {datalake_df2csv.py:45} INFO -   - DataFrame name: get_financial_reports
[2026-02-26T14:26:36.099+0000] {datalake_df2csv.py:46} INFO -   - Bucket: thongtin-congty-va-bctc
[2026-02-26T14:26:36.100+0000] {datalake_df2csv.py:47} INFO -   - Object path: bctc/2022/Q1/batch_11.csv
[2026-02-26T14:26:36.101+0000] {datalake_df2csv.py:48} INFO -   - Connection ID: minio_finance
[2026-02-26T14:26:36.103+0000] {datalake_df2csv.py:49} INFO -   - Tham số truyền vào: {'symbols': ['VEA', 'KLB', 'HAC', 'TCI', 'MRF', 'PMP', 'DQC', 'TMC', 'PCG', 'S12', 'SGP', 'PTO', 'ITA', 'TJC', 'MKV', 'HLT', 'TCJ', 'PLA', 'C12', 'GVR', 'DAD', 'VCG', 'HLA', 'WCS', 'LAF', 'VPL', 'BIG', 'ACG', 'SBS', 'DDV', 'IHK', 'VPX', 'VIH', 'THN', 'HFX', 'NSC', 'ACV', 'S74', 'VTB', 'PRE', 'LPT', 'LNC', 'VCI', 'SMC', 'CHC', 'EVF', 'CTD', 'HEJ', 'MNB', 'VTJ', 'NO1', 'PGB', 'DTT', 'WSB', 'SGI', 'NUE', 'HHP', 'ITC', 'PVB', 'BWE', 'KST', 'BID', 'NST', 'CK8', 'NAB', 'BMC', 'SZB', 'DHM', 'VRG', 'CFM', 'HPG', 'VPW', 'DND', 'VCP', 'PGT', 'IDI', 'HPI', 'DTG'], 'current_year': '2022', 'current_quarter': '1', 'batch_index': 11, 'num_batches': 20}
[2026-02-26T14:26:36.104+0000] {datalake_df2csv.py:50} INFO - --------------------------------------------------------------------------------
[2026-02-26T14:26:36.118+0000] {datalake_df2csv.py:54} INFO - 📥 Bước 1: Đang load dữ liệu từ logic file...
[2026-02-26T14:26:36.140+0000] {datalake_df2csv.py:148} INFO -   - Logic directory: /opt/airflow/plugins/logic
[2026-02-26T14:26:36.141+0000] {datalake_df2csv.py:149} INFO -   - Module path: /opt/airflow/plugins/logic/bctc.py
[2026-02-26T14:26:36.143+0000] {datalake_df2csv.py:153} INFO -   - Đã thêm logic directory vào sys.path
[2026-02-26T14:26:36.148+0000] {datalake_df2csv.py:159} INFO -   - Đang load module 'bctc'...
[2026-02-26T14:26:36.162+0000] {datalake_df2csv.py:163} INFO -   - ✅ Module loaded thành công
[2026-02-26T14:26:36.165+0000] {datalake_df2csv.py:165} INFO -   - Đang tìm DataFrame/function: 'get_financial_reports'...
[2026-02-26T14:26:36.166+0000] {datalake_df2csv.py:170} INFO -   - ✅ Tìm thấy object: function
[2026-02-26T14:26:36.166+0000] {datalake_df2csv.py:173} INFO -   - Đang gọi function với tham số: {'symbols': ['VEA', 'KLB', 'HAC', 'TCI', 'MRF', 'PMP', 'DQC', 'TMC', 'PCG', 'S12', 'SGP', 'PTO', 'ITA', 'TJC', 'MKV', 'HLT', 'TCJ', 'PLA', 'C12', 'GVR', 'DAD', 'VCG', 'HLA', 'WCS', 'LAF', 'VPL', 'BIG', 'ACG', 'SBS', 'DDV', 'IHK', 'VPX', 'VIH', 'THN', 'HFX', 'NSC', 'ACV', 'S74', 'VTB', 'PRE', 'LPT', 'LNC', 'VCI', 'SMC', 'CHC', 'EVF', 'CTD', 'HEJ', 'MNB', 'VTJ', 'NO1', 'PGB', 'DTT', 'WSB', 'SGI', 'NUE', 'HHP', 'ITC', 'PVB', 'BWE', 'KST', 'BID', 'NST', 'CK8', 'NAB', 'BMC', 'SZB', 'DHM', 'VRG', 'CFM', 'HPG', 'VPW', 'DND', 'VCP', 'PGT', 'IDI', 'HPI', 'DTG'], 'current_year': '2022', 'current_quarter': '1', 'batch_index': 11, 'num_batches': 20}
[2026-02-26T14:26:36.168+0000] {logging_mixin.py:188} INFO - [BCTC] Batch 78 mã: ['VEA', 'KLB', 'HAC', 'TCI', 'MRF', 'PMP', 'DQC', 'TMC', 'PCG', 'S12', 'SGP', 'PTO', 'ITA', 'TJC', 'MKV', 'HLT', 'TCJ', 'PLA', 'C12', 'GVR', 'DAD', 'VCG', 'HLA', 'WCS', 'LAF', 'VPL', 'BIG', 'ACG', 'SBS', 'DDV', 'IHK', 'VPX', 'VIH', 'THN', 'HFX', 'NSC', 'ACV', 'S74', 'VTB', 'PRE', 'LPT', 'LNC', 'VCI', 'SMC', 'CHC', 'EVF', 'CTD', 'HEJ', 'MNB', 'VTJ', 'NO1', 'PGB', 'DTT', 'WSB', 'SGI', 'NUE', 'HHP', 'ITC', 'PVB', 'BWE', 'KST', 'BID', 'NST', 'CK8', 'NAB', 'BMC', 'SZB', 'DHM', 'VRG', 'CFM', 'HPG', 'VPW', 'DND', 'VCP', 'PGT', 'IDI', 'HPI', 'DTG']
[2026-02-26T14:26:36.169+0000] {logging_mixin.py:188} INFO -   Filter: year=2022, quarter=1
[2026-02-26T14:26:36.170+0000] {logging_mixin.py:188} INFO -   Batch index: 11/19
[2026-02-26T14:26:36.170+0000] {logging_mixin.py:188} INFO -   ⏳ Jitter delay: ngủ 33.0s để tránh burst request
[2026-02-26T14:27:09.173+0000] {logging_mixin.py:188} INFO -  >> [1/78] VEA
[2026-02-26T14:27:25.521+0000] {logging_mixin.py:188} INFO -   ⏳ VEA: xong sớm, sleep 43.7s còn lại để đủ 60s
[2026-02-26T14:28:09.170+0000] {logging_mixin.py:188} INFO -  >> [2/78] KLB
[2026-02-26T14:28:21.425+0000] {logging_mixin.py:188} INFO -   ⏳ KLB: xong sớm, sleep 47.7s còn lại để đủ 60s
[2026-02-26T14:29:09.165+0000] {logging_mixin.py:188} INFO -  >> [3/78] HAC
[2026-02-26T14:29:21.575+0000] {logging_mixin.py:188} INFO -   ⏳ HAC: xong sớm, sleep 47.6s còn lại để đủ 60s
[2026-02-26T14:30:09.166+0000] {logging_mixin.py:188} INFO -  >> [4/78] TCI
[2026-02-26T14:30:21.721+0000] {logging_mixin.py:188} INFO -   ⏳ TCI: xong sớm, sleep 47.4s còn lại để đủ 60s
[2026-02-26T14:31:09.163+0000] {logging_mixin.py:188} INFO -  >> [5/78] MRF
[2026-02-26T14:31:14.441+0000] {logging_mixin.py:188} INFO - ❌ MRF.income_statement: RetryError: RetryError[<Future at 0x7f19769904d0 state=finished raised KeyError>] → bỏ qua
[2026-02-26T14:31:14.442+0000] {logging_mixin.py:188} INFO -   ⚠ MRF.income_statement: không có dữ liệu → bỏ qua mã này
[2026-02-26T14:31:14.442+0000] {logging_mixin.py:188} INFO -   ⏳ MRF: lỗi, sleep 54.7s còn lại để đủ 60s
[2026-02-26T14:32:09.159+0000] {logging_mixin.py:188} INFO -  >> [6/78] PMP
[2026-02-26T14:32:21.454+0000] {logging_mixin.py:188} INFO -   ⏳ PMP: xong sớm, sleep 47.7s còn lại để đủ 60s
[2026-02-26T14:33:09.153+0000] {logging_mixin.py:188} INFO -  >> [7/78] DQC
[2026-02-26T14:33:21.523+0000] {logging_mixin.py:188} INFO -   ⏳ DQC: xong sớm, sleep 47.6s còn lại để đủ 60s
[2026-02-26T14:34:09.151+0000] {logging_mixin.py:188} INFO -  >> [8/78] TMC
[2026-02-26T14:34:21.790+0000] {logging_mixin.py:188} INFO -   ⏳ TMC: xong sớm, sleep 47.4s còn lại để đủ 60s
[2026-02-26T14:35:09.147+0000] {logging_mixin.py:188} INFO -  >> [9/78] PCG
[2026-02-26T14:35:21.470+0000] {logging_mixin.py:188} INFO -   ⏳ PCG: xong sớm, sleep 47.7s còn lại để đủ 60s
[2026-02-26T14:36:09.141+0000] {logging_mixin.py:188} INFO -  >> [10/78] S12
[2026-02-26T14:36:21.534+0000] {logging_mixin.py:188} INFO -   ⏳ S12: xong sớm, sleep 47.6s còn lại để đủ 60s
[2026-02-26T14:37:09.132+0000] {logging_mixin.py:188} INFO -  >> [11/78] SGP
[2026-02-26T14:37:21.538+0000] {logging_mixin.py:188} INFO -   ⏳ SGP: xong sớm, sleep 47.6s còn lại để đủ 60s
[2026-02-26T14:38:09.130+0000] {logging_mixin.py:188} INFO -  >> [12/78] PTO
[2026-02-26T14:38:14.325+0000] {logging_mixin.py:188} INFO - ❌ PTO.income_statement: RetryError: RetryError[<Future at 0x7f1976990ec0 state=finished raised KeyError>] → bỏ qua
[2026-02-26T14:38:14.326+0000] {logging_mixin.py:188} INFO -   ⚠ PTO.income_statement: không có dữ liệu → bỏ qua mã này
[2026-02-26T14:38:14.326+0000] {logging_mixin.py:188} INFO -   ⏳ PTO: lỗi, sleep 54.8s còn lại để đủ 60s
[2026-02-26T14:39:09.126+0000] {logging_mixin.py:188} INFO -  >> [13/78] ITA
[2026-02-26T14:39:21.564+0000] {logging_mixin.py:188} INFO -   ⏳ ITA: xong sớm, sleep 47.6s còn lại để đủ 60s
[2026-02-26T14:40:09.123+0000] {logging_mixin.py:188} INFO -  >> [14/78] TJC
[2026-02-26T14:40:21.546+0000] {logging_mixin.py:188} INFO -   ⏳ TJC: xong sớm, sleep 47.6s còn lại để đủ 60s
[2026-02-26T14:41:09.120+0000] {logging_mixin.py:188} INFO -  >> [15/78] MKV
[2026-02-26T14:41:21.453+0000] {logging_mixin.py:188} INFO -   ⏳ MKV: xong sớm, sleep 47.7s còn lại để đủ 60s
[2026-02-26T14:42:09.117+0000] {logging_mixin.py:188} INFO -  >> [16/78] HLT
[2026-02-26T14:42:21.367+0000] {logging_mixin.py:188} INFO -   ⏳ HLT: xong sớm, sleep 47.7s còn lại để đủ 60s
[2026-02-26T14:43:09.114+0000] {logging_mixin.py:188} INFO -  >> [17/78] TCJ
[2026-02-26T14:43:14.369+0000] {logging_mixin.py:188} INFO - ❌ TCJ.income_statement: RetryError: RetryError[<Future at 0x7f1976986e70 state=finished raised KeyError>] → bỏ qua
[2026-02-26T14:43:14.371+0000] {logging_mixin.py:188} INFO -   ⚠ TCJ.income_statement: không có dữ liệu → bỏ qua mã này
[2026-02-26T14:43:14.372+0000] {logging_mixin.py:188} INFO -   ⏳ TCJ: lỗi, sleep 54.7s còn lại để đủ 60s
[2026-02-26T14:44:09.088+0000] {logging_mixin.py:188} INFO -  >> [18/78] PLA
[2026-02-26T14:44:21.393+0000] {logging_mixin.py:188} INFO -   ⏳ PLA: xong sớm, sleep 47.7s còn lại để đủ 60s
[2026-02-26T14:45:09.081+0000] {logging_mixin.py:188} INFO -  >> [19/78] C12
[2026-02-26T14:45:14.335+0000] {logging_mixin.py:188} INFO - ❌ C12.income_statement: RetryError: RetryError[<Future at 0x7f1976987ec0 state=finished raised KeyError>] → bỏ qua
[2026-02-26T14:45:14.336+0000] {logging_mixin.py:188} INFO -   ⚠ C12.income_statement: không có dữ liệu → bỏ qua mã này
[2026-02-26T14:45:14.337+0000] {logging_mixin.py:188} INFO -   ⏳ C12: lỗi, sleep 54.7s còn lại để đủ 60s
[2026-02-26T14:46:09.075+0000] {logging_mixin.py:188} INFO -  >> [20/78] GVR
[2026-02-26T14:46:21.753+0000] {logging_mixin.py:188} INFO -   ⏳ GVR: xong sớm, sleep 47.3s còn lại để đủ 60s
[2026-02-26T14:47:09.069+0000] {logging_mixin.py:188} INFO -  >> [21/78] DAD
[2026-02-26T14:47:21.397+0000] {logging_mixin.py:188} INFO -   ⏳ DAD: xong sớm, sleep 47.7s còn lại để đủ 60s
[2026-02-26T14:47:53.422+0000] {job.py:218} ERROR - Job heartbeat got an exception
Traceback (most recent call last):
  File "/home/airflow/.local/lib/python3.12/site-packages/sqlalchemy/engine/base.py", line 3371, in _wrap_pool_connect
    return fn()
           ^^^^
  File "/home/airflow/.local/lib/python3.12/site-packages/sqlalchemy/pool/base.py", line 327, in connect
    return _ConnectionFairy._checkout(self)
           ^^^^^^^^^^^^^^^^^^^^^^^^^^^^^^^^
  File "/home/airflow/.local/lib/python3.12/site-packages/sqlalchemy/pool/base.py", line 894, in _checkout
    fairy = _ConnectionRecord.checkout(pool)
            ^^^^^^^^^^^^^^^^^^^^^^^^^^^^^^^^
  File "/home/airflow/.local/lib/python3.12/site-packages/sqlalchemy/pool/base.py", line 493, in checkout
    rec = pool._do_get()
          ^^^^^^^^^^^^^^
  File "/home/airflow/.local/lib/python3.12/site-packages/sqlalchemy/pool/impl.py", line 256, in _do_get
    return self._create_connection()
           ^^^^^^^^^^^^^^^^^^^^^^^^^
  File "/home/airflow/.local/lib/python3.12/site-packages/sqlalchemy/pool/base.py", line 273, in _create_connection
    return _ConnectionRecord(self)
           ^^^^^^^^^^^^^^^^^^^^^^^
  File "/home/airflow/.local/lib/python3.12/site-packages/sqlalchemy/pool/base.py", line 388, in __init__
    self.__connect()
  File "/home/airflow/.local/lib/python3.12/site-packages/sqlalchemy/pool/base.py", line 690, in __connect
    with util.safe_reraise():
  File "/home/airflow/.local/lib/python3.12/site-packages/sqlalchemy/util/langhelpers.py", line 70, in __exit__
    compat.raise_(
  File "/home/airflow/.local/lib/python3.12/site-packages/sqlalchemy/util/compat.py", line 211, in raise_
    raise exception
  File "/home/airflow/.local/lib/python3.12/site-packages/sqlalchemy/pool/base.py", line 686, in __connect
    self.dbapi_connection = connection = pool._invoke_creator(self)
                                         ^^^^^^^^^^^^^^^^^^^^^^^^^^
  File "/home/airflow/.local/lib/python3.12/site-packages/sqlalchemy/engine/create.py", line 574, in connect
    return dialect.connect(*cargs, **cparams)
           ^^^^^^^^^^^^^^^^^^^^^^^^^^^^^^^^^^
  File "/home/airflow/.local/lib/python3.12/site-packages/sqlalchemy/engine/default.py", line 598, in connect
    return self.dbapi.connect(*cargs, **cparams)
           ^^^^^^^^^^^^^^^^^^^^^^^^^^^^^^^^^^^^^
  File "/home/airflow/.local/lib/python3.12/site-packages/psycopg2/__init__.py", line 122, in connect
    conn = _connect(dsn, connection_factory=connection_factory, **kwasync)
           ^^^^^^^^^^^^^^^^^^^^^^^^^^^^^^^^^^^^^^^^^^^^^^^^^^^^^^^^^^^^^^^
psycopg2.OperationalError: could not translate host name "postgres" to address: Temporary failure in name resolution


The above exception was the direct cause of the following exception:

Traceback (most recent call last):
  File "/home/airflow/.local/lib/python3.12/site-packages/airflow/jobs/job.py", line 213, in heartbeat
    heartbeat_callback(session)
  File "/home/airflow/.local/lib/python3.12/site-packages/airflow/utils/session.py", line 76, in wrapper
    return func(*args, **kwargs)
           ^^^^^^^^^^^^^^^^^^^^^
  File "/home/airflow/.local/lib/python3.12/site-packages/airflow/jobs/local_task_job_runner.py", line 261, in heartbeat_callback
    self.task_instance.refresh_from_db()
  File "/home/airflow/.local/lib/python3.12/site-packages/airflow/utils/session.py", line 79, in wrapper
    return func(*args, session=session, **kwargs)
           ^^^^^^^^^^^^^^^^^^^^^^^^^^^^^^^^^^^^^^
  File "/home/airflow/.local/lib/python3.12/site-packages/airflow/models/taskinstance.py", line 1821, in refresh_from_db
    _refresh_from_db(task_instance=self, session=session, lock_for_update=lock_for_update)
  File "/home/airflow/.local/lib/python3.12/site-packages/airflow/models/taskinstance.py", line 510, in _refresh_from_db
    ti = TaskInstance.get_task_instance(
         ^^^^^^^^^^^^^^^^^^^^^^^^^^^^^^^
  File "/home/airflow/.local/lib/python3.12/site-packages/airflow/api_internal/internal_api_call.py", line 115, in wrapper
    return func(*args, **kwargs)
           ^^^^^^^^^^^^^^^^^^^^^
  File "/home/airflow/.local/lib/python3.12/site-packages/airflow/utils/session.py", line 76, in wrapper
    return func(*args, **kwargs)
           ^^^^^^^^^^^^^^^^^^^^^
  File "/home/airflow/.local/lib/python3.12/site-packages/airflow/models/taskinstance.py", line 1807, in get_task_instance
    return query.one_or_none()
           ^^^^^^^^^^^^^^^^^^^
  File "/home/airflow/.local/lib/python3.12/site-packages/sqlalchemy/orm/query.py", line 2850, in one_or_none
    return self._iter().one_or_none()
           ^^^^^^^^^^^^
  File "/home/airflow/.local/lib/python3.12/site-packages/sqlalchemy/orm/query.py", line 2916, in _iter
    result = self.session.execute(
             ^^^^^^^^^^^^^^^^^^^^^
  File "/home/airflow/.local/lib/python3.12/site-packages/sqlalchemy/orm/session.py", line 1716, in execute
    conn = self._connection_for_bind(bind)
           ^^^^^^^^^^^^^^^^^^^^^^^^^^^^^^^
  File "/home/airflow/.local/lib/python3.12/site-packages/sqlalchemy/orm/session.py", line 1555, in _connection_for_bind
    return self._transaction._connection_for_bind(
           ^^^^^^^^^^^^^^^^^^^^^^^^^^^^^^^^^^^^^^^
  File "/home/airflow/.local/lib/python3.12/site-packages/sqlalchemy/orm/session.py", line 750, in _connection_for_bind
    conn = bind.connect()
           ^^^^^^^^^^^^^^
  File "/home/airflow/.local/lib/python3.12/site-packages/sqlalchemy/future/engine.py", line 412, in connect
    return super(Engine, self).connect()
           ^^^^^^^^^^^^^^^^^^^^^^^^^^^^^
  File "/home/airflow/.local/lib/python3.12/site-packages/sqlalchemy/engine/base.py", line 3325, in connect
    return self._connection_cls(self, close_with_result=close_with_result)
           ^^^^^^^^^^^^^^^^^^^^^^^^^^^^^^^^^^^^^^^^^^^^^^^^^^^^^^^^^^^^^^^
  File "/home/airflow/.local/lib/python3.12/site-packages/sqlalchemy/engine/base.py", line 96, in __init__
    else engine.raw_connection()
         ^^^^^^^^^^^^^^^^^^^^^^^
  File "/home/airflow/.local/lib/python3.12/site-packages/sqlalchemy/engine/base.py", line 3404, in raw_connection
    return self._wrap_pool_connect(self.pool.connect, _connection)
           ^^^^^^^^^^^^^^^^^^^^^^^^^^^^^^^^^^^^^^^^^^^^^^^^^^^^^^^
  File "/home/airflow/.local/lib/python3.12/site-packages/sqlalchemy/engine/base.py", line 3374, in _wrap_pool_connect
    Connection._handle_dbapi_exception_noconnection(
  File "/home/airflow/.local/lib/python3.12/site-packages/sqlalchemy/engine/base.py", line 2208, in _handle_dbapi_exception_noconnection
    util.raise_(
  File "/home/airflow/.local/lib/python3.12/site-packages/sqlalchemy/util/compat.py", line 211, in raise_
    raise exception
  File "/home/airflow/.local/lib/python3.12/site-packages/sqlalchemy/engine/base.py", line 3371, in _wrap_pool_connect
    return fn()
           ^^^^
  File "/home/airflow/.local/lib/python3.12/site-packages/sqlalchemy/pool/base.py", line 327, in connect
    return _ConnectionFairy._checkout(self)
           ^^^^^^^^^^^^^^^^^^^^^^^^^^^^^^^^
  File "/home/airflow/.local/lib/python3.12/site-packages/sqlalchemy/pool/base.py", line 894, in _checkout
    fairy = _ConnectionRecord.checkout(pool)
            ^^^^^^^^^^^^^^^^^^^^^^^^^^^^^^^^
  File "/home/airflow/.local/lib/python3.12/site-packages/sqlalchemy/pool/base.py", line 493, in checkout
    rec = pool._do_get()
          ^^^^^^^^^^^^^^
  File "/home/airflow/.local/lib/python3.12/site-packages/sqlalchemy/pool/impl.py", line 256, in _do_get
    return self._create_connection()
           ^^^^^^^^^^^^^^^^^^^^^^^^^
  File "/home/airflow/.local/lib/python3.12/site-packages/sqlalchemy/pool/base.py", line 273, in _create_connection
    return _ConnectionRecord(self)
           ^^^^^^^^^^^^^^^^^^^^^^^
  File "/home/airflow/.local/lib/python3.12/site-packages/sqlalchemy/pool/base.py", line 388, in __init__
    self.__connect()
  File "/home/airflow/.local/lib/python3.12/site-packages/sqlalchemy/pool/base.py", line 690, in __connect
    with util.safe_reraise():
  File "/home/airflow/.local/lib/python3.12/site-packages/sqlalchemy/util/langhelpers.py", line 70, in __exit__
    compat.raise_(
  File "/home/airflow/.local/lib/python3.12/site-packages/sqlalchemy/util/compat.py", line 211, in raise_
    raise exception
  File "/home/airflow/.local/lib/python3.12/site-packages/sqlalchemy/pool/base.py", line 686, in __connect
    self.dbapi_connection = connection = pool._invoke_creator(self)
                                         ^^^^^^^^^^^^^^^^^^^^^^^^^^
  File "/home/airflow/.local/lib/python3.12/site-packages/sqlalchemy/engine/create.py", line 574, in connect
    return dialect.connect(*cargs, **cparams)
           ^^^^^^^^^^^^^^^^^^^^^^^^^^^^^^^^^^
  File "/home/airflow/.local/lib/python3.12/site-packages/sqlalchemy/engine/default.py", line 598, in connect
    return self.dbapi.connect(*cargs, **cparams)
           ^^^^^^^^^^^^^^^^^^^^^^^^^^^^^^^^^^^^^
  File "/home/airflow/.local/lib/python3.12/site-packages/psycopg2/__init__.py", line 122, in connect
    conn = _connect(dsn, connection_factory=connection_factory, **kwasync)
           ^^^^^^^^^^^^^^^^^^^^^^^^^^^^^^^^^^^^^^^^^^^^^^^^^^^^^^^^^^^^^^^
sqlalchemy.exc.OperationalError: (psycopg2.OperationalError) could not translate host name "postgres" to address: Temporary failure in name resolution

(Background on this error at: https://sqlalche.me/e/14/e3q8)
[2026-02-26T14:47:53.547+0000] {job.py:221} ERROR - Job heartbeat failed with error. Scheduler may go into unhealthy state
[2026-02-26T14:48:08.992+0000] {logging_mixin.py:188} INFO -  >> [22/78] VCG
[2026-02-26T14:48:21.675+0000] {logging_mixin.py:188} INFO -   ⏳ VCG: xong sớm, sleep 47.3s còn lại để đủ 60s
[2026-02-26T14:49:08.985+0000] {logging_mixin.py:188} INFO -  >> [23/78] HLA
[2026-02-26T14:49:21.221+0000] {logging_mixin.py:188} INFO -   ⏳ HLA: xong sớm, sleep 47.8s còn lại để đủ 60s
[2026-02-26T14:50:08.978+0000] {logging_mixin.py:188} INFO -  >> [24/78] WCS
[2026-02-26T14:50:21.551+0000] {logging_mixin.py:188} INFO -   ⏳ WCS: xong sớm, sleep 47.4s còn lại để đủ 60s
[2026-02-26T14:51:08.970+0000] {logging_mixin.py:188} INFO -  >> [25/78] LAF
[2026-02-26T14:51:21.534+0000] {logging_mixin.py:188} INFO -   ⏳ LAF: xong sớm, sleep 47.4s còn lại để đủ 60s
[2026-02-26T14:52:08.966+0000] {logging_mixin.py:188} INFO -  >> [26/78] VPL
[2026-02-26T14:52:21.568+0000] {logging_mixin.py:188} INFO -   ⏳ VPL: xong sớm, sleep 47.4s còn lại để đủ 60s
[2026-02-26T14:53:08.957+0000] {logging_mixin.py:188} INFO -  >> [27/78] BIG
[2026-02-26T14:53:21.155+0000] {logging_mixin.py:188} INFO -   ⏳ BIG: xong sớm, sleep 47.8s còn lại để đủ 60s
[2026-02-26T14:54:08.948+0000] {logging_mixin.py:188} INFO -  >> [28/78] ACG
[2026-02-26T14:54:21.326+0000] {logging_mixin.py:188} INFO -   ⏳ ACG: xong sớm, sleep 47.6s còn lại để đủ 60s
[2026-02-26T14:55:08.939+0000] {logging_mixin.py:188} INFO -  >> [29/78] SBS
[2026-02-26T14:55:21.385+0000] {logging_mixin.py:188} INFO -   ⏳ SBS: xong sớm, sleep 47.5s còn lại để đủ 60s
[2026-02-26T14:56:08.930+0000] {logging_mixin.py:188} INFO -  >> [30/78] DDV
[2026-02-26T14:56:21.611+0000] {logging_mixin.py:188} INFO -   ⏳ DDV: xong sớm, sleep 47.3s còn lại để đủ 60s
[2026-02-26T14:57:08.922+0000] {logging_mixin.py:188} INFO -  >> [31/78] IHK
[2026-02-26T14:57:21.076+0000] {logging_mixin.py:188} INFO -   ⏳ IHK: xong sớm, sleep 47.8s còn lại để đủ 60s
[2026-02-26T14:57:39.366+0000] {local_task_job_runner.py:313} WARNING - State of this instance has been externally set to failed. Terminating instance.
[2026-02-26T14:57:39.374+0000] {local_task_job_runner.py:222} INFO - ::endgroup::
[2026-02-26T14:57:39.394+0000] {process_utils.py:132} INFO - Sending 15 to group 115. PIDs of all processes in the group: [115]
[2026-02-26T14:57:39.399+0000] {process_utils.py:87} INFO - Sending the signal 15 to group 115
[2026-02-26T14:57:39.403+0000] {taskinstance.py:2611} ERROR - Received SIGTERM. Terminating subprocesses.
[2026-02-26T14:57:39.412+0000] {taskinstance.py:441} INFO - ::group::Post task execution logs
[2026-02-26T14:57:40.319+0000] {process_utils.py:80} INFO - Process psutil.Process(pid=115, status='terminated', exitcode=0, started='14:26:34') (115) terminated with exit code 0
