[2026-02-28T02:00:57.000+0000] {local_task_job_runner.py:120} INFO - ::group::Pre task execution logs
[2026-02-28T02:00:57.134+0000] {taskinstance.py:2076} INFO - Dependencies all met for dep_context=non-requeueable deps ti=<TaskInstance: daily_price.ingest_daily_price scheduled__2026-02-26T16:00:00+00:00 map_index=238 [queued]>
[2026-02-28T02:00:57.213+0000] {taskinstance.py:2076} INFO - Dependencies all met for dep_context=requeueable deps ti=<TaskInstance: daily_price.ingest_daily_price scheduled__2026-02-26T16:00:00+00:00 map_index=238 [queued]>
[2026-02-28T02:00:57.219+0000] {taskinstance.py:2306} INFO - Starting attempt 1 of 2
[2026-02-28T02:00:57.273+0000] {taskinstance.py:2330} INFO - Executing <Mapped(DfToCsvOperator): ingest_daily_price> on 2026-02-26 16:00:00+00:00
[2026-02-28T02:00:57.295+0000] {warnings.py:112} WARNING - This process (pid=2542) is multi-threaded, use of fork() may lead to deadlocks in the child.

[2026-02-28T02:00:57.303+0000] {standard_task_runner.py:64} INFO - Started process 2572 to run task
[2026-02-28T02:00:57.318+0000] {standard_task_runner.py:90} INFO - Running: ['***', 'tasks', 'run', 'daily_price', 'ingest_daily_price', 'scheduled__2026-02-26T16:00:00+00:00', '--job-id', '28372', '--raw', '--subdir', 'DAGS_FOLDER/dl_dailly_price.py', '--cfg-path', '/tmp/tmpfqnybzdv', '--map-index', '238']
[2026-02-28T02:00:57.335+0000] {standard_task_runner.py:91} INFO - Job 28372: Subtask ingest_daily_price
[2026-02-28T02:00:57.512+0000] {task_command.py:426} INFO - Running <TaskInstance: daily_price.ingest_daily_price scheduled__2026-02-26T16:00:00+00:00 map_index=238 [running]> on host b6d397e728c6
[2026-02-28T02:00:59.272+0000] {taskinstance.py:2648} INFO - Exporting env vars: AIRFLOW_CTX_DAG_OWNER='***' AIRFLOW_CTX_DAG_ID='daily_price' AIRFLOW_CTX_TASK_ID='ingest_daily_price' AIRFLOW_CTX_EXECUTION_DATE='2026-02-26T16:00:00+00:00' AIRFLOW_CTX_TRY_NUMBER='1' AIRFLOW_CTX_DAG_RUN_ID='scheduled__2026-02-26T16:00:00+00:00'
[2026-02-28T02:00:59.280+0000] {taskinstance.py:430} INFO - ::endgroup::
[2026-02-28T02:00:59.285+0000] {datalake_df2csv.py:40} INFO - ================================================================================
[2026-02-28T02:00:59.286+0000] {datalake_df2csv.py:41} INFO - 🚀 BẮT ĐẦU TASK: ingest_daily_price
[2026-02-28T02:00:59.287+0000] {datalake_df2csv.py:42} INFO - ================================================================================
[2026-02-28T02:00:59.287+0000] {datalake_df2csv.py:43} INFO - 📋 Thông tin cấu hình:
[2026-02-28T02:00:59.289+0000] {datalake_df2csv.py:44} INFO -   - Logic file: history_price
[2026-02-28T02:00:59.293+0000] {datalake_df2csv.py:45} INFO -   - DataFrame name: get_history_price_batch
[2026-02-28T02:00:59.297+0000] {datalake_df2csv.py:46} INFO -   - Bucket: thongtin-congty-va-bctc
[2026-02-28T02:00:59.302+0000] {datalake_df2csv.py:47} INFO -   - Object path: daily_price/2026-02-26/batch_238.csv
[2026-02-28T02:00:59.302+0000] {datalake_df2csv.py:48} INFO -   - Connection ID: minio_finance
[2026-02-28T02:00:59.304+0000] {datalake_df2csv.py:49} INFO -   - Tham số truyền vào: {'symbols': ['MDG', 'VMC', 'PWA', 'SBD', 'FIR'], 'start_date': '2026-02-26', 'end_date': '2026-02-27'}
[2026-02-28T02:00:59.306+0000] {datalake_df2csv.py:50} INFO - --------------------------------------------------------------------------------
[2026-02-28T02:00:59.311+0000] {datalake_df2csv.py:54} INFO - 📥 Bước 1: Đang load dữ liệu từ logic file...
[2026-02-28T02:00:59.346+0000] {datalake_df2csv.py:148} INFO -   - Logic directory: /opt/airflow/plugins/logic
[2026-02-28T02:00:59.348+0000] {datalake_df2csv.py:149} INFO -   - Module path: /opt/airflow/plugins/logic/history_price.py
[2026-02-28T02:00:59.349+0000] {datalake_df2csv.py:153} INFO -   - Đã thêm logic directory vào sys.path
[2026-02-28T02:00:59.361+0000] {datalake_df2csv.py:159} INFO -   - Đang load module 'history_price'...
[2026-02-28T02:00:59.383+0000] {datalake_df2csv.py:163} INFO -   - ✅ Module loaded thành công
[2026-02-28T02:00:59.384+0000] {datalake_df2csv.py:165} INFO -   - Đang tìm DataFrame/function: 'get_history_price_batch'...
[2026-02-28T02:00:59.385+0000] {datalake_df2csv.py:170} INFO -   - ✅ Tìm thấy object: function
[2026-02-28T02:00:59.386+0000] {datalake_df2csv.py:173} INFO -   - Đang gọi function với tham số: {'symbols': ['MDG', 'VMC', 'PWA', 'SBD', 'FIR'], 'start_date': '2026-02-26', 'end_date': '2026-02-27'}
[2026-02-28T02:01:15.011+0000] {log.py:232} WARNING - 2026-02-28 02:01:14 - vnstock.core.utils.client - ERROR - API request failed: HTTPSConnectionPool(host='trading.vietcap.com.vn', port=443): Max retries exceeded with url: /api/chart/OHLCChart/gap-chart (Caused by NameResolutionError("<urllib3.connection.HTTPSConnection object at 0x7f1c23f30a70>: Failed to resolve 'trading.vietcap.com.vn' ([Errno -3] Temporary failure in name resolution)"))
[2026-02-28T02:01:14.192+0000] {client.py:297} ERROR - API request failed: HTTPSConnectionPool(host='trading.vietcap.com.vn', port=443): Max retries exceeded with url: /api/chart/OHLCChart/gap-chart (Caused by NameResolutionError("<urllib3.connection.HTTPSConnection object at 0x7f1c23f30a70>: Failed to resolve 'trading.vietcap.com.vn' ([Errno -3] Temporary failure in name resolution)"))
[2026-02-28T02:01:21.600+0000] {datalake_df2csv.py:68} INFO - ✅ Load dữ liệu thành công!
[2026-02-28T02:01:21.601+0000] {datalake_df2csv.py:69} INFO - 📊 Thông tin DataFrame:
[2026-02-28T02:01:21.605+0000] {datalake_df2csv.py:70} INFO -   - Số dòng: 15
[2026-02-28T02:01:21.606+0000] {datalake_df2csv.py:71} INFO -   - Số cột: 7
[2026-02-28T02:01:21.607+0000] {datalake_df2csv.py:72} INFO -   - Tên các cột: ['ticker', 'trading_date', 'open', 'high', 'low', 'close', 'volume']
[2026-02-28T02:01:21.608+0000] {datalake_df2csv.py:73} INFO -   - Kiểu dữ liệu: {'ticker': 'object', 'trading_date': 'object', 'open': 'float64', 'high': 'float64', 'low': 'float64', 'close': 'float64', 'volume': 'int64'}
[2026-02-28T02:01:21.612+0000] {datalake_df2csv.py:74} INFO -   - Bộ nhớ sử dụng: 0.00 MB
[2026-02-28T02:01:21.621+0000] {datalake_df2csv.py:83} INFO -   - Không có giá trị NULL
[2026-02-28T02:01:21.630+0000] {datalake_df2csv.py:86} INFO -   - Mẫu dữ liệu (5 dòng đầu):
[2026-02-28T02:01:21.632+0000] {datalake_df2csv.py:88} INFO -     Row 0: {'ticker': 'MDG', 'trading_date': '2026-02-24', 'open': 39.9, 'high': 42.0, 'low': 39.85, 'close': 42.0, 'volume': 18000}
[2026-02-28T02:01:21.633+0000] {datalake_df2csv.py:88} INFO -     Row 1: {'ticker': 'MDG', 'trading_date': '2026-02-25', 'open': 44.9, 'high': 44.9, 'low': 42.5, 'close': 44.9, 'volume': 12200}
[2026-02-28T02:01:21.634+0000] {datalake_df2csv.py:88} INFO -     Row 2: {'ticker': 'MDG', 'trading_date': '2026-02-27', 'open': 43.9, 'high': 43.9, 'low': 42.8, 'close': 42.8, 'volume': 4800}
[2026-02-28T02:01:21.635+0000] {datalake_df2csv.py:88} INFO -     Row 3: {'ticker': 'VMC', 'trading_date': '2026-02-24', 'open': 4.9, 'high': 5.2, 'low': 4.9, 'close': 5.2, 'volume': 10200}
[2026-02-28T02:01:21.636+0000] {datalake_df2csv.py:88} INFO -     Row 4: {'ticker': 'VMC', 'trading_date': '2026-02-25', 'open': 5.2, 'high': 5.2, 'low': 5.2, 'close': 5.2, 'volume': 1400}
[2026-02-28T02:01:21.647+0000] {datalake_df2csv.py:90} INFO - --------------------------------------------------------------------------------
[2026-02-28T02:01:21.649+0000] {datalake_df2csv.py:93} INFO - 📝 Bước 2: Đang chuyển đổi DataFrame sang CSV...
[2026-02-28T02:01:21.661+0000] {datalake_df2csv.py:97} INFO - ✅ Chuyển đổi CSV thành công!
[2026-02-28T02:01:21.663+0000] {datalake_df2csv.py:98} INFO -   - Kích thước file: 0.00 MB
[2026-02-28T02:01:21.664+0000] {datalake_df2csv.py:99} INFO -   - Thời gian chuyển đổi: 0.01 giây
[2026-02-28T02:01:21.665+0000] {datalake_df2csv.py:100} INFO - --------------------------------------------------------------------------------
[2026-02-28T02:01:21.676+0000] {datalake_df2csv.py:103} INFO - ☁️  Bước 3: Đang upload lên MinIO/S3...
[2026-02-28T02:01:21.745+0000] {base.py:84} INFO - Using connection ID 'minio_finance' for task execution.
[2026-02-28T02:01:21.746+0000] {connection_wrapper.py:384} INFO - AWS Connection (conn_id='minio_finance', conn_type='aws') credentials retrieved from login and password.
[2026-02-28T02:01:23.666+0000] {datalake_df2csv.py:112} INFO -   - Bucket 'thongtin-congty-va-bctc' đã tồn tại
[2026-02-28T02:01:23.757+0000] {datalake_df2csv.py:117} INFO - ✅ Upload thành công!
[2026-02-28T02:01:23.757+0000] {datalake_df2csv.py:118} INFO -   - Đường dẫn: s3://thongtin-congty-va-bctc/daily_price/2026-02-26/batch_238.csv
[2026-02-28T02:01:23.762+0000] {datalake_df2csv.py:119} INFO -   - Số dòng: 15
[2026-02-28T02:01:23.763+0000] {datalake_df2csv.py:120} INFO -   - Thời gian upload: 2.08 giây
[2026-02-28T02:01:23.764+0000] {datalake_df2csv.py:121} INFO - --------------------------------------------------------------------------------
[2026-02-28T02:01:23.766+0000] {datalake_df2csv.py:125} INFO - 📈 TỔNG KẾT:
[2026-02-28T02:01:23.767+0000] {datalake_df2csv.py:126} INFO -   - Tổng thời gian thực thi: 24.48 giây
[2026-02-28T02:01:23.767+0000] {datalake_df2csv.py:127} INFO -   - Tốc độ xử lý: 1 dòng/giây
[2026-02-28T02:01:23.769+0000] {datalake_df2csv.py:128} INFO - ================================================================================
[2026-02-28T02:01:23.769+0000] {datalake_df2csv.py:129} INFO - ✅ HOÀN THÀNH TASK: ingest_daily_price
[2026-02-28T02:01:23.770+0000] {datalake_df2csv.py:130} INFO - ================================================================================
[2026-02-28T02:01:23.771+0000] {taskinstance.py:441} INFO - ::group::Post task execution logs
[2026-02-28T02:01:23.818+0000] {taskinstance.py:1206} INFO - Marking task as SUCCESS. dag_id=daily_price, task_id=ingest_daily_price, run_id=scheduled__2026-02-26T16:00:00+00:00, map_index=238, execution_date=20260226T160000, start_date=20260228T020057, end_date=20260228T020123
[2026-02-28T02:01:23.997+0000] {local_task_job_runner.py:243} INFO - Task exited with return code 0
[2026-02-28T02:01:24.026+0000] {local_task_job_runner.py:222} INFO - ::endgroup::
