[2026-02-05T16:00:24.178+0000] {local_task_job_runner.py:120} INFO - ::group::Pre task execution logs
[2026-02-05T16:00:24.268+0000] {taskinstance.py:2076} INFO - Dependencies all met for dep_context=non-requeueable deps ti=<TaskInstance: electric_board_daily.ingest_electric_board scheduled__2026-02-04T16:00:00+00:00 map_index=12 [queued]>
[2026-02-05T16:00:24.298+0000] {taskinstance.py:2076} INFO - Dependencies all met for dep_context=requeueable deps ti=<TaskInstance: electric_board_daily.ingest_electric_board scheduled__2026-02-04T16:00:00+00:00 map_index=12 [queued]>
[2026-02-05T16:00:24.300+0000] {taskinstance.py:2306} INFO - Starting attempt 1 of 3
[2026-02-05T16:00:24.376+0000] {taskinstance.py:2330} INFO - Executing <Mapped(DfToCsvOperator): ingest_electric_board> on 2026-02-04 16:00:00+00:00
[2026-02-05T16:00:24.467+0000] {warnings.py:112} WARNING - This process (pid=10580) is multi-threaded, use of fork() may lead to deadlocks in the child.

[2026-02-05T16:00:24.470+0000] {standard_task_runner.py:64} INFO - Started process 10739 to run task
[2026-02-05T16:00:24.492+0000] {standard_task_runner.py:90} INFO - Running: ['***', 'tasks', 'run', 'electric_board_daily', 'ingest_electric_board', 'scheduled__2026-02-04T16:00:00+00:00', '--job-id', '18644', '--raw', '--subdir', 'DAGS_FOLDER/dl_electric_board.py', '--cfg-path', '/tmp/tmpxavsescl', '--map-index', '12']
[2026-02-05T16:00:24.530+0000] {standard_task_runner.py:91} INFO - Job 18644: Subtask ingest_electric_board
[2026-02-05T16:00:24.925+0000] {task_command.py:426} INFO - Running <TaskInstance: electric_board_daily.ingest_electric_board scheduled__2026-02-04T16:00:00+00:00 map_index=12 [running]> on host f1dca83810e1
[2026-02-05T16:00:25.392+0000] {taskinstance.py:2648} INFO - Exporting env vars: AIRFLOW_CTX_DAG_OWNER='***' AIRFLOW_CTX_DAG_ID='electric_board_daily' AIRFLOW_CTX_TASK_ID='ingest_electric_board' AIRFLOW_CTX_EXECUTION_DATE='2026-02-04T16:00:00+00:00' AIRFLOW_CTX_TRY_NUMBER='1' AIRFLOW_CTX_DAG_RUN_ID='scheduled__2026-02-04T16:00:00+00:00'
[2026-02-05T16:00:25.399+0000] {taskinstance.py:430} INFO - ::endgroup::
[2026-02-05T16:00:25.464+0000] {logging_mixin.py:188} INFO - [ELECTRIC_BOARD] Fetching price board for 50 symbols: ['PXA', 'PX1', 'PWS', 'PWA', 'PVY']...
[2026-02-05T16:00:28.557+0000] {logging_mixin.py:188} INFO - [ELECTRIC_BOARD] Filtered to 30 rows with trading_status_code = 20
[2026-02-05T16:00:28.577+0000] {logging_mixin.py:188} INFO - [ELECTRIC_BOARD] ✅ Fetched 30 rows, 22 columns
[2026-02-05T16:00:29.141+0000] {base.py:84} INFO - Using connection ID 'minio_finance' for task execution.
[2026-02-05T16:00:29.160+0000] {connection_wrapper.py:384} INFO - AWS Connection (conn_id='minio_finance', conn_type='aws') credentials retrieved from login and password.
[2026-02-05T16:00:47.768+0000] {datalake_df2csv.py:52} INFO - ✅ Đã upload 30 dòng -> s3://thongtin-congty-va-bctc/electric_board_per_day/2026-02-04/batch_12.csv
[2026-02-05T16:00:47.769+0000] {taskinstance.py:441} INFO - ::group::Post task execution logs
[2026-02-05T16:00:47.807+0000] {taskinstance.py:1206} INFO - Marking task as SUCCESS. dag_id=electric_board_daily, task_id=ingest_electric_board, run_id=scheduled__2026-02-04T16:00:00+00:00, map_index=12, execution_date=20260204T160000, start_date=20260205T160024, end_date=20260205T160047
[2026-02-05T16:00:47.868+0000] {local_task_job_runner.py:243} INFO - Task exited with return code 0
[2026-02-05T16:00:47.888+0000] {local_task_job_runner.py:222} INFO - ::endgroup::
