[2026-01-18T03:27:59.737+0000] {local_task_job_runner.py:120} INFO - ::group::Pre task execution logs
[2026-01-18T03:27:59.758+0000] {taskinstance.py:2076} INFO - Dependencies all met for dep_context=non-requeueable deps ti=<TaskInstance: bctc.ingest_bctc scheduled__2026-01-11T00:00:00+00:00 map_index=68 [queued]>
[2026-01-18T03:27:59.771+0000] {taskinstance.py:2076} INFO - Dependencies all met for dep_context=requeueable deps ti=<TaskInstance: bctc.ingest_bctc scheduled__2026-01-11T00:00:00+00:00 map_index=68 [queued]>
[2026-01-18T03:27:59.771+0000] {taskinstance.py:2306} INFO - Starting attempt 1 of 2
[2026-01-18T03:27:59.786+0000] {taskinstance.py:2330} INFO - Executing <Mapped(DfToCsvOperator): ingest_bctc> on 2026-01-11 00:00:00+00:00
[2026-01-18T03:27:59.797+0000] {warnings.py:112} WARNING - This process (pid=3478) is multi-threaded, use of fork() may lead to deadlocks in the child.

[2026-01-18T03:27:59.798+0000] {standard_task_runner.py:64} INFO - Started process 3504 to run task
[2026-01-18T03:27:59.800+0000] {standard_task_runner.py:90} INFO - Running: ['***', 'tasks', 'run', 'bctc', 'ingest_bctc', 'scheduled__2026-01-11T00:00:00+00:00', '--job-id', '1780', '--raw', '--subdir', 'DAGS_FOLDER/tt_cty_bctc.py', '--cfg-path', '/tmp/tmpqywfjr84', '--map-index', '68']
[2026-01-18T03:27:59.803+0000] {standard_task_runner.py:91} INFO - Job 1780: Subtask ingest_bctc
[2026-01-18T03:27:59.847+0000] {task_command.py:426} INFO - Running <TaskInstance: bctc.ingest_bctc scheduled__2026-01-11T00:00:00+00:00 map_index=68 [running]> on host 5ae19da926ef
[2026-01-18T03:27:59.933+0000] {taskinstance.py:2648} INFO - Exporting env vars: AIRFLOW_CTX_DAG_OWNER='***' AIRFLOW_CTX_DAG_ID='bctc' AIRFLOW_CTX_TASK_ID='ingest_bctc' AIRFLOW_CTX_EXECUTION_DATE='2026-01-11T00:00:00+00:00' AIRFLOW_CTX_TRY_NUMBER='1' AIRFLOW_CTX_DAG_RUN_ID='scheduled__2026-01-11T00:00:00+00:00'
[2026-01-18T03:27:59.934+0000] {taskinstance.py:430} INFO - ::endgroup::
[2026-01-18T03:27:59.939+0000] {logging_mixin.py:188} INFO - Bắt đầu xử lý batch 20 mã: ['DMN', 'DMC', 'DM7', 'DLT', 'DLR', 'DLM', 'DLG', 'DLD', 'DL1', 'DKW', 'DKH', 'DKG', 'DKC', 'DIH', 'DIG', 'DID', 'DIC', 'DHT', 'DHP', 'DHN']
[2026-01-18T03:27:59.939+0000] {logging_mixin.py:188} INFO -  >> Đang lấy dữ liệu: DMN
[2026-01-18T03:28:08.692+0000] {logging_mixin.py:188} INFO -  >> Đang lấy dữ liệu: DMC
[2026-01-18T03:28:19.147+0000] {logging_mixin.py:188} INFO -  >> Đang lấy dữ liệu: DM7
[2026-01-18T03:28:29.100+0000] {logging_mixin.py:188} INFO -  >> Đang lấy dữ liệu: DLT
[2026-01-18T03:28:39.797+0000] {logging_mixin.py:188} INFO -  >> Đang lấy dữ liệu: DLR
[2026-01-18T03:28:52.072+0000] {logging_mixin.py:188} INFO -  >> Đang lấy dữ liệu: DLM
[2026-01-18T03:28:57.563+0000] {logging_mixin.py:188} INFO - ❌ Lỗi income_statement: RetryError[<Future at 0x7f4f120b3e90 state=finished raised KeyError>]
[2026-01-18T03:29:04.231+0000] {logging_mixin.py:188} INFO - ❌ Lỗi balance_sheet: RetryError[<Future at 0x7f4f120b16a0 state=finished raised KeyError>]
[2026-01-18T03:29:10.486+0000] {logging_mixin.py:188} INFO - ❌ Lỗi cash_flow: RetryError[<Future at 0x7f4f120b3470 state=finished raised KeyError>]
[2026-01-18T03:29:13.987+0000] {logging_mixin.py:188} INFO -  >> Đang lấy dữ liệu: DLG
[2026-01-18T03:29:23.483+0000] {logging_mixin.py:188} INFO -  >> Đang lấy dữ liệu: DLD
[2026-01-18T03:29:36.161+0000] {logging_mixin.py:188} INFO -  >> Đang lấy dữ liệu: DL1
[2026-01-18T03:29:46.115+0000] {logging_mixin.py:188} INFO -  >> Đang lấy dữ liệu: DKW
[2026-01-18T03:29:50.870+0000] {logging_mixin.py:188} INFO - ❌ Lỗi income_statement: RetryError[<Future at 0x7f4f11f1c0e0 state=finished raised KeyError>]
[2026-01-18T03:29:57.841+0000] {logging_mixin.py:188} INFO - ❌ Lỗi balance_sheet: RetryError[<Future at 0x7f4f11f1e750 state=finished raised KeyError>]
[2026-01-18T03:30:04.140+0000] {logging_mixin.py:188} INFO - ❌ Lỗi cash_flow: RetryError[<Future at 0x7f4f11f1c170 state=finished raised KeyError>]
[2026-01-18T03:30:07.641+0000] {logging_mixin.py:188} INFO -  >> Đang lấy dữ liệu: DKH
[2026-01-18T03:30:08.357+0000] {logging_mixin.py:188} INFO -  Lỗi xử lý mã DKH: 'NoneType' object is not subscriptable
[2026-01-18T03:30:08.358+0000] {logging_mixin.py:188} INFO -  >> Đang lấy dữ liệu: DKG
[2026-01-18T03:30:17.874+0000] {logging_mixin.py:188} INFO -  >> Đang lấy dữ liệu: DKC
[2026-01-18T03:30:26.466+0000] {logging_mixin.py:188} INFO -  >> Đang lấy dữ liệu: DIH
[2026-01-18T03:30:35.169+0000] {logging_mixin.py:188} INFO -  >> Đang lấy dữ liệu: DIG
[2026-01-18T03:30:46.334+0000] {logging_mixin.py:188} INFO -  >> Đang lấy dữ liệu: DID
[2026-01-18T03:30:55.003+0000] {logging_mixin.py:188} INFO -  >> Đang lấy dữ liệu: DIC
[2026-01-18T03:31:05.183+0000] {logging_mixin.py:188} INFO -  >> Đang lấy dữ liệu: DHT
[2026-01-18T03:31:14.336+0000] {logging_mixin.py:188} INFO -  >> Đang lấy dữ liệu: DHP
[2026-01-18T03:31:23.991+0000] {logging_mixin.py:188} INFO -  >> Đang lấy dữ liệu: DHN
[2026-01-18T03:31:29.153+0000] {logging_mixin.py:188} INFO - ❌ Lỗi income_statement: RetryError[<Future at 0x7f4f120b1e50 state=finished raised KeyError>]
[2026-01-18T03:31:35.528+0000] {logging_mixin.py:188} INFO - ❌ Lỗi balance_sheet: RetryError[<Future at 0x7f4f120b3320 state=finished raised KeyError>]
[2026-01-18T03:31:41.480+0000] {logging_mixin.py:188} INFO - ❌ Lỗi cash_flow: RetryError[<Future at 0x7f4f120b3260 state=finished raised KeyError>]
[2026-01-18T03:31:44.981+0000] {logging_mixin.py:188} INFO -  ⚠ Batch này không thu được dữ liệu nào.
[2026-01-18T03:31:44.982+0000] {datalake_df2csv.py:40} INFO - DataFrame rỗng, bỏ qua upload CSV.
[2026-01-18T03:31:44.982+0000] {taskinstance.py:441} INFO - ::group::Post task execution logs
[2026-01-18T03:31:44.991+0000] {taskinstance.py:1206} INFO - Marking task as SUCCESS. dag_id=bctc, task_id=ingest_bctc, run_id=scheduled__2026-01-11T00:00:00+00:00, map_index=68, execution_date=20260111T000000, start_date=20260118T032759, end_date=20260118T033144
[2026-01-18T03:31:45.018+0000] {local_task_job_runner.py:243} INFO - Task exited with return code 0
[2026-01-18T03:31:45.044+0000] {taskinstance.py:3503} INFO - 0 downstream tasks scheduled from follow-on schedule check
[2026-01-18T03:31:45.046+0000] {local_task_job_runner.py:222} INFO - ::endgroup::
