[2026-02-01T15:28:39.831+0000] {local_task_job_runner.py:120} INFO - ::group::Pre task execution logs
[2026-02-01T15:28:39.921+0000] {taskinstance.py:2076} INFO - Dependencies all met for dep_context=non-requeueable deps ti=<TaskInstance: daily_price_minio.ingest_daily_price manual__2026-02-01T15:15:31+00:00 map_index=34 [queued]>
[2026-02-01T15:28:39.963+0000] {taskinstance.py:2076} INFO - Dependencies all met for dep_context=requeueable deps ti=<TaskInstance: daily_price_minio.ingest_daily_price manual__2026-02-01T15:15:31+00:00 map_index=34 [queued]>
[2026-02-01T15:28:39.965+0000] {taskinstance.py:2306} INFO - Starting attempt 1 of 2
[2026-02-01T15:28:40.107+0000] {taskinstance.py:2330} INFO - Executing <Mapped(DfToCsvOperator): ingest_daily_price> on 2026-02-01 15:15:31+00:00
[2026-02-01T15:28:40.141+0000] {warnings.py:112} WARNING - This process (pid=828) is multi-threaded, use of fork() may lead to deadlocks in the child.

[2026-02-01T15:28:40.152+0000] {standard_task_runner.py:64} INFO - Started process 950 to run task
[2026-02-01T15:28:40.157+0000] {standard_task_runner.py:90} INFO - Running: ['***', 'tasks', 'run', 'daily_price_minio', 'ingest_daily_price', 'manual__2026-02-01T15:15:31+00:00', '--job-id', '15021', '--raw', '--subdir', 'DAGS_FOLDER/dl_dailly_price.py', '--cfg-path', '/tmp/tmphe2zygzn', '--map-index', '34']
[2026-02-01T15:28:40.166+0000] {standard_task_runner.py:91} INFO - Job 15021: Subtask ingest_daily_price
[2026-02-01T15:28:40.301+0000] {task_command.py:426} INFO - Running <TaskInstance: daily_price_minio.ingest_daily_price manual__2026-02-01T15:15:31+00:00 map_index=34 [running]> on host 6bc5491d6654
[2026-02-01T15:28:40.724+0000] {taskinstance.py:2648} INFO - Exporting env vars: AIRFLOW_CTX_DAG_OWNER='***' AIRFLOW_CTX_DAG_ID='daily_price_minio' AIRFLOW_CTX_TASK_ID='ingest_daily_price' AIRFLOW_CTX_EXECUTION_DATE='2026-02-01T15:15:31+00:00' AIRFLOW_CTX_TRY_NUMBER='1' AIRFLOW_CTX_DAG_RUN_ID='manual__2026-02-01T15:15:31+00:00'
[2026-02-01T15:28:40.738+0000] {taskinstance.py:430} INFO - ::endgroup::
[2026-02-01T15:28:45.509+0000] {base.py:84} INFO - Using connection ID 'minio_finance' for task execution.
[2026-02-01T15:28:45.512+0000] {connection_wrapper.py:384} INFO - AWS Connection (conn_id='minio_finance', conn_type='aws') credentials retrieved from login and password.
[2026-02-01T15:28:46.287+0000] {datalake_df2csv.py:52} INFO - ✅ Đã upload 15 dòng -> s3://thongtin-congty-va-bctc/daily_price/2026-02-01/batch_34.csv
[2026-02-01T15:28:46.288+0000] {taskinstance.py:441} INFO - ::group::Post task execution logs
[2026-02-01T15:28:46.299+0000] {taskinstance.py:1206} INFO - Marking task as SUCCESS. dag_id=daily_price_minio, task_id=ingest_daily_price, run_id=manual__2026-02-01T15:15:31+00:00, map_index=34, execution_date=20260201T151531, start_date=20260201T152839, end_date=20260201T152846
[2026-02-01T15:28:46.363+0000] {local_task_job_runner.py:243} INFO - Task exited with return code 0
[2026-02-01T15:28:46.389+0000] {taskinstance.py:3503} INFO - 0 downstream tasks scheduled from follow-on schedule check
[2026-02-01T15:28:46.392+0000] {local_task_job_runner.py:222} INFO - ::endgroup::
