[2026-03-10T13:46:22.541+0000] {local_task_job_runner.py:120} INFO - ::group::Pre task execution logs
[2026-03-10T13:46:22.590+0000] {taskinstance.py:2076} INFO - Dependencies all met for dep_context=non-requeueable deps ti=<TaskInstance: electric_board_daily.ingest_electric_board scheduled__2026-03-06T16:00:00+00:00 map_index=29 [queued]>
[2026-03-10T13:46:22.623+0000] {taskinstance.py:2076} INFO - Dependencies all met for dep_context=requeueable deps ti=<TaskInstance: electric_board_daily.ingest_electric_board scheduled__2026-03-06T16:00:00+00:00 map_index=29 [queued]>
[2026-03-10T13:46:22.643+0000] {taskinstance.py:2306} INFO - Starting attempt 1 of 3
[2026-03-10T13:46:22.685+0000] {taskinstance.py:2330} INFO - Executing <Mapped(DfToCsvOperator): ingest_electric_board> on 2026-03-06 16:00:00+00:00
[2026-03-10T13:46:22.700+0000] {warnings.py:112} WARNING - This process (pid=504) is multi-threaded, use of fork() may lead to deadlocks in the child.

[2026-03-10T13:46:22.703+0000] {standard_task_runner.py:64} INFO - Started process 596 to run task
[2026-03-10T13:46:22.709+0000] {standard_task_runner.py:90} INFO - Running: ['***', 'tasks', 'run', 'electric_board_daily', 'ingest_electric_board', 'scheduled__2026-03-06T16:00:00+00:00', '--job-id', '31887', '--raw', '--subdir', 'DAGS_FOLDER/dl_electric_board.py', '--cfg-path', '/tmp/tmprvbos564', '--map-index', '29']
[2026-03-10T13:46:22.714+0000] {standard_task_runner.py:91} INFO - Job 31887: Subtask ingest_electric_board
[2026-03-10T13:46:22.852+0000] {task_command.py:426} INFO - Running <TaskInstance: electric_board_daily.ingest_electric_board scheduled__2026-03-06T16:00:00+00:00 map_index=29 [running]> on host a484976c6a47
[2026-03-10T13:46:23.219+0000] {taskinstance.py:2648} INFO - Exporting env vars: AIRFLOW_CTX_DAG_OWNER='***' AIRFLOW_CTX_DAG_ID='electric_board_daily' AIRFLOW_CTX_TASK_ID='ingest_electric_board' AIRFLOW_CTX_EXECUTION_DATE='2026-03-06T16:00:00+00:00' AIRFLOW_CTX_TRY_NUMBER='1' AIRFLOW_CTX_DAG_RUN_ID='scheduled__2026-03-06T16:00:00+00:00'
[2026-03-10T13:46:23.224+0000] {taskinstance.py:430} INFO - ::endgroup::
[2026-03-10T13:46:23.225+0000] {datalake_df2csv.py:40} INFO - ================================================================================
[2026-03-10T13:46:23.228+0000] {datalake_df2csv.py:41} INFO - 🚀 BẮT ĐẦU TASK: ingest_electric_board
[2026-03-10T13:46:23.230+0000] {datalake_df2csv.py:42} INFO - ================================================================================
[2026-03-10T13:46:23.232+0000] {datalake_df2csv.py:43} INFO - 📋 Thông tin cấu hình:
[2026-03-10T13:46:23.233+0000] {datalake_df2csv.py:44} INFO -   - Logic file: electric_board
[2026-03-10T13:46:23.234+0000] {datalake_df2csv.py:45} INFO -   - DataFrame name: get_price_board_batch
[2026-03-10T13:46:23.236+0000] {datalake_df2csv.py:46} INFO -   - Bucket: thongtin-congty-va-bctc
[2026-03-10T13:46:23.238+0000] {datalake_df2csv.py:47} INFO -   - Object path: electric_board_per_day/2026-03-06/batch_29.csv
[2026-03-10T13:46:23.239+0000] {datalake_df2csv.py:48} INFO -   - Connection ID: minio_finance
[2026-03-10T13:46:23.244+0000] {datalake_df2csv.py:49} INFO -   - Tham số truyền vào: {'symbols': ['VGP', 'STH', 'LGL', 'SCO', 'MGR', 'CDO', 'BCA', 'NHP', 'NTL', 'PPH', 'DM7', 'MDC', 'CMM', 'TPS', 'BMG', 'NDC', 'HMH', 'SRF', 'ONE', 'SHC', 'KKC', 'STL', 'TW3', 'RCC', 'TET', 'SPI', 'TTF', 'TOP', 'BBS', 'DFF', 'PGV', 'MIE', 'MIG', 'SBM', 'NDP', 'CET', 'HVA', 'VCB', 'LUT', 'PVR', 'VDG', 'CLM', 'BAL', 'KMR', 'LAI', 'HBS', 'POM', 'TCR', 'PTC', 'GLT'], 'trading_date': '2026-03-06'}
[2026-03-10T13:46:23.245+0000] {datalake_df2csv.py:50} INFO - --------------------------------------------------------------------------------
[2026-03-10T13:46:23.246+0000] {datalake_df2csv.py:54} INFO - 📥 Bước 1: Đang load dữ liệu từ logic file...
[2026-03-10T13:46:23.251+0000] {datalake_df2csv.py:148} INFO -   - Logic directory: /opt/airflow/plugins/logic
[2026-03-10T13:46:23.258+0000] {datalake_df2csv.py:149} INFO -   - Module path: /opt/airflow/plugins/logic/electric_board.py
[2026-03-10T13:46:23.260+0000] {datalake_df2csv.py:153} INFO -   - Đã thêm logic directory vào sys.path
[2026-03-10T13:46:23.262+0000] {datalake_df2csv.py:159} INFO -   - Đang load module 'electric_board'...
[2026-03-10T13:46:23.273+0000] {datalake_df2csv.py:163} INFO -   - ✅ Module loaded thành công
[2026-03-10T13:46:23.274+0000] {datalake_df2csv.py:165} INFO -   - Đang tìm DataFrame/function: 'get_price_board_batch'...
[2026-03-10T13:46:23.275+0000] {datalake_df2csv.py:170} INFO -   - ✅ Tìm thấy object: function
[2026-03-10T13:46:23.276+0000] {datalake_df2csv.py:173} INFO -   - Đang gọi function với tham số: {'symbols': ['VGP', 'STH', 'LGL', 'SCO', 'MGR', 'CDO', 'BCA', 'NHP', 'NTL', 'PPH', 'DM7', 'MDC', 'CMM', 'TPS', 'BMG', 'NDC', 'HMH', 'SRF', 'ONE', 'SHC', 'KKC', 'STL', 'TW3', 'RCC', 'TET', 'SPI', 'TTF', 'TOP', 'BBS', 'DFF', 'PGV', 'MIE', 'MIG', 'SBM', 'NDP', 'CET', 'HVA', 'VCB', 'LUT', 'PVR', 'VDG', 'CLM', 'BAL', 'KMR', 'LAI', 'HBS', 'POM', 'TCR', 'PTC', 'GLT'], 'trading_date': '2026-03-06'}
[2026-03-10T13:46:23.279+0000] {logging_mixin.py:188} INFO - [ELECTRIC_BOARD] Fetching price board for 50 symbols: ['VGP', 'STH', 'LGL', 'SCO', 'MGR']...
[2026-03-10T13:46:26.409+0000] {logging_mixin.py:188} INFO - [ELECTRIC_BOARD] ✅ Fetched 50 rows, 1 columns
[2026-03-10T13:46:26.412+0000] {datalake_df2csv.py:68} INFO - ✅ Load dữ liệu thành công!
[2026-03-10T13:46:26.414+0000] {datalake_df2csv.py:69} INFO - 📊 Thông tin DataFrame:
[2026-03-10T13:46:26.419+0000] {datalake_df2csv.py:70} INFO -   - Số dòng: 50
[2026-03-10T13:46:26.428+0000] {datalake_df2csv.py:71} INFO -   - Số cột: 1
[2026-03-10T13:46:26.429+0000] {datalake_df2csv.py:72} INFO -   - Tên các cột: ['trading_date']
[2026-03-10T13:46:26.430+0000] {datalake_df2csv.py:73} INFO -   - Kiểu dữ liệu: {'trading_date': 'object'}
[2026-03-10T13:46:26.439+0000] {datalake_df2csv.py:74} INFO -   - Bộ nhớ sử dụng: 0.00 MB
[2026-03-10T13:46:26.445+0000] {datalake_df2csv.py:83} INFO -   - Không có giá trị NULL
[2026-03-10T13:46:26.451+0000] {datalake_df2csv.py:86} INFO -   - Mẫu dữ liệu (5 dòng đầu):
[2026-03-10T13:46:26.455+0000] {datalake_df2csv.py:88} INFO -     Row 0: {'trading_date': '2026-03-06'}
[2026-03-10T13:46:26.459+0000] {datalake_df2csv.py:88} INFO -     Row 1: {'trading_date': '2026-03-06'}
[2026-03-10T13:46:26.461+0000] {datalake_df2csv.py:88} INFO -     Row 2: {'trading_date': '2026-03-06'}
[2026-03-10T13:46:26.464+0000] {datalake_df2csv.py:88} INFO -     Row 3: {'trading_date': '2026-03-06'}
[2026-03-10T13:46:26.467+0000] {datalake_df2csv.py:88} INFO -     Row 4: {'trading_date': '2026-03-06'}
[2026-03-10T13:46:26.470+0000] {datalake_df2csv.py:90} INFO - --------------------------------------------------------------------------------
[2026-03-10T13:46:26.481+0000] {datalake_df2csv.py:93} INFO - 📝 Bước 2: Đang chuyển đổi DataFrame sang CSV...
[2026-03-10T13:46:26.501+0000] {datalake_df2csv.py:97} INFO - ✅ Chuyển đổi CSV thành công!
[2026-03-10T13:46:26.515+0000] {datalake_df2csv.py:98} INFO -   - Kích thước file: 0.00 MB
[2026-03-10T13:46:26.520+0000] {datalake_df2csv.py:99} INFO -   - Thời gian chuyển đổi: 0.02 giây
[2026-03-10T13:46:26.522+0000] {datalake_df2csv.py:100} INFO - --------------------------------------------------------------------------------
[2026-03-10T13:46:26.525+0000] {datalake_df2csv.py:103} INFO - ☁️  Bước 3: Đang upload lên MinIO/S3...
[2026-03-10T13:46:26.562+0000] {base.py:84} INFO - Using connection ID 'minio_finance' for task execution.
[2026-03-10T13:46:26.578+0000] {connection_wrapper.py:384} INFO - AWS Connection (conn_id='minio_finance', conn_type='aws') credentials retrieved from login and password.
[2026-03-10T13:46:28.291+0000] {datalake_df2csv.py:112} INFO -   - Bucket 'thongtin-congty-va-bctc' đã tồn tại
[2026-03-10T13:46:28.647+0000] {datalake_df2csv.py:117} INFO - ✅ Upload thành công!
[2026-03-10T13:46:28.648+0000] {datalake_df2csv.py:118} INFO -   - Đường dẫn: s3://thongtin-congty-va-bctc/electric_board_per_day/2026-03-06/batch_29.csv
[2026-03-10T13:46:28.652+0000] {datalake_df2csv.py:119} INFO -   - Số dòng: 50
[2026-03-10T13:46:28.653+0000] {datalake_df2csv.py:120} INFO -   - Thời gian upload: 2.12 giây
[2026-03-10T13:46:28.658+0000] {datalake_df2csv.py:121} INFO - --------------------------------------------------------------------------------
[2026-03-10T13:46:28.659+0000] {datalake_df2csv.py:125} INFO - 📈 TỔNG KẾT:
[2026-03-10T13:46:28.662+0000] {datalake_df2csv.py:126} INFO -   - Tổng thời gian thực thi: 5.43 giây
[2026-03-10T13:46:28.670+0000] {datalake_df2csv.py:127} INFO -   - Tốc độ xử lý: 9 dòng/giây
[2026-03-10T13:46:28.671+0000] {datalake_df2csv.py:128} INFO - ================================================================================
[2026-03-10T13:46:28.672+0000] {datalake_df2csv.py:129} INFO - ✅ HOÀN THÀNH TASK: ingest_electric_board
[2026-03-10T13:46:28.673+0000] {datalake_df2csv.py:130} INFO - ================================================================================
[2026-03-10T13:46:28.678+0000] {taskinstance.py:441} INFO - ::group::Post task execution logs
[2026-03-10T13:46:28.714+0000] {taskinstance.py:1206} INFO - Marking task as SUCCESS. dag_id=electric_board_daily, task_id=ingest_electric_board, run_id=scheduled__2026-03-06T16:00:00+00:00, map_index=29, execution_date=20260306T160000, start_date=20260310T134622, end_date=20260310T134628
[2026-03-10T13:46:28.884+0000] {local_task_job_runner.py:243} INFO - Task exited with return code 0
[2026-03-10T13:46:28.949+0000] {taskinstance.py:3503} INFO - 0 downstream tasks scheduled from follow-on schedule check
[2026-03-10T13:46:28.968+0000] {local_task_job_runner.py:222} INFO - ::endgroup::
