[2026-01-18T02:56:08.249+0000] {local_task_job_runner.py:120} INFO - ::group::Pre task execution logs
[2026-01-18T02:56:08.276+0000] {taskinstance.py:2076} INFO - Dependencies all met for dep_context=non-requeueable deps ti=<TaskInstance: bctc.ingest_bctc scheduled__2026-01-11T00:00:00+00:00 map_index=5 [queued]>
[2026-01-18T02:56:08.295+0000] {taskinstance.py:2076} INFO - Dependencies all met for dep_context=requeueable deps ti=<TaskInstance: bctc.ingest_bctc scheduled__2026-01-11T00:00:00+00:00 map_index=5 [queued]>
[2026-01-18T02:56:08.296+0000] {taskinstance.py:2306} INFO - Starting attempt 1 of 2
[2026-01-18T02:56:08.319+0000] {taskinstance.py:2330} INFO - Executing <Mapped(DfToCsvOperator): ingest_bctc> on 2026-01-11 00:00:00+00:00
[2026-01-18T02:56:08.333+0000] {warnings.py:112} WARNING - This process (pid=933) is multi-threaded, use of fork() may lead to deadlocks in the child.

[2026-01-18T02:56:08.335+0000] {standard_task_runner.py:64} INFO - Started process 967 to run task
[2026-01-18T02:56:08.338+0000] {standard_task_runner.py:90} INFO - Running: ['***', 'tasks', 'run', 'bctc', 'ingest_bctc', 'scheduled__2026-01-11T00:00:00+00:00', '--job-id', '1592', '--raw', '--subdir', 'DAGS_FOLDER/tt_cty_bctc.py', '--cfg-path', '/tmp/tmpmu7ekfc4', '--map-index', '5']
[2026-01-18T02:56:08.345+0000] {standard_task_runner.py:91} INFO - Job 1592: Subtask ingest_bctc
[2026-01-18T02:56:08.409+0000] {task_command.py:426} INFO - Running <TaskInstance: bctc.ingest_bctc scheduled__2026-01-11T00:00:00+00:00 map_index=5 [running]> on host 931c2101ff2f
[2026-01-18T02:56:08.537+0000] {taskinstance.py:2648} INFO - Exporting env vars: AIRFLOW_CTX_DAG_OWNER='***' AIRFLOW_CTX_DAG_ID='bctc' AIRFLOW_CTX_TASK_ID='ingest_bctc' AIRFLOW_CTX_EXECUTION_DATE='2026-01-11T00:00:00+00:00' AIRFLOW_CTX_TRY_NUMBER='1' AIRFLOW_CTX_DAG_RUN_ID='scheduled__2026-01-11T00:00:00+00:00'
[2026-01-18T02:56:08.539+0000] {taskinstance.py:430} INFO - ::endgroup::
[2026-01-18T02:56:08.549+0000] {logging_mixin.py:188} INFO - Bắt đầu xử lý batch 20 mã: ['VMC', 'VMA', 'VLW', 'VLS', 'VLP', 'VLG', 'VLF', 'VLC', 'VLB', 'VLA', 'VKP', 'VKD', 'VKC', 'VJC', 'VIX', 'VIW', 'VIT', 'VIS', 'VIR', 'VIP']
[2026-01-18T02:56:08.550+0000] {logging_mixin.py:188} INFO -  >> Đang lấy dữ liệu: VMC
[2026-01-18T02:56:18.019+0000] {logging_mixin.py:188} INFO -  >> Đang lấy dữ liệu: VMA
[2026-01-18T02:56:27.184+0000] {logging_mixin.py:188} INFO -  >> Đang lấy dữ liệu: VLW
[2026-01-18T02:56:35.707+0000] {logging_mixin.py:188} INFO -  >> Đang lấy dữ liệu: VLS
[2026-01-18T02:56:40.788+0000] {logging_mixin.py:188} INFO - ❌ Lỗi income_statement: RetryError[<Future at 0x7f4732d64e60 state=finished raised KeyError>]
[2026-01-18T02:56:47.119+0000] {logging_mixin.py:188} INFO - ❌ Lỗi balance_sheet: RetryError[<Future at 0x7f4732d66bd0 state=finished raised KeyError>]
[2026-01-18T02:56:53.423+0000] {logging_mixin.py:188} INFO - ❌ Lỗi cash_flow: RetryError[<Future at 0x7f4732d67080 state=finished raised KeyError>]
[2026-01-18T02:56:56.924+0000] {logging_mixin.py:188} INFO -  >> Đang lấy dữ liệu: VLP
[2026-01-18T02:57:05.650+0000] {logging_mixin.py:188} INFO -  >> Đang lấy dữ liệu: VLG
[2026-01-18T02:57:15.120+0000] {logging_mixin.py:188} INFO -  >> Đang lấy dữ liệu: VLF
[2026-01-18T02:57:23.965+0000] {logging_mixin.py:188} INFO -  >> Đang lấy dữ liệu: VLC
[2026-01-18T02:57:33.151+0000] {logging_mixin.py:188} INFO -  >> Đang lấy dữ liệu: VLB
[2026-01-18T02:57:43.873+0000] {logging_mixin.py:188} INFO -  >> Đang lấy dữ liệu: VLA
[2026-01-18T02:57:54.872+0000] {logging_mixin.py:188} INFO -  >> Đang lấy dữ liệu: VKP
[2026-01-18T02:58:00.198+0000] {logging_mixin.py:188} INFO -  Lỗi xử lý mã VKP: 'year'
[2026-01-18T02:58:00.199+0000] {logging_mixin.py:188} INFO -  >> Đang lấy dữ liệu: VKD
[2026-01-18T02:58:08.455+0000] {logging_mixin.py:188} INFO -  >> Đang lấy dữ liệu: VKC
[2026-01-18T02:58:19.449+0000] {logging_mixin.py:188} INFO -  >> Đang lấy dữ liệu: VJC
[2026-01-18T02:58:29.199+0000] {logging_mixin.py:188} INFO -  >> Đang lấy dữ liệu: VIX
[2026-01-18T02:58:38.251+0000] {logging_mixin.py:188} INFO -  >> Đang lấy dữ liệu: VIW
[2026-01-18T02:58:46.693+0000] {logging_mixin.py:188} INFO -  >> Đang lấy dữ liệu: VIT
[2026-01-18T02:58:55.216+0000] {logging_mixin.py:188} INFO -  >> Đang lấy dữ liệu: VIS
[2026-01-18T02:59:06.463+0000] {logging_mixin.py:188} INFO -  >> Đang lấy dữ liệu: VIR
[2026-01-18T02:59:11.989+0000] {logging_mixin.py:188} INFO - ❌ Lỗi income_statement: RetryError[<Future at 0x7f4732db8f20 state=finished raised KeyError>]
[2026-01-18T02:59:18.031+0000] {logging_mixin.py:188} INFO - ❌ Lỗi balance_sheet: RetryError[<Future at 0x7f4732dba270 state=finished raised KeyError>]
[2026-01-18T02:59:24.027+0000] {logging_mixin.py:188} INFO - ❌ Lỗi cash_flow: RetryError[<Future at 0x7f4732db9c10 state=finished raised KeyError>]
[2026-01-18T02:59:27.528+0000] {logging_mixin.py:188} INFO -  >> Đang lấy dữ liệu: VIP
[2026-01-18T02:59:36.788+0000] {logging_mixin.py:188} INFO -  ⚠ Batch này không thu được dữ liệu nào.
[2026-01-18T02:59:36.791+0000] {datalake_df2csv.py:40} INFO - DataFrame rỗng, bỏ qua upload CSV.
[2026-01-18T02:59:36.792+0000] {taskinstance.py:441} INFO - ::group::Post task execution logs
[2026-01-18T02:59:36.809+0000] {taskinstance.py:1206} INFO - Marking task as SUCCESS. dag_id=bctc, task_id=ingest_bctc, run_id=scheduled__2026-01-11T00:00:00+00:00, map_index=5, execution_date=20260111T000000, start_date=20260118T025608, end_date=20260118T025936
[2026-01-18T02:59:36.861+0000] {local_task_job_runner.py:243} INFO - Task exited with return code 0
[2026-01-18T02:59:36.928+0000] {taskinstance.py:3503} INFO - 0 downstream tasks scheduled from follow-on schedule check
[2026-01-18T02:59:36.946+0000] {local_task_job_runner.py:222} INFO - ::endgroup::
