[2026-03-21T07:41:30.651+0000] {local_task_job_runner.py:120} INFO - ::group::Pre task execution logs
[2026-03-21T07:41:30.713+0000] {taskinstance.py:2076} INFO - Dependencies all met for dep_context=non-requeueable deps ti=<TaskInstance: daily_price.ingest_daily_price scheduled__2026-03-11T16:00:00+00:00 map_index=149 [queued]>
[2026-03-21T07:41:30.749+0000] {taskinstance.py:2076} INFO - Dependencies all met for dep_context=requeueable deps ti=<TaskInstance: daily_price.ingest_daily_price scheduled__2026-03-11T16:00:00+00:00 map_index=149 [queued]>
[2026-03-21T07:41:30.750+0000] {taskinstance.py:2306} INFO - Starting attempt 1 of 2
[2026-03-21T07:41:30.777+0000] {taskinstance.py:2330} INFO - Executing <Mapped(DfToCsvOperator): ingest_daily_price> on 2026-03-11 16:00:00+00:00
[2026-03-21T07:41:30.793+0000] {warnings.py:112} WARNING - This process (pid=3413) is multi-threaded, use of fork() may lead to deadlocks in the child.

[2026-03-21T07:41:30.795+0000] {standard_task_runner.py:64} INFO - Started process 3439 to run task
[2026-03-21T07:41:30.798+0000] {standard_task_runner.py:90} INFO - Running: ['***', 'tasks', 'run', 'daily_price', 'ingest_daily_price', 'scheduled__2026-03-11T16:00:00+00:00', '--job-id', '33511', '--raw', '--subdir', 'DAGS_FOLDER/dl_dailly_price.py', '--cfg-path', '/tmp/tmphf631e2v', '--map-index', '149']
[2026-03-21T07:41:30.802+0000] {standard_task_runner.py:91} INFO - Job 33511: Subtask ingest_daily_price
[2026-03-21T07:41:30.883+0000] {task_command.py:426} INFO - Running <TaskInstance: daily_price.ingest_daily_price scheduled__2026-03-11T16:00:00+00:00 map_index=149 [running]> on host f78ccc25496b
[2026-03-21T07:41:31.572+0000] {taskinstance.py:2648} INFO - Exporting env vars: AIRFLOW_CTX_DAG_OWNER='***' AIRFLOW_CTX_DAG_ID='daily_price' AIRFLOW_CTX_TASK_ID='ingest_daily_price' AIRFLOW_CTX_EXECUTION_DATE='2026-03-11T16:00:00+00:00' AIRFLOW_CTX_TRY_NUMBER='1' AIRFLOW_CTX_DAG_RUN_ID='scheduled__2026-03-11T16:00:00+00:00'
[2026-03-21T07:41:31.574+0000] {taskinstance.py:430} INFO - ::endgroup::
[2026-03-21T07:41:31.575+0000] {datalake_df2csv.py:40} INFO - ================================================================================
[2026-03-21T07:41:31.575+0000] {datalake_df2csv.py:41} INFO - 🚀 BẮT ĐẦU TASK: ingest_daily_price
[2026-03-21T07:41:31.576+0000] {datalake_df2csv.py:42} INFO - ================================================================================
[2026-03-21T07:41:31.582+0000] {datalake_df2csv.py:43} INFO - 📋 Thông tin cấu hình:
[2026-03-21T07:41:31.585+0000] {datalake_df2csv.py:44} INFO -   - Logic file: history_price
[2026-03-21T07:41:31.590+0000] {datalake_df2csv.py:45} INFO -   - DataFrame name: get_history_price_batch
[2026-03-21T07:41:31.591+0000] {datalake_df2csv.py:46} INFO -   - Bucket: thongtin-congty-va-bctc
[2026-03-21T07:41:31.592+0000] {datalake_df2csv.py:47} INFO -   - Object path: daily_price/2026-03-11/batch_149.csv
[2026-03-21T07:41:31.592+0000] {datalake_df2csv.py:48} INFO -   - Connection ID: minio_finance
[2026-03-21T07:41:31.593+0000] {datalake_df2csv.py:49} INFO -   - Tham số truyền vào: {'symbols': ['TMP', 'CSM', 'DAT', 'GPC', 'TIX'], 'start_date': '2026-03-11', 'end_date': '2026-03-12'}
[2026-03-21T07:41:31.594+0000] {datalake_df2csv.py:50} INFO - --------------------------------------------------------------------------------
[2026-03-21T07:41:31.595+0000] {datalake_df2csv.py:54} INFO - 📥 Bước 1: Đang load dữ liệu từ logic file...
[2026-03-21T07:41:31.606+0000] {datalake_df2csv.py:148} INFO -   - Logic directory: /opt/airflow/plugins/logic
[2026-03-21T07:41:31.607+0000] {datalake_df2csv.py:149} INFO -   - Module path: /opt/airflow/plugins/logic/history_price.py
[2026-03-21T07:41:31.608+0000] {datalake_df2csv.py:153} INFO -   - Đã thêm logic directory vào sys.path
[2026-03-21T07:41:31.614+0000] {datalake_df2csv.py:159} INFO -   - Đang load module 'history_price'...
[2026-03-21T07:41:31.630+0000] {datalake_df2csv.py:163} INFO -   - ✅ Module loaded thành công
[2026-03-21T07:41:31.632+0000] {datalake_df2csv.py:165} INFO -   - Đang tìm DataFrame/function: 'get_history_price_batch'...
[2026-03-21T07:41:31.632+0000] {datalake_df2csv.py:170} INFO -   - ✅ Tìm thấy object: function
[2026-03-21T07:41:31.635+0000] {datalake_df2csv.py:173} INFO -   - Đang gọi function với tham số: {'symbols': ['TMP', 'CSM', 'DAT', 'GPC', 'TIX'], 'start_date': '2026-03-11', 'end_date': '2026-03-12'}
[2026-03-21T07:41:54.972+0000] {log.py:232} WARNING - 2026-03-21 07:41:54 - vnstock.core.utils.client - ERROR - API request failed: HTTPSConnectionPool(host='trading.vietcap.com.vn', port=443): Max retries exceeded with url: /api/chart/OHLCChart/gap-chart (Caused by NewConnectionError('<urllib3.connection.HTTPSConnection object at 0x7f3e9c1e10d0>: Failed to establish a new connection: [Errno 101] Network is unreachable'))
[2026-03-21T07:41:54.971+0000] {client.py:297} ERROR - API request failed: HTTPSConnectionPool(host='trading.vietcap.com.vn', port=443): Max retries exceeded with url: /api/chart/OHLCChart/gap-chart (Caused by NewConnectionError('<urllib3.connection.HTTPSConnection object at 0x7f3e9c1e10d0>: Failed to establish a new connection: [Errno 101] Network is unreachable'))
[2026-03-21T07:42:24.627+0000] {datalake_df2csv.py:68} INFO - ✅ Load dữ liệu thành công!
[2026-03-21T07:42:24.629+0000] {datalake_df2csv.py:69} INFO - 📊 Thông tin DataFrame:
[2026-03-21T07:42:24.631+0000] {datalake_df2csv.py:70} INFO -   - Số dòng: 20
[2026-03-21T07:42:24.635+0000] {datalake_df2csv.py:71} INFO -   - Số cột: 7
[2026-03-21T07:42:24.637+0000] {datalake_df2csv.py:72} INFO -   - Tên các cột: ['ticker', 'trading_date', 'open', 'high', 'low', 'close', 'volume']
[2026-03-21T07:42:24.641+0000] {datalake_df2csv.py:73} INFO -   - Kiểu dữ liệu: {'ticker': 'object', 'trading_date': 'object', 'open': 'float64', 'high': 'float64', 'low': 'float64', 'close': 'float64', 'volume': 'int64'}
[2026-03-21T07:42:24.648+0000] {datalake_df2csv.py:74} INFO -   - Bộ nhớ sử dụng: 0.00 MB
[2026-03-21T07:42:24.651+0000] {datalake_df2csv.py:83} INFO -   - Không có giá trị NULL
[2026-03-21T07:42:24.653+0000] {datalake_df2csv.py:86} INFO -   - Mẫu dữ liệu (5 dòng đầu):
[2026-03-21T07:42:24.656+0000] {datalake_df2csv.py:88} INFO -     Row 0: {'ticker': 'TMP', 'trading_date': '2026-03-10', 'open': 57.5, 'high': 57.5, 'low': 57.5, 'close': 57.5, 'volume': 100}
[2026-03-21T07:42:24.657+0000] {datalake_df2csv.py:88} INFO -     Row 1: {'ticker': 'TMP', 'trading_date': '2026-03-11', 'open': 57.5, 'high': 57.5, 'low': 57.5, 'close': 57.5, 'volume': 100}
[2026-03-21T07:42:24.660+0000] {datalake_df2csv.py:88} INFO -     Row 2: {'ticker': 'TMP', 'trading_date': '2026-03-12', 'open': 57.0, 'high': 57.0, 'low': 55.9, 'close': 55.9, 'volume': 11800}
[2026-03-21T07:42:24.662+0000] {datalake_df2csv.py:88} INFO -     Row 3: {'ticker': 'TMP', 'trading_date': '2026-03-13', 'open': 56.0, 'high': 56.0, 'low': 56.0, 'close': 56.0, 'volume': 200}
[2026-03-21T07:42:24.664+0000] {datalake_df2csv.py:88} INFO -     Row 4: {'ticker': 'CSM', 'trading_date': '2026-03-10', 'open': 11.3, 'high': 12.15, 'low': 11.3, 'close': 11.7, 'volume': 734700}
[2026-03-21T07:42:24.664+0000] {datalake_df2csv.py:90} INFO - --------------------------------------------------------------------------------
[2026-03-21T07:42:24.666+0000] {datalake_df2csv.py:93} INFO - 📝 Bước 2: Đang chuyển đổi DataFrame sang CSV...
[2026-03-21T07:42:24.684+0000] {datalake_df2csv.py:97} INFO - ✅ Chuyển đổi CSV thành công!
[2026-03-21T07:42:24.685+0000] {datalake_df2csv.py:98} INFO -   - Kích thước file: 0.00 MB
[2026-03-21T07:42:24.686+0000] {datalake_df2csv.py:99} INFO -   - Thời gian chuyển đổi: 0.02 giây
[2026-03-21T07:42:24.687+0000] {datalake_df2csv.py:100} INFO - --------------------------------------------------------------------------------
[2026-03-21T07:42:24.688+0000] {datalake_df2csv.py:103} INFO - ☁️  Bước 3: Đang upload lên MinIO/S3...
[2026-03-21T07:42:24.717+0000] {base.py:84} INFO - Using connection ID 'minio_finance' for task execution.
[2026-03-21T07:42:24.719+0000] {connection_wrapper.py:384} INFO - AWS Connection (conn_id='minio_finance', conn_type='aws') credentials retrieved from login and password.
[2026-03-21T07:42:25.627+0000] {datalake_df2csv.py:112} INFO -   - Bucket 'thongtin-congty-va-bctc' đã tồn tại
[2026-03-21T07:42:25.702+0000] {datalake_df2csv.py:117} INFO - ✅ Upload thành công!
[2026-03-21T07:42:25.703+0000] {datalake_df2csv.py:118} INFO -   - Đường dẫn: s3://thongtin-congty-va-bctc/daily_price/2026-03-11/batch_149.csv
[2026-03-21T07:42:25.705+0000] {datalake_df2csv.py:119} INFO -   - Số dòng: 20
[2026-03-21T07:42:25.706+0000] {datalake_df2csv.py:120} INFO -   - Thời gian upload: 1.01 giây
[2026-03-21T07:42:25.707+0000] {datalake_df2csv.py:121} INFO - --------------------------------------------------------------------------------
[2026-03-21T07:42:25.708+0000] {datalake_df2csv.py:125} INFO - 📈 TỔNG KẾT:
[2026-03-21T07:42:25.708+0000] {datalake_df2csv.py:126} INFO -   - Tổng thời gian thực thi: 54.13 giây
[2026-03-21T07:42:25.709+0000] {datalake_df2csv.py:127} INFO -   - Tốc độ xử lý: 0 dòng/giây
[2026-03-21T07:42:25.709+0000] {datalake_df2csv.py:128} INFO - ================================================================================
[2026-03-21T07:42:25.710+0000] {datalake_df2csv.py:129} INFO - ✅ HOÀN THÀNH TASK: ingest_daily_price
[2026-03-21T07:42:25.710+0000] {datalake_df2csv.py:130} INFO - ================================================================================
[2026-03-21T07:42:25.711+0000] {taskinstance.py:441} INFO - ::group::Post task execution logs
[2026-03-21T07:42:25.774+0000] {taskinstance.py:1206} INFO - Marking task as SUCCESS. dag_id=daily_price, task_id=ingest_daily_price, run_id=scheduled__2026-03-11T16:00:00+00:00, map_index=149, execution_date=20260311T160000, start_date=20260321T074130, end_date=20260321T074225
[2026-03-21T07:42:26.290+0000] {local_task_job_runner.py:243} INFO - Task exited with return code 0
[2026-03-21T07:42:26.325+0000] {taskinstance.py:3503} INFO - 0 downstream tasks scheduled from follow-on schedule check
[2026-03-21T07:42:26.330+0000] {local_task_job_runner.py:222} INFO - ::endgroup::
