[2026-04-15T16:01:52.705+0000] {local_task_job_runner.py:120} INFO - ::group::Pre task execution logs
[2026-04-15T16:01:52.746+0000] {taskinstance.py:2076} INFO - Dependencies all met for dep_context=non-requeueable deps ti=<TaskInstance: daily_price.ingest_daily_price scheduled__2026-04-14T16:00:00+00:00 map_index=26 [queued]>
[2026-04-15T16:01:52.765+0000] {taskinstance.py:2076} INFO - Dependencies all met for dep_context=requeueable deps ti=<TaskInstance: daily_price.ingest_daily_price scheduled__2026-04-14T16:00:00+00:00 map_index=26 [queued]>
[2026-04-15T16:01:52.766+0000] {taskinstance.py:2306} INFO - Starting attempt 1 of 2
[2026-04-15T16:01:52.791+0000] {taskinstance.py:2330} INFO - Executing <Mapped(DfToCsvOperator): ingest_daily_price> on 2026-04-14 16:00:00+00:00
[2026-04-15T16:01:52.811+0000] {warnings.py:112} WARNING - This process (pid=5330) is multi-threaded, use of fork() may lead to deadlocks in the child.

[2026-04-15T16:01:52.813+0000] {standard_task_runner.py:64} INFO - Started process 5384 to run task
[2026-04-15T16:01:52.833+0000] {standard_task_runner.py:90} INFO - Running: ['***', 'tasks', 'run', 'daily_price', 'ingest_daily_price', 'scheduled__2026-04-14T16:00:00+00:00', '--job-id', '42764', '--raw', '--subdir', 'DAGS_FOLDER/dl_dailly_price.py', '--cfg-path', '/tmp/tmpuapaibla', '--map-index', '26']
[2026-04-15T16:01:52.840+0000] {standard_task_runner.py:91} INFO - Job 42764: Subtask ingest_daily_price
[2026-04-15T16:01:52.948+0000] {task_command.py:426} INFO - Running <TaskInstance: daily_price.ingest_daily_price scheduled__2026-04-14T16:00:00+00:00 map_index=26 [running]> on host 0c77025344c6
[2026-04-15T16:01:53.209+0000] {taskinstance.py:2648} INFO - Exporting env vars: AIRFLOW_CTX_DAG_OWNER='***' AIRFLOW_CTX_DAG_ID='daily_price' AIRFLOW_CTX_TASK_ID='ingest_daily_price' AIRFLOW_CTX_EXECUTION_DATE='2026-04-14T16:00:00+00:00' AIRFLOW_CTX_TRY_NUMBER='1' AIRFLOW_CTX_DAG_RUN_ID='scheduled__2026-04-14T16:00:00+00:00'
[2026-04-15T16:01:53.215+0000] {taskinstance.py:430} INFO - ::endgroup::
[2026-04-15T16:01:53.218+0000] {datalake_df2csv.py:40} INFO - ================================================================================
[2026-04-15T16:01:53.222+0000] {datalake_df2csv.py:41} INFO - 🚀 BẮT ĐẦU TASK: ingest_daily_price
[2026-04-15T16:01:53.224+0000] {datalake_df2csv.py:42} INFO - ================================================================================
[2026-04-15T16:01:53.227+0000] {datalake_df2csv.py:43} INFO - 📋 Thông tin cấu hình:
[2026-04-15T16:01:53.230+0000] {datalake_df2csv.py:44} INFO -   - Logic file: history_price
[2026-04-15T16:01:53.232+0000] {datalake_df2csv.py:45} INFO -   - DataFrame name: get_history_price_batch
[2026-04-15T16:01:53.234+0000] {datalake_df2csv.py:46} INFO -   - Bucket: thongtin-congty-va-bctc
[2026-04-15T16:01:53.239+0000] {datalake_df2csv.py:47} INFO -   - Object path: daily_price/2026-04-14/batch_26.csv
[2026-04-15T16:01:53.240+0000] {datalake_df2csv.py:48} INFO -   - Connection ID: minio_finance
[2026-04-15T16:01:53.249+0000] {datalake_df2csv.py:49} INFO -   - Tham số truyền vào: {'symbols': ['PAP', 'SVD', 'TTT', 'PTI', 'TB8'], 'start_date': '2026-04-14', 'end_date': '2026-04-15'}
[2026-04-15T16:01:53.259+0000] {datalake_df2csv.py:50} INFO - --------------------------------------------------------------------------------
[2026-04-15T16:01:53.260+0000] {datalake_df2csv.py:54} INFO - 📥 Bước 1: Đang load dữ liệu từ logic file...
[2026-04-15T16:01:53.284+0000] {datalake_df2csv.py:148} INFO -   - Logic directory: /opt/airflow/plugins/logic
[2026-04-15T16:01:53.286+0000] {datalake_df2csv.py:149} INFO -   - Module path: /opt/airflow/plugins/logic/history_price.py
[2026-04-15T16:01:53.288+0000] {datalake_df2csv.py:153} INFO -   - Đã thêm logic directory vào sys.path
[2026-04-15T16:01:53.294+0000] {datalake_df2csv.py:159} INFO -   - Đang load module 'history_price'...
[2026-04-15T16:01:53.302+0000] {datalake_df2csv.py:163} INFO -   - ✅ Module loaded thành công
[2026-04-15T16:01:53.305+0000] {datalake_df2csv.py:165} INFO -   - Đang tìm DataFrame/function: 'get_history_price_batch'...
[2026-04-15T16:01:53.305+0000] {datalake_df2csv.py:170} INFO -   - ✅ Tìm thấy object: function
[2026-04-15T16:01:53.307+0000] {datalake_df2csv.py:173} INFO -   - Đang gọi function với tham số: {'symbols': ['PAP', 'SVD', 'TTT', 'PTI', 'TB8'], 'start_date': '2026-04-14', 'end_date': '2026-04-15'}
[2026-04-15T16:01:59.415+0000] {datalake_df2csv.py:68} INFO - ✅ Load dữ liệu thành công!
[2026-04-15T16:01:59.416+0000] {datalake_df2csv.py:69} INFO - 📊 Thông tin DataFrame:
[2026-04-15T16:01:59.419+0000] {datalake_df2csv.py:70} INFO -   - Số dòng: 20
[2026-04-15T16:01:59.420+0000] {datalake_df2csv.py:71} INFO -   - Số cột: 7
[2026-04-15T16:01:59.420+0000] {datalake_df2csv.py:72} INFO -   - Tên các cột: ['ticker', 'trading_date', 'open', 'high', 'low', 'close', 'volume']
[2026-04-15T16:01:59.422+0000] {datalake_df2csv.py:73} INFO -   - Kiểu dữ liệu: {'ticker': 'object', 'trading_date': 'object', 'open': 'float64', 'high': 'float64', 'low': 'float64', 'close': 'float64', 'volume': 'int64'}
[2026-04-15T16:01:59.426+0000] {datalake_df2csv.py:74} INFO -   - Bộ nhớ sử dụng: 0.00 MB
[2026-04-15T16:01:59.429+0000] {datalake_df2csv.py:83} INFO -   - Không có giá trị NULL
[2026-04-15T16:01:59.430+0000] {datalake_df2csv.py:86} INFO -   - Mẫu dữ liệu (5 dòng đầu):
[2026-04-15T16:01:59.431+0000] {datalake_df2csv.py:88} INFO -     Row 0: {'ticker': 'PAP', 'trading_date': '2026-04-09', 'open': 26.0, 'high': 26.0, 'low': 25.0, 'close': 25.0, 'volume': 800}
[2026-04-15T16:01:59.433+0000] {datalake_df2csv.py:88} INFO -     Row 1: {'ticker': 'PAP', 'trading_date': '2026-04-10', 'open': 24.6, 'high': 25.0, 'low': 24.6, 'close': 25.0, 'volume': 300}
[2026-04-15T16:01:59.434+0000] {datalake_df2csv.py:88} INFO -     Row 2: {'ticker': 'PAP', 'trading_date': '2026-04-13', 'open': 25.0, 'high': 25.1, 'low': 24.7, 'close': 24.7, 'volume': 800}
[2026-04-15T16:01:59.434+0000] {datalake_df2csv.py:88} INFO -     Row 3: {'ticker': 'PAP', 'trading_date': '2026-04-15', 'open': 26.0, 'high': 26.0, 'low': 26.0, 'close': 26.0, 'volume': 400}
[2026-04-15T16:01:59.435+0000] {datalake_df2csv.py:88} INFO -     Row 4: {'ticker': 'SVD', 'trading_date': '2026-04-10', 'open': 3.29, 'high': 3.3, 'low': 3.22, 'close': 3.23, 'volume': 28400}
[2026-04-15T16:01:59.435+0000] {datalake_df2csv.py:90} INFO - --------------------------------------------------------------------------------
[2026-04-15T16:01:59.436+0000] {datalake_df2csv.py:93} INFO - 📝 Bước 2: Đang chuyển đổi DataFrame sang CSV...
[2026-04-15T16:01:59.441+0000] {datalake_df2csv.py:97} INFO - ✅ Chuyển đổi CSV thành công!
[2026-04-15T16:01:59.442+0000] {datalake_df2csv.py:98} INFO -   - Kích thước file: 0.00 MB
[2026-04-15T16:01:59.442+0000] {datalake_df2csv.py:99} INFO -   - Thời gian chuyển đổi: 0.00 giây
[2026-04-15T16:01:59.443+0000] {datalake_df2csv.py:100} INFO - --------------------------------------------------------------------------------
[2026-04-15T16:01:59.443+0000] {datalake_df2csv.py:103} INFO - ☁️  Bước 3: Đang upload lên MinIO/S3...
[2026-04-15T16:01:59.457+0000] {base.py:84} INFO - Using connection ID 'minio_finance' for task execution.
[2026-04-15T16:01:59.458+0000] {connection_wrapper.py:384} INFO - AWS Connection (conn_id='minio_finance', conn_type='aws') credentials retrieved from login and password.
[2026-04-15T16:02:10.667+0000] {datalake_df2csv.py:112} INFO -   - Bucket 'thongtin-congty-va-bctc' đã tồn tại
[2026-04-15T16:02:10.831+0000] {datalake_df2csv.py:117} INFO - ✅ Upload thành công!
[2026-04-15T16:02:10.832+0000] {datalake_df2csv.py:118} INFO -   - Đường dẫn: s3://thongtin-congty-va-bctc/daily_price/2026-04-14/batch_26.csv
[2026-04-15T16:02:10.833+0000] {datalake_df2csv.py:119} INFO -   - Số dòng: 20
[2026-04-15T16:02:10.838+0000] {datalake_df2csv.py:120} INFO -   - Thời gian upload: 11.39 giây
[2026-04-15T16:02:10.851+0000] {datalake_df2csv.py:121} INFO - --------------------------------------------------------------------------------
[2026-04-15T16:02:10.852+0000] {datalake_df2csv.py:125} INFO - 📈 TỔNG KẾT:
[2026-04-15T16:02:10.853+0000] {datalake_df2csv.py:126} INFO -   - Tổng thời gian thực thi: 17.63 giây
[2026-04-15T16:02:10.853+0000] {datalake_df2csv.py:127} INFO -   - Tốc độ xử lý: 1 dòng/giây
[2026-04-15T16:02:10.854+0000] {datalake_df2csv.py:128} INFO - ================================================================================
[2026-04-15T16:02:10.854+0000] {datalake_df2csv.py:129} INFO - ✅ HOÀN THÀNH TASK: ingest_daily_price
[2026-04-15T16:02:10.855+0000] {datalake_df2csv.py:130} INFO - ================================================================================
[2026-04-15T16:02:10.867+0000] {taskinstance.py:441} INFO - ::group::Post task execution logs
[2026-04-15T16:02:10.901+0000] {taskinstance.py:1206} INFO - Marking task as SUCCESS. dag_id=daily_price, task_id=ingest_daily_price, run_id=scheduled__2026-04-14T16:00:00+00:00, map_index=26, execution_date=20260414T160000, start_date=20260415T160152, end_date=20260415T160210
[2026-04-15T16:02:11.012+0000] {local_task_job_runner.py:243} INFO - Task exited with return code 0
[2026-04-15T16:02:11.031+0000] {local_task_job_runner.py:222} INFO - ::endgroup::
