[2026-01-28T01:37:50.322+0000] {local_task_job_runner.py:120} INFO - ::group::Pre task execution logs
[2026-01-28T01:37:50.363+0000] {taskinstance.py:2076} INFO - Dependencies all met for dep_context=non-requeueable deps ti=<TaskInstance: daily_price_minio.ingest_daily_price scheduled__2026-01-26T16:00:00+00:00 map_index=16 [queued]>
[2026-01-28T01:37:50.384+0000] {taskinstance.py:2076} INFO - Dependencies all met for dep_context=requeueable deps ti=<TaskInstance: daily_price_minio.ingest_daily_price scheduled__2026-01-26T16:00:00+00:00 map_index=16 [queued]>
[2026-01-28T01:37:50.385+0000] {taskinstance.py:2306} INFO - Starting attempt 1 of 2
[2026-01-28T01:37:50.415+0000] {taskinstance.py:2330} INFO - Executing <Mapped(DfToCsvOperator): ingest_daily_price> on 2026-01-26 16:00:00+00:00
[2026-01-28T01:37:50.449+0000] {warnings.py:112} WARNING - This process (pid=820) is multi-threaded, use of fork() may lead to deadlocks in the child.

[2026-01-28T01:37:50.451+0000] {standard_task_runner.py:64} INFO - Started process 984 to run task
[2026-01-28T01:37:50.459+0000] {standard_task_runner.py:90} INFO - Running: ['***', 'tasks', 'run', 'daily_price_minio', 'ingest_daily_price', 'scheduled__2026-01-26T16:00:00+00:00', '--job-id', '9324', '--raw', '--subdir', 'DAGS_FOLDER/dl_dailly_price.py', '--cfg-path', '/tmp/tmpkxuyygao', '--map-index', '16']
[2026-01-28T01:37:50.464+0000] {standard_task_runner.py:91} INFO - Job 9324: Subtask ingest_daily_price
[2026-01-28T01:37:50.566+0000] {task_command.py:426} INFO - Running <TaskInstance: daily_price_minio.ingest_daily_price scheduled__2026-01-26T16:00:00+00:00 map_index=16 [running]> on host 5946d4eaf724
[2026-01-28T01:37:50.749+0000] {taskinstance.py:2648} INFO - Exporting env vars: AIRFLOW_CTX_DAG_OWNER='***' AIRFLOW_CTX_DAG_ID='daily_price_minio' AIRFLOW_CTX_TASK_ID='ingest_daily_price' AIRFLOW_CTX_EXECUTION_DATE='2026-01-26T16:00:00+00:00' AIRFLOW_CTX_TRY_NUMBER='1' AIRFLOW_CTX_DAG_RUN_ID='scheduled__2026-01-26T16:00:00+00:00'
[2026-01-28T01:37:50.752+0000] {taskinstance.py:430} INFO - ::endgroup::
[2026-01-28T01:37:56.264+0000] {base.py:84} INFO - Using connection ID 'minio_finance' for task execution.
[2026-01-28T01:37:56.269+0000] {connection_wrapper.py:384} INFO - AWS Connection (conn_id='minio_finance', conn_type='aws') credentials retrieved from login and password.
[2026-01-28T01:37:57.532+0000] {datalake_df2csv.py:52} INFO - ✅ Đã upload 20 dòng -> s3://thongtin-congty-va-bctc/daily_price/2026-01-26/batch_16.csv
[2026-01-28T01:37:57.534+0000] {taskinstance.py:441} INFO - ::group::Post task execution logs
[2026-01-28T01:37:57.554+0000] {taskinstance.py:1206} INFO - Marking task as SUCCESS. dag_id=daily_price_minio, task_id=ingest_daily_price, run_id=scheduled__2026-01-26T16:00:00+00:00, map_index=16, execution_date=20260126T160000, start_date=20260128T013750, end_date=20260128T013757
[2026-01-28T01:37:57.683+0000] {local_task_job_runner.py:243} INFO - Task exited with return code 0
[2026-01-28T01:37:57.724+0000] {taskinstance.py:3503} INFO - 0 downstream tasks scheduled from follow-on schedule check
[2026-01-28T01:37:57.735+0000] {local_task_job_runner.py:222} INFO - ::endgroup::
