[2026-01-27T15:03:59.465+0000] {local_task_job_runner.py:120} INFO - ::group::Pre task execution logs
[2026-01-27T15:03:59.497+0000] {taskinstance.py:2076} INFO - Dependencies all met for dep_context=non-requeueable deps ti=<TaskInstance: company_overview_to_minio.ingest_overview scheduled__2026-01-18T00:00:00+00:00 map_index=86 [queued]>
[2026-01-27T15:03:59.520+0000] {taskinstance.py:2076} INFO - Dependencies all met for dep_context=requeueable deps ti=<TaskInstance: company_overview_to_minio.ingest_overview scheduled__2026-01-18T00:00:00+00:00 map_index=86 [queued]>
[2026-01-27T15:03:59.521+0000] {taskinstance.py:2306} INFO - Starting attempt 1 of 2
[2026-01-27T15:03:59.539+0000] {taskinstance.py:2330} INFO - Executing <Mapped(DfToCsvOperator): ingest_overview> on 2026-01-18 00:00:00+00:00
[2026-01-27T15:03:59.559+0000] {warnings.py:112} WARNING - This process (pid=6470) is multi-threaded, use of fork() may lead to deadlocks in the child.

[2026-01-27T15:03:59.561+0000] {standard_task_runner.py:64} INFO - Started process 6534 to run task
[2026-01-27T15:03:59.564+0000] {standard_task_runner.py:90} INFO - Running: ['***', 'tasks', 'run', 'company_overview_to_minio', 'ingest_overview', 'scheduled__2026-01-18T00:00:00+00:00', '--job-id', '8035', '--raw', '--subdir', 'DAGS_FOLDER/dl_overview.py', '--cfg-path', '/tmp/tmpg17bmx7f', '--map-index', '86']
[2026-01-27T15:03:59.567+0000] {standard_task_runner.py:91} INFO - Job 8035: Subtask ingest_overview
[2026-01-27T15:03:59.639+0000] {task_command.py:426} INFO - Running <TaskInstance: company_overview_to_minio.ingest_overview scheduled__2026-01-18T00:00:00+00:00 map_index=86 [running]> on host c05a814b0743
[2026-01-27T15:03:59.832+0000] {taskinstance.py:2648} INFO - Exporting env vars: AIRFLOW_CTX_DAG_OWNER='***' AIRFLOW_CTX_DAG_ID='company_overview_to_minio' AIRFLOW_CTX_TASK_ID='ingest_overview' AIRFLOW_CTX_EXECUTION_DATE='2026-01-18T00:00:00+00:00' AIRFLOW_CTX_TRY_NUMBER='1' AIRFLOW_CTX_DAG_RUN_ID='scheduled__2026-01-18T00:00:00+00:00'
[2026-01-27T15:03:59.834+0000] {taskinstance.py:430} INFO - ::endgroup::
[2026-01-27T15:04:04.151+0000] {logging_mixin.py:188} INFO - Listing metadata error: RetryError[<Future at 0x7f1d13a46270 state=finished raised ConnectionError>]
[2026-01-27T15:04:04.277+0000] {logging_mixin.py:188} INFO - Err overview ACC: Failed to fetch data: 429 - Too Many Requests
[2026-01-27T15:04:05.379+0000] {logging_mixin.py:188} INFO - Err overview ACB: Failed to fetch data: 429 - Too Many Requests
[2026-01-27T15:04:06.481+0000] {logging_mixin.py:188} INFO - Err overview ABW: Failed to fetch data: 429 - Too Many Requests
[2026-01-27T15:04:07.588+0000] {logging_mixin.py:188} INFO - Err overview ABT: Failed to fetch data: 429 - Too Many Requests
[2026-01-27T15:04:08.701+0000] {logging_mixin.py:188} INFO - Err overview ABS: Failed to fetch data: 429 - Too Many Requests
[2026-01-27T15:04:09.795+0000] {logging_mixin.py:188} INFO - Err overview ABR: Failed to fetch data: 429 - Too Many Requests
[2026-01-27T15:04:10.894+0000] {logging_mixin.py:188} INFO - Err overview ABI: Failed to fetch data: 429 - Too Many Requests
[2026-01-27T15:04:12.004+0000] {logging_mixin.py:188} INFO - Err overview ABC: Failed to fetch data: 429 - Too Many Requests
[2026-01-27T15:04:13.110+0000] {logging_mixin.py:188} INFO - Err overview ABB: Failed to fetch data: 429 - Too Many Requests
[2026-01-27T15:04:14.206+0000] {logging_mixin.py:188} INFO - Err overview AAV: Failed to fetch data: 429 - Too Many Requests
[2026-01-27T15:04:15.308+0000] {logging_mixin.py:188} INFO - Err overview AAT: Failed to fetch data: 429 - Too Many Requests
[2026-01-27T15:04:16.419+0000] {logging_mixin.py:188} INFO - Err overview AAS: Failed to fetch data: 429 - Too Many Requests
[2026-01-27T15:04:17.522+0000] {logging_mixin.py:188} INFO - Err overview AAM: Failed to fetch data: 429 - Too Many Requests
[2026-01-27T15:04:18.619+0000] {logging_mixin.py:188} INFO - Err overview AAH: Failed to fetch data: 429 - Too Many Requests
[2026-01-27T15:04:19.751+0000] {logging_mixin.py:188} INFO - Err overview AAA: Failed to fetch data: 429 - Too Many Requests
[2026-01-27T15:04:20.880+0000] {logging_mixin.py:188} INFO - Err overview A32: Failed to fetch data: 429 - Too Many Requests
[2026-01-27T15:04:21.883+0000] {datalake_df2csv.py:40} INFO - DataFrame rỗng, bỏ qua upload CSV.
[2026-01-27T15:04:21.884+0000] {taskinstance.py:441} INFO - ::group::Post task execution logs
[2026-01-27T15:04:21.896+0000] {taskinstance.py:1206} INFO - Marking task as SUCCESS. dag_id=company_overview_to_minio, task_id=ingest_overview, run_id=scheduled__2026-01-18T00:00:00+00:00, map_index=86, execution_date=20260118T000000, start_date=20260127T150359, end_date=20260127T150421
[2026-01-27T15:04:21.948+0000] {local_task_job_runner.py:243} INFO - Task exited with return code 0
[2026-01-27T15:04:21.961+0000] {local_task_job_runner.py:222} INFO - ::endgroup::
