[2026-04-28T01:46:03.897+0000] {local_task_job_runner.py:120} INFO - ::group::Pre task execution logs
[2026-04-28T01:46:03.922+0000] {taskinstance.py:2076} INFO - Dependencies all met for dep_context=non-requeueable deps ti=<TaskInstance: daily_price.ingest_daily_price scheduled__2026-04-24T16:00:00+00:00 map_index=33 [queued]>
[2026-04-28T01:46:03.931+0000] {taskinstance.py:2076} INFO - Dependencies all met for dep_context=requeueable deps ti=<TaskInstance: daily_price.ingest_daily_price scheduled__2026-04-24T16:00:00+00:00 map_index=33 [queued]>
[2026-04-28T01:46:03.931+0000] {taskinstance.py:2306} INFO - Starting attempt 1 of 2
[2026-04-28T01:46:03.946+0000] {taskinstance.py:2330} INFO - Executing <Mapped(DfToCsvOperator): ingest_daily_price> on 2026-04-24 16:00:00+00:00
[2026-04-28T01:46:03.953+0000] {warnings.py:112} WARNING - This process (pid=109) is multi-threaded, use of fork() may lead to deadlocks in the child.

[2026-04-28T01:46:03.956+0000] {standard_task_runner.py:90} INFO - Running: ['***', 'tasks', 'run', 'daily_price', 'ingest_daily_price', 'scheduled__2026-04-24T16:00:00+00:00', '--job-id', '45473', '--raw', '--subdir', 'DAGS_FOLDER/dl_dailly_price.py', '--cfg-path', '/tmp/tmprkjktqf5', '--map-index', '33']
[2026-04-28T01:46:03.958+0000] {standard_task_runner.py:64} INFO - Started process 111 to run task
[2026-04-28T01:46:03.958+0000] {standard_task_runner.py:91} INFO - Job 45473: Subtask ingest_daily_price
[2026-04-28T01:46:04.011+0000] {task_command.py:426} INFO - Running <TaskInstance: daily_price.ingest_daily_price scheduled__2026-04-24T16:00:00+00:00 map_index=33 [running]> on host 2c72c62453dc
[2026-04-28T01:46:04.111+0000] {taskinstance.py:2648} INFO - Exporting env vars: AIRFLOW_CTX_DAG_OWNER='***' AIRFLOW_CTX_DAG_ID='daily_price' AIRFLOW_CTX_TASK_ID='ingest_daily_price' AIRFLOW_CTX_EXECUTION_DATE='2026-04-24T16:00:00+00:00' AIRFLOW_CTX_TRY_NUMBER='1' AIRFLOW_CTX_DAG_RUN_ID='scheduled__2026-04-24T16:00:00+00:00'
[2026-04-28T01:46:04.112+0000] {taskinstance.py:430} INFO - ::endgroup::
[2026-04-28T01:46:04.113+0000] {datalake_df2csv.py:40} INFO - ================================================================================
[2026-04-28T01:46:04.113+0000] {datalake_df2csv.py:41} INFO - 🚀 BẮT ĐẦU TASK: ingest_daily_price
[2026-04-28T01:46:04.114+0000] {datalake_df2csv.py:42} INFO - ================================================================================
[2026-04-28T01:46:04.114+0000] {datalake_df2csv.py:43} INFO - 📋 Thông tin cấu hình:
[2026-04-28T01:46:04.114+0000] {datalake_df2csv.py:44} INFO -   - Logic file: history_price
[2026-04-28T01:46:04.115+0000] {datalake_df2csv.py:45} INFO -   - DataFrame name: get_history_price_batch
[2026-04-28T01:46:04.115+0000] {datalake_df2csv.py:46} INFO -   - Bucket: thongtin-congty-va-bctc
[2026-04-28T01:46:04.115+0000] {datalake_df2csv.py:47} INFO -   - Object path: daily_price/2026-04-24/batch_33.csv
[2026-04-28T01:46:04.116+0000] {datalake_df2csv.py:48} INFO -   - Connection ID: minio_finance
[2026-04-28T01:46:04.117+0000] {datalake_df2csv.py:49} INFO -   - Tham số truyền vào: {'symbols': ['GCB', 'V12', 'PTD', 'DWC', 'CHP'], 'start_date': '2026-04-24', 'end_date': '2026-04-25'}
[2026-04-28T01:46:04.117+0000] {datalake_df2csv.py:50} INFO - --------------------------------------------------------------------------------
[2026-04-28T01:46:04.117+0000] {datalake_df2csv.py:54} INFO - 📥 Bước 1: Đang load dữ liệu từ logic file...
[2026-04-28T01:46:04.120+0000] {datalake_df2csv.py:148} INFO -   - Logic directory: /opt/airflow/plugins/logic
[2026-04-28T01:46:04.121+0000] {datalake_df2csv.py:149} INFO -   - Module path: /opt/airflow/plugins/logic/history_price.py
[2026-04-28T01:46:04.121+0000] {datalake_df2csv.py:153} INFO -   - Đã thêm logic directory vào sys.path
[2026-04-28T01:46:04.122+0000] {datalake_df2csv.py:159} INFO -   - Đang load module 'history_price'...
[2026-04-28T01:46:04.126+0000] {datalake_df2csv.py:163} INFO -   - ✅ Module loaded thành công
[2026-04-28T01:46:04.126+0000] {datalake_df2csv.py:165} INFO -   - Đang tìm DataFrame/function: 'get_history_price_batch'...
[2026-04-28T01:46:04.127+0000] {datalake_df2csv.py:170} INFO -   - ✅ Tìm thấy object: function
[2026-04-28T01:46:04.127+0000] {datalake_df2csv.py:173} INFO -   - Đang gọi function với tham số: {'symbols': ['GCB', 'V12', 'PTD', 'DWC', 'CHP'], 'start_date': '2026-04-24', 'end_date': '2026-04-25'}
[2026-04-28T01:46:08.535+0000] {datalake_df2csv.py:68} INFO - ✅ Load dữ liệu thành công!
[2026-04-28T01:46:08.536+0000] {datalake_df2csv.py:69} INFO - 📊 Thông tin DataFrame:
[2026-04-28T01:46:08.536+0000] {datalake_df2csv.py:70} INFO -   - Số dòng: 10
[2026-04-28T01:46:08.537+0000] {datalake_df2csv.py:71} INFO -   - Số cột: 7
[2026-04-28T01:46:08.537+0000] {datalake_df2csv.py:72} INFO -   - Tên các cột: ['ticker', 'trading_date', 'open', 'high', 'low', 'close', 'volume']
[2026-04-28T01:46:08.538+0000] {datalake_df2csv.py:73} INFO -   - Kiểu dữ liệu: {'ticker': 'object', 'trading_date': 'object', 'open': 'float64', 'high': 'float64', 'low': 'float64', 'close': 'float64', 'volume': 'int64'}
[2026-04-28T01:46:08.540+0000] {datalake_df2csv.py:74} INFO -   - Bộ nhớ sử dụng: 0.00 MB
[2026-04-28T01:46:08.541+0000] {datalake_df2csv.py:83} INFO -   - Không có giá trị NULL
[2026-04-28T01:46:08.541+0000] {datalake_df2csv.py:86} INFO -   - Mẫu dữ liệu (5 dòng đầu):
[2026-04-28T01:46:08.542+0000] {datalake_df2csv.py:88} INFO -     Row 0: {'ticker': 'GCB', 'trading_date': '2026-04-21', 'open': 5.3, 'high': 5.3, 'low': 5.2, 'close': 5.2, 'volume': 2200}
[2026-04-28T01:46:08.542+0000] {datalake_df2csv.py:88} INFO -     Row 1: {'ticker': 'GCB', 'trading_date': '2026-04-22', 'open': 5.9, 'high': 5.9, 'low': 5.9, 'close': 5.9, 'volume': 1500}
[2026-04-28T01:46:08.543+0000] {datalake_df2csv.py:88} INFO -     Row 2: {'ticker': 'V12', 'trading_date': '2026-04-07', 'open': 9.5, 'high': 10.5, 'low': 9.5, 'close': 10.5, 'volume': 1000}
[2026-04-28T01:46:08.543+0000] {datalake_df2csv.py:88} INFO -     Row 3: {'ticker': 'V12', 'trading_date': '2026-04-08', 'open': 9.5, 'high': 11.4, 'low': 9.5, 'close': 11.4, 'volume': 900}
[2026-04-28T01:46:08.543+0000] {datalake_df2csv.py:88} INFO -     Row 4: {'ticker': 'PTD', 'trading_date': '2026-04-09', 'open': 6.7, 'high': 6.7, 'low': 6.7, 'close': 6.7, 'volume': 100}
[2026-04-28T01:46:08.544+0000] {datalake_df2csv.py:90} INFO - --------------------------------------------------------------------------------
[2026-04-28T01:46:08.544+0000] {datalake_df2csv.py:93} INFO - 📝 Bước 2: Đang chuyển đổi DataFrame sang CSV...
[2026-04-28T01:46:08.546+0000] {datalake_df2csv.py:97} INFO - ✅ Chuyển đổi CSV thành công!
[2026-04-28T01:46:08.547+0000] {datalake_df2csv.py:98} INFO -   - Kích thước file: 0.00 MB
[2026-04-28T01:46:08.547+0000] {datalake_df2csv.py:99} INFO -   - Thời gian chuyển đổi: 0.00 giây
[2026-04-28T01:46:08.547+0000] {datalake_df2csv.py:100} INFO - --------------------------------------------------------------------------------
[2026-04-28T01:46:08.547+0000] {datalake_df2csv.py:103} INFO - ☁️  Bước 3: Đang upload lên MinIO/S3...
[2026-04-28T01:46:08.555+0000] {base.py:84} INFO - Using connection ID 'minio_finance' for task execution.
[2026-04-28T01:46:08.556+0000] {connection_wrapper.py:384} INFO - AWS Connection (conn_id='minio_finance', conn_type='aws') credentials retrieved from login and password.
[2026-04-28T01:46:08.911+0000] {datalake_df2csv.py:112} INFO -   - Bucket 'thongtin-congty-va-bctc' đã tồn tại
[2026-04-28T01:46:08.932+0000] {datalake_df2csv.py:117} INFO - ✅ Upload thành công!
[2026-04-28T01:46:08.933+0000] {datalake_df2csv.py:118} INFO -   - Đường dẫn: s3://thongtin-congty-va-bctc/daily_price/2026-04-24/batch_33.csv
[2026-04-28T01:46:08.933+0000] {datalake_df2csv.py:119} INFO -   - Số dòng: 10
[2026-04-28T01:46:08.933+0000] {datalake_df2csv.py:120} INFO -   - Thời gian upload: 0.38 giây
[2026-04-28T01:46:08.934+0000] {datalake_df2csv.py:121} INFO - --------------------------------------------------------------------------------
[2026-04-28T01:46:08.934+0000] {datalake_df2csv.py:125} INFO - 📈 TỔNG KẾT:
[2026-04-28T01:46:08.934+0000] {datalake_df2csv.py:126} INFO -   - Tổng thời gian thực thi: 4.82 giây
[2026-04-28T01:46:08.934+0000] {datalake_df2csv.py:127} INFO -   - Tốc độ xử lý: 2 dòng/giây
[2026-04-28T01:46:08.935+0000] {datalake_df2csv.py:128} INFO - ================================================================================
[2026-04-28T01:46:08.935+0000] {datalake_df2csv.py:129} INFO - ✅ HOÀN THÀNH TASK: ingest_daily_price
[2026-04-28T01:46:08.935+0000] {datalake_df2csv.py:130} INFO - ================================================================================
[2026-04-28T01:46:08.936+0000] {taskinstance.py:441} INFO - ::group::Post task execution logs
[2026-04-28T01:46:08.943+0000] {taskinstance.py:1206} INFO - Marking task as SUCCESS. dag_id=daily_price, task_id=ingest_daily_price, run_id=scheduled__2026-04-24T16:00:00+00:00, map_index=33, execution_date=20260424T160000, start_date=20260428T014603, end_date=20260428T014608
[2026-04-28T01:46:08.990+0000] {local_task_job_runner.py:243} INFO - Task exited with return code 0
[2026-04-28T01:46:09.005+0000] {taskinstance.py:3503} INFO - 0 downstream tasks scheduled from follow-on schedule check
[2026-04-28T01:46:09.009+0000] {local_task_job_runner.py:222} INFO - ::endgroup::
