[2026-01-24T08:42:12.060+0000] {local_task_job_runner.py:120} INFO - ::group::Pre task execution logs
[2026-01-24T08:42:12.094+0000] {taskinstance.py:2076} INFO - Dependencies all met for dep_context=non-requeueable deps ti=<TaskInstance: financial_ratios_etl.ingest_financial_ratios manual__2026-01-24T08:33:50+00:00 map_index=80 [queued]>
[2026-01-24T08:42:12.116+0000] {taskinstance.py:2076} INFO - Dependencies all met for dep_context=requeueable deps ti=<TaskInstance: financial_ratios_etl.ingest_financial_ratios manual__2026-01-24T08:33:50+00:00 map_index=80 [queued]>
[2026-01-24T08:42:12.117+0000] {taskinstance.py:2306} INFO - Starting attempt 1 of 2
[2026-01-24T08:42:12.140+0000] {taskinstance.py:2330} INFO - Executing <Mapped(DfToCsvOperator): ingest_financial_ratios> on 2026-01-24 08:33:50+00:00
[2026-01-24T08:42:12.157+0000] {warnings.py:112} WARNING - This process (pid=6025) is multi-threaded, use of fork() may lead to deadlocks in the child.

[2026-01-24T08:42:12.159+0000] {standard_task_runner.py:64} INFO - Started process 6104 to run task
[2026-01-24T08:42:12.162+0000] {standard_task_runner.py:90} INFO - Running: ['***', 'tasks', 'run', 'financial_ratios_etl', 'ingest_financial_ratios', 'manual__2026-01-24T08:33:50+00:00', '--job-id', '6106', '--raw', '--subdir', 'DAGS_FOLDER/financial_ratios_etl.py', '--cfg-path', '/tmp/tmpsfi71j5x', '--map-index', '80']
[2026-01-24T08:42:12.167+0000] {standard_task_runner.py:91} INFO - Job 6106: Subtask ingest_financial_ratios
[2026-01-24T08:42:12.233+0000] {task_command.py:426} INFO - Running <TaskInstance: financial_ratios_etl.ingest_financial_ratios manual__2026-01-24T08:33:50+00:00 map_index=80 [running]> on host 05b4b3a77fa2
[2026-01-24T08:42:12.413+0000] {taskinstance.py:2648} INFO - Exporting env vars: AIRFLOW_CTX_DAG_OWNER='***' AIRFLOW_CTX_DAG_ID='financial_ratios_etl' AIRFLOW_CTX_TASK_ID='ingest_financial_ratios' AIRFLOW_CTX_EXECUTION_DATE='2026-01-24T08:33:50+00:00' AIRFLOW_CTX_TRY_NUMBER='1' AIRFLOW_CTX_DAG_RUN_ID='manual__2026-01-24T08:33:50+00:00'
[2026-01-24T08:42:12.415+0000] {taskinstance.py:430} INFO - ::endgroup::
[2026-01-24T08:42:12.427+0000] {logging_mixin.py:188} INFO - [RATIO] Bắt đầu xử lý batch 2 mã: ['VE2', 'VE1']
[2026-01-24T08:42:12.428+0000] {logging_mixin.py:188} INFO - [RATIO] Kỳ dữ liệu: quarter
[2026-01-24T08:42:12.428+0000] {logging_mixin.py:188} INFO -  >> [RATIO] Đang lấy dữ liệu: VE2
[2026-01-24T08:42:12.541+0000] {logging_mixin.py:188} INFO -  ❌ [RATIO] Lỗi xử lý mã VE2: Failed to fetch data: 429 - Too Many Requests
[2026-01-24T08:42:12.542+0000] {logging_mixin.py:188} INFO -  >> [RATIO] Đang lấy dữ liệu: VE1
[2026-01-24T08:42:12.918+0000] {logging_mixin.py:188} INFO -  ❌ [RATIO] Lỗi xử lý mã VE1: Failed to fetch data: 429 - Too Many Requests
[2026-01-24T08:42:12.919+0000] {logging_mixin.py:188} INFO -  ⚠ [RATIO] Batch này không thu được dữ liệu nào.
[2026-01-24T08:42:12.924+0000] {datalake_df2csv.py:40} INFO - DataFrame rỗng, bỏ qua upload CSV.
[2026-01-24T08:42:12.925+0000] {taskinstance.py:441} INFO - ::group::Post task execution logs
[2026-01-24T08:42:12.939+0000] {taskinstance.py:1206} INFO - Marking task as SUCCESS. dag_id=financial_ratios_etl, task_id=ingest_financial_ratios, run_id=manual__2026-01-24T08:33:50+00:00, map_index=80, execution_date=20260124T083350, start_date=20260124T084212, end_date=20260124T084212
[2026-01-24T08:42:12.982+0000] {local_task_job_runner.py:243} INFO - Task exited with return code 0
[2026-01-24T08:42:13.005+0000] {taskinstance.py:3503} INFO - 0 downstream tasks scheduled from follow-on schedule check
[2026-01-24T08:42:13.008+0000] {local_task_job_runner.py:222} INFO - ::endgroup::
