[2026-01-27T15:07:42.412+0000] {local_task_job_runner.py:120} INFO - ::group::Pre task execution logs
[2026-01-27T15:07:42.452+0000] {taskinstance.py:2076} INFO - Dependencies all met for dep_context=non-requeueable deps ti=<TaskInstance: financial_ratios_minio.ingest_financial_ratios scheduled__2026-01-18T02:00:00+00:00 map_index=199 [queued]>
[2026-01-27T15:07:42.484+0000] {taskinstance.py:2076} INFO - Dependencies all met for dep_context=requeueable deps ti=<TaskInstance: financial_ratios_minio.ingest_financial_ratios scheduled__2026-01-18T02:00:00+00:00 map_index=199 [queued]>
[2026-01-27T15:07:42.485+0000] {taskinstance.py:2306} INFO - Starting attempt 1 of 2
[2026-01-27T15:07:42.505+0000] {taskinstance.py:2330} INFO - Executing <Mapped(DfToCsvOperator): ingest_financial_ratios> on 2026-01-18 02:00:00+00:00
[2026-01-27T15:07:42.518+0000] {warnings.py:112} WARNING - This process (pid=9598) is multi-threaded, use of fork() may lead to deadlocks in the child.

[2026-01-27T15:07:42.520+0000] {standard_task_runner.py:64} INFO - Started process 9659 to run task
[2026-01-27T15:07:42.524+0000] {standard_task_runner.py:90} INFO - Running: ['***', 'tasks', 'run', 'financial_ratios_minio', 'ingest_financial_ratios', 'scheduled__2026-01-18T02:00:00+00:00', '--job-id', '8316', '--raw', '--subdir', 'DAGS_FOLDER/dl_financial_ratios.py', '--cfg-path', '/tmp/tmpc8pggi6b', '--map-index', '199']
[2026-01-27T15:07:42.528+0000] {standard_task_runner.py:91} INFO - Job 8316: Subtask ingest_financial_ratios
[2026-01-27T15:07:42.607+0000] {task_command.py:426} INFO - Running <TaskInstance: financial_ratios_minio.ingest_financial_ratios scheduled__2026-01-18T02:00:00+00:00 map_index=199 [running]> on host c05a814b0743
[2026-01-27T15:07:42.753+0000] {taskinstance.py:2648} INFO - Exporting env vars: AIRFLOW_CTX_DAG_OWNER='***' AIRFLOW_CTX_DAG_ID='financial_ratios_minio' AIRFLOW_CTX_TASK_ID='ingest_financial_ratios' AIRFLOW_CTX_EXECUTION_DATE='2026-01-18T02:00:00+00:00' AIRFLOW_CTX_TRY_NUMBER='1' AIRFLOW_CTX_DAG_RUN_ID='scheduled__2026-01-18T02:00:00+00:00'
[2026-01-27T15:07:42.754+0000] {taskinstance.py:430} INFO - ::endgroup::
[2026-01-27T15:07:42.764+0000] {logging_mixin.py:188} INFO - [RATIO] Bắt đầu xử lý batch 2 mã: ['SVH', 'SVG']
[2026-01-27T15:07:42.764+0000] {logging_mixin.py:188} INFO - [RATIO] Kỳ dữ liệu: quarter
[2026-01-27T15:07:42.765+0000] {logging_mixin.py:188} INFO -  >> [RATIO] Đang lấy dữ liệu: SVH
[2026-01-27T15:07:42.895+0000] {logging_mixin.py:188} INFO -  ❌ [RATIO] Lỗi xử lý mã SVH: Failed to fetch data: 429 - Too Many Requests
[2026-01-27T15:07:42.897+0000] {logging_mixin.py:188} INFO -  >> [RATIO] Đang lấy dữ liệu: SVG
[2026-01-27T15:07:43.021+0000] {logging_mixin.py:188} INFO -  ❌ [RATIO] Lỗi xử lý mã SVG: Failed to fetch data: 429 - Too Many Requests
[2026-01-27T15:07:43.022+0000] {logging_mixin.py:188} INFO -  ⚠ [RATIO] Batch này không thu được dữ liệu nào.
[2026-01-27T15:07:43.030+0000] {datalake_df2csv.py:40} INFO - DataFrame rỗng, bỏ qua upload CSV.
[2026-01-27T15:07:43.031+0000] {taskinstance.py:441} INFO - ::group::Post task execution logs
[2026-01-27T15:07:43.047+0000] {taskinstance.py:1206} INFO - Marking task as SUCCESS. dag_id=financial_ratios_minio, task_id=ingest_financial_ratios, run_id=scheduled__2026-01-18T02:00:00+00:00, map_index=199, execution_date=20260118T020000, start_date=20260127T150742, end_date=20260127T150743
[2026-01-27T15:07:43.132+0000] {local_task_job_runner.py:243} INFO - Task exited with return code 0
[2026-01-27T15:07:43.153+0000] {taskinstance.py:3503} INFO - 0 downstream tasks scheduled from follow-on schedule check
[2026-01-27T15:07:43.157+0000] {local_task_job_runner.py:222} INFO - ::endgroup::
