[2026-04-17T01:23:49.181+0000] {local_task_job_runner.py:120} INFO - ::group::Pre task execution logs
[2026-04-17T01:23:49.210+0000] {taskinstance.py:2076} INFO - Dependencies all met for dep_context=non-requeueable deps ti=<TaskInstance: daily_price.ingest_daily_price scheduled__2026-04-15T16:00:00+00:00 map_index=12 [queued]>
[2026-04-17T01:23:49.226+0000] {taskinstance.py:2076} INFO - Dependencies all met for dep_context=requeueable deps ti=<TaskInstance: daily_price.ingest_daily_price scheduled__2026-04-15T16:00:00+00:00 map_index=12 [queued]>
[2026-04-17T01:23:49.227+0000] {taskinstance.py:2306} INFO - Starting attempt 1 of 2
[2026-04-17T01:23:49.252+0000] {taskinstance.py:2330} INFO - Executing <Mapped(DfToCsvOperator): ingest_daily_price> on 2026-04-15 16:00:00+00:00
[2026-04-17T01:23:49.265+0000] {warnings.py:112} WARNING - This process (pid=329) is multi-threaded, use of fork() may lead to deadlocks in the child.

[2026-04-17T01:23:49.268+0000] {standard_task_runner.py:64} INFO - Started process 366 to run task
[2026-04-17T01:23:49.272+0000] {standard_task_runner.py:90} INFO - Running: ['***', 'tasks', 'run', 'daily_price', 'ingest_daily_price', 'scheduled__2026-04-15T16:00:00+00:00', '--job-id', '43117', '--raw', '--subdir', 'DAGS_FOLDER/dl_dailly_price.py', '--cfg-path', '/tmp/tmpaw74q5r2', '--map-index', '12']
[2026-04-17T01:23:49.277+0000] {standard_task_runner.py:91} INFO - Job 43117: Subtask ingest_daily_price
[2026-04-17T01:23:49.360+0000] {task_command.py:426} INFO - Running <TaskInstance: daily_price.ingest_daily_price scheduled__2026-04-15T16:00:00+00:00 map_index=12 [running]> on host 9b88cf9bc0ee
[2026-04-17T01:23:49.561+0000] {taskinstance.py:2648} INFO - Exporting env vars: AIRFLOW_CTX_DAG_OWNER='***' AIRFLOW_CTX_DAG_ID='daily_price' AIRFLOW_CTX_TASK_ID='ingest_daily_price' AIRFLOW_CTX_EXECUTION_DATE='2026-04-15T16:00:00+00:00' AIRFLOW_CTX_TRY_NUMBER='1' AIRFLOW_CTX_DAG_RUN_ID='scheduled__2026-04-15T16:00:00+00:00'
[2026-04-17T01:23:49.570+0000] {taskinstance.py:430} INFO - ::endgroup::
[2026-04-17T01:23:49.571+0000] {datalake_df2csv.py:40} INFO - ================================================================================
[2026-04-17T01:23:49.573+0000] {datalake_df2csv.py:41} INFO - 🚀 BẮT ĐẦU TASK: ingest_daily_price
[2026-04-17T01:23:49.575+0000] {datalake_df2csv.py:42} INFO - ================================================================================
[2026-04-17T01:23:49.576+0000] {datalake_df2csv.py:43} INFO - 📋 Thông tin cấu hình:
[2026-04-17T01:23:49.577+0000] {datalake_df2csv.py:44} INFO -   - Logic file: history_price
[2026-04-17T01:23:49.578+0000] {datalake_df2csv.py:45} INFO -   - DataFrame name: get_history_price_batch
[2026-04-17T01:23:49.578+0000] {datalake_df2csv.py:46} INFO -   - Bucket: thongtin-congty-va-bctc
[2026-04-17T01:23:49.579+0000] {datalake_df2csv.py:47} INFO -   - Object path: daily_price/2026-04-15/batch_12.csv
[2026-04-17T01:23:49.579+0000] {datalake_df2csv.py:48} INFO -   - Connection ID: minio_finance
[2026-04-17T01:23:49.580+0000] {datalake_df2csv.py:49} INFO -   - Tham số truyền vào: {'symbols': ['SSB', 'PGI', 'PET', 'TGP', 'ONE'], 'start_date': '2026-04-15', 'end_date': '2026-04-16'}
[2026-04-17T01:23:49.580+0000] {datalake_df2csv.py:50} INFO - --------------------------------------------------------------------------------
[2026-04-17T01:23:49.581+0000] {datalake_df2csv.py:54} INFO - 📥 Bước 1: Đang load dữ liệu từ logic file...
[2026-04-17T01:23:49.586+0000] {datalake_df2csv.py:148} INFO -   - Logic directory: /opt/airflow/plugins/logic
[2026-04-17T01:23:49.587+0000] {datalake_df2csv.py:149} INFO -   - Module path: /opt/airflow/plugins/logic/history_price.py
[2026-04-17T01:23:49.588+0000] {datalake_df2csv.py:153} INFO -   - Đã thêm logic directory vào sys.path
[2026-04-17T01:23:49.590+0000] {datalake_df2csv.py:159} INFO -   - Đang load module 'history_price'...
[2026-04-17T01:23:49.620+0000] {datalake_df2csv.py:163} INFO -   - ✅ Module loaded thành công
[2026-04-17T01:23:49.621+0000] {datalake_df2csv.py:165} INFO -   - Đang tìm DataFrame/function: 'get_history_price_batch'...
[2026-04-17T01:23:49.622+0000] {datalake_df2csv.py:170} INFO -   - ✅ Tìm thấy object: function
[2026-04-17T01:23:49.623+0000] {datalake_df2csv.py:173} INFO -   - Đang gọi function với tham số: {'symbols': ['SSB', 'PGI', 'PET', 'TGP', 'ONE'], 'start_date': '2026-04-15', 'end_date': '2026-04-16'}
[2026-04-17T01:23:55.703+0000] {datalake_df2csv.py:68} INFO - ✅ Load dữ liệu thành công!
[2026-04-17T01:23:55.704+0000] {datalake_df2csv.py:69} INFO - 📊 Thông tin DataFrame:
[2026-04-17T01:23:55.704+0000] {datalake_df2csv.py:70} INFO -   - Số dòng: 20
[2026-04-17T01:23:55.705+0000] {datalake_df2csv.py:71} INFO -   - Số cột: 7
[2026-04-17T01:23:55.706+0000] {datalake_df2csv.py:72} INFO -   - Tên các cột: ['ticker', 'trading_date', 'open', 'high', 'low', 'close', 'volume']
[2026-04-17T01:23:55.707+0000] {datalake_df2csv.py:73} INFO -   - Kiểu dữ liệu: {'ticker': 'object', 'trading_date': 'object', 'open': 'float64', 'high': 'float64', 'low': 'float64', 'close': 'float64', 'volume': 'int64'}
[2026-04-17T01:23:55.709+0000] {datalake_df2csv.py:74} INFO -   - Bộ nhớ sử dụng: 0.00 MB
[2026-04-17T01:23:55.711+0000] {datalake_df2csv.py:83} INFO -   - Không có giá trị NULL
[2026-04-17T01:23:55.711+0000] {datalake_df2csv.py:86} INFO -   - Mẫu dữ liệu (5 dòng đầu):
[2026-04-17T01:23:55.712+0000] {datalake_df2csv.py:88} INFO -     Row 0: {'ticker': 'SSB', 'trading_date': '2026-04-13', 'open': 16.95, 'high': 17.15, 'low': 16.95, 'close': 17.1, 'volume': 2041600}
[2026-04-17T01:23:55.713+0000] {datalake_df2csv.py:88} INFO -     Row 1: {'ticker': 'SSB', 'trading_date': '2026-04-14', 'open': 17.1, 'high': 17.1, 'low': 16.9, 'close': 17.0, 'volume': 2184000}
[2026-04-17T01:23:55.714+0000] {datalake_df2csv.py:88} INFO -     Row 2: {'ticker': 'SSB', 'trading_date': '2026-04-15', 'open': 17.0, 'high': 17.05, 'low': 16.8, 'close': 16.9, 'volume': 1931900}
[2026-04-17T01:23:55.715+0000] {datalake_df2csv.py:88} INFO -     Row 3: {'ticker': 'SSB', 'trading_date': '2026-04-16', 'open': 16.8, 'high': 16.9, 'low': 16.6, 'close': 16.65, 'volume': 1956100}
[2026-04-17T01:23:55.715+0000] {datalake_df2csv.py:88} INFO -     Row 4: {'ticker': 'PGI', 'trading_date': '2026-04-03', 'open': 19.7, 'high': 19.7, 'low': 19.7, 'close': 19.7, 'volume': 200}
[2026-04-17T01:23:55.716+0000] {datalake_df2csv.py:90} INFO - --------------------------------------------------------------------------------
[2026-04-17T01:23:55.716+0000] {datalake_df2csv.py:93} INFO - 📝 Bước 2: Đang chuyển đổi DataFrame sang CSV...
[2026-04-17T01:23:55.721+0000] {datalake_df2csv.py:97} INFO - ✅ Chuyển đổi CSV thành công!
[2026-04-17T01:23:55.722+0000] {datalake_df2csv.py:98} INFO -   - Kích thước file: 0.00 MB
[2026-04-17T01:23:55.723+0000] {datalake_df2csv.py:99} INFO -   - Thời gian chuyển đổi: 0.00 giây
[2026-04-17T01:23:55.723+0000] {datalake_df2csv.py:100} INFO - --------------------------------------------------------------------------------
[2026-04-17T01:23:55.723+0000] {datalake_df2csv.py:103} INFO - ☁️  Bước 3: Đang upload lên MinIO/S3...
[2026-04-17T01:23:55.735+0000] {base.py:84} INFO - Using connection ID 'minio_finance' for task execution.
[2026-04-17T01:23:55.736+0000] {connection_wrapper.py:384} INFO - AWS Connection (conn_id='minio_finance', conn_type='aws') credentials retrieved from login and password.
[2026-04-17T01:23:56.275+0000] {datalake_df2csv.py:112} INFO -   - Bucket 'thongtin-congty-va-bctc' đã tồn tại
[2026-04-17T01:23:56.316+0000] {datalake_df2csv.py:117} INFO - ✅ Upload thành công!
[2026-04-17T01:23:56.317+0000] {datalake_df2csv.py:118} INFO -   - Đường dẫn: s3://thongtin-congty-va-bctc/daily_price/2026-04-15/batch_12.csv
[2026-04-17T01:23:56.317+0000] {datalake_df2csv.py:119} INFO -   - Số dòng: 20
[2026-04-17T01:23:56.317+0000] {datalake_df2csv.py:120} INFO -   - Thời gian upload: 0.59 giây
[2026-04-17T01:23:56.318+0000] {datalake_df2csv.py:121} INFO - --------------------------------------------------------------------------------
[2026-04-17T01:23:56.318+0000] {datalake_df2csv.py:125} INFO - 📈 TỔNG KẾT:
[2026-04-17T01:23:56.319+0000] {datalake_df2csv.py:126} INFO -   - Tổng thời gian thực thi: 6.75 giây
[2026-04-17T01:23:56.319+0000] {datalake_df2csv.py:127} INFO -   - Tốc độ xử lý: 3 dòng/giây
[2026-04-17T01:23:56.320+0000] {datalake_df2csv.py:128} INFO - ================================================================================
[2026-04-17T01:23:56.320+0000] {datalake_df2csv.py:129} INFO - ✅ HOÀN THÀNH TASK: ingest_daily_price
[2026-04-17T01:23:56.321+0000] {datalake_df2csv.py:130} INFO - ================================================================================
[2026-04-17T01:23:56.322+0000] {taskinstance.py:441} INFO - ::group::Post task execution logs
[2026-04-17T01:23:56.333+0000] {taskinstance.py:1206} INFO - Marking task as SUCCESS. dag_id=daily_price, task_id=ingest_daily_price, run_id=scheduled__2026-04-15T16:00:00+00:00, map_index=12, execution_date=20260415T160000, start_date=20260417T012349, end_date=20260417T012356
[2026-04-17T01:23:57.185+0000] {local_task_job_runner.py:243} INFO - Task exited with return code 0
[2026-04-17T01:23:57.207+0000] {taskinstance.py:3503} INFO - 0 downstream tasks scheduled from follow-on schedule check
[2026-04-17T01:23:57.214+0000] {local_task_job_runner.py:222} INFO - ::endgroup::
