[2026-03-07T02:52:58.643+0000] {local_task_job_runner.py:120} INFO - ::group::Pre task execution logs
[2026-03-07T02:52:58.697+0000] {taskinstance.py:2076} INFO - Dependencies all met for dep_context=non-requeueable deps ti=<TaskInstance: daily_price.ingest_daily_price scheduled__2026-03-05T16:00:00+00:00 map_index=213 [queued]>
[2026-03-07T02:52:58.737+0000] {taskinstance.py:2076} INFO - Dependencies all met for dep_context=requeueable deps ti=<TaskInstance: daily_price.ingest_daily_price scheduled__2026-03-05T16:00:00+00:00 map_index=213 [queued]>
[2026-03-07T02:52:58.738+0000] {taskinstance.py:2306} INFO - Starting attempt 1 of 2
[2026-03-07T02:52:58.764+0000] {taskinstance.py:2330} INFO - Executing <Mapped(DfToCsvOperator): ingest_daily_price> on 2026-03-05 16:00:00+00:00
[2026-03-07T02:52:58.780+0000] {warnings.py:112} WARNING - This process (pid=2351) is multi-threaded, use of fork() may lead to deadlocks in the child.

[2026-03-07T02:52:58.783+0000] {standard_task_runner.py:64} INFO - Started process 2408 to run task
[2026-03-07T02:52:58.785+0000] {standard_task_runner.py:90} INFO - Running: ['***', 'tasks', 'run', 'daily_price', 'ingest_daily_price', 'scheduled__2026-03-05T16:00:00+00:00', '--job-id', '30902', '--raw', '--subdir', 'DAGS_FOLDER/dl_dailly_price.py', '--cfg-path', '/tmp/tmp872qm9jt', '--map-index', '213']
[2026-03-07T02:52:58.789+0000] {standard_task_runner.py:91} INFO - Job 30902: Subtask ingest_daily_price
[2026-03-07T02:52:58.866+0000] {task_command.py:426} INFO - Running <TaskInstance: daily_price.ingest_daily_price scheduled__2026-03-05T16:00:00+00:00 map_index=213 [running]> on host 037753ebc487
[2026-03-07T02:52:59.406+0000] {taskinstance.py:2648} INFO - Exporting env vars: AIRFLOW_CTX_DAG_OWNER='***' AIRFLOW_CTX_DAG_ID='daily_price' AIRFLOW_CTX_TASK_ID='ingest_daily_price' AIRFLOW_CTX_EXECUTION_DATE='2026-03-05T16:00:00+00:00' AIRFLOW_CTX_TRY_NUMBER='1' AIRFLOW_CTX_DAG_RUN_ID='scheduled__2026-03-05T16:00:00+00:00'
[2026-03-07T02:52:59.407+0000] {taskinstance.py:430} INFO - ::endgroup::
[2026-03-07T02:52:59.408+0000] {datalake_df2csv.py:40} INFO - ================================================================================
[2026-03-07T02:52:59.408+0000] {datalake_df2csv.py:41} INFO - 🚀 BẮT ĐẦU TASK: ingest_daily_price
[2026-03-07T02:52:59.409+0000] {datalake_df2csv.py:42} INFO - ================================================================================
[2026-03-07T02:52:59.409+0000] {datalake_df2csv.py:43} INFO - 📋 Thông tin cấu hình:
[2026-03-07T02:52:59.409+0000] {datalake_df2csv.py:44} INFO -   - Logic file: history_price
[2026-03-07T02:52:59.410+0000] {datalake_df2csv.py:45} INFO -   - DataFrame name: get_history_price_batch
[2026-03-07T02:52:59.410+0000] {datalake_df2csv.py:46} INFO -   - Bucket: thongtin-congty-va-bctc
[2026-03-07T02:52:59.411+0000] {datalake_df2csv.py:47} INFO -   - Object path: daily_price/2026-03-05/batch_213.csv
[2026-03-07T02:52:59.411+0000] {datalake_df2csv.py:48} INFO -   - Connection ID: minio_finance
[2026-03-07T02:52:59.412+0000] {datalake_df2csv.py:49} INFO -   - Tham số truyền vào: {'symbols': ['GDT', 'HNP', 'KSB', 'CTA', 'DNW'], 'start_date': '2026-03-05', 'end_date': '2026-03-06'}
[2026-03-07T02:52:59.412+0000] {datalake_df2csv.py:50} INFO - --------------------------------------------------------------------------------
[2026-03-07T02:52:59.413+0000] {datalake_df2csv.py:54} INFO - 📥 Bước 1: Đang load dữ liệu từ logic file...
[2026-03-07T02:52:59.417+0000] {datalake_df2csv.py:148} INFO -   - Logic directory: /opt/airflow/plugins/logic
[2026-03-07T02:52:59.418+0000] {datalake_df2csv.py:149} INFO -   - Module path: /opt/airflow/plugins/logic/history_price.py
[2026-03-07T02:52:59.418+0000] {datalake_df2csv.py:153} INFO -   - Đã thêm logic directory vào sys.path
[2026-03-07T02:52:59.420+0000] {datalake_df2csv.py:159} INFO -   - Đang load module 'history_price'...
[2026-03-07T02:52:59.426+0000] {datalake_df2csv.py:163} INFO -   - ✅ Module loaded thành công
[2026-03-07T02:52:59.427+0000] {datalake_df2csv.py:165} INFO -   - Đang tìm DataFrame/function: 'get_history_price_batch'...
[2026-03-07T02:52:59.427+0000] {datalake_df2csv.py:170} INFO -   - ✅ Tìm thấy object: function
[2026-03-07T02:52:59.428+0000] {datalake_df2csv.py:173} INFO -   - Đang gọi function với tham số: {'symbols': ['GDT', 'HNP', 'KSB', 'CTA', 'DNW'], 'start_date': '2026-03-05', 'end_date': '2026-03-06'}
[2026-03-07T02:53:11.651+0000] {log.py:232} WARNING - 2026-03-07 02:53:11 - vnstock.core.utils.client - ERROR - API request failed: HTTPSConnectionPool(host='trading.vietcap.com.vn', port=443): Max retries exceeded with url: /api/chart/OHLCChart/gap-chart (Caused by NameResolutionError("<urllib3.connection.HTTPSConnection object at 0x7f7d9ea53350>: Failed to resolve 'trading.vietcap.com.vn' ([Errno -3] Temporary failure in name resolution)"))
[2026-03-07T02:53:11.650+0000] {client.py:297} ERROR - API request failed: HTTPSConnectionPool(host='trading.vietcap.com.vn', port=443): Max retries exceeded with url: /api/chart/OHLCChart/gap-chart (Caused by NameResolutionError("<urllib3.connection.HTTPSConnection object at 0x7f7d9ea53350>: Failed to resolve 'trading.vietcap.com.vn' ([Errno -3] Temporary failure in name resolution)"))
[2026-03-07T02:53:26.052+0000] {datalake_df2csv.py:68} INFO - ✅ Load dữ liệu thành công!
[2026-03-07T02:53:26.052+0000] {datalake_df2csv.py:69} INFO - 📊 Thông tin DataFrame:
[2026-03-07T02:53:26.053+0000] {datalake_df2csv.py:70} INFO -   - Số dòng: 15
[2026-03-07T02:53:26.054+0000] {datalake_df2csv.py:71} INFO -   - Số cột: 7
[2026-03-07T02:53:26.054+0000] {datalake_df2csv.py:72} INFO -   - Tên các cột: ['ticker', 'trading_date', 'open', 'high', 'low', 'close', 'volume']
[2026-03-07T02:53:26.055+0000] {datalake_df2csv.py:73} INFO -   - Kiểu dữ liệu: {'ticker': 'object', 'trading_date': 'object', 'open': 'float64', 'high': 'float64', 'low': 'float64', 'close': 'float64', 'volume': 'int64'}
[2026-03-07T02:53:26.057+0000] {datalake_df2csv.py:74} INFO -   - Bộ nhớ sử dụng: 0.00 MB
[2026-03-07T02:53:26.058+0000] {datalake_df2csv.py:83} INFO -   - Không có giá trị NULL
[2026-03-07T02:53:26.059+0000] {datalake_df2csv.py:86} INFO -   - Mẫu dữ liệu (5 dòng đầu):
[2026-03-07T02:53:26.060+0000] {datalake_df2csv.py:88} INFO -     Row 0: {'ticker': 'GDT', 'trading_date': '2026-03-04', 'open': 19.95, 'high': 20.0, 'low': 19.85, 'close': 19.85, 'volume': 74600}
[2026-03-07T02:53:26.060+0000] {datalake_df2csv.py:88} INFO -     Row 1: {'ticker': 'GDT', 'trading_date': '2026-03-05', 'open': 19.85, 'high': 19.9, 'low': 19.75, 'close': 19.75, 'volume': 16400}
[2026-03-07T02:53:26.061+0000] {datalake_df2csv.py:88} INFO -     Row 2: {'ticker': 'GDT', 'trading_date': '2026-03-06', 'open': 19.75, 'high': 19.9, 'low': 19.75, 'close': 19.9, 'volume': 15300}
[2026-03-07T02:53:26.061+0000] {datalake_df2csv.py:88} INFO -     Row 3: {'ticker': 'HNP', 'trading_date': '2026-02-27', 'open': 19.3, 'high': 19.3, 'low': 19.3, 'close': 19.3, 'volume': 200}
[2026-03-07T02:53:26.061+0000] {datalake_df2csv.py:88} INFO -     Row 4: {'ticker': 'HNP', 'trading_date': '2026-03-02', 'open': 19.1, 'high': 19.1, 'low': 19.0, 'close': 19.0, 'volume': 200}
[2026-03-07T02:53:26.062+0000] {datalake_df2csv.py:90} INFO - --------------------------------------------------------------------------------
[2026-03-07T02:53:26.062+0000] {datalake_df2csv.py:93} INFO - 📝 Bước 2: Đang chuyển đổi DataFrame sang CSV...
[2026-03-07T02:53:26.066+0000] {datalake_df2csv.py:97} INFO - ✅ Chuyển đổi CSV thành công!
[2026-03-07T02:53:26.066+0000] {datalake_df2csv.py:98} INFO -   - Kích thước file: 0.00 MB
[2026-03-07T02:53:26.067+0000] {datalake_df2csv.py:99} INFO -   - Thời gian chuyển đổi: 0.00 giây
[2026-03-07T02:53:26.067+0000] {datalake_df2csv.py:100} INFO - --------------------------------------------------------------------------------
[2026-03-07T02:53:26.068+0000] {datalake_df2csv.py:103} INFO - ☁️  Bước 3: Đang upload lên MinIO/S3...
[2026-03-07T02:53:26.077+0000] {base.py:84} INFO - Using connection ID 'minio_finance' for task execution.
[2026-03-07T02:53:26.078+0000] {connection_wrapper.py:384} INFO - AWS Connection (conn_id='minio_finance', conn_type='aws') credentials retrieved from login and password.
[2026-03-07T02:53:26.651+0000] {datalake_df2csv.py:112} INFO -   - Bucket 'thongtin-congty-va-bctc' đã tồn tại
[2026-03-07T02:53:26.699+0000] {datalake_df2csv.py:117} INFO - ✅ Upload thành công!
[2026-03-07T02:53:26.700+0000] {datalake_df2csv.py:118} INFO -   - Đường dẫn: s3://thongtin-congty-va-bctc/daily_price/2026-03-05/batch_213.csv
[2026-03-07T02:53:26.700+0000] {datalake_df2csv.py:119} INFO -   - Số dòng: 15
[2026-03-07T02:53:26.701+0000] {datalake_df2csv.py:120} INFO -   - Thời gian upload: 0.63 giây
[2026-03-07T02:53:26.701+0000] {datalake_df2csv.py:121} INFO - --------------------------------------------------------------------------------
[2026-03-07T02:53:26.702+0000] {datalake_df2csv.py:125} INFO - 📈 TỔNG KẾT:
[2026-03-07T02:53:26.702+0000] {datalake_df2csv.py:126} INFO -   - Tổng thời gian thực thi: 27.29 giây
[2026-03-07T02:53:26.703+0000] {datalake_df2csv.py:127} INFO -   - Tốc độ xử lý: 1 dòng/giây
[2026-03-07T02:53:26.703+0000] {datalake_df2csv.py:128} INFO - ================================================================================
[2026-03-07T02:53:26.704+0000] {datalake_df2csv.py:129} INFO - ✅ HOÀN THÀNH TASK: ingest_daily_price
[2026-03-07T02:53:26.704+0000] {datalake_df2csv.py:130} INFO - ================================================================================
[2026-03-07T02:53:26.706+0000] {taskinstance.py:441} INFO - ::group::Post task execution logs
[2026-03-07T02:53:26.720+0000] {taskinstance.py:1206} INFO - Marking task as SUCCESS. dag_id=daily_price, task_id=ingest_daily_price, run_id=scheduled__2026-03-05T16:00:00+00:00, map_index=213, execution_date=20260305T160000, start_date=20260307T025258, end_date=20260307T025326
[2026-03-07T02:53:26.791+0000] {local_task_job_runner.py:243} INFO - Task exited with return code 0
[2026-03-07T02:53:26.813+0000] {taskinstance.py:3503} INFO - 0 downstream tasks scheduled from follow-on schedule check
[2026-03-07T02:53:26.817+0000] {local_task_job_runner.py:222} INFO - ::endgroup::
