[2026-02-22T08:23:15.079+0000] {local_task_job_runner.py:120} INFO - ::group::Pre task execution logs
[2026-02-22T08:23:15.150+0000] {taskinstance.py:2076} INFO - Dependencies all met for dep_context=non-requeueable deps ti=<TaskInstance: financial_ratios.ingest_financial_ratios scheduled__2026-02-15T02:00:00+00:00 map_index=174 [queued]>
[2026-02-22T08:23:15.193+0000] {taskinstance.py:2076} INFO - Dependencies all met for dep_context=requeueable deps ti=<TaskInstance: financial_ratios.ingest_financial_ratios scheduled__2026-02-15T02:00:00+00:00 map_index=174 [queued]>
[2026-02-22T08:23:15.193+0000] {taskinstance.py:2306} INFO - Starting attempt 2 of 2
[2026-02-22T08:23:15.216+0000] {taskinstance.py:2330} INFO - Executing <Mapped(DfToCsvOperator): ingest_financial_ratios> on 2026-02-15 02:00:00+00:00
[2026-02-22T08:23:15.230+0000] {warnings.py:112} WARNING - This process (pid=4024) is multi-threaded, use of fork() may lead to deadlocks in the child.

[2026-02-22T08:23:15.232+0000] {standard_task_runner.py:64} INFO - Started process 4062 to run task
[2026-02-22T08:23:15.234+0000] {standard_task_runner.py:90} INFO - Running: ['***', 'tasks', 'run', 'financial_ratios', 'ingest_financial_ratios', 'scheduled__2026-02-15T02:00:00+00:00', '--job-id', '25747', '--raw', '--subdir', 'DAGS_FOLDER/dl_financial_ratios.py', '--cfg-path', '/tmp/tmpnhspixrd', '--map-index', '174']
[2026-02-22T08:23:15.238+0000] {standard_task_runner.py:91} INFO - Job 25747: Subtask ingest_financial_ratios
[2026-02-22T08:23:15.298+0000] {task_command.py:426} INFO - Running <TaskInstance: financial_ratios.ingest_financial_ratios scheduled__2026-02-15T02:00:00+00:00 map_index=174 [running]> on host 5e21db6dfc0b
[2026-02-22T08:23:15.753+0000] {taskinstance.py:2648} INFO - Exporting env vars: AIRFLOW_CTX_DAG_OWNER='***' AIRFLOW_CTX_DAG_ID='financial_ratios' AIRFLOW_CTX_TASK_ID='ingest_financial_ratios' AIRFLOW_CTX_EXECUTION_DATE='2026-02-15T02:00:00+00:00' AIRFLOW_CTX_TRY_NUMBER='2' AIRFLOW_CTX_DAG_RUN_ID='scheduled__2026-02-15T02:00:00+00:00'
[2026-02-22T08:23:15.755+0000] {taskinstance.py:430} INFO - ::endgroup::
[2026-02-22T08:23:15.756+0000] {datalake_df2csv.py:40} INFO - ================================================================================
[2026-02-22T08:23:15.757+0000] {datalake_df2csv.py:41} INFO - 🚀 BẮT ĐẦU TASK: ingest_financial_ratios
[2026-02-22T08:23:15.757+0000] {datalake_df2csv.py:42} INFO - ================================================================================
[2026-02-22T08:23:15.758+0000] {datalake_df2csv.py:43} INFO - 📋 Thông tin cấu hình:
[2026-02-22T08:23:15.759+0000] {datalake_df2csv.py:44} INFO -   - Logic file: financial_ratios
[2026-02-22T08:23:15.759+0000] {datalake_df2csv.py:45} INFO -   - DataFrame name: get_financial_ratios_batch
[2026-02-22T08:23:15.760+0000] {datalake_df2csv.py:46} INFO -   - Bucket: thongtin-congty-va-bctc
[2026-02-22T08:23:15.760+0000] {datalake_df2csv.py:47} INFO -   - Object path: financial_ratios/2026-02-15/batch_174.csv
[2026-02-22T08:23:15.760+0000] {datalake_df2csv.py:48} INFO -   - Connection ID: minio_finance
[2026-02-22T08:23:15.761+0000] {datalake_df2csv.py:49} INFO -   - Tham số truyền vào: {'symbols': ['CNT', 'BHK'], 'period': 'quarter'}
[2026-02-22T08:23:15.762+0000] {datalake_df2csv.py:50} INFO - --------------------------------------------------------------------------------
[2026-02-22T08:23:15.762+0000] {datalake_df2csv.py:54} INFO - 📥 Bước 1: Đang load dữ liệu từ logic file...
[2026-02-22T08:23:15.767+0000] {datalake_df2csv.py:148} INFO -   - Logic directory: /opt/airflow/plugins/logic
[2026-02-22T08:23:15.768+0000] {datalake_df2csv.py:149} INFO -   - Module path: /opt/airflow/plugins/logic/financial_ratios.py
[2026-02-22T08:23:15.769+0000] {datalake_df2csv.py:153} INFO -   - Đã thêm logic directory vào sys.path
[2026-02-22T08:23:15.772+0000] {datalake_df2csv.py:159} INFO -   - Đang load module 'financial_ratios'...
[2026-02-22T08:23:15.778+0000] {datalake_df2csv.py:163} INFO -   - ✅ Module loaded thành công
[2026-02-22T08:23:15.779+0000] {datalake_df2csv.py:165} INFO -   - Đang tìm DataFrame/function: 'get_financial_ratios_batch'...
[2026-02-22T08:23:15.780+0000] {datalake_df2csv.py:170} INFO -   - ✅ Tìm thấy object: function
[2026-02-22T08:23:15.780+0000] {datalake_df2csv.py:173} INFO -   - Đang gọi function với tham số: {'symbols': ['CNT', 'BHK'], 'period': 'quarter'}
[2026-02-22T08:23:15.781+0000] {logging_mixin.py:188} INFO - [RATIO] Bắt đầu xử lý batch 2 mã: ['CNT', 'BHK']
[2026-02-22T08:23:15.781+0000] {logging_mixin.py:188} INFO - [RATIO] Kỳ dữ liệu: quarter
[2026-02-22T08:23:15.782+0000] {logging_mixin.py:188} INFO -  >> [RATIO] Đang lấy dữ liệu: CNT
[2026-02-22T08:23:18.213+0000] {logging_mixin.py:188} INFO -  ✓ [RATIO] CNT: 24 rows
[2026-02-22T08:23:20.214+0000] {logging_mixin.py:188} INFO -  >> [RATIO] Đang lấy dữ liệu: BHK
[2026-02-22T08:23:21.314+0000] {logging_mixin.py:188} INFO -  ✓ [RATIO] BHK: 1 rows
[2026-02-22T08:23:23.362+0000] {logging_mixin.py:188} INFO -  ✅ [RATIO] Hoàn thành batch. Tổng số dòng: 25
[2026-02-22T08:23:23.364+0000] {datalake_df2csv.py:68} INFO - ✅ Load dữ liệu thành công!
[2026-02-22T08:23:23.365+0000] {datalake_df2csv.py:69} INFO - 📊 Thông tin DataFrame:
[2026-02-22T08:23:23.365+0000] {datalake_df2csv.py:70} INFO -   - Số dòng: 25
[2026-02-22T08:23:23.367+0000] {datalake_df2csv.py:71} INFO -   - Số cột: 39
[2026-02-22T08:23:23.367+0000] {datalake_df2csv.py:72} INFO -   - Tên các cột: [('ticker', ''), ('Meta', 'CP'), ('Meta', 'Năm'), ('Meta', 'Kỳ'), ('Chỉ tiêu cơ cấu nguồn vốn', '(Vay NH+DH)/VCSH'), ('Chỉ tiêu cơ cấu nguồn vốn', 'Nợ/VCSH'), ('Chỉ tiêu cơ cấu nguồn vốn', 'TSCĐ / Vốn CSH'), ('Chỉ tiêu cơ cấu nguồn vốn', 'Vốn CSH/Vốn điều lệ'), ('Chỉ tiêu hiệu quả hoạt động', 'Vòng quay tài sản'), ('Chỉ tiêu hiệu quả hoạt động', 'Vòng quay TSCĐ'), ('Chỉ tiêu hiệu quả hoạt động', 'Số ngày thu tiền bình quân'), ('Chỉ tiêu hiệu quả hoạt động', 'Số ngày tồn kho bình quân'), ('Chỉ tiêu hiệu quả hoạt động', 'Số ngày thanh toán bình quân'), ('Chỉ tiêu hiệu quả hoạt động', 'Chu kỳ tiền'), ('Chỉ tiêu hiệu quả hoạt động', 'Vòng quay hàng tồn kho'), ('Chỉ tiêu khả năng sinh lợi', 'Biên EBIT (%)'), ('Chỉ tiêu khả năng sinh lợi', 'Biên lợi nhuận gộp (%)'), ('Chỉ tiêu khả năng sinh lợi', 'Biên lợi nhuận ròng (%)'), ('Chỉ tiêu khả năng sinh lợi', 'ROE (%)'), ('Chỉ tiêu khả năng sinh lợi', 'ROIC (%)'), ('Chỉ tiêu khả năng sinh lợi', 'ROA (%)'), ('Chỉ tiêu khả năng sinh lợi', 'EBITDA (Tỷ đồng)'), ('Chỉ tiêu khả năng sinh lợi', 'EBIT (Tỷ đồng)'), ('Chỉ tiêu thanh khoản', 'Chỉ số thanh toán hiện thời'), ('Chỉ tiêu thanh khoản', 'Chỉ số thanh toán tiền mặt'), ('Chỉ tiêu thanh khoản', 'Chỉ số thanh toán nhanh'), ('Chỉ tiêu thanh khoản', 'Khả năng chi trả lãi vay'), ('Chỉ tiêu thanh khoản', 'Đòn bẩy tài chính'), ('Chỉ tiêu định giá', 'Vốn hóa (Tỷ đồng)'), ('Chỉ tiêu định giá', 'Số CP lưu hành (Triệu CP)'), ('Chỉ tiêu định giá', 'P/E'), ('Chỉ tiêu định giá', 'P/B'), ('Chỉ tiêu định giá', 'P/S'), ('Chỉ tiêu định giá', 'P/Cash Flow'), ('Chỉ tiêu định giá', 'EPS (VND)'), ('Chỉ tiêu định giá', 'BVPS (VND)'), ('Chỉ tiêu định giá', 'EV/EBITDA'), ('period_type', ''), ('extracted_at', '')]
[2026-02-22T08:23:23.374+0000] {datalake_df2csv.py:73} INFO -   - Kiểu dữ liệu: {('ticker', ''): 'object', ('Meta', 'CP'): 'object', ('Meta', 'Năm'): 'int64', ('Meta', 'Kỳ'): 'int64', ('Chỉ tiêu cơ cấu nguồn vốn', '(Vay NH+DH)/VCSH'): 'float64', ('Chỉ tiêu cơ cấu nguồn vốn', 'Nợ/VCSH'): 'float64', ('Chỉ tiêu cơ cấu nguồn vốn', 'TSCĐ / Vốn CSH'): 'float64', ('Chỉ tiêu cơ cấu nguồn vốn', 'Vốn CSH/Vốn điều lệ'): 'float64', ('Chỉ tiêu hiệu quả hoạt động', 'Vòng quay tài sản'): 'float64', ('Chỉ tiêu hiệu quả hoạt động', 'Vòng quay TSCĐ'): 'float64', ('Chỉ tiêu hiệu quả hoạt động', 'Số ngày thu tiền bình quân'): 'float64', ('Chỉ tiêu hiệu quả hoạt động', 'Số ngày tồn kho bình quân'): 'float64', ('Chỉ tiêu hiệu quả hoạt động', 'Số ngày thanh toán bình quân'): 'float64', ('Chỉ tiêu hiệu quả hoạt động', 'Chu kỳ tiền'): 'float64', ('Chỉ tiêu hiệu quả hoạt động', 'Vòng quay hàng tồn kho'): 'float64', ('Chỉ tiêu khả năng sinh lợi', 'Biên EBIT (%)'): 'float64', ('Chỉ tiêu khả năng sinh lợi', 'Biên lợi nhuận gộp (%)'): 'float64', ('Chỉ tiêu khả năng sinh lợi', 'Biên lợi nhuận ròng (%)'): 'float64', ('Chỉ tiêu khả năng sinh lợi', 'ROE (%)'): 'float64', ('Chỉ tiêu khả năng sinh lợi', 'ROIC (%)'): 'float64', ('Chỉ tiêu khả năng sinh lợi', 'ROA (%)'): 'float64', ('Chỉ tiêu khả năng sinh lợi', 'EBITDA (Tỷ đồng)'): 'float64', ('Chỉ tiêu khả năng sinh lợi', 'EBIT (Tỷ đồng)'): 'int64', ('Chỉ tiêu thanh khoản', 'Chỉ số thanh toán hiện thời'): 'float64', ('Chỉ tiêu thanh khoản', 'Chỉ số thanh toán tiền mặt'): 'float64', ('Chỉ tiêu thanh khoản', 'Chỉ số thanh toán nhanh'): 'float64', ('Chỉ tiêu thanh khoản', 'Khả năng chi trả lãi vay'): 'float64', ('Chỉ tiêu thanh khoản', 'Đòn bẩy tài chính'): 'float64', ('Chỉ tiêu định giá', 'Vốn hóa (Tỷ đồng)'): 'float64', ('Chỉ tiêu định giá', 'Số CP lưu hành (Triệu CP)'): 'float64', ('Chỉ tiêu định giá', 'P/E'): 'float64', ('Chỉ tiêu định giá', 'P/B'): 'float64', ('Chỉ tiêu định giá', 'P/S'): 'float64', ('Chỉ tiêu định giá', 'P/Cash Flow'): 'float64', ('Chỉ tiêu định giá', 'EPS (VND)'): 'float64', ('Chỉ tiêu định giá', 'BVPS (VND)'): 'float64', ('Chỉ tiêu định giá', 'EV/EBITDA'): 'float64', ('period_type', ''): 'object', ('extracted_at', ''): 'datetime64[us, UTC]'}
[2026-02-22T08:23:23.384+0000] {datalake_df2csv.py:74} INFO -   - Bộ nhớ sử dụng: 0.01 MB
[2026-02-22T08:23:23.389+0000] {datalake_df2csv.py:79} INFO -   - Số giá trị NULL:
[2026-02-22T08:23:23.390+0000] {datalake_df2csv.py:81} INFO -     + ('Chỉ tiêu cơ cấu nguồn vốn', '(Vay NH+DH)/VCSH'): 1
[2026-02-22T08:23:23.390+0000] {datalake_df2csv.py:81} INFO -     + ('Chỉ tiêu cơ cấu nguồn vốn', 'Nợ/VCSH'): 1
[2026-02-22T08:23:23.391+0000] {datalake_df2csv.py:81} INFO -     + ('Chỉ tiêu hiệu quả hoạt động', 'Vòng quay tài sản'): 1
[2026-02-22T08:23:23.391+0000] {datalake_df2csv.py:81} INFO -     + ('Chỉ tiêu hiệu quả hoạt động', 'Vòng quay TSCĐ'): 1
[2026-02-22T08:23:23.392+0000] {datalake_df2csv.py:81} INFO -     + ('Chỉ tiêu hiệu quả hoạt động', 'Số ngày thu tiền bình quân'): 1
[2026-02-22T08:23:23.392+0000] {datalake_df2csv.py:81} INFO -     + ('Chỉ tiêu hiệu quả hoạt động', 'Số ngày tồn kho bình quân'): 1
[2026-02-22T08:23:23.393+0000] {datalake_df2csv.py:81} INFO -     + ('Chỉ tiêu hiệu quả hoạt động', 'Số ngày thanh toán bình quân'): 1
[2026-02-22T08:23:23.393+0000] {datalake_df2csv.py:81} INFO -     + ('Chỉ tiêu hiệu quả hoạt động', 'Chu kỳ tiền'): 1
[2026-02-22T08:23:23.394+0000] {datalake_df2csv.py:81} INFO -     + ('Chỉ tiêu hiệu quả hoạt động', 'Vòng quay hàng tồn kho'): 1
[2026-02-22T08:23:23.394+0000] {datalake_df2csv.py:81} INFO -     + ('Chỉ tiêu khả năng sinh lợi', 'ROE (%)'): 1
[2026-02-22T08:23:23.395+0000] {datalake_df2csv.py:81} INFO -     + ('Chỉ tiêu khả năng sinh lợi', 'ROIC (%)'): 1
[2026-02-22T08:23:23.395+0000] {datalake_df2csv.py:81} INFO -     + ('Chỉ tiêu khả năng sinh lợi', 'ROA (%)'): 1
[2026-02-22T08:23:23.396+0000] {datalake_df2csv.py:81} INFO -     + ('Chỉ tiêu khả năng sinh lợi', 'EBITDA (Tỷ đồng)'): 1
[2026-02-22T08:23:23.396+0000] {datalake_df2csv.py:81} INFO -     + ('Chỉ tiêu thanh khoản', 'Chỉ số thanh toán hiện thời'): 1
[2026-02-22T08:23:23.397+0000] {datalake_df2csv.py:81} INFO -     + ('Chỉ tiêu thanh khoản', 'Chỉ số thanh toán tiền mặt'): 1
[2026-02-22T08:23:23.397+0000] {datalake_df2csv.py:81} INFO -     + ('Chỉ tiêu thanh khoản', 'Chỉ số thanh toán nhanh'): 1
[2026-02-22T08:23:23.397+0000] {datalake_df2csv.py:81} INFO -     + ('Chỉ tiêu định giá', 'Vốn hóa (Tỷ đồng)'): 1
[2026-02-22T08:23:23.398+0000] {datalake_df2csv.py:81} INFO -     + ('Chỉ tiêu định giá', 'Số CP lưu hành (Triệu CP)'): 1
[2026-02-22T08:23:23.398+0000] {datalake_df2csv.py:81} INFO -     + ('Chỉ tiêu định giá', 'P/E'): 1
[2026-02-22T08:23:23.399+0000] {datalake_df2csv.py:81} INFO -     + ('Chỉ tiêu định giá', 'P/B'): 1
[2026-02-22T08:23:23.399+0000] {datalake_df2csv.py:81} INFO -     + ('Chỉ tiêu định giá', 'P/S'): 1
[2026-02-22T08:23:23.400+0000] {datalake_df2csv.py:81} INFO -     + ('Chỉ tiêu định giá', 'P/Cash Flow'): 1
[2026-02-22T08:23:23.400+0000] {datalake_df2csv.py:81} INFO -     + ('Chỉ tiêu định giá', 'EPS (VND)'): 1
[2026-02-22T08:23:23.401+0000] {datalake_df2csv.py:81} INFO -     + ('Chỉ tiêu định giá', 'BVPS (VND)'): 1
[2026-02-22T08:23:23.401+0000] {datalake_df2csv.py:81} INFO -     + ('Chỉ tiêu định giá', 'EV/EBITDA'): 1
[2026-02-22T08:23:23.402+0000] {datalake_df2csv.py:86} INFO -   - Mẫu dữ liệu (5 dòng đầu):
[2026-02-22T08:23:23.406+0000] {datalake_df2csv.py:88} INFO -     Row 0: {('ticker', ''): 'CNT', ('Meta', 'CP'): 'CNT', ('Meta', 'Năm'): 2025, ('Meta', 'Kỳ'): 4, ('Chỉ tiêu cơ cấu nguồn vốn', '(Vay NH+DH)/VCSH'): 0.0393046408, ('Chỉ tiêu cơ cấu nguồn vốn', 'Nợ/VCSH'): 0.1051099449, ('Chỉ tiêu cơ cấu nguồn vốn', 'TSCĐ / Vốn CSH'): 0.04441041472738098, ('Chỉ tiêu cơ cấu nguồn vốn', 'Vốn CSH/Vốn điều lệ'): 1.0605732910913046, ('Chỉ tiêu hiệu quả hoạt động', 'Vòng quay tài sản'): 0.0686178077, ('Chỉ tiêu hiệu quả hoạt động', 'Vòng quay TSCĐ'): 1.7329905327, ('Chỉ tiêu hiệu quả hoạt động', 'Số ngày thu tiền bình quân'): 1512.9714539207293, ('Chỉ tiêu hiệu quả hoạt động', 'Số ngày tồn kho bình quân'): 3592.0741956814, ('Chỉ tiêu hiệu quả hoạt động', 'Số ngày thanh toán bình quân'): 33.7551071024, ('Chỉ tiêu hiệu quả hoạt động', 'Chu kỳ tiền'): 5138.800756704529, ('Chỉ tiêu hiệu quả hoạt động', 'Vòng quay hàng tồn kho'): 0.1016126004, ('Chỉ tiêu khả năng sinh lợi', 'Biên EBIT (%)'): 0.034667180975782266, ('Chỉ tiêu khả năng sinh lợi', 'Biên lợi nhuận gộp (%)'): 0.42176778224896533, ('Chỉ tiêu khả năng sinh lợi', 'Biên lợi nhuận ròng (%)'): -0.11488806803560615, ('Chỉ tiêu khả năng sinh lợi', 'ROE (%)'): 0.0106583252, ('Chỉ tiêu khả năng sinh lợi', 'ROIC (%)'): -0.0005936522, ('Chỉ tiêu khả năng sinh lợi', 'ROA (%)'): 0.0092030834, ('Chỉ tiêu khả năng sinh lợi', 'EBITDA (Tỷ đồng)'): 2443839002.0, ('Chỉ tiêu khả năng sinh lợi', 'EBIT (Tỷ đồng)'): 880374140, ('Chỉ tiêu thanh khoản', 'Chỉ số thanh toán hiện thời'): 11.5125412511, ('Chỉ tiêu thanh khoản', 'Chỉ số thanh toán tiền mặt'): 2.6067924568, ('Chỉ tiêu thanh khoản', 'Chỉ số thanh toán nhanh'): 4.1506272874, ('Chỉ tiêu thanh khoản', 'Khả năng chi trả lãi vay'): -2.992531426267518, ('Chỉ tiêu thanh khoản', 'Đòn bẩy tài chính'): 1.105109944894076, ('Chỉ tiêu định giá', 'Vốn hóa (Tỷ đồng)'): 460604093735.0, ('Chỉ tiêu định giá', 'Số CP lưu hành (Triệu CP)'): 65380283.0, ('Chỉ tiêu định giá', 'P/E'): 62.1100780438, ('Chỉ tiêu định giá', 'P/B'): 0.6632489329, ('Chỉ tiêu định giá', 'P/S'): 8.3302607344, ('Chỉ tiêu định giá', 'P/Cash Flow'): -1.5708491878, ('Chỉ tiêu định giá', 'EPS (VND)'): -44.62486135154845, ('Chỉ tiêu định giá', 'BVPS (VND)'): 10621.954518444, ('Chỉ tiêu định giá', 'EV/EBITDA'): 87.5088902104, ('period_type', ''): 'quarter', ('extracted_at', ''): Timestamp('2026-02-22 08:23:18.211623+0000', tz='UTC')}
[2026-02-22T08:23:23.409+0000] {datalake_df2csv.py:88} INFO -     Row 1: {('ticker', ''): 'CNT', ('Meta', 'CP'): 'CNT', ('Meta', 'Năm'): 2025, ('Meta', 'Kỳ'): 3, ('Chỉ tiêu cơ cấu nguồn vốn', '(Vay NH+DH)/VCSH'): 0.0444676506, ('Chỉ tiêu cơ cấu nguồn vốn', 'Nợ/VCSH'): 0.1298960543, ('Chỉ tiêu cơ cấu nguồn vốn', 'TSCĐ / Vốn CSH'): 0.04474119357227024, ('Chỉ tiêu cơ cấu nguồn vốn', 'Vốn CSH/Vốn điều lệ'): 1.0650289622205817, ('Chỉ tiêu hiệu quả hoạt động', 'Vòng quay tài sản'): 0.0735717094, ('Chỉ tiêu hiệu quả hoạt động', 'Vòng quay TSCĐ'): 1.859188275, ('Chỉ tiêu hiệu quả hoạt động', 'Số ngày thu tiền bình quân'): 1396.259253755065, ('Chỉ tiêu hiệu quả hoạt động', 'Số ngày tồn kho bình quân'): 3020.1296685763, ('Chỉ tiêu hiệu quả hoạt động', 'Số ngày thanh toán bình quân'): 66.2178595106, ('Chỉ tiêu hiệu quả hoạt động', 'Chu kỳ tiền'): 4482.606781841965, ('Chỉ tiêu hiệu quả hoạt động', 'Vòng quay hàng tồn kho'): 0.120855738, ('Chỉ tiêu khả năng sinh lợi', 'Biên EBIT (%)'): 0.1474674856665931, ('Chỉ tiêu khả năng sinh lợi', 'Biên lợi nhuận gộp (%)'): 0.5377103131097009, ('Chỉ tiêu khả năng sinh lợi', 'Biên lợi nhuận ròng (%)'): 0.5803252201184729, ('Chỉ tiêu khả năng sinh lợi', 'ROE (%)'): 0.0327701182, ('Chỉ tiêu khả năng sinh lợi', 'ROIC (%)'): 0.0154019817, ('Chỉ tiêu khả năng sinh lợi', 'ROA (%)'): 0.028219557, ('Chỉ tiêu khả năng sinh lợi', 'EBITDA (Tỷ đồng)'): 12615294558.0, ('Chỉ tiêu khả năng sinh lợi', 'EBIT (Tỷ đồng)'): 1714657727, ('Chỉ tiêu thanh khoản', 'Chỉ số thanh toán hiện thời'): 9.4927882668, ('Chỉ tiêu thanh khoản', 'Chỉ số thanh toán tiền mặt'): 3.4458586578, ('Chỉ tiêu thanh khoản', 'Chỉ số thanh toán nhanh'): 6.6303316862, ('Chỉ tiêu thanh khoản', 'Khả năng chi trả lãi vay'): -5.581346539380227, ('Chỉ tiêu thanh khoản', 'Đòn bẩy tài chính'): 1.129896054276474, ('Chỉ tiêu định giá', 'Vốn hóa (Tỷ đồng)'): 443343699023.0, ('Chỉ tiêu định giá', 'Số CP lưu hành (Triệu CP)'): 65380283.0, ('Chỉ tiêu định giá', 'P/E'): 19.4315305245, ('Chỉ tiêu định giá', 'P/B'): 0.6357239522, ('Chỉ tiêu định giá', 'P/S'): 7.4532614114, ('Chỉ tiêu định giá', 'P/Cash Flow'): -1.458619794, ('Chỉ tiêu định giá', 'EPS (VND)'): 103.20620623498984, ('Chỉ tiêu định giá', 'BVPS (VND)'): 10666.5793798109, ('Chỉ tiêu định giá', 'EV/EBITDA'): 15.5840391441, ('period_type', ''): 'quarter', ('extracted_at', ''): Timestamp('2026-02-22 08:23:18.211623+0000', tz='UTC')}
[2026-02-22T08:23:23.411+0000] {datalake_df2csv.py:88} INFO -     Row 2: {('ticker', ''): 'CNT', ('Meta', 'CP'): 'CNT', ('Meta', 'Năm'): 2025, ('Meta', 'Kỳ'): 2, ('Chỉ tiêu cơ cấu nguồn vốn', '(Vay NH+DH)/VCSH'): 0.0459701565, ('Chỉ tiêu cơ cấu nguồn vốn', 'Nợ/VCSH'): 0.1502882209, ('Chỉ tiêu cơ cấu nguồn vốn', 'TSCĐ / Vốn CSH'): 0.04568018463805664, ('Chỉ tiêu cơ cấu nguồn vốn', 'Vốn CSH/Vốn điều lệ'): 1.054724103014338, ('Chỉ tiêu hiệu quả hoạt động', 'Vòng quay tài sản'): 0.1059496324, ('Chỉ tiêu hiệu quả hoạt động', 'Vòng quay TSCĐ'): 3.3219396707, ('Chỉ tiêu hiệu quả hoạt động', 'Số ngày thu tiền bình quân'): 942.2917061253471, ('Chỉ tiêu hiệu quả hoạt động', 'Số ngày tồn kho bình quân'): 1996.2728184787, ('Chỉ tiêu hiệu quả hoạt động', 'Số ngày thanh toán bình quân'): 70.880744775, ('Chỉ tiêu hiệu quả hoạt động', 'Chu kỳ tiền'): 3009.445269379047, ('Chỉ tiêu hiệu quả hoạt động', 'Vòng quay hàng tồn kho'): 0.1828407403, ('Chỉ tiêu khả năng sinh lợi', 'Biên EBIT (%)'): 0.09457740654941085, ('Chỉ tiêu khả năng sinh lợi', 'Biên lợi nhuận gộp (%)'): 0.7101495588390957, ('Chỉ tiêu khả năng sinh lợi', 'Biên lợi nhuận ròng (%)'): 0.081035902798506, ('Chỉ tiêu khả năng sinh lợi', 'ROE (%)'): 0.0525610688, ('Chỉ tiêu khả năng sinh lợi', 'ROIC (%)'): 0.0377901343, ('Chỉ tiêu khả năng sinh lợi', 'ROA (%)'): 0.0440654744, ('Chỉ tiêu khả năng sinh lợi', 'EBITDA (Tỷ đồng)'): 28692775561.0, ('Chỉ tiêu khả năng sinh lợi', 'EBIT (Tỷ đồng)'): 1134570537, ('Chỉ tiêu thanh khoản', 'Chỉ số thanh toán hiện thời'): 8.1560699521, ('Chỉ tiêu thanh khoản', 'Chỉ số thanh toán tiền mặt'): 3.673130455, ('Chỉ tiêu thanh khoản', 'Chỉ số thanh toán nhanh'): 5.7604532607, ('Chỉ tiêu thanh khoản', 'Khả năng chi trả lãi vay'): -1.4435958631774035, ('Chỉ tiêu thanh khoản', 'Đòn bẩy tài chính'): 1.150288220937152, ('Chỉ tiêu định giá', 'Vốn hóa (Tỷ đồng)'): 491659728160.0, ('Chỉ tiêu định giá', 'Số CP lưu hành (Triệu CP)'): 65380283.0, ('Chỉ tiêu định giá', 'P/E'): 13.5018210192, ('Chỉ tiêu định giá', 'P/B'): 0.7118938124, ('Chỉ tiêu định giá', 'P/S'): 5.6155376393, ('Chỉ tiêu định giá', 'P/Cash Flow'): -1.6523281089, ('Chỉ tiêu định giá', 'EPS (VND)'): 14.868760953512544, ('Chỉ tiêu định giá', 'BVPS (VND)'): 10563.3731735759, ('Chỉ tiêu định giá', 'EV/EBITDA'): 6.2670172676, ('period_type', ''): 'quarter', ('extracted_at', ''): Timestamp('2026-02-22 08:23:18.211623+0000', tz='UTC')}
[2026-02-22T08:23:23.413+0000] {datalake_df2csv.py:88} INFO -     Row 3: {('ticker', ''): 'CNT', ('Meta', 'CP'): 'CNT', ('Meta', 'Năm'): 2025, ('Meta', 'Kỳ'): 1, ('Chỉ tiêu cơ cấu nguồn vốn', '(Vay NH+DH)/VCSH'): 0.046433840500000004, ('Chỉ tiêu cơ cấu nguồn vốn', 'Nợ/VCSH'): 0.1585765564, ('Chỉ tiêu cơ cấu nguồn vốn', 'TSCĐ / Vốn CSH'): 0.046103223486143666, ('Chỉ tiêu cơ cấu nguồn vốn', 'Vốn CSH/Vốn điều lệ'): 1.0686006972877622, ('Chỉ tiêu hiệu quả hoạt động', 'Vòng quay tài sản'): 0.1587323193, ('Chỉ tiêu hiệu quả hoạt động', 'Vòng quay TSCĐ'): 6.4185871971, ('Chỉ tiêu hiệu quả hoạt động', 'Số ngày thu tiền bình quân'): 614.9654872573702, ('Chỉ tiêu hiệu quả hoạt động', 'Số ngày tồn kho bình quân'): 1133.1876491172, ('Chỉ tiêu hiệu quả hoạt động', 'Số ngày thanh toán bình quân'): 65.9972037679, ('Chỉ tiêu hiệu quả hoạt động', 'Chu kỳ tiền'): 1814.1503401424702, ('Chỉ tiêu hiệu quả hoạt động', 'Vòng quay hàng tồn kho'): 0.3221002279, ('Chỉ tiêu khả năng sinh lợi', 'Biên EBIT (%)'): -0.6615676320290877, ('Chỉ tiêu khả năng sinh lợi', 'Biên lợi nhuận gộp (%)'): 0.20177531886819344, ('Chỉ tiêu khả năng sinh lợi', 'Biên lợi nhuận ròng (%)'): 0.4165808785860892, ('Chỉ tiêu khả năng sinh lợi', 'ROE (%)'): 0.100736871, ('Chỉ tiêu khả năng sinh lợi', 'ROIC (%)'): 0.0844824973, ('Chỉ tiêu khả năng sinh lợi', 'ROA (%)'): 0.0819013616, ('Chỉ tiêu khả năng sinh lợi', 'EBITDA (Tỷ đồng)'): 62808695339.0, ('Chỉ tiêu khả năng sinh lợi', 'EBIT (Tỷ đồng)'): -4150857183, ('Chỉ tiêu thanh khoản', 'Chỉ số thanh toán hiện thời'): 7.7310632244, ('Chỉ tiêu thanh khoản', 'Chỉ số thanh toán tiền mặt'): 2.0230404945, ('Chỉ tiêu thanh khoản', 'Chỉ số thanh toán nhanh'): 6.5430094834, ('Chỉ tiêu thanh khoản', 'Khả năng chi trả lãi vay'): 13.222509356879804, ('Chỉ tiêu thanh khoản', 'Đòn bẩy tài chính'): 1.158576556426706, ('Chỉ tiêu định giá', 'Vốn hóa (Tỷ đồng)'): 654979675094.0, ('Chỉ tiêu định giá', 'Số CP lưu hành (Triệu CP)'): 65380283.0, ('Chỉ tiêu định giá', 'P/E'): 9.4646617865, ('Chỉ tiêu định giá', 'P/B'): 0.9360559808, ('Chỉ tiêu định giá', 'P/S'): 4.8834962549, ('Chỉ tiêu định giá', 'P/Cash Flow'): -2.4635963123, ('Chỉ tiêu định giá', 'EPS (VND)'): 39.97754104245771, ('Chỉ tiêu định giá', 'BVPS (VND)'): 10702.3513606388, ('Chỉ tiêu định giá', 'EV/EBITDA'): 7.6050794795, ('period_type', ''): 'quarter', ('extracted_at', ''): Timestamp('2026-02-22 08:23:18.211623+0000', tz='UTC')}
[2026-02-22T08:23:23.415+0000] {datalake_df2csv.py:88} INFO -     Row 4: {('ticker', ''): 'CNT', ('Meta', 'CP'): 'CNT', ('Meta', 'Năm'): 2024, ('Meta', 'Kỳ'): 4, ('Chỉ tiêu cơ cấu nguồn vốn', '(Vay NH+DH)/VCSH'): 0.0476725579, ('Chỉ tiêu cơ cấu nguồn vốn', 'Nợ/VCSH'): 0.2109400058, ('Chỉ tiêu cơ cấu nguồn vốn', 'TSCĐ / Vốn CSH'): 0.04728521742148252, ('Chỉ tiêu cơ cấu nguồn vốn', 'Vốn CSH/Vốn điều lệ'): 1.0647400913920912, ('Chỉ tiêu hiệu quả hoạt động', 'Vòng quay tài sản'): 0.2662492495, ('Chỉ tiêu hiệu quả hoạt động', 'Vòng quay TSCĐ'): 10.4159762324, ('Chỉ tiêu hiệu quả hoạt động', 'Số ngày thu tiền bình quân'): 355.8615341639611, ('Chỉ tiêu hiệu quả hoạt động', 'Số ngày tồn kho bình quân'): 628.8055900003, ('Chỉ tiêu hiệu quả hoạt động', 'Số ngày thanh toán bình quân'): 26.5644443429, ('Chỉ tiêu hiệu quả hoạt động', 'Chu kỳ tiền'): 1011.231568507161, ('Chỉ tiêu hiệu quả hoạt động', 'Vòng quay hàng tồn kho'): 0.5804655776, ('Chỉ tiêu khả năng sinh lợi', 'Biên EBIT (%)'): 0.4153169268201006, ('Chỉ tiêu khả năng sinh lợi', 'Biên lợi nhuận gộp (%)'): 0.6988666218479759, ('Chỉ tiêu khả năng sinh lợi', 'Biên lợi nhuận ròng (%)'): 0.4219039175041107, ('Chỉ tiêu khả năng sinh lợi', 'ROE (%)'): 0.2136917775, ('Chỉ tiêu khả năng sinh lợi', 'ROIC (%)'): 0.1924900254, ('Chỉ tiêu khả năng sinh lợi', 'ROA (%)'): 0.1540354437, ('Chỉ tiêu khả năng sinh lợi', 'EBITDA (Tỷ đồng)'): 141115787286.0, ('Chỉ tiêu khả năng sinh lợi', 'EBIT (Tỷ đồng)'): 12287289968, ('Chỉ tiêu thanh khoản', 'Chỉ số thanh toán hiện thời'): 5.8917915854, ('Chỉ tiêu thanh khoản', 'Chỉ số thanh toán tiền mặt'): 2.2909957375, ('Chỉ tiêu thanh khoản', 'Chỉ số thanh toán nhanh'): 5.0460107548, ('Chỉ tiêu thanh khoản', 'Khả năng chi trả lãi vay'): -41.77611874329412, ('Chỉ tiêu thanh khoản', 'Đòn bẩy tài chính'): 1.2061765749538398, ('Chỉ tiêu định giá', 'Vốn hóa (Tỷ đồng)'): 655616745260.0, ('Chỉ tiêu định giá', 'Số CP lưu hành (Triệu CP)'): 50292785.0, ('Chỉ tiêu định giá', 'P/E'): 4.8580998203, ('Chỉ tiêu định giá', 'P/B'): 0.9404795069, ('Chỉ tiêu định giá', 'P/S'): 2.8105978237, ('Chỉ tiêu định giá', 'P/Cash Flow'): -4.1935076385, ('Chỉ tiêu định giá', 'EPS (VND)'): 248.19003932671455, ('Chỉ tiêu định giá', 'BVPS (VND)'): 13861.0144134392, ('Chỉ tiêu định giá', 'EV/EBITDA'): 4.2172326082, ('period_type', ''): 'quarter', ('extracted_at', ''): Timestamp('2026-02-22 08:23:18.211623+0000', tz='UTC')}
[2026-02-22T08:23:23.416+0000] {datalake_df2csv.py:90} INFO - --------------------------------------------------------------------------------
[2026-02-22T08:23:23.417+0000] {datalake_df2csv.py:93} INFO - 📝 Bước 2: Đang chuyển đổi DataFrame sang CSV...
[2026-02-22T08:23:23.432+0000] {datalake_df2csv.py:97} INFO - ✅ Chuyển đổi CSV thành công!
[2026-02-22T08:23:23.433+0000] {datalake_df2csv.py:98} INFO -   - Kích thước file: 0.01 MB
[2026-02-22T08:23:23.433+0000] {datalake_df2csv.py:99} INFO -   - Thời gian chuyển đổi: 0.01 giây
[2026-02-22T08:23:23.434+0000] {datalake_df2csv.py:100} INFO - --------------------------------------------------------------------------------
[2026-02-22T08:23:23.435+0000] {datalake_df2csv.py:103} INFO - ☁️  Bước 3: Đang upload lên MinIO/S3...
[2026-02-22T08:23:23.454+0000] {base.py:84} INFO - Using connection ID 'minio_finance' for task execution.
[2026-02-22T08:23:23.455+0000] {connection_wrapper.py:384} INFO - AWS Connection (conn_id='minio_finance', conn_type='aws') credentials retrieved from login and password.
[2026-02-22T08:23:24.623+0000] {datalake_df2csv.py:112} INFO -   - Bucket 'thongtin-congty-va-bctc' đã tồn tại
[2026-02-22T08:23:24.673+0000] {datalake_df2csv.py:117} INFO - ✅ Upload thành công!
[2026-02-22T08:23:24.673+0000] {datalake_df2csv.py:118} INFO -   - Đường dẫn: s3://thongtin-congty-va-bctc/financial_ratios/2026-02-15/batch_174.csv
[2026-02-22T08:23:24.674+0000] {datalake_df2csv.py:119} INFO -   - Số dòng: 25
[2026-02-22T08:23:24.674+0000] {datalake_df2csv.py:120} INFO -   - Thời gian upload: 1.24 giây
[2026-02-22T08:23:24.675+0000] {datalake_df2csv.py:121} INFO - --------------------------------------------------------------------------------
[2026-02-22T08:23:24.675+0000] {datalake_df2csv.py:125} INFO - 📈 TỔNG KẾT:
[2026-02-22T08:23:24.676+0000] {datalake_df2csv.py:126} INFO -   - Tổng thời gian thực thi: 8.92 giây
[2026-02-22T08:23:24.676+0000] {datalake_df2csv.py:127} INFO -   - Tốc độ xử lý: 3 dòng/giây
[2026-02-22T08:23:24.677+0000] {datalake_df2csv.py:128} INFO - ================================================================================
[2026-02-22T08:23:24.677+0000] {datalake_df2csv.py:129} INFO - ✅ HOÀN THÀNH TASK: ingest_financial_ratios
[2026-02-22T08:23:24.677+0000] {datalake_df2csv.py:130} INFO - ================================================================================
[2026-02-22T08:23:24.678+0000] {taskinstance.py:441} INFO - ::group::Post task execution logs
[2026-02-22T08:23:24.695+0000] {taskinstance.py:1206} INFO - Marking task as SUCCESS. dag_id=financial_ratios, task_id=ingest_financial_ratios, run_id=scheduled__2026-02-15T02:00:00+00:00, map_index=174, execution_date=20260215T020000, start_date=20260222T082315, end_date=20260222T082324
[2026-02-22T08:23:24.786+0000] {local_task_job_runner.py:243} INFO - Task exited with return code 0
[2026-02-22T08:23:24.810+0000] {taskinstance.py:3503} INFO - 0 downstream tasks scheduled from follow-on schedule check
[2026-02-22T08:23:24.815+0000] {local_task_job_runner.py:222} INFO - ::endgroup::
