[2026-04-23T13:55:05.202+0000] {local_task_job_runner.py:120} INFO - ::group::Pre task execution logs
[2026-04-23T13:55:05.255+0000] {taskinstance.py:2076} INFO - Dependencies all met for dep_context=non-requeueable deps ti=<TaskInstance: daily_price.ingest_daily_price scheduled__2026-04-21T16:00:00+00:00 map_index=215 [queued]>
[2026-04-23T13:55:05.295+0000] {taskinstance.py:2076} INFO - Dependencies all met for dep_context=requeueable deps ti=<TaskInstance: daily_price.ingest_daily_price scheduled__2026-04-21T16:00:00+00:00 map_index=215 [queued]>
[2026-04-23T13:55:05.296+0000] {taskinstance.py:2306} INFO - Starting attempt 1 of 2
[2026-04-23T13:55:05.318+0000] {taskinstance.py:2330} INFO - Executing <Mapped(DfToCsvOperator): ingest_daily_price> on 2026-04-21 16:00:00+00:00
[2026-04-23T13:55:05.333+0000] {warnings.py:112} WARNING - This process (pid=2441) is multi-threaded, use of fork() may lead to deadlocks in the child.

[2026-04-23T13:55:05.336+0000] {standard_task_runner.py:64} INFO - Started process 2492 to run task
[2026-04-23T13:55:05.338+0000] {standard_task_runner.py:90} INFO - Running: ['***', 'tasks', 'run', 'daily_price', 'ingest_daily_price', 'scheduled__2026-04-21T16:00:00+00:00', '--job-id', '44537', '--raw', '--subdir', 'DAGS_FOLDER/dl_dailly_price.py', '--cfg-path', '/tmp/tmpv89fmczq', '--map-index', '215']
[2026-04-23T13:55:05.343+0000] {standard_task_runner.py:91} INFO - Job 44537: Subtask ingest_daily_price
[2026-04-23T13:55:05.415+0000] {task_command.py:426} INFO - Running <TaskInstance: daily_price.ingest_daily_price scheduled__2026-04-21T16:00:00+00:00 map_index=215 [running]> on host df0317362dff
[2026-04-23T13:55:05.923+0000] {taskinstance.py:2648} INFO - Exporting env vars: AIRFLOW_CTX_DAG_OWNER='***' AIRFLOW_CTX_DAG_ID='daily_price' AIRFLOW_CTX_TASK_ID='ingest_daily_price' AIRFLOW_CTX_EXECUTION_DATE='2026-04-21T16:00:00+00:00' AIRFLOW_CTX_TRY_NUMBER='1' AIRFLOW_CTX_DAG_RUN_ID='scheduled__2026-04-21T16:00:00+00:00'
[2026-04-23T13:55:05.925+0000] {taskinstance.py:430} INFO - ::endgroup::
[2026-04-23T13:55:05.926+0000] {datalake_df2csv.py:40} INFO - ================================================================================
[2026-04-23T13:55:05.928+0000] {datalake_df2csv.py:41} INFO - 🚀 BẮT ĐẦU TASK: ingest_daily_price
[2026-04-23T13:55:05.929+0000] {datalake_df2csv.py:42} INFO - ================================================================================
[2026-04-23T13:55:05.930+0000] {datalake_df2csv.py:43} INFO - 📋 Thông tin cấu hình:
[2026-04-23T13:55:05.930+0000] {datalake_df2csv.py:44} INFO -   - Logic file: history_price
[2026-04-23T13:55:05.932+0000] {datalake_df2csv.py:45} INFO -   - DataFrame name: get_history_price_batch
[2026-04-23T13:55:05.932+0000] {datalake_df2csv.py:46} INFO -   - Bucket: thongtin-congty-va-bctc
[2026-04-23T13:55:05.933+0000] {datalake_df2csv.py:47} INFO -   - Object path: daily_price/2026-04-21/batch_215.csv
[2026-04-23T13:55:05.933+0000] {datalake_df2csv.py:48} INFO -   - Connection ID: minio_finance
[2026-04-23T13:55:05.934+0000] {datalake_df2csv.py:49} INFO -   - Tham số truyền vào: {'symbols': ['TPB', 'PTV', 'PGI', 'NHH', 'S4A'], 'start_date': '2026-04-21', 'end_date': '2026-04-22'}
[2026-04-23T13:55:05.935+0000] {datalake_df2csv.py:50} INFO - --------------------------------------------------------------------------------
[2026-04-23T13:55:05.936+0000] {datalake_df2csv.py:54} INFO - 📥 Bước 1: Đang load dữ liệu từ logic file...
[2026-04-23T13:55:05.942+0000] {datalake_df2csv.py:148} INFO -   - Logic directory: /opt/airflow/plugins/logic
[2026-04-23T13:55:05.944+0000] {datalake_df2csv.py:149} INFO -   - Module path: /opt/airflow/plugins/logic/history_price.py
[2026-04-23T13:55:05.945+0000] {datalake_df2csv.py:153} INFO -   - Đã thêm logic directory vào sys.path
[2026-04-23T13:55:05.946+0000] {datalake_df2csv.py:159} INFO -   - Đang load module 'history_price'...
[2026-04-23T13:55:05.951+0000] {datalake_df2csv.py:163} INFO -   - ✅ Module loaded thành công
[2026-04-23T13:55:05.951+0000] {datalake_df2csv.py:165} INFO -   - Đang tìm DataFrame/function: 'get_history_price_batch'...
[2026-04-23T13:55:05.955+0000] {datalake_df2csv.py:170} INFO -   - ✅ Tìm thấy object: function
[2026-04-23T13:55:05.957+0000] {datalake_df2csv.py:173} INFO -   - Đang gọi function với tham số: {'symbols': ['TPB', 'PTV', 'PGI', 'NHH', 'S4A'], 'start_date': '2026-04-21', 'end_date': '2026-04-22'}
[2026-04-23T13:55:10.967+0000] {datalake_df2csv.py:68} INFO - ✅ Load dữ liệu thành công!
[2026-04-23T13:55:10.968+0000] {datalake_df2csv.py:69} INFO - 📊 Thông tin DataFrame:
[2026-04-23T13:55:10.969+0000] {datalake_df2csv.py:70} INFO -   - Số dòng: 20
[2026-04-23T13:55:10.970+0000] {datalake_df2csv.py:71} INFO -   - Số cột: 7
[2026-04-23T13:55:10.971+0000] {datalake_df2csv.py:72} INFO -   - Tên các cột: ['ticker', 'trading_date', 'open', 'high', 'low', 'close', 'volume']
[2026-04-23T13:55:10.972+0000] {datalake_df2csv.py:73} INFO -   - Kiểu dữ liệu: {'ticker': 'object', 'trading_date': 'object', 'open': 'float64', 'high': 'float64', 'low': 'float64', 'close': 'float64', 'volume': 'int64'}
[2026-04-23T13:55:10.979+0000] {datalake_df2csv.py:74} INFO -   - Bộ nhớ sử dụng: 0.00 MB
[2026-04-23T13:55:10.982+0000] {datalake_df2csv.py:83} INFO -   - Không có giá trị NULL
[2026-04-23T13:55:10.983+0000] {datalake_df2csv.py:86} INFO -   - Mẫu dữ liệu (5 dòng đầu):
[2026-04-23T13:55:10.985+0000] {datalake_df2csv.py:88} INFO -     Row 0: {'ticker': 'TPB', 'trading_date': '2026-04-20', 'open': 16.25, 'high': 16.5, 'low': 16.25, 'close': 16.4, 'volume': 6485400}
[2026-04-23T13:55:10.986+0000] {datalake_df2csv.py:88} INFO -     Row 1: {'ticker': 'TPB', 'trading_date': '2026-04-21', 'open': 16.45, 'high': 16.5, 'low': 16.25, 'close': 16.25, 'volume': 6860400}
[2026-04-23T13:55:10.987+0000] {datalake_df2csv.py:88} INFO -     Row 2: {'ticker': 'TPB', 'trading_date': '2026-04-22', 'open': 16.35, 'high': 16.35, 'low': 16.15, 'close': 16.3, 'volume': 5312400}
[2026-04-23T13:55:10.988+0000] {datalake_df2csv.py:88} INFO -     Row 3: {'ticker': 'TPB', 'trading_date': '2026-04-23', 'open': 16.3, 'high': 16.65, 'low': 16.25, 'close': 16.3, 'volume': 7412000}
[2026-04-23T13:55:10.990+0000] {datalake_df2csv.py:88} INFO -     Row 4: {'ticker': 'PTV', 'trading_date': '2026-04-20', 'open': 5.7, 'high': 5.9, 'low': 5.7, 'close': 5.8, 'volume': 19600}
[2026-04-23T13:55:10.991+0000] {datalake_df2csv.py:90} INFO - --------------------------------------------------------------------------------
[2026-04-23T13:55:10.991+0000] {datalake_df2csv.py:93} INFO - 📝 Bước 2: Đang chuyển đổi DataFrame sang CSV...
[2026-04-23T13:55:10.998+0000] {datalake_df2csv.py:97} INFO - ✅ Chuyển đổi CSV thành công!
[2026-04-23T13:55:10.999+0000] {datalake_df2csv.py:98} INFO -   - Kích thước file: 0.00 MB
[2026-04-23T13:55:10.999+0000] {datalake_df2csv.py:99} INFO -   - Thời gian chuyển đổi: 0.01 giây
[2026-04-23T13:55:11.000+0000] {datalake_df2csv.py:100} INFO - --------------------------------------------------------------------------------
[2026-04-23T13:55:11.000+0000] {datalake_df2csv.py:103} INFO - ☁️  Bước 3: Đang upload lên MinIO/S3...
[2026-04-23T13:55:11.016+0000] {base.py:84} INFO - Using connection ID 'minio_finance' for task execution.
[2026-04-23T13:55:11.017+0000] {connection_wrapper.py:384} INFO - AWS Connection (conn_id='minio_finance', conn_type='aws') credentials retrieved from login and password.
[2026-04-23T13:55:11.757+0000] {datalake_df2csv.py:112} INFO -   - Bucket 'thongtin-congty-va-bctc' đã tồn tại
[2026-04-23T13:55:11.803+0000] {datalake_df2csv.py:117} INFO - ✅ Upload thành công!
[2026-04-23T13:55:11.804+0000] {datalake_df2csv.py:118} INFO -   - Đường dẫn: s3://thongtin-congty-va-bctc/daily_price/2026-04-21/batch_215.csv
[2026-04-23T13:55:11.805+0000] {datalake_df2csv.py:119} INFO -   - Số dòng: 20
[2026-04-23T13:55:11.805+0000] {datalake_df2csv.py:120} INFO -   - Thời gian upload: 0.80 giây
[2026-04-23T13:55:11.806+0000] {datalake_df2csv.py:121} INFO - --------------------------------------------------------------------------------
[2026-04-23T13:55:11.806+0000] {datalake_df2csv.py:125} INFO - 📈 TỔNG KẾT:
[2026-04-23T13:55:11.807+0000] {datalake_df2csv.py:126} INFO -   - Tổng thời gian thực thi: 5.88 giây
[2026-04-23T13:55:11.807+0000] {datalake_df2csv.py:127} INFO -   - Tốc độ xử lý: 3 dòng/giây
[2026-04-23T13:55:11.808+0000] {datalake_df2csv.py:128} INFO - ================================================================================
[2026-04-23T13:55:11.808+0000] {datalake_df2csv.py:129} INFO - ✅ HOÀN THÀNH TASK: ingest_daily_price
[2026-04-23T13:55:11.809+0000] {datalake_df2csv.py:130} INFO - ================================================================================
[2026-04-23T13:55:11.810+0000] {taskinstance.py:441} INFO - ::group::Post task execution logs
[2026-04-23T13:55:11.824+0000] {taskinstance.py:1206} INFO - Marking task as SUCCESS. dag_id=daily_price, task_id=ingest_daily_price, run_id=scheduled__2026-04-21T16:00:00+00:00, map_index=215, execution_date=20260421T160000, start_date=20260423T135505, end_date=20260423T135511
[2026-04-23T13:55:11.895+0000] {local_task_job_runner.py:243} INFO - Task exited with return code 0
[2026-04-23T13:55:11.916+0000] {taskinstance.py:3503} INFO - 0 downstream tasks scheduled from follow-on schedule check
[2026-04-23T13:55:11.920+0000] {local_task_job_runner.py:222} INFO - ::endgroup::
