[2026-01-22T14:39:20.976+0000] {local_task_job_runner.py:120} INFO - ::group::Pre task execution logs
[2026-01-22T14:39:21.056+0000] {taskinstance.py:2076} INFO - Dependencies all met for dep_context=non-requeueable deps ti=<TaskInstance: daily_price_minio.ingest_daily_price scheduled__2026-01-20T16:00:00+00:00 map_index=279 [queued]>
[2026-01-22T14:39:21.128+0000] {taskinstance.py:2076} INFO - Dependencies all met for dep_context=requeueable deps ti=<TaskInstance: daily_price_minio.ingest_daily_price scheduled__2026-01-20T16:00:00+00:00 map_index=279 [queued]>
[2026-01-22T14:39:21.131+0000] {taskinstance.py:2306} INFO - Starting attempt 1 of 2
[2026-01-22T14:39:21.354+0000] {taskinstance.py:2330} INFO - Executing <Mapped(DfToCsvOperator): ingest_daily_price> on 2026-01-20 16:00:00+00:00
[2026-01-22T14:39:21.380+0000] {warnings.py:112} WARNING - This process (pid=14645) is multi-threaded, use of fork() may lead to deadlocks in the child.

[2026-01-22T14:39:21.382+0000] {standard_task_runner.py:64} INFO - Started process 14750 to run task
[2026-01-22T14:39:21.395+0000] {standard_task_runner.py:90} INFO - Running: ['***', 'tasks', 'run', 'daily_price_minio', 'ingest_daily_price', 'scheduled__2026-01-20T16:00:00+00:00', '--job-id', '4969', '--raw', '--subdir', 'DAGS_FOLDER/daily_price_minio.py', '--cfg-path', '/tmp/tmp7c4himhz', '--map-index', '279']
[2026-01-22T14:39:21.406+0000] {standard_task_runner.py:91} INFO - Job 4969: Subtask ingest_daily_price
[2026-01-22T14:39:21.533+0000] {task_command.py:426} INFO - Running <TaskInstance: daily_price_minio.ingest_daily_price scheduled__2026-01-20T16:00:00+00:00 map_index=279 [running]> on host 4da96d4d1b09
[2026-01-22T14:39:21.833+0000] {taskinstance.py:2648} INFO - Exporting env vars: AIRFLOW_CTX_DAG_OWNER='***' AIRFLOW_CTX_DAG_ID='daily_price_minio' AIRFLOW_CTX_TASK_ID='ingest_daily_price' AIRFLOW_CTX_EXECUTION_DATE='2026-01-20T16:00:00+00:00' AIRFLOW_CTX_TRY_NUMBER='1' AIRFLOW_CTX_DAG_RUN_ID='scheduled__2026-01-20T16:00:00+00:00'
[2026-01-22T14:39:21.835+0000] {taskinstance.py:430} INFO - ::endgroup::
[2026-01-22T14:39:25.566+0000] {base.py:84} INFO - Using connection ID 'minio_finance' for task execution.
[2026-01-22T14:39:25.569+0000] {connection_wrapper.py:384} INFO - AWS Connection (conn_id='minio_finance', conn_type='aws') credentials retrieved from login and password.
[2026-01-22T14:39:26.424+0000] {datalake_df2csv.py:52} INFO - ✅ Đã upload 20 dòng -> s3://thongtin-congty-va-bctc/daily_price/2026-01-20/batch_279.csv
[2026-01-22T14:39:26.425+0000] {taskinstance.py:441} INFO - ::group::Post task execution logs
[2026-01-22T14:39:26.436+0000] {taskinstance.py:1206} INFO - Marking task as SUCCESS. dag_id=daily_price_minio, task_id=ingest_daily_price, run_id=scheduled__2026-01-20T16:00:00+00:00, map_index=279, execution_date=20260120T160000, start_date=20260122T143921, end_date=20260122T143926
[2026-01-22T14:39:26.499+0000] {local_task_job_runner.py:243} INFO - Task exited with return code 0
[2026-01-22T14:39:26.518+0000] {taskinstance.py:3503} INFO - 0 downstream tasks scheduled from follow-on schedule check
[2026-01-22T14:39:26.521+0000] {local_task_job_runner.py:222} INFO - ::endgroup::
