[2026-01-14T14:06:16.294+0000] {local_task_job_runner.py:120} INFO - ::group::Pre task execution logs
[2026-01-14T14:06:16.325+0000] {taskinstance.py:2076} INFO - Dependencies all met for dep_context=non-requeueable deps ti=<TaskInstance: minio_to_db_sync.sync_people __airflow_temporary_run_2026-01-14T14:06:08.650646+00:00__ [queued]>
[2026-01-14T14:06:16.341+0000] {taskinstance.py:2076} INFO - Dependencies all met for dep_context=requeueable deps ti=<TaskInstance: minio_to_db_sync.sync_people __airflow_temporary_run_2026-01-14T14:06:08.650646+00:00__ [queued]>
[2026-01-14T14:06:16.342+0000] {taskinstance.py:2306} INFO - Starting attempt 1 of 3
[2026-01-14T14:06:16.366+0000] {taskinstance.py:2330} INFO - Executing <Task(_PythonDecoratedOperator): sync_people> on 2026-01-14 00:00:00+00:00
[2026-01-14T14:06:16.376+0000] {warnings.py:112} WARNING - This process (pid=1164) is multi-threaded, use of fork() may lead to deadlocks in the child.

[2026-01-14T14:06:16.387+0000] {standard_task_runner.py:64} INFO - Started process 1246 to run task
[2026-01-14T14:06:16.393+0000] {standard_task_runner.py:90} INFO - Running: ['***', 'tasks', 'run', 'minio_to_db_sync', 'sync_people', '__***_temporary_run_2026-01-14T14:06:08.650646+00:00__', '--job-id', '15551', '--raw', '--subdir', 'DAGS_FOLDER/minio_to_db_sync.py', '--cfg-path', '/tmp/tmp_w7ee3v5']
[2026-01-14T14:06:16.410+0000] {standard_task_runner.py:91} INFO - Job 15551: Subtask sync_people
[2026-01-14T14:06:16.568+0000] {task_command.py:426} INFO - Running <TaskInstance: minio_to_db_sync.sync_people __airflow_temporary_run_2026-01-14T14:06:08.650646+00:00__ [running]> on host 4b83cd04ee12
[2026-01-14T14:06:16.728+0000] {taskinstance.py:2648} INFO - Exporting env vars: AIRFLOW_CTX_DAG_OWNER='***' AIRFLOW_CTX_DAG_ID='minio_to_db_sync' AIRFLOW_CTX_TASK_ID='sync_people' AIRFLOW_CTX_EXECUTION_DATE='2026-01-14T00:00:00+00:00' AIRFLOW_CTX_TRY_NUMBER='1' AIRFLOW_CTX_DAG_RUN_ID='__***_temporary_run_2026-01-14T14:06:08.650646+00:00__'
[2026-01-14T14:06:16.733+0000] {taskinstance.py:430} INFO - ::endgroup::
[2026-01-14T14:06:16.745+0000] {logging_mixin.py:188} INFO - ======================================================================
[2026-01-14T14:06:16.746+0000] {logging_mixin.py:188} INFO - 📊 SYNC COMPANY PEOPLE/OWNER TO DATABASE
[2026-01-14T14:06:16.746+0000] {logging_mixin.py:188} INFO - ======================================================================
[2026-01-14T14:06:16.747+0000] {logging_mixin.py:188} INFO - 
[1/4] Finding latest partition...
[2026-01-14T14:06:16.768+0000] {base.py:84} INFO - Using connection ID 'minio_finance' for task execution.
[2026-01-14T14:06:16.769+0000] {connection_wrapper.py:384} INFO - AWS Connection (conn_id='minio_finance', conn_type='aws') credentials retrieved from login and password.
[2026-01-14T14:06:32.081+0000] {logging_mixin.py:188} INFO - ✓ Latest partition found: people/date=2026-01-12/
[2026-01-14T14:06:32.083+0000] {logging_mixin.py:188} INFO - 
[2/4] Reading CSV files...
[2026-01-14T14:06:32.097+0000] {base.py:84} INFO - Using connection ID 'minio_finance' for task execution.
[2026-01-14T14:06:32.099+0000] {connection_wrapper.py:384} INFO - AWS Connection (conn_id='minio_finance', conn_type='aws') credentials retrieved from login and password.
[2026-01-14T14:06:33.345+0000] {logging_mixin.py:188} INFO - ✓ Found 87 CSV files in thongtin-congty-va-bctc/people/date=2026-01-12/
[2026-01-14T14:06:33.353+0000] {base.py:84} INFO - Using connection ID 'minio_finance' for task execution.
[2026-01-14T14:06:33.354+0000] {connection_wrapper.py:384} INFO - AWS Connection (conn_id='minio_finance', conn_type='aws') credentials retrieved from login and password.
[2026-01-14T14:06:33.505+0000] {logging_mixin.py:188} INFO - ✓ Read 486 rows from people/date=2026-01-12/batch_0.csv
[2026-01-14T14:06:33.513+0000] {base.py:84} INFO - Using connection ID 'minio_finance' for task execution.
[2026-01-14T14:06:33.514+0000] {connection_wrapper.py:384} INFO - AWS Connection (conn_id='minio_finance', conn_type='aws') credentials retrieved from login and password.
[2026-01-14T14:06:33.672+0000] {logging_mixin.py:188} INFO - ✓ Read 495 rows from people/date=2026-01-12/batch_1.csv
[2026-01-14T14:06:33.682+0000] {base.py:84} INFO - Using connection ID 'minio_finance' for task execution.
[2026-01-14T14:06:33.683+0000] {connection_wrapper.py:384} INFO - AWS Connection (conn_id='minio_finance', conn_type='aws') credentials retrieved from login and password.
[2026-01-14T14:06:33.830+0000] {logging_mixin.py:188} INFO - ✓ Read 493 rows from people/date=2026-01-12/batch_10.csv
[2026-01-14T14:06:33.839+0000] {base.py:84} INFO - Using connection ID 'minio_finance' for task execution.
[2026-01-14T14:06:33.840+0000] {connection_wrapper.py:384} INFO - AWS Connection (conn_id='minio_finance', conn_type='aws') credentials retrieved from login and password.
[2026-01-14T14:06:33.990+0000] {logging_mixin.py:188} INFO - ✓ Read 621 rows from people/date=2026-01-12/batch_11.csv
[2026-01-14T14:06:33.998+0000] {base.py:84} INFO - Using connection ID 'minio_finance' for task execution.
[2026-01-14T14:06:33.999+0000] {connection_wrapper.py:384} INFO - AWS Connection (conn_id='minio_finance', conn_type='aws') credentials retrieved from login and password.
[2026-01-14T14:06:34.583+0000] {logging_mixin.py:188} INFO - ✓ Read 547 rows from people/date=2026-01-12/batch_12.csv
[2026-01-14T14:06:34.593+0000] {base.py:84} INFO - Using connection ID 'minio_finance' for task execution.
[2026-01-14T14:06:34.594+0000] {connection_wrapper.py:384} INFO - AWS Connection (conn_id='minio_finance', conn_type='aws') credentials retrieved from login and password.
[2026-01-14T14:06:34.741+0000] {logging_mixin.py:188} INFO - ✓ Read 534 rows from people/date=2026-01-12/batch_13.csv
[2026-01-14T14:06:34.751+0000] {base.py:84} INFO - Using connection ID 'minio_finance' for task execution.
[2026-01-14T14:06:34.752+0000] {connection_wrapper.py:384} INFO - AWS Connection (conn_id='minio_finance', conn_type='aws') credentials retrieved from login and password.
[2026-01-14T14:06:34.912+0000] {logging_mixin.py:188} INFO - ✓ Read 617 rows from people/date=2026-01-12/batch_14.csv
[2026-01-14T14:06:34.921+0000] {base.py:84} INFO - Using connection ID 'minio_finance' for task execution.
[2026-01-14T14:06:34.922+0000] {connection_wrapper.py:384} INFO - AWS Connection (conn_id='minio_finance', conn_type='aws') credentials retrieved from login and password.
[2026-01-14T14:06:35.074+0000] {logging_mixin.py:188} INFO - ✓ Read 637 rows from people/date=2026-01-12/batch_15.csv
[2026-01-14T14:06:35.082+0000] {base.py:84} INFO - Using connection ID 'minio_finance' for task execution.
[2026-01-14T14:06:35.083+0000] {connection_wrapper.py:384} INFO - AWS Connection (conn_id='minio_finance', conn_type='aws') credentials retrieved from login and password.
[2026-01-14T14:06:35.247+0000] {logging_mixin.py:188} INFO - ✓ Read 552 rows from people/date=2026-01-12/batch_16.csv
[2026-01-14T14:06:35.256+0000] {base.py:84} INFO - Using connection ID 'minio_finance' for task execution.
[2026-01-14T14:06:35.257+0000] {connection_wrapper.py:384} INFO - AWS Connection (conn_id='minio_finance', conn_type='aws') credentials retrieved from login and password.
[2026-01-14T14:06:35.422+0000] {logging_mixin.py:188} INFO - ✓ Read 650 rows from people/date=2026-01-12/batch_17.csv
[2026-01-14T14:06:35.432+0000] {base.py:84} INFO - Using connection ID 'minio_finance' for task execution.
[2026-01-14T14:06:35.434+0000] {connection_wrapper.py:384} INFO - AWS Connection (conn_id='minio_finance', conn_type='aws') credentials retrieved from login and password.
[2026-01-14T14:06:35.570+0000] {logging_mixin.py:188} INFO - ✓ Read 569 rows from people/date=2026-01-12/batch_18.csv
[2026-01-14T14:06:35.581+0000] {base.py:84} INFO - Using connection ID 'minio_finance' for task execution.
[2026-01-14T14:06:35.582+0000] {connection_wrapper.py:384} INFO - AWS Connection (conn_id='minio_finance', conn_type='aws') credentials retrieved from login and password.
[2026-01-14T14:06:35.738+0000] {logging_mixin.py:188} INFO - ✓ Read 449 rows from people/date=2026-01-12/batch_19.csv
[2026-01-14T14:06:35.746+0000] {base.py:84} INFO - Using connection ID 'minio_finance' for task execution.
[2026-01-14T14:06:35.748+0000] {connection_wrapper.py:384} INFO - AWS Connection (conn_id='minio_finance', conn_type='aws') credentials retrieved from login and password.
[2026-01-14T14:06:35.890+0000] {logging_mixin.py:188} INFO - ✓ Read 649 rows from people/date=2026-01-12/batch_2.csv
[2026-01-14T14:06:35.901+0000] {base.py:84} INFO - Using connection ID 'minio_finance' for task execution.
[2026-01-14T14:06:35.904+0000] {connection_wrapper.py:384} INFO - AWS Connection (conn_id='minio_finance', conn_type='aws') credentials retrieved from login and password.
[2026-01-14T14:06:36.069+0000] {logging_mixin.py:188} INFO - ✓ Read 704 rows from people/date=2026-01-12/batch_20.csv
[2026-01-14T14:06:36.078+0000] {base.py:84} INFO - Using connection ID 'minio_finance' for task execution.
[2026-01-14T14:06:36.080+0000] {connection_wrapper.py:384} INFO - AWS Connection (conn_id='minio_finance', conn_type='aws') credentials retrieved from login and password.
[2026-01-14T14:06:36.235+0000] {logging_mixin.py:188} INFO - ✓ Read 587 rows from people/date=2026-01-12/batch_21.csv
[2026-01-14T14:06:36.246+0000] {base.py:84} INFO - Using connection ID 'minio_finance' for task execution.
[2026-01-14T14:06:36.247+0000] {connection_wrapper.py:384} INFO - AWS Connection (conn_id='minio_finance', conn_type='aws') credentials retrieved from login and password.
[2026-01-14T14:06:36.447+0000] {logging_mixin.py:188} INFO - ✓ Read 635 rows from people/date=2026-01-12/batch_22.csv
[2026-01-14T14:06:36.460+0000] {base.py:84} INFO - Using connection ID 'minio_finance' for task execution.
[2026-01-14T14:06:36.461+0000] {connection_wrapper.py:384} INFO - AWS Connection (conn_id='minio_finance', conn_type='aws') credentials retrieved from login and password.
[2026-01-14T14:06:36.713+0000] {logging_mixin.py:188} INFO - ✓ Read 651 rows from people/date=2026-01-12/batch_23.csv
[2026-01-14T14:06:36.724+0000] {base.py:84} INFO - Using connection ID 'minio_finance' for task execution.
[2026-01-14T14:06:36.726+0000] {connection_wrapper.py:384} INFO - AWS Connection (conn_id='minio_finance', conn_type='aws') credentials retrieved from login and password.
[2026-01-14T14:06:37.643+0000] {logging_mixin.py:188} INFO - ✓ Read 600 rows from people/date=2026-01-12/batch_24.csv
[2026-01-14T14:06:37.653+0000] {base.py:84} INFO - Using connection ID 'minio_finance' for task execution.
[2026-01-14T14:06:37.654+0000] {connection_wrapper.py:384} INFO - AWS Connection (conn_id='minio_finance', conn_type='aws') credentials retrieved from login and password.
[2026-01-14T14:06:37.843+0000] {logging_mixin.py:188} INFO - ✓ Read 555 rows from people/date=2026-01-12/batch_25.csv
[2026-01-14T14:06:37.855+0000] {base.py:84} INFO - Using connection ID 'minio_finance' for task execution.
[2026-01-14T14:06:37.856+0000] {connection_wrapper.py:384} INFO - AWS Connection (conn_id='minio_finance', conn_type='aws') credentials retrieved from login and password.
[2026-01-14T14:06:38.017+0000] {logging_mixin.py:188} INFO - ✓ Read 630 rows from people/date=2026-01-12/batch_26.csv
[2026-01-14T14:06:38.030+0000] {base.py:84} INFO - Using connection ID 'minio_finance' for task execution.
[2026-01-14T14:06:38.032+0000] {connection_wrapper.py:384} INFO - AWS Connection (conn_id='minio_finance', conn_type='aws') credentials retrieved from login and password.
[2026-01-14T14:06:38.174+0000] {logging_mixin.py:188} INFO - ✓ Read 564 rows from people/date=2026-01-12/batch_27.csv
[2026-01-14T14:06:38.185+0000] {base.py:84} INFO - Using connection ID 'minio_finance' for task execution.
[2026-01-14T14:06:38.186+0000] {connection_wrapper.py:384} INFO - AWS Connection (conn_id='minio_finance', conn_type='aws') credentials retrieved from login and password.
[2026-01-14T14:06:38.374+0000] {logging_mixin.py:188} INFO - ✓ Read 516 rows from people/date=2026-01-12/batch_28.csv
[2026-01-14T14:06:38.384+0000] {base.py:84} INFO - Using connection ID 'minio_finance' for task execution.
[2026-01-14T14:06:38.385+0000] {connection_wrapper.py:384} INFO - AWS Connection (conn_id='minio_finance', conn_type='aws') credentials retrieved from login and password.
[2026-01-14T14:06:38.570+0000] {logging_mixin.py:188} INFO - ✓ Read 502 rows from people/date=2026-01-12/batch_29.csv
[2026-01-14T14:06:38.582+0000] {base.py:84} INFO - Using connection ID 'minio_finance' for task execution.
[2026-01-14T14:06:38.583+0000] {connection_wrapper.py:384} INFO - AWS Connection (conn_id='minio_finance', conn_type='aws') credentials retrieved from login and password.
[2026-01-14T14:06:38.767+0000] {logging_mixin.py:188} INFO - ✓ Read 620 rows from people/date=2026-01-12/batch_3.csv
[2026-01-14T14:06:38.787+0000] {base.py:84} INFO - Using connection ID 'minio_finance' for task execution.
[2026-01-14T14:06:38.791+0000] {connection_wrapper.py:384} INFO - AWS Connection (conn_id='minio_finance', conn_type='aws') credentials retrieved from login and password.
[2026-01-14T14:06:38.965+0000] {logging_mixin.py:188} INFO - ✓ Read 641 rows from people/date=2026-01-12/batch_30.csv
[2026-01-14T14:06:38.975+0000] {base.py:84} INFO - Using connection ID 'minio_finance' for task execution.
[2026-01-14T14:06:38.976+0000] {connection_wrapper.py:384} INFO - AWS Connection (conn_id='minio_finance', conn_type='aws') credentials retrieved from login and password.
[2026-01-14T14:06:39.130+0000] {logging_mixin.py:188} INFO - ✓ Read 534 rows from people/date=2026-01-12/batch_31.csv
[2026-01-14T14:06:39.140+0000] {base.py:84} INFO - Using connection ID 'minio_finance' for task execution.
[2026-01-14T14:06:39.141+0000] {connection_wrapper.py:384} INFO - AWS Connection (conn_id='minio_finance', conn_type='aws') credentials retrieved from login and password.
[2026-01-14T14:06:39.283+0000] {logging_mixin.py:188} INFO - ✓ Read 536 rows from people/date=2026-01-12/batch_32.csv
[2026-01-14T14:06:39.292+0000] {base.py:84} INFO - Using connection ID 'minio_finance' for task execution.
[2026-01-14T14:06:39.293+0000] {connection_wrapper.py:384} INFO - AWS Connection (conn_id='minio_finance', conn_type='aws') credentials retrieved from login and password.
[2026-01-14T14:06:39.466+0000] {logging_mixin.py:188} INFO - ✓ Read 683 rows from people/date=2026-01-12/batch_33.csv
[2026-01-14T14:06:39.475+0000] {base.py:84} INFO - Using connection ID 'minio_finance' for task execution.
[2026-01-14T14:06:39.476+0000] {connection_wrapper.py:384} INFO - AWS Connection (conn_id='minio_finance', conn_type='aws') credentials retrieved from login and password.
[2026-01-14T14:06:39.649+0000] {logging_mixin.py:188} INFO - ✓ Read 623 rows from people/date=2026-01-12/batch_34.csv
[2026-01-14T14:06:39.661+0000] {base.py:84} INFO - Using connection ID 'minio_finance' for task execution.
[2026-01-14T14:06:39.662+0000] {connection_wrapper.py:384} INFO - AWS Connection (conn_id='minio_finance', conn_type='aws') credentials retrieved from login and password.
[2026-01-14T14:06:39.836+0000] {logging_mixin.py:188} INFO - ✓ Read 658 rows from people/date=2026-01-12/batch_35.csv
[2026-01-14T14:06:39.852+0000] {base.py:84} INFO - Using connection ID 'minio_finance' for task execution.
[2026-01-14T14:06:39.859+0000] {connection_wrapper.py:384} INFO - AWS Connection (conn_id='minio_finance', conn_type='aws') credentials retrieved from login and password.
[2026-01-14T14:06:40.662+0000] {logging_mixin.py:188} INFO - ✓ Read 521 rows from people/date=2026-01-12/batch_36.csv
[2026-01-14T14:06:40.673+0000] {base.py:84} INFO - Using connection ID 'minio_finance' for task execution.
[2026-01-14T14:06:40.674+0000] {connection_wrapper.py:384} INFO - AWS Connection (conn_id='minio_finance', conn_type='aws') credentials retrieved from login and password.
[2026-01-14T14:06:40.824+0000] {logging_mixin.py:188} INFO - ✓ Read 666 rows from people/date=2026-01-12/batch_37.csv
[2026-01-14T14:06:40.838+0000] {base.py:84} INFO - Using connection ID 'minio_finance' for task execution.
[2026-01-14T14:06:40.839+0000] {connection_wrapper.py:384} INFO - AWS Connection (conn_id='minio_finance', conn_type='aws') credentials retrieved from login and password.
[2026-01-14T14:06:41.044+0000] {logging_mixin.py:188} INFO - ✓ Read 585 rows from people/date=2026-01-12/batch_38.csv
[2026-01-14T14:06:41.058+0000] {base.py:84} INFO - Using connection ID 'minio_finance' for task execution.
[2026-01-14T14:06:41.060+0000] {connection_wrapper.py:384} INFO - AWS Connection (conn_id='minio_finance', conn_type='aws') credentials retrieved from login and password.
[2026-01-14T14:06:41.279+0000] {logging_mixin.py:188} INFO - ✓ Read 537 rows from people/date=2026-01-12/batch_39.csv
[2026-01-14T14:06:41.289+0000] {base.py:84} INFO - Using connection ID 'minio_finance' for task execution.
[2026-01-14T14:06:41.291+0000] {connection_wrapper.py:384} INFO - AWS Connection (conn_id='minio_finance', conn_type='aws') credentials retrieved from login and password.
[2026-01-14T14:06:41.474+0000] {logging_mixin.py:188} INFO - ✓ Read 716 rows from people/date=2026-01-12/batch_4.csv
[2026-01-14T14:06:41.485+0000] {base.py:84} INFO - Using connection ID 'minio_finance' for task execution.
[2026-01-14T14:06:41.486+0000] {connection_wrapper.py:384} INFO - AWS Connection (conn_id='minio_finance', conn_type='aws') credentials retrieved from login and password.
[2026-01-14T14:06:41.665+0000] {logging_mixin.py:188} INFO - ✓ Read 588 rows from people/date=2026-01-12/batch_40.csv
[2026-01-14T14:06:41.677+0000] {base.py:84} INFO - Using connection ID 'minio_finance' for task execution.
[2026-01-14T14:06:41.678+0000] {connection_wrapper.py:384} INFO - AWS Connection (conn_id='minio_finance', conn_type='aws') credentials retrieved from login and password.
[2026-01-14T14:06:41.818+0000] {logging_mixin.py:188} INFO - ✓ Read 600 rows from people/date=2026-01-12/batch_41.csv
[2026-01-14T14:06:41.828+0000] {base.py:84} INFO - Using connection ID 'minio_finance' for task execution.
[2026-01-14T14:06:41.829+0000] {connection_wrapper.py:384} INFO - AWS Connection (conn_id='minio_finance', conn_type='aws') credentials retrieved from login and password.
[2026-01-14T14:06:41.966+0000] {logging_mixin.py:188} INFO - ✓ Read 633 rows from people/date=2026-01-12/batch_42.csv
[2026-01-14T14:06:41.975+0000] {base.py:84} INFO - Using connection ID 'minio_finance' for task execution.
[2026-01-14T14:06:41.976+0000] {connection_wrapper.py:384} INFO - AWS Connection (conn_id='minio_finance', conn_type='aws') credentials retrieved from login and password.
[2026-01-14T14:06:42.140+0000] {logging_mixin.py:188} INFO - ✓ Read 521 rows from people/date=2026-01-12/batch_43.csv
[2026-01-14T14:06:42.149+0000] {base.py:84} INFO - Using connection ID 'minio_finance' for task execution.
[2026-01-14T14:06:42.150+0000] {connection_wrapper.py:384} INFO - AWS Connection (conn_id='minio_finance', conn_type='aws') credentials retrieved from login and password.
[2026-01-14T14:06:42.320+0000] {logging_mixin.py:188} INFO - ✓ Read 678 rows from people/date=2026-01-12/batch_44.csv
[2026-01-14T14:06:42.331+0000] {base.py:84} INFO - Using connection ID 'minio_finance' for task execution.
[2026-01-14T14:06:42.332+0000] {connection_wrapper.py:384} INFO - AWS Connection (conn_id='minio_finance', conn_type='aws') credentials retrieved from login and password.
[2026-01-14T14:06:42.531+0000] {logging_mixin.py:188} INFO - ✓ Read 630 rows from people/date=2026-01-12/batch_45.csv
[2026-01-14T14:06:42.542+0000] {base.py:84} INFO - Using connection ID 'minio_finance' for task execution.
[2026-01-14T14:06:42.543+0000] {connection_wrapper.py:384} INFO - AWS Connection (conn_id='minio_finance', conn_type='aws') credentials retrieved from login and password.
[2026-01-14T14:06:42.732+0000] {logging_mixin.py:188} INFO - ✓ Read 616 rows from people/date=2026-01-12/batch_46.csv
[2026-01-14T14:06:42.744+0000] {base.py:84} INFO - Using connection ID 'minio_finance' for task execution.
[2026-01-14T14:06:42.746+0000] {connection_wrapper.py:384} INFO - AWS Connection (conn_id='minio_finance', conn_type='aws') credentials retrieved from login and password.
[2026-01-14T14:06:42.911+0000] {logging_mixin.py:188} INFO - ✓ Read 609 rows from people/date=2026-01-12/batch_47.csv
[2026-01-14T14:06:42.922+0000] {base.py:84} INFO - Using connection ID 'minio_finance' for task execution.
[2026-01-14T14:06:42.923+0000] {connection_wrapper.py:384} INFO - AWS Connection (conn_id='minio_finance', conn_type='aws') credentials retrieved from login and password.
[2026-01-14T14:06:43.113+0000] {logging_mixin.py:188} INFO - ✓ Read 586 rows from people/date=2026-01-12/batch_48.csv
[2026-01-14T14:06:43.125+0000] {base.py:84} INFO - Using connection ID 'minio_finance' for task execution.
[2026-01-14T14:06:43.126+0000] {connection_wrapper.py:384} INFO - AWS Connection (conn_id='minio_finance', conn_type='aws') credentials retrieved from login and password.
[2026-01-14T14:06:43.928+0000] {logging_mixin.py:188} INFO - ✓ Read 771 rows from people/date=2026-01-12/batch_49.csv
[2026-01-14T14:06:43.939+0000] {base.py:84} INFO - Using connection ID 'minio_finance' for task execution.
[2026-01-14T14:06:43.940+0000] {connection_wrapper.py:384} INFO - AWS Connection (conn_id='minio_finance', conn_type='aws') credentials retrieved from login and password.
[2026-01-14T14:06:44.129+0000] {logging_mixin.py:188} INFO - ✓ Read 564 rows from people/date=2026-01-12/batch_5.csv
[2026-01-14T14:06:44.140+0000] {base.py:84} INFO - Using connection ID 'minio_finance' for task execution.
[2026-01-14T14:06:44.141+0000] {connection_wrapper.py:384} INFO - AWS Connection (conn_id='minio_finance', conn_type='aws') credentials retrieved from login and password.
[2026-01-14T14:06:44.317+0000] {logging_mixin.py:188} INFO - ✓ Read 562 rows from people/date=2026-01-12/batch_50.csv
[2026-01-14T14:06:44.326+0000] {base.py:84} INFO - Using connection ID 'minio_finance' for task execution.
[2026-01-14T14:06:44.327+0000] {connection_wrapper.py:384} INFO - AWS Connection (conn_id='minio_finance', conn_type='aws') credentials retrieved from login and password.
[2026-01-14T14:06:44.479+0000] {logging_mixin.py:188} INFO - ✓ Read 638 rows from people/date=2026-01-12/batch_51.csv
[2026-01-14T14:06:44.489+0000] {base.py:84} INFO - Using connection ID 'minio_finance' for task execution.
[2026-01-14T14:06:44.490+0000] {connection_wrapper.py:384} INFO - AWS Connection (conn_id='minio_finance', conn_type='aws') credentials retrieved from login and password.
[2026-01-14T14:06:44.662+0000] {logging_mixin.py:188} INFO - ✓ Read 660 rows from people/date=2026-01-12/batch_52.csv
[2026-01-14T14:06:44.673+0000] {base.py:84} INFO - Using connection ID 'minio_finance' for task execution.
[2026-01-14T14:06:44.675+0000] {connection_wrapper.py:384} INFO - AWS Connection (conn_id='minio_finance', conn_type='aws') credentials retrieved from login and password.
[2026-01-14T14:06:44.809+0000] {logging_mixin.py:188} INFO - ✓ Read 643 rows from people/date=2026-01-12/batch_53.csv
[2026-01-14T14:06:44.817+0000] {base.py:84} INFO - Using connection ID 'minio_finance' for task execution.
[2026-01-14T14:06:44.818+0000] {connection_wrapper.py:384} INFO - AWS Connection (conn_id='minio_finance', conn_type='aws') credentials retrieved from login and password.
[2026-01-14T14:06:44.990+0000] {logging_mixin.py:188} INFO - ✓ Read 650 rows from people/date=2026-01-12/batch_54.csv
[2026-01-14T14:06:45.000+0000] {base.py:84} INFO - Using connection ID 'minio_finance' for task execution.
[2026-01-14T14:06:45.001+0000] {connection_wrapper.py:384} INFO - AWS Connection (conn_id='minio_finance', conn_type='aws') credentials retrieved from login and password.
[2026-01-14T14:06:45.160+0000] {logging_mixin.py:188} INFO - ✓ Read 547 rows from people/date=2026-01-12/batch_55.csv
[2026-01-14T14:06:45.169+0000] {base.py:84} INFO - Using connection ID 'minio_finance' for task execution.
[2026-01-14T14:06:45.170+0000] {connection_wrapper.py:384} INFO - AWS Connection (conn_id='minio_finance', conn_type='aws') credentials retrieved from login and password.
[2026-01-14T14:06:45.450+0000] {logging_mixin.py:188} INFO - ✓ Read 450 rows from people/date=2026-01-12/batch_56.csv
[2026-01-14T14:06:45.465+0000] {base.py:84} INFO - Using connection ID 'minio_finance' for task execution.
[2026-01-14T14:06:45.467+0000] {connection_wrapper.py:384} INFO - AWS Connection (conn_id='minio_finance', conn_type='aws') credentials retrieved from login and password.
[2026-01-14T14:06:45.699+0000] {logging_mixin.py:188} INFO - ✓ Read 594 rows from people/date=2026-01-12/batch_57.csv
[2026-01-14T14:06:45.718+0000] {base.py:84} INFO - Using connection ID 'minio_finance' for task execution.
[2026-01-14T14:06:45.719+0000] {connection_wrapper.py:384} INFO - AWS Connection (conn_id='minio_finance', conn_type='aws') credentials retrieved from login and password.
[2026-01-14T14:06:45.916+0000] {logging_mixin.py:188} INFO - ✓ Read 562 rows from people/date=2026-01-12/batch_58.csv
[2026-01-14T14:06:45.925+0000] {base.py:84} INFO - Using connection ID 'minio_finance' for task execution.
[2026-01-14T14:06:45.926+0000] {connection_wrapper.py:384} INFO - AWS Connection (conn_id='minio_finance', conn_type='aws') credentials retrieved from login and password.
[2026-01-14T14:06:46.051+0000] {logging_mixin.py:188} INFO - ✓ Read 609 rows from people/date=2026-01-12/batch_59.csv
[2026-01-14T14:06:46.060+0000] {base.py:84} INFO - Using connection ID 'minio_finance' for task execution.
[2026-01-14T14:06:46.061+0000] {connection_wrapper.py:384} INFO - AWS Connection (conn_id='minio_finance', conn_type='aws') credentials retrieved from login and password.
[2026-01-14T14:06:46.243+0000] {logging_mixin.py:188} INFO - ✓ Read 709 rows from people/date=2026-01-12/batch_6.csv
[2026-01-14T14:06:46.258+0000] {base.py:84} INFO - Using connection ID 'minio_finance' for task execution.
[2026-01-14T14:06:46.259+0000] {connection_wrapper.py:384} INFO - AWS Connection (conn_id='minio_finance', conn_type='aws') credentials retrieved from login and password.
[2026-01-14T14:06:47.106+0000] {logging_mixin.py:188} INFO - ✓ Read 653 rows from people/date=2026-01-12/batch_60.csv
[2026-01-14T14:06:47.117+0000] {base.py:84} INFO - Using connection ID 'minio_finance' for task execution.
[2026-01-14T14:06:47.118+0000] {connection_wrapper.py:384} INFO - AWS Connection (conn_id='minio_finance', conn_type='aws') credentials retrieved from login and password.
[2026-01-14T14:06:47.279+0000] {logging_mixin.py:188} INFO - ✓ Read 586 rows from people/date=2026-01-12/batch_61.csv
[2026-01-14T14:06:47.289+0000] {base.py:84} INFO - Using connection ID 'minio_finance' for task execution.
[2026-01-14T14:06:47.290+0000] {connection_wrapper.py:384} INFO - AWS Connection (conn_id='minio_finance', conn_type='aws') credentials retrieved from login and password.
[2026-01-14T14:06:47.456+0000] {logging_mixin.py:188} INFO - ✓ Read 637 rows from people/date=2026-01-12/batch_62.csv
[2026-01-14T14:06:47.465+0000] {base.py:84} INFO - Using connection ID 'minio_finance' for task execution.
[2026-01-14T14:06:47.467+0000] {connection_wrapper.py:384} INFO - AWS Connection (conn_id='minio_finance', conn_type='aws') credentials retrieved from login and password.
[2026-01-14T14:06:47.631+0000] {logging_mixin.py:188} INFO - ✓ Read 589 rows from people/date=2026-01-12/batch_63.csv
[2026-01-14T14:06:47.643+0000] {base.py:84} INFO - Using connection ID 'minio_finance' for task execution.
[2026-01-14T14:06:47.644+0000] {connection_wrapper.py:384} INFO - AWS Connection (conn_id='minio_finance', conn_type='aws') credentials retrieved from login and password.
[2026-01-14T14:06:47.801+0000] {logging_mixin.py:188} INFO - ✓ Read 523 rows from people/date=2026-01-12/batch_64.csv
[2026-01-14T14:06:47.810+0000] {base.py:84} INFO - Using connection ID 'minio_finance' for task execution.
[2026-01-14T14:06:47.811+0000] {connection_wrapper.py:384} INFO - AWS Connection (conn_id='minio_finance', conn_type='aws') credentials retrieved from login and password.
[2026-01-14T14:06:47.997+0000] {logging_mixin.py:188} INFO - ✓ Read 542 rows from people/date=2026-01-12/batch_65.csv
[2026-01-14T14:06:48.008+0000] {base.py:84} INFO - Using connection ID 'minio_finance' for task execution.
[2026-01-14T14:06:48.009+0000] {connection_wrapper.py:384} INFO - AWS Connection (conn_id='minio_finance', conn_type='aws') credentials retrieved from login and password.
[2026-01-14T14:06:48.185+0000] {logging_mixin.py:188} INFO - ✓ Read 673 rows from people/date=2026-01-12/batch_66.csv
[2026-01-14T14:06:48.194+0000] {base.py:84} INFO - Using connection ID 'minio_finance' for task execution.
[2026-01-14T14:06:48.195+0000] {connection_wrapper.py:384} INFO - AWS Connection (conn_id='minio_finance', conn_type='aws') credentials retrieved from login and password.
[2026-01-14T14:06:48.337+0000] {logging_mixin.py:188} INFO - ✓ Read 476 rows from people/date=2026-01-12/batch_67.csv
[2026-01-14T14:06:48.346+0000] {base.py:84} INFO - Using connection ID 'minio_finance' for task execution.
[2026-01-14T14:06:48.347+0000] {connection_wrapper.py:384} INFO - AWS Connection (conn_id='minio_finance', conn_type='aws') credentials retrieved from login and password.
[2026-01-14T14:06:48.486+0000] {logging_mixin.py:188} INFO - ✓ Read 590 rows from people/date=2026-01-12/batch_68.csv
[2026-01-14T14:06:48.496+0000] {base.py:84} INFO - Using connection ID 'minio_finance' for task execution.
[2026-01-14T14:06:48.497+0000] {connection_wrapper.py:384} INFO - AWS Connection (conn_id='minio_finance', conn_type='aws') credentials retrieved from login and password.
[2026-01-14T14:06:48.652+0000] {logging_mixin.py:188} INFO - ✓ Read 699 rows from people/date=2026-01-12/batch_69.csv
[2026-01-14T14:06:48.660+0000] {base.py:84} INFO - Using connection ID 'minio_finance' for task execution.
[2026-01-14T14:06:48.661+0000] {connection_wrapper.py:384} INFO - AWS Connection (conn_id='minio_finance', conn_type='aws') credentials retrieved from login and password.
[2026-01-14T14:06:48.805+0000] {logging_mixin.py:188} INFO - ✓ Read 549 rows from people/date=2026-01-12/batch_7.csv
[2026-01-14T14:06:48.814+0000] {base.py:84} INFO - Using connection ID 'minio_finance' for task execution.
[2026-01-14T14:06:48.816+0000] {connection_wrapper.py:384} INFO - AWS Connection (conn_id='minio_finance', conn_type='aws') credentials retrieved from login and password.
[2026-01-14T14:06:48.994+0000] {logging_mixin.py:188} INFO - ✓ Read 652 rows from people/date=2026-01-12/batch_70.csv
[2026-01-14T14:06:49.004+0000] {base.py:84} INFO - Using connection ID 'minio_finance' for task execution.
[2026-01-14T14:06:49.006+0000] {connection_wrapper.py:384} INFO - AWS Connection (conn_id='minio_finance', conn_type='aws') credentials retrieved from login and password.
[2026-01-14T14:06:49.155+0000] {logging_mixin.py:188} INFO - ✓ Read 651 rows from people/date=2026-01-12/batch_71.csv
[2026-01-14T14:06:49.166+0000] {base.py:84} INFO - Using connection ID 'minio_finance' for task execution.
[2026-01-14T14:06:49.168+0000] {connection_wrapper.py:384} INFO - AWS Connection (conn_id='minio_finance', conn_type='aws') credentials retrieved from login and password.
[2026-01-14T14:06:49.905+0000] {logging_mixin.py:188} INFO - ✓ Read 629 rows from people/date=2026-01-12/batch_72.csv
[2026-01-14T14:06:49.915+0000] {base.py:84} INFO - Using connection ID 'minio_finance' for task execution.
[2026-01-14T14:06:49.916+0000] {connection_wrapper.py:384} INFO - AWS Connection (conn_id='minio_finance', conn_type='aws') credentials retrieved from login and password.
[2026-01-14T14:06:50.194+0000] {logging_mixin.py:188} INFO - ✓ Read 528 rows from people/date=2026-01-12/batch_73.csv
[2026-01-14T14:06:50.213+0000] {base.py:84} INFO - Using connection ID 'minio_finance' for task execution.
[2026-01-14T14:06:50.214+0000] {connection_wrapper.py:384} INFO - AWS Connection (conn_id='minio_finance', conn_type='aws') credentials retrieved from login and password.
[2026-01-14T14:06:50.497+0000] {logging_mixin.py:188} INFO - ✓ Read 649 rows from people/date=2026-01-12/batch_74.csv
[2026-01-14T14:06:50.517+0000] {base.py:84} INFO - Using connection ID 'minio_finance' for task execution.
[2026-01-14T14:06:50.518+0000] {connection_wrapper.py:384} INFO - AWS Connection (conn_id='minio_finance', conn_type='aws') credentials retrieved from login and password.
[2026-01-14T14:06:50.871+0000] {logging_mixin.py:188} INFO - ✓ Read 537 rows from people/date=2026-01-12/batch_75.csv
[2026-01-14T14:06:50.936+0000] {base.py:84} INFO - Using connection ID 'minio_finance' for task execution.
[2026-01-14T14:06:50.938+0000] {connection_wrapper.py:384} INFO - AWS Connection (conn_id='minio_finance', conn_type='aws') credentials retrieved from login and password.
[2026-01-14T14:06:51.218+0000] {logging_mixin.py:188} INFO - ✓ Read 596 rows from people/date=2026-01-12/batch_76.csv
[2026-01-14T14:06:51.231+0000] {base.py:84} INFO - Using connection ID 'minio_finance' for task execution.
[2026-01-14T14:06:51.232+0000] {connection_wrapper.py:384} INFO - AWS Connection (conn_id='minio_finance', conn_type='aws') credentials retrieved from login and password.
[2026-01-14T14:06:51.432+0000] {logging_mixin.py:188} INFO - ✓ Read 669 rows from people/date=2026-01-12/batch_77.csv
[2026-01-14T14:06:51.444+0000] {base.py:84} INFO - Using connection ID 'minio_finance' for task execution.
[2026-01-14T14:06:51.445+0000] {connection_wrapper.py:384} INFO - AWS Connection (conn_id='minio_finance', conn_type='aws') credentials retrieved from login and password.
[2026-01-14T14:06:51.675+0000] {logging_mixin.py:188} INFO - ✓ Read 532 rows from people/date=2026-01-12/batch_78.csv
[2026-01-14T14:06:51.688+0000] {base.py:84} INFO - Using connection ID 'minio_finance' for task execution.
[2026-01-14T14:06:51.689+0000] {connection_wrapper.py:384} INFO - AWS Connection (conn_id='minio_finance', conn_type='aws') credentials retrieved from login and password.
[2026-01-14T14:06:51.923+0000] {logging_mixin.py:188} INFO - ✓ Read 454 rows from people/date=2026-01-12/batch_79.csv
[2026-01-14T14:06:51.932+0000] {base.py:84} INFO - Using connection ID 'minio_finance' for task execution.
[2026-01-14T14:06:51.933+0000] {connection_wrapper.py:384} INFO - AWS Connection (conn_id='minio_finance', conn_type='aws') credentials retrieved from login and password.
[2026-01-14T14:06:52.098+0000] {logging_mixin.py:188} INFO - ✓ Read 606 rows from people/date=2026-01-12/batch_8.csv
[2026-01-14T14:06:52.107+0000] {base.py:84} INFO - Using connection ID 'minio_finance' for task execution.
[2026-01-14T14:06:52.109+0000] {connection_wrapper.py:384} INFO - AWS Connection (conn_id='minio_finance', conn_type='aws') credentials retrieved from login and password.
[2026-01-14T14:06:52.311+0000] {logging_mixin.py:188} INFO - ✓ Read 513 rows from people/date=2026-01-12/batch_80.csv
[2026-01-14T14:06:52.325+0000] {base.py:84} INFO - Using connection ID 'minio_finance' for task execution.
[2026-01-14T14:06:52.327+0000] {connection_wrapper.py:384} INFO - AWS Connection (conn_id='minio_finance', conn_type='aws') credentials retrieved from login and password.
[2026-01-14T14:06:52.573+0000] {logging_mixin.py:188} INFO - ✓ Read 427 rows from people/date=2026-01-12/batch_81.csv
[2026-01-14T14:06:52.585+0000] {base.py:84} INFO - Using connection ID 'minio_finance' for task execution.
[2026-01-14T14:06:52.586+0000] {connection_wrapper.py:384} INFO - AWS Connection (conn_id='minio_finance', conn_type='aws') credentials retrieved from login and password.
[2026-01-14T14:06:52.748+0000] {logging_mixin.py:188} INFO - ✓ Read 532 rows from people/date=2026-01-12/batch_82.csv
[2026-01-14T14:06:52.759+0000] {base.py:84} INFO - Using connection ID 'minio_finance' for task execution.
[2026-01-14T14:06:52.761+0000] {connection_wrapper.py:384} INFO - AWS Connection (conn_id='minio_finance', conn_type='aws') credentials retrieved from login and password.
[2026-01-14T14:06:52.954+0000] {logging_mixin.py:188} INFO - ✓ Read 526 rows from people/date=2026-01-12/batch_83.csv
[2026-01-14T14:06:52.965+0000] {base.py:84} INFO - Using connection ID 'minio_finance' for task execution.
[2026-01-14T14:06:52.966+0000] {connection_wrapper.py:384} INFO - AWS Connection (conn_id='minio_finance', conn_type='aws') credentials retrieved from login and password.
[2026-01-14T14:06:53.740+0000] {logging_mixin.py:188} INFO - ✓ Read 618 rows from people/date=2026-01-12/batch_84.csv
[2026-01-14T14:06:53.754+0000] {base.py:84} INFO - Using connection ID 'minio_finance' for task execution.
[2026-01-14T14:06:53.755+0000] {connection_wrapper.py:384} INFO - AWS Connection (conn_id='minio_finance', conn_type='aws') credentials retrieved from login and password.
[2026-01-14T14:06:53.916+0000] {logging_mixin.py:188} INFO - ✓ Read 668 rows from people/date=2026-01-12/batch_85.csv
[2026-01-14T14:06:53.926+0000] {base.py:84} INFO - Using connection ID 'minio_finance' for task execution.
[2026-01-14T14:06:53.927+0000] {connection_wrapper.py:384} INFO - AWS Connection (conn_id='minio_finance', conn_type='aws') credentials retrieved from login and password.
[2026-01-14T14:06:54.105+0000] {logging_mixin.py:188} INFO - ✓ Read 387 rows from people/date=2026-01-12/batch_86.csv
[2026-01-14T14:06:54.114+0000] {base.py:84} INFO - Using connection ID 'minio_finance' for task execution.
[2026-01-14T14:06:54.115+0000] {connection_wrapper.py:384} INFO - AWS Connection (conn_id='minio_finance', conn_type='aws') credentials retrieved from login and password.
[2026-01-14T14:06:54.327+0000] {logging_mixin.py:188} INFO - ✓ Read 651 rows from people/date=2026-01-12/batch_9.csv
[2026-01-14T14:06:54.337+0000] {logging_mixin.py:188} INFO - ✓ Concatenated 87 files into 51325 total rows
[2026-01-14T14:06:54.340+0000] {logging_mixin.py:188} INFO - Loaded 51325 rows
[2026-01-14T14:06:54.341+0000] {logging_mixin.py:188} INFO - 
[3/4] Cleaning and transforming data...
[2026-01-14T14:06:54.501+0000] {logging_mixin.py:188} INFO - After cleaning: 51296 rows
[2026-01-14T14:06:54.502+0000] {logging_mixin.py:188} INFO - 
[4/4] Inserting into database...
[2026-01-14T14:06:54.512+0000] {logging_mixin.py:188} INFO - ✓ Schema demo ensured
[2026-01-14T14:06:58.672+0000] {logging_mixin.py:188} INFO - Deleted 51296 old records for 1715 tickers
[2026-01-14T14:07:00.442+0000] {logging_mixin.py:188} INFO - ✅ Inserted 51296 rows
[2026-01-14T14:07:00.458+0000] {python.py:237} INFO - Done. Returned value was: ✅ Success: 51296 rows
[2026-01-14T14:07:00.458+0000] {taskinstance.py:441} INFO - ::group::Post task execution logs
[2026-01-14T14:07:00.505+0000] {taskinstance.py:1206} INFO - Marking task as SUCCESS. dag_id=minio_to_db_sync, task_id=sync_people, run_id=__***_temporary_run_2026-01-14T14:06:08.650646+00:00__, execution_date=20260114T000000, start_date=20260114T140616, end_date=20260114T140700
[2026-01-14T14:07:00.570+0000] {local_task_job_runner.py:243} INFO - Task exited with return code 0
[2026-01-14T14:07:00.621+0000] {taskinstance.py:3503} INFO - 0 downstream tasks scheduled from follow-on schedule check
[2026-01-14T14:07:00.628+0000] {local_task_job_runner.py:222} INFO - ::endgroup::
