[2026-02-18T15:51:43.961+0000] {local_task_job_runner.py:120} INFO - ::group::Pre task execution logs
[2026-02-18T15:51:44.021+0000] {taskinstance.py:2076} INFO - Dependencies all met for dep_context=non-requeueable deps ti=<TaskInstance: company_people_to_minio.people_minio scheduled__2026-02-08T00:00:00+00:00 map_index=61 [queued]>
[2026-02-18T15:51:44.072+0000] {taskinstance.py:2076} INFO - Dependencies all met for dep_context=requeueable deps ti=<TaskInstance: company_people_to_minio.people_minio scheduled__2026-02-08T00:00:00+00:00 map_index=61 [queued]>
[2026-02-18T15:51:44.087+0000] {taskinstance.py:2306} INFO - Starting attempt 1 of 2
[2026-02-18T15:51:44.148+0000] {taskinstance.py:2330} INFO - Executing <Mapped(DfToCsvOperator): people_minio> on 2026-02-08 00:00:00+00:00
[2026-02-18T15:51:44.173+0000] {warnings.py:112} WARNING - This process (pid=3457) is multi-threaded, use of fork() may lead to deadlocks in the child.

[2026-02-18T15:51:44.179+0000] {standard_task_runner.py:64} INFO - Started process 3516 to run task
[2026-02-18T15:51:44.179+0000] {standard_task_runner.py:90} INFO - Running: ['***', 'tasks', 'run', 'company_people_to_minio', 'people_minio', 'scheduled__2026-02-08T00:00:00+00:00', '--job-id', '22118', '--raw', '--subdir', 'DAGS_FOLDER/dl_people.py', '--cfg-path', '/tmp/tmp39awkoh_', '--map-index', '61']
[2026-02-18T15:51:44.183+0000] {standard_task_runner.py:91} INFO - Job 22118: Subtask people_minio
[2026-02-18T15:51:44.324+0000] {task_command.py:426} INFO - Running <TaskInstance: company_people_to_minio.people_minio scheduled__2026-02-08T00:00:00+00:00 map_index=61 [running]> on host 83ee49e7e828
[2026-02-18T15:51:44.640+0000] {taskinstance.py:2648} INFO - Exporting env vars: AIRFLOW_CTX_DAG_OWNER='***' AIRFLOW_CTX_DAG_ID='company_people_to_minio' AIRFLOW_CTX_TASK_ID='people_minio' AIRFLOW_CTX_EXECUTION_DATE='2026-02-08T00:00:00+00:00' AIRFLOW_CTX_TRY_NUMBER='1' AIRFLOW_CTX_DAG_RUN_ID='scheduled__2026-02-08T00:00:00+00:00'
[2026-02-18T15:51:44.643+0000] {taskinstance.py:430} INFO - ::endgroup::
[2026-02-18T15:51:44.644+0000] {datalake_df2csv.py:40} INFO - ================================================================================
[2026-02-18T15:51:44.645+0000] {datalake_df2csv.py:41} INFO - 🚀 BẮT ĐẦU TASK: people_minio
[2026-02-18T15:51:44.646+0000] {datalake_df2csv.py:42} INFO - ================================================================================
[2026-02-18T15:51:44.646+0000] {datalake_df2csv.py:43} INFO - 📋 Thông tin cấu hình:
[2026-02-18T15:51:44.647+0000] {datalake_df2csv.py:44} INFO -   - Logic file: thongtincongty
[2026-02-18T15:51:44.647+0000] {datalake_df2csv.py:45} INFO -   - DataFrame name: get_people_batch
[2026-02-18T15:51:44.648+0000] {datalake_df2csv.py:46} INFO -   - Bucket: thongtin-congty-va-bctc
[2026-02-18T15:51:44.648+0000] {datalake_df2csv.py:47} INFO -   - Object path: people/2026-02-08/batch_61.csv
[2026-02-18T15:51:44.649+0000] {datalake_df2csv.py:48} INFO -   - Connection ID: minio_finance
[2026-02-18T15:51:44.649+0000] {datalake_df2csv.py:49} INFO -   - Tham số truyền vào: {'symbols': ['CCS', 'VSI', 'MAS', 'CGV', 'SVG', 'PLO', 'BTB', 'HLO', 'SCJ', 'BMP', 'AMS', 'ST8', 'PRC', 'HUB', 'SAB', 'DNN', 'PLC', 'HNM', 'TSJ', 'VMK']}
[2026-02-18T15:51:44.650+0000] {datalake_df2csv.py:50} INFO - --------------------------------------------------------------------------------
[2026-02-18T15:51:44.651+0000] {datalake_df2csv.py:54} INFO - 📥 Bước 1: Đang load dữ liệu từ logic file...
[2026-02-18T15:51:44.656+0000] {datalake_df2csv.py:148} INFO -   - Logic directory: /opt/airflow/plugins/logic
[2026-02-18T15:51:44.657+0000] {datalake_df2csv.py:149} INFO -   - Module path: /opt/airflow/plugins/logic/thongtincongty.py
[2026-02-18T15:51:44.658+0000] {datalake_df2csv.py:153} INFO -   - Đã thêm logic directory vào sys.path
[2026-02-18T15:51:44.660+0000] {datalake_df2csv.py:159} INFO -   - Đang load module 'thongtincongty'...
[2026-02-18T15:51:44.667+0000] {datalake_df2csv.py:163} INFO -   - ✅ Module loaded thành công
[2026-02-18T15:51:44.668+0000] {datalake_df2csv.py:165} INFO -   - Đang tìm DataFrame/function: 'get_people_batch'...
[2026-02-18T15:51:44.668+0000] {datalake_df2csv.py:170} INFO -   - ✅ Tìm thấy object: function
[2026-02-18T15:51:44.669+0000] {datalake_df2csv.py:173} INFO -   - Đang gọi function với tham số: {'symbols': ['CCS', 'VSI', 'MAS', 'CGV', 'SVG', 'PLO', 'BTB', 'HLO', 'SCJ', 'BMP', 'AMS', 'ST8', 'PRC', 'HUB', 'SAB', 'DNN', 'PLC', 'HNM', 'TSJ', 'VMK']}
[2026-02-18T15:52:01.362+0000] {logging_mixin.py:188} INFO - officers HLO: RetryError[<Future at 0x7fbccdefbbf0 state=finished raised KeyError>]
[2026-02-18T15:52:04.033+0000] {logging_mixin.py:188} INFO - 
⚠️ 
============================================================
⚠️  GIỚI HẠN API ĐÃ ĐẠT TỐI ĐA (Rate Limit Exceeded)
============================================================

📌 Bạn đã đạt giới hạn tối đa số lượt yêu cầu API trong 1 phút (minute).
   (You have reached the maximum API request limit for this period)

📊 Chi tiết (Details):
   • Gói hiện tại: Khách (Guest)
   • Giới hạn: 20 requests/phút
   • Đã sử dụng: 20/20
   • Chờ 56 giây để tiếp tục (Wait to retry)

💡 Giải pháp (Solutions):
   1️⃣ Chờ 56 giây rồi thử lại
      (Wait and retry)
   2️⃣ Tham gia gói thành viên tài trợ để sử dụng không bị gián đoạn
      (Join sponsor membership for uninterrupted access)

🚀 Nâng cấp (Upgrade):
   • Phiên bản cộng đồng (60 request/phút - Community):
     Đăng ký API key miễn phí: https://vnstocks.com/login
   • Gói thành viên tài trợ (180-600 request/phút - Sponsor):
     Tham gia: https://vnstocks.com/insiders-program

============================================================
[2026-02-18T15:52:04.034+0000] {taskinstance.py:441} INFO - ::group::Post task execution logs
[2026-02-18T15:52:04.038+0000] {taskinstance.py:2907} ERROR - Task failed due to SystemExit(Rate limit exceeded. 
============================================================
⚠️  GIỚI HẠN API ĐÃ ĐẠT TỐI ĐA (Rate Limit Exceeded)
============================================================

📌 Bạn đã đạt giới hạn tối đa số lượt yêu cầu API trong 1 phút (minute).
   (You have reached the maximum API request limit for this period)

📊 Chi tiết (Details):
   • Gói hiện tại: Khách (Guest)
   • Giới hạn: 20 requests/phút
   • Đã sử dụng: 20/20
   • Chờ 56 giây để tiếp tục (Wait to retry)

💡 Giải pháp (Solutions):
   1️⃣ Chờ 56 giây rồi thử lại
      (Wait and retry)
   2️⃣ Tham gia gói thành viên tài trợ để sử dụng không bị gián đoạn
      (Join sponsor membership for uninterrupted access)

🚀 Nâng cấp (Upgrade):
   • Phiên bản cộng đồng (60 request/phút - Community):
     Đăng ký API key miễn phí: https://vnstocks.com/login
   • Gói thành viên tài trợ (180-600 request/phút - Sponsor):
     Tham gia: https://vnstocks.com/insiders-program

============================================================
 Process terminated.)
[2026-02-18T15:52:04.079+0000] {taskinstance.py:1206} INFO - Marking task as UP_FOR_RETRY. dag_id=company_people_to_minio, task_id=people_minio, run_id=scheduled__2026-02-08T00:00:00+00:00, map_index=61, execution_date=20260208T000000, start_date=20260218T155144, end_date=20260218T155204
[2026-02-18T15:52:04.803+0000] {standard_task_runner.py:110} ERROR - Failed to execute job 22118 for task people_minio (Task failed due to SystemExit(Rate limit exceeded. 
============================================================
⚠️  GIỚI HẠN API ĐÃ ĐẠT TỐI ĐA (Rate Limit Exceeded)
============================================================

📌 Bạn đã đạt giới hạn tối đa số lượt yêu cầu API trong 1 phút (minute).
   (You have reached the maximum API request limit for this period)

📊 Chi tiết (Details):
   • Gói hiện tại: Khách (Guest)
   • Giới hạn: 20 requests/phút
   • Đã sử dụng: 20/20
   • Chờ 56 giây để tiếp tục (Wait to retry)

💡 Giải pháp (Solutions):
   1️⃣ Chờ 56 giây rồi thử lại
      (Wait and retry)
   2️⃣ Tham gia gói thành viên tài trợ để sử dụng không bị gián đoạn
      (Join sponsor membership for uninterrupted access)

🚀 Nâng cấp (Upgrade):
   • Phiên bản cộng đồng (60 request/phút - Community):
     Đăng ký API key miễn phí: https://vnstocks.com/login
   • Gói thành viên tài trợ (180-600 request/phút - Sponsor):
     Tham gia: https://vnstocks.com/insiders-program

============================================================
 Process terminated.); 3516)
[2026-02-18T15:52:04.874+0000] {local_task_job_runner.py:243} INFO - Task exited with return code 1
[2026-02-18T15:52:05.022+0000] {taskinstance.py:3503} INFO - 0 downstream tasks scheduled from follow-on schedule check
[2026-02-18T15:52:05.041+0000] {local_task_job_runner.py:222} INFO - ::endgroup::
