[2026-03-04T14:01:14.666+0000] {local_task_job_runner.py:120} INFO - ::group::Pre task execution logs
[2026-03-04T14:01:14.720+0000] {taskinstance.py:2076} INFO - Dependencies all met for dep_context=non-requeueable deps ti=<TaskInstance: minio_to_db_sync.sync_overview scheduled__2026-03-03T03:00:00+00:00 [queued]>
[2026-03-04T14:01:14.743+0000] {taskinstance.py:2076} INFO - Dependencies all met for dep_context=requeueable deps ti=<TaskInstance: minio_to_db_sync.sync_overview scheduled__2026-03-03T03:00:00+00:00 [queued]>
[2026-03-04T14:01:14.748+0000] {taskinstance.py:2306} INFO - Starting attempt 1 of 3
[2026-03-04T14:01:14.807+0000] {taskinstance.py:2330} INFO - Executing <Task(_PythonDecoratedOperator): sync_overview> on 2026-03-03 03:00:00+00:00
[2026-03-04T14:01:14.827+0000] {warnings.py:112} WARNING - This process (pid=91) is multi-threaded, use of fork() may lead to deadlocks in the child.

[2026-03-04T14:01:14.836+0000] {standard_task_runner.py:64} INFO - Started process 109 to run task
[2026-03-04T14:01:14.835+0000] {standard_task_runner.py:90} INFO - Running: ['***', 'tasks', 'run', 'minio_to_db_sync', 'sync_overview', 'scheduled__2026-03-03T03:00:00+00:00', '--job-id', '30277', '--raw', '--subdir', 'DAGS_FOLDER/minio_to_db_sync.py', '--cfg-path', '/tmp/tmpf50bwfso']
[2026-03-04T14:01:14.846+0000] {standard_task_runner.py:91} INFO - Job 30277: Subtask sync_overview
[2026-03-04T14:01:15.175+0000] {task_command.py:426} INFO - Running <TaskInstance: minio_to_db_sync.sync_overview scheduled__2026-03-03T03:00:00+00:00 [running]> on host 6cdbaa9d95d1
[2026-03-04T14:01:16.100+0000] {taskinstance.py:2648} INFO - Exporting env vars: AIRFLOW_CTX_DAG_OWNER='***' AIRFLOW_CTX_DAG_ID='minio_to_db_sync' AIRFLOW_CTX_TASK_ID='sync_overview' AIRFLOW_CTX_EXECUTION_DATE='2026-03-03T03:00:00+00:00' AIRFLOW_CTX_TRY_NUMBER='1' AIRFLOW_CTX_DAG_RUN_ID='scheduled__2026-03-03T03:00:00+00:00'
[2026-03-04T14:01:16.105+0000] {taskinstance.py:430} INFO - ::endgroup::
[2026-03-04T14:01:16.112+0000] {logging_mixin.py:188} INFO - ======================================================================
[2026-03-04T14:01:16.113+0000] {logging_mixin.py:188} INFO - 📊 SYNC COMPANY OVERVIEW TO DATABASE
[2026-03-04T14:01:16.113+0000] {logging_mixin.py:188} INFO - ======================================================================
[2026-03-04T14:01:16.114+0000] {logging_mixin.py:188} INFO - 
[1/4] Finding latest partition...
[2026-03-04T14:01:16.337+0000] {base.py:84} INFO - Using connection ID 'minio_finance' for task execution.
[2026-03-04T14:01:16.341+0000] {connection_wrapper.py:384} INFO - AWS Connection (conn_id='minio_finance', conn_type='aws') credentials retrieved from login and password.
[2026-03-04T14:03:51.121+0000] {logging_mixin.py:188} INFO - 📂 Scanning 1511 objects in thongtin-congty-va-bctc/overview/
[2026-03-04T14:03:51.131+0000] {logging_mixin.py:188} INFO - 📅 Found 13 valid date partition(s): ['2025-12-30', '2026-01-01', '2026-01-04', '2026-01-11', '2026-01-12', '2026-01-13', '2026-01-15', '2026-01-18', '2026-01-19', '2026-02-01', '2026-02-08', '2026-02-15', '2026-02-22']
[2026-03-04T14:03:51.131+0000] {logging_mixin.py:188} INFO - ✅ Latest partition selected: overview/2026-02-22/
[2026-03-04T14:03:51.133+0000] {logging_mixin.py:188} INFO - 
[2/4] Reading CSV files...
[2026-03-04T14:03:51.156+0000] {base.py:84} INFO - Using connection ID 'minio_finance' for task execution.
[2026-03-04T14:03:51.163+0000] {connection_wrapper.py:384} INFO - AWS Connection (conn_id='minio_finance', conn_type='aws') credentials retrieved from login and password.
[2026-03-04T14:03:53.298+0000] {logging_mixin.py:188} INFO - ✓ Found 50 CSV files in thongtin-congty-va-bctc/overview/2026-02-22/
[2026-03-04T14:03:53.335+0000] {base.py:84} INFO - Using connection ID 'minio_finance' for task execution.
[2026-03-04T14:03:53.340+0000] {connection_wrapper.py:384} INFO - AWS Connection (conn_id='minio_finance', conn_type='aws') credentials retrieved from login and password.
[2026-03-04T14:03:53.658+0000] {logging_mixin.py:188} INFO - ✓ Read 18 rows from overview/2026-02-22/batch_0.csv
[2026-03-04T14:03:53.673+0000] {base.py:84} INFO - Using connection ID 'minio_finance' for task execution.
[2026-03-04T14:03:53.680+0000] {connection_wrapper.py:384} INFO - AWS Connection (conn_id='minio_finance', conn_type='aws') credentials retrieved from login and password.
[2026-03-04T14:03:53.950+0000] {logging_mixin.py:188} INFO - ✓ Read 17 rows from overview/2026-02-22/batch_1.csv
[2026-03-04T14:03:53.978+0000] {base.py:84} INFO - Using connection ID 'minio_finance' for task execution.
[2026-03-04T14:03:53.981+0000] {connection_wrapper.py:384} INFO - AWS Connection (conn_id='minio_finance', conn_type='aws') credentials retrieved from login and password.
[2026-03-04T14:03:54.176+0000] {logging_mixin.py:188} INFO - ✓ Read 18 rows from overview/2026-02-22/batch_10.csv
[2026-03-04T14:03:54.186+0000] {base.py:84} INFO - Using connection ID 'minio_finance' for task execution.
[2026-03-04T14:03:54.190+0000] {connection_wrapper.py:384} INFO - AWS Connection (conn_id='minio_finance', conn_type='aws') credentials retrieved from login and password.
[2026-03-04T14:03:54.367+0000] {logging_mixin.py:188} INFO - ✓ Read 17 rows from overview/2026-02-22/batch_11.csv
[2026-03-04T14:03:54.378+0000] {base.py:84} INFO - Using connection ID 'minio_finance' for task execution.
[2026-03-04T14:03:54.379+0000] {connection_wrapper.py:384} INFO - AWS Connection (conn_id='minio_finance', conn_type='aws') credentials retrieved from login and password.
[2026-03-04T14:03:54.660+0000] {logging_mixin.py:188} INFO - ✓ Read 18 rows from overview/2026-02-22/batch_12.csv
[2026-03-04T14:03:54.702+0000] {base.py:84} INFO - Using connection ID 'minio_finance' for task execution.
[2026-03-04T14:03:54.704+0000] {connection_wrapper.py:384} INFO - AWS Connection (conn_id='minio_finance', conn_type='aws') credentials retrieved from login and password.
[2026-03-04T14:03:54.975+0000] {logging_mixin.py:188} INFO - ✓ Read 17 rows from overview/2026-02-22/batch_13.csv
[2026-03-04T14:03:55.003+0000] {base.py:84} INFO - Using connection ID 'minio_finance' for task execution.
[2026-03-04T14:03:55.007+0000] {connection_wrapper.py:384} INFO - AWS Connection (conn_id='minio_finance', conn_type='aws') credentials retrieved from login and password.
[2026-03-04T14:03:55.205+0000] {logging_mixin.py:188} INFO - ✓ Read 17 rows from overview/2026-02-22/batch_14.csv
[2026-03-04T14:03:55.219+0000] {base.py:84} INFO - Using connection ID 'minio_finance' for task execution.
[2026-03-04T14:03:55.220+0000] {connection_wrapper.py:384} INFO - AWS Connection (conn_id='minio_finance', conn_type='aws') credentials retrieved from login and password.
[2026-03-04T14:03:55.435+0000] {logging_mixin.py:188} INFO - ✓ Read 17 rows from overview/2026-02-22/batch_15.csv
[2026-03-04T14:03:55.447+0000] {base.py:84} INFO - Using connection ID 'minio_finance' for task execution.
[2026-03-04T14:03:55.450+0000] {connection_wrapper.py:384} INFO - AWS Connection (conn_id='minio_finance', conn_type='aws') credentials retrieved from login and password.
[2026-03-04T14:03:55.697+0000] {logging_mixin.py:188} INFO - ✓ Read 19 rows from overview/2026-02-22/batch_16.csv
[2026-03-04T14:03:55.711+0000] {base.py:84} INFO - Using connection ID 'minio_finance' for task execution.
[2026-03-04T14:03:55.712+0000] {connection_wrapper.py:384} INFO - AWS Connection (conn_id='minio_finance', conn_type='aws') credentials retrieved from login and password.
[2026-03-04T14:03:55.894+0000] {logging_mixin.py:188} INFO - ✓ Read 19 rows from overview/2026-02-22/batch_18.csv
[2026-03-04T14:03:55.910+0000] {base.py:84} INFO - Using connection ID 'minio_finance' for task execution.
[2026-03-04T14:03:55.912+0000] {connection_wrapper.py:384} INFO - AWS Connection (conn_id='minio_finance', conn_type='aws') credentials retrieved from login and password.
[2026-03-04T14:03:56.134+0000] {logging_mixin.py:188} INFO - ✓ Read 20 rows from overview/2026-02-22/batch_19.csv
[2026-03-04T14:03:56.161+0000] {base.py:84} INFO - Using connection ID 'minio_finance' for task execution.
[2026-03-04T14:03:56.162+0000] {connection_wrapper.py:384} INFO - AWS Connection (conn_id='minio_finance', conn_type='aws') credentials retrieved from login and password.
[2026-03-04T14:03:56.956+0000] {logging_mixin.py:188} INFO - ✓ Read 16 rows from overview/2026-02-22/batch_2.csv
[2026-03-04T14:03:56.965+0000] {base.py:84} INFO - Using connection ID 'minio_finance' for task execution.
[2026-03-04T14:03:56.966+0000] {connection_wrapper.py:384} INFO - AWS Connection (conn_id='minio_finance', conn_type='aws') credentials retrieved from login and password.
[2026-03-04T14:03:57.086+0000] {logging_mixin.py:188} INFO - ✓ Read 20 rows from overview/2026-02-22/batch_20.csv
[2026-03-04T14:03:57.094+0000] {base.py:84} INFO - Using connection ID 'minio_finance' for task execution.
[2026-03-04T14:03:57.095+0000] {connection_wrapper.py:384} INFO - AWS Connection (conn_id='minio_finance', conn_type='aws') credentials retrieved from login and password.
[2026-03-04T14:03:57.267+0000] {logging_mixin.py:188} INFO - ✓ Read 20 rows from overview/2026-02-22/batch_21.csv
[2026-03-04T14:03:57.276+0000] {base.py:84} INFO - Using connection ID 'minio_finance' for task execution.
[2026-03-04T14:03:57.277+0000] {connection_wrapper.py:384} INFO - AWS Connection (conn_id='minio_finance', conn_type='aws') credentials retrieved from login and password.
[2026-03-04T14:03:57.419+0000] {logging_mixin.py:188} INFO - ✓ Read 20 rows from overview/2026-02-22/batch_22.csv
[2026-03-04T14:03:57.427+0000] {base.py:84} INFO - Using connection ID 'minio_finance' for task execution.
[2026-03-04T14:03:57.428+0000] {connection_wrapper.py:384} INFO - AWS Connection (conn_id='minio_finance', conn_type='aws') credentials retrieved from login and password.
[2026-03-04T14:03:57.523+0000] {logging_mixin.py:188} INFO - ✓ Read 20 rows from overview/2026-02-22/batch_24.csv
[2026-03-04T14:03:57.530+0000] {base.py:84} INFO - Using connection ID 'minio_finance' for task execution.
[2026-03-04T14:03:57.531+0000] {connection_wrapper.py:384} INFO - AWS Connection (conn_id='minio_finance', conn_type='aws') credentials retrieved from login and password.
[2026-03-04T14:03:57.647+0000] {logging_mixin.py:188} INFO - ✓ Read 19 rows from overview/2026-02-22/batch_26.csv
[2026-03-04T14:03:57.654+0000] {base.py:84} INFO - Using connection ID 'minio_finance' for task execution.
[2026-03-04T14:03:57.655+0000] {connection_wrapper.py:384} INFO - AWS Connection (conn_id='minio_finance', conn_type='aws') credentials retrieved from login and password.
[2026-03-04T14:03:57.761+0000] {logging_mixin.py:188} INFO - ✓ Read 20 rows from overview/2026-02-22/batch_28.csv
[2026-03-04T14:03:57.768+0000] {base.py:84} INFO - Using connection ID 'minio_finance' for task execution.
[2026-03-04T14:03:57.770+0000] {connection_wrapper.py:384} INFO - AWS Connection (conn_id='minio_finance', conn_type='aws') credentials retrieved from login and password.
[2026-03-04T14:03:57.891+0000] {logging_mixin.py:188} INFO - ✓ Read 20 rows from overview/2026-02-22/batch_29.csv
[2026-03-04T14:03:57.901+0000] {base.py:84} INFO - Using connection ID 'minio_finance' for task execution.
[2026-03-04T14:03:57.902+0000] {connection_wrapper.py:384} INFO - AWS Connection (conn_id='minio_finance', conn_type='aws') credentials retrieved from login and password.
[2026-03-04T14:03:58.051+0000] {logging_mixin.py:188} INFO - ✓ Read 18 rows from overview/2026-02-22/batch_3.csv
[2026-03-04T14:03:58.061+0000] {base.py:84} INFO - Using connection ID 'minio_finance' for task execution.
[2026-03-04T14:03:58.063+0000] {connection_wrapper.py:384} INFO - AWS Connection (conn_id='minio_finance', conn_type='aws') credentials retrieved from login and password.
[2026-03-04T14:03:58.216+0000] {logging_mixin.py:188} INFO - ✓ Read 20 rows from overview/2026-02-22/batch_30.csv
[2026-03-04T14:03:58.227+0000] {base.py:84} INFO - Using connection ID 'minio_finance' for task execution.
[2026-03-04T14:03:58.229+0000] {connection_wrapper.py:384} INFO - AWS Connection (conn_id='minio_finance', conn_type='aws') credentials retrieved from login and password.
[2026-03-04T14:03:58.378+0000] {logging_mixin.py:188} INFO - ✓ Read 20 rows from overview/2026-02-22/batch_32.csv
[2026-03-04T14:03:58.388+0000] {base.py:84} INFO - Using connection ID 'minio_finance' for task execution.
[2026-03-04T14:03:58.389+0000] {connection_wrapper.py:384} INFO - AWS Connection (conn_id='minio_finance', conn_type='aws') credentials retrieved from login and password.
[2026-03-04T14:03:58.556+0000] {logging_mixin.py:188} INFO - ✓ Read 20 rows from overview/2026-02-22/batch_33.csv
[2026-03-04T14:03:58.565+0000] {base.py:84} INFO - Using connection ID 'minio_finance' for task execution.
[2026-03-04T14:03:58.566+0000] {connection_wrapper.py:384} INFO - AWS Connection (conn_id='minio_finance', conn_type='aws') credentials retrieved from login and password.
[2026-03-04T14:03:58.706+0000] {logging_mixin.py:188} INFO - ✓ Read 20 rows from overview/2026-02-22/batch_34.csv
[2026-03-04T14:03:58.715+0000] {base.py:84} INFO - Using connection ID 'minio_finance' for task execution.
[2026-03-04T14:03:58.716+0000] {connection_wrapper.py:384} INFO - AWS Connection (conn_id='minio_finance', conn_type='aws') credentials retrieved from login and password.
[2026-03-04T14:03:59.676+0000] {logging_mixin.py:188} INFO - ✓ Read 20 rows from overview/2026-02-22/batch_35.csv
[2026-03-04T14:03:59.693+0000] {base.py:84} INFO - Using connection ID 'minio_finance' for task execution.
[2026-03-04T14:03:59.694+0000] {connection_wrapper.py:384} INFO - AWS Connection (conn_id='minio_finance', conn_type='aws') credentials retrieved from login and password.
[2026-03-04T14:03:59.875+0000] {logging_mixin.py:188} INFO - ✓ Read 20 rows from overview/2026-02-22/batch_36.csv
[2026-03-04T14:03:59.887+0000] {base.py:84} INFO - Using connection ID 'minio_finance' for task execution.
[2026-03-04T14:03:59.889+0000] {connection_wrapper.py:384} INFO - AWS Connection (conn_id='minio_finance', conn_type='aws') credentials retrieved from login and password.
[2026-03-04T14:04:00.076+0000] {logging_mixin.py:188} INFO - ✓ Read 20 rows from overview/2026-02-22/batch_38.csv
[2026-03-04T14:04:00.086+0000] {base.py:84} INFO - Using connection ID 'minio_finance' for task execution.
[2026-03-04T14:04:00.087+0000] {connection_wrapper.py:384} INFO - AWS Connection (conn_id='minio_finance', conn_type='aws') credentials retrieved from login and password.
[2026-03-04T14:04:00.237+0000] {logging_mixin.py:188} INFO - ✓ Read 20 rows from overview/2026-02-22/batch_39.csv
[2026-03-04T14:04:00.247+0000] {base.py:84} INFO - Using connection ID 'minio_finance' for task execution.
[2026-03-04T14:04:00.248+0000] {connection_wrapper.py:384} INFO - AWS Connection (conn_id='minio_finance', conn_type='aws') credentials retrieved from login and password.
[2026-03-04T14:04:00.474+0000] {logging_mixin.py:188} INFO - ✓ Read 18 rows from overview/2026-02-22/batch_4.csv
[2026-03-04T14:04:00.487+0000] {base.py:84} INFO - Using connection ID 'minio_finance' for task execution.
[2026-03-04T14:04:00.489+0000] {connection_wrapper.py:384} INFO - AWS Connection (conn_id='minio_finance', conn_type='aws') credentials retrieved from login and password.
[2026-03-04T14:04:00.697+0000] {logging_mixin.py:188} INFO - ✓ Read 20 rows from overview/2026-02-22/batch_40.csv
[2026-03-04T14:04:00.721+0000] {base.py:84} INFO - Using connection ID 'minio_finance' for task execution.
[2026-03-04T14:04:00.722+0000] {connection_wrapper.py:384} INFO - AWS Connection (conn_id='minio_finance', conn_type='aws') credentials retrieved from login and password.
[2026-03-04T14:04:00.907+0000] {logging_mixin.py:188} INFO - ✓ Read 20 rows from overview/2026-02-22/batch_44.csv
[2026-03-04T14:04:00.923+0000] {base.py:84} INFO - Using connection ID 'minio_finance' for task execution.
[2026-03-04T14:04:00.924+0000] {connection_wrapper.py:384} INFO - AWS Connection (conn_id='minio_finance', conn_type='aws') credentials retrieved from login and password.
[2026-03-04T14:04:01.103+0000] {logging_mixin.py:188} INFO - ✓ Read 20 rows from overview/2026-02-22/batch_45.csv
[2026-03-04T14:04:01.114+0000] {base.py:84} INFO - Using connection ID 'minio_finance' for task execution.
[2026-03-04T14:04:01.116+0000] {connection_wrapper.py:384} INFO - AWS Connection (conn_id='minio_finance', conn_type='aws') credentials retrieved from login and password.
[2026-03-04T14:04:01.326+0000] {logging_mixin.py:188} INFO - ✓ Read 20 rows from overview/2026-02-22/batch_46.csv
[2026-03-04T14:04:01.339+0000] {base.py:84} INFO - Using connection ID 'minio_finance' for task execution.
[2026-03-04T14:04:01.341+0000] {connection_wrapper.py:384} INFO - AWS Connection (conn_id='minio_finance', conn_type='aws') credentials retrieved from login and password.
[2026-03-04T14:04:01.569+0000] {logging_mixin.py:188} INFO - ✓ Read 20 rows from overview/2026-02-22/batch_47.csv
[2026-03-04T14:04:01.581+0000] {base.py:84} INFO - Using connection ID 'minio_finance' for task execution.
[2026-03-04T14:04:01.582+0000] {connection_wrapper.py:384} INFO - AWS Connection (conn_id='minio_finance', conn_type='aws') credentials retrieved from login and password.
[2026-03-04T14:04:01.789+0000] {logging_mixin.py:188} INFO - ✓ Read 18 rows from overview/2026-02-22/batch_5.csv
[2026-03-04T14:04:01.794+0000] {base.py:84} INFO - Using connection ID 'minio_finance' for task execution.
[2026-03-04T14:04:01.814+0000] {connection_wrapper.py:384} INFO - AWS Connection (conn_id='minio_finance', conn_type='aws') credentials retrieved from login and password.
[2026-03-04T14:04:02.034+0000] {logging_mixin.py:188} INFO - ✓ Read 15 rows from overview/2026-02-22/batch_51.csv
[2026-03-04T14:04:02.045+0000] {base.py:84} INFO - Using connection ID 'minio_finance' for task execution.
[2026-03-04T14:04:02.047+0000] {connection_wrapper.py:384} INFO - AWS Connection (conn_id='minio_finance', conn_type='aws') credentials retrieved from login and password.
[2026-03-04T14:04:02.230+0000] {logging_mixin.py:188} INFO - ✓ Read 14 rows from overview/2026-02-22/batch_52.csv
[2026-03-04T14:04:02.247+0000] {base.py:84} INFO - Using connection ID 'minio_finance' for task execution.
[2026-03-04T14:04:02.248+0000] {connection_wrapper.py:384} INFO - AWS Connection (conn_id='minio_finance', conn_type='aws') credentials retrieved from login and password.
[2026-03-04T14:04:03.111+0000] {logging_mixin.py:188} INFO - ✓ Read 14 rows from overview/2026-02-22/batch_53.csv
[2026-03-04T14:04:03.124+0000] {base.py:84} INFO - Using connection ID 'minio_finance' for task execution.
[2026-03-04T14:04:03.126+0000] {connection_wrapper.py:384} INFO - AWS Connection (conn_id='minio_finance', conn_type='aws') credentials retrieved from login and password.
[2026-03-04T14:04:03.298+0000] {logging_mixin.py:188} INFO - ✓ Read 17 rows from overview/2026-02-22/batch_54.csv
[2026-03-04T14:04:03.315+0000] {base.py:84} INFO - Using connection ID 'minio_finance' for task execution.
[2026-03-04T14:04:03.317+0000] {connection_wrapper.py:384} INFO - AWS Connection (conn_id='minio_finance', conn_type='aws') credentials retrieved from login and password.
[2026-03-04T14:04:03.548+0000] {logging_mixin.py:188} INFO - ✓ Read 17 rows from overview/2026-02-22/batch_56.csv
[2026-03-04T14:04:03.570+0000] {base.py:84} INFO - Using connection ID 'minio_finance' for task execution.
[2026-03-04T14:04:03.572+0000] {connection_wrapper.py:384} INFO - AWS Connection (conn_id='minio_finance', conn_type='aws') credentials retrieved from login and password.
[2026-03-04T14:04:03.796+0000] {logging_mixin.py:188} INFO - ✓ Read 16 rows from overview/2026-02-22/batch_57.csv
[2026-03-04T14:04:03.807+0000] {base.py:84} INFO - Using connection ID 'minio_finance' for task execution.
[2026-03-04T14:04:03.808+0000] {connection_wrapper.py:384} INFO - AWS Connection (conn_id='minio_finance', conn_type='aws') credentials retrieved from login and password.
[2026-03-04T14:04:04.002+0000] {logging_mixin.py:188} INFO - ✓ Read 17 rows from overview/2026-02-22/batch_58.csv
[2026-03-04T14:04:04.016+0000] {base.py:84} INFO - Using connection ID 'minio_finance' for task execution.
[2026-03-04T14:04:04.017+0000] {connection_wrapper.py:384} INFO - AWS Connection (conn_id='minio_finance', conn_type='aws') credentials retrieved from login and password.
[2026-03-04T14:04:04.278+0000] {logging_mixin.py:188} INFO - ✓ Read 16 rows from overview/2026-02-22/batch_59.csv
[2026-03-04T14:04:04.291+0000] {base.py:84} INFO - Using connection ID 'minio_finance' for task execution.
[2026-03-04T14:04:04.292+0000] {connection_wrapper.py:384} INFO - AWS Connection (conn_id='minio_finance', conn_type='aws') credentials retrieved from login and password.
[2026-03-04T14:04:04.511+0000] {logging_mixin.py:188} INFO - ✓ Read 17 rows from overview/2026-02-22/batch_6.csv
[2026-03-04T14:04:04.525+0000] {base.py:84} INFO - Using connection ID 'minio_finance' for task execution.
[2026-03-04T14:04:04.527+0000] {connection_wrapper.py:384} INFO - AWS Connection (conn_id='minio_finance', conn_type='aws') credentials retrieved from login and password.
[2026-03-04T14:04:04.753+0000] {logging_mixin.py:188} INFO - ✓ Read 17 rows from overview/2026-02-22/batch_60.csv
[2026-03-04T14:04:04.776+0000] {base.py:84} INFO - Using connection ID 'minio_finance' for task execution.
[2026-03-04T14:04:04.777+0000] {connection_wrapper.py:384} INFO - AWS Connection (conn_id='minio_finance', conn_type='aws') credentials retrieved from login and password.
[2026-03-04T14:04:05.080+0000] {logging_mixin.py:188} INFO - ✓ Read 17 rows from overview/2026-02-22/batch_61.csv
[2026-03-04T14:04:05.092+0000] {base.py:84} INFO - Using connection ID 'minio_finance' for task execution.
[2026-03-04T14:04:05.095+0000] {connection_wrapper.py:384} INFO - AWS Connection (conn_id='minio_finance', conn_type='aws') credentials retrieved from login and password.
[2026-03-04T14:04:05.313+0000] {logging_mixin.py:188} INFO - ✓ Read 16 rows from overview/2026-02-22/batch_63.csv
[2026-03-04T14:04:05.326+0000] {base.py:84} INFO - Using connection ID 'minio_finance' for task execution.
[2026-03-04T14:04:05.327+0000] {connection_wrapper.py:384} INFO - AWS Connection (conn_id='minio_finance', conn_type='aws') credentials retrieved from login and password.
[2026-03-04T14:04:05.521+0000] {logging_mixin.py:188} INFO - ✓ Read 18 rows from overview/2026-02-22/batch_7.csv
[2026-03-04T14:04:05.536+0000] {base.py:84} INFO - Using connection ID 'minio_finance' for task execution.
[2026-03-04T14:04:05.538+0000] {connection_wrapper.py:384} INFO - AWS Connection (conn_id='minio_finance', conn_type='aws') credentials retrieved from login and password.
[2026-03-04T14:04:05.752+0000] {logging_mixin.py:188} INFO - ✓ Read 16 rows from overview/2026-02-22/batch_8.csv
[2026-03-04T14:04:05.777+0000] {base.py:84} INFO - Using connection ID 'minio_finance' for task execution.
[2026-03-04T14:04:05.780+0000] {connection_wrapper.py:384} INFO - AWS Connection (conn_id='minio_finance', conn_type='aws') credentials retrieved from login and password.
[2026-03-04T14:04:06.024+0000] {logging_mixin.py:188} INFO - ✓ Read 16 rows from overview/2026-02-22/batch_9.csv
[2026-03-04T14:04:06.038+0000] {logging_mixin.py:188} INFO - ✓ Concatenated 50 files into 909 total rows
[2026-03-04T14:04:06.041+0000] {logging_mixin.py:188} INFO - Loaded 909 rows
[2026-03-04T14:04:06.042+0000] {logging_mixin.py:188} INFO - 
[3/4] Cleaning and transforming data...
[2026-03-04T14:04:06.083+0000] {logging_mixin.py:188} INFO - After cleaning: 909 rows
[2026-03-04T14:04:06.084+0000] {logging_mixin.py:188} INFO - 
[4/4] Inserting into database...
[2026-03-04T14:04:06.110+0000] {logging_mixin.py:188} INFO - ✓ Schema hethong_phantich_chungkhoan ensured
[2026-03-04T14:04:06.313+0000] {logging_mixin.py:188} INFO - ✅ Upserted 909 rows
[2026-03-04T14:04:06.315+0000] {python.py:237} INFO - Done. Returned value was: ✅ Success: 909 rows
[2026-03-04T14:04:06.315+0000] {taskinstance.py:441} INFO - ::group::Post task execution logs
[2026-03-04T14:04:06.364+0000] {taskinstance.py:1206} INFO - Marking task as SUCCESS. dag_id=minio_to_db_sync, task_id=sync_overview, run_id=scheduled__2026-03-03T03:00:00+00:00, execution_date=20260303T030000, start_date=20260304T140114, end_date=20260304T140406
[2026-03-04T14:04:06.506+0000] {local_task_job_runner.py:243} INFO - Task exited with return code 0
[2026-03-04T14:04:06.803+0000] {taskinstance.py:3503} INFO - 0 downstream tasks scheduled from follow-on schedule check
[2026-03-04T14:04:06.816+0000] {local_task_job_runner.py:222} INFO - ::endgroup::
