[2026-03-01T01:52:30.140+0000] {local_task_job_runner.py:120} INFO - ::group::Pre task execution logs
[2026-03-01T01:52:30.158+0000] {taskinstance.py:2076} INFO - Dependencies all met for dep_context=non-requeueable deps ti=<TaskInstance: bctc.ingest_bctc manual__2026-03-01T01:44:01+00:00 map_index=3 [queued]>
[2026-03-01T01:52:30.169+0000] {taskinstance.py:2076} INFO - Dependencies all met for dep_context=requeueable deps ti=<TaskInstance: bctc.ingest_bctc manual__2026-03-01T01:44:01+00:00 map_index=3 [queued]>
[2026-03-01T01:52:30.170+0000] {taskinstance.py:2306} INFO - Starting attempt 1 of 4
[2026-03-01T01:52:30.184+0000] {taskinstance.py:2330} INFO - Executing <Mapped(DfToCsvOperator): ingest_bctc> on 2026-03-01 01:44:01+00:00
[2026-03-01T01:52:30.193+0000] {warnings.py:112} WARNING - This process (pid=457) is multi-threaded, use of fork() may lead to deadlocks in the child.

[2026-03-01T01:52:30.194+0000] {standard_task_runner.py:64} INFO - Started process 459 to run task
[2026-03-01T01:52:30.197+0000] {standard_task_runner.py:90} INFO - Running: ['***', 'tasks', 'run', 'bctc', 'ingest_bctc', 'manual__2026-03-01T01:44:01+00:00', '--job-id', '28964', '--raw', '--subdir', 'DAGS_FOLDER/dl_bctc.py', '--cfg-path', '/tmp/tmpdwy3krek', '--map-index', '3']
[2026-03-01T01:52:30.201+0000] {standard_task_runner.py:91} INFO - Job 28964: Subtask ingest_bctc
[2026-03-01T01:52:30.250+0000] {task_command.py:426} INFO - Running <TaskInstance: bctc.ingest_bctc manual__2026-03-01T01:44:01+00:00 map_index=3 [running]> on host 96b0f4865b54
[2026-03-01T01:52:30.345+0000] {taskinstance.py:2648} INFO - Exporting env vars: AIRFLOW_CTX_DAG_OWNER='***' AIRFLOW_CTX_DAG_ID='bctc' AIRFLOW_CTX_TASK_ID='ingest_bctc' AIRFLOW_CTX_EXECUTION_DATE='2026-03-01T01:44:01+00:00' AIRFLOW_CTX_TRY_NUMBER='1' AIRFLOW_CTX_DAG_RUN_ID='manual__2026-03-01T01:44:01+00:00'
[2026-03-01T01:52:30.347+0000] {taskinstance.py:430} INFO - ::endgroup::
[2026-03-01T01:52:30.347+0000] {datalake_df2csv.py:40} INFO - ================================================================================
[2026-03-01T01:52:30.348+0000] {datalake_df2csv.py:41} INFO - 🚀 BẮT ĐẦU TASK: ingest_bctc
[2026-03-01T01:52:30.348+0000] {datalake_df2csv.py:42} INFO - ================================================================================
[2026-03-01T01:52:30.348+0000] {datalake_df2csv.py:43} INFO - 📋 Thông tin cấu hình:
[2026-03-01T01:52:30.349+0000] {datalake_df2csv.py:44} INFO -   - Logic file: bctc
[2026-03-01T01:52:30.349+0000] {datalake_df2csv.py:45} INFO -   - DataFrame name: get_financial_reports
[2026-03-01T01:52:30.349+0000] {datalake_df2csv.py:46} INFO -   - Bucket: thongtin-congty-va-bctc
[2026-03-01T01:52:30.349+0000] {datalake_df2csv.py:47} INFO -   - Object path: bctc/2026/Q1/batch_3.csv
[2026-03-01T01:52:30.349+0000] {datalake_df2csv.py:48} INFO -   - Connection ID: minio_finance
[2026-03-01T01:52:30.350+0000] {datalake_df2csv.py:49} INFO -   - Tham số truyền vào: {'symbols': ['SDA', 'SSB', 'PGI', 'PET', 'TGP', 'ONE', 'HVN', 'KLB', 'SAC', 'TV3', 'ITS', 'HOT', 'AGP', 'L14', 'TDP', 'POB', 'QSP', 'VIM', 'PLP', 'FRM'], 'current_year': '2026', 'current_quarter': '1'}
[2026-03-01T01:52:30.350+0000] {datalake_df2csv.py:50} INFO - --------------------------------------------------------------------------------
[2026-03-01T01:52:30.351+0000] {datalake_df2csv.py:54} INFO - 📥 Bước 1: Đang load dữ liệu từ logic file...
[2026-03-01T01:52:30.353+0000] {datalake_df2csv.py:148} INFO -   - Logic directory: /opt/airflow/plugins/logic
[2026-03-01T01:52:30.355+0000] {datalake_df2csv.py:149} INFO -   - Module path: /opt/airflow/plugins/logic/bctc.py
[2026-03-01T01:52:30.355+0000] {datalake_df2csv.py:153} INFO -   - Đã thêm logic directory vào sys.path
[2026-03-01T01:52:30.357+0000] {datalake_df2csv.py:159} INFO -   - Đang load module 'bctc'...
[2026-03-01T01:52:30.361+0000] {datalake_df2csv.py:163} INFO -   - ✅ Module loaded thành công
[2026-03-01T01:52:30.361+0000] {datalake_df2csv.py:165} INFO -   - Đang tìm DataFrame/function: 'get_financial_reports'...
[2026-03-01T01:52:30.362+0000] {datalake_df2csv.py:170} INFO -   - ✅ Tìm thấy object: function
[2026-03-01T01:52:30.362+0000] {datalake_df2csv.py:173} INFO -   - Đang gọi function với tham số: {'symbols': ['SDA', 'SSB', 'PGI', 'PET', 'TGP', 'ONE', 'HVN', 'KLB', 'SAC', 'TV3', 'ITS', 'HOT', 'AGP', 'L14', 'TDP', 'POB', 'QSP', 'VIM', 'PLP', 'FRM'], 'current_year': '2026', 'current_quarter': '1'}
[2026-03-01T01:52:30.363+0000] {logging_mixin.py:188} INFO - [BCTC] Batch 20 mã: ['SDA', 'SSB', 'PGI', 'PET', 'TGP', 'ONE', 'HVN', 'KLB', 'SAC', 'TV3', 'ITS', 'HOT', 'AGP', 'L14', 'TDP', 'POB', 'QSP', 'VIM', 'PLP', 'FRM']
[2026-03-01T01:52:30.363+0000] {logging_mixin.py:188} INFO -   Filter: year=2026, quarter=1
[2026-03-01T01:52:30.363+0000] {logging_mixin.py:188} INFO -   Call interval: 3.2s (~19 req/phút)
[2026-03-01T01:52:30.363+0000] {logging_mixin.py:188} INFO -  >> [1/20] SDA
[2026-03-01T01:52:40.964+0000] {logging_mixin.py:188} INFO -  >> [2/20] SSB
[2026-03-01T01:52:53.942+0000] {logging_mixin.py:188} INFO -  >> [3/20] PGI
[2026-03-01T01:53:06.888+0000] {logging_mixin.py:188} INFO -  >> [4/20] PET
[2026-03-01T01:53:15.178+0000] {logging_mixin.py:188} INFO - 
⚠️ 
============================================================
⚠️  GIỚI HẠN API ĐÃ ĐẠT TỐI ĐA (Rate Limit Exceeded)
============================================================

📌 Bạn đã đạt giới hạn tối đa số lượt yêu cầu API trong 1 phút (minute).
   (You have reached the maximum API request limit for this period)

📊 Chi tiết (Details):
   • Gói hiện tại: Khách (Guest)
   • Giới hạn: 20 requests/phút
   • Đã sử dụng: 20/20
   • Chờ 45 giây để tiếp tục (Wait to retry)

💡 Giải pháp (Solutions):
   1️⃣ Chờ 45 giây rồi thử lại
      (Wait and retry)
   2️⃣ Tham gia gói thành viên tài trợ để sử dụng không bị gián đoạn
      (Join sponsor membership for uninterrupted access)

🚀 Nâng cấp (Upgrade):
   • Phiên bản cộng đồng (60 request/phút - Community):
     Đăng ký API key miễn phí: https://vnstocks.com/login
   • Gói thành viên tài trợ (180-600 request/phút - Sponsor):
     Tham gia: https://vnstocks.com/insiders-program

============================================================
[2026-03-01T01:53:15.179+0000] {logging_mixin.py:188} INFO - ⚠ PET.balance_sheet: SystemExit (rate-limit?): Rate limit exceeded. 
============================================================
⚠️  GIỚI HẠN API  → bỏ qua
[2026-03-01T01:53:15.180+0000] {logging_mixin.py:188} INFO -   ⚠ PET.balance_sheet: không có dữ liệu → bỏ qua mã này
[2026-03-01T01:53:15.181+0000] {logging_mixin.py:188} INFO -  >> [5/20] TGP
[2026-03-01T01:53:18.839+0000] {logging_mixin.py:188} INFO - ⚠ TGP.income_statement: SystemExit (rate-limit?): Rate limit exceeded. 
============================================================
⚠️  GIỚI HẠN API  → bỏ qua
[2026-03-01T01:53:18.841+0000] {logging_mixin.py:188} INFO -   ⚠ TGP.income_statement: không có dữ liệu → bỏ qua mã này
[2026-03-01T01:53:18.842+0000] {logging_mixin.py:188} INFO -  >> [6/20] ONE
[2026-03-01T01:53:22.493+0000] {logging_mixin.py:188} INFO - 
⚠️ 
============================================================
⚠️  GIỚI HẠN API ĐÃ ĐẠT TỐI ĐA (Rate Limit Exceeded)
============================================================

📌 Bạn đã đạt giới hạn tối đa số lượt yêu cầu API trong 1 phút (minute).
   (You have reached the maximum API request limit for this period)

📊 Chi tiết (Details):
   • Gói hiện tại: Khách (Guest)
   • Giới hạn: 20 requests/phút
   • Đã sử dụng: 20/20
   • Chờ 38 giây để tiếp tục (Wait to retry)

💡 Giải pháp (Solutions):
   1️⃣ Chờ 38 giây rồi thử lại
      (Wait and retry)
   2️⃣ Tham gia gói thành viên tài trợ để sử dụng không bị gián đoạn
      (Join sponsor membership for uninterrupted access)

🚀 Nâng cấp (Upgrade):
   • Phiên bản cộng đồng (60 request/phút - Community):
     Đăng ký API key miễn phí: https://vnstocks.com/login
   • Gói thành viên tài trợ (180-600 request/phút - Sponsor):
     Tham gia: https://vnstocks.com/insiders-program

============================================================
[2026-03-01T01:53:22.495+0000] {logging_mixin.py:188} INFO - ⚠ ONE.income_statement: SystemExit (rate-limit?): Rate limit exceeded. 
============================================================
⚠️  GIỚI HẠN API  → bỏ qua
[2026-03-01T01:53:22.496+0000] {logging_mixin.py:188} INFO -   ⚠ ONE.income_statement: không có dữ liệu → bỏ qua mã này
[2026-03-01T01:53:22.496+0000] {logging_mixin.py:188} INFO -  >> [7/20] HVN
[2026-03-01T01:53:26.392+0000] {logging_mixin.py:188} INFO - ⚠ HVN.income_statement: SystemExit (rate-limit?): Rate limit exceeded. 
============================================================
⚠️  GIỚI HẠN API  → bỏ qua
[2026-03-01T01:53:26.394+0000] {logging_mixin.py:188} INFO -   ⚠ HVN.income_statement: không có dữ liệu → bỏ qua mã này
[2026-03-01T01:53:26.394+0000] {logging_mixin.py:188} INFO -  >> [8/20] KLB
[2026-03-01T01:53:30.134+0000] {logging_mixin.py:188} INFO - 
⚠️ 
============================================================
⚠️  GIỚI HẠN API ĐÃ ĐẠT TỐI ĐA (Rate Limit Exceeded)
============================================================

📌 Bạn đã đạt giới hạn tối đa số lượt yêu cầu API trong 1 phút (minute).
   (You have reached the maximum API request limit for this period)

📊 Chi tiết (Details):
   • Gói hiện tại: Khách (Guest)
   • Giới hạn: 20 requests/phút
   • Đã sử dụng: 20/20
   • Chờ 30 giây để tiếp tục (Wait to retry)

💡 Giải pháp (Solutions):
   1️⃣ Chờ 30 giây rồi thử lại
      (Wait and retry)
   2️⃣ Tham gia gói thành viên tài trợ để sử dụng không bị gián đoạn
      (Join sponsor membership for uninterrupted access)

🚀 Nâng cấp (Upgrade):
   • Phiên bản cộng đồng (60 request/phút - Community):
     Đăng ký API key miễn phí: https://vnstocks.com/login
   • Gói thành viên tài trợ (180-600 request/phút - Sponsor):
     Tham gia: https://vnstocks.com/insiders-program

============================================================
[2026-03-01T01:53:30.135+0000] {logging_mixin.py:188} INFO - ⚠ KLB.income_statement: SystemExit (rate-limit?): Rate limit exceeded. 
============================================================
⚠️  GIỚI HẠN API  → bỏ qua
[2026-03-01T01:53:30.136+0000] {logging_mixin.py:188} INFO -   ⚠ KLB.income_statement: không có dữ liệu → bỏ qua mã này
[2026-03-01T01:53:30.137+0000] {logging_mixin.py:188} INFO -  >> [9/20] SAC
[2026-03-01T01:53:42.946+0000] {logging_mixin.py:188} INFO -  >> [10/20] TV3
[2026-03-01T01:53:55.889+0000] {logging_mixin.py:188} INFO -  >> [11/20] ITS
[2026-03-01T01:54:08.877+0000] {logging_mixin.py:188} INFO -  >> [12/20] HOT
[2026-03-01T01:54:17.134+0000] {logging_mixin.py:188} INFO - 
⚠️ 
============================================================
⚠️  GIỚI HẠN API ĐÃ ĐẠT TỐI ĐA (Rate Limit Exceeded)
============================================================

📌 Bạn đã đạt giới hạn tối đa số lượt yêu cầu API trong 1 phút (minute).
   (You have reached the maximum API request limit for this period)

📊 Chi tiết (Details):
   • Gói hiện tại: Khách (Guest)
   • Giới hạn: 20 requests/phút
   • Đã sử dụng: 20/20
   • Chờ 43 giây để tiếp tục (Wait to retry)

💡 Giải pháp (Solutions):
   1️⃣ Chờ 43 giây rồi thử lại
      (Wait and retry)
   2️⃣ Tham gia gói thành viên tài trợ để sử dụng không bị gián đoạn
      (Join sponsor membership for uninterrupted access)

🚀 Nâng cấp (Upgrade):
   • Phiên bản cộng đồng (60 request/phút - Community):
     Đăng ký API key miễn phí: https://vnstocks.com/login
   • Gói thành viên tài trợ (180-600 request/phút - Sponsor):
     Tham gia: https://vnstocks.com/insiders-program

============================================================
[2026-03-01T01:54:17.135+0000] {logging_mixin.py:188} INFO - ⚠ HOT.balance_sheet: SystemExit (rate-limit?): Rate limit exceeded. 
============================================================
⚠️  GIỚI HẠN API  → bỏ qua
[2026-03-01T01:54:17.137+0000] {logging_mixin.py:188} INFO -   ⚠ HOT.balance_sheet: không có dữ liệu → bỏ qua mã này
[2026-03-01T01:54:17.138+0000] {logging_mixin.py:188} INFO -  >> [13/20] AGP
[2026-03-01T01:54:20.783+0000] {logging_mixin.py:188} INFO - ⚠ AGP.income_statement: SystemExit (rate-limit?): Rate limit exceeded. 
============================================================
⚠️  GIỚI HẠN API  → bỏ qua
[2026-03-01T01:54:20.785+0000] {logging_mixin.py:188} INFO -   ⚠ AGP.income_statement: không có dữ liệu → bỏ qua mã này
[2026-03-01T01:54:20.786+0000] {logging_mixin.py:188} INFO -  >> [14/20] L14
[2026-03-01T01:54:24.488+0000] {logging_mixin.py:188} INFO - 
⚠️ 
============================================================
⚠️  GIỚI HẠN API ĐÃ ĐẠT TỐI ĐA (Rate Limit Exceeded)
============================================================

📌 Bạn đã đạt giới hạn tối đa số lượt yêu cầu API trong 1 phút (minute).
   (You have reached the maximum API request limit for this period)

📊 Chi tiết (Details):
   • Gói hiện tại: Khách (Guest)
   • Giới hạn: 20 requests/phút
   • Đã sử dụng: 20/20
   • Chờ 36 giây để tiếp tục (Wait to retry)

💡 Giải pháp (Solutions):
   1️⃣ Chờ 36 giây rồi thử lại
      (Wait and retry)
   2️⃣ Tham gia gói thành viên tài trợ để sử dụng không bị gián đoạn
      (Join sponsor membership for uninterrupted access)

🚀 Nâng cấp (Upgrade):
   • Phiên bản cộng đồng (60 request/phút - Community):
     Đăng ký API key miễn phí: https://vnstocks.com/login
   • Gói thành viên tài trợ (180-600 request/phút - Sponsor):
     Tham gia: https://vnstocks.com/insiders-program

============================================================
[2026-03-01T01:54:24.489+0000] {logging_mixin.py:188} INFO - ⚠ L14.income_statement: SystemExit (rate-limit?): Rate limit exceeded. 
============================================================
⚠️  GIỚI HẠN API  → bỏ qua
[2026-03-01T01:54:24.490+0000] {logging_mixin.py:188} INFO -   ⚠ L14.income_statement: không có dữ liệu → bỏ qua mã này
[2026-03-01T01:54:24.491+0000] {logging_mixin.py:188} INFO -  >> [15/20] TDP
[2026-03-01T01:54:28.270+0000] {logging_mixin.py:188} INFO - ⚠ TDP.income_statement: SystemExit (rate-limit?): Rate limit exceeded. 
============================================================
⚠️  GIỚI HẠN API  → bỏ qua
[2026-03-01T01:54:28.272+0000] {logging_mixin.py:188} INFO -   ⚠ TDP.income_statement: không có dữ liệu → bỏ qua mã này
[2026-03-01T01:54:28.273+0000] {logging_mixin.py:188} INFO -  >> [16/20] POB
[2026-03-01T01:54:32.079+0000] {logging_mixin.py:188} INFO - 
⚠️ 
============================================================
⚠️  GIỚI HẠN API ĐÃ ĐẠT TỐI ĐA (Rate Limit Exceeded)
============================================================

📌 Bạn đã đạt giới hạn tối đa số lượt yêu cầu API trong 1 phút (minute).
   (You have reached the maximum API request limit for this period)

📊 Chi tiết (Details):
   • Gói hiện tại: Khách (Guest)
   • Giới hạn: 20 requests/phút
   • Đã sử dụng: 20/20
   • Chờ 28 giây để tiếp tục (Wait to retry)

💡 Giải pháp (Solutions):
   1️⃣ Chờ 28 giây rồi thử lại
      (Wait and retry)
   2️⃣ Tham gia gói thành viên tài trợ để sử dụng không bị gián đoạn
      (Join sponsor membership for uninterrupted access)

🚀 Nâng cấp (Upgrade):
   • Phiên bản cộng đồng (60 request/phút - Community):
     Đăng ký API key miễn phí: https://vnstocks.com/login
   • Gói thành viên tài trợ (180-600 request/phút - Sponsor):
     Tham gia: https://vnstocks.com/insiders-program

============================================================
[2026-03-01T01:54:32.081+0000] {logging_mixin.py:188} INFO - ⚠ POB.income_statement: SystemExit (rate-limit?): Rate limit exceeded. 
============================================================
⚠️  GIỚI HẠN API  → bỏ qua
[2026-03-01T01:54:32.082+0000] {logging_mixin.py:188} INFO -   ⚠ POB.income_statement: không có dữ liệu → bỏ qua mã này
[2026-03-01T01:54:32.083+0000] {logging_mixin.py:188} INFO -  >> [17/20] QSP
[2026-03-01T01:54:37.977+0000] {logging_mixin.py:188} INFO - 
⚠️ 
============================================================
⚠️  GIỚI HẠN API ĐÃ ĐẠT TỐI ĐA (Rate Limit Exceeded)
============================================================

📌 Bạn đã đạt giới hạn tối đa số lượt yêu cầu API trong 1 phút (minute).
   (You have reached the maximum API request limit for this period)

📊 Chi tiết (Details):
   • Gói hiện tại: Khách (Guest)
   • Giới hạn: 20 requests/phút
   • Đã sử dụng: 20/20
   • Chờ 22 giây để tiếp tục (Wait to retry)

💡 Giải pháp (Solutions):
   1️⃣ Chờ 22 giây rồi thử lại
      (Wait and retry)
   2️⃣ Tham gia gói thành viên tài trợ để sử dụng không bị gián đoạn
      (Join sponsor membership for uninterrupted access)

🚀 Nâng cấp (Upgrade):
   • Phiên bản cộng đồng (60 request/phút - Community):
     Đăng ký API key miễn phí: https://vnstocks.com/login
   • Gói thành viên tài trợ (180-600 request/phút - Sponsor):
     Tham gia: https://vnstocks.com/insiders-program

============================================================
[2026-03-01T01:54:37.979+0000] {logging_mixin.py:188} INFO - ⚠ QSP.income_statement: SystemExit (rate-limit?): Rate limit exceeded. 
============================================================
⚠️  GIỚI HẠN API  → bỏ qua
[2026-03-01T01:54:37.980+0000] {logging_mixin.py:188} INFO -   ⚠ QSP.income_statement: không có dữ liệu → bỏ qua mã này
[2026-03-01T01:54:37.981+0000] {logging_mixin.py:188} INFO -  >> [18/20] VIM
[2026-03-01T01:54:46.162+0000] {logging_mixin.py:188} INFO - 
⚠️ 
============================================================
⚠️  GIỚI HẠN API ĐÃ ĐẠT TỐI ĐA (Rate Limit Exceeded)
============================================================

📌 Bạn đã đạt giới hạn tối đa số lượt yêu cầu API trong 1 phút (minute).
   (You have reached the maximum API request limit for this period)

📊 Chi tiết (Details):
   • Gói hiện tại: Khách (Guest)
   • Giới hạn: 20 requests/phút
   • Đã sử dụng: 20/20
   • Chờ 14 giây để tiếp tục (Wait to retry)

💡 Giải pháp (Solutions):
   1️⃣ Chờ 14 giây rồi thử lại
      (Wait and retry)
   2️⃣ Tham gia gói thành viên tài trợ để sử dụng không bị gián đoạn
      (Join sponsor membership for uninterrupted access)

🚀 Nâng cấp (Upgrade):
   • Phiên bản cộng đồng (60 request/phút - Community):
     Đăng ký API key miễn phí: https://vnstocks.com/login
   • Gói thành viên tài trợ (180-600 request/phút - Sponsor):
     Tham gia: https://vnstocks.com/insiders-program

============================================================
[2026-03-01T01:54:46.164+0000] {logging_mixin.py:188} INFO - ⚠ VIM.income_statement: SystemExit (rate-limit?): Rate limit exceeded. 
============================================================
⚠️  GIỚI HẠN API  → bỏ qua
[2026-03-01T01:54:46.165+0000] {logging_mixin.py:188} INFO -   ⚠ VIM.income_statement: không có dữ liệu → bỏ qua mã này
[2026-03-01T01:54:46.165+0000] {logging_mixin.py:188} INFO -  >> [19/20] PLP
[2026-03-01T01:54:59.293+0000] {logging_mixin.py:188} INFO -  >> [20/20] FRM
[2026-03-01T01:55:07.718+0000] {logging_mixin.py:188} INFO - 
⚠️ 
============================================================
⚠️  GIỚI HẠN API ĐÃ ĐẠT TỐI ĐA (Rate Limit Exceeded)
============================================================

📌 Bạn đã đạt giới hạn tối đa số lượt yêu cầu API trong 1 phút (minute).
   (You have reached the maximum API request limit for this period)

📊 Chi tiết (Details):
   • Gói hiện tại: Khách (Guest)
   • Giới hạn: 20 requests/phút
   • Đã sử dụng: 20/20
   • Chờ 52 giây để tiếp tục (Wait to retry)

💡 Giải pháp (Solutions):
   1️⃣ Chờ 52 giây rồi thử lại
      (Wait and retry)
   2️⃣ Tham gia gói thành viên tài trợ để sử dụng không bị gián đoạn
      (Join sponsor membership for uninterrupted access)

🚀 Nâng cấp (Upgrade):
   • Phiên bản cộng đồng (60 request/phút - Community):
     Đăng ký API key miễn phí: https://vnstocks.com/login
   • Gói thành viên tài trợ (180-600 request/phút - Sponsor):
     Tham gia: https://vnstocks.com/insiders-program

============================================================
[2026-03-01T01:55:07.720+0000] {logging_mixin.py:188} INFO - ⚠ FRM.income_statement: SystemExit (rate-limit?): Rate limit exceeded. 
============================================================
⚠️  GIỚI HẠN API  → bỏ qua
[2026-03-01T01:55:07.721+0000] {logging_mixin.py:188} INFO -   ⚠ FRM.income_statement: không có dữ liệu → bỏ qua mã này
[2026-03-01T01:55:07.721+0000] {logging_mixin.py:188} INFO - ⚠ Bỏ qua 13 mã: ['PET', 'TGP', 'ONE', 'HVN', 'KLB', 'HOT', 'AGP', 'L14', 'TDP', 'POB', 'QSP', 'VIM', 'FRM']
[2026-03-01T01:55:07.722+0000] {logging_mixin.py:188} INFO - ⚠ Batch này không thu được dữ liệu nào.
[2026-03-01T01:55:07.723+0000] {datalake_df2csv.py:58} WARNING - ⚠️  DataFrame rỗng hoặc None
[2026-03-01T01:55:07.724+0000] {datalake_df2csv.py:59} INFO - 📊 Thông tin DataFrame:
[2026-03-01T01:55:07.724+0000] {datalake_df2csv.py:60} INFO -   - Số dòng: 0
[2026-03-01T01:55:07.724+0000] {datalake_df2csv.py:61} INFO -   - Kết luận: Bỏ qua upload CSV
[2026-03-01T01:55:07.725+0000] {datalake_df2csv.py:62} INFO - ================================================================================
[2026-03-01T01:55:07.725+0000] {datalake_df2csv.py:63} INFO - ✅ KẾT THÚC TASK (không có dữ liệu): ingest_bctc
[2026-03-01T01:55:07.726+0000] {datalake_df2csv.py:64} INFO - ================================================================================
[2026-03-01T01:55:07.727+0000] {taskinstance.py:441} INFO - ::group::Post task execution logs
[2026-03-01T01:55:07.736+0000] {taskinstance.py:1206} INFO - Marking task as SUCCESS. dag_id=bctc, task_id=ingest_bctc, run_id=manual__2026-03-01T01:44:01+00:00, map_index=3, execution_date=20260301T014401, start_date=20260301T015230, end_date=20260301T015507
[2026-03-01T01:55:07.801+0000] {local_task_job_runner.py:243} INFO - Task exited with return code 0
[2026-03-01T01:55:07.814+0000] {taskinstance.py:3503} INFO - 0 downstream tasks scheduled from follow-on schedule check
[2026-03-01T01:55:07.816+0000] {local_task_job_runner.py:222} INFO - ::endgroup::
