[2026-02-22T02:42:06.694+0000] {local_task_job_runner.py:120} INFO - ::group::Pre task execution logs
[2026-02-22T02:42:06.743+0000] {taskinstance.py:2076} INFO - Dependencies all met for dep_context=non-requeueable deps ti=<TaskInstance: company_overview_to_minio.ingest_overview manual__2026-02-22T02:41:53.488760+00:00 map_index=9 [queued]>
[2026-02-22T02:42:06.766+0000] {taskinstance.py:2076} INFO - Dependencies all met for dep_context=requeueable deps ti=<TaskInstance: company_overview_to_minio.ingest_overview manual__2026-02-22T02:41:53.488760+00:00 map_index=9 [queued]>
[2026-02-22T02:42:06.770+0000] {taskinstance.py:2306} INFO - Starting attempt 1 of 2
[2026-02-22T02:42:06.822+0000] {taskinstance.py:2330} INFO - Executing <Mapped(DfToCsvOperator): ingest_overview> on 2026-02-22 02:41:53.488760+00:00
[2026-02-22T02:42:06.844+0000] {warnings.py:112} WARNING - This process (pid=2565) is multi-threaded, use of fork() may lead to deadlocks in the child.

[2026-02-22T02:42:06.847+0000] {standard_task_runner.py:64} INFO - Started process 2591 to run task
[2026-02-22T02:42:06.862+0000] {standard_task_runner.py:90} INFO - Running: ['***', 'tasks', 'run', 'company_overview_to_minio', 'ingest_overview', 'manual__2026-02-22T02:41:53.488760+00:00', '--job-id', '23906', '--raw', '--subdir', 'DAGS_FOLDER/dl_overview.py', '--cfg-path', '/tmp/tmp03gcg1et', '--map-index', '9']
[2026-02-22T02:42:06.871+0000] {standard_task_runner.py:91} INFO - Job 23906: Subtask ingest_overview
[2026-02-22T02:42:06.980+0000] {task_command.py:426} INFO - Running <TaskInstance: company_overview_to_minio.ingest_overview manual__2026-02-22T02:41:53.488760+00:00 map_index=9 [running]> on host 1b22f72dc705
[2026-02-22T02:42:07.206+0000] {taskinstance.py:2648} INFO - Exporting env vars: AIRFLOW_CTX_DAG_OWNER='***' AIRFLOW_CTX_DAG_ID='company_overview_to_minio' AIRFLOW_CTX_TASK_ID='ingest_overview' AIRFLOW_CTX_EXECUTION_DATE='2026-02-22T02:41:53.488760+00:00' AIRFLOW_CTX_TRY_NUMBER='1' AIRFLOW_CTX_DAG_RUN_ID='manual__2026-02-22T02:41:53.488760+00:00'
[2026-02-22T02:42:07.211+0000] {taskinstance.py:430} INFO - ::endgroup::
[2026-02-22T02:42:07.212+0000] {datalake_df2csv.py:40} INFO - ================================================================================
[2026-02-22T02:42:07.213+0000] {datalake_df2csv.py:41} INFO - 🚀 BẮT ĐẦU TASK: ingest_overview
[2026-02-22T02:42:07.213+0000] {datalake_df2csv.py:42} INFO - ================================================================================
[2026-02-22T02:42:07.215+0000] {datalake_df2csv.py:43} INFO - 📋 Thông tin cấu hình:
[2026-02-22T02:42:07.224+0000] {datalake_df2csv.py:44} INFO -   - Logic file: thongtincongty
[2026-02-22T02:42:07.225+0000] {datalake_df2csv.py:45} INFO -   - DataFrame name: get_overview_batch
[2026-02-22T02:42:07.226+0000] {datalake_df2csv.py:46} INFO -   - Bucket: thongtin-congty-va-bctc
[2026-02-22T02:42:07.226+0000] {datalake_df2csv.py:47} INFO -   - Object path: overview/2026-02-22/batch_9.csv
[2026-02-22T02:42:07.227+0000] {datalake_df2csv.py:48} INFO -   - Connection ID: minio_finance
[2026-02-22T02:42:07.227+0000] {datalake_df2csv.py:49} INFO -   - Tham số truyền vào: {'symbols': ['VPI', 'GMH', 'C12', 'L10', 'BGW', 'VRC', 'TIS', 'EIC', 'SFG', 'KLB', 'C21', 'VRE', 'HNI', 'PSC', 'CGV', 'CSI', 'VCC', 'SD3', 'HTG', 'MGR']}
[2026-02-22T02:42:07.228+0000] {datalake_df2csv.py:50} INFO - --------------------------------------------------------------------------------
[2026-02-22T02:42:07.230+0000] {datalake_df2csv.py:54} INFO - 📥 Bước 1: Đang load dữ liệu từ logic file...
[2026-02-22T02:42:07.244+0000] {datalake_df2csv.py:148} INFO -   - Logic directory: /opt/airflow/plugins/logic
[2026-02-22T02:42:07.246+0000] {datalake_df2csv.py:149} INFO -   - Module path: /opt/airflow/plugins/logic/thongtincongty.py
[2026-02-22T02:42:07.246+0000] {datalake_df2csv.py:153} INFO -   - Đã thêm logic directory vào sys.path
[2026-02-22T02:42:07.249+0000] {datalake_df2csv.py:159} INFO -   - Đang load module 'thongtincongty'...
[2026-02-22T02:42:07.260+0000] {datalake_df2csv.py:163} INFO -   - ✅ Module loaded thành công
[2026-02-22T02:42:07.261+0000] {datalake_df2csv.py:165} INFO -   - Đang tìm DataFrame/function: 'get_overview_batch'...
[2026-02-22T02:42:07.261+0000] {datalake_df2csv.py:170} INFO -   - ✅ Tìm thấy object: function
[2026-02-22T02:42:07.262+0000] {datalake_df2csv.py:173} INFO -   - Đang gọi function với tham số: {'symbols': ['VPI', 'GMH', 'C12', 'L10', 'BGW', 'VRC', 'TIS', 'EIC', 'SFG', 'KLB', 'C21', 'VRE', 'HNI', 'PSC', 'CGV', 'CSI', 'VCC', 'SD3', 'HTG', 'MGR']}
[2026-02-22T02:42:12.797+0000] {warnings.py:112} WARNING - DataFrame.applymap has been deprecated. Use DataFrame.map instead.

[2026-02-22T02:42:14.057+0000] {warnings.py:112} WARNING - DataFrame.applymap has been deprecated. Use DataFrame.map instead.

[2026-02-22T02:42:19.377+0000] {logging_mixin.py:188} INFO - Err overview C12: RetryError[<Future at 0x7fd0644a1370 state=finished raised AttributeError>]
[2026-02-22T02:42:20.708+0000] {warnings.py:112} WARNING - DataFrame.applymap has been deprecated. Use DataFrame.map instead.

[2026-02-22T02:42:21.985+0000] {warnings.py:112} WARNING - DataFrame.applymap has been deprecated. Use DataFrame.map instead.

[2026-02-22T02:42:23.223+0000] {warnings.py:112} WARNING - DataFrame.applymap has been deprecated. Use DataFrame.map instead.

[2026-02-22T02:42:24.470+0000] {warnings.py:112} WARNING - DataFrame.applymap has been deprecated. Use DataFrame.map instead.

[2026-02-22T02:42:25.762+0000] {warnings.py:112} WARNING - DataFrame.applymap has been deprecated. Use DataFrame.map instead.

[2026-02-22T02:42:27.022+0000] {warnings.py:112} WARNING - DataFrame.applymap has been deprecated. Use DataFrame.map instead.

[2026-02-22T02:42:28.463+0000] {warnings.py:112} WARNING - DataFrame.applymap has been deprecated. Use DataFrame.map instead.

[2026-02-22T02:42:39.519+0000] {log.py:232} WARNING - 2026-02-22 02:42:39 - vnstock.core.utils.client - ERROR - API request failed: HTTPSConnectionPool(host='trading.vietcap.com.vn', port=443): Max retries exceeded with url: /data-mt/graphql (Caused by NameResolutionError("<urllib3.connection.HTTPSConnection object at 0x7fd064470380>: Failed to resolve 'trading.vietcap.com.vn' ([Errno -3] Temporary failure in name resolution)"))
[2026-02-22T02:42:39.517+0000] {client.py:297} ERROR - API request failed: HTTPSConnectionPool(host='trading.vietcap.com.vn', port=443): Max retries exceeded with url: /data-mt/graphql (Caused by NameResolutionError("<urllib3.connection.HTTPSConnection object at 0x7fd064470380>: Failed to resolve 'trading.vietcap.com.vn' ([Errno -3] Temporary failure in name resolution)"))
[2026-02-22T02:42:39.525+0000] {logging_mixin.py:188} INFO - Err overview C21: API request failed: HTTPSConnectionPool(host='trading.vietcap.com.vn', port=443): Max retries exceeded with url: /data-mt/graphql (Caused by NameResolutionError("<urllib3.connection.HTTPSConnection object at 0x7fd064470380>: Failed to resolve 'trading.vietcap.com.vn' ([Errno -3] Temporary failure in name resolution)"))
[2026-02-22T02:42:41.945+0000] {warnings.py:112} WARNING - DataFrame.applymap has been deprecated. Use DataFrame.map instead.

[2026-02-22T02:42:43.221+0000] {warnings.py:112} WARNING - DataFrame.applymap has been deprecated. Use DataFrame.map instead.

[2026-02-22T02:42:44.478+0000] {warnings.py:112} WARNING - DataFrame.applymap has been deprecated. Use DataFrame.map instead.

[2026-02-22T02:43:00.980+0000] {log.py:232} WARNING - 2026-02-22 02:42:58 - vnstock.core.utils.client - ERROR - API request failed: HTTPSConnectionPool(host='trading.vietcap.com.vn', port=443): Max retries exceeded with url: /data-mt/graphql (Caused by NameResolutionError("<urllib3.connection.HTTPSConnection object at 0x7fd064473890>: Failed to resolve 'trading.vietcap.com.vn' ([Errno -3] Temporary failure in name resolution)"))
[2026-02-22T02:42:58.156+0000] {client.py:297} ERROR - API request failed: HTTPSConnectionPool(host='trading.vietcap.com.vn', port=443): Max retries exceeded with url: /data-mt/graphql (Caused by NameResolutionError("<urllib3.connection.HTTPSConnection object at 0x7fd064473890>: Failed to resolve 'trading.vietcap.com.vn' ([Errno -3] Temporary failure in name resolution)"))
[2026-02-22T02:43:03.976+0000] {logging_mixin.py:188} INFO - Err overview CGV: API request failed: HTTPSConnectionPool(host='trading.vietcap.com.vn', port=443): Max retries exceeded with url: /data-mt/graphql (Caused by NameResolutionError("<urllib3.connection.HTTPSConnection object at 0x7fd064473890>: Failed to resolve 'trading.vietcap.com.vn' ([Errno -3] Temporary failure in name resolution)"))
[2026-02-22T02:43:15.024+0000] {log.py:232} WARNING - 2026-02-22 02:43:15 - vnstock.core.utils.client - ERROR - API request failed: HTTPSConnectionPool(host='trading.vietcap.com.vn', port=443): Max retries exceeded with url: /data-mt/graphql (Caused by NameResolutionError("<urllib3.connection.HTTPSConnection object at 0x7fd0644a2d50>: Failed to resolve 'trading.vietcap.com.vn' ([Errno -3] Temporary failure in name resolution)"))
[2026-02-22T02:43:15.019+0000] {client.py:297} ERROR - API request failed: HTTPSConnectionPool(host='trading.vietcap.com.vn', port=443): Max retries exceeded with url: /data-mt/graphql (Caused by NameResolutionError("<urllib3.connection.HTTPSConnection object at 0x7fd0644a2d50>: Failed to resolve 'trading.vietcap.com.vn' ([Errno -3] Temporary failure in name resolution)"))
[2026-02-22T02:43:15.033+0000] {logging_mixin.py:188} INFO - Err overview CSI: API request failed: HTTPSConnectionPool(host='trading.vietcap.com.vn', port=443): Max retries exceeded with url: /data-mt/graphql (Caused by NameResolutionError("<urllib3.connection.HTTPSConnection object at 0x7fd0644a2d50>: Failed to resolve 'trading.vietcap.com.vn' ([Errno -3] Temporary failure in name resolution)"))
[2026-02-22T02:43:16.800+0000] {warnings.py:112} WARNING - DataFrame.applymap has been deprecated. Use DataFrame.map instead.

[2026-02-22T02:43:18.238+0000] {warnings.py:112} WARNING - DataFrame.applymap has been deprecated. Use DataFrame.map instead.

[2026-02-22T02:43:19.543+0000] {warnings.py:112} WARNING - DataFrame.applymap has been deprecated. Use DataFrame.map instead.

[2026-02-22T02:43:20.878+0000] {warnings.py:112} WARNING - DataFrame.applymap has been deprecated. Use DataFrame.map instead.

[2026-02-22T02:43:21.988+0000] {datalake_df2csv.py:68} INFO - ✅ Load dữ liệu thành công!
[2026-02-22T02:43:21.996+0000] {datalake_df2csv.py:69} INFO - 📊 Thông tin DataFrame:
[2026-02-22T02:43:22.017+0000] {datalake_df2csv.py:70} INFO -   - Số dòng: 16
[2026-02-22T02:43:22.023+0000] {datalake_df2csv.py:71} INFO -   - Số cột: 9
[2026-02-22T02:43:22.038+0000] {datalake_df2csv.py:72} INFO -   - Tên các cột: ['symbol', 'company_profile', 'icb_name2', 'icb_name3', 'icb_name4', 'exchange', 'type_info', 'organ_short_name', 'organ_name']
[2026-02-22T02:43:22.044+0000] {datalake_df2csv.py:73} INFO -   - Kiểu dữ liệu: {'symbol': 'object', 'company_profile': 'object', 'icb_name2': 'object', 'icb_name3': 'object', 'icb_name4': 'object', 'exchange': 'object', 'type_info': 'object', 'organ_short_name': 'object', 'organ_name': 'object'}
[2026-02-22T02:43:22.056+0000] {datalake_df2csv.py:74} INFO -   - Bộ nhớ sử dụng: 0.03 MB
[2026-02-22T02:43:22.061+0000] {datalake_df2csv.py:79} INFO -   - Số giá trị NULL:
[2026-02-22T02:43:22.064+0000] {datalake_df2csv.py:81} INFO -     + exchange: 6
[2026-02-22T02:43:22.066+0000] {datalake_df2csv.py:81} INFO -     + type_info: 6
[2026-02-22T02:43:22.067+0000] {datalake_df2csv.py:81} INFO -     + organ_short_name: 6
[2026-02-22T02:43:22.069+0000] {datalake_df2csv.py:81} INFO -     + organ_name: 6
[2026-02-22T02:43:22.070+0000] {datalake_df2csv.py:86} INFO -   - Mẫu dữ liệu (5 dòng đầu):
[2026-02-22T02:43:22.072+0000] {datalake_df2csv.py:88} INFO -     Row 0: {'symbol': 'VPI', 'company_profile': 'Công ty Cổ phần Phát triển Bất động sản Văn Phú (VPI) có tiền thân là Chi nhánh tại Hà Nội của Công ty Đầu tư Xây dựng và Kinh doanh nhà Quảng Ninh, được thành lập vào năm 2003. Công ty hoạt động trong các lĩnh vực tư vấn đầu tư, xây dựng, phát triển và kinh doanh bất động sản. Công ty đã tham gia thiết kế, thi công được nhiều công trình, dự án quy mô lớn với tổng mức đầu tư lên đến hàng chục ngàn tỷ đồng, triển khai nhiều dự án tiêu biểu có tầm ảnh hưởng lớn, như Khu đô thị mới Văn Phú, The Văn Phú Victoria, Home City, Hùng Sơn Villa, Giảng Võ Complex,...VPI được niêm yết và giao dịch trên Sở Giao dịch Chứng khoán Thành phố Hồ Chí Minh (HOSE) từ năm 2018.', 'icb_name2': 'Bất động sản', 'icb_name3': 'Bất động sản', 'icb_name4': 'Bất động sản', 'exchange': 'HOSE', 'type_info': '', 'organ_short_name': '', 'organ_name': 'CTCP Phát triển Bất động sản Văn Phú'}
[2026-02-22T02:43:22.075+0000] {datalake_df2csv.py:88} INFO -     Row 1: {'symbol': 'GMH', 'company_profile': 'Công ty cổ phần Minh Hưng Quảng Trị (GMH) có tiền thân là Nhà máy xi măng Đông Hà, được thành lập từ ngày 27/11/1992. Năm 2012, Công ty thực hiện cổ phần hoá và hoạt động dưới hình thức Công ty Cổ phần. Công ty hoạt động chính trong lĩnh vực sản xuất và kinh doanh vật liệu xây dựng, với các sản phẩm chính là gạch Tuynel, gạch không nung và xi măng. Công ty sở hữu 5 nhà máy sản xuất, trong đó có 3 nhà máy gạch tuynel với tổng công suất 75 triệu viên/năm, 1 xi măng với công suất 160.000 tấn/năm và 1 nhà máy gạch không nung công suất 10 triệu viên gạch không nung/năm và 180.000 m2 gạch terrazzo/năm. Hiện nay, Công ty đang là đơn vị cung cấp vật liệu xây dựng hàng đầu tỉnh Quảng Trị và các vùng lân cận với thị phần lớn. Các sản phẩm của công ty còn được xuất khẩu sang Lào. Ngày 12/01/2022, GMH chính thức được giao dịch tại Sở Giao dịch Chứng khoán Thành phố Hồ Chí Minh (HOSE).', 'icb_name2': 'Xây dựng và Vật liệu', 'icb_name3': 'Xây dựng và Vật liệu', 'icb_name4': 'Vật liệu xây dựng & Nội thất', 'exchange': 'HOSE', 'type_info': '', 'organ_short_name': '', 'organ_name': 'CTCP Minh Hưng Quảng Trị'}
[2026-02-22T02:43:22.077+0000] {datalake_df2csv.py:88} INFO -     Row 2: {'symbol': 'L10', 'company_profile': 'Công ty Cổ phần Lilama 10 (L10), tiền thân là Xí nghiệp liên hiệp Lắp máy số 1 Hà Nội, được thành lập năm 1960. Năm 2007, Cổ phần hóa và đổi tên thành Công ty Cổ phần Lilama 10. Hoạt động kinh doanh chính của công ty là: Xây dựng công trình công nghiệp, đường dây tải điện, lắp ráp máy móc thiết bị máy móc cho các công trình; Gia công chế tạo, lắp đặt, sửa chữa thiết bị nâng, thiết bị chịu áp lực (bình, bể, đường ống chịu áp lực), thiết bị cơ, thiết bị điện, kết cấu thép phi tiêu chuẩn, Làm sạch và sơn phủ bề mặt kim loại; Kinh doanh xuất nhập khẩu vật tư, thiết bị, các dây chuyền công nghệ, vật liệu xây dựng...CTCP LILAMA 10 (L10) luôn là đơn vị dẫn đầu trong việc lắp đặt và hoàn thành xuất sắc các công trình công nghiệp lớn và quan trọng của đất nước. Không chỉ có thế mạnh về lĩnh vực Lắp máy và Xây dựng, Lilama 10 còn tham gia chế tạo thiết bị,gia công kết cấu thép. Công ty đã chế tạo và lắp đặt bồn bể cho các nhà máy nước ngọt Coca Cola, Nhà máy bia Quy Nhơn, Nhà máy đường Lam Sơn...,chế tạo và lắp dựng nhiều cột thép mạ kẽm cho đường dây từ 110-500KV Bắc Nam...Ngày 25/12/2007, L10 chính thức giao dịch trên Sở Giao dịch chứng khoán Thành phố Hồ Chí Minh.', 'icb_name2': 'Hàng & Dịch vụ Công nghiệp', 'icb_name3': 'Công nghiệp nặng', 'icb_name4': 'Máy công nghiệp', 'exchange': 'HOSE', 'type_info': '', 'organ_short_name': '', 'organ_name': 'CTCP Lilama 10'}
[2026-02-22T02:43:22.078+0000] {datalake_df2csv.py:88} INFO -     Row 3: {'symbol': 'BGW', 'company_profile': 'Công ty Cổ phần Nước sạch Bắc Giang (BGW) có tiền thân là đội Xây dựng công trình 76 thuộc Công ty Xây dựng tỉnh Hà Bắc, được thành lập từ năm 1976. Công ty hoạt động chính trong lĩnh vực sản xuất và kinh doanh nước sạch trên địa bàn thành phố Bắc Giang và Lục Nam. BGW chính thức hoạt động theo mô hình công ty cổ phần từ năm 2015. Công ty hiện đang quản lý, khai thác và vận hành hệ thống cấp nước có tổng công suất 38.500m3/ngày đêm. BGW được giao dịch trên thị trường UPCOM từ cuối tháng 10/2017.', 'icb_name2': 'Điện, nước & xăng dầu khí đốt', 'icb_name3': 'Nước & Khí đốt', 'icb_name4': 'Nước', 'exchange': nan, 'type_info': nan, 'organ_short_name': nan, 'organ_name': nan}
[2026-02-22T02:43:22.079+0000] {datalake_df2csv.py:88} INFO -     Row 4: {'symbol': 'VRC', 'company_profile': 'Công ty Cổ phần Bất động sản và Đầu tư VRC (VRC) có tiền thân là Xí nghiệp Xây lắp được thành lập năm 1978. Hoạt động kinh doanh chính của Công ty bao gồm đầu tư bất động sản, xây dựng và dịch vụ mua bán sát nhập. Công ty định hướng tập trung chủ yếu vào lĩnh vực kinh doanh bất động sản: căn hộ cao cấp ven biển, khách sạn, cho thuê chợ và kho bãi phục vụ cảng. Một số dự án công ty thực hiện đầu tư như khu dân cư ADC (phường Phú Mỹ. Quận 7), Khu dân cư ADC Long An, Khu đô thị mới Nhà Bè, Cảng tổng hợp Container Mỹ Xuân,... VRC được niêm yết trên Sở Giao dịch Chứng khoán Thành phố Hồ Chí Minh (HOSE) từ năm 2012.', 'icb_name2': 'Bất động sản', 'icb_name3': 'Bất động sản', 'icb_name4': 'Bất động sản', 'exchange': 'HOSE', 'type_info': '', 'organ_short_name': '', 'organ_name': 'CTCP Bất động sản và Đầu tư VRC'}
[2026-02-22T02:43:22.085+0000] {datalake_df2csv.py:90} INFO - --------------------------------------------------------------------------------
[2026-02-22T02:43:22.094+0000] {datalake_df2csv.py:93} INFO - 📝 Bước 2: Đang chuyển đổi DataFrame sang CSV...
[2026-02-22T02:43:22.122+0000] {datalake_df2csv.py:97} INFO - ✅ Chuyển đổi CSV thành công!
[2026-02-22T02:43:22.126+0000] {datalake_df2csv.py:98} INFO -   - Kích thước file: 0.02 MB
[2026-02-22T02:43:22.127+0000] {datalake_df2csv.py:99} INFO -   - Thời gian chuyển đổi: 0.03 giây
[2026-02-22T02:43:22.130+0000] {datalake_df2csv.py:100} INFO - --------------------------------------------------------------------------------
[2026-02-22T02:43:22.131+0000] {datalake_df2csv.py:103} INFO - ☁️  Bước 3: Đang upload lên MinIO/S3...
[2026-02-22T02:43:22.263+0000] {base.py:84} INFO - Using connection ID 'minio_finance' for task execution.
[2026-02-22T02:43:22.265+0000] {connection_wrapper.py:384} INFO - AWS Connection (conn_id='minio_finance', conn_type='aws') credentials retrieved from login and password.
[2026-02-22T02:43:23.669+0000] {datalake_df2csv.py:112} INFO -   - Bucket 'thongtin-congty-va-bctc' đã tồn tại
[2026-02-22T02:43:23.807+0000] {datalake_df2csv.py:117} INFO - ✅ Upload thành công!
[2026-02-22T02:43:23.809+0000] {datalake_df2csv.py:118} INFO -   - Đường dẫn: s3://thongtin-congty-va-bctc/overview/2026-02-22/batch_9.csv
[2026-02-22T02:43:23.809+0000] {datalake_df2csv.py:119} INFO -   - Số dòng: 16
[2026-02-22T02:43:23.810+0000] {datalake_df2csv.py:120} INFO -   - Thời gian upload: 1.68 giây
[2026-02-22T02:43:23.811+0000] {datalake_df2csv.py:121} INFO - --------------------------------------------------------------------------------
[2026-02-22T02:43:23.812+0000] {datalake_df2csv.py:125} INFO - 📈 TỔNG KẾT:
[2026-02-22T02:43:23.813+0000] {datalake_df2csv.py:126} INFO -   - Tổng thời gian thực thi: 76.60 giây
[2026-02-22T02:43:23.814+0000] {datalake_df2csv.py:127} INFO -   - Tốc độ xử lý: 0 dòng/giây
[2026-02-22T02:43:23.814+0000] {datalake_df2csv.py:128} INFO - ================================================================================
[2026-02-22T02:43:23.815+0000] {datalake_df2csv.py:129} INFO - ✅ HOÀN THÀNH TASK: ingest_overview
[2026-02-22T02:43:23.815+0000] {datalake_df2csv.py:130} INFO - ================================================================================
[2026-02-22T02:43:23.817+0000] {taskinstance.py:441} INFO - ::group::Post task execution logs
[2026-02-22T02:43:23.854+0000] {taskinstance.py:1206} INFO - Marking task as SUCCESS. dag_id=company_overview_to_minio, task_id=ingest_overview, run_id=manual__2026-02-22T02:41:53.488760+00:00, map_index=9, execution_date=20260222T024153, start_date=20260222T024206, end_date=20260222T024323
[2026-02-22T02:43:24.032+0000] {local_task_job_runner.py:243} INFO - Task exited with return code 0
[2026-02-22T02:43:24.054+0000] {local_task_job_runner.py:222} INFO - ::endgroup::
