[2026-02-22T14:49:13.852+0000] {local_task_job_runner.py:120} INFO - ::group::Pre task execution logs
[2026-02-22T14:49:13.942+0000] {taskinstance.py:2076} INFO - Dependencies all met for dep_context=non-requeueable deps ti=<TaskInstance: daily_price.ingest_daily_price scheduled__2026-02-19T16:00:00+00:00 map_index=75 [queued]>
[2026-02-22T14:49:14.007+0000] {taskinstance.py:2076} INFO - Dependencies all met for dep_context=requeueable deps ti=<TaskInstance: daily_price.ingest_daily_price scheduled__2026-02-19T16:00:00+00:00 map_index=75 [queued]>
[2026-02-22T14:49:14.012+0000] {taskinstance.py:2306} INFO - Starting attempt 1 of 2
[2026-02-22T14:49:14.049+0000] {taskinstance.py:2330} INFO - Executing <Mapped(DfToCsvOperator): ingest_daily_price> on 2026-02-19 16:00:00+00:00
[2026-02-22T14:49:14.065+0000] {warnings.py:112} WARNING - This process (pid=1244) is multi-threaded, use of fork() may lead to deadlocks in the child.

[2026-02-22T14:49:14.067+0000] {standard_task_runner.py:64} INFO - Started process 1287 to run task
[2026-02-22T14:49:14.070+0000] {standard_task_runner.py:90} INFO - Running: ['***', 'tasks', 'run', 'daily_price', 'ingest_daily_price', 'scheduled__2026-02-19T16:00:00+00:00', '--job-id', '26586', '--raw', '--subdir', 'DAGS_FOLDER/dl_dailly_price.py', '--cfg-path', '/tmp/tmp7cfpht73', '--map-index', '75']
[2026-02-22T14:49:14.080+0000] {standard_task_runner.py:91} INFO - Job 26586: Subtask ingest_daily_price
[2026-02-22T14:49:14.267+0000] {task_command.py:426} INFO - Running <TaskInstance: daily_price.ingest_daily_price scheduled__2026-02-19T16:00:00+00:00 map_index=75 [running]> on host f33af0284402
[2026-02-22T14:49:14.695+0000] {taskinstance.py:2648} INFO - Exporting env vars: AIRFLOW_CTX_DAG_OWNER='***' AIRFLOW_CTX_DAG_ID='daily_price' AIRFLOW_CTX_TASK_ID='ingest_daily_price' AIRFLOW_CTX_EXECUTION_DATE='2026-02-19T16:00:00+00:00' AIRFLOW_CTX_TRY_NUMBER='1' AIRFLOW_CTX_DAG_RUN_ID='scheduled__2026-02-19T16:00:00+00:00'
[2026-02-22T14:49:14.697+0000] {taskinstance.py:430} INFO - ::endgroup::
[2026-02-22T14:49:14.698+0000] {datalake_df2csv.py:40} INFO - ================================================================================
[2026-02-22T14:49:14.705+0000] {datalake_df2csv.py:41} INFO - 🚀 BẮT ĐẦU TASK: ingest_daily_price
[2026-02-22T14:49:14.708+0000] {datalake_df2csv.py:42} INFO - ================================================================================
[2026-02-22T14:49:14.709+0000] {datalake_df2csv.py:43} INFO - 📋 Thông tin cấu hình:
[2026-02-22T14:49:14.738+0000] {datalake_df2csv.py:44} INFO -   - Logic file: history_price
[2026-02-22T14:49:14.749+0000] {datalake_df2csv.py:45} INFO -   - DataFrame name: get_history_price_batch
[2026-02-22T14:49:14.752+0000] {datalake_df2csv.py:46} INFO -   - Bucket: thongtin-congty-va-bctc
[2026-02-22T14:49:14.753+0000] {datalake_df2csv.py:47} INFO -   - Object path: daily_price/2026-02-19/batch_75.csv
[2026-02-22T14:49:14.753+0000] {datalake_df2csv.py:48} INFO -   - Connection ID: minio_finance
[2026-02-22T14:49:14.756+0000] {datalake_df2csv.py:49} INFO -   - Tham số truyền vào: {'symbols': ['SCL', 'DC1', 'F88', 'AMP', 'VGC'], 'start_date': '2026-02-19', 'end_date': '2026-02-20'}
[2026-02-22T14:49:14.766+0000] {datalake_df2csv.py:50} INFO - --------------------------------------------------------------------------------
[2026-02-22T14:49:14.769+0000] {datalake_df2csv.py:54} INFO - 📥 Bước 1: Đang load dữ liệu từ logic file...
[2026-02-22T14:49:14.790+0000] {datalake_df2csv.py:148} INFO -   - Logic directory: /opt/airflow/plugins/logic
[2026-02-22T14:49:14.791+0000] {datalake_df2csv.py:149} INFO -   - Module path: /opt/airflow/plugins/logic/history_price.py
[2026-02-22T14:49:14.793+0000] {datalake_df2csv.py:153} INFO -   - Đã thêm logic directory vào sys.path
[2026-02-22T14:49:14.822+0000] {datalake_df2csv.py:159} INFO -   - Đang load module 'history_price'...
[2026-02-22T14:49:14.856+0000] {datalake_df2csv.py:163} INFO -   - ✅ Module loaded thành công
[2026-02-22T14:49:14.857+0000] {datalake_df2csv.py:165} INFO -   - Đang tìm DataFrame/function: 'get_history_price_batch'...
[2026-02-22T14:49:14.858+0000] {datalake_df2csv.py:170} INFO -   - ✅ Tìm thấy object: function
[2026-02-22T14:49:14.859+0000] {datalake_df2csv.py:173} INFO -   - Đang gọi function với tham số: {'symbols': ['SCL', 'DC1', 'F88', 'AMP', 'VGC'], 'start_date': '2026-02-19', 'end_date': '2026-02-20'}
[2026-02-22T14:49:24.318+0000] {datalake_df2csv.py:68} INFO - ✅ Load dữ liệu thành công!
[2026-02-22T14:49:24.321+0000] {datalake_df2csv.py:69} INFO - 📊 Thông tin DataFrame:
[2026-02-22T14:49:24.325+0000] {datalake_df2csv.py:70} INFO -   - Số dòng: 15
[2026-02-22T14:49:24.327+0000] {datalake_df2csv.py:71} INFO -   - Số cột: 7
[2026-02-22T14:49:24.329+0000] {datalake_df2csv.py:72} INFO -   - Tên các cột: ['ticker', 'trading_date', 'open', 'high', 'low', 'close', 'volume']
[2026-02-22T14:49:24.332+0000] {datalake_df2csv.py:73} INFO -   - Kiểu dữ liệu: {'ticker': 'object', 'trading_date': 'object', 'open': 'float64', 'high': 'float64', 'low': 'float64', 'close': 'float64', 'volume': 'int64'}
[2026-02-22T14:49:24.346+0000] {datalake_df2csv.py:74} INFO -   - Bộ nhớ sử dụng: 0.00 MB
[2026-02-22T14:49:24.360+0000] {datalake_df2csv.py:83} INFO -   - Không có giá trị NULL
[2026-02-22T14:49:24.362+0000] {datalake_df2csv.py:86} INFO -   - Mẫu dữ liệu (5 dòng đầu):
[2026-02-22T14:49:24.364+0000] {datalake_df2csv.py:88} INFO -     Row 0: {'ticker': 'SCL', 'trading_date': '2026-02-11', 'open': 20.4, 'high': 20.5, 'low': 20.3, 'close': 20.5, 'volume': 17500}
[2026-02-22T14:49:24.365+0000] {datalake_df2csv.py:88} INFO -     Row 1: {'ticker': 'SCL', 'trading_date': '2026-02-12', 'open': 20.5, 'high': 20.9, 'low': 20.5, 'close': 20.6, 'volume': 27700}
[2026-02-22T14:49:24.366+0000] {datalake_df2csv.py:88} INFO -     Row 2: {'ticker': 'SCL', 'trading_date': '2026-02-13', 'open': 20.8, 'high': 21.5, 'low': 20.7, 'close': 21.0, 'volume': 27500}
[2026-02-22T14:49:24.367+0000] {datalake_df2csv.py:88} INFO -     Row 3: {'ticker': 'DC1', 'trading_date': '2026-02-06', 'open': 8.0, 'high': 8.0, 'low': 8.0, 'close': 8.0, 'volume': 6900}
[2026-02-22T14:49:24.368+0000] {datalake_df2csv.py:88} INFO -     Row 4: {'ticker': 'DC1', 'trading_date': '2026-02-09', 'open': 8.0, 'high': 8.5, 'low': 8.0, 'close': 8.5, 'volume': 800}
[2026-02-22T14:49:24.369+0000] {datalake_df2csv.py:90} INFO - --------------------------------------------------------------------------------
[2026-02-22T14:49:24.370+0000] {datalake_df2csv.py:93} INFO - 📝 Bước 2: Đang chuyển đổi DataFrame sang CSV...
[2026-02-22T14:49:24.381+0000] {datalake_df2csv.py:97} INFO - ✅ Chuyển đổi CSV thành công!
[2026-02-22T14:49:24.389+0000] {datalake_df2csv.py:98} INFO -   - Kích thước file: 0.00 MB
[2026-02-22T14:49:24.391+0000] {datalake_df2csv.py:99} INFO -   - Thời gian chuyển đổi: 0.01 giây
[2026-02-22T14:49:24.393+0000] {datalake_df2csv.py:100} INFO - --------------------------------------------------------------------------------
[2026-02-22T14:49:24.394+0000] {datalake_df2csv.py:103} INFO - ☁️  Bước 3: Đang upload lên MinIO/S3...
[2026-02-22T14:49:24.425+0000] {base.py:84} INFO - Using connection ID 'minio_finance' for task execution.
[2026-02-22T14:49:24.429+0000] {connection_wrapper.py:384} INFO - AWS Connection (conn_id='minio_finance', conn_type='aws') credentials retrieved from login and password.
[2026-02-22T14:49:26.370+0000] {datalake_df2csv.py:112} INFO -   - Bucket 'thongtin-congty-va-bctc' đã tồn tại
[2026-02-22T14:49:26.635+0000] {datalake_df2csv.py:117} INFO - ✅ Upload thành công!
[2026-02-22T14:49:26.641+0000] {datalake_df2csv.py:118} INFO -   - Đường dẫn: s3://thongtin-congty-va-bctc/daily_price/2026-02-19/batch_75.csv
[2026-02-22T14:49:26.642+0000] {datalake_df2csv.py:119} INFO -   - Số dòng: 15
[2026-02-22T14:49:26.651+0000] {datalake_df2csv.py:120} INFO -   - Thời gian upload: 2.24 giây
[2026-02-22T14:49:26.653+0000] {datalake_df2csv.py:121} INFO - --------------------------------------------------------------------------------
[2026-02-22T14:49:26.667+0000] {datalake_df2csv.py:125} INFO - 📈 TỔNG KẾT:
[2026-02-22T14:49:26.672+0000] {datalake_df2csv.py:126} INFO -   - Tổng thời gian thực thi: 11.97 giây
[2026-02-22T14:49:26.678+0000] {datalake_df2csv.py:127} INFO -   - Tốc độ xử lý: 1 dòng/giây
[2026-02-22T14:49:26.684+0000] {datalake_df2csv.py:128} INFO - ================================================================================
[2026-02-22T14:49:26.684+0000] {datalake_df2csv.py:129} INFO - ✅ HOÀN THÀNH TASK: ingest_daily_price
[2026-02-22T14:49:26.690+0000] {datalake_df2csv.py:130} INFO - ================================================================================
[2026-02-22T14:49:26.692+0000] {taskinstance.py:441} INFO - ::group::Post task execution logs
[2026-02-22T14:49:26.751+0000] {taskinstance.py:1206} INFO - Marking task as SUCCESS. dag_id=daily_price, task_id=ingest_daily_price, run_id=scheduled__2026-02-19T16:00:00+00:00, map_index=75, execution_date=20260219T160000, start_date=20260222T144913, end_date=20260222T144926
[2026-02-22T14:49:26.897+0000] {local_task_job_runner.py:243} INFO - Task exited with return code 0
[2026-02-22T14:49:26.926+0000] {local_task_job_runner.py:222} INFO - ::endgroup::
