[2026-04-29T12:51:35.169+0000] {local_task_job_runner.py:120} INFO - ::group::Pre task execution logs
[2026-04-29T12:51:35.207+0000] {taskinstance.py:2076} INFO - Dependencies all met for dep_context=non-requeueable deps ti=<TaskInstance: daily_price.ingest_daily_price scheduled__2026-04-27T16:00:00+00:00 map_index=125 [queued]>
[2026-04-29T12:51:35.227+0000] {taskinstance.py:2076} INFO - Dependencies all met for dep_context=requeueable deps ti=<TaskInstance: daily_price.ingest_daily_price scheduled__2026-04-27T16:00:00+00:00 map_index=125 [queued]>
[2026-04-29T12:51:35.228+0000] {taskinstance.py:2306} INFO - Starting attempt 1 of 2
[2026-04-29T12:51:35.255+0000] {taskinstance.py:2330} INFO - Executing <Mapped(DfToCsvOperator): ingest_daily_price> on 2026-04-27 16:00:00+00:00
[2026-04-29T12:51:35.273+0000] {warnings.py:112} WARNING - This process (pid=1543) is multi-threaded, use of fork() may lead to deadlocks in the child.

[2026-04-29T12:51:35.275+0000] {standard_task_runner.py:64} INFO - Started process 1622 to run task
[2026-04-29T12:51:35.281+0000] {standard_task_runner.py:90} INFO - Running: ['***', 'tasks', 'run', 'daily_price', 'ingest_daily_price', 'scheduled__2026-04-27T16:00:00+00:00', '--job-id', '45993', '--raw', '--subdir', 'DAGS_FOLDER/dl_dailly_price.py', '--cfg-path', '/tmp/tmpeoej0571', '--map-index', '125']
[2026-04-29T12:51:35.286+0000] {standard_task_runner.py:91} INFO - Job 45993: Subtask ingest_daily_price
[2026-04-29T12:51:35.767+0000] {task_command.py:426} INFO - Running <TaskInstance: daily_price.ingest_daily_price scheduled__2026-04-27T16:00:00+00:00 map_index=125 [running]> on host e6b8a6339933
[2026-04-29T12:51:35.945+0000] {taskinstance.py:2648} INFO - Exporting env vars: AIRFLOW_CTX_DAG_OWNER='***' AIRFLOW_CTX_DAG_ID='daily_price' AIRFLOW_CTX_TASK_ID='ingest_daily_price' AIRFLOW_CTX_EXECUTION_DATE='2026-04-27T16:00:00+00:00' AIRFLOW_CTX_TRY_NUMBER='1' AIRFLOW_CTX_DAG_RUN_ID='scheduled__2026-04-27T16:00:00+00:00'
[2026-04-29T12:51:35.947+0000] {taskinstance.py:430} INFO - ::endgroup::
[2026-04-29T12:51:35.947+0000] {datalake_df2csv.py:40} INFO - ================================================================================
[2026-04-29T12:51:35.948+0000] {datalake_df2csv.py:41} INFO - 🚀 BẮT ĐẦU TASK: ingest_daily_price
[2026-04-29T12:51:35.948+0000] {datalake_df2csv.py:42} INFO - ================================================================================
[2026-04-29T12:51:35.948+0000] {datalake_df2csv.py:43} INFO - 📋 Thông tin cấu hình:
[2026-04-29T12:51:35.949+0000] {datalake_df2csv.py:44} INFO -   - Logic file: history_price
[2026-04-29T12:51:35.949+0000] {datalake_df2csv.py:45} INFO -   - DataFrame name: get_history_price_batch
[2026-04-29T12:51:35.950+0000] {datalake_df2csv.py:46} INFO -   - Bucket: thongtin-congty-va-bctc
[2026-04-29T12:51:35.950+0000] {datalake_df2csv.py:47} INFO -   - Object path: daily_price/2026-04-27/batch_125.csv
[2026-04-29T12:51:35.950+0000] {datalake_df2csv.py:48} INFO -   - Connection ID: minio_finance
[2026-04-29T12:51:35.951+0000] {datalake_df2csv.py:49} INFO -   - Tham số truyền vào: {'symbols': ['ALT', 'KCB', 'TCM', 'BSI', 'DNM'], 'start_date': '2026-04-27', 'end_date': '2026-04-28'}
[2026-04-29T12:51:35.951+0000] {datalake_df2csv.py:50} INFO - --------------------------------------------------------------------------------
[2026-04-29T12:51:35.952+0000] {datalake_df2csv.py:54} INFO - 📥 Bước 1: Đang load dữ liệu từ logic file...
[2026-04-29T12:51:35.956+0000] {datalake_df2csv.py:148} INFO -   - Logic directory: /opt/airflow/plugins/logic
[2026-04-29T12:51:35.957+0000] {datalake_df2csv.py:149} INFO -   - Module path: /opt/airflow/plugins/logic/history_price.py
[2026-04-29T12:51:35.958+0000] {datalake_df2csv.py:153} INFO -   - Đã thêm logic directory vào sys.path
[2026-04-29T12:51:35.959+0000] {datalake_df2csv.py:159} INFO -   - Đang load module 'history_price'...
[2026-04-29T12:51:35.964+0000] {datalake_df2csv.py:163} INFO -   - ✅ Module loaded thành công
[2026-04-29T12:51:35.965+0000] {datalake_df2csv.py:165} INFO -   - Đang tìm DataFrame/function: 'get_history_price_batch'...
[2026-04-29T12:51:35.966+0000] {datalake_df2csv.py:170} INFO -   - ✅ Tìm thấy object: function
[2026-04-29T12:51:35.966+0000] {datalake_df2csv.py:173} INFO -   - Đang gọi function với tham số: {'symbols': ['ALT', 'KCB', 'TCM', 'BSI', 'DNM'], 'start_date': '2026-04-27', 'end_date': '2026-04-28'}
[2026-04-29T12:51:48.308+0000] {log.py:232} WARNING - 2026-04-29 12:51:48 - vnstock.core.utils.client - ERROR - API request failed: HTTPSConnectionPool(host='trading.vietcap.com.vn', port=443): Max retries exceeded with url: /api/chart/OHLCChart/gap-chart (Caused by NameResolutionError("<urllib3.connection.HTTPSConnection object at 0x7f9a8156b1a0>: Failed to resolve 'trading.vietcap.com.vn' ([Errno -3] Temporary failure in name resolution)"))
[2026-04-29T12:51:48.165+0000] {client.py:297} ERROR - API request failed: HTTPSConnectionPool(host='trading.vietcap.com.vn', port=443): Max retries exceeded with url: /api/chart/OHLCChart/gap-chart (Caused by NameResolutionError("<urllib3.connection.HTTPSConnection object at 0x7f9a8156b1a0>: Failed to resolve 'trading.vietcap.com.vn' ([Errno -3] Temporary failure in name resolution)"))
[2026-04-29T12:51:54.078+0000] {datalake_df2csv.py:68} INFO - ✅ Load dữ liệu thành công!
[2026-04-29T12:51:54.079+0000] {datalake_df2csv.py:69} INFO - 📊 Thông tin DataFrame:
[2026-04-29T12:51:54.080+0000] {datalake_df2csv.py:70} INFO -   - Số dòng: 20
[2026-04-29T12:51:54.082+0000] {datalake_df2csv.py:71} INFO -   - Số cột: 7
[2026-04-29T12:51:54.084+0000] {datalake_df2csv.py:72} INFO -   - Tên các cột: ['ticker', 'trading_date', 'open', 'high', 'low', 'close', 'volume']
[2026-04-29T12:51:54.086+0000] {datalake_df2csv.py:73} INFO -   - Kiểu dữ liệu: {'ticker': 'object', 'trading_date': 'object', 'open': 'float64', 'high': 'float64', 'low': 'float64', 'close': 'float64', 'volume': 'int64'}
[2026-04-29T12:51:54.092+0000] {datalake_df2csv.py:74} INFO -   - Bộ nhớ sử dụng: 0.00 MB
[2026-04-29T12:51:54.095+0000] {datalake_df2csv.py:83} INFO -   - Không có giá trị NULL
[2026-04-29T12:51:54.096+0000] {datalake_df2csv.py:86} INFO -   - Mẫu dữ liệu (5 dòng đầu):
[2026-04-29T12:51:54.097+0000] {datalake_df2csv.py:88} INFO -     Row 0: {'ticker': 'ALT', 'trading_date': '2026-04-16', 'open': 12.5, 'high': 12.5, 'low': 12.3, 'close': 12.3, 'volume': 300}
[2026-04-29T12:51:54.098+0000] {datalake_df2csv.py:88} INFO -     Row 1: {'ticker': 'ALT', 'trading_date': '2026-04-20', 'open': 13.0, 'high': 13.0, 'low': 13.0, 'close': 13.0, 'volume': 100}
[2026-04-29T12:51:54.099+0000] {datalake_df2csv.py:88} INFO -     Row 2: {'ticker': 'ALT', 'trading_date': '2026-04-21', 'open': 13.4, 'high': 13.4, 'low': 13.4, 'close': 13.4, 'volume': 100}
[2026-04-29T12:51:54.100+0000] {datalake_df2csv.py:88} INFO -     Row 3: {'ticker': 'ALT', 'trading_date': '2026-04-24', 'open': 12.1, 'high': 13.0, 'low': 12.1, 'close': 13.0, 'volume': 800}
[2026-04-29T12:51:54.101+0000] {datalake_df2csv.py:88} INFO -     Row 4: {'ticker': 'KCB', 'trading_date': '2026-04-23', 'open': 12.3, 'high': 12.4, 'low': 11.9, 'close': 12.2, 'volume': 77500}
[2026-04-29T12:51:54.102+0000] {datalake_df2csv.py:90} INFO - --------------------------------------------------------------------------------
[2026-04-29T12:51:54.103+0000] {datalake_df2csv.py:93} INFO - 📝 Bước 2: Đang chuyển đổi DataFrame sang CSV...
[2026-04-29T12:51:54.112+0000] {datalake_df2csv.py:97} INFO - ✅ Chuyển đổi CSV thành công!
[2026-04-29T12:51:54.113+0000] {datalake_df2csv.py:98} INFO -   - Kích thước file: 0.00 MB
[2026-04-29T12:51:54.114+0000] {datalake_df2csv.py:99} INFO -   - Thời gian chuyển đổi: 0.01 giây
[2026-04-29T12:51:54.114+0000] {datalake_df2csv.py:100} INFO - --------------------------------------------------------------------------------
[2026-04-29T12:51:54.115+0000] {datalake_df2csv.py:103} INFO - ☁️  Bước 3: Đang upload lên MinIO/S3...
[2026-04-29T12:51:54.132+0000] {base.py:84} INFO - Using connection ID 'minio_finance' for task execution.
[2026-04-29T12:51:54.133+0000] {connection_wrapper.py:384} INFO - AWS Connection (conn_id='minio_finance', conn_type='aws') credentials retrieved from login and password.
[2026-04-29T12:51:55.124+0000] {datalake_df2csv.py:112} INFO -   - Bucket 'thongtin-congty-va-bctc' đã tồn tại
[2026-04-29T12:51:55.189+0000] {datalake_df2csv.py:117} INFO - ✅ Upload thành công!
[2026-04-29T12:51:55.190+0000] {datalake_df2csv.py:118} INFO -   - Đường dẫn: s3://thongtin-congty-va-bctc/daily_price/2026-04-27/batch_125.csv
[2026-04-29T12:51:55.190+0000] {datalake_df2csv.py:119} INFO -   - Số dòng: 20
[2026-04-29T12:51:55.191+0000] {datalake_df2csv.py:120} INFO -   - Thời gian upload: 1.07 giây
[2026-04-29T12:51:55.191+0000] {datalake_df2csv.py:121} INFO - --------------------------------------------------------------------------------
[2026-04-29T12:51:55.192+0000] {datalake_df2csv.py:125} INFO - 📈 TỔNG KẾT:
[2026-04-29T12:51:55.192+0000] {datalake_df2csv.py:126} INFO -   - Tổng thời gian thực thi: 19.24 giây
[2026-04-29T12:51:55.194+0000] {datalake_df2csv.py:127} INFO -   - Tốc độ xử lý: 1 dòng/giây
[2026-04-29T12:51:55.194+0000] {datalake_df2csv.py:128} INFO - ================================================================================
[2026-04-29T12:51:55.195+0000] {datalake_df2csv.py:129} INFO - ✅ HOÀN THÀNH TASK: ingest_daily_price
[2026-04-29T12:51:55.195+0000] {datalake_df2csv.py:130} INFO - ================================================================================
[2026-04-29T12:51:55.196+0000] {taskinstance.py:441} INFO - ::group::Post task execution logs
[2026-04-29T12:51:55.214+0000] {taskinstance.py:1206} INFO - Marking task as SUCCESS. dag_id=daily_price, task_id=ingest_daily_price, run_id=scheduled__2026-04-27T16:00:00+00:00, map_index=125, execution_date=20260427T160000, start_date=20260429T125135, end_date=20260429T125155
[2026-04-29T12:51:55.298+0000] {local_task_job_runner.py:243} INFO - Task exited with return code 0
[2026-04-29T12:51:55.323+0000] {taskinstance.py:3503} INFO - 0 downstream tasks scheduled from follow-on schedule check
[2026-04-29T12:51:55.331+0000] {local_task_job_runner.py:222} INFO - ::endgroup::
