[2026-03-01T02:22:34.606+0000] {local_task_job_runner.py:120} INFO - ::group::Pre task execution logs
[2026-03-01T02:22:34.685+0000] {taskinstance.py:2076} INFO - Dependencies all met for dep_context=non-requeueable deps ti=<TaskInstance: financial_ratios.ingest_financial_ratios scheduled__2026-02-22T02:00:00+00:00 map_index=379 [queued]>
[2026-03-01T02:22:34.972+0000] {taskinstance.py:2076} INFO - Dependencies all met for dep_context=requeueable deps ti=<TaskInstance: financial_ratios.ingest_financial_ratios scheduled__2026-02-22T02:00:00+00:00 map_index=379 [queued]>
[2026-03-01T02:22:34.973+0000] {taskinstance.py:2306} INFO - Starting attempt 2 of 2
[2026-03-01T02:22:34.996+0000] {taskinstance.py:2330} INFO - Executing <Mapped(DfToCsvOperator): ingest_financial_ratios> on 2026-02-22 02:00:00+00:00
[2026-03-01T02:22:35.012+0000] {warnings.py:112} WARNING - This process (pid=1952) is multi-threaded, use of fork() may lead to deadlocks in the child.

[2026-03-01T02:22:35.013+0000] {standard_task_runner.py:64} INFO - Started process 1968 to run task
[2026-03-01T02:22:35.016+0000] {standard_task_runner.py:90} INFO - Running: ['***', 'tasks', 'run', 'financial_ratios', 'ingest_financial_ratios', 'scheduled__2026-02-22T02:00:00+00:00', '--job-id', '29577', '--raw', '--subdir', 'DAGS_FOLDER/dl_financial_ratios.py', '--cfg-path', '/tmp/tmplv0aek8n', '--map-index', '379']
[2026-03-01T02:22:35.022+0000] {standard_task_runner.py:91} INFO - Job 29577: Subtask ingest_financial_ratios
[2026-03-01T02:22:35.106+0000] {task_command.py:426} INFO - Running <TaskInstance: financial_ratios.ingest_financial_ratios scheduled__2026-02-22T02:00:00+00:00 map_index=379 [running]> on host 96b0f4865b54
[2026-03-01T02:22:35.332+0000] {taskinstance.py:2648} INFO - Exporting env vars: AIRFLOW_CTX_DAG_OWNER='***' AIRFLOW_CTX_DAG_ID='financial_ratios' AIRFLOW_CTX_TASK_ID='ingest_financial_ratios' AIRFLOW_CTX_EXECUTION_DATE='2026-02-22T02:00:00+00:00' AIRFLOW_CTX_TRY_NUMBER='2' AIRFLOW_CTX_DAG_RUN_ID='scheduled__2026-02-22T02:00:00+00:00'
[2026-03-01T02:22:35.333+0000] {taskinstance.py:430} INFO - ::endgroup::
[2026-03-01T02:22:35.334+0000] {datalake_df2csv.py:40} INFO - ================================================================================
[2026-03-01T02:22:35.335+0000] {datalake_df2csv.py:41} INFO - 🚀 BẮT ĐẦU TASK: ingest_financial_ratios
[2026-03-01T02:22:35.335+0000] {datalake_df2csv.py:42} INFO - ================================================================================
[2026-03-01T02:22:35.336+0000] {datalake_df2csv.py:43} INFO - 📋 Thông tin cấu hình:
[2026-03-01T02:22:35.336+0000] {datalake_df2csv.py:44} INFO -   - Logic file: financial_ratios
[2026-03-01T02:22:35.337+0000] {datalake_df2csv.py:45} INFO -   - DataFrame name: get_financial_ratios_batch
[2026-03-01T02:22:35.337+0000] {datalake_df2csv.py:46} INFO -   - Bucket: thongtin-congty-va-bctc
[2026-03-01T02:22:35.338+0000] {datalake_df2csv.py:47} INFO -   - Object path: financial_ratios/2026-02-22/batch_379.csv
[2026-03-01T02:22:35.338+0000] {datalake_df2csv.py:48} INFO -   - Connection ID: minio_finance
[2026-03-01T02:22:35.338+0000] {datalake_df2csv.py:49} INFO -   - Tham số truyền vào: {'symbols': ['NAC', 'CIP'], 'period': 'quarter'}
[2026-03-01T02:22:35.339+0000] {datalake_df2csv.py:50} INFO - --------------------------------------------------------------------------------
[2026-03-01T02:22:35.340+0000] {datalake_df2csv.py:54} INFO - 📥 Bước 1: Đang load dữ liệu từ logic file...
[2026-03-01T02:22:35.357+0000] {datalake_df2csv.py:148} INFO -   - Logic directory: /opt/airflow/plugins/logic
[2026-03-01T02:22:35.359+0000] {datalake_df2csv.py:149} INFO -   - Module path: /opt/airflow/plugins/logic/financial_ratios.py
[2026-03-01T02:22:35.360+0000] {datalake_df2csv.py:153} INFO -   - Đã thêm logic directory vào sys.path
[2026-03-01T02:22:35.363+0000] {datalake_df2csv.py:159} INFO -   - Đang load module 'financial_ratios'...
[2026-03-01T02:22:35.369+0000] {datalake_df2csv.py:163} INFO -   - ✅ Module loaded thành công
[2026-03-01T02:22:35.370+0000] {datalake_df2csv.py:165} INFO -   - Đang tìm DataFrame/function: 'get_financial_ratios_batch'...
[2026-03-01T02:22:35.371+0000] {datalake_df2csv.py:170} INFO -   - ✅ Tìm thấy object: function
[2026-03-01T02:22:35.372+0000] {datalake_df2csv.py:173} INFO -   - Đang gọi function với tham số: {'symbols': ['NAC', 'CIP'], 'period': 'quarter'}
[2026-03-01T02:22:35.373+0000] {logging_mixin.py:188} INFO - [RATIO] Bắt đầu xử lý batch 2 mã: ['NAC', 'CIP']
[2026-03-01T02:22:35.373+0000] {logging_mixin.py:188} INFO - [RATIO] Kỳ dữ liệu: quarter
[2026-03-01T02:22:35.374+0000] {logging_mixin.py:188} INFO -  >> [RATIO] Đang lấy dữ liệu: NAC
[2026-03-01T02:22:41.423+0000] {logging_mixin.py:188} INFO - ❌ Lỗi NAC: RetryError[<Future at 0x7f9f2381a450 state=finished raised KeyError>]
[2026-03-01T02:22:41.425+0000] {logging_mixin.py:188} INFO -  ⚠️ [RATIO] NAC: No data from API
[2026-03-01T02:22:43.426+0000] {logging_mixin.py:188} INFO -  >> [RATIO] Đang lấy dữ liệu: CIP
[2026-03-01T02:22:48.628+0000] {logging_mixin.py:188} INFO - ❌ Lỗi CIP: RetryError[<Future at 0x7f9f23536cc0 state=finished raised KeyError>]
[2026-03-01T02:22:48.630+0000] {logging_mixin.py:188} INFO -  ⚠️ [RATIO] CIP: No data from API
[2026-03-01T02:22:50.632+0000] {logging_mixin.py:188} INFO -  ⚠ [RATIO] Batch này không thu được dữ liệu nào.
[2026-03-01T02:22:50.633+0000] {datalake_df2csv.py:58} WARNING - ⚠️  DataFrame rỗng hoặc None
[2026-03-01T02:22:50.634+0000] {datalake_df2csv.py:59} INFO - 📊 Thông tin DataFrame:
[2026-03-01T02:22:50.634+0000] {datalake_df2csv.py:60} INFO -   - Số dòng: 0
[2026-03-01T02:22:50.635+0000] {datalake_df2csv.py:61} INFO -   - Kết luận: Bỏ qua upload CSV
[2026-03-01T02:22:50.636+0000] {datalake_df2csv.py:62} INFO - ================================================================================
[2026-03-01T02:22:50.636+0000] {datalake_df2csv.py:63} INFO - ✅ KẾT THÚC TASK (không có dữ liệu): ingest_financial_ratios
[2026-03-01T02:22:50.637+0000] {datalake_df2csv.py:64} INFO - ================================================================================
[2026-03-01T02:22:50.638+0000] {taskinstance.py:441} INFO - ::group::Post task execution logs
[2026-03-01T02:22:50.651+0000] {taskinstance.py:1206} INFO - Marking task as SUCCESS. dag_id=financial_ratios, task_id=ingest_financial_ratios, run_id=scheduled__2026-02-22T02:00:00+00:00, map_index=379, execution_date=20260222T020000, start_date=20260301T022234, end_date=20260301T022250
[2026-03-01T02:22:50.705+0000] {local_task_job_runner.py:243} INFO - Task exited with return code 0
[2026-03-01T02:22:50.723+0000] {taskinstance.py:3503} INFO - 0 downstream tasks scheduled from follow-on schedule check
[2026-03-01T02:22:50.727+0000] {local_task_job_runner.py:222} INFO - ::endgroup::
