[2026-02-26T13:46:33.907+0000] {local_task_job_runner.py:120} INFO - ::group::Pre task execution logs
[2026-02-26T13:46:33.939+0000] {taskinstance.py:2076} INFO - Dependencies all met for dep_context=non-requeueable deps ti=<TaskInstance: daily_price.ingest_daily_price scheduled__2026-02-24T16:00:00+00:00 map_index=7 [queued]>
[2026-02-26T13:46:33.956+0000] {taskinstance.py:2076} INFO - Dependencies all met for dep_context=requeueable deps ti=<TaskInstance: daily_price.ingest_daily_price scheduled__2026-02-24T16:00:00+00:00 map_index=7 [queued]>
[2026-02-26T13:46:33.956+0000] {taskinstance.py:2306} INFO - Starting attempt 1 of 2
[2026-02-26T13:46:34.024+0000] {taskinstance.py:2330} INFO - Executing <Mapped(DfToCsvOperator): ingest_daily_price> on 2026-02-24 16:00:00+00:00
[2026-02-26T13:46:34.034+0000] {warnings.py:112} WARNING - This process (pid=308) is multi-threaded, use of fork() may lead to deadlocks in the child.

[2026-02-26T13:46:34.035+0000] {standard_task_runner.py:64} INFO - Started process 357 to run task
[2026-02-26T13:46:34.037+0000] {standard_task_runner.py:90} INFO - Running: ['***', 'tasks', 'run', 'daily_price', 'ingest_daily_price', 'scheduled__2026-02-24T16:00:00+00:00', '--job-id', '26921', '--raw', '--subdir', 'DAGS_FOLDER/dl_dailly_price.py', '--cfg-path', '/tmp/tmpqzdb0jpq', '--map-index', '7']
[2026-02-26T13:46:34.040+0000] {standard_task_runner.py:91} INFO - Job 26921: Subtask ingest_daily_price
[2026-02-26T13:46:34.095+0000] {task_command.py:426} INFO - Running <TaskInstance: daily_price.ingest_daily_price scheduled__2026-02-24T16:00:00+00:00 map_index=7 [running]> on host 3712393133aa
[2026-02-26T13:46:34.224+0000] {taskinstance.py:2648} INFO - Exporting env vars: AIRFLOW_CTX_DAG_OWNER='***' AIRFLOW_CTX_DAG_ID='daily_price' AIRFLOW_CTX_TASK_ID='ingest_daily_price' AIRFLOW_CTX_EXECUTION_DATE='2026-02-24T16:00:00+00:00' AIRFLOW_CTX_TRY_NUMBER='1' AIRFLOW_CTX_DAG_RUN_ID='scheduled__2026-02-24T16:00:00+00:00'
[2026-02-26T13:46:34.225+0000] {taskinstance.py:430} INFO - ::endgroup::
[2026-02-26T13:46:34.226+0000] {datalake_df2csv.py:40} INFO - ================================================================================
[2026-02-26T13:46:34.226+0000] {datalake_df2csv.py:41} INFO - 🚀 BẮT ĐẦU TASK: ingest_daily_price
[2026-02-26T13:46:34.226+0000] {datalake_df2csv.py:42} INFO - ================================================================================
[2026-02-26T13:46:34.227+0000] {datalake_df2csv.py:43} INFO - 📋 Thông tin cấu hình:
[2026-02-26T13:46:34.227+0000] {datalake_df2csv.py:44} INFO -   - Logic file: history_price
[2026-02-26T13:46:34.228+0000] {datalake_df2csv.py:45} INFO -   - DataFrame name: get_history_price_batch
[2026-02-26T13:46:34.228+0000] {datalake_df2csv.py:46} INFO -   - Bucket: thongtin-congty-va-bctc
[2026-02-26T13:46:34.229+0000] {datalake_df2csv.py:47} INFO -   - Object path: daily_price/2026-02-24/batch_7.csv
[2026-02-26T13:46:34.229+0000] {datalake_df2csv.py:48} INFO -   - Connection ID: minio_finance
[2026-02-26T13:46:34.230+0000] {datalake_df2csv.py:49} INFO -   - Tham số truyền vào: {'symbols': ['BTG', 'PIV', 'RGG', 'PDB', 'VTO'], 'start_date': '2026-02-24', 'end_date': '2026-02-25'}
[2026-02-26T13:46:34.230+0000] {datalake_df2csv.py:50} INFO - --------------------------------------------------------------------------------
[2026-02-26T13:46:34.231+0000] {datalake_df2csv.py:54} INFO - 📥 Bước 1: Đang load dữ liệu từ logic file...
[2026-02-26T13:46:34.234+0000] {datalake_df2csv.py:148} INFO -   - Logic directory: /opt/airflow/plugins/logic
[2026-02-26T13:46:34.235+0000] {datalake_df2csv.py:149} INFO -   - Module path: /opt/airflow/plugins/logic/history_price.py
[2026-02-26T13:46:34.235+0000] {datalake_df2csv.py:153} INFO -   - Đã thêm logic directory vào sys.path
[2026-02-26T13:46:34.237+0000] {datalake_df2csv.py:159} INFO -   - Đang load module 'history_price'...
[2026-02-26T13:46:34.241+0000] {datalake_df2csv.py:163} INFO -   - ✅ Module loaded thành công
[2026-02-26T13:46:34.242+0000] {datalake_df2csv.py:165} INFO -   - Đang tìm DataFrame/function: 'get_history_price_batch'...
[2026-02-26T13:46:34.242+0000] {datalake_df2csv.py:170} INFO -   - ✅ Tìm thấy object: function
[2026-02-26T13:46:34.243+0000] {datalake_df2csv.py:173} INFO -   - Đang gọi function với tham số: {'symbols': ['BTG', 'PIV', 'RGG', 'PDB', 'VTO'], 'start_date': '2026-02-24', 'end_date': '2026-02-25'}
[2026-02-26T13:46:39.667+0000] {datalake_df2csv.py:68} INFO - ✅ Load dữ liệu thành công!
[2026-02-26T13:46:39.668+0000] {datalake_df2csv.py:69} INFO - 📊 Thông tin DataFrame:
[2026-02-26T13:46:39.669+0000] {datalake_df2csv.py:70} INFO -   - Số dòng: 20
[2026-02-26T13:46:39.676+0000] {datalake_df2csv.py:71} INFO -   - Số cột: 7
[2026-02-26T13:46:39.679+0000] {datalake_df2csv.py:72} INFO -   - Tên các cột: ['ticker', 'trading_date', 'open', 'high', 'low', 'close', 'volume']
[2026-02-26T13:46:39.680+0000] {datalake_df2csv.py:73} INFO -   - Kiểu dữ liệu: {'ticker': 'object', 'trading_date': 'object', 'open': 'float64', 'high': 'float64', 'low': 'float64', 'close': 'float64', 'volume': 'int64'}
[2026-02-26T13:46:39.684+0000] {datalake_df2csv.py:74} INFO -   - Bộ nhớ sử dụng: 0.00 MB
[2026-02-26T13:46:39.686+0000] {datalake_df2csv.py:83} INFO -   - Không có giá trị NULL
[2026-02-26T13:46:39.686+0000] {datalake_df2csv.py:86} INFO -   - Mẫu dữ liệu (5 dòng đầu):
[2026-02-26T13:46:39.688+0000] {datalake_df2csv.py:88} INFO -     Row 0: {'ticker': 'BTG', 'trading_date': '2025-11-12', 'open': 8.9, 'high': 8.9, 'low': 8.9, 'close': 8.9, 'volume': 200}
[2026-02-26T13:46:39.688+0000] {datalake_df2csv.py:88} INFO -     Row 1: {'ticker': 'BTG', 'trading_date': '2025-12-03', 'open': 7.6, 'high': 7.6, 'low': 7.6, 'close': 7.6, 'volume': 200}
[2026-02-26T13:46:39.689+0000] {datalake_df2csv.py:88} INFO -     Row 2: {'ticker': 'BTG', 'trading_date': '2026-01-15', 'open': 7.6, 'high': 7.6, 'low': 7.6, 'close': 7.6, 'volume': 31300}
[2026-02-26T13:46:39.690+0000] {datalake_df2csv.py:88} INFO -     Row 3: {'ticker': 'BTG', 'trading_date': '2026-01-19', 'open': 8.7, 'high': 8.7, 'low': 8.7, 'close': 8.7, 'volume': 1200}
[2026-02-26T13:46:39.691+0000] {datalake_df2csv.py:88} INFO -     Row 4: {'ticker': 'PIV', 'trading_date': '2026-02-23', 'open': 9.1, 'high': 9.6, 'low': 8.6, 'close': 9.2, 'volume': 597700}
[2026-02-26T13:46:39.691+0000] {datalake_df2csv.py:90} INFO - --------------------------------------------------------------------------------
[2026-02-26T13:46:39.692+0000] {datalake_df2csv.py:93} INFO - 📝 Bước 2: Đang chuyển đổi DataFrame sang CSV...
[2026-02-26T13:46:39.697+0000] {datalake_df2csv.py:97} INFO - ✅ Chuyển đổi CSV thành công!
[2026-02-26T13:46:39.698+0000] {datalake_df2csv.py:98} INFO -   - Kích thước file: 0.00 MB
[2026-02-26T13:46:39.699+0000] {datalake_df2csv.py:99} INFO -   - Thời gian chuyển đổi: 0.00 giây
[2026-02-26T13:46:39.700+0000] {datalake_df2csv.py:100} INFO - --------------------------------------------------------------------------------
[2026-02-26T13:46:39.700+0000] {datalake_df2csv.py:103} INFO - ☁️  Bước 3: Đang upload lên MinIO/S3...
[2026-02-26T13:46:39.714+0000] {base.py:84} INFO - Using connection ID 'minio_finance' for task execution.
[2026-02-26T13:46:39.718+0000] {connection_wrapper.py:384} INFO - AWS Connection (conn_id='minio_finance', conn_type='aws') credentials retrieved from login and password.
[2026-02-26T13:46:40.564+0000] {datalake_df2csv.py:112} INFO -   - Bucket 'thongtin-congty-va-bctc' đã tồn tại
[2026-02-26T13:46:40.625+0000] {datalake_df2csv.py:117} INFO - ✅ Upload thành công!
[2026-02-26T13:46:40.626+0000] {datalake_df2csv.py:118} INFO -   - Đường dẫn: s3://thongtin-congty-va-bctc/daily_price/2026-02-24/batch_7.csv
[2026-02-26T13:46:40.627+0000] {datalake_df2csv.py:119} INFO -   - Số dòng: 20
[2026-02-26T13:46:40.628+0000] {datalake_df2csv.py:120} INFO -   - Thời gian upload: 0.92 giây
[2026-02-26T13:46:40.629+0000] {datalake_df2csv.py:121} INFO - --------------------------------------------------------------------------------
[2026-02-26T13:46:40.630+0000] {datalake_df2csv.py:125} INFO - 📈 TỔNG KẾT:
[2026-02-26T13:46:40.631+0000] {datalake_df2csv.py:126} INFO -   - Tổng thời gian thực thi: 6.40 giây
[2026-02-26T13:46:40.631+0000] {datalake_df2csv.py:127} INFO -   - Tốc độ xử lý: 3 dòng/giây
[2026-02-26T13:46:40.632+0000] {datalake_df2csv.py:128} INFO - ================================================================================
[2026-02-26T13:46:40.633+0000] {datalake_df2csv.py:129} INFO - ✅ HOÀN THÀNH TASK: ingest_daily_price
[2026-02-26T13:46:40.633+0000] {datalake_df2csv.py:130} INFO - ================================================================================
[2026-02-26T13:46:40.635+0000] {taskinstance.py:441} INFO - ::group::Post task execution logs
[2026-02-26T13:46:40.648+0000] {taskinstance.py:1206} INFO - Marking task as SUCCESS. dag_id=daily_price, task_id=ingest_daily_price, run_id=scheduled__2026-02-24T16:00:00+00:00, map_index=7, execution_date=20260224T160000, start_date=20260226T134633, end_date=20260226T134640
[2026-02-26T13:46:40.749+0000] {local_task_job_runner.py:243} INFO - Task exited with return code 0
[2026-02-26T13:46:40.776+0000] {taskinstance.py:3503} INFO - 0 downstream tasks scheduled from follow-on schedule check
[2026-02-26T13:46:40.783+0000] {local_task_job_runner.py:222} INFO - ::endgroup::
