[2026-02-04T14:19:59.805+0000] {local_task_job_runner.py:120} INFO - ::group::Pre task execution logs
[2026-02-04T14:19:59.863+0000] {taskinstance.py:2076} INFO - Dependencies all met for dep_context=non-requeueable deps ti=<TaskInstance: daily_price_minio.ingest_daily_price scheduled__2026-02-02T16:00:00+00:00 map_index=316 [queued]>
[2026-02-04T14:19:59.906+0000] {taskinstance.py:2076} INFO - Dependencies all met for dep_context=requeueable deps ti=<TaskInstance: daily_price_minio.ingest_daily_price scheduled__2026-02-02T16:00:00+00:00 map_index=316 [queued]>
[2026-02-04T14:19:59.907+0000] {taskinstance.py:2306} INFO - Starting attempt 1 of 2
[2026-02-04T14:19:59.928+0000] {taskinstance.py:2330} INFO - Executing <Mapped(DfToCsvOperator): ingest_daily_price> on 2026-02-02 16:00:00+00:00
[2026-02-04T14:19:59.946+0000] {warnings.py:112} WARNING - This process (pid=5028) is multi-threaded, use of fork() may lead to deadlocks in the child.

[2026-02-04T14:19:59.948+0000] {standard_task_runner.py:64} INFO - Started process 5070 to run task
[2026-02-04T14:19:59.953+0000] {standard_task_runner.py:90} INFO - Running: ['***', 'tasks', 'run', 'daily_price_minio', 'ingest_daily_price', 'scheduled__2026-02-02T16:00:00+00:00', '--job-id', '16678', '--raw', '--subdir', 'DAGS_FOLDER/dl_dailly_price.py', '--cfg-path', '/tmp/tmp_njtz5rr', '--map-index', '316']
[2026-02-04T14:19:59.959+0000] {standard_task_runner.py:91} INFO - Job 16678: Subtask ingest_daily_price
[2026-02-04T14:20:00.055+0000] {task_command.py:426} INFO - Running <TaskInstance: daily_price_minio.ingest_daily_price scheduled__2026-02-02T16:00:00+00:00 map_index=316 [running]> on host 918dbd497d34
[2026-02-04T14:20:00.254+0000] {taskinstance.py:2648} INFO - Exporting env vars: AIRFLOW_CTX_DAG_OWNER='***' AIRFLOW_CTX_DAG_ID='daily_price_minio' AIRFLOW_CTX_TASK_ID='ingest_daily_price' AIRFLOW_CTX_EXECUTION_DATE='2026-02-02T16:00:00+00:00' AIRFLOW_CTX_TRY_NUMBER='1' AIRFLOW_CTX_DAG_RUN_ID='scheduled__2026-02-02T16:00:00+00:00'
[2026-02-04T14:20:00.256+0000] {taskinstance.py:430} INFO - ::endgroup::
[2026-02-04T14:20:03.967+0000] {base.py:84} INFO - Using connection ID 'minio_finance' for task execution.
[2026-02-04T14:20:03.968+0000] {connection_wrapper.py:384} INFO - AWS Connection (conn_id='minio_finance', conn_type='aws') credentials retrieved from login and password.
[2026-02-04T14:20:04.558+0000] {datalake_df2csv.py:52} INFO - ✅ Đã upload 20 dòng -> s3://thongtin-congty-va-bctc/daily_price/2026-02-02/batch_316.csv
[2026-02-04T14:20:04.559+0000] {taskinstance.py:441} INFO - ::group::Post task execution logs
[2026-02-04T14:20:04.572+0000] {taskinstance.py:1206} INFO - Marking task as SUCCESS. dag_id=daily_price_minio, task_id=ingest_daily_price, run_id=scheduled__2026-02-02T16:00:00+00:00, map_index=316, execution_date=20260202T160000, start_date=20260204T141959, end_date=20260204T142004
[2026-02-04T14:20:04.626+0000] {local_task_job_runner.py:243} INFO - Task exited with return code 0
[2026-02-04T14:20:04.646+0000] {taskinstance.py:3503} INFO - 0 downstream tasks scheduled from follow-on schedule check
[2026-02-04T14:20:04.648+0000] {local_task_job_runner.py:222} INFO - ::endgroup::
