[2026-02-05T15:18:31.787+0000] {local_task_job_runner.py:120} INFO - ::group::Pre task execution logs
[2026-02-05T15:18:31.808+0000] {taskinstance.py:2076} INFO - Dependencies all met for dep_context=non-requeueable deps ti=<TaskInstance: bctc_minio.ingest_bctc manual__2026-02-05T15:12:07+00:00 map_index=39 [queued]>
[2026-02-05T15:18:31.817+0000] {taskinstance.py:2076} INFO - Dependencies all met for dep_context=requeueable deps ti=<TaskInstance: bctc_minio.ingest_bctc manual__2026-02-05T15:12:07+00:00 map_index=39 [queued]>
[2026-02-05T15:18:31.818+0000] {taskinstance.py:2306} INFO - Starting attempt 1 of 2
[2026-02-05T15:18:31.833+0000] {taskinstance.py:2330} INFO - Executing <Mapped(DfToCsvOperator): ingest_bctc> on 2026-02-05 15:12:07+00:00
[2026-02-05T15:18:31.842+0000] {warnings.py:112} WARNING - This process (pid=7761) is multi-threaded, use of fork() may lead to deadlocks in the child.

[2026-02-05T15:18:31.844+0000] {standard_task_runner.py:64} INFO - Started process 7780 to run task
[2026-02-05T15:18:31.846+0000] {standard_task_runner.py:90} INFO - Running: ['***', 'tasks', 'run', 'bctc_minio', 'ingest_bctc', 'manual__2026-02-05T15:12:07+00:00', '--job-id', '18580', '--raw', '--subdir', 'DAGS_FOLDER/dl_bctc.py', '--cfg-path', '/tmp/tmprie9ukae', '--map-index', '39']
[2026-02-05T15:18:31.849+0000] {standard_task_runner.py:91} INFO - Job 18580: Subtask ingest_bctc
[2026-02-05T15:18:31.901+0000] {task_command.py:426} INFO - Running <TaskInstance: bctc_minio.ingest_bctc manual__2026-02-05T15:12:07+00:00 map_index=39 [running]> on host f1dca83810e1
[2026-02-05T15:18:32.015+0000] {taskinstance.py:2648} INFO - Exporting env vars: AIRFLOW_CTX_DAG_OWNER='***' AIRFLOW_CTX_DAG_ID='bctc_minio' AIRFLOW_CTX_TASK_ID='ingest_bctc' AIRFLOW_CTX_EXECUTION_DATE='2026-02-05T15:12:07+00:00' AIRFLOW_CTX_TRY_NUMBER='1' AIRFLOW_CTX_DAG_RUN_ID='manual__2026-02-05T15:12:07+00:00'
[2026-02-05T15:18:32.016+0000] {taskinstance.py:430} INFO - ::endgroup::
[2026-02-05T15:18:32.024+0000] {logging_mixin.py:188} INFO - Bắt đầu xử lý batch 20 mã: ['NO1', 'NNT', 'NNQ', 'NNG', 'NNC', 'NLS', 'NLG', 'NKG', 'NJC', 'NHV', 'NHT', 'NHP', 'NHH', 'NHC', 'NHA', 'NGC', 'NFC', 'NET', 'NEM', 'NED']
[2026-02-05T15:18:32.025+0000] {logging_mixin.py:188} INFO -  >> Đang lấy dữ liệu: NO1
[2026-02-05T15:18:32.646+0000] {logging_mixin.py:188} INFO -  Lỗi xử lý mã NO1: Failed to fetch data: 429 - Too Many Requests
[2026-02-05T15:18:32.656+0000] {logging_mixin.py:188} INFO -  >> Đang lấy dữ liệu: NNT
[2026-02-05T15:18:32.968+0000] {logging_mixin.py:188} INFO -  Lỗi xử lý mã NNT: Failed to fetch data: 429 - Too Many Requests
[2026-02-05T15:18:32.974+0000] {logging_mixin.py:188} INFO -  >> Đang lấy dữ liệu: NNQ
[2026-02-05T15:18:37.776+0000] {logging_mixin.py:188} INFO - ❌ Lỗi income_statement: RetryError[<Future at 0x7f54e4e19910 state=finished raised ConnectionError>]
[2026-02-05T15:18:43.729+0000] {logging_mixin.py:188} INFO - ❌ Lỗi balance_sheet: RetryError[<Future at 0x7f54e4bfe840 state=finished raised KeyError>]
[2026-02-05T15:18:49.842+0000] {logging_mixin.py:188} INFO - ❌ Lỗi cash_flow: RetryError[<Future at 0x7f54e4bff290 state=finished raised KeyError>]
[2026-02-05T15:18:53.344+0000] {logging_mixin.py:188} INFO -  >> Đang lấy dữ liệu: NNG
[2026-02-05T15:18:53.625+0000] {logging_mixin.py:188} INFO -  Lỗi xử lý mã NNG: Failed to fetch data: 429 - Too Many Requests
[2026-02-05T15:18:53.627+0000] {logging_mixin.py:188} INFO -  >> Đang lấy dữ liệu: NNC
[2026-02-05T15:19:06.813+0000] {logging_mixin.py:188} INFO -  >> Đang lấy dữ liệu: NLS
[2026-02-05T15:19:07.104+0000] {logging_mixin.py:188} INFO -  Lỗi xử lý mã NLS: Failed to fetch data: 429 - Too Many Requests
[2026-02-05T15:19:07.105+0000] {logging_mixin.py:188} INFO -  >> Đang lấy dữ liệu: NLG
[2026-02-05T15:19:07.228+0000] {logging_mixin.py:188} INFO -  Lỗi xử lý mã NLG: Failed to fetch data: 429 - Too Many Requests
[2026-02-05T15:19:07.229+0000] {logging_mixin.py:188} INFO -  >> Đang lấy dữ liệu: NKG
[2026-02-05T15:19:08.994+0000] {logging_mixin.py:188} INFO -  Lỗi xử lý mã NKG: Failed to fetch data: 429 - Too Many Requests
[2026-02-05T15:19:08.995+0000] {logging_mixin.py:188} INFO -  >> Đang lấy dữ liệu: NJC
[2026-02-05T15:19:22.357+0000] {logging_mixin.py:188} INFO - ❌ Lỗi cash_flow: RetryError[<Future at 0x7f54e4a9e000 state=finished raised ConnectionError>]
[2026-02-05T15:19:25.867+0000] {logging_mixin.py:188} INFO -  >> Đang lấy dữ liệu: NHV
[2026-02-05T15:19:26.203+0000] {logging_mixin.py:188} INFO -  Lỗi xử lý mã NHV: Failed to fetch data: 429 - Too Many Requests
[2026-02-05T15:19:26.204+0000] {logging_mixin.py:188} INFO -  >> Đang lấy dữ liệu: NHT
[2026-02-05T15:19:26.324+0000] {logging_mixin.py:188} INFO -  Lỗi xử lý mã NHT: Failed to fetch data: 429 - Too Many Requests
[2026-02-05T15:19:26.326+0000] {logging_mixin.py:188} INFO -  >> Đang lấy dữ liệu: NHP
[2026-02-05T15:19:26.443+0000] {logging_mixin.py:188} INFO -  Lỗi xử lý mã NHP: Failed to fetch data: 429 - Too Many Requests
[2026-02-05T15:19:26.444+0000] {logging_mixin.py:188} INFO -  >> Đang lấy dữ liệu: NHH
[2026-02-05T15:19:26.567+0000] {logging_mixin.py:188} INFO -  Lỗi xử lý mã NHH: Failed to fetch data: 429 - Too Many Requests
[2026-02-05T15:19:26.568+0000] {logging_mixin.py:188} INFO -  >> Đang lấy dữ liệu: NHC
[2026-02-05T15:19:45.728+0000] {log.py:232} WARNING - 2026-02-05 15:19:45 - vnstock.core.utils.client - ERROR - API request failed: HTTPSConnectionPool(host='trading.vietcap.com.vn', port=443): Max retries exceeded with url: /data-mt/graphql (Caused by NameResolutionError("<urllib3.connection.HTTPSConnection object at 0x7f54e4adeb40>: Failed to resolve 'trading.vietcap.com.vn' ([Errno -3] Temporary failure in name resolution)"))
[2026-02-05T15:19:45.725+0000] {client.py:414} ERROR - API request failed: HTTPSConnectionPool(host='trading.vietcap.com.vn', port=443): Max retries exceeded with url: /data-mt/graphql (Caused by NameResolutionError("<urllib3.connection.HTTPSConnection object at 0x7f54e4adeb40>: Failed to resolve 'trading.vietcap.com.vn' ([Errno -3] Temporary failure in name resolution)"))
[2026-02-05T15:19:53.967+0000] {logging_mixin.py:188} INFO - ❌ Lỗi balance_sheet: RetryError[<Future at 0x7f54e4adcb60 state=finished raised ConnectionError>]
[2026-02-05T15:19:59.800+0000] {logging_mixin.py:188} INFO - ❌ Lỗi cash_flow: RetryError[<Future at 0x7f54e4adc860 state=finished raised ConnectionError>]
[2026-02-05T15:20:03.302+0000] {logging_mixin.py:188} INFO -  >> Đang lấy dữ liệu: NHA
[2026-02-05T15:20:08.059+0000] {logging_mixin.py:188} INFO - ❌ Lỗi income_statement: RetryError[<Future at 0x7f54e4baffe0 state=finished raised ConnectionError>]
[2026-02-05T15:20:20.698+0000] {logging_mixin.py:188} INFO - ❌ Lỗi cash_flow: RetryError[<Future at 0x7f54e4adf590 state=finished raised ConnectionError>]
[2026-02-05T15:20:24.190+0000] {logging_mixin.py:188} INFO -  >> Đang lấy dữ liệu: NGC
[2026-02-05T15:20:30.857+0000] {logging_mixin.py:188} INFO - ❌ Lỗi balance_sheet: RetryError[<Future at 0x7f54e4b29250 state=finished raised ConnectionError>]
[2026-02-05T15:20:36.384+0000] {logging_mixin.py:188} INFO -  >> Đang lấy dữ liệu: NFC
[2026-02-05T15:20:41.654+0000] {log.py:232} WARNING - 2026-02-05 15:20:41 - vnstock.core.utils.client - ERROR - API request failed: HTTPSConnectionPool(host='trading.vietcap.com.vn', port=443): Max retries exceeded with url: /data-mt/graphql (Caused by NameResolutionError("<urllib3.connection.HTTPSConnection object at 0x7f54e4e19c70>: Failed to resolve 'trading.vietcap.com.vn' ([Errno -3] Temporary failure in name resolution)"))
[2026-02-05T15:20:41.653+0000] {client.py:414} ERROR - API request failed: HTTPSConnectionPool(host='trading.vietcap.com.vn', port=443): Max retries exceeded with url: /data-mt/graphql (Caused by NameResolutionError("<urllib3.connection.HTTPSConnection object at 0x7f54e4e19c70>: Failed to resolve 'trading.vietcap.com.vn' ([Errno -3] Temporary failure in name resolution)"))
[2026-02-05T15:20:41.658+0000] {logging_mixin.py:188} INFO -  Lỗi xử lý mã NFC: API request failed: HTTPSConnectionPool(host='trading.vietcap.com.vn', port=443): Max retries exceeded with url: /data-mt/graphql (Caused by NameResolutionError("<urllib3.connection.HTTPSConnection object at 0x7f54e4e19c70>: Failed to resolve 'trading.vietcap.com.vn' ([Errno -3] Temporary failure in name resolution)"))
[2026-02-05T15:20:41.659+0000] {logging_mixin.py:188} INFO -  >> Đang lấy dữ liệu: NET
[2026-02-05T15:20:47.822+0000] {logging_mixin.py:188} INFO - ❌ Lỗi income_statement: RetryError[<Future at 0x7f54e4ac4710 state=finished raised ConnectionError>]
[2026-02-05T15:20:57.699+0000] {logging_mixin.py:188} INFO -  >> Đang lấy dữ liệu: NEM
[2026-02-05T15:20:58.034+0000] {logging_mixin.py:188} INFO -  Lỗi xử lý mã NEM: Failed to fetch data: 429 - Too Many Requests
[2026-02-05T15:20:58.035+0000] {logging_mixin.py:188} INFO -  >> Đang lấy dữ liệu: NED
[2026-02-05T15:21:04.954+0000] {logging_mixin.py:188} INFO - ❌ Lỗi income_statement: RetryError[<Future at 0x7f54e49d2390 state=finished raised ConnectionError>]
[2026-02-05T15:21:11.191+0000] {logging_mixin.py:188} INFO - ❌ Lỗi balance_sheet: RetryError[<Future at 0x7f54e49d2e40 state=finished raised ConnectionError>]
[2026-02-05T15:21:17.255+0000] {logging_mixin.py:188} INFO - ❌ Lỗi cash_flow: RetryError[<Future at 0x7f54e49d3bf0 state=finished raised ConnectionError>]
[2026-02-05T15:21:20.767+0000] {logging_mixin.py:188} INFO -  ✓ Hoàn thành batch. Tổng số dòng: 760
[2026-02-05T15:21:20.968+0000] {base.py:84} INFO - Using connection ID 'minio_finance' for task execution.
[2026-02-05T15:21:20.970+0000] {connection_wrapper.py:384} INFO - AWS Connection (conn_id='minio_finance', conn_type='aws') credentials retrieved from login and password.
[2026-02-05T15:21:22.272+0000] {datalake_df2csv.py:52} INFO - ✅ Đã upload 760 dòng -> s3://thongtin-congty-va-bctc/bctc/2026-02-05/batch_39.csv
[2026-02-05T15:21:22.273+0000] {taskinstance.py:441} INFO - ::group::Post task execution logs
[2026-02-05T15:21:22.290+0000] {taskinstance.py:1206} INFO - Marking task as SUCCESS. dag_id=bctc_minio, task_id=ingest_bctc, run_id=manual__2026-02-05T15:12:07+00:00, map_index=39, execution_date=20260205T151207, start_date=20260205T151831, end_date=20260205T152122
[2026-02-05T15:21:22.427+0000] {local_task_job_runner.py:243} INFO - Task exited with return code 0
[2026-02-05T15:21:22.459+0000] {local_task_job_runner.py:222} INFO - ::endgroup::
