[2026-02-07T00:54:56.585+0000] {local_task_job_runner.py:120} INFO - ::group::Pre task execution logs
[2026-02-07T00:54:56.671+0000] {taskinstance.py:2076} INFO - Dependencies all met for dep_context=non-requeueable deps ti=<TaskInstance: daily_price_minio.ingest_daily_price scheduled__2026-02-04T16:00:00+00:00 map_index=345 [queued]>
[2026-02-07T00:54:56.729+0000] {taskinstance.py:2076} INFO - Dependencies all met for dep_context=requeueable deps ti=<TaskInstance: daily_price_minio.ingest_daily_price scheduled__2026-02-04T16:00:00+00:00 map_index=345 [queued]>
[2026-02-07T00:54:56.730+0000] {taskinstance.py:2306} INFO - Starting attempt 1 of 2
[2026-02-07T00:54:56.768+0000] {taskinstance.py:2330} INFO - Executing <Mapped(DfToCsvOperator): ingest_daily_price> on 2026-02-04 16:00:00+00:00
[2026-02-07T00:54:56.789+0000] {warnings.py:112} WARNING - This process (pid=4476) is multi-threaded, use of fork() may lead to deadlocks in the child.

[2026-02-07T00:54:56.794+0000] {standard_task_runner.py:64} INFO - Started process 4577 to run task
[2026-02-07T00:54:56.808+0000] {standard_task_runner.py:90} INFO - Running: ['***', 'tasks', 'run', 'daily_price_minio', 'ingest_daily_price', 'scheduled__2026-02-04T16:00:00+00:00', '--job-id', '19086', '--raw', '--subdir', 'DAGS_FOLDER/dl_dailly_price.py', '--cfg-path', '/tmp/tmp1uwh9hap', '--map-index', '345']
[2026-02-07T00:54:56.821+0000] {standard_task_runner.py:91} INFO - Job 19086: Subtask ingest_daily_price
[2026-02-07T00:54:56.945+0000] {task_command.py:426} INFO - Running <TaskInstance: daily_price_minio.ingest_daily_price scheduled__2026-02-04T16:00:00+00:00 map_index=345 [running]> on host 92ec87cbc427
[2026-02-07T00:54:57.450+0000] {taskinstance.py:2648} INFO - Exporting env vars: AIRFLOW_CTX_DAG_OWNER='***' AIRFLOW_CTX_DAG_ID='daily_price_minio' AIRFLOW_CTX_TASK_ID='ingest_daily_price' AIRFLOW_CTX_EXECUTION_DATE='2026-02-04T16:00:00+00:00' AIRFLOW_CTX_TRY_NUMBER='1' AIRFLOW_CTX_DAG_RUN_ID='scheduled__2026-02-04T16:00:00+00:00'
[2026-02-07T00:54:57.453+0000] {taskinstance.py:430} INFO - ::endgroup::
[2026-02-07T00:55:01.457+0000] {base.py:84} INFO - Using connection ID 'minio_finance' for task execution.
[2026-02-07T00:55:01.459+0000] {connection_wrapper.py:384} INFO - AWS Connection (conn_id='minio_finance', conn_type='aws') credentials retrieved from login and password.
[2026-02-07T00:55:02.711+0000] {datalake_df2csv.py:52} INFO - ✅ Đã upload 20 dòng -> s3://thongtin-congty-va-bctc/daily_price/2026-02-04/batch_345.csv
[2026-02-07T00:55:02.713+0000] {taskinstance.py:441} INFO - ::group::Post task execution logs
[2026-02-07T00:55:02.732+0000] {taskinstance.py:1206} INFO - Marking task as SUCCESS. dag_id=daily_price_minio, task_id=ingest_daily_price, run_id=scheduled__2026-02-04T16:00:00+00:00, map_index=345, execution_date=20260204T160000, start_date=20260207T005456, end_date=20260207T005502
[2026-02-07T00:55:02.937+0000] {local_task_job_runner.py:243} INFO - Task exited with return code 0
[2026-02-07T00:55:02.959+0000] {taskinstance.py:3503} INFO - 0 downstream tasks scheduled from follow-on schedule check
[2026-02-07T00:55:02.963+0000] {local_task_job_runner.py:222} INFO - ::endgroup::
