[2026-02-04T15:39:03.238+0000] {local_task_job_runner.py:120} INFO - ::group::Pre task execution logs
[2026-02-04T15:39:03.369+0000] {taskinstance.py:2076} INFO - Dependencies all met for dep_context=non-requeueable deps ti=<TaskInstance: financial_ratios_minio.ingest_financial_ratios manual__2026-02-04T14:54:19+00:00 map_index=760 [queued]>
[2026-02-04T15:39:03.475+0000] {taskinstance.py:2076} INFO - Dependencies all met for dep_context=requeueable deps ti=<TaskInstance: financial_ratios_minio.ingest_financial_ratios manual__2026-02-04T14:54:19+00:00 map_index=760 [queued]>
[2026-02-04T15:39:03.476+0000] {taskinstance.py:2306} INFO - Starting attempt 1 of 2
[2026-02-04T15:39:03.500+0000] {taskinstance.py:2330} INFO - Executing <Mapped(DfToCsvOperator): ingest_financial_ratios> on 2026-02-04 14:54:19+00:00
[2026-02-04T15:39:03.516+0000] {warnings.py:112} WARNING - This process (pid=12749) is multi-threaded, use of fork() may lead to deadlocks in the child.

[2026-02-04T15:39:03.518+0000] {standard_task_runner.py:64} INFO - Started process 12853 to run task
[2026-02-04T15:39:03.522+0000] {standard_task_runner.py:90} INFO - Running: ['***', 'tasks', 'run', 'financial_ratios_minio', 'ingest_financial_ratios', 'manual__2026-02-04T14:54:19+00:00', '--job-id', '18012', '--raw', '--subdir', 'DAGS_FOLDER/dl_financial_ratios.py', '--cfg-path', '/tmp/tmpzl8bnbqc', '--map-index', '760']
[2026-02-04T15:39:03.526+0000] {standard_task_runner.py:91} INFO - Job 18012: Subtask ingest_financial_ratios
[2026-02-04T15:39:03.606+0000] {task_command.py:426} INFO - Running <TaskInstance: financial_ratios_minio.ingest_financial_ratios manual__2026-02-04T14:54:19+00:00 map_index=760 [running]> on host 918dbd497d34
[2026-02-04T15:39:03.795+0000] {taskinstance.py:2648} INFO - Exporting env vars: AIRFLOW_CTX_DAG_OWNER='***' AIRFLOW_CTX_DAG_ID='financial_ratios_minio' AIRFLOW_CTX_TASK_ID='ingest_financial_ratios' AIRFLOW_CTX_EXECUTION_DATE='2026-02-04T14:54:19+00:00' AIRFLOW_CTX_TRY_NUMBER='1' AIRFLOW_CTX_DAG_RUN_ID='manual__2026-02-04T14:54:19+00:00'
[2026-02-04T15:39:03.798+0000] {taskinstance.py:430} INFO - ::endgroup::
[2026-02-04T15:39:03.813+0000] {logging_mixin.py:188} INFO - [RATIO] Bắt đầu xử lý batch 2 mã: ['CDN', 'CDH']
[2026-02-04T15:39:03.814+0000] {logging_mixin.py:188} INFO - [RATIO] Kỳ dữ liệu: quarter
[2026-02-04T15:39:03.815+0000] {logging_mixin.py:188} INFO -  >> [RATIO] Đang lấy dữ liệu: CDN
[2026-02-04T15:39:04.742+0000] {logging_mixin.py:188} INFO -  ✓ [RATIO] CDN: 44 rows
[2026-02-04T15:39:06.814+0000] {logging_mixin.py:188} INFO -  >> [RATIO] Đang lấy dữ liệu: CDH
[2026-02-04T15:39:11.632+0000] {logging_mixin.py:188} INFO - ❌ Lỗi CDH: RetryError[<Future at 0x7f63db14cc20 state=finished raised KeyError>]
[2026-02-04T15:39:11.645+0000] {logging_mixin.py:188} INFO -  ⚠️ [RATIO] CDH: No data from API
[2026-02-04T15:39:13.657+0000] {logging_mixin.py:188} INFO -  ✅ [RATIO] Hoàn thành batch. Tổng số dòng: 44
[2026-02-04T15:39:13.715+0000] {base.py:84} INFO - Using connection ID 'minio_finance' for task execution.
[2026-02-04T15:39:13.717+0000] {connection_wrapper.py:384} INFO - AWS Connection (conn_id='minio_finance', conn_type='aws') credentials retrieved from login and password.
[2026-02-04T15:39:14.644+0000] {datalake_df2csv.py:52} INFO - ✅ Đã upload 44 dòng -> s3://thongtin-congty-va-bctc/financial_ratios/2026-02-04/batch_760.csv
[2026-02-04T15:39:14.645+0000] {taskinstance.py:441} INFO - ::group::Post task execution logs
[2026-02-04T15:39:14.655+0000] {taskinstance.py:1206} INFO - Marking task as SUCCESS. dag_id=financial_ratios_minio, task_id=ingest_financial_ratios, run_id=manual__2026-02-04T14:54:19+00:00, map_index=760, execution_date=20260204T145419, start_date=20260204T153903, end_date=20260204T153914
[2026-02-04T15:39:14.718+0000] {local_task_job_runner.py:243} INFO - Task exited with return code 0
[2026-02-04T15:39:14.734+0000] {taskinstance.py:3503} INFO - 0 downstream tasks scheduled from follow-on schedule check
[2026-02-04T15:39:14.738+0000] {local_task_job_runner.py:222} INFO - ::endgroup::
