[2026-02-12T15:13:54.850+0000] {local_task_job_runner.py:120} INFO - ::group::Pre task execution logs
[2026-02-12T15:13:54.935+0000] {taskinstance.py:2076} INFO - Dependencies all met for dep_context=non-requeueable deps ti=<TaskInstance: daily_price_minio.ingest_daily_price scheduled__2026-02-10T16:00:00+00:00 map_index=219 [queued]>
[2026-02-12T15:13:54.985+0000] {taskinstance.py:2076} INFO - Dependencies all met for dep_context=requeueable deps ti=<TaskInstance: daily_price_minio.ingest_daily_price scheduled__2026-02-10T16:00:00+00:00 map_index=219 [queued]>
[2026-02-12T15:13:54.988+0000] {taskinstance.py:2306} INFO - Starting attempt 1 of 2
[2026-02-12T15:13:55.027+0000] {taskinstance.py:2330} INFO - Executing <Mapped(DfToCsvOperator): ingest_daily_price> on 2026-02-10 16:00:00+00:00
[2026-02-12T15:13:55.045+0000] {warnings.py:112} WARNING - This process (pid=10698) is multi-threaded, use of fork() may lead to deadlocks in the child.

[2026-02-12T15:13:55.047+0000] {standard_task_runner.py:64} INFO - Started process 10739 to run task
[2026-02-12T15:13:55.052+0000] {standard_task_runner.py:90} INFO - Running: ['***', 'tasks', 'run', 'daily_price_minio', 'ingest_daily_price', 'scheduled__2026-02-10T16:00:00+00:00', '--job-id', '21521', '--raw', '--subdir', 'DAGS_FOLDER/dl_dailly_price.py', '--cfg-path', '/tmp/tmpl9dft6y2', '--map-index', '219']
[2026-02-12T15:13:55.058+0000] {standard_task_runner.py:91} INFO - Job 21521: Subtask ingest_daily_price
[2026-02-12T15:13:55.162+0000] {task_command.py:426} INFO - Running <TaskInstance: daily_price_minio.ingest_daily_price scheduled__2026-02-10T16:00:00+00:00 map_index=219 [running]> on host fe54ecce8de4
[2026-02-12T15:13:55.631+0000] {taskinstance.py:2648} INFO - Exporting env vars: AIRFLOW_CTX_DAG_OWNER='***' AIRFLOW_CTX_DAG_ID='daily_price_minio' AIRFLOW_CTX_TASK_ID='ingest_daily_price' AIRFLOW_CTX_EXECUTION_DATE='2026-02-10T16:00:00+00:00' AIRFLOW_CTX_TRY_NUMBER='1' AIRFLOW_CTX_DAG_RUN_ID='scheduled__2026-02-10T16:00:00+00:00'
[2026-02-12T15:13:55.632+0000] {taskinstance.py:430} INFO - ::endgroup::
[2026-02-12T15:13:55.632+0000] {datalake_df2csv.py:40} INFO - ================================================================================
[2026-02-12T15:13:55.633+0000] {datalake_df2csv.py:41} INFO - 🚀 BẮT ĐẦU TASK: ingest_daily_price
[2026-02-12T15:13:55.633+0000] {datalake_df2csv.py:42} INFO - ================================================================================
[2026-02-12T15:13:55.634+0000] {datalake_df2csv.py:43} INFO - 📋 Thông tin cấu hình:
[2026-02-12T15:13:55.634+0000] {datalake_df2csv.py:44} INFO -   - Logic file: history_price
[2026-02-12T15:13:55.634+0000] {datalake_df2csv.py:45} INFO -   - DataFrame name: get_history_price_batch
[2026-02-12T15:13:55.635+0000] {datalake_df2csv.py:46} INFO -   - Bucket: thongtin-congty-va-bctc
[2026-02-12T15:13:55.635+0000] {datalake_df2csv.py:47} INFO -   - Object path: daily_price/2026-02-10/batch_219.csv
[2026-02-12T15:13:55.636+0000] {datalake_df2csv.py:48} INFO -   - Connection ID: minio_finance
[2026-02-12T15:13:55.636+0000] {datalake_df2csv.py:49} INFO -   - Tham số truyền vào: {'symbols': ['NTH', 'PVD', 'NVB', 'VE8', 'SBL'], 'start_date': '2026-02-10', 'end_date': '2026-02-11'}
[2026-02-12T15:13:55.636+0000] {datalake_df2csv.py:50} INFO - --------------------------------------------------------------------------------
[2026-02-12T15:13:55.637+0000] {datalake_df2csv.py:54} INFO - 📥 Bước 1: Đang load dữ liệu từ logic file...
[2026-02-12T15:13:55.640+0000] {datalake_df2csv.py:148} INFO -   - Logic directory: /opt/airflow/plugins/logic
[2026-02-12T15:13:55.641+0000] {datalake_df2csv.py:149} INFO -   - Module path: /opt/airflow/plugins/logic/history_price.py
[2026-02-12T15:13:55.641+0000] {datalake_df2csv.py:153} INFO -   - Đã thêm logic directory vào sys.path
[2026-02-12T15:13:55.644+0000] {datalake_df2csv.py:159} INFO -   - Đang load module 'history_price'...
[2026-02-12T15:13:55.648+0000] {datalake_df2csv.py:163} INFO -   - ✅ Module loaded thành công
[2026-02-12T15:13:55.649+0000] {datalake_df2csv.py:165} INFO -   - Đang tìm DataFrame/function: 'get_history_price_batch'...
[2026-02-12T15:13:55.649+0000] {datalake_df2csv.py:170} INFO -   - ✅ Tìm thấy object: function
[2026-02-12T15:13:55.650+0000] {datalake_df2csv.py:173} INFO -   - Đang gọi function với tham số: {'symbols': ['NTH', 'PVD', 'NVB', 'VE8', 'SBL'], 'start_date': '2026-02-10', 'end_date': '2026-02-11'}
[2026-02-12T15:14:00.364+0000] {datalake_df2csv.py:68} INFO - ✅ Load dữ liệu thành công!
[2026-02-12T15:14:00.367+0000] {datalake_df2csv.py:69} INFO - 📊 Thông tin DataFrame:
[2026-02-12T15:14:00.368+0000] {datalake_df2csv.py:70} INFO -   - Số dòng: 20
[2026-02-12T15:14:00.370+0000] {datalake_df2csv.py:71} INFO -   - Số cột: 7
[2026-02-12T15:14:00.377+0000] {datalake_df2csv.py:72} INFO -   - Tên các cột: ['ticker', 'trading_date', 'open', 'high', 'low', 'close', 'volume']
[2026-02-12T15:14:00.381+0000] {datalake_df2csv.py:73} INFO -   - Kiểu dữ liệu: {'ticker': 'object', 'trading_date': 'object', 'open': 'float64', 'high': 'float64', 'low': 'float64', 'close': 'float64', 'volume': 'int64'}
[2026-02-12T15:14:00.388+0000] {datalake_df2csv.py:74} INFO -   - Bộ nhớ sử dụng: 0.00 MB
[2026-02-12T15:14:00.404+0000] {datalake_df2csv.py:83} INFO -   - Không có giá trị NULL
[2026-02-12T15:14:00.405+0000] {datalake_df2csv.py:86} INFO -   - Mẫu dữ liệu (5 dòng đầu):
[2026-02-12T15:14:00.406+0000] {datalake_df2csv.py:88} INFO -     Row 0: {'ticker': 'NTH', 'trading_date': '2026-01-20', 'open': 57.0, 'high': 57.0, 'low': 57.0, 'close': 57.0, 'volume': 200}
[2026-02-12T15:14:00.410+0000] {datalake_df2csv.py:88} INFO -     Row 1: {'ticker': 'NTH', 'trading_date': '2026-01-22', 'open': 56.0, 'high': 56.0, 'low': 56.0, 'close': 56.0, 'volume': 100}
[2026-02-12T15:14:00.411+0000] {datalake_df2csv.py:88} INFO -     Row 2: {'ticker': 'NTH', 'trading_date': '2026-02-03', 'open': 58.0, 'high': 58.0, 'low': 58.0, 'close': 58.0, 'volume': 600}
[2026-02-12T15:14:00.413+0000] {datalake_df2csv.py:88} INFO -     Row 3: {'ticker': 'NTH', 'trading_date': '2026-02-12', 'open': 52.2, 'high': 52.2, 'low': 52.2, 'close': 52.2, 'volume': 100}
[2026-02-12T15:14:00.414+0000] {datalake_df2csv.py:88} INFO -     Row 4: {'ticker': 'PVD', 'trading_date': '2026-02-09', 'open': 33.15, 'high': 34.0, 'low': 32.8, 'close': 34.0, 'volume': 6444700}
[2026-02-12T15:14:00.415+0000] {datalake_df2csv.py:90} INFO - --------------------------------------------------------------------------------
[2026-02-12T15:14:00.417+0000] {datalake_df2csv.py:93} INFO - 📝 Bước 2: Đang chuyển đổi DataFrame sang CSV...
[2026-02-12T15:14:00.424+0000] {datalake_df2csv.py:97} INFO - ✅ Chuyển đổi CSV thành công!
[2026-02-12T15:14:00.431+0000] {datalake_df2csv.py:98} INFO -   - Kích thước file: 0.00 MB
[2026-02-12T15:14:00.439+0000] {datalake_df2csv.py:99} INFO -   - Thời gian chuyển đổi: 0.01 giây
[2026-02-12T15:14:00.450+0000] {datalake_df2csv.py:100} INFO - --------------------------------------------------------------------------------
[2026-02-12T15:14:00.474+0000] {datalake_df2csv.py:103} INFO - ☁️  Bước 3: Đang upload lên MinIO/S3...
[2026-02-12T15:14:00.516+0000] {base.py:84} INFO - Using connection ID 'minio_finance' for task execution.
[2026-02-12T15:14:00.531+0000] {connection_wrapper.py:384} INFO - AWS Connection (conn_id='minio_finance', conn_type='aws') credentials retrieved from login and password.
[2026-02-12T15:14:01.843+0000] {datalake_df2csv.py:112} INFO -   - Bucket 'thongtin-congty-va-bctc' đã tồn tại
[2026-02-12T15:14:02.122+0000] {datalake_df2csv.py:117} INFO - ✅ Upload thành công!
[2026-02-12T15:14:02.123+0000] {datalake_df2csv.py:118} INFO -   - Đường dẫn: s3://thongtin-congty-va-bctc/daily_price/2026-02-10/batch_219.csv
[2026-02-12T15:14:02.126+0000] {datalake_df2csv.py:119} INFO -   - Số dòng: 20
[2026-02-12T15:14:02.127+0000] {datalake_df2csv.py:120} INFO -   - Thời gian upload: 1.64 giây
[2026-02-12T15:14:02.128+0000] {datalake_df2csv.py:121} INFO - --------------------------------------------------------------------------------
[2026-02-12T15:14:02.128+0000] {datalake_df2csv.py:125} INFO - 📈 TỔNG KẾT:
[2026-02-12T15:14:02.132+0000] {datalake_df2csv.py:126} INFO -   - Tổng thời gian thực thi: 6.50 giây
[2026-02-12T15:14:02.133+0000] {datalake_df2csv.py:127} INFO -   - Tốc độ xử lý: 3 dòng/giây
[2026-02-12T15:14:02.133+0000] {datalake_df2csv.py:128} INFO - ================================================================================
[2026-02-12T15:14:02.136+0000] {datalake_df2csv.py:129} INFO - ✅ HOÀN THÀNH TASK: ingest_daily_price
[2026-02-12T15:14:02.138+0000] {datalake_df2csv.py:130} INFO - ================================================================================
[2026-02-12T15:14:02.141+0000] {taskinstance.py:441} INFO - ::group::Post task execution logs
[2026-02-12T15:14:02.168+0000] {taskinstance.py:1206} INFO - Marking task as SUCCESS. dag_id=daily_price_minio, task_id=ingest_daily_price, run_id=scheduled__2026-02-10T16:00:00+00:00, map_index=219, execution_date=20260210T160000, start_date=20260212T151354, end_date=20260212T151402
[2026-02-12T15:14:02.313+0000] {local_task_job_runner.py:243} INFO - Task exited with return code 0
[2026-02-12T15:14:02.349+0000] {taskinstance.py:3503} INFO - 0 downstream tasks scheduled from follow-on schedule check
[2026-02-12T15:14:02.353+0000] {local_task_job_runner.py:222} INFO - ::endgroup::
