[2026-03-28T13:44:36.098+0000] {local_task_job_runner.py:120} INFO - ::group::Pre task execution logs
[2026-03-28T13:44:36.204+0000] {taskinstance.py:2076} INFO - Dependencies all met for dep_context=non-requeueable deps ti=<TaskInstance: daily_price.ingest_daily_price scheduled__2026-03-26T16:00:00+00:00 map_index=300 [queued]>
[2026-03-28T13:44:36.290+0000] {taskinstance.py:2076} INFO - Dependencies all met for dep_context=requeueable deps ti=<TaskInstance: daily_price.ingest_daily_price scheduled__2026-03-26T16:00:00+00:00 map_index=300 [queued]>
[2026-03-28T13:44:36.291+0000] {taskinstance.py:2306} INFO - Starting attempt 1 of 2
[2026-03-28T13:44:36.328+0000] {taskinstance.py:2330} INFO - Executing <Mapped(DfToCsvOperator): ingest_daily_price> on 2026-03-26 16:00:00+00:00
[2026-03-28T13:44:36.346+0000] {warnings.py:112} WARNING - This process (pid=3245) is multi-threaded, use of fork() may lead to deadlocks in the child.

[2026-03-28T13:44:36.350+0000] {standard_task_runner.py:64} INFO - Started process 3286 to run task
[2026-03-28T13:44:36.352+0000] {standard_task_runner.py:90} INFO - Running: ['***', 'tasks', 'run', 'daily_price', 'ingest_daily_price', 'scheduled__2026-03-26T16:00:00+00:00', '--job-id', '37458', '--raw', '--subdir', 'DAGS_FOLDER/dl_dailly_price.py', '--cfg-path', '/tmp/tmp0nzgnmt9', '--map-index', '300']
[2026-03-28T13:44:36.359+0000] {standard_task_runner.py:91} INFO - Job 37458: Subtask ingest_daily_price
[2026-03-28T13:44:36.482+0000] {task_command.py:426} INFO - Running <TaskInstance: daily_price.ingest_daily_price scheduled__2026-03-26T16:00:00+00:00 map_index=300 [running]> on host 83216daccec9
[2026-03-28T13:44:37.377+0000] {taskinstance.py:2648} INFO - Exporting env vars: AIRFLOW_CTX_DAG_OWNER='***' AIRFLOW_CTX_DAG_ID='daily_price' AIRFLOW_CTX_TASK_ID='ingest_daily_price' AIRFLOW_CTX_EXECUTION_DATE='2026-03-26T16:00:00+00:00' AIRFLOW_CTX_TRY_NUMBER='1' AIRFLOW_CTX_DAG_RUN_ID='scheduled__2026-03-26T16:00:00+00:00'
[2026-03-28T13:44:37.381+0000] {taskinstance.py:430} INFO - ::endgroup::
[2026-03-28T13:44:37.390+0000] {datalake_df2csv.py:40} INFO - ================================================================================
[2026-03-28T13:44:37.390+0000] {datalake_df2csv.py:41} INFO - 🚀 BẮT ĐẦU TASK: ingest_daily_price
[2026-03-28T13:44:37.392+0000] {datalake_df2csv.py:42} INFO - ================================================================================
[2026-03-28T13:44:37.393+0000] {datalake_df2csv.py:43} INFO - 📋 Thông tin cấu hình:
[2026-03-28T13:44:37.394+0000] {datalake_df2csv.py:44} INFO -   - Logic file: history_price
[2026-03-28T13:44:37.400+0000] {datalake_df2csv.py:45} INFO -   - DataFrame name: get_history_price_batch
[2026-03-28T13:44:37.402+0000] {datalake_df2csv.py:46} INFO -   - Bucket: thongtin-congty-va-bctc
[2026-03-28T13:44:37.403+0000] {datalake_df2csv.py:47} INFO -   - Object path: daily_price/2026-03-26/batch_300.csv
[2026-03-28T13:44:37.406+0000] {datalake_df2csv.py:48} INFO -   - Connection ID: minio_finance
[2026-03-28T13:44:37.406+0000] {datalake_df2csv.py:49} INFO -   - Tham số truyền vào: {'symbols': ['VDN', 'FIC', 'NTP', 'AMV', 'TCO'], 'start_date': '2026-03-26', 'end_date': '2026-03-27'}
[2026-03-28T13:44:37.407+0000] {datalake_df2csv.py:50} INFO - --------------------------------------------------------------------------------
[2026-03-28T13:44:37.408+0000] {datalake_df2csv.py:54} INFO - 📥 Bước 1: Đang load dữ liệu từ logic file...
[2026-03-28T13:44:37.416+0000] {datalake_df2csv.py:148} INFO -   - Logic directory: /opt/airflow/plugins/logic
[2026-03-28T13:44:37.418+0000] {datalake_df2csv.py:149} INFO -   - Module path: /opt/airflow/plugins/logic/history_price.py
[2026-03-28T13:44:37.418+0000] {datalake_df2csv.py:153} INFO -   - Đã thêm logic directory vào sys.path
[2026-03-28T13:44:37.423+0000] {datalake_df2csv.py:159} INFO -   - Đang load module 'history_price'...
[2026-03-28T13:44:37.433+0000] {datalake_df2csv.py:163} INFO -   - ✅ Module loaded thành công
[2026-03-28T13:44:37.434+0000] {datalake_df2csv.py:165} INFO -   - Đang tìm DataFrame/function: 'get_history_price_batch'...
[2026-03-28T13:44:37.435+0000] {datalake_df2csv.py:170} INFO -   - ✅ Tìm thấy object: function
[2026-03-28T13:44:37.436+0000] {datalake_df2csv.py:173} INFO -   - Đang gọi function với tham số: {'symbols': ['VDN', 'FIC', 'NTP', 'AMV', 'TCO'], 'start_date': '2026-03-26', 'end_date': '2026-03-27'}
[2026-03-28T13:44:44.230+0000] {datalake_df2csv.py:68} INFO - ✅ Load dữ liệu thành công!
[2026-03-28T13:44:44.242+0000] {datalake_df2csv.py:69} INFO - 📊 Thông tin DataFrame:
[2026-03-28T13:44:44.246+0000] {datalake_df2csv.py:70} INFO -   - Số dòng: 15
[2026-03-28T13:44:44.257+0000] {datalake_df2csv.py:71} INFO -   - Số cột: 7
[2026-03-28T13:44:44.261+0000] {datalake_df2csv.py:72} INFO -   - Tên các cột: ['ticker', 'trading_date', 'open', 'high', 'low', 'close', 'volume']
[2026-03-28T13:44:44.265+0000] {datalake_df2csv.py:73} INFO -   - Kiểu dữ liệu: {'ticker': 'object', 'trading_date': 'object', 'open': 'float64', 'high': 'float64', 'low': 'float64', 'close': 'float64', 'volume': 'int64'}
[2026-03-28T13:44:44.270+0000] {datalake_df2csv.py:74} INFO -   - Bộ nhớ sử dụng: 0.00 MB
[2026-03-28T13:44:44.277+0000] {datalake_df2csv.py:83} INFO -   - Không có giá trị NULL
[2026-03-28T13:44:44.277+0000] {datalake_df2csv.py:86} INFO -   - Mẫu dữ liệu (5 dòng đầu):
[2026-03-28T13:44:44.281+0000] {datalake_df2csv.py:88} INFO -     Row 0: {'ticker': 'VDN', 'trading_date': '2026-03-05', 'open': 31.5, 'high': 31.5, 'low': 31.5, 'close': 31.5, 'volume': 100}
[2026-03-28T13:44:44.301+0000] {datalake_df2csv.py:88} INFO -     Row 1: {'ticker': 'VDN', 'trading_date': '2026-03-06', 'open': 26.8, 'high': 26.8, 'low': 26.8, 'close': 26.8, 'volume': 100}
[2026-03-28T13:44:44.317+0000] {datalake_df2csv.py:88} INFO -     Row 2: {'ticker': 'VDN', 'trading_date': '2026-03-13', 'open': 26.0, 'high': 26.0, 'low': 26.0, 'close': 26.0, 'volume': 100}
[2026-03-28T13:44:44.329+0000] {datalake_df2csv.py:88} INFO -     Row 3: {'ticker': 'FIC', 'trading_date': '2026-03-25', 'open': 20.5, 'high': 22.0, 'low': 19.8, 'close': 21.9, 'volume': 44900}
[2026-03-28T13:44:44.333+0000] {datalake_df2csv.py:88} INFO -     Row 4: {'ticker': 'FIC', 'trading_date': '2026-03-26', 'open': 22.1, 'high': 22.4, 'low': 19.7, 'close': 20.6, 'volume': 22500}
[2026-03-28T13:44:44.342+0000] {datalake_df2csv.py:90} INFO - --------------------------------------------------------------------------------
[2026-03-28T13:44:44.345+0000] {datalake_df2csv.py:93} INFO - 📝 Bước 2: Đang chuyển đổi DataFrame sang CSV...
[2026-03-28T13:44:44.362+0000] {datalake_df2csv.py:97} INFO - ✅ Chuyển đổi CSV thành công!
[2026-03-28T13:44:44.374+0000] {datalake_df2csv.py:98} INFO -   - Kích thước file: 0.00 MB
[2026-03-28T13:44:44.377+0000] {datalake_df2csv.py:99} INFO -   - Thời gian chuyển đổi: 0.02 giây
[2026-03-28T13:44:44.379+0000] {datalake_df2csv.py:100} INFO - --------------------------------------------------------------------------------
[2026-03-28T13:44:44.383+0000] {datalake_df2csv.py:103} INFO - ☁️  Bước 3: Đang upload lên MinIO/S3...
[2026-03-28T13:44:44.421+0000] {base.py:84} INFO - Using connection ID 'minio_finance' for task execution.
[2026-03-28T13:44:44.433+0000] {connection_wrapper.py:384} INFO - AWS Connection (conn_id='minio_finance', conn_type='aws') credentials retrieved from login and password.
[2026-03-28T13:44:48.469+0000] {datalake_df2csv.py:112} INFO -   - Bucket 'thongtin-congty-va-bctc' đã tồn tại
[2026-03-28T13:44:48.992+0000] {datalake_df2csv.py:117} INFO - ✅ Upload thành công!
[2026-03-28T13:44:48.995+0000] {datalake_df2csv.py:118} INFO -   - Đường dẫn: s3://thongtin-congty-va-bctc/daily_price/2026-03-26/batch_300.csv
[2026-03-28T13:44:48.996+0000] {datalake_df2csv.py:119} INFO -   - Số dòng: 15
[2026-03-28T13:44:49.000+0000] {datalake_df2csv.py:120} INFO -   - Thời gian upload: 4.61 giây
[2026-03-28T13:44:49.001+0000] {datalake_df2csv.py:121} INFO - --------------------------------------------------------------------------------
[2026-03-28T13:44:49.002+0000] {datalake_df2csv.py:125} INFO - 📈 TỔNG KẾT:
[2026-03-28T13:44:49.004+0000] {datalake_df2csv.py:126} INFO -   - Tổng thời gian thực thi: 11.61 giây
[2026-03-28T13:44:49.006+0000] {datalake_df2csv.py:127} INFO -   - Tốc độ xử lý: 1 dòng/giây
[2026-03-28T13:44:49.011+0000] {datalake_df2csv.py:128} INFO - ================================================================================
[2026-03-28T13:44:49.014+0000] {datalake_df2csv.py:129} INFO - ✅ HOÀN THÀNH TASK: ingest_daily_price
[2026-03-28T13:44:49.017+0000] {datalake_df2csv.py:130} INFO - ================================================================================
[2026-03-28T13:44:49.019+0000] {taskinstance.py:441} INFO - ::group::Post task execution logs
[2026-03-28T13:44:49.049+0000] {taskinstance.py:1206} INFO - Marking task as SUCCESS. dag_id=daily_price, task_id=ingest_daily_price, run_id=scheduled__2026-03-26T16:00:00+00:00, map_index=300, execution_date=20260326T160000, start_date=20260328T134436, end_date=20260328T134449
[2026-03-28T13:44:49.229+0000] {local_task_job_runner.py:243} INFO - Task exited with return code 0
[2026-03-28T13:44:49.288+0000] {taskinstance.py:3503} INFO - 0 downstream tasks scheduled from follow-on schedule check
[2026-03-28T13:44:49.306+0000] {local_task_job_runner.py:222} INFO - ::endgroup::
