[2026-04-23T13:47:28.655+0000] {local_task_job_runner.py:120} INFO - ::group::Pre task execution logs
[2026-04-23T13:47:28.682+0000] {taskinstance.py:2076} INFO - Dependencies all met for dep_context=non-requeueable deps ti=<TaskInstance: minio_to_db_sync.sync_overview scheduled__2026-04-22T03:00:00+00:00 [queued]>
[2026-04-23T13:47:28.708+0000] {taskinstance.py:2076} INFO - Dependencies all met for dep_context=requeueable deps ti=<TaskInstance: minio_to_db_sync.sync_overview scheduled__2026-04-22T03:00:00+00:00 [queued]>
[2026-04-23T13:47:28.709+0000] {taskinstance.py:2306} INFO - Starting attempt 1 of 3
[2026-04-23T13:47:28.753+0000] {taskinstance.py:2330} INFO - Executing <Task(_PythonDecoratedOperator): sync_overview> on 2026-04-22 03:00:00+00:00
[2026-04-23T13:47:28.771+0000] {warnings.py:112} WARNING - This process (pid=71) is multi-threaded, use of fork() may lead to deadlocks in the child.

[2026-04-23T13:47:28.781+0000] {standard_task_runner.py:64} INFO - Started process 104 to run task
[2026-04-23T13:47:28.779+0000] {standard_task_runner.py:90} INFO - Running: ['***', 'tasks', 'run', 'minio_to_db_sync', 'sync_overview', 'scheduled__2026-04-22T03:00:00+00:00', '--job-id', '44269', '--raw', '--subdir', 'DAGS_FOLDER/minio_to_db_sync.py', '--cfg-path', '/tmp/tmpigmx1gnw']
[2026-04-23T13:47:28.798+0000] {standard_task_runner.py:91} INFO - Job 44269: Subtask sync_overview
[2026-04-23T13:47:29.044+0000] {task_command.py:426} INFO - Running <TaskInstance: minio_to_db_sync.sync_overview scheduled__2026-04-22T03:00:00+00:00 [running]> on host df0317362dff
[2026-04-23T13:47:29.738+0000] {taskinstance.py:2648} INFO - Exporting env vars: AIRFLOW_CTX_DAG_OWNER='***' AIRFLOW_CTX_DAG_ID='minio_to_db_sync' AIRFLOW_CTX_TASK_ID='sync_overview' AIRFLOW_CTX_EXECUTION_DATE='2026-04-22T03:00:00+00:00' AIRFLOW_CTX_TRY_NUMBER='1' AIRFLOW_CTX_DAG_RUN_ID='scheduled__2026-04-22T03:00:00+00:00'
[2026-04-23T13:47:29.742+0000] {taskinstance.py:430} INFO - ::endgroup::
[2026-04-23T13:47:29.757+0000] {logging_mixin.py:188} INFO - ======================================================================
[2026-04-23T13:47:29.761+0000] {logging_mixin.py:188} INFO - 📊 SYNC COMPANY OVERVIEW TO DATABASE
[2026-04-23T13:47:29.761+0000] {logging_mixin.py:188} INFO - ======================================================================
[2026-04-23T13:47:29.762+0000] {logging_mixin.py:188} INFO - 
[1/4] Finding latest partition...
[2026-04-23T13:47:29.791+0000] {base.py:84} INFO - Using connection ID 'minio_finance' for task execution.
[2026-04-23T13:47:29.793+0000] {connection_wrapper.py:384} INFO - AWS Connection (conn_id='minio_finance', conn_type='aws') credentials retrieved from login and password.
[2026-04-23T13:50:02.836+0000] {logging_mixin.py:188} INFO - 📂 Scanning 1511 objects in thongtin-congty-va-bctc/overview/
[2026-04-23T13:50:02.923+0000] {logging_mixin.py:188} INFO - 📅 Found 13 valid date partition(s): ['2025-12-30', '2026-01-01', '2026-01-04', '2026-01-11', '2026-01-12', '2026-01-13', '2026-01-15', '2026-01-18', '2026-01-19', '2026-02-01', '2026-02-08', '2026-02-15', '2026-02-22']
[2026-04-23T13:50:02.924+0000] {logging_mixin.py:188} INFO - ✅ Latest partition selected: overview/2026-02-22/
[2026-04-23T13:50:02.925+0000] {logging_mixin.py:188} INFO - 
[2/4] Reading CSV files...
[2026-04-23T13:50:02.982+0000] {base.py:84} INFO - Using connection ID 'minio_finance' for task execution.
[2026-04-23T13:50:02.989+0000] {connection_wrapper.py:384} INFO - AWS Connection (conn_id='minio_finance', conn_type='aws') credentials retrieved from login and password.
[2026-04-23T13:50:05.343+0000] {logging_mixin.py:188} INFO - ✓ Found 50 CSV files in thongtin-congty-va-bctc/overview/2026-02-22/
[2026-04-23T13:50:05.365+0000] {base.py:84} INFO - Using connection ID 'minio_finance' for task execution.
[2026-04-23T13:50:05.369+0000] {connection_wrapper.py:384} INFO - AWS Connection (conn_id='minio_finance', conn_type='aws') credentials retrieved from login and password.
[2026-04-23T13:50:05.712+0000] {logging_mixin.py:188} INFO - ✓ Read 18 rows from overview/2026-02-22/batch_0.csv
[2026-04-23T13:50:05.733+0000] {base.py:84} INFO - Using connection ID 'minio_finance' for task execution.
[2026-04-23T13:50:05.734+0000] {connection_wrapper.py:384} INFO - AWS Connection (conn_id='minio_finance', conn_type='aws') credentials retrieved from login and password.
[2026-04-23T13:50:06.053+0000] {logging_mixin.py:188} INFO - ✓ Read 17 rows from overview/2026-02-22/batch_1.csv
[2026-04-23T13:50:06.069+0000] {base.py:84} INFO - Using connection ID 'minio_finance' for task execution.
[2026-04-23T13:50:06.071+0000] {connection_wrapper.py:384} INFO - AWS Connection (conn_id='minio_finance', conn_type='aws') credentials retrieved from login and password.
[2026-04-23T13:50:06.327+0000] {logging_mixin.py:188} INFO - ✓ Read 18 rows from overview/2026-02-22/batch_10.csv
[2026-04-23T13:50:06.351+0000] {base.py:84} INFO - Using connection ID 'minio_finance' for task execution.
[2026-04-23T13:50:06.360+0000] {connection_wrapper.py:384} INFO - AWS Connection (conn_id='minio_finance', conn_type='aws') credentials retrieved from login and password.
[2026-04-23T13:50:06.708+0000] {logging_mixin.py:188} INFO - ✓ Read 17 rows from overview/2026-02-22/batch_11.csv
[2026-04-23T13:50:06.727+0000] {base.py:84} INFO - Using connection ID 'minio_finance' for task execution.
[2026-04-23T13:50:06.729+0000] {connection_wrapper.py:384} INFO - AWS Connection (conn_id='minio_finance', conn_type='aws') credentials retrieved from login and password.
[2026-04-23T13:50:06.978+0000] {logging_mixin.py:188} INFO - ✓ Read 18 rows from overview/2026-02-22/batch_12.csv
[2026-04-23T13:50:06.998+0000] {base.py:84} INFO - Using connection ID 'minio_finance' for task execution.
[2026-04-23T13:50:07.000+0000] {connection_wrapper.py:384} INFO - AWS Connection (conn_id='minio_finance', conn_type='aws') credentials retrieved from login and password.
[2026-04-23T13:50:07.248+0000] {logging_mixin.py:188} INFO - ✓ Read 17 rows from overview/2026-02-22/batch_13.csv
[2026-04-23T13:50:07.263+0000] {base.py:84} INFO - Using connection ID 'minio_finance' for task execution.
[2026-04-23T13:50:07.267+0000] {connection_wrapper.py:384} INFO - AWS Connection (conn_id='minio_finance', conn_type='aws') credentials retrieved from login and password.
[2026-04-23T13:50:07.485+0000] {logging_mixin.py:188} INFO - ✓ Read 17 rows from overview/2026-02-22/batch_14.csv
[2026-04-23T13:50:07.498+0000] {base.py:84} INFO - Using connection ID 'minio_finance' for task execution.
[2026-04-23T13:50:07.499+0000] {connection_wrapper.py:384} INFO - AWS Connection (conn_id='minio_finance', conn_type='aws') credentials retrieved from login and password.
[2026-04-23T13:50:07.721+0000] {logging_mixin.py:188} INFO - ✓ Read 17 rows from overview/2026-02-22/batch_15.csv
[2026-04-23T13:50:07.736+0000] {base.py:84} INFO - Using connection ID 'minio_finance' for task execution.
[2026-04-23T13:50:07.739+0000] {connection_wrapper.py:384} INFO - AWS Connection (conn_id='minio_finance', conn_type='aws') credentials retrieved from login and password.
[2026-04-23T13:50:08.016+0000] {logging_mixin.py:188} INFO - ✓ Read 19 rows from overview/2026-02-22/batch_16.csv
[2026-04-23T13:50:08.037+0000] {base.py:84} INFO - Using connection ID 'minio_finance' for task execution.
[2026-04-23T13:50:08.038+0000] {connection_wrapper.py:384} INFO - AWS Connection (conn_id='minio_finance', conn_type='aws') credentials retrieved from login and password.
[2026-04-23T13:50:08.273+0000] {logging_mixin.py:188} INFO - ✓ Read 19 rows from overview/2026-02-22/batch_18.csv
[2026-04-23T13:50:08.287+0000] {base.py:84} INFO - Using connection ID 'minio_finance' for task execution.
[2026-04-23T13:50:08.290+0000] {connection_wrapper.py:384} INFO - AWS Connection (conn_id='minio_finance', conn_type='aws') credentials retrieved from login and password.
[2026-04-23T13:50:09.259+0000] {logging_mixin.py:188} INFO - ✓ Read 20 rows from overview/2026-02-22/batch_19.csv
[2026-04-23T13:50:09.273+0000] {base.py:84} INFO - Using connection ID 'minio_finance' for task execution.
[2026-04-23T13:50:09.275+0000] {connection_wrapper.py:384} INFO - AWS Connection (conn_id='minio_finance', conn_type='aws') credentials retrieved from login and password.
[2026-04-23T13:50:09.453+0000] {logging_mixin.py:188} INFO - ✓ Read 16 rows from overview/2026-02-22/batch_2.csv
[2026-04-23T13:50:09.466+0000] {base.py:84} INFO - Using connection ID 'minio_finance' for task execution.
[2026-04-23T13:50:09.467+0000] {connection_wrapper.py:384} INFO - AWS Connection (conn_id='minio_finance', conn_type='aws') credentials retrieved from login and password.
[2026-04-23T13:50:09.687+0000] {logging_mixin.py:188} INFO - ✓ Read 20 rows from overview/2026-02-22/batch_20.csv
[2026-04-23T13:50:09.699+0000] {base.py:84} INFO - Using connection ID 'minio_finance' for task execution.
[2026-04-23T13:50:09.701+0000] {connection_wrapper.py:384} INFO - AWS Connection (conn_id='minio_finance', conn_type='aws') credentials retrieved from login and password.
[2026-04-23T13:50:09.961+0000] {logging_mixin.py:188} INFO - ✓ Read 20 rows from overview/2026-02-22/batch_21.csv
[2026-04-23T13:50:09.975+0000] {base.py:84} INFO - Using connection ID 'minio_finance' for task execution.
[2026-04-23T13:50:09.977+0000] {connection_wrapper.py:384} INFO - AWS Connection (conn_id='minio_finance', conn_type='aws') credentials retrieved from login and password.
[2026-04-23T13:50:10.171+0000] {logging_mixin.py:188} INFO - ✓ Read 20 rows from overview/2026-02-22/batch_22.csv
[2026-04-23T13:50:10.182+0000] {base.py:84} INFO - Using connection ID 'minio_finance' for task execution.
[2026-04-23T13:50:10.184+0000] {connection_wrapper.py:384} INFO - AWS Connection (conn_id='minio_finance', conn_type='aws') credentials retrieved from login and password.
[2026-04-23T13:50:10.397+0000] {logging_mixin.py:188} INFO - ✓ Read 20 rows from overview/2026-02-22/batch_24.csv
[2026-04-23T13:50:10.412+0000] {base.py:84} INFO - Using connection ID 'minio_finance' for task execution.
[2026-04-23T13:50:10.416+0000] {connection_wrapper.py:384} INFO - AWS Connection (conn_id='minio_finance', conn_type='aws') credentials retrieved from login and password.
[2026-04-23T13:50:10.611+0000] {logging_mixin.py:188} INFO - ✓ Read 19 rows from overview/2026-02-22/batch_26.csv
[2026-04-23T13:50:10.623+0000] {base.py:84} INFO - Using connection ID 'minio_finance' for task execution.
[2026-04-23T13:50:10.625+0000] {connection_wrapper.py:384} INFO - AWS Connection (conn_id='minio_finance', conn_type='aws') credentials retrieved from login and password.
[2026-04-23T13:50:10.850+0000] {logging_mixin.py:188} INFO - ✓ Read 20 rows from overview/2026-02-22/batch_28.csv
[2026-04-23T13:50:10.867+0000] {base.py:84} INFO - Using connection ID 'minio_finance' for task execution.
[2026-04-23T13:50:10.870+0000] {connection_wrapper.py:384} INFO - AWS Connection (conn_id='minio_finance', conn_type='aws') credentials retrieved from login and password.
[2026-04-23T13:50:11.118+0000] {logging_mixin.py:188} INFO - ✓ Read 20 rows from overview/2026-02-22/batch_29.csv
[2026-04-23T13:50:11.130+0000] {base.py:84} INFO - Using connection ID 'minio_finance' for task execution.
[2026-04-23T13:50:11.131+0000] {connection_wrapper.py:384} INFO - AWS Connection (conn_id='minio_finance', conn_type='aws') credentials retrieved from login and password.
[2026-04-23T13:50:11.394+0000] {logging_mixin.py:188} INFO - ✓ Read 18 rows from overview/2026-02-22/batch_3.csv
[2026-04-23T13:50:11.417+0000] {base.py:84} INFO - Using connection ID 'minio_finance' for task execution.
[2026-04-23T13:50:11.421+0000] {connection_wrapper.py:384} INFO - AWS Connection (conn_id='minio_finance', conn_type='aws') credentials retrieved from login and password.
[2026-04-23T13:50:11.651+0000] {logging_mixin.py:188} INFO - ✓ Read 20 rows from overview/2026-02-22/batch_30.csv
[2026-04-23T13:50:11.662+0000] {base.py:84} INFO - Using connection ID 'minio_finance' for task execution.
[2026-04-23T13:50:11.664+0000] {connection_wrapper.py:384} INFO - AWS Connection (conn_id='minio_finance', conn_type='aws') credentials retrieved from login and password.
[2026-04-23T13:50:11.849+0000] {logging_mixin.py:188} INFO - ✓ Read 20 rows from overview/2026-02-22/batch_32.csv
[2026-04-23T13:50:11.865+0000] {base.py:84} INFO - Using connection ID 'minio_finance' for task execution.
[2026-04-23T13:50:11.866+0000] {connection_wrapper.py:384} INFO - AWS Connection (conn_id='minio_finance', conn_type='aws') credentials retrieved from login and password.
[2026-04-23T13:50:12.074+0000] {logging_mixin.py:188} INFO - ✓ Read 20 rows from overview/2026-02-22/batch_33.csv
[2026-04-23T13:50:12.096+0000] {base.py:84} INFO - Using connection ID 'minio_finance' for task execution.
[2026-04-23T13:50:12.098+0000] {connection_wrapper.py:384} INFO - AWS Connection (conn_id='minio_finance', conn_type='aws') credentials retrieved from login and password.
[2026-04-23T13:50:12.293+0000] {logging_mixin.py:188} INFO - ✓ Read 20 rows from overview/2026-02-22/batch_34.csv
[2026-04-23T13:50:12.308+0000] {base.py:84} INFO - Using connection ID 'minio_finance' for task execution.
[2026-04-23T13:50:12.310+0000] {connection_wrapper.py:384} INFO - AWS Connection (conn_id='minio_finance', conn_type='aws') credentials retrieved from login and password.
[2026-04-23T13:50:13.201+0000] {logging_mixin.py:188} INFO - ✓ Read 20 rows from overview/2026-02-22/batch_35.csv
[2026-04-23T13:50:13.218+0000] {base.py:84} INFO - Using connection ID 'minio_finance' for task execution.
[2026-04-23T13:50:13.219+0000] {connection_wrapper.py:384} INFO - AWS Connection (conn_id='minio_finance', conn_type='aws') credentials retrieved from login and password.
[2026-04-23T13:50:13.486+0000] {logging_mixin.py:188} INFO - ✓ Read 20 rows from overview/2026-02-22/batch_36.csv
[2026-04-23T13:50:13.503+0000] {base.py:84} INFO - Using connection ID 'minio_finance' for task execution.
[2026-04-23T13:50:13.505+0000] {connection_wrapper.py:384} INFO - AWS Connection (conn_id='minio_finance', conn_type='aws') credentials retrieved from login and password.
[2026-04-23T13:50:13.721+0000] {logging_mixin.py:188} INFO - ✓ Read 20 rows from overview/2026-02-22/batch_38.csv
[2026-04-23T13:50:13.742+0000] {base.py:84} INFO - Using connection ID 'minio_finance' for task execution.
[2026-04-23T13:50:13.743+0000] {connection_wrapper.py:384} INFO - AWS Connection (conn_id='minio_finance', conn_type='aws') credentials retrieved from login and password.
[2026-04-23T13:50:13.942+0000] {logging_mixin.py:188} INFO - ✓ Read 20 rows from overview/2026-02-22/batch_39.csv
[2026-04-23T13:50:13.961+0000] {base.py:84} INFO - Using connection ID 'minio_finance' for task execution.
[2026-04-23T13:50:13.963+0000] {connection_wrapper.py:384} INFO - AWS Connection (conn_id='minio_finance', conn_type='aws') credentials retrieved from login and password.
[2026-04-23T13:50:14.118+0000] {logging_mixin.py:188} INFO - ✓ Read 18 rows from overview/2026-02-22/batch_4.csv
[2026-04-23T13:50:14.131+0000] {base.py:84} INFO - Using connection ID 'minio_finance' for task execution.
[2026-04-23T13:50:14.132+0000] {connection_wrapper.py:384} INFO - AWS Connection (conn_id='minio_finance', conn_type='aws') credentials retrieved from login and password.
[2026-04-23T13:50:14.410+0000] {logging_mixin.py:188} INFO - ✓ Read 20 rows from overview/2026-02-22/batch_40.csv
[2026-04-23T13:50:14.421+0000] {base.py:84} INFO - Using connection ID 'minio_finance' for task execution.
[2026-04-23T13:50:14.423+0000] {connection_wrapper.py:384} INFO - AWS Connection (conn_id='minio_finance', conn_type='aws') credentials retrieved from login and password.
[2026-04-23T13:50:14.612+0000] {logging_mixin.py:188} INFO - ✓ Read 20 rows from overview/2026-02-22/batch_44.csv
[2026-04-23T13:50:14.625+0000] {base.py:84} INFO - Using connection ID 'minio_finance' for task execution.
[2026-04-23T13:50:14.627+0000] {connection_wrapper.py:384} INFO - AWS Connection (conn_id='minio_finance', conn_type='aws') credentials retrieved from login and password.
[2026-04-23T13:50:14.849+0000] {logging_mixin.py:188} INFO - ✓ Read 20 rows from overview/2026-02-22/batch_45.csv
[2026-04-23T13:50:14.861+0000] {base.py:84} INFO - Using connection ID 'minio_finance' for task execution.
[2026-04-23T13:50:14.863+0000] {connection_wrapper.py:384} INFO - AWS Connection (conn_id='minio_finance', conn_type='aws') credentials retrieved from login and password.
[2026-04-23T13:50:15.091+0000] {logging_mixin.py:188} INFO - ✓ Read 20 rows from overview/2026-02-22/batch_46.csv
[2026-04-23T13:50:15.105+0000] {base.py:84} INFO - Using connection ID 'minio_finance' for task execution.
[2026-04-23T13:50:15.106+0000] {connection_wrapper.py:384} INFO - AWS Connection (conn_id='minio_finance', conn_type='aws') credentials retrieved from login and password.
[2026-04-23T13:50:15.320+0000] {logging_mixin.py:188} INFO - ✓ Read 20 rows from overview/2026-02-22/batch_47.csv
[2026-04-23T13:50:15.341+0000] {base.py:84} INFO - Using connection ID 'minio_finance' for task execution.
[2026-04-23T13:50:15.342+0000] {connection_wrapper.py:384} INFO - AWS Connection (conn_id='minio_finance', conn_type='aws') credentials retrieved from login and password.
[2026-04-23T13:50:15.510+0000] {logging_mixin.py:188} INFO - ✓ Read 18 rows from overview/2026-02-22/batch_5.csv
[2026-04-23T13:50:15.526+0000] {base.py:84} INFO - Using connection ID 'minio_finance' for task execution.
[2026-04-23T13:50:15.530+0000] {connection_wrapper.py:384} INFO - AWS Connection (conn_id='minio_finance', conn_type='aws') credentials retrieved from login and password.
[2026-04-23T13:50:15.771+0000] {logging_mixin.py:188} INFO - ✓ Read 15 rows from overview/2026-02-22/batch_51.csv
[2026-04-23T13:50:15.788+0000] {base.py:84} INFO - Using connection ID 'minio_finance' for task execution.
[2026-04-23T13:50:15.789+0000] {connection_wrapper.py:384} INFO - AWS Connection (conn_id='minio_finance', conn_type='aws') credentials retrieved from login and password.
[2026-04-23T13:50:15.982+0000] {logging_mixin.py:188} INFO - ✓ Read 14 rows from overview/2026-02-22/batch_52.csv
[2026-04-23T13:50:16.014+0000] {base.py:84} INFO - Using connection ID 'minio_finance' for task execution.
[2026-04-23T13:50:16.016+0000] {connection_wrapper.py:384} INFO - AWS Connection (conn_id='minio_finance', conn_type='aws') credentials retrieved from login and password.
[2026-04-23T13:50:17.225+0000] {logging_mixin.py:188} INFO - ✓ Read 14 rows from overview/2026-02-22/batch_53.csv
[2026-04-23T13:50:17.241+0000] {base.py:84} INFO - Using connection ID 'minio_finance' for task execution.
[2026-04-23T13:50:17.243+0000] {connection_wrapper.py:384} INFO - AWS Connection (conn_id='minio_finance', conn_type='aws') credentials retrieved from login and password.
[2026-04-23T13:50:18.487+0000] {logging_mixin.py:188} INFO - ✓ Read 17 rows from overview/2026-02-22/batch_54.csv
[2026-04-23T13:50:18.505+0000] {base.py:84} INFO - Using connection ID 'minio_finance' for task execution.
[2026-04-23T13:50:18.508+0000] {connection_wrapper.py:384} INFO - AWS Connection (conn_id='minio_finance', conn_type='aws') credentials retrieved from login and password.
[2026-04-23T13:50:18.816+0000] {logging_mixin.py:188} INFO - ✓ Read 17 rows from overview/2026-02-22/batch_56.csv
[2026-04-23T13:50:18.836+0000] {base.py:84} INFO - Using connection ID 'minio_finance' for task execution.
[2026-04-23T13:50:18.837+0000] {connection_wrapper.py:384} INFO - AWS Connection (conn_id='minio_finance', conn_type='aws') credentials retrieved from login and password.
[2026-04-23T13:50:19.013+0000] {logging_mixin.py:188} INFO - ✓ Read 16 rows from overview/2026-02-22/batch_57.csv
[2026-04-23T13:50:19.026+0000] {base.py:84} INFO - Using connection ID 'minio_finance' for task execution.
[2026-04-23T13:50:19.027+0000] {connection_wrapper.py:384} INFO - AWS Connection (conn_id='minio_finance', conn_type='aws') credentials retrieved from login and password.
[2026-04-23T13:50:19.284+0000] {logging_mixin.py:188} INFO - ✓ Read 17 rows from overview/2026-02-22/batch_58.csv
[2026-04-23T13:50:19.299+0000] {base.py:84} INFO - Using connection ID 'minio_finance' for task execution.
[2026-04-23T13:50:19.302+0000] {connection_wrapper.py:384} INFO - AWS Connection (conn_id='minio_finance', conn_type='aws') credentials retrieved from login and password.
[2026-04-23T13:50:19.557+0000] {logging_mixin.py:188} INFO - ✓ Read 16 rows from overview/2026-02-22/batch_59.csv
[2026-04-23T13:50:19.569+0000] {base.py:84} INFO - Using connection ID 'minio_finance' for task execution.
[2026-04-23T13:50:19.573+0000] {connection_wrapper.py:384} INFO - AWS Connection (conn_id='minio_finance', conn_type='aws') credentials retrieved from login and password.
[2026-04-23T13:50:19.814+0000] {logging_mixin.py:188} INFO - ✓ Read 17 rows from overview/2026-02-22/batch_6.csv
[2026-04-23T13:50:19.826+0000] {base.py:84} INFO - Using connection ID 'minio_finance' for task execution.
[2026-04-23T13:50:19.827+0000] {connection_wrapper.py:384} INFO - AWS Connection (conn_id='minio_finance', conn_type='aws') credentials retrieved from login and password.
[2026-04-23T13:50:20.018+0000] {logging_mixin.py:188} INFO - ✓ Read 17 rows from overview/2026-02-22/batch_60.csv
[2026-04-23T13:50:20.032+0000] {base.py:84} INFO - Using connection ID 'minio_finance' for task execution.
[2026-04-23T13:50:20.033+0000] {connection_wrapper.py:384} INFO - AWS Connection (conn_id='minio_finance', conn_type='aws') credentials retrieved from login and password.
[2026-04-23T13:50:20.220+0000] {logging_mixin.py:188} INFO - ✓ Read 17 rows from overview/2026-02-22/batch_61.csv
[2026-04-23T13:50:20.236+0000] {base.py:84} INFO - Using connection ID 'minio_finance' for task execution.
[2026-04-23T13:50:20.237+0000] {connection_wrapper.py:384} INFO - AWS Connection (conn_id='minio_finance', conn_type='aws') credentials retrieved from login and password.
[2026-04-23T13:50:20.403+0000] {logging_mixin.py:188} INFO - ✓ Read 16 rows from overview/2026-02-22/batch_63.csv
[2026-04-23T13:50:20.414+0000] {base.py:84} INFO - Using connection ID 'minio_finance' for task execution.
[2026-04-23T13:50:20.416+0000] {connection_wrapper.py:384} INFO - AWS Connection (conn_id='minio_finance', conn_type='aws') credentials retrieved from login and password.
[2026-04-23T13:50:20.641+0000] {logging_mixin.py:188} INFO - ✓ Read 18 rows from overview/2026-02-22/batch_7.csv
[2026-04-23T13:50:20.658+0000] {base.py:84} INFO - Using connection ID 'minio_finance' for task execution.
[2026-04-23T13:50:20.660+0000] {connection_wrapper.py:384} INFO - AWS Connection (conn_id='minio_finance', conn_type='aws') credentials retrieved from login and password.
[2026-04-23T13:50:20.925+0000] {logging_mixin.py:188} INFO - ✓ Read 16 rows from overview/2026-02-22/batch_8.csv
[2026-04-23T13:50:20.942+0000] {base.py:84} INFO - Using connection ID 'minio_finance' for task execution.
[2026-04-23T13:50:20.945+0000] {connection_wrapper.py:384} INFO - AWS Connection (conn_id='minio_finance', conn_type='aws') credentials retrieved from login and password.
[2026-04-23T13:50:21.163+0000] {logging_mixin.py:188} INFO - ✓ Read 16 rows from overview/2026-02-22/batch_9.csv
[2026-04-23T13:50:21.182+0000] {logging_mixin.py:188} INFO - ✓ Concatenated 50 files into 909 total rows
[2026-04-23T13:50:21.184+0000] {logging_mixin.py:188} INFO - Loaded 909 rows
[2026-04-23T13:50:21.186+0000] {logging_mixin.py:188} INFO - 
[3/4] Cleaning and transforming data...
[2026-04-23T13:50:21.226+0000] {logging_mixin.py:188} INFO - After cleaning: 909 rows
[2026-04-23T13:50:21.227+0000] {logging_mixin.py:188} INFO - 
[4/4] Inserting into database...
[2026-04-23T13:50:21.292+0000] {logging_mixin.py:188} INFO - ✓ Schema hethong_phantich_chungkhoan ensured
[2026-04-23T13:50:21.542+0000] {logging_mixin.py:188} INFO - ✅ Upserted 909 rows
[2026-04-23T13:50:21.544+0000] {python.py:237} INFO - Done. Returned value was: ✅ Success: 909 rows
[2026-04-23T13:50:21.545+0000] {taskinstance.py:441} INFO - ::group::Post task execution logs
[2026-04-23T13:50:21.591+0000] {taskinstance.py:1206} INFO - Marking task as SUCCESS. dag_id=minio_to_db_sync, task_id=sync_overview, run_id=scheduled__2026-04-22T03:00:00+00:00, execution_date=20260422T030000, start_date=20260423T134728, end_date=20260423T135021
[2026-04-23T13:50:21.700+0000] {local_task_job_runner.py:243} INFO - Task exited with return code 0
[2026-04-23T13:50:21.830+0000] {taskinstance.py:3503} INFO - 0 downstream tasks scheduled from follow-on schedule check
[2026-04-23T13:50:21.835+0000] {local_task_job_runner.py:222} INFO - ::endgroup::
