[2026-04-01T13:28:40.037+0000] {local_task_job_runner.py:120} INFO - ::group::Pre task execution logs
[2026-04-01T13:28:40.091+0000] {taskinstance.py:2076} INFO - Dependencies all met for dep_context=non-requeueable deps ti=<TaskInstance: daily_price.ingest_daily_price scheduled__2026-03-30T16:00:00+00:00 map_index=87 [queued]>
[2026-04-01T13:28:40.134+0000] {taskinstance.py:2076} INFO - Dependencies all met for dep_context=requeueable deps ti=<TaskInstance: daily_price.ingest_daily_price scheduled__2026-03-30T16:00:00+00:00 map_index=87 [queued]>
[2026-04-01T13:28:40.135+0000] {taskinstance.py:2306} INFO - Starting attempt 1 of 2
[2026-04-01T13:28:40.161+0000] {taskinstance.py:2330} INFO - Executing <Mapped(DfToCsvOperator): ingest_daily_price> on 2026-03-30 16:00:00+00:00
[2026-04-01T13:28:40.184+0000] {warnings.py:112} WARNING - This process (pid=1261) is multi-threaded, use of fork() may lead to deadlocks in the child.

[2026-04-01T13:28:40.188+0000] {standard_task_runner.py:64} INFO - Started process 1294 to run task
[2026-04-01T13:28:40.190+0000] {standard_task_runner.py:90} INFO - Running: ['***', 'tasks', 'run', 'daily_price', 'ingest_daily_price', 'scheduled__2026-03-30T16:00:00+00:00', '--job-id', '37642', '--raw', '--subdir', 'DAGS_FOLDER/dl_dailly_price.py', '--cfg-path', '/tmp/tmp6obp2srb', '--map-index', '87']
[2026-04-01T13:28:40.203+0000] {standard_task_runner.py:91} INFO - Job 37642: Subtask ingest_daily_price
[2026-04-01T13:28:40.326+0000] {task_command.py:426} INFO - Running <TaskInstance: daily_price.ingest_daily_price scheduled__2026-03-30T16:00:00+00:00 map_index=87 [running]> on host c61b60073447
[2026-04-01T13:28:40.593+0000] {taskinstance.py:2648} INFO - Exporting env vars: AIRFLOW_CTX_DAG_OWNER='***' AIRFLOW_CTX_DAG_ID='daily_price' AIRFLOW_CTX_TASK_ID='ingest_daily_price' AIRFLOW_CTX_EXECUTION_DATE='2026-03-30T16:00:00+00:00' AIRFLOW_CTX_TRY_NUMBER='1' AIRFLOW_CTX_DAG_RUN_ID='scheduled__2026-03-30T16:00:00+00:00'
[2026-04-01T13:28:40.596+0000] {taskinstance.py:430} INFO - ::endgroup::
[2026-04-01T13:28:40.598+0000] {datalake_df2csv.py:40} INFO - ================================================================================
[2026-04-01T13:28:40.600+0000] {datalake_df2csv.py:41} INFO - 🚀 BẮT ĐẦU TASK: ingest_daily_price
[2026-04-01T13:28:40.601+0000] {datalake_df2csv.py:42} INFO - ================================================================================
[2026-04-01T13:28:40.607+0000] {datalake_df2csv.py:43} INFO - 📋 Thông tin cấu hình:
[2026-04-01T13:28:40.638+0000] {datalake_df2csv.py:44} INFO -   - Logic file: history_price
[2026-04-01T13:28:40.640+0000] {datalake_df2csv.py:45} INFO -   - DataFrame name: get_history_price_batch
[2026-04-01T13:28:40.642+0000] {datalake_df2csv.py:46} INFO -   - Bucket: thongtin-congty-va-bctc
[2026-04-01T13:28:40.644+0000] {datalake_df2csv.py:47} INFO -   - Object path: daily_price/2026-03-30/batch_87.csv
[2026-04-01T13:28:40.650+0000] {datalake_df2csv.py:48} INFO -   - Connection ID: minio_finance
[2026-04-01T13:28:40.653+0000] {datalake_df2csv.py:49} INFO -   - Tham số truyền vào: {'symbols': ['BCE', 'CMF', 'MTV', 'VCA', 'SSH'], 'start_date': '2026-03-30', 'end_date': '2026-03-31'}
[2026-04-01T13:28:40.655+0000] {datalake_df2csv.py:50} INFO - --------------------------------------------------------------------------------
[2026-04-01T13:28:40.655+0000] {datalake_df2csv.py:54} INFO - 📥 Bước 1: Đang load dữ liệu từ logic file...
[2026-04-01T13:28:40.670+0000] {datalake_df2csv.py:148} INFO -   - Logic directory: /opt/airflow/plugins/logic
[2026-04-01T13:28:40.673+0000] {datalake_df2csv.py:149} INFO -   - Module path: /opt/airflow/plugins/logic/history_price.py
[2026-04-01T13:28:40.674+0000] {datalake_df2csv.py:153} INFO -   - Đã thêm logic directory vào sys.path
[2026-04-01T13:28:40.683+0000] {datalake_df2csv.py:159} INFO -   - Đang load module 'history_price'...
[2026-04-01T13:28:40.704+0000] {datalake_df2csv.py:163} INFO -   - ✅ Module loaded thành công
[2026-04-01T13:28:40.707+0000] {datalake_df2csv.py:165} INFO -   - Đang tìm DataFrame/function: 'get_history_price_batch'...
[2026-04-01T13:28:40.711+0000] {datalake_df2csv.py:170} INFO -   - ✅ Tìm thấy object: function
[2026-04-01T13:28:40.714+0000] {datalake_df2csv.py:173} INFO -   - Đang gọi function với tham số: {'symbols': ['BCE', 'CMF', 'MTV', 'VCA', 'SSH'], 'start_date': '2026-03-30', 'end_date': '2026-03-31'}
[2026-04-01T13:28:51.805+0000] {datalake_df2csv.py:68} INFO - ✅ Load dữ liệu thành công!
[2026-04-01T13:28:51.806+0000] {datalake_df2csv.py:69} INFO - 📊 Thông tin DataFrame:
[2026-04-01T13:28:51.807+0000] {datalake_df2csv.py:70} INFO -   - Số dòng: 20
[2026-04-01T13:28:51.808+0000] {datalake_df2csv.py:71} INFO -   - Số cột: 7
[2026-04-01T13:28:51.808+0000] {datalake_df2csv.py:72} INFO -   - Tên các cột: ['ticker', 'trading_date', 'open', 'high', 'low', 'close', 'volume']
[2026-04-01T13:28:51.810+0000] {datalake_df2csv.py:73} INFO -   - Kiểu dữ liệu: {'ticker': 'object', 'trading_date': 'object', 'open': 'float64', 'high': 'float64', 'low': 'float64', 'close': 'float64', 'volume': 'int64'}
[2026-04-01T13:28:51.814+0000] {datalake_df2csv.py:74} INFO -   - Bộ nhớ sử dụng: 0.00 MB
[2026-04-01T13:28:51.816+0000] {datalake_df2csv.py:83} INFO -   - Không có giá trị NULL
[2026-04-01T13:28:51.817+0000] {datalake_df2csv.py:86} INFO -   - Mẫu dữ liệu (5 dòng đầu):
[2026-04-01T13:28:51.818+0000] {datalake_df2csv.py:88} INFO -     Row 0: {'ticker': 'BCE', 'trading_date': '2026-03-27', 'open': 11.15, 'high': 11.2, 'low': 10.95, 'close': 11.2, 'volume': 20300}
[2026-04-01T13:28:51.820+0000] {datalake_df2csv.py:88} INFO -     Row 1: {'ticker': 'BCE', 'trading_date': '2026-03-30', 'open': 11.15, 'high': 11.2, 'low': 11.1, 'close': 11.2, 'volume': 17100}
[2026-04-01T13:28:51.821+0000] {datalake_df2csv.py:88} INFO -     Row 2: {'ticker': 'BCE', 'trading_date': '2026-03-31', 'open': 11.15, 'high': 11.25, 'low': 11.15, 'close': 11.25, 'volume': 47600}
[2026-04-01T13:28:51.823+0000] {datalake_df2csv.py:88} INFO -     Row 3: {'ticker': 'BCE', 'trading_date': '2026-04-01', 'open': 11.3, 'high': 11.3, 'low': 11.15, 'close': 11.2, 'volume': 22100}
[2026-04-01T13:28:51.827+0000] {datalake_df2csv.py:88} INFO -     Row 4: {'ticker': 'CMF', 'trading_date': '2026-03-26', 'open': 423.0, 'high': 423.0, 'low': 423.0, 'close': 423.0, 'volume': 1}
[2026-04-01T13:28:51.828+0000] {datalake_df2csv.py:90} INFO - --------------------------------------------------------------------------------
[2026-04-01T13:28:51.829+0000] {datalake_df2csv.py:93} INFO - 📝 Bước 2: Đang chuyển đổi DataFrame sang CSV...
[2026-04-01T13:28:51.835+0000] {datalake_df2csv.py:97} INFO - ✅ Chuyển đổi CSV thành công!
[2026-04-01T13:28:51.836+0000] {datalake_df2csv.py:98} INFO -   - Kích thước file: 0.00 MB
[2026-04-01T13:28:51.837+0000] {datalake_df2csv.py:99} INFO -   - Thời gian chuyển đổi: 0.01 giây
[2026-04-01T13:28:51.838+0000] {datalake_df2csv.py:100} INFO - --------------------------------------------------------------------------------
[2026-04-01T13:28:51.839+0000] {datalake_df2csv.py:103} INFO - ☁️  Bước 3: Đang upload lên MinIO/S3...
[2026-04-01T13:28:51.856+0000] {base.py:84} INFO - Using connection ID 'minio_finance' for task execution.
[2026-04-01T13:28:51.859+0000] {connection_wrapper.py:384} INFO - AWS Connection (conn_id='minio_finance', conn_type='aws') credentials retrieved from login and password.
[2026-04-01T13:28:52.665+0000] {datalake_df2csv.py:112} INFO -   - Bucket 'thongtin-congty-va-bctc' đã tồn tại
[2026-04-01T13:28:52.711+0000] {datalake_df2csv.py:117} INFO - ✅ Upload thành công!
[2026-04-01T13:28:52.712+0000] {datalake_df2csv.py:118} INFO -   - Đường dẫn: s3://thongtin-congty-va-bctc/daily_price/2026-03-30/batch_87.csv
[2026-04-01T13:28:52.712+0000] {datalake_df2csv.py:119} INFO -   - Số dòng: 20
[2026-04-01T13:28:52.713+0000] {datalake_df2csv.py:120} INFO -   - Thời gian upload: 0.87 giây
[2026-04-01T13:28:52.713+0000] {datalake_df2csv.py:121} INFO - --------------------------------------------------------------------------------
[2026-04-01T13:28:52.714+0000] {datalake_df2csv.py:125} INFO - 📈 TỔNG KẾT:
[2026-04-01T13:28:52.714+0000] {datalake_df2csv.py:126} INFO -   - Tổng thời gian thực thi: 12.12 giây
[2026-04-01T13:28:52.715+0000] {datalake_df2csv.py:127} INFO -   - Tốc độ xử lý: 2 dòng/giây
[2026-04-01T13:28:52.715+0000] {datalake_df2csv.py:128} INFO - ================================================================================
[2026-04-01T13:28:52.716+0000] {datalake_df2csv.py:129} INFO - ✅ HOÀN THÀNH TASK: ingest_daily_price
[2026-04-01T13:28:52.716+0000] {datalake_df2csv.py:130} INFO - ================================================================================
[2026-04-01T13:28:52.717+0000] {taskinstance.py:441} INFO - ::group::Post task execution logs
[2026-04-01T13:28:52.732+0000] {taskinstance.py:1206} INFO - Marking task as SUCCESS. dag_id=daily_price, task_id=ingest_daily_price, run_id=scheduled__2026-03-30T16:00:00+00:00, map_index=87, execution_date=20260330T160000, start_date=20260401T132840, end_date=20260401T132852
[2026-04-01T13:28:52.806+0000] {local_task_job_runner.py:243} INFO - Task exited with return code 0
[2026-04-01T13:28:52.818+0000] {local_task_job_runner.py:222} INFO - ::endgroup::
