[2026-02-04T14:12:26.422+0000] {local_task_job_runner.py:120} INFO - ::group::Pre task execution logs
[2026-02-04T14:12:26.461+0000] {taskinstance.py:2076} INFO - Dependencies all met for dep_context=non-requeueable deps ti=<TaskInstance: minio_to_db_sync.sync_people scheduled__2026-02-03T03:00:00+00:00 [queued]>
[2026-02-04T14:12:26.480+0000] {taskinstance.py:2076} INFO - Dependencies all met for dep_context=requeueable deps ti=<TaskInstance: minio_to_db_sync.sync_people scheduled__2026-02-03T03:00:00+00:00 [queued]>
[2026-02-04T14:12:26.481+0000] {taskinstance.py:2306} INFO - Starting attempt 1 of 3
[2026-02-04T14:12:26.533+0000] {taskinstance.py:2330} INFO - Executing <Task(_PythonDecoratedOperator): sync_people> on 2026-02-03 03:00:00+00:00
[2026-02-04T14:12:26.599+0000] {standard_task_runner.py:90} INFO - Running: ['***', 'tasks', 'run', 'minio_to_db_sync', 'sync_people', 'scheduled__2026-02-03T03:00:00+00:00', '--job-id', '16313', '--raw', '--subdir', 'DAGS_FOLDER/minio_to_db_sync.py', '--cfg-path', '/tmp/tmp3a2rfujq']
[2026-02-04T14:12:26.623+0000] {standard_task_runner.py:91} INFO - Job 16313: Subtask sync_people
[2026-02-04T14:12:26.580+0000] {warnings.py:112} WARNING - This process (pid=78) is multi-threaded, use of fork() may lead to deadlocks in the child.

[2026-02-04T14:12:26.630+0000] {standard_task_runner.py:64} INFO - Started process 249 to run task
[2026-02-04T14:12:26.961+0000] {task_command.py:426} INFO - Running <TaskInstance: minio_to_db_sync.sync_people scheduled__2026-02-03T03:00:00+00:00 [running]> on host 918dbd497d34
[2026-02-04T14:12:27.219+0000] {taskinstance.py:2648} INFO - Exporting env vars: AIRFLOW_CTX_DAG_OWNER='***' AIRFLOW_CTX_DAG_ID='minio_to_db_sync' AIRFLOW_CTX_TASK_ID='sync_people' AIRFLOW_CTX_EXECUTION_DATE='2026-02-03T03:00:00+00:00' AIRFLOW_CTX_TRY_NUMBER='1' AIRFLOW_CTX_DAG_RUN_ID='scheduled__2026-02-03T03:00:00+00:00'
[2026-02-04T14:12:27.229+0000] {taskinstance.py:430} INFO - ::endgroup::
[2026-02-04T14:12:27.238+0000] {logging_mixin.py:188} INFO - ======================================================================
[2026-02-04T14:12:27.238+0000] {logging_mixin.py:188} INFO - 📊 SYNC COMPANY PEOPLE/OWNER TO DATABASE
[2026-02-04T14:12:27.240+0000] {logging_mixin.py:188} INFO - ======================================================================
[2026-02-04T14:12:27.245+0000] {logging_mixin.py:188} INFO - 
[1/4] Finding latest partition...
[2026-02-04T14:12:27.280+0000] {base.py:84} INFO - Using connection ID 'minio_finance' for task execution.
[2026-02-04T14:12:27.282+0000] {connection_wrapper.py:384} INFO - AWS Connection (conn_id='minio_finance', conn_type='aws') credentials retrieved from login and password.
[2026-02-04T14:14:35.644+0000] {logging_mixin.py:188} INFO - ✓ Latest partition found: people/date=2026-01-19/
[2026-02-04T14:14:35.650+0000] {logging_mixin.py:188} INFO - 
[2/4] Reading CSV files...
[2026-02-04T14:14:35.673+0000] {base.py:84} INFO - Using connection ID 'minio_finance' for task execution.
[2026-02-04T14:14:35.674+0000] {connection_wrapper.py:384} INFO - AWS Connection (conn_id='minio_finance', conn_type='aws') credentials retrieved from login and password.
[2026-02-04T14:14:39.178+0000] {logging_mixin.py:188} INFO - ✓ Found 86 CSV files in thongtin-congty-va-bctc/people/date=2026-01-19/
[2026-02-04T14:14:39.198+0000] {base.py:84} INFO - Using connection ID 'minio_finance' for task execution.
[2026-02-04T14:14:39.199+0000] {connection_wrapper.py:384} INFO - AWS Connection (conn_id='minio_finance', conn_type='aws') credentials retrieved from login and password.
[2026-02-04T14:14:39.401+0000] {logging_mixin.py:188} INFO - ✓ Read 337 rows from people/date=2026-01-19/batch_0.csv
[2026-02-04T14:14:39.411+0000] {base.py:84} INFO - Using connection ID 'minio_finance' for task execution.
[2026-02-04T14:14:39.412+0000] {connection_wrapper.py:384} INFO - AWS Connection (conn_id='minio_finance', conn_type='aws') credentials retrieved from login and password.
[2026-02-04T14:14:39.564+0000] {logging_mixin.py:188} INFO - ✓ Read 360 rows from people/date=2026-01-19/batch_1.csv
[2026-02-04T14:14:39.574+0000] {base.py:84} INFO - Using connection ID 'minio_finance' for task execution.
[2026-02-04T14:14:39.575+0000] {connection_wrapper.py:384} INFO - AWS Connection (conn_id='minio_finance', conn_type='aws') credentials retrieved from login and password.
[2026-02-04T14:14:39.746+0000] {logging_mixin.py:188} INFO - ✓ Read 255 rows from people/date=2026-01-19/batch_10.csv
[2026-02-04T14:14:39.756+0000] {base.py:84} INFO - Using connection ID 'minio_finance' for task execution.
[2026-02-04T14:14:39.758+0000] {connection_wrapper.py:384} INFO - AWS Connection (conn_id='minio_finance', conn_type='aws') credentials retrieved from login and password.
[2026-02-04T14:14:41.626+0000] {logging_mixin.py:188} INFO - ✓ Read 487 rows from people/date=2026-01-19/batch_11.csv
[2026-02-04T14:14:41.636+0000] {base.py:84} INFO - Using connection ID 'minio_finance' for task execution.
[2026-02-04T14:14:41.638+0000] {connection_wrapper.py:384} INFO - AWS Connection (conn_id='minio_finance', conn_type='aws') credentials retrieved from login and password.
[2026-02-04T14:14:41.793+0000] {logging_mixin.py:188} INFO - ✓ Read 353 rows from people/date=2026-01-19/batch_12.csv
[2026-02-04T14:14:41.801+0000] {base.py:84} INFO - Using connection ID 'minio_finance' for task execution.
[2026-02-04T14:14:41.802+0000] {connection_wrapper.py:384} INFO - AWS Connection (conn_id='minio_finance', conn_type='aws') credentials retrieved from login and password.
[2026-02-04T14:14:41.943+0000] {logging_mixin.py:188} INFO - ✓ Read 298 rows from people/date=2026-01-19/batch_13.csv
[2026-02-04T14:14:41.952+0000] {base.py:84} INFO - Using connection ID 'minio_finance' for task execution.
[2026-02-04T14:14:41.953+0000] {connection_wrapper.py:384} INFO - AWS Connection (conn_id='minio_finance', conn_type='aws') credentials retrieved from login and password.
[2026-02-04T14:14:42.138+0000] {logging_mixin.py:188} INFO - ✓ Read 343 rows from people/date=2026-01-19/batch_14.csv
[2026-02-04T14:14:42.152+0000] {base.py:84} INFO - Using connection ID 'minio_finance' for task execution.
[2026-02-04T14:14:42.153+0000] {connection_wrapper.py:384} INFO - AWS Connection (conn_id='minio_finance', conn_type='aws') credentials retrieved from login and password.
[2026-02-04T14:14:42.325+0000] {logging_mixin.py:188} INFO - ✓ Read 382 rows from people/date=2026-01-19/batch_15.csv
[2026-02-04T14:14:42.334+0000] {base.py:84} INFO - Using connection ID 'minio_finance' for task execution.
[2026-02-04T14:14:42.335+0000] {connection_wrapper.py:384} INFO - AWS Connection (conn_id='minio_finance', conn_type='aws') credentials retrieved from login and password.
[2026-02-04T14:14:42.489+0000] {logging_mixin.py:188} INFO - ✓ Read 379 rows from people/date=2026-01-19/batch_17.csv
[2026-02-04T14:14:42.499+0000] {base.py:84} INFO - Using connection ID 'minio_finance' for task execution.
[2026-02-04T14:14:42.500+0000] {connection_wrapper.py:384} INFO - AWS Connection (conn_id='minio_finance', conn_type='aws') credentials retrieved from login and password.
[2026-02-04T14:14:42.651+0000] {logging_mixin.py:188} INFO - ✓ Read 322 rows from people/date=2026-01-19/batch_18.csv
[2026-02-04T14:14:42.664+0000] {base.py:84} INFO - Using connection ID 'minio_finance' for task execution.
[2026-02-04T14:14:42.665+0000] {connection_wrapper.py:384} INFO - AWS Connection (conn_id='minio_finance', conn_type='aws') credentials retrieved from login and password.
[2026-02-04T14:14:42.800+0000] {logging_mixin.py:188} INFO - ✓ Read 234 rows from people/date=2026-01-19/batch_19.csv
[2026-02-04T14:14:42.808+0000] {base.py:84} INFO - Using connection ID 'minio_finance' for task execution.
[2026-02-04T14:14:42.809+0000] {connection_wrapper.py:384} INFO - AWS Connection (conn_id='minio_finance', conn_type='aws') credentials retrieved from login and password.
[2026-02-04T14:14:42.931+0000] {logging_mixin.py:188} INFO - ✓ Read 390 rows from people/date=2026-01-19/batch_2.csv
[2026-02-04T14:14:42.942+0000] {base.py:84} INFO - Using connection ID 'minio_finance' for task execution.
[2026-02-04T14:14:42.943+0000] {connection_wrapper.py:384} INFO - AWS Connection (conn_id='minio_finance', conn_type='aws') credentials retrieved from login and password.
[2026-02-04T14:14:43.074+0000] {logging_mixin.py:188} INFO - ✓ Read 255 rows from people/date=2026-01-19/batch_20.csv
[2026-02-04T14:14:43.084+0000] {base.py:84} INFO - Using connection ID 'minio_finance' for task execution.
[2026-02-04T14:14:43.085+0000] {connection_wrapper.py:384} INFO - AWS Connection (conn_id='minio_finance', conn_type='aws') credentials retrieved from login and password.
[2026-02-04T14:14:43.202+0000] {logging_mixin.py:188} INFO - ✓ Read 398 rows from people/date=2026-01-19/batch_21.csv
[2026-02-04T14:14:43.211+0000] {base.py:84} INFO - Using connection ID 'minio_finance' for task execution.
[2026-02-04T14:14:43.213+0000] {connection_wrapper.py:384} INFO - AWS Connection (conn_id='minio_finance', conn_type='aws') credentials retrieved from login and password.
[2026-02-04T14:14:43.407+0000] {logging_mixin.py:188} INFO - ✓ Read 462 rows from people/date=2026-01-19/batch_22.csv
[2026-02-04T14:14:43.418+0000] {base.py:84} INFO - Using connection ID 'minio_finance' for task execution.
[2026-02-04T14:14:43.419+0000] {connection_wrapper.py:384} INFO - AWS Connection (conn_id='minio_finance', conn_type='aws') credentials retrieved from login and password.
[2026-02-04T14:14:43.582+0000] {logging_mixin.py:188} INFO - ✓ Read 375 rows from people/date=2026-01-19/batch_23.csv
[2026-02-04T14:14:43.591+0000] {base.py:84} INFO - Using connection ID 'minio_finance' for task execution.
[2026-02-04T14:14:43.592+0000] {connection_wrapper.py:384} INFO - AWS Connection (conn_id='minio_finance', conn_type='aws') credentials retrieved from login and password.
[2026-02-04T14:14:44.397+0000] {logging_mixin.py:188} INFO - ✓ Read 336 rows from people/date=2026-01-19/batch_24.csv
[2026-02-04T14:14:44.407+0000] {base.py:84} INFO - Using connection ID 'minio_finance' for task execution.
[2026-02-04T14:14:44.408+0000] {connection_wrapper.py:384} INFO - AWS Connection (conn_id='minio_finance', conn_type='aws') credentials retrieved from login and password.
[2026-02-04T14:14:44.568+0000] {logging_mixin.py:188} INFO - ✓ Read 359 rows from people/date=2026-01-19/batch_25.csv
[2026-02-04T14:14:44.578+0000] {base.py:84} INFO - Using connection ID 'minio_finance' for task execution.
[2026-02-04T14:14:44.580+0000] {connection_wrapper.py:384} INFO - AWS Connection (conn_id='minio_finance', conn_type='aws') credentials retrieved from login and password.
[2026-02-04T14:14:44.749+0000] {logging_mixin.py:188} INFO - ✓ Read 395 rows from people/date=2026-01-19/batch_26.csv
[2026-02-04T14:14:44.759+0000] {base.py:84} INFO - Using connection ID 'minio_finance' for task execution.
[2026-02-04T14:14:44.761+0000] {connection_wrapper.py:384} INFO - AWS Connection (conn_id='minio_finance', conn_type='aws') credentials retrieved from login and password.
[2026-02-04T14:14:44.913+0000] {logging_mixin.py:188} INFO - ✓ Read 450 rows from people/date=2026-01-19/batch_27.csv
[2026-02-04T14:14:44.922+0000] {base.py:84} INFO - Using connection ID 'minio_finance' for task execution.
[2026-02-04T14:14:44.924+0000] {connection_wrapper.py:384} INFO - AWS Connection (conn_id='minio_finance', conn_type='aws') credentials retrieved from login and password.
[2026-02-04T14:14:45.117+0000] {logging_mixin.py:188} INFO - ✓ Read 260 rows from people/date=2026-01-19/batch_28.csv
[2026-02-04T14:14:45.126+0000] {base.py:84} INFO - Using connection ID 'minio_finance' for task execution.
[2026-02-04T14:14:45.128+0000] {connection_wrapper.py:384} INFO - AWS Connection (conn_id='minio_finance', conn_type='aws') credentials retrieved from login and password.
[2026-02-04T14:14:45.324+0000] {logging_mixin.py:188} INFO - ✓ Read 353 rows from people/date=2026-01-19/batch_29.csv
[2026-02-04T14:14:45.333+0000] {base.py:84} INFO - Using connection ID 'minio_finance' for task execution.
[2026-02-04T14:14:45.334+0000] {connection_wrapper.py:384} INFO - AWS Connection (conn_id='minio_finance', conn_type='aws') credentials retrieved from login and password.
[2026-02-04T14:14:45.476+0000] {logging_mixin.py:188} INFO - ✓ Read 340 rows from people/date=2026-01-19/batch_3.csv
[2026-02-04T14:14:45.485+0000] {base.py:84} INFO - Using connection ID 'minio_finance' for task execution.
[2026-02-04T14:14:45.487+0000] {connection_wrapper.py:384} INFO - AWS Connection (conn_id='minio_finance', conn_type='aws') credentials retrieved from login and password.
[2026-02-04T14:14:45.621+0000] {logging_mixin.py:188} INFO - ✓ Read 376 rows from people/date=2026-01-19/batch_30.csv
[2026-02-04T14:14:45.630+0000] {base.py:84} INFO - Using connection ID 'minio_finance' for task execution.
[2026-02-04T14:14:45.631+0000] {connection_wrapper.py:384} INFO - AWS Connection (conn_id='minio_finance', conn_type='aws') credentials retrieved from login and password.
[2026-02-04T14:14:45.765+0000] {logging_mixin.py:188} INFO - ✓ Read 372 rows from people/date=2026-01-19/batch_31.csv
[2026-02-04T14:14:45.777+0000] {base.py:84} INFO - Using connection ID 'minio_finance' for task execution.
[2026-02-04T14:14:45.778+0000] {connection_wrapper.py:384} INFO - AWS Connection (conn_id='minio_finance', conn_type='aws') credentials retrieved from login and password.
[2026-02-04T14:14:45.895+0000] {logging_mixin.py:188} INFO - ✓ Read 395 rows from people/date=2026-01-19/batch_32.csv
[2026-02-04T14:14:45.904+0000] {base.py:84} INFO - Using connection ID 'minio_finance' for task execution.
[2026-02-04T14:14:45.906+0000] {connection_wrapper.py:384} INFO - AWS Connection (conn_id='minio_finance', conn_type='aws') credentials retrieved from login and password.
[2026-02-04T14:14:46.046+0000] {logging_mixin.py:188} INFO - ✓ Read 389 rows from people/date=2026-01-19/batch_33.csv
[2026-02-04T14:14:46.054+0000] {base.py:84} INFO - Using connection ID 'minio_finance' for task execution.
[2026-02-04T14:14:46.055+0000] {connection_wrapper.py:384} INFO - AWS Connection (conn_id='minio_finance', conn_type='aws') credentials retrieved from login and password.
[2026-02-04T14:14:46.209+0000] {logging_mixin.py:188} INFO - ✓ Read 423 rows from people/date=2026-01-19/batch_34.csv
[2026-02-04T14:14:46.220+0000] {base.py:84} INFO - Using connection ID 'minio_finance' for task execution.
[2026-02-04T14:14:46.221+0000] {connection_wrapper.py:384} INFO - AWS Connection (conn_id='minio_finance', conn_type='aws') credentials retrieved from login and password.
[2026-02-04T14:14:46.381+0000] {logging_mixin.py:188} INFO - ✓ Read 407 rows from people/date=2026-01-19/batch_35.csv
[2026-02-04T14:14:46.391+0000] {base.py:84} INFO - Using connection ID 'minio_finance' for task execution.
[2026-02-04T14:14:46.392+0000] {connection_wrapper.py:384} INFO - AWS Connection (conn_id='minio_finance', conn_type='aws') credentials retrieved from login and password.
[2026-02-04T14:14:47.502+0000] {logging_mixin.py:188} INFO - ✓ Read 255 rows from people/date=2026-01-19/batch_36.csv
[2026-02-04T14:14:47.512+0000] {base.py:84} INFO - Using connection ID 'minio_finance' for task execution.
[2026-02-04T14:14:47.515+0000] {connection_wrapper.py:384} INFO - AWS Connection (conn_id='minio_finance', conn_type='aws') credentials retrieved from login and password.
[2026-02-04T14:14:47.663+0000] {logging_mixin.py:188} INFO - ✓ Read 404 rows from people/date=2026-01-19/batch_37.csv
[2026-02-04T14:14:47.672+0000] {base.py:84} INFO - Using connection ID 'minio_finance' for task execution.
[2026-02-04T14:14:47.673+0000] {connection_wrapper.py:384} INFO - AWS Connection (conn_id='minio_finance', conn_type='aws') credentials retrieved from login and password.
[2026-02-04T14:14:47.872+0000] {logging_mixin.py:188} INFO - ✓ Read 419 rows from people/date=2026-01-19/batch_38.csv
[2026-02-04T14:14:47.881+0000] {base.py:84} INFO - Using connection ID 'minio_finance' for task execution.
[2026-02-04T14:14:47.882+0000] {connection_wrapper.py:384} INFO - AWS Connection (conn_id='minio_finance', conn_type='aws') credentials retrieved from login and password.
[2026-02-04T14:14:48.037+0000] {logging_mixin.py:188} INFO - ✓ Read 477 rows from people/date=2026-01-19/batch_39.csv
[2026-02-04T14:14:48.047+0000] {base.py:84} INFO - Using connection ID 'minio_finance' for task execution.
[2026-02-04T14:14:48.048+0000] {connection_wrapper.py:384} INFO - AWS Connection (conn_id='minio_finance', conn_type='aws') credentials retrieved from login and password.
[2026-02-04T14:14:48.220+0000] {logging_mixin.py:188} INFO - ✓ Read 557 rows from people/date=2026-01-19/batch_4.csv
[2026-02-04T14:14:48.230+0000] {base.py:84} INFO - Using connection ID 'minio_finance' for task execution.
[2026-02-04T14:14:48.231+0000] {connection_wrapper.py:384} INFO - AWS Connection (conn_id='minio_finance', conn_type='aws') credentials retrieved from login and password.
[2026-02-04T14:14:48.469+0000] {logging_mixin.py:188} INFO - ✓ Read 367 rows from people/date=2026-01-19/batch_40.csv
[2026-02-04T14:14:48.488+0000] {base.py:84} INFO - Using connection ID 'minio_finance' for task execution.
[2026-02-04T14:14:48.489+0000] {connection_wrapper.py:384} INFO - AWS Connection (conn_id='minio_finance', conn_type='aws') credentials retrieved from login and password.
[2026-02-04T14:14:48.752+0000] {logging_mixin.py:188} INFO - ✓ Read 281 rows from people/date=2026-01-19/batch_41.csv
[2026-02-04T14:14:48.785+0000] {base.py:84} INFO - Using connection ID 'minio_finance' for task execution.
[2026-02-04T14:14:48.788+0000] {connection_wrapper.py:384} INFO - AWS Connection (conn_id='minio_finance', conn_type='aws') credentials retrieved from login and password.
[2026-02-04T14:14:49.011+0000] {logging_mixin.py:188} INFO - ✓ Read 490 rows from people/date=2026-01-19/batch_42.csv
[2026-02-04T14:14:49.023+0000] {base.py:84} INFO - Using connection ID 'minio_finance' for task execution.
[2026-02-04T14:14:49.025+0000] {connection_wrapper.py:384} INFO - AWS Connection (conn_id='minio_finance', conn_type='aws') credentials retrieved from login and password.
[2026-02-04T14:14:49.300+0000] {logging_mixin.py:188} INFO - ✓ Read 322 rows from people/date=2026-01-19/batch_43.csv
[2026-02-04T14:14:49.324+0000] {base.py:84} INFO - Using connection ID 'minio_finance' for task execution.
[2026-02-04T14:14:49.325+0000] {connection_wrapper.py:384} INFO - AWS Connection (conn_id='minio_finance', conn_type='aws') credentials retrieved from login and password.
[2026-02-04T14:14:49.574+0000] {logging_mixin.py:188} INFO - ✓ Read 452 rows from people/date=2026-01-19/batch_44.csv
[2026-02-04T14:14:49.588+0000] {base.py:84} INFO - Using connection ID 'minio_finance' for task execution.
[2026-02-04T14:14:49.590+0000] {connection_wrapper.py:384} INFO - AWS Connection (conn_id='minio_finance', conn_type='aws') credentials retrieved from login and password.
[2026-02-04T14:14:49.833+0000] {logging_mixin.py:188} INFO - ✓ Read 343 rows from people/date=2026-01-19/batch_45.csv
[2026-02-04T14:14:49.848+0000] {base.py:84} INFO - Using connection ID 'minio_finance' for task execution.
[2026-02-04T14:14:49.855+0000] {connection_wrapper.py:384} INFO - AWS Connection (conn_id='minio_finance', conn_type='aws') credentials retrieved from login and password.
[2026-02-04T14:14:50.061+0000] {logging_mixin.py:188} INFO - ✓ Read 282 rows from people/date=2026-01-19/batch_46.csv
[2026-02-04T14:14:50.080+0000] {base.py:84} INFO - Using connection ID 'minio_finance' for task execution.
[2026-02-04T14:14:50.084+0000] {connection_wrapper.py:384} INFO - AWS Connection (conn_id='minio_finance', conn_type='aws') credentials retrieved from login and password.
[2026-02-04T14:14:50.271+0000] {logging_mixin.py:188} INFO - ✓ Read 445 rows from people/date=2026-01-19/batch_47.csv
[2026-02-04T14:14:50.280+0000] {base.py:84} INFO - Using connection ID 'minio_finance' for task execution.
[2026-02-04T14:14:50.280+0000] {connection_wrapper.py:384} INFO - AWS Connection (conn_id='minio_finance', conn_type='aws') credentials retrieved from login and password.
[2026-02-04T14:14:50.417+0000] {logging_mixin.py:188} INFO - ✓ Read 409 rows from people/date=2026-01-19/batch_48.csv
[2026-02-04T14:14:50.427+0000] {base.py:84} INFO - Using connection ID 'minio_finance' for task execution.
[2026-02-04T14:14:50.428+0000] {connection_wrapper.py:384} INFO - AWS Connection (conn_id='minio_finance', conn_type='aws') credentials retrieved from login and password.
[2026-02-04T14:14:51.200+0000] {logging_mixin.py:188} INFO - ✓ Read 312 rows from people/date=2026-01-19/batch_49.csv
[2026-02-04T14:14:51.210+0000] {base.py:84} INFO - Using connection ID 'minio_finance' for task execution.
[2026-02-04T14:14:51.212+0000] {connection_wrapper.py:384} INFO - AWS Connection (conn_id='minio_finance', conn_type='aws') credentials retrieved from login and password.
[2026-02-04T14:14:51.498+0000] {logging_mixin.py:188} INFO - ✓ Read 322 rows from people/date=2026-01-19/batch_5.csv
[2026-02-04T14:14:51.511+0000] {base.py:84} INFO - Using connection ID 'minio_finance' for task execution.
[2026-02-04T14:14:51.512+0000] {connection_wrapper.py:384} INFO - AWS Connection (conn_id='minio_finance', conn_type='aws') credentials retrieved from login and password.
[2026-02-04T14:14:51.717+0000] {logging_mixin.py:188} INFO - ✓ Read 496 rows from people/date=2026-01-19/batch_50.csv
[2026-02-04T14:14:51.729+0000] {base.py:84} INFO - Using connection ID 'minio_finance' for task execution.
[2026-02-04T14:14:51.731+0000] {connection_wrapper.py:384} INFO - AWS Connection (conn_id='minio_finance', conn_type='aws') credentials retrieved from login and password.
[2026-02-04T14:14:51.988+0000] {logging_mixin.py:188} INFO - ✓ Read 449 rows from people/date=2026-01-19/batch_51.csv
[2026-02-04T14:14:52.002+0000] {base.py:84} INFO - Using connection ID 'minio_finance' for task execution.
[2026-02-04T14:14:52.004+0000] {connection_wrapper.py:384} INFO - AWS Connection (conn_id='minio_finance', conn_type='aws') credentials retrieved from login and password.
[2026-02-04T14:14:52.240+0000] {logging_mixin.py:188} INFO - ✓ Read 324 rows from people/date=2026-01-19/batch_52.csv
[2026-02-04T14:14:52.252+0000] {base.py:84} INFO - Using connection ID 'minio_finance' for task execution.
[2026-02-04T14:14:52.255+0000] {connection_wrapper.py:384} INFO - AWS Connection (conn_id='minio_finance', conn_type='aws') credentials retrieved from login and password.
[2026-02-04T14:14:52.451+0000] {logging_mixin.py:188} INFO - ✓ Read 406 rows from people/date=2026-01-19/batch_53.csv
[2026-02-04T14:14:52.461+0000] {base.py:84} INFO - Using connection ID 'minio_finance' for task execution.
[2026-02-04T14:14:52.463+0000] {connection_wrapper.py:384} INFO - AWS Connection (conn_id='minio_finance', conn_type='aws') credentials retrieved from login and password.
[2026-02-04T14:14:52.649+0000] {logging_mixin.py:188} INFO - ✓ Read 383 rows from people/date=2026-01-19/batch_54.csv
[2026-02-04T14:14:52.657+0000] {base.py:84} INFO - Using connection ID 'minio_finance' for task execution.
[2026-02-04T14:14:52.659+0000] {connection_wrapper.py:384} INFO - AWS Connection (conn_id='minio_finance', conn_type='aws') credentials retrieved from login and password.
[2026-02-04T14:14:52.825+0000] {logging_mixin.py:188} INFO - ✓ Read 430 rows from people/date=2026-01-19/batch_55.csv
[2026-02-04T14:14:52.833+0000] {base.py:84} INFO - Using connection ID 'minio_finance' for task execution.
[2026-02-04T14:14:52.835+0000] {connection_wrapper.py:384} INFO - AWS Connection (conn_id='minio_finance', conn_type='aws') credentials retrieved from login and password.
[2026-02-04T14:14:53.025+0000] {logging_mixin.py:188} INFO - ✓ Read 335 rows from people/date=2026-01-19/batch_56.csv
[2026-02-04T14:14:53.035+0000] {base.py:84} INFO - Using connection ID 'minio_finance' for task execution.
[2026-02-04T14:14:53.038+0000] {connection_wrapper.py:384} INFO - AWS Connection (conn_id='minio_finance', conn_type='aws') credentials retrieved from login and password.
[2026-02-04T14:14:53.590+0000] {logging_mixin.py:188} INFO - ✓ Read 351 rows from people/date=2026-01-19/batch_57.csv
[2026-02-04T14:14:53.602+0000] {base.py:84} INFO - Using connection ID 'minio_finance' for task execution.
[2026-02-04T14:14:53.603+0000] {connection_wrapper.py:384} INFO - AWS Connection (conn_id='minio_finance', conn_type='aws') credentials retrieved from login and password.
[2026-02-04T14:14:53.785+0000] {logging_mixin.py:188} INFO - ✓ Read 350 rows from people/date=2026-01-19/batch_58.csv
[2026-02-04T14:14:53.795+0000] {base.py:84} INFO - Using connection ID 'minio_finance' for task execution.
[2026-02-04T14:14:53.797+0000] {connection_wrapper.py:384} INFO - AWS Connection (conn_id='minio_finance', conn_type='aws') credentials retrieved from login and password.
[2026-02-04T14:14:53.969+0000] {logging_mixin.py:188} INFO - ✓ Read 335 rows from people/date=2026-01-19/batch_59.csv
[2026-02-04T14:14:53.994+0000] {base.py:84} INFO - Using connection ID 'minio_finance' for task execution.
[2026-02-04T14:14:53.996+0000] {connection_wrapper.py:384} INFO - AWS Connection (conn_id='minio_finance', conn_type='aws') credentials retrieved from login and password.
[2026-02-04T14:14:54.342+0000] {logging_mixin.py:188} INFO - ✓ Read 384 rows from people/date=2026-01-19/batch_6.csv
[2026-02-04T14:14:54.353+0000] {base.py:84} INFO - Using connection ID 'minio_finance' for task execution.
[2026-02-04T14:14:54.355+0000] {connection_wrapper.py:384} INFO - AWS Connection (conn_id='minio_finance', conn_type='aws') credentials retrieved from login and password.
[2026-02-04T14:14:55.320+0000] {logging_mixin.py:188} INFO - ✓ Read 437 rows from people/date=2026-01-19/batch_60.csv
[2026-02-04T14:14:55.329+0000] {base.py:84} INFO - Using connection ID 'minio_finance' for task execution.
[2026-02-04T14:14:55.330+0000] {connection_wrapper.py:384} INFO - AWS Connection (conn_id='minio_finance', conn_type='aws') credentials retrieved from login and password.
[2026-02-04T14:14:55.498+0000] {logging_mixin.py:188} INFO - ✓ Read 259 rows from people/date=2026-01-19/batch_61.csv
[2026-02-04T14:14:55.510+0000] {base.py:84} INFO - Using connection ID 'minio_finance' for task execution.
[2026-02-04T14:14:55.511+0000] {connection_wrapper.py:384} INFO - AWS Connection (conn_id='minio_finance', conn_type='aws') credentials retrieved from login and password.
[2026-02-04T14:14:55.701+0000] {logging_mixin.py:188} INFO - ✓ Read 396 rows from people/date=2026-01-19/batch_62.csv
[2026-02-04T14:14:55.712+0000] {base.py:84} INFO - Using connection ID 'minio_finance' for task execution.
[2026-02-04T14:14:55.714+0000] {connection_wrapper.py:384} INFO - AWS Connection (conn_id='minio_finance', conn_type='aws') credentials retrieved from login and password.
[2026-02-04T14:14:55.899+0000] {logging_mixin.py:188} INFO - ✓ Read 419 rows from people/date=2026-01-19/batch_63.csv
[2026-02-04T14:14:55.909+0000] {base.py:84} INFO - Using connection ID 'minio_finance' for task execution.
[2026-02-04T14:14:55.910+0000] {connection_wrapper.py:384} INFO - AWS Connection (conn_id='minio_finance', conn_type='aws') credentials retrieved from login and password.
[2026-02-04T14:14:56.066+0000] {logging_mixin.py:188} INFO - ✓ Read 542 rows from people/date=2026-01-19/batch_64.csv
[2026-02-04T14:14:56.077+0000] {base.py:84} INFO - Using connection ID 'minio_finance' for task execution.
[2026-02-04T14:14:56.078+0000] {connection_wrapper.py:384} INFO - AWS Connection (conn_id='minio_finance', conn_type='aws') credentials retrieved from login and password.
[2026-02-04T14:14:56.284+0000] {logging_mixin.py:188} INFO - ✓ Read 270 rows from people/date=2026-01-19/batch_65.csv
[2026-02-04T14:14:56.294+0000] {base.py:84} INFO - Using connection ID 'minio_finance' for task execution.
[2026-02-04T14:14:56.297+0000] {connection_wrapper.py:384} INFO - AWS Connection (conn_id='minio_finance', conn_type='aws') credentials retrieved from login and password.
[2026-02-04T14:14:56.493+0000] {logging_mixin.py:188} INFO - ✓ Read 467 rows from people/date=2026-01-19/batch_66.csv
[2026-02-04T14:14:56.505+0000] {base.py:84} INFO - Using connection ID 'minio_finance' for task execution.
[2026-02-04T14:14:56.506+0000] {connection_wrapper.py:384} INFO - AWS Connection (conn_id='minio_finance', conn_type='aws') credentials retrieved from login and password.
[2026-02-04T14:14:56.681+0000] {logging_mixin.py:188} INFO - ✓ Read 288 rows from people/date=2026-01-19/batch_67.csv
[2026-02-04T14:14:56.691+0000] {base.py:84} INFO - Using connection ID 'minio_finance' for task execution.
[2026-02-04T14:14:56.693+0000] {connection_wrapper.py:384} INFO - AWS Connection (conn_id='minio_finance', conn_type='aws') credentials retrieved from login and password.
[2026-02-04T14:14:56.857+0000] {logging_mixin.py:188} INFO - ✓ Read 257 rows from people/date=2026-01-19/batch_68.csv
[2026-02-04T14:14:56.866+0000] {base.py:84} INFO - Using connection ID 'minio_finance' for task execution.
[2026-02-04T14:14:56.867+0000] {connection_wrapper.py:384} INFO - AWS Connection (conn_id='minio_finance', conn_type='aws') credentials retrieved from login and password.
[2026-02-04T14:14:57.021+0000] {logging_mixin.py:188} INFO - ✓ Read 477 rows from people/date=2026-01-19/batch_69.csv
[2026-02-04T14:14:57.030+0000] {base.py:84} INFO - Using connection ID 'minio_finance' for task execution.
[2026-02-04T14:14:57.031+0000] {connection_wrapper.py:384} INFO - AWS Connection (conn_id='minio_finance', conn_type='aws') credentials retrieved from login and password.
[2026-02-04T14:14:57.160+0000] {logging_mixin.py:188} INFO - ✓ Read 376 rows from people/date=2026-01-19/batch_7.csv
[2026-02-04T14:14:57.170+0000] {base.py:84} INFO - Using connection ID 'minio_finance' for task execution.
[2026-02-04T14:14:57.171+0000] {connection_wrapper.py:384} INFO - AWS Connection (conn_id='minio_finance', conn_type='aws') credentials retrieved from login and password.
[2026-02-04T14:14:57.323+0000] {logging_mixin.py:188} INFO - ✓ Read 453 rows from people/date=2026-01-19/batch_70.csv
[2026-02-04T14:14:57.332+0000] {base.py:84} INFO - Using connection ID 'minio_finance' for task execution.
[2026-02-04T14:14:57.333+0000] {connection_wrapper.py:384} INFO - AWS Connection (conn_id='minio_finance', conn_type='aws') credentials retrieved from login and password.
[2026-02-04T14:14:57.488+0000] {logging_mixin.py:188} INFO - ✓ Read 348 rows from people/date=2026-01-19/batch_71.csv
[2026-02-04T14:14:57.497+0000] {base.py:84} INFO - Using connection ID 'minio_finance' for task execution.
[2026-02-04T14:14:57.498+0000] {connection_wrapper.py:384} INFO - AWS Connection (conn_id='minio_finance', conn_type='aws') credentials retrieved from login and password.
[2026-02-04T14:14:58.202+0000] {logging_mixin.py:188} INFO - ✓ Read 710 rows from people/date=2026-01-19/batch_72.csv
[2026-02-04T14:14:58.211+0000] {base.py:84} INFO - Using connection ID 'minio_finance' for task execution.
[2026-02-04T14:14:58.212+0000] {connection_wrapper.py:384} INFO - AWS Connection (conn_id='minio_finance', conn_type='aws') credentials retrieved from login and password.
[2026-02-04T14:14:58.350+0000] {logging_mixin.py:188} INFO - ✓ Read 532 rows from people/date=2026-01-19/batch_73.csv
[2026-02-04T14:14:58.359+0000] {base.py:84} INFO - Using connection ID 'minio_finance' for task execution.
[2026-02-04T14:14:58.361+0000] {connection_wrapper.py:384} INFO - AWS Connection (conn_id='minio_finance', conn_type='aws') credentials retrieved from login and password.
[2026-02-04T14:14:58.494+0000] {logging_mixin.py:188} INFO - ✓ Read 417 rows from people/date=2026-01-19/batch_74.csv
[2026-02-04T14:14:58.502+0000] {base.py:84} INFO - Using connection ID 'minio_finance' for task execution.
[2026-02-04T14:14:58.503+0000] {connection_wrapper.py:384} INFO - AWS Connection (conn_id='minio_finance', conn_type='aws') credentials retrieved from login and password.
[2026-02-04T14:14:58.690+0000] {logging_mixin.py:188} INFO - ✓ Read 399 rows from people/date=2026-01-19/batch_75.csv
[2026-02-04T14:14:58.700+0000] {base.py:84} INFO - Using connection ID 'minio_finance' for task execution.
[2026-02-04T14:14:58.701+0000] {connection_wrapper.py:384} INFO - AWS Connection (conn_id='minio_finance', conn_type='aws') credentials retrieved from login and password.
[2026-02-04T14:14:58.888+0000] {logging_mixin.py:188} INFO - ✓ Read 339 rows from people/date=2026-01-19/batch_76.csv
[2026-02-04T14:14:58.899+0000] {base.py:84} INFO - Using connection ID 'minio_finance' for task execution.
[2026-02-04T14:14:58.900+0000] {connection_wrapper.py:384} INFO - AWS Connection (conn_id='minio_finance', conn_type='aws') credentials retrieved from login and password.
[2026-02-04T14:14:59.050+0000] {logging_mixin.py:188} INFO - ✓ Read 413 rows from people/date=2026-01-19/batch_77.csv
[2026-02-04T14:14:59.059+0000] {base.py:84} INFO - Using connection ID 'minio_finance' for task execution.
[2026-02-04T14:14:59.060+0000] {connection_wrapper.py:384} INFO - AWS Connection (conn_id='minio_finance', conn_type='aws') credentials retrieved from login and password.
[2026-02-04T14:14:59.200+0000] {logging_mixin.py:188} INFO - ✓ Read 323 rows from people/date=2026-01-19/batch_78.csv
[2026-02-04T14:14:59.209+0000] {base.py:84} INFO - Using connection ID 'minio_finance' for task execution.
[2026-02-04T14:14:59.210+0000] {connection_wrapper.py:384} INFO - AWS Connection (conn_id='minio_finance', conn_type='aws') credentials retrieved from login and password.
[2026-02-04T14:14:59.435+0000] {logging_mixin.py:188} INFO - ✓ Read 288 rows from people/date=2026-01-19/batch_79.csv
[2026-02-04T14:14:59.452+0000] {base.py:84} INFO - Using connection ID 'minio_finance' for task execution.
[2026-02-04T14:14:59.453+0000] {connection_wrapper.py:384} INFO - AWS Connection (conn_id='minio_finance', conn_type='aws') credentials retrieved from login and password.
[2026-02-04T14:14:59.894+0000] {logging_mixin.py:188} INFO - ✓ Read 389 rows from people/date=2026-01-19/batch_8.csv
[2026-02-04T14:14:59.917+0000] {base.py:84} INFO - Using connection ID 'minio_finance' for task execution.
[2026-02-04T14:14:59.920+0000] {connection_wrapper.py:384} INFO - AWS Connection (conn_id='minio_finance', conn_type='aws') credentials retrieved from login and password.
[2026-02-04T14:15:00.139+0000] {logging_mixin.py:188} INFO - ✓ Read 471 rows from people/date=2026-01-19/batch_80.csv
[2026-02-04T14:15:00.149+0000] {base.py:84} INFO - Using connection ID 'minio_finance' for task execution.
[2026-02-04T14:15:00.151+0000] {connection_wrapper.py:384} INFO - AWS Connection (conn_id='minio_finance', conn_type='aws') credentials retrieved from login and password.
[2026-02-04T14:15:00.332+0000] {logging_mixin.py:188} INFO - ✓ Read 492 rows from people/date=2026-01-19/batch_81.csv
[2026-02-04T14:15:00.345+0000] {base.py:84} INFO - Using connection ID 'minio_finance' for task execution.
[2026-02-04T14:15:00.346+0000] {connection_wrapper.py:384} INFO - AWS Connection (conn_id='minio_finance', conn_type='aws') credentials retrieved from login and password.
[2026-02-04T14:15:00.529+0000] {logging_mixin.py:188} INFO - ✓ Read 498 rows from people/date=2026-01-19/batch_82.csv
[2026-02-04T14:15:00.539+0000] {base.py:84} INFO - Using connection ID 'minio_finance' for task execution.
[2026-02-04T14:15:00.540+0000] {connection_wrapper.py:384} INFO - AWS Connection (conn_id='minio_finance', conn_type='aws') credentials retrieved from login and password.
[2026-02-04T14:15:00.727+0000] {logging_mixin.py:188} INFO - ✓ Read 377 rows from people/date=2026-01-19/batch_83.csv
[2026-02-04T14:15:00.739+0000] {base.py:84} INFO - Using connection ID 'minio_finance' for task execution.
[2026-02-04T14:15:00.740+0000] {connection_wrapper.py:384} INFO - AWS Connection (conn_id='minio_finance', conn_type='aws') credentials retrieved from login and password.
[2026-02-04T14:15:01.708+0000] {logging_mixin.py:188} INFO - ✓ Read 446 rows from people/date=2026-01-19/batch_84.csv
[2026-02-04T14:15:01.728+0000] {base.py:84} INFO - Using connection ID 'minio_finance' for task execution.
[2026-02-04T14:15:01.729+0000] {connection_wrapper.py:384} INFO - AWS Connection (conn_id='minio_finance', conn_type='aws') credentials retrieved from login and password.
[2026-02-04T14:15:01.902+0000] {logging_mixin.py:188} INFO - ✓ Read 673 rows from people/date=2026-01-19/batch_85.csv
[2026-02-04T14:15:01.913+0000] {base.py:84} INFO - Using connection ID 'minio_finance' for task execution.
[2026-02-04T14:15:01.915+0000] {connection_wrapper.py:384} INFO - AWS Connection (conn_id='minio_finance', conn_type='aws') credentials retrieved from login and password.
[2026-02-04T14:15:02.158+0000] {logging_mixin.py:188} INFO - ✓ Read 256 rows from people/date=2026-01-19/batch_86.csv
[2026-02-04T14:15:02.169+0000] {base.py:84} INFO - Using connection ID 'minio_finance' for task execution.
[2026-02-04T14:15:02.170+0000] {connection_wrapper.py:384} INFO - AWS Connection (conn_id='minio_finance', conn_type='aws') credentials retrieved from login and password.
[2026-02-04T14:15:02.401+0000] {logging_mixin.py:188} INFO - ✓ Read 370 rows from people/date=2026-01-19/batch_9.csv
[2026-02-04T14:15:02.419+0000] {logging_mixin.py:188} INFO - ✓ Concatenated 86 files into 33247 total rows
[2026-02-04T14:15:02.424+0000] {logging_mixin.py:188} INFO - Loaded 33247 rows
[2026-02-04T14:15:02.426+0000] {logging_mixin.py:188} INFO - 
[3/4] Cleaning and transforming data...
[2026-02-04T14:15:02.572+0000] {logging_mixin.py:188} INFO - After cleaning: 33222 rows
[2026-02-04T14:15:02.573+0000] {logging_mixin.py:188} INFO - 
[4/4] Upserting into database...
[2026-02-04T14:15:02.622+0000] {logging_mixin.py:188} INFO - ✓ Schema hethong_phantich_chungkhoan ensured
[2026-02-04T14:15:06.346+0000] {logging_mixin.py:188} INFO - Deleted 33219 existing records by (ticker, name) key
[2026-02-04T14:15:07.737+0000] {logging_mixin.py:188} INFO - ==================================================
[2026-02-04T14:15:07.738+0000] {logging_mixin.py:188} INFO - 📥 LOADED from MinIO: 33222 rows
[2026-02-04T14:15:07.739+0000] {logging_mixin.py:188} INFO - 📤 UPSERTED to DB: 33222 rows
[2026-02-04T14:15:07.739+0000] {logging_mixin.py:188} INFO - ==================================================
[2026-02-04T14:15:07.760+0000] {python.py:237} INFO - Done. Returned value was: ✅ Success: Loaded 33222 | Upserted 33222 rows
[2026-02-04T14:15:07.761+0000] {taskinstance.py:441} INFO - ::group::Post task execution logs
[2026-02-04T14:15:07.811+0000] {taskinstance.py:1206} INFO - Marking task as SUCCESS. dag_id=minio_to_db_sync, task_id=sync_people, run_id=scheduled__2026-02-03T03:00:00+00:00, execution_date=20260203T030000, start_date=20260204T141226, end_date=20260204T141507
[2026-02-04T14:15:07.923+0000] {local_task_job_runner.py:243} INFO - Task exited with return code 0
[2026-02-04T14:15:08.040+0000] {taskinstance.py:3503} INFO - 0 downstream tasks scheduled from follow-on schedule check
[2026-02-04T14:15:08.045+0000] {local_task_job_runner.py:222} INFO - ::endgroup::
