[2026-02-21T05:02:23.898+0000] {local_task_job_runner.py:120} INFO - ::group::Pre task execution logs
[2026-02-21T05:02:23.955+0000] {taskinstance.py:2076} INFO - Dependencies all met for dep_context=non-requeueable deps ti=<TaskInstance: minio_to_db_sync.sync_news manual__2026-02-21T05:02:14.974764+00:00 [queued]>
[2026-02-21T05:02:23.979+0000] {taskinstance.py:2076} INFO - Dependencies all met for dep_context=requeueable deps ti=<TaskInstance: minio_to_db_sync.sync_news manual__2026-02-21T05:02:14.974764+00:00 [queued]>
[2026-02-21T05:02:23.980+0000] {taskinstance.py:2306} INFO - Starting attempt 1 of 3
[2026-02-21T05:02:24.030+0000] {taskinstance.py:2330} INFO - Executing <Task(_PythonDecoratedOperator): sync_news> on 2026-02-21 05:02:14.974764+00:00
[2026-02-21T05:02:24.065+0000] {warnings.py:112} WARNING - This process (pid=90) is multi-threaded, use of fork() may lead to deadlocks in the child.

[2026-02-21T05:02:24.070+0000] {standard_task_runner.py:64} INFO - Started process 114 to run task
[2026-02-21T05:02:24.097+0000] {standard_task_runner.py:90} INFO - Running: ['***', 'tasks', 'run', 'minio_to_db_sync', 'sync_news', 'manual__2026-02-21T05:02:14.974764+00:00', '--job-id', '22584', '--raw', '--subdir', 'DAGS_FOLDER/minio_to_db_sync.py', '--cfg-path', '/tmp/tmprntpcsdw']
[2026-02-21T05:02:24.121+0000] {standard_task_runner.py:91} INFO - Job 22584: Subtask sync_news
[2026-02-21T05:02:25.803+0000] {task_command.py:426} INFO - Running <TaskInstance: minio_to_db_sync.sync_news manual__2026-02-21T05:02:14.974764+00:00 [running]> on host 9cd898c40fe6
[2026-02-21T05:02:27.128+0000] {taskinstance.py:2648} INFO - Exporting env vars: AIRFLOW_CTX_DAG_OWNER='***' AIRFLOW_CTX_DAG_ID='minio_to_db_sync' AIRFLOW_CTX_TASK_ID='sync_news' AIRFLOW_CTX_EXECUTION_DATE='2026-02-21T05:02:14.974764+00:00' AIRFLOW_CTX_TRY_NUMBER='1' AIRFLOW_CTX_DAG_RUN_ID='manual__2026-02-21T05:02:14.974764+00:00'
[2026-02-21T05:02:27.130+0000] {taskinstance.py:430} INFO - ::endgroup::
[2026-02-21T05:02:27.588+0000] {taskinstance.py:441} INFO - ::group::Post task execution logs
[2026-02-21T05:02:27.710+0000] {taskinstance.py:2905} ERROR - Task failed with exception
Traceback (most recent call last):
  File "/home/airflow/.local/lib/python3.12/site-packages/airflow/models/taskinstance.py", line 465, in _execute_task
    result = _execute_callable(context=context, **execute_callable_kwargs)
             ^^^^^^^^^^^^^^^^^^^^^^^^^^^^^^^^^^^^^^^^^^^^^^^^^^^^^^^^^^^^^
  File "/home/airflow/.local/lib/python3.12/site-packages/airflow/models/taskinstance.py", line 432, in _execute_callable
    return execute_callable(context=context, **execute_callable_kwargs)
           ^^^^^^^^^^^^^^^^^^^^^^^^^^^^^^^^^^^^^^^^^^^^^^^^^^^^^^^^^^^^
  File "/home/airflow/.local/lib/python3.12/site-packages/airflow/models/baseoperator.py", line 401, in wrapper
    return func(self, *args, **kwargs)
           ^^^^^^^^^^^^^^^^^^^^^^^^^^^
  File "/home/airflow/.local/lib/python3.12/site-packages/airflow/decorators/base.py", line 265, in execute
    return_value = super().execute(context)
                   ^^^^^^^^^^^^^^^^^^^^^^^^
  File "/home/airflow/.local/lib/python3.12/site-packages/airflow/models/baseoperator.py", line 401, in wrapper
    return func(self, *args, **kwargs)
           ^^^^^^^^^^^^^^^^^^^^^^^^^^^
  File "/home/airflow/.local/lib/python3.12/site-packages/airflow/operators/python.py", line 235, in execute
    return_value = self.execute_callable()
                   ^^^^^^^^^^^^^^^^^^^^^^^
  File "/home/airflow/.local/lib/python3.12/site-packages/airflow/operators/python.py", line 252, in execute_callable
    return self.python_callable(*self.op_args, **self.op_kwargs)
           ^^^^^^^^^^^^^^^^^^^^^^^^^^^^^^^^^^^^^^^^^^^^^^^^^^^^^
  File "/opt/airflow/dags/minio_to_db_sync.py", line 113, in task_sync_news
    return sync_news_to_db(
           ^^^^^^^^^^^^^^^^
TypeError: sync_news_to_db() missing 1 required positional argument: 'ds'
[2026-02-21T05:02:28.241+0000] {taskinstance.py:1206} INFO - Marking task as UP_FOR_RETRY. dag_id=minio_to_db_sync, task_id=sync_news, run_id=manual__2026-02-21T05:02:14.974764+00:00, execution_date=20260221T050214, start_date=20260221T050223, end_date=20260221T050228
[2026-02-21T05:02:28.633+0000] {standard_task_runner.py:110} ERROR - Failed to execute job 22584 for task sync_news (sync_news_to_db() missing 1 required positional argument: 'ds'; 114)
[2026-02-21T05:02:28.721+0000] {local_task_job_runner.py:243} INFO - Task exited with return code 1
[2026-02-21T05:02:29.356+0000] {taskinstance.py:3503} INFO - 0 downstream tasks scheduled from follow-on schedule check
[2026-02-21T05:02:29.407+0000] {local_task_job_runner.py:222} INFO - ::endgroup::
