[2026-02-05T15:16:02.033+0000] {local_task_job_runner.py:120} INFO - ::group::Pre task execution logs
[2026-02-05T15:16:02.053+0000] {taskinstance.py:2076} INFO - Dependencies all met for dep_context=non-requeueable deps ti=<TaskInstance: bctc_minio.ingest_bctc manual__2026-02-05T15:12:07+00:00 map_index=21 [queued]>
[2026-02-05T15:16:02.066+0000] {taskinstance.py:2076} INFO - Dependencies all met for dep_context=requeueable deps ti=<TaskInstance: bctc_minio.ingest_bctc manual__2026-02-05T15:12:07+00:00 map_index=21 [queued]>
[2026-02-05T15:16:02.066+0000] {taskinstance.py:2306} INFO - Starting attempt 1 of 2
[2026-02-05T15:16:02.085+0000] {taskinstance.py:2330} INFO - Executing <Mapped(DfToCsvOperator): ingest_bctc> on 2026-02-05 15:12:07+00:00
[2026-02-05T15:16:02.097+0000] {warnings.py:112} WARNING - This process (pid=7103) is multi-threaded, use of fork() may lead to deadlocks in the child.

[2026-02-05T15:16:02.098+0000] {standard_task_runner.py:64} INFO - Started process 7135 to run task
[2026-02-05T15:16:02.102+0000] {standard_task_runner.py:90} INFO - Running: ['***', 'tasks', 'run', 'bctc_minio', 'ingest_bctc', 'manual__2026-02-05T15:12:07+00:00', '--job-id', '18562', '--raw', '--subdir', 'DAGS_FOLDER/dl_bctc.py', '--cfg-path', '/tmp/tmp3_j5ye6v', '--map-index', '21']
[2026-02-05T15:16:02.105+0000] {standard_task_runner.py:91} INFO - Job 18562: Subtask ingest_bctc
[2026-02-05T15:16:02.170+0000] {task_command.py:426} INFO - Running <TaskInstance: bctc_minio.ingest_bctc manual__2026-02-05T15:12:07+00:00 map_index=21 [running]> on host f1dca83810e1
[2026-02-05T15:16:02.294+0000] {taskinstance.py:2648} INFO - Exporting env vars: AIRFLOW_CTX_DAG_OWNER='***' AIRFLOW_CTX_DAG_ID='bctc_minio' AIRFLOW_CTX_TASK_ID='ingest_bctc' AIRFLOW_CTX_EXECUTION_DATE='2026-02-05T15:12:07+00:00' AIRFLOW_CTX_TRY_NUMBER='1' AIRFLOW_CTX_DAG_RUN_ID='manual__2026-02-05T15:12:07+00:00'
[2026-02-05T15:16:02.297+0000] {taskinstance.py:430} INFO - ::endgroup::
[2026-02-05T15:16:02.308+0000] {logging_mixin.py:188} INFO - Bắt đầu xử lý batch 20 mã: ['SSF', 'SSC', 'SSB', 'SRT', 'SRF', 'SRC', 'SRB', 'SRA', 'SQC', 'SPV', 'SPP', 'SPM', 'SPI', 'SPH', 'SPD', 'SPC', 'SPB', 'SPA', 'SP2', 'SON']
[2026-02-05T15:16:02.308+0000] {logging_mixin.py:188} INFO -  >> Đang lấy dữ liệu: SSF
[2026-02-05T15:16:07.538+0000] {logging_mixin.py:188} INFO - ❌ Lỗi income_statement: RetryError[<Future at 0x7f54e4bae3c0 state=finished raised KeyError>]
[2026-02-05T15:16:14.459+0000] {logging_mixin.py:188} INFO - ❌ Lỗi balance_sheet: RetryError[<Future at 0x7f54e4bf53d0 state=finished raised KeyError>]
[2026-02-05T15:16:20.695+0000] {logging_mixin.py:188} INFO - ❌ Lỗi cash_flow: RetryError[<Future at 0x7f54e4bf6cc0 state=finished raised KeyError>]
[2026-02-05T15:16:24.201+0000] {logging_mixin.py:188} INFO -  >> Đang lấy dữ liệu: SSC
[2026-02-05T15:16:35.899+0000] {log.py:232} WARNING - 2026-02-05 15:16:35 - vnstock.core.utils.client - ERROR - API request failed: HTTPSConnectionPool(host='trading.vietcap.com.vn', port=443): Max retries exceeded with url: /data-mt/graphql (Caused by NameResolutionError("<urllib3.connection.HTTPSConnection object at 0x7f54e4bf65d0>: Failed to resolve 'trading.vietcap.com.vn' ([Errno -3] Temporary failure in name resolution)"))
[2026-02-05T15:16:35.005+0000] {client.py:414} ERROR - API request failed: HTTPSConnectionPool(host='trading.vietcap.com.vn', port=443): Max retries exceeded with url: /data-mt/graphql (Caused by NameResolutionError("<urllib3.connection.HTTPSConnection object at 0x7f54e4bf65d0>: Failed to resolve 'trading.vietcap.com.vn' ([Errno -3] Temporary failure in name resolution)"))
[2026-02-05T15:16:35.917+0000] {logging_mixin.py:188} INFO -  Lỗi xử lý mã SSC: API request failed: HTTPSConnectionPool(host='trading.vietcap.com.vn', port=443): Max retries exceeded with url: /data-mt/graphql (Caused by NameResolutionError("<urllib3.connection.HTTPSConnection object at 0x7f54e4bf65d0>: Failed to resolve 'trading.vietcap.com.vn' ([Errno -3] Temporary failure in name resolution)"))
[2026-02-05T15:16:35.960+0000] {logging_mixin.py:188} INFO -  >> Đang lấy dữ liệu: SSB
[2026-02-05T15:16:48.233+0000] {logging_mixin.py:188} INFO - ❌ Lỗi balance_sheet: RetryError[<Future at 0x7f54e4c68980 state=finished raised ConnectionError>]
[2026-02-05T15:16:53.801+0000] {logging_mixin.py:188} INFO -  >> Đang lấy dữ liệu: SRT
[2026-02-05T15:16:54.084+0000] {logging_mixin.py:188} INFO -  Lỗi xử lý mã SRT: Failed to fetch data: 429 - Too Many Requests
[2026-02-05T15:16:54.087+0000] {logging_mixin.py:188} INFO -  >> Đang lấy dữ liệu: SRF
[2026-02-05T15:16:59.618+0000] {logging_mixin.py:188} INFO - ❌ Lỗi income_statement: RetryError[<Future at 0x7f54e4ad2120 state=finished raised ConnectionError>]
[2026-02-05T15:17:11.412+0000] {logging_mixin.py:188} INFO -  >> Đang lấy dữ liệu: SRC
[2026-02-05T15:17:11.573+0000] {logging_mixin.py:188} INFO -  Lỗi xử lý mã SRC: Failed to fetch data: 429 - Too Many Requests
[2026-02-05T15:17:11.577+0000] {logging_mixin.py:188} INFO -  >> Đang lấy dữ liệu: SRB
[2026-02-05T15:17:16.863+0000] {logging_mixin.py:188} INFO - ❌ Lỗi income_statement: RetryError[<Future at 0x7f54e4e1d820 state=finished raised ConnectionError>]
[2026-02-05T15:17:44.191+0000] {log.py:232} WARNING - 2026-02-05 15:17:44 - vnstock.core.utils.client - ERROR - API request failed: HTTPSConnectionPool(host='trading.vietcap.com.vn', port=443): Max retries exceeded with url: /data-mt/graphql (Caused by NameResolutionError("<urllib3.connection.HTTPSConnection object at 0x7f54e4bf5340>: Failed to resolve 'trading.vietcap.com.vn' ([Errno -3] Temporary failure in name resolution)"))
[2026-02-05T15:17:44.191+0000] {client.py:414} ERROR - API request failed: HTTPSConnectionPool(host='trading.vietcap.com.vn', port=443): Max retries exceeded with url: /data-mt/graphql (Caused by NameResolutionError("<urllib3.connection.HTTPSConnection object at 0x7f54e4bf5340>: Failed to resolve 'trading.vietcap.com.vn' ([Errno -3] Temporary failure in name resolution)"))
[2026-02-05T15:17:46.424+0000] {logging_mixin.py:188} INFO - ❌ Lỗi balance_sheet: RetryError[<Future at 0x7f54e4bf70e0 state=finished raised ConnectionError>]
[2026-02-05T15:17:51.952+0000] {logging_mixin.py:188} INFO -  >> Đang lấy dữ liệu: SRA
[2026-02-05T15:17:52.279+0000] {logging_mixin.py:188} INFO -  Lỗi xử lý mã SRA: Failed to fetch data: 429 - Too Many Requests
[2026-02-05T15:17:52.280+0000] {logging_mixin.py:188} INFO -  >> Đang lấy dữ liệu: SQC
[2026-02-05T15:17:52.402+0000] {logging_mixin.py:188} INFO -  Lỗi xử lý mã SQC: Failed to fetch data: 429 - Too Many Requests
[2026-02-05T15:17:52.403+0000] {logging_mixin.py:188} INFO -  >> Đang lấy dữ liệu: SPV
[2026-02-05T15:18:13.578+0000] {logging_mixin.py:188} INFO -  Lỗi xử lý mã SPV: Failed to fetch data: 429 - Too Many Requests
[2026-02-05T15:18:13.579+0000] {logging_mixin.py:188} INFO -  >> Đang lấy dữ liệu: SPP
[2026-02-05T15:18:13.926+0000] {logging_mixin.py:188} INFO -  Lỗi xử lý mã SPP: Failed to fetch data: 429 - Too Many Requests
[2026-02-05T15:18:13.927+0000] {logging_mixin.py:188} INFO -  >> Đang lấy dữ liệu: SPM
[2026-02-05T15:18:23.383+0000] {logging_mixin.py:188} INFO - ❌ Lỗi cash_flow: RetryError[<Future at 0x7f54e4ae5af0 state=finished raised ConnectionError>]
[2026-02-05T15:18:26.885+0000] {logging_mixin.py:188} INFO -  >> Đang lấy dữ liệu: SPI
[2026-02-05T15:18:27.015+0000] {logging_mixin.py:188} INFO -  Lỗi xử lý mã SPI: Failed to fetch data: 429 - Too Many Requests
[2026-02-05T15:18:27.016+0000] {logging_mixin.py:188} INFO -  >> Đang lấy dữ liệu: SPH
[2026-02-05T15:18:31.975+0000] {logging_mixin.py:188} INFO - ❌ Lỗi income_statement: RetryError[<Future at 0x7f54e4b36c00 state=finished raised KeyError>]
[2026-02-05T15:18:37.913+0000] {logging_mixin.py:188} INFO - ❌ Lỗi balance_sheet: RetryError[<Future at 0x7f54e4b34c50 state=finished raised KeyError>]
[2026-02-05T15:18:43.959+0000] {logging_mixin.py:188} INFO - ❌ Lỗi cash_flow: RetryError[<Future at 0x7f54e4b21310 state=finished raised KeyError>]
[2026-02-05T15:18:47.460+0000] {logging_mixin.py:188} INFO -  >> Đang lấy dữ liệu: SPD
[2026-02-05T15:19:03.793+0000] {logging_mixin.py:188} INFO -  >> Đang lấy dữ liệu: SPC
[2026-02-05T15:19:16.806+0000] {logging_mixin.py:188} INFO -  >> Đang lấy dữ liệu: SPB
[2026-02-05T15:19:29.135+0000] {logging_mixin.py:188} INFO - ❌ Lỗi balance_sheet: RetryError[<Future at 0x7f54e4c699d0 state=finished raised ConnectionError>]
[2026-02-05T15:19:36.605+0000] {logging_mixin.py:188} INFO -  >> Đang lấy dữ liệu: SPA
[2026-02-05T15:19:46.623+0000] {log.py:232} WARNING - 2026-02-05 15:19:46 - vnstock.core.utils.client - ERROR - API request failed: HTTPSConnectionPool(host='trading.vietcap.com.vn', port=443): Max retries exceeded with url: /data-mt/graphql (Caused by NameResolutionError("<urllib3.connection.HTTPSConnection object at 0x7f54e4a125d0>: Failed to resolve 'trading.vietcap.com.vn' ([Errno -3] Temporary failure in name resolution)"))
[2026-02-05T15:19:46.622+0000] {client.py:414} ERROR - API request failed: HTTPSConnectionPool(host='trading.vietcap.com.vn', port=443): Max retries exceeded with url: /data-mt/graphql (Caused by NameResolutionError("<urllib3.connection.HTTPSConnection object at 0x7f54e4a125d0>: Failed to resolve 'trading.vietcap.com.vn' ([Errno -3] Temporary failure in name resolution)"))
[2026-02-05T15:19:46.627+0000] {logging_mixin.py:188} INFO -  Lỗi xử lý mã SPA: API request failed: HTTPSConnectionPool(host='trading.vietcap.com.vn', port=443): Max retries exceeded with url: /data-mt/graphql (Caused by NameResolutionError("<urllib3.connection.HTTPSConnection object at 0x7f54e4a125d0>: Failed to resolve 'trading.vietcap.com.vn' ([Errno -3] Temporary failure in name resolution)"))
[2026-02-05T15:19:46.628+0000] {logging_mixin.py:188} INFO -  >> Đang lấy dữ liệu: SP2
[2026-02-05T15:20:02.252+0000] {logging_mixin.py:188} INFO -  >> Đang lấy dữ liệu: SON
[2026-02-05T15:20:02.470+0000] {logging_mixin.py:188} INFO -  Lỗi xử lý mã SON: Failed to fetch data: 429 - Too Many Requests
[2026-02-05T15:20:02.476+0000] {logging_mixin.py:188} INFO -  ✓ Hoàn thành batch. Tổng số dòng: 1684
[2026-02-05T15:20:02.539+0000] {base.py:84} INFO - Using connection ID 'minio_finance' for task execution.
[2026-02-05T15:20:02.540+0000] {connection_wrapper.py:384} INFO - AWS Connection (conn_id='minio_finance', conn_type='aws') credentials retrieved from login and password.
[2026-02-05T15:20:03.250+0000] {datalake_df2csv.py:52} INFO - ✅ Đã upload 1684 dòng -> s3://thongtin-congty-va-bctc/bctc/2026-02-05/batch_21.csv
[2026-02-05T15:20:03.251+0000] {taskinstance.py:441} INFO - ::group::Post task execution logs
[2026-02-05T15:20:03.265+0000] {taskinstance.py:1206} INFO - Marking task as SUCCESS. dag_id=bctc_minio, task_id=ingest_bctc, run_id=manual__2026-02-05T15:12:07+00:00, map_index=21, execution_date=20260205T151207, start_date=20260205T151602, end_date=20260205T152003
[2026-02-05T15:20:03.326+0000] {local_task_job_runner.py:243} INFO - Task exited with return code 0
[2026-02-05T15:20:03.372+0000] {taskinstance.py:3503} INFO - 0 downstream tasks scheduled from follow-on schedule check
[2026-02-05T15:20:03.377+0000] {local_task_job_runner.py:222} INFO - ::endgroup::
