[2026-01-29T14:04:23.400+0000] {local_task_job_runner.py:120} INFO - ::group::Pre task execution logs
[2026-01-29T14:04:23.431+0000] {taskinstance.py:2076} INFO - Dependencies all met for dep_context=non-requeueable deps ti=<TaskInstance: daily_price_minio.ingest_daily_price scheduled__2026-01-27T16:00:00+00:00 map_index=202 [queued]>
[2026-01-29T14:04:23.452+0000] {taskinstance.py:2076} INFO - Dependencies all met for dep_context=requeueable deps ti=<TaskInstance: daily_price_minio.ingest_daily_price scheduled__2026-01-27T16:00:00+00:00 map_index=202 [queued]>
[2026-01-29T14:04:23.453+0000] {taskinstance.py:2306} INFO - Starting attempt 1 of 2
[2026-01-29T14:04:23.490+0000] {taskinstance.py:2330} INFO - Executing <Mapped(DfToCsvOperator): ingest_daily_price> on 2026-01-27 16:00:00+00:00
[2026-01-29T14:04:23.502+0000] {warnings.py:112} WARNING - This process (pid=3336) is multi-threaded, use of fork() may lead to deadlocks in the child.

[2026-01-29T14:04:23.504+0000] {standard_task_runner.py:64} INFO - Started process 3406 to run task
[2026-01-29T14:04:23.506+0000] {standard_task_runner.py:90} INFO - Running: ['***', 'tasks', 'run', 'daily_price_minio', 'ingest_daily_price', 'scheduled__2026-01-27T16:00:00+00:00', '--job-id', '9957', '--raw', '--subdir', 'DAGS_FOLDER/dl_dailly_price.py', '--cfg-path', '/tmp/tmpgvlmai31', '--map-index', '202']
[2026-01-29T14:04:23.510+0000] {standard_task_runner.py:91} INFO - Job 9957: Subtask ingest_daily_price
[2026-01-29T14:04:23.573+0000] {task_command.py:426} INFO - Running <TaskInstance: daily_price_minio.ingest_daily_price scheduled__2026-01-27T16:00:00+00:00 map_index=202 [running]> on host 8b20476457f0
[2026-01-29T14:04:23.738+0000] {taskinstance.py:2648} INFO - Exporting env vars: AIRFLOW_CTX_DAG_OWNER='***' AIRFLOW_CTX_DAG_ID='daily_price_minio' AIRFLOW_CTX_TASK_ID='ingest_daily_price' AIRFLOW_CTX_EXECUTION_DATE='2026-01-27T16:00:00+00:00' AIRFLOW_CTX_TRY_NUMBER='1' AIRFLOW_CTX_DAG_RUN_ID='scheduled__2026-01-27T16:00:00+00:00'
[2026-01-29T14:04:23.739+0000] {taskinstance.py:430} INFO - ::endgroup::
[2026-01-29T14:04:29.102+0000] {logging_mixin.py:188} INFO - IPH: RetryError (source=VCI), retry 1/3 in 2.0s
[2026-01-29T14:04:35.685+0000] {logging_mixin.py:188} INFO - IPH: RetryError (source=VCI), retry 2/3 in 4.0s
[2026-01-29T14:04:44.292+0000] {logging_mixin.py:188} INFO - IPH: RetryError (source=VCI), retry 3/3 in 8.0s
[2026-01-29T14:04:52.293+0000] {logging_mixin.py:188} INFO - IPH: Exhausted retries for source=VCI, trying next source...
[2026-01-29T14:04:56.800+0000] {logging_mixin.py:188} INFO - IPH: RetryError (source=TCBS), retry 1/3 in 2.0s
[2026-01-29T14:05:03.324+0000] {logging_mixin.py:188} INFO - IPH: RetryError (source=TCBS), retry 2/3 in 4.0s
[2026-01-29T14:05:11.904+0000] {logging_mixin.py:188} INFO - IPH: RetryError (source=TCBS), retry 3/3 in 8.0s
[2026-01-29T14:05:19.905+0000] {logging_mixin.py:188} INFO - IPH: Exhausted retries for source=TCBS, trying next source...
[2026-01-29T14:05:19.906+0000] {logging_mixin.py:188} INFO - IPH: All sources failed after retries
[2026-01-29T14:05:22.470+0000] {base.py:84} INFO - Using connection ID 'minio_finance' for task execution.
[2026-01-29T14:05:22.471+0000] {connection_wrapper.py:384} INFO - AWS Connection (conn_id='minio_finance', conn_type='aws') credentials retrieved from login and password.
[2026-01-29T14:05:22.865+0000] {datalake_df2csv.py:52} INFO - ✅ Đã upload 16 dòng -> s3://thongtin-congty-va-bctc/daily_price/2026-01-27/batch_202.csv
[2026-01-29T14:05:22.866+0000] {taskinstance.py:441} INFO - ::group::Post task execution logs
[2026-01-29T14:05:22.874+0000] {taskinstance.py:1206} INFO - Marking task as SUCCESS. dag_id=daily_price_minio, task_id=ingest_daily_price, run_id=scheduled__2026-01-27T16:00:00+00:00, map_index=202, execution_date=20260127T160000, start_date=20260129T140423, end_date=20260129T140522
[2026-01-29T14:05:22.931+0000] {local_task_job_runner.py:243} INFO - Task exited with return code 0
[2026-01-29T14:05:22.945+0000] {taskinstance.py:3503} INFO - 0 downstream tasks scheduled from follow-on schedule check
[2026-01-29T14:05:22.949+0000] {local_task_job_runner.py:222} INFO - ::endgroup::
