[2026-01-19T14:04:01.251+0000] {local_task_job_runner.py:120} INFO - ::group::Pre task execution logs
[2026-01-19T14:04:01.277+0000] {taskinstance.py:2076} INFO - Dependencies all met for dep_context=non-requeueable deps ti=<TaskInstance: company_overview_to_minio.ingest_overview manual__2026-01-19T13:56:03+00:00 map_index=48 [queued]>
[2026-01-19T14:04:01.292+0000] {taskinstance.py:2076} INFO - Dependencies all met for dep_context=requeueable deps ti=<TaskInstance: company_overview_to_minio.ingest_overview manual__2026-01-19T13:56:03+00:00 map_index=48 [queued]>
[2026-01-19T14:04:01.293+0000] {taskinstance.py:2306} INFO - Starting attempt 1 of 2
[2026-01-19T14:04:01.311+0000] {taskinstance.py:2330} INFO - Executing <Mapped(DfToCsvOperator): ingest_overview> on 2026-01-19 13:56:03+00:00
[2026-01-19T14:04:01.326+0000] {warnings.py:112} WARNING - This process (pid=4791) is multi-threaded, use of fork() may lead to deadlocks in the child.

[2026-01-19T14:04:01.328+0000] {standard_task_runner.py:64} INFO - Started process 4819 to run task
[2026-01-19T14:04:01.331+0000] {standard_task_runner.py:90} INFO - Running: ['***', 'tasks', 'run', 'company_overview_to_minio', 'ingest_overview', 'manual__2026-01-19T13:56:03+00:00', '--job-id', '3184', '--raw', '--subdir', 'DAGS_FOLDER/company_overview_to_minio.py', '--cfg-path', '/tmp/tmp2yabv6v5', '--map-index', '48']
[2026-01-19T14:04:01.335+0000] {standard_task_runner.py:91} INFO - Job 3184: Subtask ingest_overview
[2026-01-19T14:04:01.387+0000] {task_command.py:426} INFO - Running <TaskInstance: company_overview_to_minio.ingest_overview manual__2026-01-19T13:56:03+00:00 map_index=48 [running]> on host 8cee9c20419f
[2026-01-19T14:04:01.497+0000] {taskinstance.py:2648} INFO - Exporting env vars: AIRFLOW_CTX_DAG_OWNER='***' AIRFLOW_CTX_DAG_ID='company_overview_to_minio' AIRFLOW_CTX_TASK_ID='ingest_overview' AIRFLOW_CTX_EXECUTION_DATE='2026-01-19T13:56:03+00:00' AIRFLOW_CTX_TRY_NUMBER='1' AIRFLOW_CTX_DAG_RUN_ID='manual__2026-01-19T13:56:03+00:00'
[2026-01-19T14:04:01.498+0000] {taskinstance.py:430} INFO - ::endgroup::
[2026-01-19T14:04:04.891+0000] {logging_mixin.py:188} INFO - Err overview KTT: Failed to fetch data: 429 - Too Many Requests
[2026-01-19T14:04:06.132+0000] {warnings.py:112} WARNING - DataFrame.applymap has been deprecated. Use DataFrame.map instead.

[2026-01-19T14:04:07.508+0000] {warnings.py:112} WARNING - DataFrame.applymap has been deprecated. Use DataFrame.map instead.

[2026-01-19T14:04:08.731+0000] {logging_mixin.py:188} INFO - Err overview KTC: Failed to fetch data: 429 - Too Many Requests
[2026-01-19T14:04:09.947+0000] {logging_mixin.py:188} INFO - Err overview KSV: Failed to fetch data: 429 - Too Many Requests
[2026-01-19T14:04:11.186+0000] {warnings.py:112} WARNING - DataFrame.applymap has been deprecated. Use DataFrame.map instead.

[2026-01-19T14:04:16.453+0000] {logging_mixin.py:188} INFO - Err overview KSS: RetryError[<Future at 0x7fc8869544d0 state=finished raised AttributeError>]
[2026-01-19T14:04:17.881+0000] {logging_mixin.py:188} INFO - Err overview KSQ: Failed to fetch data: 429 - Too Many Requests
[2026-01-19T14:04:19.156+0000] {warnings.py:112} WARNING - DataFrame.applymap has been deprecated. Use DataFrame.map instead.

[2026-01-19T14:04:20.381+0000] {logging_mixin.py:188} INFO - Err overview KSF: Failed to fetch data: 429 - Too Many Requests
[2026-01-19T14:04:21.916+0000] {warnings.py:112} WARNING - DataFrame.applymap has been deprecated. Use DataFrame.map instead.

[2026-01-19T14:04:23.453+0000] {logging_mixin.py:188} INFO - Err overview KSB: Failed to fetch data: 429 - Too Many Requests
[2026-01-19T14:04:25.025+0000] {warnings.py:112} WARNING - DataFrame.applymap has been deprecated. Use DataFrame.map instead.

[2026-01-19T14:04:26.591+0000] {warnings.py:112} WARNING - DataFrame.applymap has been deprecated. Use DataFrame.map instead.

[2026-01-19T14:04:27.886+0000] {warnings.py:112} WARNING - DataFrame.applymap has been deprecated. Use DataFrame.map instead.

[2026-01-19T14:04:29.121+0000] {warnings.py:112} WARNING - DataFrame.applymap has been deprecated. Use DataFrame.map instead.

[2026-01-19T14:04:30.324+0000] {logging_mixin.py:188} INFO - Err overview KLM: Failed to fetch data: 429 - Too Many Requests
[2026-01-19T14:04:31.540+0000] {logging_mixin.py:188} INFO - Err overview KLF: Failed to fetch data: 429 - Too Many Requests
[2026-01-19T14:04:32.794+0000] {warnings.py:112} WARNING - DataFrame.applymap has been deprecated. Use DataFrame.map instead.

[2026-01-19T14:04:34.041+0000] {warnings.py:112} WARNING - DataFrame.applymap has been deprecated. Use DataFrame.map instead.

[2026-01-19T14:04:35.066+0000] {base.py:84} INFO - Using connection ID 'minio_finance' for task execution.
[2026-01-19T14:04:35.066+0000] {connection_wrapper.py:384} INFO - AWS Connection (conn_id='minio_finance', conn_type='aws') credentials retrieved from login and password.
[2026-01-19T14:04:35.493+0000] {datalake_df2csv.py:52} INFO - ✅ Đã upload 11 dòng -> s3://thongtin-congty-va-bctc/overview/date=2026-01-19/batch_48.csv
[2026-01-19T14:04:35.494+0000] {taskinstance.py:441} INFO - ::group::Post task execution logs
[2026-01-19T14:04:35.504+0000] {taskinstance.py:1206} INFO - Marking task as SUCCESS. dag_id=company_overview_to_minio, task_id=ingest_overview, run_id=manual__2026-01-19T13:56:03+00:00, map_index=48, execution_date=20260119T135603, start_date=20260119T140401, end_date=20260119T140435
[2026-01-19T14:04:35.544+0000] {local_task_job_runner.py:243} INFO - Task exited with return code 0
[2026-01-19T14:04:35.574+0000] {taskinstance.py:3503} INFO - 0 downstream tasks scheduled from follow-on schedule check
[2026-01-19T14:04:35.577+0000] {local_task_job_runner.py:222} INFO - ::endgroup::
