[2026-04-15T16:01:44.463+0000] {local_task_job_runner.py:120} INFO - ::group::Pre task execution logs
[2026-04-15T16:01:44.497+0000] {taskinstance.py:2076} INFO - Dependencies all met for dep_context=non-requeueable deps ti=<TaskInstance: daily_price.ingest_daily_price scheduled__2026-04-14T16:00:00+00:00 map_index=16 [queued]>
[2026-04-15T16:01:44.516+0000] {taskinstance.py:2076} INFO - Dependencies all met for dep_context=requeueable deps ti=<TaskInstance: daily_price.ingest_daily_price scheduled__2026-04-14T16:00:00+00:00 map_index=16 [queued]>
[2026-04-15T16:01:44.517+0000] {taskinstance.py:2306} INFO - Starting attempt 1 of 2
[2026-04-15T16:01:44.544+0000] {taskinstance.py:2330} INFO - Executing <Mapped(DfToCsvOperator): ingest_daily_price> on 2026-04-14 16:00:00+00:00
[2026-04-15T16:01:44.557+0000] {warnings.py:112} WARNING - This process (pid=5237) is multi-threaded, use of fork() may lead to deadlocks in the child.

[2026-04-15T16:01:44.560+0000] {standard_task_runner.py:64} INFO - Started process 5316 to run task
[2026-04-15T16:01:44.562+0000] {standard_task_runner.py:90} INFO - Running: ['***', 'tasks', 'run', 'daily_price', 'ingest_daily_price', 'scheduled__2026-04-14T16:00:00+00:00', '--job-id', '42759', '--raw', '--subdir', 'DAGS_FOLDER/dl_dailly_price.py', '--cfg-path', '/tmp/tmpktcwggyj', '--map-index', '16']
[2026-04-15T16:01:44.568+0000] {standard_task_runner.py:91} INFO - Job 42759: Subtask ingest_daily_price
[2026-04-15T16:01:44.643+0000] {task_command.py:426} INFO - Running <TaskInstance: daily_price.ingest_daily_price scheduled__2026-04-14T16:00:00+00:00 map_index=16 [running]> on host 0c77025344c6
[2026-04-15T16:01:44.824+0000] {taskinstance.py:2648} INFO - Exporting env vars: AIRFLOW_CTX_DAG_OWNER='***' AIRFLOW_CTX_DAG_ID='daily_price' AIRFLOW_CTX_TASK_ID='ingest_daily_price' AIRFLOW_CTX_EXECUTION_DATE='2026-04-14T16:00:00+00:00' AIRFLOW_CTX_TRY_NUMBER='1' AIRFLOW_CTX_DAG_RUN_ID='scheduled__2026-04-14T16:00:00+00:00'
[2026-04-15T16:01:44.830+0000] {taskinstance.py:430} INFO - ::endgroup::
[2026-04-15T16:01:44.833+0000] {datalake_df2csv.py:40} INFO - ================================================================================
[2026-04-15T16:01:44.836+0000] {datalake_df2csv.py:41} INFO - 🚀 BẮT ĐẦU TASK: ingest_daily_price
[2026-04-15T16:01:44.837+0000] {datalake_df2csv.py:42} INFO - ================================================================================
[2026-04-15T16:01:44.838+0000] {datalake_df2csv.py:43} INFO - 📋 Thông tin cấu hình:
[2026-04-15T16:01:44.841+0000] {datalake_df2csv.py:44} INFO -   - Logic file: history_price
[2026-04-15T16:01:44.843+0000] {datalake_df2csv.py:45} INFO -   - DataFrame name: get_history_price_batch
[2026-04-15T16:01:44.844+0000] {datalake_df2csv.py:46} INFO -   - Bucket: thongtin-congty-va-bctc
[2026-04-15T16:01:44.848+0000] {datalake_df2csv.py:47} INFO -   - Object path: daily_price/2026-04-14/batch_16.csv
[2026-04-15T16:01:44.849+0000] {datalake_df2csv.py:48} INFO -   - Connection ID: minio_finance
[2026-04-15T16:01:44.850+0000] {datalake_df2csv.py:49} INFO -   - Tham số truyền vào: {'symbols': ['NSG', 'CTD', 'DVG', 'HPH', 'BNA'], 'start_date': '2026-04-14', 'end_date': '2026-04-15'}
[2026-04-15T16:01:44.853+0000] {datalake_df2csv.py:50} INFO - --------------------------------------------------------------------------------
[2026-04-15T16:01:44.856+0000] {datalake_df2csv.py:54} INFO - 📥 Bước 1: Đang load dữ liệu từ logic file...
[2026-04-15T16:01:44.874+0000] {datalake_df2csv.py:148} INFO -   - Logic directory: /opt/airflow/plugins/logic
[2026-04-15T16:01:44.876+0000] {datalake_df2csv.py:149} INFO -   - Module path: /opt/airflow/plugins/logic/history_price.py
[2026-04-15T16:01:44.878+0000] {datalake_df2csv.py:153} INFO -   - Đã thêm logic directory vào sys.path
[2026-04-15T16:01:44.890+0000] {datalake_df2csv.py:159} INFO -   - Đang load module 'history_price'...
[2026-04-15T16:01:44.896+0000] {datalake_df2csv.py:163} INFO -   - ✅ Module loaded thành công
[2026-04-15T16:01:44.897+0000] {datalake_df2csv.py:165} INFO -   - Đang tìm DataFrame/function: 'get_history_price_batch'...
[2026-04-15T16:01:44.898+0000] {datalake_df2csv.py:170} INFO -   - ✅ Tìm thấy object: function
[2026-04-15T16:01:44.898+0000] {datalake_df2csv.py:173} INFO -   - Đang gọi function với tham số: {'symbols': ['NSG', 'CTD', 'DVG', 'HPH', 'BNA'], 'start_date': '2026-04-14', 'end_date': '2026-04-15'}
[2026-04-15T16:01:50.397+0000] {datalake_df2csv.py:68} INFO - ✅ Load dữ liệu thành công!
[2026-04-15T16:01:50.398+0000] {datalake_df2csv.py:69} INFO - 📊 Thông tin DataFrame:
[2026-04-15T16:01:50.400+0000] {datalake_df2csv.py:70} INFO -   - Số dòng: 20
[2026-04-15T16:01:50.401+0000] {datalake_df2csv.py:71} INFO -   - Số cột: 7
[2026-04-15T16:01:50.402+0000] {datalake_df2csv.py:72} INFO -   - Tên các cột: ['ticker', 'trading_date', 'open', 'high', 'low', 'close', 'volume']
[2026-04-15T16:01:50.404+0000] {datalake_df2csv.py:73} INFO -   - Kiểu dữ liệu: {'ticker': 'object', 'trading_date': 'object', 'open': 'float64', 'high': 'float64', 'low': 'float64', 'close': 'float64', 'volume': 'int64'}
[2026-04-15T16:01:50.408+0000] {datalake_df2csv.py:74} INFO -   - Bộ nhớ sử dụng: 0.00 MB
[2026-04-15T16:01:50.412+0000] {datalake_df2csv.py:83} INFO -   - Không có giá trị NULL
[2026-04-15T16:01:50.413+0000] {datalake_df2csv.py:86} INFO -   - Mẫu dữ liệu (5 dòng đầu):
[2026-04-15T16:01:50.415+0000] {datalake_df2csv.py:88} INFO -     Row 0: {'ticker': 'NSG', 'trading_date': '2025-05-30', 'open': 12.0, 'high': 12.0, 'low': 12.0, 'close': 12.0, 'volume': 2000}
[2026-04-15T16:01:50.416+0000] {datalake_df2csv.py:88} INFO -     Row 1: {'ticker': 'NSG', 'trading_date': '2025-08-01', 'open': 10.2, 'high': 10.2, 'low': 10.2, 'close': 10.2, 'volume': 100}
[2026-04-15T16:01:50.417+0000] {datalake_df2csv.py:88} INFO -     Row 2: {'ticker': 'NSG', 'trading_date': '2025-08-15', 'open': 11.7, 'high': 11.7, 'low': 11.7, 'close': 11.7, 'volume': 100}
[2026-04-15T16:01:50.418+0000] {datalake_df2csv.py:88} INFO -     Row 3: {'ticker': 'NSG', 'trading_date': '2025-09-19', 'open': 13.0, 'high': 13.0, 'low': 13.0, 'close': 13.0, 'volume': 100}
[2026-04-15T16:01:50.419+0000] {datalake_df2csv.py:88} INFO -     Row 4: {'ticker': 'CTD', 'trading_date': '2026-04-10', 'open': 83.2, 'high': 84.4, 'low': 81.9, 'close': 82.0, 'volume': 542600}
[2026-04-15T16:01:50.420+0000] {datalake_df2csv.py:90} INFO - --------------------------------------------------------------------------------
[2026-04-15T16:01:50.420+0000] {datalake_df2csv.py:93} INFO - 📝 Bước 2: Đang chuyển đổi DataFrame sang CSV...
[2026-04-15T16:01:50.426+0000] {datalake_df2csv.py:97} INFO - ✅ Chuyển đổi CSV thành công!
[2026-04-15T16:01:50.427+0000] {datalake_df2csv.py:98} INFO -   - Kích thước file: 0.00 MB
[2026-04-15T16:01:50.429+0000] {datalake_df2csv.py:99} INFO -   - Thời gian chuyển đổi: 0.01 giây
[2026-04-15T16:01:50.430+0000] {datalake_df2csv.py:100} INFO - --------------------------------------------------------------------------------
[2026-04-15T16:01:50.431+0000] {datalake_df2csv.py:103} INFO - ☁️  Bước 3: Đang upload lên MinIO/S3...
[2026-04-15T16:01:50.459+0000] {base.py:84} INFO - Using connection ID 'minio_finance' for task execution.
[2026-04-15T16:01:50.465+0000] {connection_wrapper.py:384} INFO - AWS Connection (conn_id='minio_finance', conn_type='aws') credentials retrieved from login and password.
[2026-04-15T16:01:51.641+0000] {datalake_df2csv.py:112} INFO -   - Bucket 'thongtin-congty-va-bctc' đã tồn tại
[2026-04-15T16:01:51.705+0000] {datalake_df2csv.py:117} INFO - ✅ Upload thành công!
[2026-04-15T16:01:51.705+0000] {datalake_df2csv.py:118} INFO -   - Đường dẫn: s3://thongtin-congty-va-bctc/daily_price/2026-04-14/batch_16.csv
[2026-04-15T16:01:51.706+0000] {datalake_df2csv.py:119} INFO -   - Số dòng: 20
[2026-04-15T16:01:51.707+0000] {datalake_df2csv.py:120} INFO -   - Thời gian upload: 1.27 giây
[2026-04-15T16:01:51.708+0000] {datalake_df2csv.py:121} INFO - --------------------------------------------------------------------------------
[2026-04-15T16:01:51.708+0000] {datalake_df2csv.py:125} INFO - 📈 TỔNG KẾT:
[2026-04-15T16:01:51.709+0000] {datalake_df2csv.py:126} INFO -   - Tổng thời gian thực thi: 6.88 giây
[2026-04-15T16:01:51.710+0000] {datalake_df2csv.py:127} INFO -   - Tốc độ xử lý: 3 dòng/giây
[2026-04-15T16:01:51.711+0000] {datalake_df2csv.py:128} INFO - ================================================================================
[2026-04-15T16:01:51.711+0000] {datalake_df2csv.py:129} INFO - ✅ HOÀN THÀNH TASK: ingest_daily_price
[2026-04-15T16:01:51.712+0000] {datalake_df2csv.py:130} INFO - ================================================================================
[2026-04-15T16:01:51.713+0000] {taskinstance.py:441} INFO - ::group::Post task execution logs
[2026-04-15T16:01:51.740+0000] {taskinstance.py:1206} INFO - Marking task as SUCCESS. dag_id=daily_price, task_id=ingest_daily_price, run_id=scheduled__2026-04-14T16:00:00+00:00, map_index=16, execution_date=20260414T160000, start_date=20260415T160144, end_date=20260415T160151
[2026-04-15T16:01:51.847+0000] {local_task_job_runner.py:243} INFO - Task exited with return code 0
[2026-04-15T16:01:51.879+0000] {taskinstance.py:3503} INFO - 0 downstream tasks scheduled from follow-on schedule check
[2026-04-15T16:01:51.886+0000] {local_task_job_runner.py:222} INFO - ::endgroup::
