[2026-01-15T12:56:28.995+0000] {local_task_job_runner.py:120} INFO - ::group::Pre task execution logs
[2026-01-15T12:56:29.051+0000] {taskinstance.py:2076} INFO - Dependencies all met for dep_context=non-requeueable deps ti=<TaskInstance: minio_to_db_sync.sync_people scheduled__2026-01-14T03:00:00+00:00 [queued]>
[2026-01-15T12:56:29.123+0000] {taskinstance.py:2076} INFO - Dependencies all met for dep_context=requeueable deps ti=<TaskInstance: minio_to_db_sync.sync_people scheduled__2026-01-14T03:00:00+00:00 [queued]>
[2026-01-15T12:56:29.137+0000] {taskinstance.py:2306} INFO - Starting attempt 1 of 3
[2026-01-15T12:56:29.231+0000] {taskinstance.py:2330} INFO - Executing <Task(_PythonDecoratedOperator): sync_people> on 2026-01-14 03:00:00+00:00
[2026-01-15T12:56:29.293+0000] {warnings.py:112} WARNING - This process (pid=70) is multi-threaded, use of fork() may lead to deadlocks in the child.

[2026-01-15T12:56:29.300+0000] {standard_task_runner.py:64} INFO - Started process 256 to run task
[2026-01-15T12:56:29.331+0000] {standard_task_runner.py:90} INFO - Running: ['***', 'tasks', 'run', 'minio_to_db_sync', 'sync_people', 'scheduled__2026-01-14T03:00:00+00:00', '--job-id', '15809', '--raw', '--subdir', 'DAGS_FOLDER/minio_to_db_sync.py', '--cfg-path', '/tmp/tmpdhn5ylfg']
[2026-01-15T12:56:29.341+0000] {standard_task_runner.py:91} INFO - Job 15809: Subtask sync_people
[2026-01-15T12:56:29.734+0000] {task_command.py:426} INFO - Running <TaskInstance: minio_to_db_sync.sync_people scheduled__2026-01-14T03:00:00+00:00 [running]> on host 48331fd7a179
[2026-01-15T12:56:30.001+0000] {taskinstance.py:2648} INFO - Exporting env vars: AIRFLOW_CTX_DAG_OWNER='***' AIRFLOW_CTX_DAG_ID='minio_to_db_sync' AIRFLOW_CTX_TASK_ID='sync_people' AIRFLOW_CTX_EXECUTION_DATE='2026-01-14T03:00:00+00:00' AIRFLOW_CTX_TRY_NUMBER='1' AIRFLOW_CTX_DAG_RUN_ID='scheduled__2026-01-14T03:00:00+00:00'
[2026-01-15T12:56:30.004+0000] {taskinstance.py:430} INFO - ::endgroup::
[2026-01-15T12:56:30.047+0000] {logging_mixin.py:188} INFO - ======================================================================
[2026-01-15T12:56:30.047+0000] {logging_mixin.py:188} INFO - 📊 SYNC COMPANY PEOPLE/OWNER TO DATABASE
[2026-01-15T12:56:30.048+0000] {logging_mixin.py:188} INFO - ======================================================================
[2026-01-15T12:56:30.059+0000] {logging_mixin.py:188} INFO - 
[1/4] Finding latest partition...
[2026-01-15T12:56:30.092+0000] {base.py:84} INFO - Using connection ID 'minio_finance' for task execution.
[2026-01-15T12:56:30.095+0000] {connection_wrapper.py:384} INFO - AWS Connection (conn_id='minio_finance', conn_type='aws') credentials retrieved from login and password.
[2026-01-15T12:57:44.181+0000] {logging_mixin.py:188} INFO - ✓ Latest partition found: people/date=2026-01-12/
[2026-01-15T12:57:44.213+0000] {logging_mixin.py:188} INFO - 
[2/4] Reading CSV files...
[2026-01-15T12:57:44.239+0000] {base.py:84} INFO - Using connection ID 'minio_finance' for task execution.
[2026-01-15T12:57:44.241+0000] {connection_wrapper.py:384} INFO - AWS Connection (conn_id='minio_finance', conn_type='aws') credentials retrieved from login and password.
[2026-01-15T12:57:48.308+0000] {logging_mixin.py:188} INFO - ✓ Found 87 CSV files in thongtin-congty-va-bctc/people/date=2026-01-12/
[2026-01-15T12:57:48.341+0000] {base.py:84} INFO - Using connection ID 'minio_finance' for task execution.
[2026-01-15T12:57:48.345+0000] {connection_wrapper.py:384} INFO - AWS Connection (conn_id='minio_finance', conn_type='aws') credentials retrieved from login and password.
[2026-01-15T12:57:49.142+0000] {logging_mixin.py:188} INFO - ✓ Read 486 rows from people/date=2026-01-12/batch_0.csv
[2026-01-15T12:57:49.162+0000] {base.py:84} INFO - Using connection ID 'minio_finance' for task execution.
[2026-01-15T12:57:49.169+0000] {connection_wrapper.py:384} INFO - AWS Connection (conn_id='minio_finance', conn_type='aws') credentials retrieved from login and password.
[2026-01-15T12:57:49.479+0000] {logging_mixin.py:188} INFO - ✓ Read 495 rows from people/date=2026-01-12/batch_1.csv
[2026-01-15T12:57:49.496+0000] {base.py:84} INFO - Using connection ID 'minio_finance' for task execution.
[2026-01-15T12:57:49.497+0000] {connection_wrapper.py:384} INFO - AWS Connection (conn_id='minio_finance', conn_type='aws') credentials retrieved from login and password.
[2026-01-15T12:57:49.753+0000] {logging_mixin.py:188} INFO - ✓ Read 493 rows from people/date=2026-01-12/batch_10.csv
[2026-01-15T12:57:49.766+0000] {base.py:84} INFO - Using connection ID 'minio_finance' for task execution.
[2026-01-15T12:57:49.769+0000] {connection_wrapper.py:384} INFO - AWS Connection (conn_id='minio_finance', conn_type='aws') credentials retrieved from login and password.
[2026-01-15T12:57:51.962+0000] {logging_mixin.py:188} INFO - ✓ Read 621 rows from people/date=2026-01-12/batch_11.csv
[2026-01-15T12:57:51.977+0000] {base.py:84} INFO - Using connection ID 'minio_finance' for task execution.
[2026-01-15T12:57:51.978+0000] {connection_wrapper.py:384} INFO - AWS Connection (conn_id='minio_finance', conn_type='aws') credentials retrieved from login and password.
[2026-01-15T12:57:52.253+0000] {logging_mixin.py:188} INFO - ✓ Read 547 rows from people/date=2026-01-12/batch_12.csv
[2026-01-15T12:57:52.269+0000] {base.py:84} INFO - Using connection ID 'minio_finance' for task execution.
[2026-01-15T12:57:52.272+0000] {connection_wrapper.py:384} INFO - AWS Connection (conn_id='minio_finance', conn_type='aws') credentials retrieved from login and password.
[2026-01-15T12:57:52.523+0000] {logging_mixin.py:188} INFO - ✓ Read 534 rows from people/date=2026-01-12/batch_13.csv
[2026-01-15T12:57:52.537+0000] {base.py:84} INFO - Using connection ID 'minio_finance' for task execution.
[2026-01-15T12:57:52.539+0000] {connection_wrapper.py:384} INFO - AWS Connection (conn_id='minio_finance', conn_type='aws') credentials retrieved from login and password.
[2026-01-15T12:57:52.779+0000] {logging_mixin.py:188} INFO - ✓ Read 617 rows from people/date=2026-01-12/batch_14.csv
[2026-01-15T12:57:52.790+0000] {base.py:84} INFO - Using connection ID 'minio_finance' for task execution.
[2026-01-15T12:57:52.792+0000] {connection_wrapper.py:384} INFO - AWS Connection (conn_id='minio_finance', conn_type='aws') credentials retrieved from login and password.
[2026-01-15T12:57:53.139+0000] {logging_mixin.py:188} INFO - ✓ Read 637 rows from people/date=2026-01-12/batch_15.csv
[2026-01-15T12:57:53.152+0000] {base.py:84} INFO - Using connection ID 'minio_finance' for task execution.
[2026-01-15T12:57:53.154+0000] {connection_wrapper.py:384} INFO - AWS Connection (conn_id='minio_finance', conn_type='aws') credentials retrieved from login and password.
[2026-01-15T12:57:53.360+0000] {logging_mixin.py:188} INFO - ✓ Read 552 rows from people/date=2026-01-12/batch_16.csv
[2026-01-15T12:57:53.373+0000] {base.py:84} INFO - Using connection ID 'minio_finance' for task execution.
[2026-01-15T12:57:53.375+0000] {connection_wrapper.py:384} INFO - AWS Connection (conn_id='minio_finance', conn_type='aws') credentials retrieved from login and password.
[2026-01-15T12:57:53.580+0000] {logging_mixin.py:188} INFO - ✓ Read 650 rows from people/date=2026-01-12/batch_17.csv
[2026-01-15T12:57:53.594+0000] {base.py:84} INFO - Using connection ID 'minio_finance' for task execution.
[2026-01-15T12:57:53.595+0000] {connection_wrapper.py:384} INFO - AWS Connection (conn_id='minio_finance', conn_type='aws') credentials retrieved from login and password.
[2026-01-15T12:57:53.855+0000] {logging_mixin.py:188} INFO - ✓ Read 569 rows from people/date=2026-01-12/batch_18.csv
[2026-01-15T12:57:53.864+0000] {base.py:84} INFO - Using connection ID 'minio_finance' for task execution.
[2026-01-15T12:57:53.866+0000] {connection_wrapper.py:384} INFO - AWS Connection (conn_id='minio_finance', conn_type='aws') credentials retrieved from login and password.
[2026-01-15T12:57:54.049+0000] {logging_mixin.py:188} INFO - ✓ Read 449 rows from people/date=2026-01-12/batch_19.csv
[2026-01-15T12:57:54.061+0000] {base.py:84} INFO - Using connection ID 'minio_finance' for task execution.
[2026-01-15T12:57:54.062+0000] {connection_wrapper.py:384} INFO - AWS Connection (conn_id='minio_finance', conn_type='aws') credentials retrieved from login and password.
[2026-01-15T12:57:54.246+0000] {logging_mixin.py:188} INFO - ✓ Read 649 rows from people/date=2026-01-12/batch_2.csv
[2026-01-15T12:57:54.258+0000] {base.py:84} INFO - Using connection ID 'minio_finance' for task execution.
[2026-01-15T12:57:54.260+0000] {connection_wrapper.py:384} INFO - AWS Connection (conn_id='minio_finance', conn_type='aws') credentials retrieved from login and password.
[2026-01-15T12:57:54.443+0000] {logging_mixin.py:188} INFO - ✓ Read 704 rows from people/date=2026-01-12/batch_20.csv
[2026-01-15T12:57:54.453+0000] {base.py:84} INFO - Using connection ID 'minio_finance' for task execution.
[2026-01-15T12:57:54.454+0000] {connection_wrapper.py:384} INFO - AWS Connection (conn_id='minio_finance', conn_type='aws') credentials retrieved from login and password.
[2026-01-15T12:57:54.606+0000] {logging_mixin.py:188} INFO - ✓ Read 587 rows from people/date=2026-01-12/batch_21.csv
[2026-01-15T12:57:54.616+0000] {base.py:84} INFO - Using connection ID 'minio_finance' for task execution.
[2026-01-15T12:57:54.618+0000] {connection_wrapper.py:384} INFO - AWS Connection (conn_id='minio_finance', conn_type='aws') credentials retrieved from login and password.
[2026-01-15T12:57:54.804+0000] {logging_mixin.py:188} INFO - ✓ Read 635 rows from people/date=2026-01-12/batch_22.csv
[2026-01-15T12:57:54.814+0000] {base.py:84} INFO - Using connection ID 'minio_finance' for task execution.
[2026-01-15T12:57:54.815+0000] {connection_wrapper.py:384} INFO - AWS Connection (conn_id='minio_finance', conn_type='aws') credentials retrieved from login and password.
[2026-01-15T12:57:55.636+0000] {logging_mixin.py:188} INFO - ✓ Read 651 rows from people/date=2026-01-12/batch_23.csv
[2026-01-15T12:57:55.646+0000] {base.py:84} INFO - Using connection ID 'minio_finance' for task execution.
[2026-01-15T12:57:55.647+0000] {connection_wrapper.py:384} INFO - AWS Connection (conn_id='minio_finance', conn_type='aws') credentials retrieved from login and password.
[2026-01-15T12:57:55.824+0000] {logging_mixin.py:188} INFO - ✓ Read 600 rows from people/date=2026-01-12/batch_24.csv
[2026-01-15T12:57:55.835+0000] {base.py:84} INFO - Using connection ID 'minio_finance' for task execution.
[2026-01-15T12:57:55.836+0000] {connection_wrapper.py:384} INFO - AWS Connection (conn_id='minio_finance', conn_type='aws') credentials retrieved from login and password.
[2026-01-15T12:57:56.008+0000] {logging_mixin.py:188} INFO - ✓ Read 555 rows from people/date=2026-01-12/batch_25.csv
[2026-01-15T12:57:56.019+0000] {base.py:84} INFO - Using connection ID 'minio_finance' for task execution.
[2026-01-15T12:57:56.021+0000] {connection_wrapper.py:384} INFO - AWS Connection (conn_id='minio_finance', conn_type='aws') credentials retrieved from login and password.
[2026-01-15T12:57:56.180+0000] {logging_mixin.py:188} INFO - ✓ Read 630 rows from people/date=2026-01-12/batch_26.csv
[2026-01-15T12:57:56.190+0000] {base.py:84} INFO - Using connection ID 'minio_finance' for task execution.
[2026-01-15T12:57:56.191+0000] {connection_wrapper.py:384} INFO - AWS Connection (conn_id='minio_finance', conn_type='aws') credentials retrieved from login and password.
[2026-01-15T12:57:56.327+0000] {logging_mixin.py:188} INFO - ✓ Read 564 rows from people/date=2026-01-12/batch_27.csv
[2026-01-15T12:57:56.337+0000] {base.py:84} INFO - Using connection ID 'minio_finance' for task execution.
[2026-01-15T12:57:56.338+0000] {connection_wrapper.py:384} INFO - AWS Connection (conn_id='minio_finance', conn_type='aws') credentials retrieved from login and password.
[2026-01-15T12:57:56.529+0000] {logging_mixin.py:188} INFO - ✓ Read 516 rows from people/date=2026-01-12/batch_28.csv
[2026-01-15T12:57:56.540+0000] {base.py:84} INFO - Using connection ID 'minio_finance' for task execution.
[2026-01-15T12:57:56.541+0000] {connection_wrapper.py:384} INFO - AWS Connection (conn_id='minio_finance', conn_type='aws') credentials retrieved from login and password.
[2026-01-15T12:57:56.732+0000] {logging_mixin.py:188} INFO - ✓ Read 502 rows from people/date=2026-01-12/batch_29.csv
[2026-01-15T12:57:56.742+0000] {base.py:84} INFO - Using connection ID 'minio_finance' for task execution.
[2026-01-15T12:57:56.743+0000] {connection_wrapper.py:384} INFO - AWS Connection (conn_id='minio_finance', conn_type='aws') credentials retrieved from login and password.
[2026-01-15T12:57:56.925+0000] {logging_mixin.py:188} INFO - ✓ Read 620 rows from people/date=2026-01-12/batch_3.csv
[2026-01-15T12:57:56.934+0000] {base.py:84} INFO - Using connection ID 'minio_finance' for task execution.
[2026-01-15T12:57:56.935+0000] {connection_wrapper.py:384} INFO - AWS Connection (conn_id='minio_finance', conn_type='aws') credentials retrieved from login and password.
[2026-01-15T12:57:57.101+0000] {logging_mixin.py:188} INFO - ✓ Read 641 rows from people/date=2026-01-12/batch_30.csv
[2026-01-15T12:57:57.111+0000] {base.py:84} INFO - Using connection ID 'minio_finance' for task execution.
[2026-01-15T12:57:57.112+0000] {connection_wrapper.py:384} INFO - AWS Connection (conn_id='minio_finance', conn_type='aws') credentials retrieved from login and password.
[2026-01-15T12:57:57.277+0000] {logging_mixin.py:188} INFO - ✓ Read 534 rows from people/date=2026-01-12/batch_31.csv
[2026-01-15T12:57:57.286+0000] {base.py:84} INFO - Using connection ID 'minio_finance' for task execution.
[2026-01-15T12:57:57.287+0000] {connection_wrapper.py:384} INFO - AWS Connection (conn_id='minio_finance', conn_type='aws') credentials retrieved from login and password.
[2026-01-15T12:57:57.445+0000] {logging_mixin.py:188} INFO - ✓ Read 536 rows from people/date=2026-01-12/batch_32.csv
[2026-01-15T12:57:57.455+0000] {base.py:84} INFO - Using connection ID 'minio_finance' for task execution.
[2026-01-15T12:57:57.456+0000] {connection_wrapper.py:384} INFO - AWS Connection (conn_id='minio_finance', conn_type='aws') credentials retrieved from login and password.
[2026-01-15T12:57:57.654+0000] {logging_mixin.py:188} INFO - ✓ Read 683 rows from people/date=2026-01-12/batch_33.csv
[2026-01-15T12:57:57.669+0000] {base.py:84} INFO - Using connection ID 'minio_finance' for task execution.
[2026-01-15T12:57:57.670+0000] {connection_wrapper.py:384} INFO - AWS Connection (conn_id='minio_finance', conn_type='aws') credentials retrieved from login and password.
[2026-01-15T12:57:57.905+0000] {logging_mixin.py:188} INFO - ✓ Read 623 rows from people/date=2026-01-12/batch_34.csv
[2026-01-15T12:57:57.919+0000] {base.py:84} INFO - Using connection ID 'minio_finance' for task execution.
[2026-01-15T12:57:57.920+0000] {connection_wrapper.py:384} INFO - AWS Connection (conn_id='minio_finance', conn_type='aws') credentials retrieved from login and password.
[2026-01-15T12:57:58.834+0000] {logging_mixin.py:188} INFO - ✓ Read 658 rows from people/date=2026-01-12/batch_35.csv
[2026-01-15T12:57:58.847+0000] {base.py:84} INFO - Using connection ID 'minio_finance' for task execution.
[2026-01-15T12:57:58.848+0000] {connection_wrapper.py:384} INFO - AWS Connection (conn_id='minio_finance', conn_type='aws') credentials retrieved from login and password.
[2026-01-15T12:57:59.092+0000] {logging_mixin.py:188} INFO - ✓ Read 521 rows from people/date=2026-01-12/batch_36.csv
[2026-01-15T12:57:59.107+0000] {base.py:84} INFO - Using connection ID 'minio_finance' for task execution.
[2026-01-15T12:57:59.108+0000] {connection_wrapper.py:384} INFO - AWS Connection (conn_id='minio_finance', conn_type='aws') credentials retrieved from login and password.
[2026-01-15T12:57:59.345+0000] {logging_mixin.py:188} INFO - ✓ Read 666 rows from people/date=2026-01-12/batch_37.csv
[2026-01-15T12:57:59.357+0000] {base.py:84} INFO - Using connection ID 'minio_finance' for task execution.
[2026-01-15T12:57:59.360+0000] {connection_wrapper.py:384} INFO - AWS Connection (conn_id='minio_finance', conn_type='aws') credentials retrieved from login and password.
[2026-01-15T12:58:05.226+0000] {logging_mixin.py:188} INFO - ✓ Read 585 rows from people/date=2026-01-12/batch_38.csv
[2026-01-15T12:58:05.254+0000] {base.py:84} INFO - Using connection ID 'minio_finance' for task execution.
[2026-01-15T12:58:05.255+0000] {connection_wrapper.py:384} INFO - AWS Connection (conn_id='minio_finance', conn_type='aws') credentials retrieved from login and password.
[2026-01-15T12:58:06.255+0000] {logging_mixin.py:188} INFO - ✓ Read 537 rows from people/date=2026-01-12/batch_39.csv
[2026-01-15T12:58:06.273+0000] {base.py:84} INFO - Using connection ID 'minio_finance' for task execution.
[2026-01-15T12:58:06.275+0000] {connection_wrapper.py:384} INFO - AWS Connection (conn_id='minio_finance', conn_type='aws') credentials retrieved from login and password.
[2026-01-15T12:58:06.612+0000] {logging_mixin.py:188} INFO - ✓ Read 716 rows from people/date=2026-01-12/batch_4.csv
[2026-01-15T12:58:06.626+0000] {base.py:84} INFO - Using connection ID 'minio_finance' for task execution.
[2026-01-15T12:58:06.634+0000] {connection_wrapper.py:384} INFO - AWS Connection (conn_id='minio_finance', conn_type='aws') credentials retrieved from login and password.
[2026-01-15T12:58:06.879+0000] {logging_mixin.py:188} INFO - ✓ Read 588 rows from people/date=2026-01-12/batch_40.csv
[2026-01-15T12:58:06.892+0000] {base.py:84} INFO - Using connection ID 'minio_finance' for task execution.
[2026-01-15T12:58:06.894+0000] {connection_wrapper.py:384} INFO - AWS Connection (conn_id='minio_finance', conn_type='aws') credentials retrieved from login and password.
[2026-01-15T12:58:07.104+0000] {logging_mixin.py:188} INFO - ✓ Read 600 rows from people/date=2026-01-12/batch_41.csv
[2026-01-15T12:58:07.117+0000] {base.py:84} INFO - Using connection ID 'minio_finance' for task execution.
[2026-01-15T12:58:07.119+0000] {connection_wrapper.py:384} INFO - AWS Connection (conn_id='minio_finance', conn_type='aws') credentials retrieved from login and password.
[2026-01-15T12:58:07.298+0000] {logging_mixin.py:188} INFO - ✓ Read 633 rows from people/date=2026-01-12/batch_42.csv
[2026-01-15T12:58:07.312+0000] {base.py:84} INFO - Using connection ID 'minio_finance' for task execution.
[2026-01-15T12:58:07.313+0000] {connection_wrapper.py:384} INFO - AWS Connection (conn_id='minio_finance', conn_type='aws') credentials retrieved from login and password.
[2026-01-15T12:58:07.523+0000] {logging_mixin.py:188} INFO - ✓ Read 521 rows from people/date=2026-01-12/batch_43.csv
[2026-01-15T12:58:07.534+0000] {base.py:84} INFO - Using connection ID 'minio_finance' for task execution.
[2026-01-15T12:58:07.536+0000] {connection_wrapper.py:384} INFO - AWS Connection (conn_id='minio_finance', conn_type='aws') credentials retrieved from login and password.
[2026-01-15T12:58:07.717+0000] {logging_mixin.py:188} INFO - ✓ Read 678 rows from people/date=2026-01-12/batch_44.csv
[2026-01-15T12:58:07.728+0000] {base.py:84} INFO - Using connection ID 'minio_finance' for task execution.
[2026-01-15T12:58:07.729+0000] {connection_wrapper.py:384} INFO - AWS Connection (conn_id='minio_finance', conn_type='aws') credentials retrieved from login and password.
[2026-01-15T12:58:07.911+0000] {logging_mixin.py:188} INFO - ✓ Read 630 rows from people/date=2026-01-12/batch_45.csv
[2026-01-15T12:58:07.923+0000] {base.py:84} INFO - Using connection ID 'minio_finance' for task execution.
[2026-01-15T12:58:07.924+0000] {connection_wrapper.py:384} INFO - AWS Connection (conn_id='minio_finance', conn_type='aws') credentials retrieved from login and password.
[2026-01-15T12:58:08.113+0000] {logging_mixin.py:188} INFO - ✓ Read 616 rows from people/date=2026-01-12/batch_46.csv
[2026-01-15T12:58:08.129+0000] {base.py:84} INFO - Using connection ID 'minio_finance' for task execution.
[2026-01-15T12:58:08.130+0000] {connection_wrapper.py:384} INFO - AWS Connection (conn_id='minio_finance', conn_type='aws') credentials retrieved from login and password.
[2026-01-15T12:58:09.005+0000] {logging_mixin.py:188} INFO - ✓ Read 609 rows from people/date=2026-01-12/batch_47.csv
[2026-01-15T12:58:09.018+0000] {base.py:84} INFO - Using connection ID 'minio_finance' for task execution.
[2026-01-15T12:58:09.019+0000] {connection_wrapper.py:384} INFO - AWS Connection (conn_id='minio_finance', conn_type='aws') credentials retrieved from login and password.
[2026-01-15T12:58:09.193+0000] {logging_mixin.py:188} INFO - ✓ Read 586 rows from people/date=2026-01-12/batch_48.csv
[2026-01-15T12:58:09.204+0000] {base.py:84} INFO - Using connection ID 'minio_finance' for task execution.
[2026-01-15T12:58:09.206+0000] {connection_wrapper.py:384} INFO - AWS Connection (conn_id='minio_finance', conn_type='aws') credentials retrieved from login and password.
[2026-01-15T12:58:09.607+0000] {logging_mixin.py:188} INFO - ✓ Read 771 rows from people/date=2026-01-12/batch_49.csv
[2026-01-15T12:58:09.619+0000] {base.py:84} INFO - Using connection ID 'minio_finance' for task execution.
[2026-01-15T12:58:09.621+0000] {connection_wrapper.py:384} INFO - AWS Connection (conn_id='minio_finance', conn_type='aws') credentials retrieved from login and password.
[2026-01-15T12:58:09.864+0000] {logging_mixin.py:188} INFO - ✓ Read 564 rows from people/date=2026-01-12/batch_5.csv
[2026-01-15T12:58:09.880+0000] {base.py:84} INFO - Using connection ID 'minio_finance' for task execution.
[2026-01-15T12:58:09.881+0000] {connection_wrapper.py:384} INFO - AWS Connection (conn_id='minio_finance', conn_type='aws') credentials retrieved from login and password.
[2026-01-15T12:58:10.089+0000] {logging_mixin.py:188} INFO - ✓ Read 562 rows from people/date=2026-01-12/batch_50.csv
[2026-01-15T12:58:10.102+0000] {base.py:84} INFO - Using connection ID 'minio_finance' for task execution.
[2026-01-15T12:58:10.104+0000] {connection_wrapper.py:384} INFO - AWS Connection (conn_id='minio_finance', conn_type='aws') credentials retrieved from login and password.
[2026-01-15T12:58:10.333+0000] {logging_mixin.py:188} INFO - ✓ Read 638 rows from people/date=2026-01-12/batch_51.csv
[2026-01-15T12:58:10.348+0000] {base.py:84} INFO - Using connection ID 'minio_finance' for task execution.
[2026-01-15T12:58:10.350+0000] {connection_wrapper.py:384} INFO - AWS Connection (conn_id='minio_finance', conn_type='aws') credentials retrieved from login and password.
[2026-01-15T12:58:10.543+0000] {logging_mixin.py:188} INFO - ✓ Read 660 rows from people/date=2026-01-12/batch_52.csv
[2026-01-15T12:58:10.554+0000] {base.py:84} INFO - Using connection ID 'minio_finance' for task execution.
[2026-01-15T12:58:10.555+0000] {connection_wrapper.py:384} INFO - AWS Connection (conn_id='minio_finance', conn_type='aws') credentials retrieved from login and password.
[2026-01-15T12:58:10.818+0000] {logging_mixin.py:188} INFO - ✓ Read 643 rows from people/date=2026-01-12/batch_53.csv
[2026-01-15T12:58:10.834+0000] {base.py:84} INFO - Using connection ID 'minio_finance' for task execution.
[2026-01-15T12:58:10.835+0000] {connection_wrapper.py:384} INFO - AWS Connection (conn_id='minio_finance', conn_type='aws') credentials retrieved from login and password.
[2026-01-15T12:58:11.049+0000] {logging_mixin.py:188} INFO - ✓ Read 650 rows from people/date=2026-01-12/batch_54.csv
[2026-01-15T12:58:11.063+0000] {base.py:84} INFO - Using connection ID 'minio_finance' for task execution.
[2026-01-15T12:58:11.064+0000] {connection_wrapper.py:384} INFO - AWS Connection (conn_id='minio_finance', conn_type='aws') credentials retrieved from login and password.
[2026-01-15T12:58:11.279+0000] {logging_mixin.py:188} INFO - ✓ Read 547 rows from people/date=2026-01-12/batch_55.csv
[2026-01-15T12:58:11.293+0000] {base.py:84} INFO - Using connection ID 'minio_finance' for task execution.
[2026-01-15T12:58:11.294+0000] {connection_wrapper.py:384} INFO - AWS Connection (conn_id='minio_finance', conn_type='aws') credentials retrieved from login and password.
[2026-01-15T12:58:11.497+0000] {logging_mixin.py:188} INFO - ✓ Read 450 rows from people/date=2026-01-12/batch_56.csv
[2026-01-15T12:58:11.509+0000] {base.py:84} INFO - Using connection ID 'minio_finance' for task execution.
[2026-01-15T12:58:11.511+0000] {connection_wrapper.py:384} INFO - AWS Connection (conn_id='minio_finance', conn_type='aws') credentials retrieved from login and password.
[2026-01-15T12:58:11.702+0000] {logging_mixin.py:188} INFO - ✓ Read 594 rows from people/date=2026-01-12/batch_57.csv
[2026-01-15T12:58:11.720+0000] {base.py:84} INFO - Using connection ID 'minio_finance' for task execution.
[2026-01-15T12:58:11.721+0000] {connection_wrapper.py:384} INFO - AWS Connection (conn_id='minio_finance', conn_type='aws') credentials retrieved from login and password.
[2026-01-15T12:58:11.927+0000] {logging_mixin.py:188} INFO - ✓ Read 562 rows from people/date=2026-01-12/batch_58.csv
[2026-01-15T12:58:11.938+0000] {base.py:84} INFO - Using connection ID 'minio_finance' for task execution.
[2026-01-15T12:58:11.940+0000] {connection_wrapper.py:384} INFO - AWS Connection (conn_id='minio_finance', conn_type='aws') credentials retrieved from login and password.
[2026-01-15T12:58:12.107+0000] {logging_mixin.py:188} INFO - ✓ Read 609 rows from people/date=2026-01-12/batch_59.csv
[2026-01-15T12:58:12.118+0000] {base.py:84} INFO - Using connection ID 'minio_finance' for task execution.
[2026-01-15T12:58:12.119+0000] {connection_wrapper.py:384} INFO - AWS Connection (conn_id='minio_finance', conn_type='aws') credentials retrieved from login and password.
[2026-01-15T12:58:13.161+0000] {logging_mixin.py:188} INFO - ✓ Read 709 rows from people/date=2026-01-12/batch_6.csv
[2026-01-15T12:58:13.173+0000] {base.py:84} INFO - Using connection ID 'minio_finance' for task execution.
[2026-01-15T12:58:13.175+0000] {connection_wrapper.py:384} INFO - AWS Connection (conn_id='minio_finance', conn_type='aws') credentials retrieved from login and password.
[2026-01-15T12:58:13.417+0000] {logging_mixin.py:188} INFO - ✓ Read 653 rows from people/date=2026-01-12/batch_60.csv
[2026-01-15T12:58:13.432+0000] {base.py:84} INFO - Using connection ID 'minio_finance' for task execution.
[2026-01-15T12:58:13.437+0000] {connection_wrapper.py:384} INFO - AWS Connection (conn_id='minio_finance', conn_type='aws') credentials retrieved from login and password.
[2026-01-15T12:58:13.653+0000] {logging_mixin.py:188} INFO - ✓ Read 586 rows from people/date=2026-01-12/batch_61.csv
[2026-01-15T12:58:13.668+0000] {base.py:84} INFO - Using connection ID 'minio_finance' for task execution.
[2026-01-15T12:58:13.669+0000] {connection_wrapper.py:384} INFO - AWS Connection (conn_id='minio_finance', conn_type='aws') credentials retrieved from login and password.
[2026-01-15T12:58:13.954+0000] {logging_mixin.py:188} INFO - ✓ Read 637 rows from people/date=2026-01-12/batch_62.csv
[2026-01-15T12:58:13.973+0000] {base.py:84} INFO - Using connection ID 'minio_finance' for task execution.
[2026-01-15T12:58:13.977+0000] {connection_wrapper.py:384} INFO - AWS Connection (conn_id='minio_finance', conn_type='aws') credentials retrieved from login and password.
[2026-01-15T12:58:14.254+0000] {logging_mixin.py:188} INFO - ✓ Read 589 rows from people/date=2026-01-12/batch_63.csv
[2026-01-15T12:58:14.277+0000] {base.py:84} INFO - Using connection ID 'minio_finance' for task execution.
[2026-01-15T12:58:14.279+0000] {connection_wrapper.py:384} INFO - AWS Connection (conn_id='minio_finance', conn_type='aws') credentials retrieved from login and password.
[2026-01-15T12:58:14.548+0000] {logging_mixin.py:188} INFO - ✓ Read 523 rows from people/date=2026-01-12/batch_64.csv
[2026-01-15T12:58:14.561+0000] {base.py:84} INFO - Using connection ID 'minio_finance' for task execution.
[2026-01-15T12:58:14.563+0000] {connection_wrapper.py:384} INFO - AWS Connection (conn_id='minio_finance', conn_type='aws') credentials retrieved from login and password.
[2026-01-15T12:58:14.787+0000] {logging_mixin.py:188} INFO - ✓ Read 542 rows from people/date=2026-01-12/batch_65.csv
[2026-01-15T12:58:14.797+0000] {base.py:84} INFO - Using connection ID 'minio_finance' for task execution.
[2026-01-15T12:58:14.799+0000] {connection_wrapper.py:384} INFO - AWS Connection (conn_id='minio_finance', conn_type='aws') credentials retrieved from login and password.
[2026-01-15T12:58:15.117+0000] {logging_mixin.py:188} INFO - ✓ Read 673 rows from people/date=2026-01-12/batch_66.csv
[2026-01-15T12:58:15.131+0000] {base.py:84} INFO - Using connection ID 'minio_finance' for task execution.
[2026-01-15T12:58:15.133+0000] {connection_wrapper.py:384} INFO - AWS Connection (conn_id='minio_finance', conn_type='aws') credentials retrieved from login and password.
[2026-01-15T12:58:15.337+0000] {logging_mixin.py:188} INFO - ✓ Read 476 rows from people/date=2026-01-12/batch_67.csv
[2026-01-15T12:58:15.347+0000] {base.py:84} INFO - Using connection ID 'minio_finance' for task execution.
[2026-01-15T12:58:15.348+0000] {connection_wrapper.py:384} INFO - AWS Connection (conn_id='minio_finance', conn_type='aws') credentials retrieved from login and password.
[2026-01-15T12:58:15.735+0000] {logging_mixin.py:188} INFO - ✓ Read 590 rows from people/date=2026-01-12/batch_68.csv
[2026-01-15T12:58:15.749+0000] {base.py:84} INFO - Using connection ID 'minio_finance' for task execution.
[2026-01-15T12:58:15.751+0000] {connection_wrapper.py:384} INFO - AWS Connection (conn_id='minio_finance', conn_type='aws') credentials retrieved from login and password.
[2026-01-15T12:58:15.958+0000] {logging_mixin.py:188} INFO - ✓ Read 699 rows from people/date=2026-01-12/batch_69.csv
[2026-01-15T12:58:15.974+0000] {base.py:84} INFO - Using connection ID 'minio_finance' for task execution.
[2026-01-15T12:58:15.976+0000] {connection_wrapper.py:384} INFO - AWS Connection (conn_id='minio_finance', conn_type='aws') credentials retrieved from login and password.
[2026-01-15T12:58:16.188+0000] {logging_mixin.py:188} INFO - ✓ Read 549 rows from people/date=2026-01-12/batch_7.csv
[2026-01-15T12:58:16.199+0000] {base.py:84} INFO - Using connection ID 'minio_finance' for task execution.
[2026-01-15T12:58:16.200+0000] {connection_wrapper.py:384} INFO - AWS Connection (conn_id='minio_finance', conn_type='aws') credentials retrieved from login and password.
[2026-01-15T12:58:16.407+0000] {logging_mixin.py:188} INFO - ✓ Read 652 rows from people/date=2026-01-12/batch_70.csv
[2026-01-15T12:58:16.420+0000] {base.py:84} INFO - Using connection ID 'minio_finance' for task execution.
[2026-01-15T12:58:16.423+0000] {connection_wrapper.py:384} INFO - AWS Connection (conn_id='minio_finance', conn_type='aws') credentials retrieved from login and password.
[2026-01-15T12:58:17.656+0000] {logging_mixin.py:188} INFO - ✓ Read 651 rows from people/date=2026-01-12/batch_71.csv
[2026-01-15T12:58:17.669+0000] {base.py:84} INFO - Using connection ID 'minio_finance' for task execution.
[2026-01-15T12:58:17.671+0000] {connection_wrapper.py:384} INFO - AWS Connection (conn_id='minio_finance', conn_type='aws') credentials retrieved from login and password.
[2026-01-15T12:58:17.887+0000] {logging_mixin.py:188} INFO - ✓ Read 629 rows from people/date=2026-01-12/batch_72.csv
[2026-01-15T12:58:17.898+0000] {base.py:84} INFO - Using connection ID 'minio_finance' for task execution.
[2026-01-15T12:58:17.899+0000] {connection_wrapper.py:384} INFO - AWS Connection (conn_id='minio_finance', conn_type='aws') credentials retrieved from login and password.
[2026-01-15T12:58:18.110+0000] {logging_mixin.py:188} INFO - ✓ Read 528 rows from people/date=2026-01-12/batch_73.csv
[2026-01-15T12:58:18.131+0000] {base.py:84} INFO - Using connection ID 'minio_finance' for task execution.
[2026-01-15T12:58:18.134+0000] {connection_wrapper.py:384} INFO - AWS Connection (conn_id='minio_finance', conn_type='aws') credentials retrieved from login and password.
[2026-01-15T12:58:18.342+0000] {logging_mixin.py:188} INFO - ✓ Read 649 rows from people/date=2026-01-12/batch_74.csv
[2026-01-15T12:58:18.356+0000] {base.py:84} INFO - Using connection ID 'minio_finance' for task execution.
[2026-01-15T12:58:18.357+0000] {connection_wrapper.py:384} INFO - AWS Connection (conn_id='minio_finance', conn_type='aws') credentials retrieved from login and password.
[2026-01-15T12:58:18.576+0000] {logging_mixin.py:188} INFO - ✓ Read 537 rows from people/date=2026-01-12/batch_75.csv
[2026-01-15T12:58:18.588+0000] {base.py:84} INFO - Using connection ID 'minio_finance' for task execution.
[2026-01-15T12:58:18.590+0000] {connection_wrapper.py:384} INFO - AWS Connection (conn_id='minio_finance', conn_type='aws') credentials retrieved from login and password.
[2026-01-15T12:58:18.815+0000] {logging_mixin.py:188} INFO - ✓ Read 596 rows from people/date=2026-01-12/batch_76.csv
[2026-01-15T12:58:18.833+0000] {base.py:84} INFO - Using connection ID 'minio_finance' for task execution.
[2026-01-15T12:58:18.836+0000] {connection_wrapper.py:384} INFO - AWS Connection (conn_id='minio_finance', conn_type='aws') credentials retrieved from login and password.
[2026-01-15T12:58:19.078+0000] {logging_mixin.py:188} INFO - ✓ Read 669 rows from people/date=2026-01-12/batch_77.csv
[2026-01-15T12:58:19.091+0000] {base.py:84} INFO - Using connection ID 'minio_finance' for task execution.
[2026-01-15T12:58:19.092+0000] {connection_wrapper.py:384} INFO - AWS Connection (conn_id='minio_finance', conn_type='aws') credentials retrieved from login and password.
[2026-01-15T12:58:19.355+0000] {logging_mixin.py:188} INFO - ✓ Read 532 rows from people/date=2026-01-12/batch_78.csv
[2026-01-15T12:58:19.373+0000] {base.py:84} INFO - Using connection ID 'minio_finance' for task execution.
[2026-01-15T12:58:19.378+0000] {connection_wrapper.py:384} INFO - AWS Connection (conn_id='minio_finance', conn_type='aws') credentials retrieved from login and password.
[2026-01-15T12:58:19.678+0000] {logging_mixin.py:188} INFO - ✓ Read 454 rows from people/date=2026-01-12/batch_79.csv
[2026-01-15T12:58:19.722+0000] {base.py:84} INFO - Using connection ID 'minio_finance' for task execution.
[2026-01-15T12:58:19.727+0000] {connection_wrapper.py:384} INFO - AWS Connection (conn_id='minio_finance', conn_type='aws') credentials retrieved from login and password.
[2026-01-15T12:58:19.960+0000] {logging_mixin.py:188} INFO - ✓ Read 606 rows from people/date=2026-01-12/batch_8.csv
[2026-01-15T12:58:19.979+0000] {base.py:84} INFO - Using connection ID 'minio_finance' for task execution.
[2026-01-15T12:58:19.982+0000] {connection_wrapper.py:384} INFO - AWS Connection (conn_id='minio_finance', conn_type='aws') credentials retrieved from login and password.
[2026-01-15T12:58:20.264+0000] {logging_mixin.py:188} INFO - ✓ Read 513 rows from people/date=2026-01-12/batch_80.csv
[2026-01-15T12:58:20.279+0000] {base.py:84} INFO - Using connection ID 'minio_finance' for task execution.
[2026-01-15T12:58:20.285+0000] {connection_wrapper.py:384} INFO - AWS Connection (conn_id='minio_finance', conn_type='aws') credentials retrieved from login and password.
[2026-01-15T12:58:20.850+0000] {logging_mixin.py:188} INFO - ✓ Read 427 rows from people/date=2026-01-12/batch_81.csv
[2026-01-15T12:58:20.892+0000] {base.py:84} INFO - Using connection ID 'minio_finance' for task execution.
[2026-01-15T12:58:20.895+0000] {connection_wrapper.py:384} INFO - AWS Connection (conn_id='minio_finance', conn_type='aws') credentials retrieved from login and password.
[2026-01-15T12:58:21.440+0000] {logging_mixin.py:188} INFO - ✓ Read 532 rows from people/date=2026-01-12/batch_82.csv
[2026-01-15T12:58:21.458+0000] {base.py:84} INFO - Using connection ID 'minio_finance' for task execution.
[2026-01-15T12:58:21.460+0000] {connection_wrapper.py:384} INFO - AWS Connection (conn_id='minio_finance', conn_type='aws') credentials retrieved from login and password.
[2026-01-15T12:58:23.083+0000] {logging_mixin.py:188} INFO - ✓ Read 526 rows from people/date=2026-01-12/batch_83.csv
[2026-01-15T12:58:23.139+0000] {base.py:84} INFO - Using connection ID 'minio_finance' for task execution.
[2026-01-15T12:58:23.141+0000] {connection_wrapper.py:384} INFO - AWS Connection (conn_id='minio_finance', conn_type='aws') credentials retrieved from login and password.
[2026-01-15T12:58:23.462+0000] {logging_mixin.py:188} INFO - ✓ Read 618 rows from people/date=2026-01-12/batch_84.csv
[2026-01-15T12:58:23.483+0000] {base.py:84} INFO - Using connection ID 'minio_finance' for task execution.
[2026-01-15T12:58:23.485+0000] {connection_wrapper.py:384} INFO - AWS Connection (conn_id='minio_finance', conn_type='aws') credentials retrieved from login and password.
[2026-01-15T12:58:23.759+0000] {logging_mixin.py:188} INFO - ✓ Read 668 rows from people/date=2026-01-12/batch_85.csv
[2026-01-15T12:58:23.780+0000] {base.py:84} INFO - Using connection ID 'minio_finance' for task execution.
[2026-01-15T12:58:23.781+0000] {connection_wrapper.py:384} INFO - AWS Connection (conn_id='minio_finance', conn_type='aws') credentials retrieved from login and password.
[2026-01-15T12:58:24.033+0000] {logging_mixin.py:188} INFO - ✓ Read 387 rows from people/date=2026-01-12/batch_86.csv
[2026-01-15T12:58:24.056+0000] {base.py:84} INFO - Using connection ID 'minio_finance' for task execution.
[2026-01-15T12:58:24.059+0000] {connection_wrapper.py:384} INFO - AWS Connection (conn_id='minio_finance', conn_type='aws') credentials retrieved from login and password.
[2026-01-15T12:58:24.368+0000] {logging_mixin.py:188} INFO - ✓ Read 651 rows from people/date=2026-01-12/batch_9.csv
[2026-01-15T12:58:24.402+0000] {logging_mixin.py:188} INFO - ✓ Concatenated 87 files into 51325 total rows
[2026-01-15T12:58:24.408+0000] {logging_mixin.py:188} INFO - Loaded 51325 rows
[2026-01-15T12:58:24.409+0000] {logging_mixin.py:188} INFO - 
[3/4] Cleaning and transforming data...
[2026-01-15T12:58:24.757+0000] {logging_mixin.py:188} INFO - After cleaning: 51296 rows
[2026-01-15T12:58:24.758+0000] {logging_mixin.py:188} INFO - 
[4/4] Inserting into database...
[2026-01-15T12:58:24.844+0000] {logging_mixin.py:188} INFO - ✓ Schema demo ensured
[2026-01-15T12:58:28.435+0000] {logging_mixin.py:188} INFO - Deleted 51296 old records for 1715 tickers
[2026-01-15T12:58:29.351+0000] {logging_mixin.py:188} INFO - ✅ Inserted 51296 rows
[2026-01-15T12:58:29.370+0000] {python.py:237} INFO - Done. Returned value was: ✅ Success: 51296 rows
[2026-01-15T12:58:29.371+0000] {taskinstance.py:441} INFO - ::group::Post task execution logs
[2026-01-15T12:58:37.644+0000] {taskinstance.py:1206} INFO - Marking task as SUCCESS. dag_id=minio_to_db_sync, task_id=sync_people, run_id=scheduled__2026-01-14T03:00:00+00:00, execution_date=20260114T030000, start_date=20260115T125629, end_date=20260115T125837
[2026-01-15T12:58:37.728+0000] {local_task_job_runner.py:243} INFO - Task exited with return code 0
[2026-01-15T12:58:37.879+0000] {taskinstance.py:3503} INFO - 0 downstream tasks scheduled from follow-on schedule check
[2026-01-15T12:58:37.884+0000] {local_task_job_runner.py:222} INFO - ::endgroup::
