[2026-01-18T03:31:26.670+0000] {local_task_job_runner.py:120} INFO - ::group::Pre task execution logs
[2026-01-18T03:31:26.691+0000] {taskinstance.py:2076} INFO - Dependencies all met for dep_context=non-requeueable deps ti=<TaskInstance: company_overview_to_minio.ingest_overview scheduled__2026-01-11T00:00:00+00:00 map_index=79 [queued]>
[2026-01-18T03:31:26.704+0000] {taskinstance.py:2076} INFO - Dependencies all met for dep_context=requeueable deps ti=<TaskInstance: company_overview_to_minio.ingest_overview scheduled__2026-01-11T00:00:00+00:00 map_index=79 [queued]>
[2026-01-18T03:31:26.705+0000] {taskinstance.py:2306} INFO - Starting attempt 1 of 2
[2026-01-18T03:31:26.716+0000] {taskinstance.py:2330} INFO - Executing <Mapped(DfToCsvOperator): ingest_overview> on 2026-01-11 00:00:00+00:00
[2026-01-18T03:31:26.727+0000] {warnings.py:112} WARNING - This process (pid=4205) is multi-threaded, use of fork() may lead to deadlocks in the child.

[2026-01-18T03:31:26.729+0000] {standard_task_runner.py:64} INFO - Started process 4215 to run task
[2026-01-18T03:31:26.731+0000] {standard_task_runner.py:90} INFO - Running: ['***', 'tasks', 'run', 'company_overview_to_minio', 'ingest_overview', 'scheduled__2026-01-11T00:00:00+00:00', '--job-id', '1813', '--raw', '--subdir', 'DAGS_FOLDER/company_overview_to_minio.py', '--cfg-path', '/tmp/tmpiyw85tfj', '--map-index', '79']
[2026-01-18T03:31:26.734+0000] {standard_task_runner.py:91} INFO - Job 1813: Subtask ingest_overview
[2026-01-18T03:31:26.777+0000] {task_command.py:426} INFO - Running <TaskInstance: company_overview_to_minio.ingest_overview scheduled__2026-01-11T00:00:00+00:00 map_index=79 [running]> on host 5ae19da926ef
[2026-01-18T03:31:26.861+0000] {taskinstance.py:2648} INFO - Exporting env vars: AIRFLOW_CTX_DAG_OWNER='***' AIRFLOW_CTX_DAG_ID='company_overview_to_minio' AIRFLOW_CTX_TASK_ID='ingest_overview' AIRFLOW_CTX_EXECUTION_DATE='2026-01-11T00:00:00+00:00' AIRFLOW_CTX_TRY_NUMBER='1' AIRFLOW_CTX_DAG_RUN_ID='scheduled__2026-01-11T00:00:00+00:00'
[2026-01-18T03:31:26.862+0000] {taskinstance.py:430} INFO - ::endgroup::
[2026-01-18T03:31:28.099+0000] {warnings.py:112} WARNING - DataFrame.applymap has been deprecated. Use DataFrame.map instead.

[2026-01-18T03:31:29.285+0000] {warnings.py:112} WARNING - DataFrame.applymap has been deprecated. Use DataFrame.map instead.

[2026-01-18T03:31:30.471+0000] {warnings.py:112} WARNING - DataFrame.applymap has been deprecated. Use DataFrame.map instead.

[2026-01-18T03:31:31.631+0000] {warnings.py:112} WARNING - DataFrame.applymap has been deprecated. Use DataFrame.map instead.

[2026-01-18T03:31:32.791+0000] {warnings.py:112} WARNING - DataFrame.applymap has been deprecated. Use DataFrame.map instead.

[2026-01-18T03:31:34.378+0000] {warnings.py:112} WARNING - DataFrame.applymap has been deprecated. Use DataFrame.map instead.

[2026-01-18T03:31:35.634+0000] {warnings.py:112} WARNING - DataFrame.applymap has been deprecated. Use DataFrame.map instead.

[2026-01-18T03:31:36.874+0000] {warnings.py:112} WARNING - DataFrame.applymap has been deprecated. Use DataFrame.map instead.

[2026-01-18T03:31:38.051+0000] {warnings.py:112} WARNING - DataFrame.applymap has been deprecated. Use DataFrame.map instead.

[2026-01-18T03:31:39.251+0000] {warnings.py:112} WARNING - DataFrame.applymap has been deprecated. Use DataFrame.map instead.

[2026-01-18T03:31:41.203+0000] {warnings.py:112} WARNING - DataFrame.applymap has been deprecated. Use DataFrame.map instead.

[2026-01-18T03:31:42.342+0000] {warnings.py:112} WARNING - DataFrame.applymap has been deprecated. Use DataFrame.map instead.

[2026-01-18T03:31:47.861+0000] {logging_mixin.py:188} INFO - Err overview BPW: RetryError[<Future at 0x7f4f11c4a5d0 state=finished raised AttributeError>]
[2026-01-18T03:31:48.988+0000] {warnings.py:112} WARNING - DataFrame.applymap has been deprecated. Use DataFrame.map instead.

[2026-01-18T03:31:50.256+0000] {warnings.py:112} WARNING - DataFrame.applymap has been deprecated. Use DataFrame.map instead.

[2026-01-18T03:31:51.481+0000] {warnings.py:112} WARNING - DataFrame.applymap has been deprecated. Use DataFrame.map instead.

[2026-01-18T03:31:52.655+0000] {warnings.py:112} WARNING - DataFrame.applymap has been deprecated. Use DataFrame.map instead.

[2026-01-18T03:31:54.106+0000] {warnings.py:112} WARNING - DataFrame.applymap has been deprecated. Use DataFrame.map instead.

[2026-01-18T03:31:55.287+0000] {warnings.py:112} WARNING - DataFrame.applymap has been deprecated. Use DataFrame.map instead.

[2026-01-18T03:31:56.475+0000] {warnings.py:112} WARNING - DataFrame.applymap has been deprecated. Use DataFrame.map instead.

[2026-01-18T03:31:57.501+0000] {base.py:84} INFO - Using connection ID 'minio_finance' for task execution.
[2026-01-18T03:31:57.501+0000] {connection_wrapper.py:384} INFO - AWS Connection (conn_id='minio_finance', conn_type='aws') credentials retrieved from login and password.
[2026-01-18T03:31:57.931+0000] {datalake_df2csv.py:52} INFO - ✅ Đã upload 19 dòng -> s3://thongtin-congty-va-bctc/overview/date=2026-01-11/batch_79.csv
[2026-01-18T03:31:57.932+0000] {taskinstance.py:441} INFO - ::group::Post task execution logs
[2026-01-18T03:31:57.946+0000] {taskinstance.py:1206} INFO - Marking task as SUCCESS. dag_id=company_overview_to_minio, task_id=ingest_overview, run_id=scheduled__2026-01-11T00:00:00+00:00, map_index=79, execution_date=20260111T000000, start_date=20260118T033126, end_date=20260118T033157
[2026-01-18T03:31:57.985+0000] {local_task_job_runner.py:243} INFO - Task exited with return code 0
[2026-01-18T03:31:58.015+0000] {taskinstance.py:3503} INFO - 0 downstream tasks scheduled from follow-on schedule check
[2026-01-18T03:31:58.017+0000] {local_task_job_runner.py:222} INFO - ::endgroup::
