[2026-04-15T13:56:25.639+0000] {local_task_job_runner.py:120} INFO - ::group::Pre task execution logs
[2026-04-15T13:56:25.681+0000] {taskinstance.py:2076} INFO - Dependencies all met for dep_context=non-requeueable deps ti=<TaskInstance: daily_price.ingest_daily_price scheduled__2026-04-13T16:00:00+00:00 map_index=32 [queued]>
[2026-04-15T13:56:25.697+0000] {taskinstance.py:2076} INFO - Dependencies all met for dep_context=requeueable deps ti=<TaskInstance: daily_price.ingest_daily_price scheduled__2026-04-13T16:00:00+00:00 map_index=32 [queued]>
[2026-04-15T13:56:25.698+0000] {taskinstance.py:2306} INFO - Starting attempt 1 of 2
[2026-04-15T13:56:25.721+0000] {taskinstance.py:2330} INFO - Executing <Mapped(DfToCsvOperator): ingest_daily_price> on 2026-04-13 16:00:00+00:00
[2026-04-15T13:56:25.735+0000] {warnings.py:112} WARNING - This process (pid=684) is multi-threaded, use of fork() may lead to deadlocks in the child.

[2026-04-15T13:56:25.737+0000] {standard_task_runner.py:64} INFO - Started process 743 to run task
[2026-04-15T13:56:25.740+0000] {standard_task_runner.py:90} INFO - Running: ['***', 'tasks', 'run', 'daily_price', 'ingest_daily_price', 'scheduled__2026-04-13T16:00:00+00:00', '--job-id', '42422', '--raw', '--subdir', 'DAGS_FOLDER/dl_dailly_price.py', '--cfg-path', '/tmp/tmp0ftc77sc', '--map-index', '32']
[2026-04-15T13:56:25.745+0000] {standard_task_runner.py:91} INFO - Job 42422: Subtask ingest_daily_price
[2026-04-15T13:56:25.816+0000] {task_command.py:426} INFO - Running <TaskInstance: daily_price.ingest_daily_price scheduled__2026-04-13T16:00:00+00:00 map_index=32 [running]> on host 0c77025344c6
[2026-04-15T13:56:26.010+0000] {taskinstance.py:2648} INFO - Exporting env vars: AIRFLOW_CTX_DAG_OWNER='***' AIRFLOW_CTX_DAG_ID='daily_price' AIRFLOW_CTX_TASK_ID='ingest_daily_price' AIRFLOW_CTX_EXECUTION_DATE='2026-04-13T16:00:00+00:00' AIRFLOW_CTX_TRY_NUMBER='1' AIRFLOW_CTX_DAG_RUN_ID='scheduled__2026-04-13T16:00:00+00:00'
[2026-04-15T13:56:26.011+0000] {taskinstance.py:430} INFO - ::endgroup::
[2026-04-15T13:56:26.012+0000] {datalake_df2csv.py:40} INFO - ================================================================================
[2026-04-15T13:56:26.013+0000] {datalake_df2csv.py:41} INFO - 🚀 BẮT ĐẦU TASK: ingest_daily_price
[2026-04-15T13:56:26.014+0000] {datalake_df2csv.py:42} INFO - ================================================================================
[2026-04-15T13:56:26.014+0000] {datalake_df2csv.py:43} INFO - 📋 Thông tin cấu hình:
[2026-04-15T13:56:26.015+0000] {datalake_df2csv.py:44} INFO -   - Logic file: history_price
[2026-04-15T13:56:26.015+0000] {datalake_df2csv.py:45} INFO -   - DataFrame name: get_history_price_batch
[2026-04-15T13:56:26.016+0000] {datalake_df2csv.py:46} INFO -   - Bucket: thongtin-congty-va-bctc
[2026-04-15T13:56:26.016+0000] {datalake_df2csv.py:47} INFO -   - Object path: daily_price/2026-04-13/batch_32.csv
[2026-04-15T13:56:26.017+0000] {datalake_df2csv.py:48} INFO -   - Connection ID: minio_finance
[2026-04-15T13:56:26.017+0000] {datalake_df2csv.py:49} INFO -   - Tham số truyền vào: {'symbols': ['DAC', 'LSG', 'VMK', 'DAT', 'CRE'], 'start_date': '2026-04-13', 'end_date': '2026-04-14'}
[2026-04-15T13:56:26.018+0000] {datalake_df2csv.py:50} INFO - --------------------------------------------------------------------------------
[2026-04-15T13:56:26.018+0000] {datalake_df2csv.py:54} INFO - 📥 Bước 1: Đang load dữ liệu từ logic file...
[2026-04-15T13:56:26.022+0000] {datalake_df2csv.py:148} INFO -   - Logic directory: /opt/airflow/plugins/logic
[2026-04-15T13:56:26.023+0000] {datalake_df2csv.py:149} INFO -   - Module path: /opt/airflow/plugins/logic/history_price.py
[2026-04-15T13:56:26.024+0000] {datalake_df2csv.py:153} INFO -   - Đã thêm logic directory vào sys.path
[2026-04-15T13:56:26.026+0000] {datalake_df2csv.py:159} INFO -   - Đang load module 'history_price'...
[2026-04-15T13:56:26.031+0000] {datalake_df2csv.py:163} INFO -   - ✅ Module loaded thành công
[2026-04-15T13:56:26.032+0000] {datalake_df2csv.py:165} INFO -   - Đang tìm DataFrame/function: 'get_history_price_batch'...
[2026-04-15T13:56:26.032+0000] {datalake_df2csv.py:170} INFO -   - ✅ Tìm thấy object: function
[2026-04-15T13:56:26.033+0000] {datalake_df2csv.py:173} INFO -   - Đang gọi function với tham số: {'symbols': ['DAC', 'LSG', 'VMK', 'DAT', 'CRE'], 'start_date': '2026-04-13', 'end_date': '2026-04-14'}
[2026-04-15T13:56:35.850+0000] {datalake_df2csv.py:68} INFO - ✅ Load dữ liệu thành công!
[2026-04-15T13:56:35.851+0000] {datalake_df2csv.py:69} INFO - 📊 Thông tin DataFrame:
[2026-04-15T13:56:35.851+0000] {datalake_df2csv.py:70} INFO -   - Số dòng: 20
[2026-04-15T13:56:35.852+0000] {datalake_df2csv.py:71} INFO -   - Số cột: 7
[2026-04-15T13:56:35.853+0000] {datalake_df2csv.py:72} INFO -   - Tên các cột: ['ticker', 'trading_date', 'open', 'high', 'low', 'close', 'volume']
[2026-04-15T13:56:35.854+0000] {datalake_df2csv.py:73} INFO -   - Kiểu dữ liệu: {'ticker': 'object', 'trading_date': 'object', 'open': 'float64', 'high': 'float64', 'low': 'float64', 'close': 'float64', 'volume': 'int64'}
[2026-04-15T13:56:35.856+0000] {datalake_df2csv.py:74} INFO -   - Bộ nhớ sử dụng: 0.00 MB
[2026-04-15T13:56:35.858+0000] {datalake_df2csv.py:83} INFO -   - Không có giá trị NULL
[2026-04-15T13:56:35.859+0000] {datalake_df2csv.py:86} INFO -   - Mẫu dữ liệu (5 dòng đầu):
[2026-04-15T13:56:35.859+0000] {datalake_df2csv.py:88} INFO -     Row 0: {'ticker': 'DAC', 'trading_date': '2024-07-25', 'open': 7.4, 'high': 7.4, 'low': 7.4, 'close': 7.4, 'volume': 0}
[2026-04-15T13:56:35.860+0000] {datalake_df2csv.py:88} INFO -     Row 1: {'ticker': 'DAC', 'trading_date': '2024-10-04', 'open': 5.0, 'high': 5.0, 'low': 5.0, 'close': 5.0, 'volume': 1200}
[2026-04-15T13:56:35.861+0000] {datalake_df2csv.py:88} INFO -     Row 2: {'ticker': 'DAC', 'trading_date': '2024-10-25', 'open': 4.5, 'high': 4.5, 'low': 4.5, 'close': 4.5, 'volume': 4200}
[2026-04-15T13:56:35.862+0000] {datalake_df2csv.py:88} INFO -     Row 3: {'ticker': 'DAC', 'trading_date': '2025-10-03', 'open': 6.3, 'high': 6.3, 'low': 6.3, 'close': 6.3, 'volume': 900}
[2026-04-15T13:56:35.862+0000] {datalake_df2csv.py:88} INFO -     Row 4: {'ticker': 'LSG', 'trading_date': '2026-04-10', 'open': 34.1, 'high': 34.9, 'low': 34.0, 'close': 34.5, 'volume': 23600}
[2026-04-15T13:56:35.863+0000] {datalake_df2csv.py:90} INFO - --------------------------------------------------------------------------------
[2026-04-15T13:56:35.863+0000] {datalake_df2csv.py:93} INFO - 📝 Bước 2: Đang chuyển đổi DataFrame sang CSV...
[2026-04-15T13:56:35.867+0000] {datalake_df2csv.py:97} INFO - ✅ Chuyển đổi CSV thành công!
[2026-04-15T13:56:35.868+0000] {datalake_df2csv.py:98} INFO -   - Kích thước file: 0.00 MB
[2026-04-15T13:56:35.869+0000] {datalake_df2csv.py:99} INFO -   - Thời gian chuyển đổi: 0.00 giây
[2026-04-15T13:56:35.869+0000] {datalake_df2csv.py:100} INFO - --------------------------------------------------------------------------------
[2026-04-15T13:56:35.870+0000] {datalake_df2csv.py:103} INFO - ☁️  Bước 3: Đang upload lên MinIO/S3...
[2026-04-15T13:56:35.880+0000] {base.py:84} INFO - Using connection ID 'minio_finance' for task execution.
[2026-04-15T13:56:35.882+0000] {connection_wrapper.py:384} INFO - AWS Connection (conn_id='minio_finance', conn_type='aws') credentials retrieved from login and password.
[2026-04-15T13:56:36.352+0000] {datalake_df2csv.py:112} INFO -   - Bucket 'thongtin-congty-va-bctc' đã tồn tại
[2026-04-15T13:56:36.394+0000] {datalake_df2csv.py:117} INFO - ✅ Upload thành công!
[2026-04-15T13:56:36.395+0000] {datalake_df2csv.py:118} INFO -   - Đường dẫn: s3://thongtin-congty-va-bctc/daily_price/2026-04-13/batch_32.csv
[2026-04-15T13:56:36.396+0000] {datalake_df2csv.py:119} INFO -   - Số dòng: 20
[2026-04-15T13:56:36.396+0000] {datalake_df2csv.py:120} INFO -   - Thời gian upload: 0.52 giây
[2026-04-15T13:56:36.397+0000] {datalake_df2csv.py:121} INFO - --------------------------------------------------------------------------------
[2026-04-15T13:56:36.397+0000] {datalake_df2csv.py:125} INFO - 📈 TỔNG KẾT:
[2026-04-15T13:56:36.398+0000] {datalake_df2csv.py:126} INFO -   - Tổng thời gian thực thi: 10.38 giây
[2026-04-15T13:56:36.399+0000] {datalake_df2csv.py:127} INFO -   - Tốc độ xử lý: 2 dòng/giây
[2026-04-15T13:56:36.400+0000] {datalake_df2csv.py:128} INFO - ================================================================================
[2026-04-15T13:56:36.400+0000] {datalake_df2csv.py:129} INFO - ✅ HOÀN THÀNH TASK: ingest_daily_price
[2026-04-15T13:56:36.401+0000] {datalake_df2csv.py:130} INFO - ================================================================================
[2026-04-15T13:56:36.402+0000] {taskinstance.py:441} INFO - ::group::Post task execution logs
[2026-04-15T13:56:36.416+0000] {taskinstance.py:1206} INFO - Marking task as SUCCESS. dag_id=daily_price, task_id=ingest_daily_price, run_id=scheduled__2026-04-13T16:00:00+00:00, map_index=32, execution_date=20260413T160000, start_date=20260415T135625, end_date=20260415T135636
[2026-04-15T13:56:36.490+0000] {local_task_job_runner.py:243} INFO - Task exited with return code 0
[2026-04-15T13:56:36.500+0000] {local_task_job_runner.py:222} INFO - ::endgroup::
