[2026-03-22T13:42:39.520+0000] {local_task_job_runner.py:120} INFO - ::group::Pre task execution logs
[2026-03-22T13:42:39.599+0000] {taskinstance.py:2076} INFO - Dependencies all met for dep_context=non-requeueable deps ti=<TaskInstance: minio_to_db_sync.sync_overview scheduled__2026-03-21T03:00:00+00:00 [queued]>
[2026-03-22T13:42:39.627+0000] {taskinstance.py:2076} INFO - Dependencies all met for dep_context=requeueable deps ti=<TaskInstance: minio_to_db_sync.sync_overview scheduled__2026-03-21T03:00:00+00:00 [queued]>
[2026-03-22T13:42:39.638+0000] {taskinstance.py:2306} INFO - Starting attempt 1 of 3
[2026-03-22T13:42:39.701+0000] {taskinstance.py:2330} INFO - Executing <Task(_PythonDecoratedOperator): sync_overview> on 2026-03-21 03:00:00+00:00
[2026-03-22T13:42:39.712+0000] {warnings.py:112} WARNING - This process (pid=72) is multi-threaded, use of fork() may lead to deadlocks in the child.

[2026-03-22T13:42:39.714+0000] {standard_task_runner.py:64} INFO - Started process 109 to run task
[2026-03-22T13:42:39.723+0000] {standard_task_runner.py:90} INFO - Running: ['***', 'tasks', 'run', 'minio_to_db_sync', 'sync_overview', 'scheduled__2026-03-21T03:00:00+00:00', '--job-id', '34827', '--raw', '--subdir', 'DAGS_FOLDER/minio_to_db_sync.py', '--cfg-path', '/tmp/tmpk6duy6if']
[2026-03-22T13:42:39.753+0000] {standard_task_runner.py:91} INFO - Job 34827: Subtask sync_overview
[2026-03-22T13:42:40.107+0000] {task_command.py:426} INFO - Running <TaskInstance: minio_to_db_sync.sync_overview scheduled__2026-03-21T03:00:00+00:00 [running]> on host b3b67f16e0e2
[2026-03-22T13:42:41.934+0000] {taskinstance.py:2648} INFO - Exporting env vars: AIRFLOW_CTX_DAG_OWNER='***' AIRFLOW_CTX_DAG_ID='minio_to_db_sync' AIRFLOW_CTX_TASK_ID='sync_overview' AIRFLOW_CTX_EXECUTION_DATE='2026-03-21T03:00:00+00:00' AIRFLOW_CTX_TRY_NUMBER='1' AIRFLOW_CTX_DAG_RUN_ID='scheduled__2026-03-21T03:00:00+00:00'
[2026-03-22T13:42:41.935+0000] {taskinstance.py:430} INFO - ::endgroup::
[2026-03-22T13:42:41.941+0000] {logging_mixin.py:188} INFO - ======================================================================
[2026-03-22T13:42:41.945+0000] {logging_mixin.py:188} INFO - 📊 SYNC COMPANY OVERVIEW TO DATABASE
[2026-03-22T13:42:41.946+0000] {logging_mixin.py:188} INFO - ======================================================================
[2026-03-22T13:42:41.947+0000] {logging_mixin.py:188} INFO - 
[1/4] Finding latest partition...
[2026-03-22T13:42:41.963+0000] {base.py:84} INFO - Using connection ID 'minio_finance' for task execution.
[2026-03-22T13:42:41.966+0000] {connection_wrapper.py:384} INFO - AWS Connection (conn_id='minio_finance', conn_type='aws') credentials retrieved from login and password.
[2026-03-22T13:44:53.628+0000] {logging_mixin.py:188} INFO - 📂 Scanning 1511 objects in thongtin-congty-va-bctc/overview/
[2026-03-22T13:44:53.644+0000] {logging_mixin.py:188} INFO - 📅 Found 13 valid date partition(s): ['2025-12-30', '2026-01-01', '2026-01-04', '2026-01-11', '2026-01-12', '2026-01-13', '2026-01-15', '2026-01-18', '2026-01-19', '2026-02-01', '2026-02-08', '2026-02-15', '2026-02-22']
[2026-03-22T13:44:53.645+0000] {logging_mixin.py:188} INFO - ✅ Latest partition selected: overview/2026-02-22/
[2026-03-22T13:44:53.646+0000] {logging_mixin.py:188} INFO - 
[2/4] Reading CSV files...
[2026-03-22T13:44:53.661+0000] {base.py:84} INFO - Using connection ID 'minio_finance' for task execution.
[2026-03-22T13:44:53.662+0000] {connection_wrapper.py:384} INFO - AWS Connection (conn_id='minio_finance', conn_type='aws') credentials retrieved from login and password.
[2026-03-22T13:44:55.478+0000] {logging_mixin.py:188} INFO - ✓ Found 50 CSV files in thongtin-congty-va-bctc/overview/2026-02-22/
[2026-03-22T13:44:55.490+0000] {base.py:84} INFO - Using connection ID 'minio_finance' for task execution.
[2026-03-22T13:44:55.491+0000] {connection_wrapper.py:384} INFO - AWS Connection (conn_id='minio_finance', conn_type='aws') credentials retrieved from login and password.
[2026-03-22T13:44:55.918+0000] {logging_mixin.py:188} INFO - ✓ Read 18 rows from overview/2026-02-22/batch_0.csv
[2026-03-22T13:44:55.927+0000] {base.py:84} INFO - Using connection ID 'minio_finance' for task execution.
[2026-03-22T13:44:55.929+0000] {connection_wrapper.py:384} INFO - AWS Connection (conn_id='minio_finance', conn_type='aws') credentials retrieved from login and password.
[2026-03-22T13:44:56.057+0000] {logging_mixin.py:188} INFO - ✓ Read 17 rows from overview/2026-02-22/batch_1.csv
[2026-03-22T13:44:56.066+0000] {base.py:84} INFO - Using connection ID 'minio_finance' for task execution.
[2026-03-22T13:44:56.066+0000] {connection_wrapper.py:384} INFO - AWS Connection (conn_id='minio_finance', conn_type='aws') credentials retrieved from login and password.
[2026-03-22T13:44:56.182+0000] {logging_mixin.py:188} INFO - ✓ Read 18 rows from overview/2026-02-22/batch_10.csv
[2026-03-22T13:44:56.191+0000] {base.py:84} INFO - Using connection ID 'minio_finance' for task execution.
[2026-03-22T13:44:56.192+0000] {connection_wrapper.py:384} INFO - AWS Connection (conn_id='minio_finance', conn_type='aws') credentials retrieved from login and password.
[2026-03-22T13:44:56.341+0000] {logging_mixin.py:188} INFO - ✓ Read 17 rows from overview/2026-02-22/batch_11.csv
[2026-03-22T13:44:56.351+0000] {base.py:84} INFO - Using connection ID 'minio_finance' for task execution.
[2026-03-22T13:44:56.352+0000] {connection_wrapper.py:384} INFO - AWS Connection (conn_id='minio_finance', conn_type='aws') credentials retrieved from login and password.
[2026-03-22T13:44:56.517+0000] {logging_mixin.py:188} INFO - ✓ Read 18 rows from overview/2026-02-22/batch_12.csv
[2026-03-22T13:44:56.539+0000] {base.py:84} INFO - Using connection ID 'minio_finance' for task execution.
[2026-03-22T13:44:56.540+0000] {connection_wrapper.py:384} INFO - AWS Connection (conn_id='minio_finance', conn_type='aws') credentials retrieved from login and password.
[2026-03-22T13:44:56.679+0000] {logging_mixin.py:188} INFO - ✓ Read 17 rows from overview/2026-02-22/batch_13.csv
[2026-03-22T13:44:56.687+0000] {base.py:84} INFO - Using connection ID 'minio_finance' for task execution.
[2026-03-22T13:44:56.689+0000] {connection_wrapper.py:384} INFO - AWS Connection (conn_id='minio_finance', conn_type='aws') credentials retrieved from login and password.
[2026-03-22T13:44:56.804+0000] {logging_mixin.py:188} INFO - ✓ Read 17 rows from overview/2026-02-22/batch_14.csv
[2026-03-22T13:44:56.812+0000] {base.py:84} INFO - Using connection ID 'minio_finance' for task execution.
[2026-03-22T13:44:56.813+0000] {connection_wrapper.py:384} INFO - AWS Connection (conn_id='minio_finance', conn_type='aws') credentials retrieved from login and password.
[2026-03-22T13:44:56.957+0000] {logging_mixin.py:188} INFO - ✓ Read 17 rows from overview/2026-02-22/batch_15.csv
[2026-03-22T13:44:56.964+0000] {base.py:84} INFO - Using connection ID 'minio_finance' for task execution.
[2026-03-22T13:44:56.966+0000] {connection_wrapper.py:384} INFO - AWS Connection (conn_id='minio_finance', conn_type='aws') credentials retrieved from login and password.
[2026-03-22T13:44:57.111+0000] {logging_mixin.py:188} INFO - ✓ Read 19 rows from overview/2026-02-22/batch_16.csv
[2026-03-22T13:44:57.128+0000] {base.py:84} INFO - Using connection ID 'minio_finance' for task execution.
[2026-03-22T13:44:57.129+0000] {connection_wrapper.py:384} INFO - AWS Connection (conn_id='minio_finance', conn_type='aws') credentials retrieved from login and password.
[2026-03-22T13:44:57.267+0000] {logging_mixin.py:188} INFO - ✓ Read 19 rows from overview/2026-02-22/batch_18.csv
[2026-03-22T13:44:57.276+0000] {base.py:84} INFO - Using connection ID 'minio_finance' for task execution.
[2026-03-22T13:44:57.277+0000] {connection_wrapper.py:384} INFO - AWS Connection (conn_id='minio_finance', conn_type='aws') credentials retrieved from login and password.
[2026-03-22T13:44:58.332+0000] {logging_mixin.py:188} INFO - ✓ Read 20 rows from overview/2026-02-22/batch_19.csv
[2026-03-22T13:44:58.364+0000] {base.py:84} INFO - Using connection ID 'minio_finance' for task execution.
[2026-03-22T13:44:58.365+0000] {connection_wrapper.py:384} INFO - AWS Connection (conn_id='minio_finance', conn_type='aws') credentials retrieved from login and password.
[2026-03-22T13:44:58.503+0000] {logging_mixin.py:188} INFO - ✓ Read 16 rows from overview/2026-02-22/batch_2.csv
[2026-03-22T13:44:58.512+0000] {base.py:84} INFO - Using connection ID 'minio_finance' for task execution.
[2026-03-22T13:44:58.513+0000] {connection_wrapper.py:384} INFO - AWS Connection (conn_id='minio_finance', conn_type='aws') credentials retrieved from login and password.
[2026-03-22T13:44:58.655+0000] {logging_mixin.py:188} INFO - ✓ Read 20 rows from overview/2026-02-22/batch_20.csv
[2026-03-22T13:44:58.663+0000] {base.py:84} INFO - Using connection ID 'minio_finance' for task execution.
[2026-03-22T13:44:58.664+0000] {connection_wrapper.py:384} INFO - AWS Connection (conn_id='minio_finance', conn_type='aws') credentials retrieved from login and password.
[2026-03-22T13:44:58.770+0000] {logging_mixin.py:188} INFO - ✓ Read 20 rows from overview/2026-02-22/batch_21.csv
[2026-03-22T13:44:58.777+0000] {base.py:84} INFO - Using connection ID 'minio_finance' for task execution.
[2026-03-22T13:44:58.777+0000] {connection_wrapper.py:384} INFO - AWS Connection (conn_id='minio_finance', conn_type='aws') credentials retrieved from login and password.
[2026-03-22T13:44:58.882+0000] {logging_mixin.py:188} INFO - ✓ Read 20 rows from overview/2026-02-22/batch_22.csv
[2026-03-22T13:44:58.889+0000] {base.py:84} INFO - Using connection ID 'minio_finance' for task execution.
[2026-03-22T13:44:58.890+0000] {connection_wrapper.py:384} INFO - AWS Connection (conn_id='minio_finance', conn_type='aws') credentials retrieved from login and password.
[2026-03-22T13:44:59.005+0000] {logging_mixin.py:188} INFO - ✓ Read 20 rows from overview/2026-02-22/batch_24.csv
[2026-03-22T13:44:59.012+0000] {base.py:84} INFO - Using connection ID 'minio_finance' for task execution.
[2026-03-22T13:44:59.013+0000] {connection_wrapper.py:384} INFO - AWS Connection (conn_id='minio_finance', conn_type='aws') credentials retrieved from login and password.
[2026-03-22T13:44:59.123+0000] {logging_mixin.py:188} INFO - ✓ Read 19 rows from overview/2026-02-22/batch_26.csv
[2026-03-22T13:44:59.131+0000] {base.py:84} INFO - Using connection ID 'minio_finance' for task execution.
[2026-03-22T13:44:59.131+0000] {connection_wrapper.py:384} INFO - AWS Connection (conn_id='minio_finance', conn_type='aws') credentials retrieved from login and password.
[2026-03-22T13:44:59.237+0000] {logging_mixin.py:188} INFO - ✓ Read 20 rows from overview/2026-02-22/batch_28.csv
[2026-03-22T13:44:59.246+0000] {base.py:84} INFO - Using connection ID 'minio_finance' for task execution.
[2026-03-22T13:44:59.247+0000] {connection_wrapper.py:384} INFO - AWS Connection (conn_id='minio_finance', conn_type='aws') credentials retrieved from login and password.
[2026-03-22T13:44:59.379+0000] {logging_mixin.py:188} INFO - ✓ Read 20 rows from overview/2026-02-22/batch_29.csv
[2026-03-22T13:44:59.389+0000] {base.py:84} INFO - Using connection ID 'minio_finance' for task execution.
[2026-03-22T13:44:59.390+0000] {connection_wrapper.py:384} INFO - AWS Connection (conn_id='minio_finance', conn_type='aws') credentials retrieved from login and password.
[2026-03-22T13:44:59.496+0000] {logging_mixin.py:188} INFO - ✓ Read 18 rows from overview/2026-02-22/batch_3.csv
[2026-03-22T13:44:59.503+0000] {base.py:84} INFO - Using connection ID 'minio_finance' for task execution.
[2026-03-22T13:44:59.503+0000] {connection_wrapper.py:384} INFO - AWS Connection (conn_id='minio_finance', conn_type='aws') credentials retrieved from login and password.
[2026-03-22T13:44:59.602+0000] {logging_mixin.py:188} INFO - ✓ Read 20 rows from overview/2026-02-22/batch_30.csv
[2026-03-22T13:44:59.613+0000] {base.py:84} INFO - Using connection ID 'minio_finance' for task execution.
[2026-03-22T13:44:59.614+0000] {connection_wrapper.py:384} INFO - AWS Connection (conn_id='minio_finance', conn_type='aws') credentials retrieved from login and password.
[2026-03-22T13:44:59.754+0000] {logging_mixin.py:188} INFO - ✓ Read 20 rows from overview/2026-02-22/batch_32.csv
[2026-03-22T13:44:59.763+0000] {base.py:84} INFO - Using connection ID 'minio_finance' for task execution.
[2026-03-22T13:44:59.764+0000] {connection_wrapper.py:384} INFO - AWS Connection (conn_id='minio_finance', conn_type='aws') credentials retrieved from login and password.
[2026-03-22T13:44:59.900+0000] {logging_mixin.py:188} INFO - ✓ Read 20 rows from overview/2026-02-22/batch_33.csv
[2026-03-22T13:44:59.908+0000] {base.py:84} INFO - Using connection ID 'minio_finance' for task execution.
[2026-03-22T13:44:59.909+0000] {connection_wrapper.py:384} INFO - AWS Connection (conn_id='minio_finance', conn_type='aws') credentials retrieved from login and password.
[2026-03-22T13:45:00.441+0000] {logging_mixin.py:188} INFO - ✓ Read 20 rows from overview/2026-02-22/batch_34.csv
[2026-03-22T13:45:00.448+0000] {base.py:84} INFO - Using connection ID 'minio_finance' for task execution.
[2026-03-22T13:45:00.449+0000] {connection_wrapper.py:384} INFO - AWS Connection (conn_id='minio_finance', conn_type='aws') credentials retrieved from login and password.
[2026-03-22T13:45:00.561+0000] {logging_mixin.py:188} INFO - ✓ Read 20 rows from overview/2026-02-22/batch_35.csv
[2026-03-22T13:45:00.568+0000] {base.py:84} INFO - Using connection ID 'minio_finance' for task execution.
[2026-03-22T13:45:00.569+0000] {connection_wrapper.py:384} INFO - AWS Connection (conn_id='minio_finance', conn_type='aws') credentials retrieved from login and password.
[2026-03-22T13:45:00.679+0000] {logging_mixin.py:188} INFO - ✓ Read 20 rows from overview/2026-02-22/batch_36.csv
[2026-03-22T13:45:00.686+0000] {base.py:84} INFO - Using connection ID 'minio_finance' for task execution.
[2026-03-22T13:45:00.687+0000] {connection_wrapper.py:384} INFO - AWS Connection (conn_id='minio_finance', conn_type='aws') credentials retrieved from login and password.
[2026-03-22T13:45:00.780+0000] {logging_mixin.py:188} INFO - ✓ Read 20 rows from overview/2026-02-22/batch_38.csv
[2026-03-22T13:45:00.788+0000] {base.py:84} INFO - Using connection ID 'minio_finance' for task execution.
[2026-03-22T13:45:00.789+0000] {connection_wrapper.py:384} INFO - AWS Connection (conn_id='minio_finance', conn_type='aws') credentials retrieved from login and password.
[2026-03-22T13:45:00.915+0000] {logging_mixin.py:188} INFO - ✓ Read 20 rows from overview/2026-02-22/batch_39.csv
[2026-03-22T13:45:00.923+0000] {base.py:84} INFO - Using connection ID 'minio_finance' for task execution.
[2026-03-22T13:45:00.924+0000] {connection_wrapper.py:384} INFO - AWS Connection (conn_id='minio_finance', conn_type='aws') credentials retrieved from login and password.
[2026-03-22T13:45:01.053+0000] {logging_mixin.py:188} INFO - ✓ Read 18 rows from overview/2026-02-22/batch_4.csv
[2026-03-22T13:45:01.060+0000] {base.py:84} INFO - Using connection ID 'minio_finance' for task execution.
[2026-03-22T13:45:01.061+0000] {connection_wrapper.py:384} INFO - AWS Connection (conn_id='minio_finance', conn_type='aws') credentials retrieved from login and password.
[2026-03-22T13:45:01.165+0000] {logging_mixin.py:188} INFO - ✓ Read 20 rows from overview/2026-02-22/batch_40.csv
[2026-03-22T13:45:01.172+0000] {base.py:84} INFO - Using connection ID 'minio_finance' for task execution.
[2026-03-22T13:45:01.173+0000] {connection_wrapper.py:384} INFO - AWS Connection (conn_id='minio_finance', conn_type='aws') credentials retrieved from login and password.
[2026-03-22T13:45:01.277+0000] {logging_mixin.py:188} INFO - ✓ Read 20 rows from overview/2026-02-22/batch_44.csv
[2026-03-22T13:45:01.284+0000] {base.py:84} INFO - Using connection ID 'minio_finance' for task execution.
[2026-03-22T13:45:01.285+0000] {connection_wrapper.py:384} INFO - AWS Connection (conn_id='minio_finance', conn_type='aws') credentials retrieved from login and password.
[2026-03-22T13:45:01.403+0000] {logging_mixin.py:188} INFO - ✓ Read 20 rows from overview/2026-02-22/batch_45.csv
[2026-03-22T13:45:01.411+0000] {base.py:84} INFO - Using connection ID 'minio_finance' for task execution.
[2026-03-22T13:45:01.412+0000] {connection_wrapper.py:384} INFO - AWS Connection (conn_id='minio_finance', conn_type='aws') credentials retrieved from login and password.
[2026-03-22T13:45:01.511+0000] {logging_mixin.py:188} INFO - ✓ Read 20 rows from overview/2026-02-22/batch_46.csv
[2026-03-22T13:45:01.518+0000] {base.py:84} INFO - Using connection ID 'minio_finance' for task execution.
[2026-03-22T13:45:01.519+0000] {connection_wrapper.py:384} INFO - AWS Connection (conn_id='minio_finance', conn_type='aws') credentials retrieved from login and password.
[2026-03-22T13:45:01.641+0000] {logging_mixin.py:188} INFO - ✓ Read 20 rows from overview/2026-02-22/batch_47.csv
[2026-03-22T13:45:01.648+0000] {base.py:84} INFO - Using connection ID 'minio_finance' for task execution.
[2026-03-22T13:45:01.649+0000] {connection_wrapper.py:384} INFO - AWS Connection (conn_id='minio_finance', conn_type='aws') credentials retrieved from login and password.
[2026-03-22T13:45:01.765+0000] {logging_mixin.py:188} INFO - ✓ Read 18 rows from overview/2026-02-22/batch_5.csv
[2026-03-22T13:45:01.775+0000] {base.py:84} INFO - Using connection ID 'minio_finance' for task execution.
[2026-03-22T13:45:01.776+0000] {connection_wrapper.py:384} INFO - AWS Connection (conn_id='minio_finance', conn_type='aws') credentials retrieved from login and password.
[2026-03-22T13:45:01.916+0000] {logging_mixin.py:188} INFO - ✓ Read 15 rows from overview/2026-02-22/batch_51.csv
[2026-03-22T13:45:01.927+0000] {base.py:84} INFO - Using connection ID 'minio_finance' for task execution.
[2026-03-22T13:45:01.928+0000] {connection_wrapper.py:384} INFO - AWS Connection (conn_id='minio_finance', conn_type='aws') credentials retrieved from login and password.
[2026-03-22T13:45:02.902+0000] {logging_mixin.py:188} INFO - ✓ Read 14 rows from overview/2026-02-22/batch_52.csv
[2026-03-22T13:45:02.913+0000] {base.py:84} INFO - Using connection ID 'minio_finance' for task execution.
[2026-03-22T13:45:02.914+0000] {connection_wrapper.py:384} INFO - AWS Connection (conn_id='minio_finance', conn_type='aws') credentials retrieved from login and password.
[2026-03-22T13:45:03.471+0000] {logging_mixin.py:188} INFO - ✓ Read 14 rows from overview/2026-02-22/batch_53.csv
[2026-03-22T13:45:03.490+0000] {base.py:84} INFO - Using connection ID 'minio_finance' for task execution.
[2026-03-22T13:45:03.491+0000] {connection_wrapper.py:384} INFO - AWS Connection (conn_id='minio_finance', conn_type='aws') credentials retrieved from login and password.
[2026-03-22T13:45:03.706+0000] {logging_mixin.py:188} INFO - ✓ Read 17 rows from overview/2026-02-22/batch_54.csv
[2026-03-22T13:45:03.716+0000] {base.py:84} INFO - Using connection ID 'minio_finance' for task execution.
[2026-03-22T13:45:03.717+0000] {connection_wrapper.py:384} INFO - AWS Connection (conn_id='minio_finance', conn_type='aws') credentials retrieved from login and password.
[2026-03-22T13:45:04.314+0000] {logging_mixin.py:188} INFO - ✓ Read 17 rows from overview/2026-02-22/batch_56.csv
[2026-03-22T13:45:04.328+0000] {base.py:84} INFO - Using connection ID 'minio_finance' for task execution.
[2026-03-22T13:45:04.329+0000] {connection_wrapper.py:384} INFO - AWS Connection (conn_id='minio_finance', conn_type='aws') credentials retrieved from login and password.
[2026-03-22T13:45:04.626+0000] {logging_mixin.py:188} INFO - ✓ Read 16 rows from overview/2026-02-22/batch_57.csv
[2026-03-22T13:45:04.641+0000] {base.py:84} INFO - Using connection ID 'minio_finance' for task execution.
[2026-03-22T13:45:04.643+0000] {connection_wrapper.py:384} INFO - AWS Connection (conn_id='minio_finance', conn_type='aws') credentials retrieved from login and password.
[2026-03-22T13:45:04.901+0000] {logging_mixin.py:188} INFO - ✓ Read 17 rows from overview/2026-02-22/batch_58.csv
[2026-03-22T13:45:04.914+0000] {base.py:84} INFO - Using connection ID 'minio_finance' for task execution.
[2026-03-22T13:45:04.916+0000] {connection_wrapper.py:384} INFO - AWS Connection (conn_id='minio_finance', conn_type='aws') credentials retrieved from login and password.
[2026-03-22T13:45:05.142+0000] {logging_mixin.py:188} INFO - ✓ Read 16 rows from overview/2026-02-22/batch_59.csv
[2026-03-22T13:45:05.155+0000] {base.py:84} INFO - Using connection ID 'minio_finance' for task execution.
[2026-03-22T13:45:05.156+0000] {connection_wrapper.py:384} INFO - AWS Connection (conn_id='minio_finance', conn_type='aws') credentials retrieved from login and password.
[2026-03-22T13:45:05.285+0000] {logging_mixin.py:188} INFO - ✓ Read 17 rows from overview/2026-02-22/batch_6.csv
[2026-03-22T13:45:05.293+0000] {base.py:84} INFO - Using connection ID 'minio_finance' for task execution.
[2026-03-22T13:45:05.294+0000] {connection_wrapper.py:384} INFO - AWS Connection (conn_id='minio_finance', conn_type='aws') credentials retrieved from login and password.
[2026-03-22T13:45:05.447+0000] {logging_mixin.py:188} INFO - ✓ Read 17 rows from overview/2026-02-22/batch_60.csv
[2026-03-22T13:45:05.457+0000] {base.py:84} INFO - Using connection ID 'minio_finance' for task execution.
[2026-03-22T13:45:05.457+0000] {connection_wrapper.py:384} INFO - AWS Connection (conn_id='minio_finance', conn_type='aws') credentials retrieved from login and password.
[2026-03-22T13:45:05.580+0000] {logging_mixin.py:188} INFO - ✓ Read 17 rows from overview/2026-02-22/batch_61.csv
[2026-03-22T13:45:05.588+0000] {base.py:84} INFO - Using connection ID 'minio_finance' for task execution.
[2026-03-22T13:45:05.589+0000] {connection_wrapper.py:384} INFO - AWS Connection (conn_id='minio_finance', conn_type='aws') credentials retrieved from login and password.
[2026-03-22T13:45:05.747+0000] {logging_mixin.py:188} INFO - ✓ Read 16 rows from overview/2026-02-22/batch_63.csv
[2026-03-22T13:45:05.757+0000] {base.py:84} INFO - Using connection ID 'minio_finance' for task execution.
[2026-03-22T13:45:05.759+0000] {connection_wrapper.py:384} INFO - AWS Connection (conn_id='minio_finance', conn_type='aws') credentials retrieved from login and password.
[2026-03-22T13:45:05.914+0000] {logging_mixin.py:188} INFO - ✓ Read 18 rows from overview/2026-02-22/batch_7.csv
[2026-03-22T13:45:05.926+0000] {base.py:84} INFO - Using connection ID 'minio_finance' for task execution.
[2026-03-22T13:45:05.929+0000] {connection_wrapper.py:384} INFO - AWS Connection (conn_id='minio_finance', conn_type='aws') credentials retrieved from login and password.
[2026-03-22T13:45:06.070+0000] {logging_mixin.py:188} INFO - ✓ Read 16 rows from overview/2026-02-22/batch_8.csv
[2026-03-22T13:45:06.077+0000] {base.py:84} INFO - Using connection ID 'minio_finance' for task execution.
[2026-03-22T13:45:06.078+0000] {connection_wrapper.py:384} INFO - AWS Connection (conn_id='minio_finance', conn_type='aws') credentials retrieved from login and password.
[2026-03-22T13:45:06.191+0000] {logging_mixin.py:188} INFO - ✓ Read 16 rows from overview/2026-02-22/batch_9.csv
[2026-03-22T13:45:06.236+0000] {logging_mixin.py:188} INFO - ✓ Concatenated 50 files into 909 total rows
[2026-03-22T13:45:06.237+0000] {logging_mixin.py:188} INFO - Loaded 909 rows
[2026-03-22T13:45:06.252+0000] {logging_mixin.py:188} INFO - 
[3/4] Cleaning and transforming data...
[2026-03-22T13:45:06.507+0000] {logging_mixin.py:188} INFO - After cleaning: 909 rows
[2026-03-22T13:45:06.508+0000] {logging_mixin.py:188} INFO - 
[4/4] Inserting into database...
[2026-03-22T13:45:07.043+0000] {logging_mixin.py:188} INFO - ✓ Schema hethong_phantich_chungkhoan ensured
[2026-03-22T13:45:07.778+0000] {logging_mixin.py:188} INFO - ✅ Upserted 909 rows
[2026-03-22T13:45:07.780+0000] {python.py:237} INFO - Done. Returned value was: ✅ Success: 909 rows
[2026-03-22T13:45:07.781+0000] {taskinstance.py:441} INFO - ::group::Post task execution logs
[2026-03-22T13:45:07.819+0000] {taskinstance.py:1206} INFO - Marking task as SUCCESS. dag_id=minio_to_db_sync, task_id=sync_overview, run_id=scheduled__2026-03-21T03:00:00+00:00, execution_date=20260321T030000, start_date=20260322T134239, end_date=20260322T134507
[2026-03-22T13:45:07.927+0000] {local_task_job_runner.py:243} INFO - Task exited with return code 0
[2026-03-22T13:45:10.080+0000] {taskinstance.py:3503} INFO - 0 downstream tasks scheduled from follow-on schedule check
[2026-03-22T13:45:10.085+0000] {local_task_job_runner.py:222} INFO - ::endgroup::
