[2026-02-12T15:13:49.319+0000] {local_task_job_runner.py:120} INFO - ::group::Pre task execution logs
[2026-02-12T15:13:49.388+0000] {taskinstance.py:2076} INFO - Dependencies all met for dep_context=non-requeueable deps ti=<TaskInstance: daily_price_minio.ingest_daily_price scheduled__2026-02-10T16:00:00+00:00 map_index=214 [queued]>
[2026-02-12T15:13:49.442+0000] {taskinstance.py:2076} INFO - Dependencies all met for dep_context=requeueable deps ti=<TaskInstance: daily_price_minio.ingest_daily_price scheduled__2026-02-10T16:00:00+00:00 map_index=214 [queued]>
[2026-02-12T15:13:49.443+0000] {taskinstance.py:2306} INFO - Starting attempt 1 of 2
[2026-02-12T15:13:49.477+0000] {taskinstance.py:2330} INFO - Executing <Mapped(DfToCsvOperator): ingest_daily_price> on 2026-02-10 16:00:00+00:00
[2026-02-12T15:13:49.494+0000] {warnings.py:112} WARNING - This process (pid=10650) is multi-threaded, use of fork() may lead to deadlocks in the child.

[2026-02-12T15:13:49.496+0000] {standard_task_runner.py:64} INFO - Started process 10694 to run task
[2026-02-12T15:13:49.505+0000] {standard_task_runner.py:90} INFO - Running: ['***', 'tasks', 'run', 'daily_price_minio', 'ingest_daily_price', 'scheduled__2026-02-10T16:00:00+00:00', '--job-id', '21514', '--raw', '--subdir', 'DAGS_FOLDER/dl_dailly_price.py', '--cfg-path', '/tmp/tmp9nqq19i2', '--map-index', '214']
[2026-02-12T15:13:49.510+0000] {standard_task_runner.py:91} INFO - Job 21514: Subtask ingest_daily_price
[2026-02-12T15:13:49.629+0000] {task_command.py:426} INFO - Running <TaskInstance: daily_price_minio.ingest_daily_price scheduled__2026-02-10T16:00:00+00:00 map_index=214 [running]> on host fe54ecce8de4
[2026-02-12T15:13:50.249+0000] {taskinstance.py:2648} INFO - Exporting env vars: AIRFLOW_CTX_DAG_OWNER='***' AIRFLOW_CTX_DAG_ID='daily_price_minio' AIRFLOW_CTX_TASK_ID='ingest_daily_price' AIRFLOW_CTX_EXECUTION_DATE='2026-02-10T16:00:00+00:00' AIRFLOW_CTX_TRY_NUMBER='1' AIRFLOW_CTX_DAG_RUN_ID='scheduled__2026-02-10T16:00:00+00:00'
[2026-02-12T15:13:50.250+0000] {taskinstance.py:430} INFO - ::endgroup::
[2026-02-12T15:13:50.251+0000] {datalake_df2csv.py:40} INFO - ================================================================================
[2026-02-12T15:13:50.252+0000] {datalake_df2csv.py:41} INFO - 🚀 BẮT ĐẦU TASK: ingest_daily_price
[2026-02-12T15:13:50.252+0000] {datalake_df2csv.py:42} INFO - ================================================================================
[2026-02-12T15:13:50.253+0000] {datalake_df2csv.py:43} INFO - 📋 Thông tin cấu hình:
[2026-02-12T15:13:50.254+0000] {datalake_df2csv.py:44} INFO -   - Logic file: history_price
[2026-02-12T15:13:50.254+0000] {datalake_df2csv.py:45} INFO -   - DataFrame name: get_history_price_batch
[2026-02-12T15:13:50.255+0000] {datalake_df2csv.py:46} INFO -   - Bucket: thongtin-congty-va-bctc
[2026-02-12T15:13:50.255+0000] {datalake_df2csv.py:47} INFO -   - Object path: daily_price/2026-02-10/batch_214.csv
[2026-02-12T15:13:50.256+0000] {datalake_df2csv.py:48} INFO -   - Connection ID: minio_finance
[2026-02-12T15:13:50.256+0000] {datalake_df2csv.py:49} INFO -   - Tham số truyền vào: {'symbols': ['PMS', 'XPH', 'L62', 'ONE', 'GDT'], 'start_date': '2026-02-10', 'end_date': '2026-02-11'}
[2026-02-12T15:13:50.257+0000] {datalake_df2csv.py:50} INFO - --------------------------------------------------------------------------------
[2026-02-12T15:13:50.258+0000] {datalake_df2csv.py:54} INFO - 📥 Bước 1: Đang load dữ liệu từ logic file...
[2026-02-12T15:13:50.264+0000] {datalake_df2csv.py:148} INFO -   - Logic directory: /opt/airflow/plugins/logic
[2026-02-12T15:13:50.266+0000] {datalake_df2csv.py:149} INFO -   - Module path: /opt/airflow/plugins/logic/history_price.py
[2026-02-12T15:13:50.268+0000] {datalake_df2csv.py:153} INFO -   - Đã thêm logic directory vào sys.path
[2026-02-12T15:13:50.269+0000] {datalake_df2csv.py:159} INFO -   - Đang load module 'history_price'...
[2026-02-12T15:13:50.284+0000] {datalake_df2csv.py:163} INFO -   - ✅ Module loaded thành công
[2026-02-12T15:13:50.285+0000] {datalake_df2csv.py:165} INFO -   - Đang tìm DataFrame/function: 'get_history_price_batch'...
[2026-02-12T15:13:50.286+0000] {datalake_df2csv.py:170} INFO -   - ✅ Tìm thấy object: function
[2026-02-12T15:13:50.287+0000] {datalake_df2csv.py:173} INFO -   - Đang gọi function với tham số: {'symbols': ['PMS', 'XPH', 'L62', 'ONE', 'GDT'], 'start_date': '2026-02-10', 'end_date': '2026-02-11'}
[2026-02-12T15:14:18.564+0000] {log.py:232} WARNING - 2026-02-12 15:14:18 - vnstock.core.utils.client - ERROR - API request failed: HTTPSConnectionPool(host='trading.vietcap.com.vn', port=443): Max retries exceeded with url: /api/chart/OHLCChart/gap-chart (Caused by NewConnectionError('<urllib3.connection.HTTPSConnection object at 0x7f18531f0770>: Failed to establish a new connection: [Errno 101] Network is unreachable'))
[2026-02-12T15:14:18.564+0000] {client.py:297} ERROR - API request failed: HTTPSConnectionPool(host='trading.vietcap.com.vn', port=443): Max retries exceeded with url: /api/chart/OHLCChart/gap-chart (Caused by NewConnectionError('<urllib3.connection.HTTPSConnection object at 0x7f18531f0770>: Failed to establish a new connection: [Errno 101] Network is unreachable'))
[2026-02-12T15:14:46.796+0000] {log.py:232} WARNING - 2026-02-12 15:14:46 - vnstock.core.utils.client - ERROR - API request failed: HTTPSConnectionPool(host='trading.vietcap.com.vn', port=443): Max retries exceeded with url: /api/chart/OHLCChart/gap-chart (Caused by NewConnectionError('<urllib3.connection.HTTPSConnection object at 0x7f18531f1340>: Failed to establish a new connection: [Errno 101] Network is unreachable'))
[2026-02-12T15:14:46.796+0000] {client.py:297} ERROR - API request failed: HTTPSConnectionPool(host='trading.vietcap.com.vn', port=443): Max retries exceeded with url: /api/chart/OHLCChart/gap-chart (Caused by NewConnectionError('<urllib3.connection.HTTPSConnection object at 0x7f18531f1340>: Failed to establish a new connection: [Errno 101] Network is unreachable'))
[2026-02-12T15:14:49.922+0000] {datalake_df2csv.py:68} INFO - ✅ Load dữ liệu thành công!
[2026-02-12T15:14:49.922+0000] {datalake_df2csv.py:69} INFO - 📊 Thông tin DataFrame:
[2026-02-12T15:14:49.923+0000] {datalake_df2csv.py:70} INFO -   - Số dòng: 20
[2026-02-12T15:14:49.924+0000] {datalake_df2csv.py:71} INFO -   - Số cột: 7
[2026-02-12T15:14:49.925+0000] {datalake_df2csv.py:72} INFO -   - Tên các cột: ['ticker', 'trading_date', 'open', 'high', 'low', 'close', 'volume']
[2026-02-12T15:14:49.926+0000] {datalake_df2csv.py:73} INFO -   - Kiểu dữ liệu: {'ticker': 'object', 'trading_date': 'object', 'open': 'float64', 'high': 'float64', 'low': 'float64', 'close': 'float64', 'volume': 'int64'}
[2026-02-12T15:14:49.929+0000] {datalake_df2csv.py:74} INFO -   - Bộ nhớ sử dụng: 0.00 MB
[2026-02-12T15:14:49.931+0000] {datalake_df2csv.py:83} INFO -   - Không có giá trị NULL
[2026-02-12T15:14:49.931+0000] {datalake_df2csv.py:86} INFO -   - Mẫu dữ liệu (5 dòng đầu):
[2026-02-12T15:14:49.933+0000] {datalake_df2csv.py:88} INFO -     Row 0: {'ticker': 'PMS', 'trading_date': '2026-02-04', 'open': 35.0, 'high': 35.1, 'low': 35.0, 'close': 35.0, 'volume': 3100}
[2026-02-12T15:14:49.934+0000] {datalake_df2csv.py:88} INFO -     Row 1: {'ticker': 'PMS', 'trading_date': '2026-02-06', 'open': 35.0, 'high': 35.0, 'low': 35.0, 'close': 35.0, 'volume': 100}
[2026-02-12T15:14:49.935+0000] {datalake_df2csv.py:88} INFO -     Row 2: {'ticker': 'PMS', 'trading_date': '2026-02-09', 'open': 35.0, 'high': 35.0, 'low': 35.0, 'close': 35.0, 'volume': 1500}
[2026-02-12T15:14:49.936+0000] {datalake_df2csv.py:88} INFO -     Row 3: {'ticker': 'PMS', 'trading_date': '2026-02-10', 'open': 34.8, 'high': 35.0, 'low': 34.7, 'close': 34.7, 'volume': 3100}
[2026-02-12T15:14:49.937+0000] {datalake_df2csv.py:88} INFO -     Row 4: {'ticker': 'XPH', 'trading_date': '2026-02-09', 'open': 14.5, 'high': 14.5, 'low': 13.9, 'close': 13.9, 'volume': 6300}
[2026-02-12T15:14:49.938+0000] {datalake_df2csv.py:90} INFO - --------------------------------------------------------------------------------
[2026-02-12T15:14:49.939+0000] {datalake_df2csv.py:93} INFO - 📝 Bước 2: Đang chuyển đổi DataFrame sang CSV...
[2026-02-12T15:14:49.944+0000] {datalake_df2csv.py:97} INFO - ✅ Chuyển đổi CSV thành công!
[2026-02-12T15:14:49.945+0000] {datalake_df2csv.py:98} INFO -   - Kích thước file: 0.00 MB
[2026-02-12T15:14:49.945+0000] {datalake_df2csv.py:99} INFO -   - Thời gian chuyển đổi: 0.00 giây
[2026-02-12T15:14:49.946+0000] {datalake_df2csv.py:100} INFO - --------------------------------------------------------------------------------
[2026-02-12T15:14:49.947+0000] {datalake_df2csv.py:103} INFO - ☁️  Bước 3: Đang upload lên MinIO/S3...
[2026-02-12T15:14:49.967+0000] {base.py:84} INFO - Using connection ID 'minio_finance' for task execution.
[2026-02-12T15:14:49.968+0000] {connection_wrapper.py:384} INFO - AWS Connection (conn_id='minio_finance', conn_type='aws') credentials retrieved from login and password.
[2026-02-12T15:14:50.731+0000] {datalake_df2csv.py:112} INFO -   - Bucket 'thongtin-congty-va-bctc' đã tồn tại
[2026-02-12T15:14:50.798+0000] {datalake_df2csv.py:117} INFO - ✅ Upload thành công!
[2026-02-12T15:14:50.799+0000] {datalake_df2csv.py:118} INFO -   - Đường dẫn: s3://thongtin-congty-va-bctc/daily_price/2026-02-10/batch_214.csv
[2026-02-12T15:14:50.800+0000] {datalake_df2csv.py:119} INFO -   - Số dòng: 20
[2026-02-12T15:14:50.801+0000] {datalake_df2csv.py:120} INFO -   - Thời gian upload: 0.85 giây
[2026-02-12T15:14:50.801+0000] {datalake_df2csv.py:121} INFO - --------------------------------------------------------------------------------
[2026-02-12T15:14:50.801+0000] {datalake_df2csv.py:125} INFO - 📈 TỔNG KẾT:
[2026-02-12T15:14:50.802+0000] {datalake_df2csv.py:126} INFO -   - Tổng thời gian thực thi: 60.55 giây
[2026-02-12T15:14:50.803+0000] {datalake_df2csv.py:127} INFO -   - Tốc độ xử lý: 0 dòng/giây
[2026-02-12T15:14:50.803+0000] {datalake_df2csv.py:128} INFO - ================================================================================
[2026-02-12T15:14:50.804+0000] {datalake_df2csv.py:129} INFO - ✅ HOÀN THÀNH TASK: ingest_daily_price
[2026-02-12T15:14:50.804+0000] {datalake_df2csv.py:130} INFO - ================================================================================
[2026-02-12T15:14:50.805+0000] {taskinstance.py:441} INFO - ::group::Post task execution logs
[2026-02-12T15:14:50.857+0000] {taskinstance.py:1206} INFO - Marking task as SUCCESS. dag_id=daily_price_minio, task_id=ingest_daily_price, run_id=scheduled__2026-02-10T16:00:00+00:00, map_index=214, execution_date=20260210T160000, start_date=20260212T151349, end_date=20260212T151450
[2026-02-12T15:14:50.936+0000] {local_task_job_runner.py:243} INFO - Task exited with return code 0
[2026-02-12T15:14:50.956+0000] {taskinstance.py:3503} INFO - 0 downstream tasks scheduled from follow-on schedule check
[2026-02-12T15:14:50.960+0000] {local_task_job_runner.py:222} INFO - ::endgroup::
