[2026-03-07T02:48:13.327+0000] {local_task_job_runner.py:120} INFO - ::group::Pre task execution logs
[2026-03-07T02:48:13.361+0000] {taskinstance.py:2076} INFO - Dependencies all met for dep_context=non-requeueable deps ti=<TaskInstance: electric_board_daily.ingest_electric_board scheduled__2026-03-05T16:00:00+00:00 map_index=28 [queued]>
[2026-03-07T02:48:13.374+0000] {taskinstance.py:2076} INFO - Dependencies all met for dep_context=requeueable deps ti=<TaskInstance: electric_board_daily.ingest_electric_board scheduled__2026-03-05T16:00:00+00:00 map_index=28 [queued]>
[2026-03-07T02:48:13.375+0000] {taskinstance.py:2306} INFO - Starting attempt 1 of 3
[2026-03-07T02:48:13.408+0000] {taskinstance.py:2330} INFO - Executing <Mapped(DfToCsvOperator): ingest_electric_board> on 2026-03-05 16:00:00+00:00
[2026-03-07T02:48:13.423+0000] {warnings.py:112} WARNING - This process (pid=486) is multi-threaded, use of fork() may lead to deadlocks in the child.

[2026-03-07T02:48:13.426+0000] {standard_task_runner.py:64} INFO - Started process 517 to run task
[2026-03-07T02:48:13.432+0000] {standard_task_runner.py:90} INFO - Running: ['***', 'tasks', 'run', 'electric_board_daily', 'ingest_electric_board', 'scheduled__2026-03-05T16:00:00+00:00', '--job-id', '30695', '--raw', '--subdir', 'DAGS_FOLDER/dl_electric_board.py', '--cfg-path', '/tmp/tmpv2tcn3_q', '--map-index', '28']
[2026-03-07T02:48:13.436+0000] {standard_task_runner.py:91} INFO - Job 30695: Subtask ingest_electric_board
[2026-03-07T02:48:13.533+0000] {task_command.py:426} INFO - Running <TaskInstance: electric_board_daily.ingest_electric_board scheduled__2026-03-05T16:00:00+00:00 map_index=28 [running]> on host 037753ebc487
[2026-03-07T02:48:13.735+0000] {taskinstance.py:2648} INFO - Exporting env vars: AIRFLOW_CTX_DAG_OWNER='***' AIRFLOW_CTX_DAG_ID='electric_board_daily' AIRFLOW_CTX_TASK_ID='ingest_electric_board' AIRFLOW_CTX_EXECUTION_DATE='2026-03-05T16:00:00+00:00' AIRFLOW_CTX_TRY_NUMBER='1' AIRFLOW_CTX_DAG_RUN_ID='scheduled__2026-03-05T16:00:00+00:00'
[2026-03-07T02:48:13.736+0000] {taskinstance.py:430} INFO - ::endgroup::
[2026-03-07T02:48:13.738+0000] {datalake_df2csv.py:40} INFO - ================================================================================
[2026-03-07T02:48:13.738+0000] {datalake_df2csv.py:41} INFO - 🚀 BẮT ĐẦU TASK: ingest_electric_board
[2026-03-07T02:48:13.739+0000] {datalake_df2csv.py:42} INFO - ================================================================================
[2026-03-07T02:48:13.739+0000] {datalake_df2csv.py:43} INFO - 📋 Thông tin cấu hình:
[2026-03-07T02:48:13.740+0000] {datalake_df2csv.py:44} INFO -   - Logic file: electric_board
[2026-03-07T02:48:13.740+0000] {datalake_df2csv.py:45} INFO -   - DataFrame name: get_price_board_batch
[2026-03-07T02:48:13.741+0000] {datalake_df2csv.py:46} INFO -   - Bucket: thongtin-congty-va-bctc
[2026-03-07T02:48:13.742+0000] {datalake_df2csv.py:47} INFO -   - Object path: electric_board_per_day/2026-03-05/batch_28.csv
[2026-03-07T02:48:13.742+0000] {datalake_df2csv.py:48} INFO -   - Connection ID: minio_finance
[2026-03-07T02:48:13.742+0000] {datalake_df2csv.py:49} INFO -   - Tham số truyền vào: {'symbols': ['VE1', 'VCF', 'VUA', 'SJM', 'HFC', 'HVN', 'TSC', 'HWS', 'DCR', 'HPO', 'HDW', 'VC1', 'GCF', 'APP', 'STD', 'BAF', 'MSN', 'MDA', 'MVN', 'PIC', 'MQB', 'CBS', 'THP', 'ABS', 'DVW', 'CCT', 'YBC', 'TIX', 'CVT', 'TRC', 'TNV', 'ECI', 'ITA', 'ITQ', 'SZC', 'DTL', 'PIA', 'KST', 'DCG', 'INN', 'CMW', 'KIP', 'C92', 'PAN', 'TBC', 'VGR', 'PMP', 'DNA', 'HAS', 'NAW'], 'trading_date': '2026-03-05'}
[2026-03-07T02:48:13.743+0000] {datalake_df2csv.py:50} INFO - --------------------------------------------------------------------------------
[2026-03-07T02:48:13.744+0000] {datalake_df2csv.py:54} INFO - 📥 Bước 1: Đang load dữ liệu từ logic file...
[2026-03-07T02:48:13.749+0000] {datalake_df2csv.py:148} INFO -   - Logic directory: /opt/airflow/plugins/logic
[2026-03-07T02:48:13.750+0000] {datalake_df2csv.py:149} INFO -   - Module path: /opt/airflow/plugins/logic/electric_board.py
[2026-03-07T02:48:13.751+0000] {datalake_df2csv.py:153} INFO -   - Đã thêm logic directory vào sys.path
[2026-03-07T02:48:13.752+0000] {datalake_df2csv.py:159} INFO -   - Đang load module 'electric_board'...
[2026-03-07T02:48:13.756+0000] {datalake_df2csv.py:163} INFO -   - ✅ Module loaded thành công
[2026-03-07T02:48:13.757+0000] {datalake_df2csv.py:165} INFO -   - Đang tìm DataFrame/function: 'get_price_board_batch'...
[2026-03-07T02:48:13.758+0000] {datalake_df2csv.py:170} INFO -   - ✅ Tìm thấy object: function
[2026-03-07T02:48:13.759+0000] {datalake_df2csv.py:173} INFO -   - Đang gọi function với tham số: {'symbols': ['VE1', 'VCF', 'VUA', 'SJM', 'HFC', 'HVN', 'TSC', 'HWS', 'DCR', 'HPO', 'HDW', 'VC1', 'GCF', 'APP', 'STD', 'BAF', 'MSN', 'MDA', 'MVN', 'PIC', 'MQB', 'CBS', 'THP', 'ABS', 'DVW', 'CCT', 'YBC', 'TIX', 'CVT', 'TRC', 'TNV', 'ECI', 'ITA', 'ITQ', 'SZC', 'DTL', 'PIA', 'KST', 'DCG', 'INN', 'CMW', 'KIP', 'C92', 'PAN', 'TBC', 'VGR', 'PMP', 'DNA', 'HAS', 'NAW'], 'trading_date': '2026-03-05'}
[2026-03-07T02:48:13.761+0000] {logging_mixin.py:188} INFO - [ELECTRIC_BOARD] Fetching price board for 50 symbols: ['VE1', 'VCF', 'VUA', 'SJM', 'HFC']...
[2026-03-07T02:48:15.942+0000] {logging_mixin.py:188} INFO - [ELECTRIC_BOARD] ✅ Fetched 50 rows, 1 columns
[2026-03-07T02:48:15.943+0000] {datalake_df2csv.py:68} INFO - ✅ Load dữ liệu thành công!
[2026-03-07T02:48:15.944+0000] {datalake_df2csv.py:69} INFO - 📊 Thông tin DataFrame:
[2026-03-07T02:48:15.945+0000] {datalake_df2csv.py:70} INFO -   - Số dòng: 50
[2026-03-07T02:48:15.949+0000] {datalake_df2csv.py:71} INFO -   - Số cột: 1
[2026-03-07T02:48:15.957+0000] {datalake_df2csv.py:72} INFO -   - Tên các cột: ['trading_date']
[2026-03-07T02:48:15.960+0000] {datalake_df2csv.py:73} INFO -   - Kiểu dữ liệu: {'trading_date': 'object'}
[2026-03-07T02:48:15.984+0000] {datalake_df2csv.py:74} INFO -   - Bộ nhớ sử dụng: 0.00 MB
[2026-03-07T02:48:15.991+0000] {datalake_df2csv.py:83} INFO -   - Không có giá trị NULL
[2026-03-07T02:48:15.995+0000] {datalake_df2csv.py:86} INFO -   - Mẫu dữ liệu (5 dòng đầu):
[2026-03-07T02:48:16.000+0000] {datalake_df2csv.py:88} INFO -     Row 0: {'trading_date': '2026-03-05'}
[2026-03-07T02:48:16.020+0000] {datalake_df2csv.py:88} INFO -     Row 1: {'trading_date': '2026-03-05'}
[2026-03-07T02:48:16.023+0000] {datalake_df2csv.py:88} INFO -     Row 2: {'trading_date': '2026-03-05'}
[2026-03-07T02:48:16.026+0000] {datalake_df2csv.py:88} INFO -     Row 3: {'trading_date': '2026-03-05'}
[2026-03-07T02:48:16.029+0000] {datalake_df2csv.py:88} INFO -     Row 4: {'trading_date': '2026-03-05'}
[2026-03-07T02:48:16.032+0000] {datalake_df2csv.py:90} INFO - --------------------------------------------------------------------------------
[2026-03-07T02:48:16.034+0000] {datalake_df2csv.py:93} INFO - 📝 Bước 2: Đang chuyển đổi DataFrame sang CSV...
[2026-03-07T02:48:16.044+0000] {datalake_df2csv.py:97} INFO - ✅ Chuyển đổi CSV thành công!
[2026-03-07T02:48:16.045+0000] {datalake_df2csv.py:98} INFO -   - Kích thước file: 0.00 MB
[2026-03-07T02:48:16.053+0000] {datalake_df2csv.py:99} INFO -   - Thời gian chuyển đổi: 0.01 giây
[2026-03-07T02:48:16.056+0000] {datalake_df2csv.py:100} INFO - --------------------------------------------------------------------------------
[2026-03-07T02:48:16.060+0000] {datalake_df2csv.py:103} INFO - ☁️  Bước 3: Đang upload lên MinIO/S3...
[2026-03-07T02:48:16.098+0000] {base.py:84} INFO - Using connection ID 'minio_finance' for task execution.
[2026-03-07T02:48:16.101+0000] {connection_wrapper.py:384} INFO - AWS Connection (conn_id='minio_finance', conn_type='aws') credentials retrieved from login and password.
[2026-03-07T02:48:18.378+0000] {datalake_df2csv.py:112} INFO -   - Bucket 'thongtin-congty-va-bctc' đã tồn tại
[2026-03-07T02:48:18.903+0000] {datalake_df2csv.py:117} INFO - ✅ Upload thành công!
[2026-03-07T02:48:18.904+0000] {datalake_df2csv.py:118} INFO -   - Đường dẫn: s3://thongtin-congty-va-bctc/electric_board_per_day/2026-03-05/batch_28.csv
[2026-03-07T02:48:18.909+0000] {datalake_df2csv.py:119} INFO -   - Số dòng: 50
[2026-03-07T02:48:18.910+0000] {datalake_df2csv.py:120} INFO -   - Thời gian upload: 2.83 giây
[2026-03-07T02:48:18.911+0000] {datalake_df2csv.py:121} INFO - --------------------------------------------------------------------------------
[2026-03-07T02:48:18.912+0000] {datalake_df2csv.py:125} INFO - 📈 TỔNG KẾT:
[2026-03-07T02:48:18.913+0000] {datalake_df2csv.py:126} INFO -   - Tổng thời gian thực thi: 5.17 giây
[2026-03-07T02:48:18.915+0000] {datalake_df2csv.py:127} INFO -   - Tốc độ xử lý: 10 dòng/giây
[2026-03-07T02:48:18.916+0000] {datalake_df2csv.py:128} INFO - ================================================================================
[2026-03-07T02:48:18.927+0000] {datalake_df2csv.py:129} INFO - ✅ HOÀN THÀNH TASK: ingest_electric_board
[2026-03-07T02:48:18.930+0000] {datalake_df2csv.py:130} INFO - ================================================================================
[2026-03-07T02:48:18.949+0000] {taskinstance.py:441} INFO - ::group::Post task execution logs
[2026-03-07T02:48:19.063+0000] {taskinstance.py:1206} INFO - Marking task as SUCCESS. dag_id=electric_board_daily, task_id=ingest_electric_board, run_id=scheduled__2026-03-05T16:00:00+00:00, map_index=28, execution_date=20260305T160000, start_date=20260307T024813, end_date=20260307T024819
[2026-03-07T02:48:19.288+0000] {local_task_job_runner.py:243} INFO - Task exited with return code 0
[2026-03-07T02:48:19.326+0000] {local_task_job_runner.py:222} INFO - ::endgroup::
