[2026-01-24T08:58:53.021+0000] {local_task_job_runner.py:120} INFO - ::group::Pre task execution logs
[2026-01-24T08:58:53.118+0000] {taskinstance.py:2076} INFO - Dependencies all met for dep_context=non-requeueable deps ti=<TaskInstance: financial_ratios_etl.ingest_financial_ratios manual__2026-01-24T08:33:50+00:00 map_index=597 [queued]>
[2026-01-24T08:58:53.206+0000] {taskinstance.py:2076} INFO - Dependencies all met for dep_context=requeueable deps ti=<TaskInstance: financial_ratios_etl.ingest_financial_ratios manual__2026-01-24T08:33:50+00:00 map_index=597 [queued]>
[2026-01-24T08:58:53.207+0000] {taskinstance.py:2306} INFO - Starting attempt 1 of 2
[2026-01-24T08:58:53.233+0000] {taskinstance.py:2330} INFO - Executing <Mapped(DfToCsvOperator): ingest_financial_ratios> on 2026-01-24 08:33:50+00:00
[2026-01-24T08:58:53.251+0000] {warnings.py:112} WARNING - This process (pid=15086) is multi-threaded, use of fork() may lead to deadlocks in the child.

[2026-01-24T08:58:53.254+0000] {standard_task_runner.py:64} INFO - Started process 15181 to run task
[2026-01-24T08:58:53.257+0000] {standard_task_runner.py:90} INFO - Running: ['***', 'tasks', 'run', 'financial_ratios_etl', 'ingest_financial_ratios', 'manual__2026-01-24T08:33:50+00:00', '--job-id', '6900', '--raw', '--subdir', 'DAGS_FOLDER/dl_financial_ratios.py', '--cfg-path', '/tmp/tmpf6vcu7_s', '--map-index', '597']
[2026-01-24T08:58:53.262+0000] {standard_task_runner.py:91} INFO - Job 6900: Subtask ingest_financial_ratios
[2026-01-24T08:58:53.336+0000] {task_command.py:426} INFO - Running <TaskInstance: financial_ratios_etl.ingest_financial_ratios manual__2026-01-24T08:33:50+00:00 map_index=597 [running]> on host 05b4b3a77fa2
[2026-01-24T08:58:53.500+0000] {taskinstance.py:2648} INFO - Exporting env vars: AIRFLOW_CTX_DAG_OWNER='***' AIRFLOW_CTX_DAG_ID='financial_ratios_etl' AIRFLOW_CTX_TASK_ID='ingest_financial_ratios' AIRFLOW_CTX_EXECUTION_DATE='2026-01-24T08:33:50+00:00' AIRFLOW_CTX_TRY_NUMBER='1' AIRFLOW_CTX_DAG_RUN_ID='manual__2026-01-24T08:33:50+00:00'
[2026-01-24T08:58:53.502+0000] {taskinstance.py:430} INFO - ::endgroup::
[2026-01-24T08:58:53.512+0000] {logging_mixin.py:188} INFO - [RATIO] Bắt đầu xử lý batch 2 mã: ['GVT', 'GVR']
[2026-01-24T08:58:53.513+0000] {logging_mixin.py:188} INFO - [RATIO] Kỳ dữ liệu: quarter
[2026-01-24T08:58:53.513+0000] {logging_mixin.py:188} INFO -  >> [RATIO] Đang lấy dữ liệu: GVT
[2026-01-24T08:58:56.565+0000] {logging_mixin.py:188} INFO -  ✓ [RATIO] GVT: 14 rows
[2026-01-24T08:58:58.566+0000] {logging_mixin.py:188} INFO -  >> [RATIO] Đang lấy dữ liệu: GVR
[2026-01-24T08:59:00.615+0000] {logging_mixin.py:188} INFO -  ✓ [RATIO] GVR: 29 rows
[2026-01-24T08:59:02.618+0000] {logging_mixin.py:188} INFO -  ✅ [RATIO] Hoàn thành batch. Tổng số dòng: 43
[2026-01-24T08:59:02.658+0000] {base.py:84} INFO - Using connection ID 'minio_finance' for task execution.
[2026-01-24T08:59:02.664+0000] {connection_wrapper.py:384} INFO - AWS Connection (conn_id='minio_finance', conn_type='aws') credentials retrieved from login and password.
[2026-01-24T08:59:03.488+0000] {datalake_df2csv.py:52} INFO - ✅ Đã upload 43 dòng -> s3://thongtin-congty-va-bctc/financial_ratios/2026-01-24/batch_597.csv
[2026-01-24T08:59:03.489+0000] {taskinstance.py:441} INFO - ::group::Post task execution logs
[2026-01-24T08:59:03.501+0000] {taskinstance.py:1206} INFO - Marking task as SUCCESS. dag_id=financial_ratios_etl, task_id=ingest_financial_ratios, run_id=manual__2026-01-24T08:33:50+00:00, map_index=597, execution_date=20260124T083350, start_date=20260124T085853, end_date=20260124T085903
[2026-01-24T08:59:03.639+0000] {local_task_job_runner.py:243} INFO - Task exited with return code 0
[2026-01-24T08:59:03.665+0000] {taskinstance.py:3503} INFO - 0 downstream tasks scheduled from follow-on schedule check
[2026-01-24T08:59:03.669+0000] {local_task_job_runner.py:222} INFO - ::endgroup::
