[2026-03-28T13:32:23.882+0000] {local_task_job_runner.py:120} INFO - ::group::Pre task execution logs
[2026-03-28T13:32:23.964+0000] {taskinstance.py:2076} INFO - Dependencies all met for dep_context=non-requeueable deps ti=<TaskInstance: minio_to_db_sync.sync_financial_ratio scheduled__2026-03-27T03:00:00+00:00 [queued]>
[2026-03-28T13:32:23.981+0000] {taskinstance.py:2076} INFO - Dependencies all met for dep_context=requeueable deps ti=<TaskInstance: minio_to_db_sync.sync_financial_ratio scheduled__2026-03-27T03:00:00+00:00 [queued]>
[2026-03-28T13:32:23.982+0000] {taskinstance.py:2306} INFO - Starting attempt 1 of 3
[2026-03-28T13:32:24.190+0000] {taskinstance.py:2330} INFO - Executing <Task(_PythonDecoratedOperator): sync_financial_ratio> on 2026-03-27 03:00:00+00:00
[2026-03-28T13:32:24.371+0000] {warnings.py:112} WARNING - This process (pid=74) is multi-threaded, use of fork() may lead to deadlocks in the child.

[2026-03-28T13:32:24.483+0000] {standard_task_runner.py:64} INFO - Started process 104 to run task
[2026-03-28T13:32:24.453+0000] {standard_task_runner.py:90} INFO - Running: ['***', 'tasks', 'run', 'minio_to_db_sync', 'sync_financial_ratio', 'scheduled__2026-03-27T03:00:00+00:00', '--job-id', '37105', '--raw', '--subdir', 'DAGS_FOLDER/minio_to_db_sync.py', '--cfg-path', '/tmp/tmpf9bd62a5']
[2026-03-28T13:32:24.494+0000] {standard_task_runner.py:91} INFO - Job 37105: Subtask sync_financial_ratio
[2026-03-28T13:32:24.990+0000] {task_command.py:426} INFO - Running <TaskInstance: minio_to_db_sync.sync_financial_ratio scheduled__2026-03-27T03:00:00+00:00 [running]> on host 83216daccec9
[2026-03-28T13:32:28.093+0000] {taskinstance.py:2648} INFO - Exporting env vars: AIRFLOW_CTX_DAG_OWNER='***' AIRFLOW_CTX_DAG_ID='minio_to_db_sync' AIRFLOW_CTX_TASK_ID='sync_financial_ratio' AIRFLOW_CTX_EXECUTION_DATE='2026-03-27T03:00:00+00:00' AIRFLOW_CTX_TRY_NUMBER='1' AIRFLOW_CTX_DAG_RUN_ID='scheduled__2026-03-27T03:00:00+00:00'
[2026-03-28T13:32:28.098+0000] {taskinstance.py:430} INFO - ::endgroup::
[2026-03-28T13:32:28.123+0000] {logging_mixin.py:188} INFO - ======================================================================
[2026-03-28T13:32:28.127+0000] {logging_mixin.py:188} INFO - 📊 SYNC FINANCIAL RATIO TO DATABASE (UPSERT MODE)
[2026-03-28T13:32:28.133+0000] {logging_mixin.py:188} INFO - ======================================================================
[2026-03-28T13:32:28.134+0000] {logging_mixin.py:188} INFO - 
[1/4] Finding latest partition...
[2026-03-28T13:32:28.175+0000] {base.py:84} INFO - Using connection ID 'minio_finance' for task execution.
[2026-03-28T13:32:28.178+0000] {connection_wrapper.py:384} INFO - AWS Connection (conn_id='minio_finance', conn_type='aws') credentials retrieved from login and password.
[2026-03-28T13:36:57.692+0000] {logging_mixin.py:188} INFO - ❌ Error finding latest partition: Read timeout on endpoint URL: "http://minio:9000/thongtin-congty-va-bctc?list-type=2&prefix=financial_ratios%2F&delimiter=&start-after=&encoding-type=url"
[2026-03-28T13:36:57.851+0000] {logging_mixin.py:188} WARNING - Traceback (most recent call last):
[2026-03-28T13:36:57.880+0000] {logging_mixin.py:188} WARNING -   File "/home/***/.local/lib/python3.12/site-packages/urllib3/connectionpool.py", line 537, in _make_request
    response = conn.getresponse()
               ^^^^^^^^^^^^^^^^^^
[2026-03-28T13:36:57.904+0000] {logging_mixin.py:188} WARNING -   File "/home/***/.local/lib/python3.12/site-packages/urllib3/connection.py", line 461, in getresponse
    httplib_response = super().getresponse()
                       ^^^^^^^^^^^^^^^^^^^^^
[2026-03-28T13:36:57.907+0000] {logging_mixin.py:188} WARNING -   File "/usr/local/lib/python3.12/http/client.py", line 1428, in getresponse
    response.begin()
[2026-03-28T13:36:57.912+0000] {logging_mixin.py:188} WARNING -   File "/usr/local/lib/python3.12/http/client.py", line 331, in begin
    version, status, reason = self._read_status()
                              ^^^^^^^^^^^^^^^^^^^
[2026-03-28T13:36:57.916+0000] {logging_mixin.py:188} WARNING -   File "/usr/local/lib/python3.12/http/client.py", line 292, in _read_status
    line = str(self.fp.readline(_MAXLINE + 1), "iso-8859-1")
               ^^^^^^^^^^^^^^^^^^^^^^^^^^^^^^
[2026-03-28T13:36:57.919+0000] {logging_mixin.py:188} WARNING -   File "/usr/local/lib/python3.12/socket.py", line 708, in readinto
    return self._sock.recv_into(b)
           ^^^^^^^^^^^^^^^^^^^^^^^
[2026-03-28T13:36:57.921+0000] {logging_mixin.py:188} WARNING - TimeoutError: timed out
[2026-03-28T13:36:57.973+0000] {logging_mixin.py:188} WARNING - 
The above exception was the direct cause of the following exception:
[2026-03-28T13:36:57.977+0000] {logging_mixin.py:188} WARNING - Traceback (most recent call last):
[2026-03-28T13:36:57.985+0000] {logging_mixin.py:188} WARNING -   File "/home/***/.local/lib/python3.12/site-packages/botocore/httpsession.py", line 464, in send
    urllib_response = conn.urlopen(
                      ^^^^^^^^^^^^^
[2026-03-28T13:36:57.986+0000] {logging_mixin.py:188} WARNING -   File "/home/***/.local/lib/python3.12/site-packages/urllib3/connectionpool.py", line 845, in urlopen
    retries = retries.increment(
              ^^^^^^^^^^^^^^^^^^
[2026-03-28T13:36:57.989+0000] {logging_mixin.py:188} WARNING -   File "/home/***/.local/lib/python3.12/site-packages/urllib3/util/retry.py", line 445, in increment
    raise reraise(type(error), error, _stacktrace)
          ^^^^^^^^^^^^^^^^^^^^^^^^^^^^^^^^^^^^^^^^
[2026-03-28T13:36:57.992+0000] {logging_mixin.py:188} WARNING -   File "/home/***/.local/lib/python3.12/site-packages/urllib3/util/util.py", line 39, in reraise
    raise value
[2026-03-28T13:36:57.993+0000] {logging_mixin.py:188} WARNING -   File "/home/***/.local/lib/python3.12/site-packages/urllib3/connectionpool.py", line 791, in urlopen
    response = self._make_request(
               ^^^^^^^^^^^^^^^^^^^
[2026-03-28T13:36:57.995+0000] {logging_mixin.py:188} WARNING -   File "/home/***/.local/lib/python3.12/site-packages/urllib3/connectionpool.py", line 539, in _make_request
    self._raise_timeout(err=e, url=url, timeout_value=read_timeout)
[2026-03-28T13:36:57.996+0000] {logging_mixin.py:188} WARNING -   File "/home/***/.local/lib/python3.12/site-packages/urllib3/connectionpool.py", line 371, in _raise_timeout
    raise ReadTimeoutError(
[2026-03-28T13:36:57.997+0000] {logging_mixin.py:188} WARNING - urllib3.exceptions.ReadTimeoutError: AWSHTTPConnectionPool(host='minio', port=9000): Read timed out. (read timeout=60)
[2026-03-28T13:36:57.999+0000] {logging_mixin.py:188} WARNING - 
During handling of the above exception, another exception occurred:
[2026-03-28T13:36:58.000+0000] {logging_mixin.py:188} WARNING - Traceback (most recent call last):
[2026-03-28T13:36:58.021+0000] {logging_mixin.py:188} WARNING -   File "/opt/***/plugins/lake_to_dwh/utils.py", line 25, in get_latest_partition
    keys = hook.list_keys(bucket_name=bucket, prefix=prefix)
           ^^^^^^^^^^^^^^^^^^^^^^^^^^^^^^^^^^^^^^^^^^^^^^^^^
[2026-03-28T13:36:58.023+0000] {logging_mixin.py:188} WARNING -   File "/home/***/.local/lib/python3.12/site-packages/***/providers/amazon/aws/hooks/s3.py", line 89, in wrapper
    return func(*bound_args.args, **bound_args.kwargs)
           ^^^^^^^^^^^^^^^^^^^^^^^^^^^^^^^^^^^^^^^^^^^
[2026-03-28T13:36:58.024+0000] {logging_mixin.py:188} WARNING -   File "/home/***/.local/lib/python3.12/site-packages/***/providers/amazon/aws/hooks/s3.py", line 843, in list_keys
    for page in response:
[2026-03-28T13:36:58.026+0000] {logging_mixin.py:188} WARNING -   File "/home/***/.local/lib/python3.12/site-packages/botocore/paginate.py", line 269, in __iter__
    response = self._make_request(current_kwargs)
               ^^^^^^^^^^^^^^^^^^^^^^^^^^^^^^^^^^
[2026-03-28T13:36:58.028+0000] {logging_mixin.py:188} WARNING -   File "/home/***/.local/lib/python3.12/site-packages/botocore/paginate.py", line 357, in _make_request
    return self._method(**current_kwargs)
           ^^^^^^^^^^^^^^^^^^^^^^^^^^^^^^
[2026-03-28T13:36:58.032+0000] {logging_mixin.py:188} WARNING -   File "/home/***/.local/lib/python3.12/site-packages/botocore/client.py", line 565, in _api_call
    return self._make_api_call(operation_name, kwargs)
           ^^^^^^^^^^^^^^^^^^^^^^^^^^^^^^^^^^^^^^^^^^^
[2026-03-28T13:36:58.035+0000] {logging_mixin.py:188} WARNING -   File "/home/***/.local/lib/python3.12/site-packages/botocore/client.py", line 1001, in _make_api_call
    http, parsed_response = self._make_request(
                            ^^^^^^^^^^^^^^^^^^^
[2026-03-28T13:36:58.038+0000] {logging_mixin.py:188} WARNING -   File "/home/***/.local/lib/python3.12/site-packages/botocore/client.py", line 1027, in _make_request
    return self._endpoint.make_request(operation_model, request_dict)
           ^^^^^^^^^^^^^^^^^^^^^^^^^^^^^^^^^^^^^^^^^^^^^^^^^^^^^^^^^^
[2026-03-28T13:36:58.040+0000] {logging_mixin.py:188} WARNING -   File "/home/***/.local/lib/python3.12/site-packages/botocore/endpoint.py", line 119, in make_request
    return self._send_request(request_dict, operation_model)
           ^^^^^^^^^^^^^^^^^^^^^^^^^^^^^^^^^^^^^^^^^^^^^^^^^
[2026-03-28T13:36:58.041+0000] {logging_mixin.py:188} WARNING -   File "/home/***/.local/lib/python3.12/site-packages/botocore/endpoint.py", line 202, in _send_request
    while self._needs_retry(
          ^^^^^^^^^^^^^^^^^^
[2026-03-28T13:36:58.042+0000] {logging_mixin.py:188} WARNING -   File "/home/***/.local/lib/python3.12/site-packages/botocore/endpoint.py", line 354, in _needs_retry
    responses = self._event_emitter.emit(
                ^^^^^^^^^^^^^^^^^^^^^^^^^
[2026-03-28T13:36:58.043+0000] {logging_mixin.py:188} WARNING -   File "/home/***/.local/lib/python3.12/site-packages/botocore/hooks.py", line 412, in emit
    return self._emitter.emit(aliased_event_name, **kwargs)
           ^^^^^^^^^^^^^^^^^^^^^^^^^^^^^^^^^^^^^^^^^^^^^^^^
[2026-03-28T13:36:58.046+0000] {logging_mixin.py:188} WARNING -   File "/home/***/.local/lib/python3.12/site-packages/botocore/hooks.py", line 256, in emit
    return self._emit(event_name, kwargs)
           ^^^^^^^^^^^^^^^^^^^^^^^^^^^^^^
[2026-03-28T13:36:58.047+0000] {logging_mixin.py:188} WARNING -   File "/home/***/.local/lib/python3.12/site-packages/botocore/hooks.py", line 239, in _emit
    response = handler(**kwargs)
               ^^^^^^^^^^^^^^^^^
[2026-03-28T13:36:58.048+0000] {logging_mixin.py:188} WARNING -   File "/home/***/.local/lib/python3.12/site-packages/botocore/retryhandler.py", line 207, in __call__
    if self._checker(**checker_kwargs):
       ^^^^^^^^^^^^^^^^^^^^^^^^^^^^^^^
[2026-03-28T13:36:58.049+0000] {logging_mixin.py:188} WARNING -   File "/home/***/.local/lib/python3.12/site-packages/botocore/retryhandler.py", line 284, in __call__
    should_retry = self._should_retry(
                   ^^^^^^^^^^^^^^^^^^^
[2026-03-28T13:36:58.050+0000] {logging_mixin.py:188} WARNING -   File "/home/***/.local/lib/python3.12/site-packages/botocore/retryhandler.py", line 320, in _should_retry
    return self._checker(attempt_number, response, caught_exception)
           ^^^^^^^^^^^^^^^^^^^^^^^^^^^^^^^^^^^^^^^^^^^^^^^^^^^^^^^^^
[2026-03-28T13:36:58.051+0000] {logging_mixin.py:188} WARNING -   File "/home/***/.local/lib/python3.12/site-packages/botocore/retryhandler.py", line 363, in __call__
    checker_response = checker(
                       ^^^^^^^^
[2026-03-28T13:36:58.052+0000] {logging_mixin.py:188} WARNING -   File "/home/***/.local/lib/python3.12/site-packages/botocore/retryhandler.py", line 247, in __call__
    return self._check_caught_exception(
           ^^^^^^^^^^^^^^^^^^^^^^^^^^^^^
[2026-03-28T13:36:58.053+0000] {logging_mixin.py:188} WARNING -   File "/home/***/.local/lib/python3.12/site-packages/botocore/retryhandler.py", line 416, in _check_caught_exception
    raise caught_exception
[2026-03-28T13:36:58.055+0000] {logging_mixin.py:188} WARNING -   File "/home/***/.local/lib/python3.12/site-packages/botocore/endpoint.py", line 281, in _do_get_response
    http_response = self._send(request)
                    ^^^^^^^^^^^^^^^^^^^
[2026-03-28T13:36:58.056+0000] {logging_mixin.py:188} WARNING -   File "/home/***/.local/lib/python3.12/site-packages/botocore/endpoint.py", line 377, in _send
    return self.http_session.send(request)
           ^^^^^^^^^^^^^^^^^^^^^^^^^^^^^^^
[2026-03-28T13:36:58.058+0000] {logging_mixin.py:188} WARNING -   File "/home/***/.local/lib/python3.12/site-packages/botocore/httpsession.py", line 501, in send
    raise ReadTimeoutError(endpoint_url=request.url, error=e)
[2026-03-28T13:36:58.059+0000] {logging_mixin.py:188} WARNING - botocore.exceptions.ReadTimeoutError: Read timeout on endpoint URL: "http://minio:9000/thongtin-congty-va-bctc?list-type=2&prefix=financial_ratios%2F&delimiter=&start-after=&encoding-type=url"
[2026-03-28T13:36:58.071+0000] {python.py:237} INFO - Done. Returned value was: ❌ No partition found
[2026-03-28T13:36:58.080+0000] {taskinstance.py:441} INFO - ::group::Post task execution logs
[2026-03-28T13:36:58.623+0000] {taskinstance.py:1206} INFO - Marking task as SUCCESS. dag_id=minio_to_db_sync, task_id=sync_financial_ratio, run_id=scheduled__2026-03-27T03:00:00+00:00, execution_date=20260327T030000, start_date=20260328T133223, end_date=20260328T133658
[2026-03-28T13:36:58.859+0000] {local_task_job_runner.py:243} INFO - Task exited with return code 0
[2026-03-28T13:36:58.998+0000] {local_task_job_runner.py:222} INFO - ::endgroup::
