[2026-04-30T01:36:19.596+0000] {local_task_job_runner.py:120} INFO - ::group::Pre task execution logs
[2026-04-30T01:36:19.720+0000] {taskinstance.py:2076} INFO - Dependencies all met for dep_context=non-requeueable deps ti=<TaskInstance: daily_price.ingest_daily_price scheduled__2026-04-28T16:00:00+00:00 map_index=296 [queued]>
[2026-04-30T01:36:19.832+0000] {taskinstance.py:2076} INFO - Dependencies all met for dep_context=requeueable deps ti=<TaskInstance: daily_price.ingest_daily_price scheduled__2026-04-28T16:00:00+00:00 map_index=296 [queued]>
[2026-04-30T01:36:19.838+0000] {taskinstance.py:2306} INFO - Starting attempt 1 of 2
[2026-04-30T01:36:19.958+0000] {taskinstance.py:2330} INFO - Executing <Mapped(DfToCsvOperator): ingest_daily_price> on 2026-04-28 16:00:00+00:00
[2026-04-30T01:36:19.993+0000] {warnings.py:112} WARNING - This process (pid=3063) is multi-threaded, use of fork() may lead to deadlocks in the child.

[2026-04-30T01:36:19.998+0000] {standard_task_runner.py:64} INFO - Started process 3097 to run task
[2026-04-30T01:36:19.999+0000] {standard_task_runner.py:90} INFO - Running: ['***', 'tasks', 'run', 'daily_price', 'ingest_daily_price', 'scheduled__2026-04-28T16:00:00+00:00', '--job-id', '46527', '--raw', '--subdir', 'DAGS_FOLDER/dl_dailly_price.py', '--cfg-path', '/tmp/tmpo2ua_0nz', '--map-index', '296']
[2026-04-30T01:36:20.016+0000] {standard_task_runner.py:91} INFO - Job 46527: Subtask ingest_daily_price
[2026-04-30T01:36:20.263+0000] {task_command.py:426} INFO - Running <TaskInstance: daily_price.ingest_daily_price scheduled__2026-04-28T16:00:00+00:00 map_index=296 [running]> on host 7bc5781f0eae
[2026-04-30T01:36:21.225+0000] {taskinstance.py:2648} INFO - Exporting env vars: AIRFLOW_CTX_DAG_OWNER='***' AIRFLOW_CTX_DAG_ID='daily_price' AIRFLOW_CTX_TASK_ID='ingest_daily_price' AIRFLOW_CTX_EXECUTION_DATE='2026-04-28T16:00:00+00:00' AIRFLOW_CTX_TRY_NUMBER='1' AIRFLOW_CTX_DAG_RUN_ID='scheduled__2026-04-28T16:00:00+00:00'
[2026-04-30T01:36:21.229+0000] {taskinstance.py:430} INFO - ::endgroup::
[2026-04-30T01:36:21.230+0000] {datalake_df2csv.py:40} INFO - ================================================================================
[2026-04-30T01:36:21.231+0000] {datalake_df2csv.py:41} INFO - 🚀 BẮT ĐẦU TASK: ingest_daily_price
[2026-04-30T01:36:21.232+0000] {datalake_df2csv.py:42} INFO - ================================================================================
[2026-04-30T01:36:21.232+0000] {datalake_df2csv.py:43} INFO - 📋 Thông tin cấu hình:
[2026-04-30T01:36:21.233+0000] {datalake_df2csv.py:44} INFO -   - Logic file: history_price
[2026-04-30T01:36:21.233+0000] {datalake_df2csv.py:45} INFO -   - DataFrame name: get_history_price_batch
[2026-04-30T01:36:21.234+0000] {datalake_df2csv.py:46} INFO -   - Bucket: thongtin-congty-va-bctc
[2026-04-30T01:36:21.234+0000] {datalake_df2csv.py:47} INFO -   - Object path: daily_price/2026-04-28/batch_296.csv
[2026-04-30T01:36:21.235+0000] {datalake_df2csv.py:48} INFO -   - Connection ID: minio_finance
[2026-04-30T01:36:21.235+0000] {datalake_df2csv.py:49} INFO -   - Tham số truyền vào: {'symbols': ['PAC', 'SKH', 'VNC', 'LDG', 'HPW'], 'start_date': '2026-04-28', 'end_date': '2026-04-29'}
[2026-04-30T01:36:21.236+0000] {datalake_df2csv.py:50} INFO - --------------------------------------------------------------------------------
[2026-04-30T01:36:21.236+0000] {datalake_df2csv.py:54} INFO - 📥 Bước 1: Đang load dữ liệu từ logic file...
[2026-04-30T01:36:21.240+0000] {datalake_df2csv.py:148} INFO -   - Logic directory: /opt/airflow/plugins/logic
[2026-04-30T01:36:21.243+0000] {datalake_df2csv.py:149} INFO -   - Module path: /opt/airflow/plugins/logic/history_price.py
[2026-04-30T01:36:21.248+0000] {datalake_df2csv.py:153} INFO -   - Đã thêm logic directory vào sys.path
[2026-04-30T01:36:21.259+0000] {datalake_df2csv.py:159} INFO -   - Đang load module 'history_price'...
[2026-04-30T01:36:21.280+0000] {datalake_df2csv.py:163} INFO -   - ✅ Module loaded thành công
[2026-04-30T01:36:21.281+0000] {datalake_df2csv.py:165} INFO -   - Đang tìm DataFrame/function: 'get_history_price_batch'...
[2026-04-30T01:36:21.282+0000] {datalake_df2csv.py:170} INFO -   - ✅ Tìm thấy object: function
[2026-04-30T01:36:21.284+0000] {datalake_df2csv.py:173} INFO -   - Đang gọi function với tham số: {'symbols': ['PAC', 'SKH', 'VNC', 'LDG', 'HPW'], 'start_date': '2026-04-28', 'end_date': '2026-04-29'}
[2026-04-30T01:36:32.625+0000] {datalake_df2csv.py:68} INFO - ✅ Load dữ liệu thành công!
[2026-04-30T01:36:32.626+0000] {datalake_df2csv.py:69} INFO - 📊 Thông tin DataFrame:
[2026-04-30T01:36:32.626+0000] {datalake_df2csv.py:70} INFO -   - Số dòng: 20
[2026-04-30T01:36:32.627+0000] {datalake_df2csv.py:71} INFO -   - Số cột: 7
[2026-04-30T01:36:32.627+0000] {datalake_df2csv.py:72} INFO -   - Tên các cột: ['ticker', 'trading_date', 'open', 'high', 'low', 'close', 'volume']
[2026-04-30T01:36:32.628+0000] {datalake_df2csv.py:73} INFO -   - Kiểu dữ liệu: {'ticker': 'object', 'trading_date': 'object', 'open': 'float64', 'high': 'float64', 'low': 'float64', 'close': 'float64', 'volume': 'int64'}
[2026-04-30T01:36:32.630+0000] {datalake_df2csv.py:74} INFO -   - Bộ nhớ sử dụng: 0.00 MB
[2026-04-30T01:36:32.631+0000] {datalake_df2csv.py:83} INFO -   - Không có giá trị NULL
[2026-04-30T01:36:32.632+0000] {datalake_df2csv.py:86} INFO -   - Mẫu dữ liệu (5 dòng đầu):
[2026-04-30T01:36:32.633+0000] {datalake_df2csv.py:88} INFO -     Row 0: {'ticker': 'PAC', 'trading_date': '2026-04-23', 'open': 23.15, 'high': 23.45, 'low': 22.7, 'close': 23.15, 'volume': 589700}
[2026-04-30T01:36:32.633+0000] {datalake_df2csv.py:88} INFO -     Row 1: {'ticker': 'PAC', 'trading_date': '2026-04-24', 'open': 23.2, 'high': 23.2, 'low': 22.85, 'close': 22.95, 'volume': 254400}
[2026-04-30T01:36:32.634+0000] {datalake_df2csv.py:88} INFO -     Row 2: {'ticker': 'PAC', 'trading_date': '2026-04-28', 'open': 22.6, 'high': 23.1, 'low': 22.4, 'close': 22.7, 'volume': 620000}
[2026-04-30T01:36:32.634+0000] {datalake_df2csv.py:88} INFO -     Row 3: {'ticker': 'PAC', 'trading_date': '2026-04-29', 'open': 22.8, 'high': 22.85, 'low': 22.5, 'close': 22.65, 'volume': 291500}
[2026-04-30T01:36:32.635+0000] {datalake_df2csv.py:88} INFO -     Row 4: {'ticker': 'SKH', 'trading_date': '2026-04-20', 'open': 24.0, 'high': 24.0, 'low': 24.0, 'close': 24.0, 'volume': 1000}
[2026-04-30T01:36:32.635+0000] {datalake_df2csv.py:90} INFO - --------------------------------------------------------------------------------
[2026-04-30T01:36:32.636+0000] {datalake_df2csv.py:93} INFO - 📝 Bước 2: Đang chuyển đổi DataFrame sang CSV...
[2026-04-30T01:36:32.639+0000] {datalake_df2csv.py:97} INFO - ✅ Chuyển đổi CSV thành công!
[2026-04-30T01:36:32.639+0000] {datalake_df2csv.py:98} INFO -   - Kích thước file: 0.00 MB
[2026-04-30T01:36:32.639+0000] {datalake_df2csv.py:99} INFO -   - Thời gian chuyển đổi: 0.00 giây
[2026-04-30T01:36:32.639+0000] {datalake_df2csv.py:100} INFO - --------------------------------------------------------------------------------
[2026-04-30T01:36:32.640+0000] {datalake_df2csv.py:103} INFO - ☁️  Bước 3: Đang upload lên MinIO/S3...
[2026-04-30T01:36:32.678+0000] {base.py:84} INFO - Using connection ID 'minio_finance' for task execution.
[2026-04-30T01:36:32.678+0000] {connection_wrapper.py:384} INFO - AWS Connection (conn_id='minio_finance', conn_type='aws') credentials retrieved from login and password.
[2026-04-30T01:36:47.263+0000] {datalake_df2csv.py:112} INFO -   - Bucket 'thongtin-congty-va-bctc' đã tồn tại
[2026-04-30T01:36:47.487+0000] {datalake_df2csv.py:117} INFO - ✅ Upload thành công!
[2026-04-30T01:36:47.489+0000] {datalake_df2csv.py:118} INFO -   - Đường dẫn: s3://thongtin-congty-va-bctc/daily_price/2026-04-28/batch_296.csv
[2026-04-30T01:36:47.490+0000] {datalake_df2csv.py:119} INFO -   - Số dòng: 20
[2026-04-30T01:36:47.491+0000] {datalake_df2csv.py:120} INFO -   - Thời gian upload: 14.85 giây
[2026-04-30T01:36:47.493+0000] {datalake_df2csv.py:121} INFO - --------------------------------------------------------------------------------
[2026-04-30T01:36:47.494+0000] {datalake_df2csv.py:125} INFO - 📈 TỔNG KẾT:
[2026-04-30T01:36:47.495+0000] {datalake_df2csv.py:126} INFO -   - Tổng thời gian thực thi: 26.26 giây
[2026-04-30T01:36:47.496+0000] {datalake_df2csv.py:127} INFO -   - Tốc độ xử lý: 1 dòng/giây
[2026-04-30T01:36:47.497+0000] {datalake_df2csv.py:128} INFO - ================================================================================
[2026-04-30T01:36:47.498+0000] {datalake_df2csv.py:129} INFO - ✅ HOÀN THÀNH TASK: ingest_daily_price
[2026-04-30T01:36:47.500+0000] {datalake_df2csv.py:130} INFO - ================================================================================
[2026-04-30T01:36:47.503+0000] {taskinstance.py:441} INFO - ::group::Post task execution logs
[2026-04-30T01:36:47.699+0000] {taskinstance.py:1206} INFO - Marking task as SUCCESS. dag_id=daily_price, task_id=ingest_daily_price, run_id=scheduled__2026-04-28T16:00:00+00:00, map_index=296, execution_date=20260428T160000, start_date=20260430T013619, end_date=20260430T013647
[2026-04-30T01:36:47.864+0000] {local_task_job_runner.py:243} INFO - Task exited with return code 0
[2026-04-30T01:36:48.362+0000] {local_task_job_runner.py:222} INFO - ::endgroup::
