[2026-01-24T14:59:23.707+0000] {local_task_job_runner.py:120} INFO - ::group::Pre task execution logs
[2026-01-24T14:59:23.733+0000] {taskinstance.py:2076} INFO - Dependencies all met for dep_context=non-requeueable deps ti=<TaskInstance: minio_to_db_sync.sync_bctc manual__2026-01-24T14:59:13.631269+00:00 [queued]>
[2026-01-24T14:59:23.744+0000] {taskinstance.py:2076} INFO - Dependencies all met for dep_context=requeueable deps ti=<TaskInstance: minio_to_db_sync.sync_bctc manual__2026-01-24T14:59:13.631269+00:00 [queued]>
[2026-01-24T14:59:23.745+0000] {taskinstance.py:2306} INFO - Starting attempt 1 of 3
[2026-01-24T14:59:23.764+0000] {taskinstance.py:2330} INFO - Executing <Task(_PythonDecoratedOperator): sync_bctc> on 2026-01-24 14:59:13.631269+00:00
[2026-01-24T14:59:23.781+0000] {warnings.py:112} WARNING - This process (pid=1290) is multi-threaded, use of fork() may lead to deadlocks in the child.

[2026-01-24T14:59:23.795+0000] {standard_task_runner.py:64} INFO - Started process 1379 to run task
[2026-01-24T14:59:23.810+0000] {standard_task_runner.py:90} INFO - Running: ['***', 'tasks', 'run', 'minio_to_db_sync', 'sync_bctc', 'manual__2026-01-24T14:59:13.631269+00:00', '--job-id', '7548', '--raw', '--subdir', 'DAGS_FOLDER/minio_to_db_sync.py', '--cfg-path', '/tmp/tmpvzyya6g2']
[2026-01-24T14:59:23.821+0000] {standard_task_runner.py:91} INFO - Job 7548: Subtask sync_bctc
[2026-01-24T14:59:23.991+0000] {task_command.py:426} INFO - Running <TaskInstance: minio_to_db_sync.sync_bctc manual__2026-01-24T14:59:13.631269+00:00 [running]> on host 41b722696985
[2026-01-24T14:59:24.511+0000] {taskinstance.py:2648} INFO - Exporting env vars: AIRFLOW_CTX_DAG_OWNER='***' AIRFLOW_CTX_DAG_ID='minio_to_db_sync' AIRFLOW_CTX_TASK_ID='sync_bctc' AIRFLOW_CTX_EXECUTION_DATE='2026-01-24T14:59:13.631269+00:00' AIRFLOW_CTX_TRY_NUMBER='1' AIRFLOW_CTX_DAG_RUN_ID='manual__2026-01-24T14:59:13.631269+00:00'
[2026-01-24T14:59:24.513+0000] {taskinstance.py:430} INFO - ::endgroup::
[2026-01-24T14:59:24.524+0000] {logging_mixin.py:188} INFO - ======================================================================
[2026-01-24T14:59:24.525+0000] {logging_mixin.py:188} INFO - 📊 SYNC BCTC TO DATABASE (WITH INDICATOR MAPPING)
[2026-01-24T14:59:24.526+0000] {logging_mixin.py:188} INFO - ======================================================================
[2026-01-24T14:59:24.526+0000] {logging_mixin.py:188} INFO - 
[1/5] Finding latest partition...
[2026-01-24T14:59:24.551+0000] {base.py:84} INFO - Using connection ID 'minio_finance' for task execution.
[2026-01-24T14:59:24.559+0000] {connection_wrapper.py:384} INFO - AWS Connection (conn_id='minio_finance', conn_type='aws') credentials retrieved from login and password.
[2026-01-24T14:59:54.281+0000] {logging_mixin.py:188} INFO - ✓ Latest partition found: bctc/2026-01-24/
[2026-01-24T14:59:54.282+0000] {logging_mixin.py:188} INFO - 
[2/5] Reading CSV files...
[2026-01-24T14:59:54.291+0000] {base.py:84} INFO - Using connection ID 'minio_finance' for task execution.
[2026-01-24T14:59:54.292+0000] {connection_wrapper.py:384} INFO - AWS Connection (conn_id='minio_finance', conn_type='aws') credentials retrieved from login and password.
[2026-01-24T14:59:55.085+0000] {logging_mixin.py:188} INFO - ✓ Found 23 CSV files in thongtin-congty-va-bctc/bctc/2026-01-24/
[2026-01-24T14:59:55.092+0000] {base.py:84} INFO - Using connection ID 'minio_finance' for task execution.
[2026-01-24T14:59:55.093+0000] {connection_wrapper.py:384} INFO - AWS Connection (conn_id='minio_finance', conn_type='aws') credentials retrieved from login and password.
[2026-01-24T14:59:55.217+0000] {logging_mixin.py:188} INFO - ✓ Read 1144 rows from bctc/2026-01-24/batch_0.csv
[2026-01-24T14:59:55.224+0000] {base.py:84} INFO - Using connection ID 'minio_finance' for task execution.
[2026-01-24T14:59:55.225+0000] {connection_wrapper.py:384} INFO - AWS Connection (conn_id='minio_finance', conn_type='aws') credentials retrieved from login and password.
[2026-01-24T14:59:55.318+0000] {logging_mixin.py:188} INFO - ✓ Read 264 rows from bctc/2026-01-24/batch_1.csv
[2026-01-24T14:59:55.325+0000] {base.py:84} INFO - Using connection ID 'minio_finance' for task execution.
[2026-01-24T14:59:55.326+0000] {connection_wrapper.py:384} INFO - AWS Connection (conn_id='minio_finance', conn_type='aws') credentials retrieved from login and password.
[2026-01-24T14:59:55.425+0000] {logging_mixin.py:188} INFO - ✓ Read 1428 rows from bctc/2026-01-24/batch_10.csv
[2026-01-24T14:59:55.432+0000] {base.py:84} INFO - Using connection ID 'minio_finance' for task execution.
[2026-01-24T14:59:55.432+0000] {connection_wrapper.py:384} INFO - AWS Connection (conn_id='minio_finance', conn_type='aws') credentials retrieved from login and password.
[2026-01-24T14:59:55.527+0000] {logging_mixin.py:188} INFO - ✓ Read 747 rows from bctc/2026-01-24/batch_11.csv
[2026-01-24T14:59:55.533+0000] {base.py:84} INFO - Using connection ID 'minio_finance' for task execution.
[2026-01-24T14:59:55.534+0000] {connection_wrapper.py:384} INFO - AWS Connection (conn_id='minio_finance', conn_type='aws') credentials retrieved from login and password.
[2026-01-24T14:59:55.987+0000] {logging_mixin.py:188} INFO - ✓ Read 1799 rows from bctc/2026-01-24/batch_12.csv
[2026-01-24T14:59:55.994+0000] {base.py:84} INFO - Using connection ID 'minio_finance' for task execution.
[2026-01-24T14:59:55.995+0000] {connection_wrapper.py:384} INFO - AWS Connection (conn_id='minio_finance', conn_type='aws') credentials retrieved from login and password.
[2026-01-24T14:59:56.105+0000] {logging_mixin.py:188} INFO - ✓ Read 1014 rows from bctc/2026-01-24/batch_13.csv
[2026-01-24T14:59:56.112+0000] {base.py:84} INFO - Using connection ID 'minio_finance' for task execution.
[2026-01-24T14:59:56.113+0000] {connection_wrapper.py:384} INFO - AWS Connection (conn_id='minio_finance', conn_type='aws') credentials retrieved from login and password.
[2026-01-24T14:59:56.249+0000] {logging_mixin.py:188} INFO - ✓ Read 2206 rows from bctc/2026-01-24/batch_14.csv
[2026-01-24T14:59:56.256+0000] {base.py:84} INFO - Using connection ID 'minio_finance' for task execution.
[2026-01-24T14:59:56.257+0000] {connection_wrapper.py:384} INFO - AWS Connection (conn_id='minio_finance', conn_type='aws') credentials retrieved from login and password.
[2026-01-24T14:59:56.349+0000] {logging_mixin.py:188} INFO - ✓ Read 904 rows from bctc/2026-01-24/batch_15.csv
[2026-01-24T14:59:56.356+0000] {base.py:84} INFO - Using connection ID 'minio_finance' for task execution.
[2026-01-24T14:59:56.357+0000] {connection_wrapper.py:384} INFO - AWS Connection (conn_id='minio_finance', conn_type='aws') credentials retrieved from login and password.
[2026-01-24T14:59:56.441+0000] {logging_mixin.py:188} INFO - ✓ Read 420 rows from bctc/2026-01-24/batch_16.csv
[2026-01-24T14:59:56.448+0000] {base.py:84} INFO - Using connection ID 'minio_finance' for task execution.
[2026-01-24T14:59:56.449+0000] {connection_wrapper.py:384} INFO - AWS Connection (conn_id='minio_finance', conn_type='aws') credentials retrieved from login and password.
[2026-01-24T14:59:56.552+0000] {logging_mixin.py:188} INFO - ✓ Read 96 rows from bctc/2026-01-24/batch_17.csv
[2026-01-24T14:59:56.559+0000] {base.py:84} INFO - Using connection ID 'minio_finance' for task execution.
[2026-01-24T14:59:56.560+0000] {connection_wrapper.py:384} INFO - AWS Connection (conn_id='minio_finance', conn_type='aws') credentials retrieved from login and password.
[2026-01-24T14:59:56.667+0000] {logging_mixin.py:188} INFO - ✓ Read 136 rows from bctc/2026-01-24/batch_19.csv
[2026-01-24T14:59:56.674+0000] {base.py:84} INFO - Using connection ID 'minio_finance' for task execution.
[2026-01-24T14:59:56.675+0000] {connection_wrapper.py:384} INFO - AWS Connection (conn_id='minio_finance', conn_type='aws') credentials retrieved from login and password.
[2026-01-24T14:59:56.792+0000] {logging_mixin.py:188} INFO - ✓ Read 2001 rows from bctc/2026-01-24/batch_2.csv
[2026-01-24T14:59:56.799+0000] {base.py:84} INFO - Using connection ID 'minio_finance' for task execution.
[2026-01-24T14:59:56.799+0000] {connection_wrapper.py:384} INFO - AWS Connection (conn_id='minio_finance', conn_type='aws') credentials retrieved from login and password.
[2026-01-24T14:59:56.901+0000] {logging_mixin.py:188} INFO - ✓ Read 99 rows from bctc/2026-01-24/batch_23.csv
[2026-01-24T14:59:56.907+0000] {base.py:84} INFO - Using connection ID 'minio_finance' for task execution.
[2026-01-24T14:59:56.908+0000] {connection_wrapper.py:384} INFO - AWS Connection (conn_id='minio_finance', conn_type='aws') credentials retrieved from login and password.
[2026-01-24T14:59:57.006+0000] {logging_mixin.py:188} INFO - ✓ Read 68 rows from bctc/2026-01-24/batch_27.csv
[2026-01-24T14:59:57.013+0000] {base.py:84} INFO - Using connection ID 'minio_finance' for task execution.
[2026-01-24T14:59:57.014+0000] {connection_wrapper.py:384} INFO - AWS Connection (conn_id='minio_finance', conn_type='aws') credentials retrieved from login and password.
[2026-01-24T14:59:57.117+0000] {logging_mixin.py:188} INFO - ✓ Read 1031 rows from bctc/2026-01-24/batch_3.csv
[2026-01-24T14:59:57.124+0000] {base.py:84} INFO - Using connection ID 'minio_finance' for task execution.
[2026-01-24T14:59:57.125+0000] {connection_wrapper.py:384} INFO - AWS Connection (conn_id='minio_finance', conn_type='aws') credentials retrieved from login and password.
[2026-01-24T14:59:57.267+0000] {logging_mixin.py:188} INFO - ✓ Read 84 rows from bctc/2026-01-24/batch_30.csv
[2026-01-24T14:59:57.280+0000] {base.py:84} INFO - Using connection ID 'minio_finance' for task execution.
[2026-01-24T14:59:57.281+0000] {connection_wrapper.py:384} INFO - AWS Connection (conn_id='minio_finance', conn_type='aws') credentials retrieved from login and password.
[2026-01-24T14:59:57.464+0000] {logging_mixin.py:188} INFO - ✓ Read 78 rows from bctc/2026-01-24/batch_37.csv
[2026-01-24T14:59:57.472+0000] {base.py:84} INFO - Using connection ID 'minio_finance' for task execution.
[2026-01-24T14:59:57.473+0000] {connection_wrapper.py:384} INFO - AWS Connection (conn_id='minio_finance', conn_type='aws') credentials retrieved from login and password.
[2026-01-24T14:59:58.012+0000] {logging_mixin.py:188} INFO - ✓ Read 1358 rows from bctc/2026-01-24/batch_4.csv
[2026-01-24T14:59:58.019+0000] {base.py:84} INFO - Using connection ID 'minio_finance' for task execution.
[2026-01-24T14:59:58.020+0000] {connection_wrapper.py:384} INFO - AWS Connection (conn_id='minio_finance', conn_type='aws') credentials retrieved from login and password.
[2026-01-24T14:59:58.119+0000] {logging_mixin.py:188} INFO - ✓ Read 851 rows from bctc/2026-01-24/batch_5.csv
[2026-01-24T14:59:58.126+0000] {base.py:84} INFO - Using connection ID 'minio_finance' for task execution.
[2026-01-24T14:59:58.127+0000] {connection_wrapper.py:384} INFO - AWS Connection (conn_id='minio_finance', conn_type='aws') credentials retrieved from login and password.
[2026-01-24T14:59:58.223+0000] {logging_mixin.py:188} INFO - ✓ Read 1089 rows from bctc/2026-01-24/batch_6.csv
[2026-01-24T14:59:58.230+0000] {base.py:84} INFO - Using connection ID 'minio_finance' for task execution.
[2026-01-24T14:59:58.231+0000] {connection_wrapper.py:384} INFO - AWS Connection (conn_id='minio_finance', conn_type='aws') credentials retrieved from login and password.
[2026-01-24T14:59:58.376+0000] {logging_mixin.py:188} INFO - ✓ Read 1887 rows from bctc/2026-01-24/batch_7.csv
[2026-01-24T14:59:58.387+0000] {base.py:84} INFO - Using connection ID 'minio_finance' for task execution.
[2026-01-24T14:59:58.389+0000] {connection_wrapper.py:384} INFO - AWS Connection (conn_id='minio_finance', conn_type='aws') credentials retrieved from login and password.
[2026-01-24T14:59:58.530+0000] {logging_mixin.py:188} INFO - ✓ Read 1275 rows from bctc/2026-01-24/batch_8.csv
[2026-01-24T14:59:58.538+0000] {base.py:84} INFO - Using connection ID 'minio_finance' for task execution.
[2026-01-24T14:59:58.539+0000] {connection_wrapper.py:384} INFO - AWS Connection (conn_id='minio_finance', conn_type='aws') credentials retrieved from login and password.
[2026-01-24T14:59:58.661+0000] {logging_mixin.py:188} INFO - ✓ Read 2110 rows from bctc/2026-01-24/batch_9.csv
[2026-01-24T14:59:58.665+0000] {logging_mixin.py:188} INFO - ✓ Concatenated 23 files into 22089 total rows
[2026-01-24T14:59:58.667+0000] {logging_mixin.py:188} INFO - Loaded 22089 rows
[2026-01-24T14:59:58.667+0000] {logging_mixin.py:188} INFO - 
[3/5] Cleaning and transforming data...
[2026-01-24T14:59:58.724+0000] {logging_mixin.py:188} INFO - After cleaning: 22089 rows
[2026-01-24T14:59:58.725+0000] {logging_mixin.py:188} INFO - 
[4/5] Applying indicator name normalization...
[2026-01-24T14:59:58.863+0000] {logging_mixin.py:188} INFO - ✓ Normalized 22089/22089 indicators using mapping
[2026-01-24T14:59:58.875+0000] {logging_mixin.py:188} INFO - 
[5/5] Inserting into database...
[2026-01-24T14:59:58.881+0000] {logging_mixin.py:188} INFO - ✓ Schema hethong_phantich_chungkhoan ensured
[2026-01-24T15:00:00.271+0000] {logging_mixin.py:188} INFO - Prepared 22049 unique keys for deletion
[2026-01-24T15:00:02.059+0000] {logging_mixin.py:188} INFO - Deleted 22089 existing rows
[2026-01-24T15:00:02.528+0000] {logging_mixin.py:188} INFO - ✅ Inserted 22089 rows
[2026-01-24T15:00:02.536+0000] {python.py:237} INFO - Done. Returned value was: ✅ Success: 22089 rows
[2026-01-24T15:00:02.536+0000] {taskinstance.py:441} INFO - ::group::Post task execution logs
[2026-01-24T15:00:02.557+0000] {taskinstance.py:1206} INFO - Marking task as SUCCESS. dag_id=minio_to_db_sync, task_id=sync_bctc, run_id=manual__2026-01-24T14:59:13.631269+00:00, execution_date=20260124T145913, start_date=20260124T145923, end_date=20260124T150002
[2026-01-24T15:00:02.621+0000] {local_task_job_runner.py:243} INFO - Task exited with return code 0
[2026-01-24T15:00:02.641+0000] {taskinstance.py:3503} INFO - 0 downstream tasks scheduled from follow-on schedule check
[2026-01-24T15:00:02.643+0000] {local_task_job_runner.py:222} INFO - ::endgroup::
