[2026-02-18T15:40:14.247+0000] {local_task_job_runner.py:120} INFO - ::group::Pre task execution logs
[2026-02-18T15:40:14.352+0000] {taskinstance.py:2076} INFO - Dependencies all met for dep_context=non-requeueable deps ti=<TaskInstance: company_overview_to_minio.ingest_overview scheduled__2026-02-08T00:00:00+00:00 map_index=17 [queued]>
[2026-02-18T15:40:14.391+0000] {taskinstance.py:2076} INFO - Dependencies all met for dep_context=requeueable deps ti=<TaskInstance: company_overview_to_minio.ingest_overview scheduled__2026-02-08T00:00:00+00:00 map_index=17 [queued]>
[2026-02-18T15:40:14.392+0000] {taskinstance.py:2306} INFO - Starting attempt 1 of 2
[2026-02-18T15:40:14.436+0000] {taskinstance.py:2330} INFO - Executing <Mapped(DfToCsvOperator): ingest_overview> on 2026-02-08 00:00:00+00:00
[2026-02-18T15:40:14.462+0000] {warnings.py:112} WARNING - This process (pid=777) is multi-threaded, use of fork() may lead to deadlocks in the child.

[2026-02-18T15:40:14.468+0000] {standard_task_runner.py:64} INFO - Started process 794 to run task
[2026-02-18T15:40:14.474+0000] {standard_task_runner.py:90} INFO - Running: ['***', 'tasks', 'run', 'company_overview_to_minio', 'ingest_overview', 'scheduled__2026-02-08T00:00:00+00:00', '--job-id', '21890', '--raw', '--subdir', 'DAGS_FOLDER/dl_overview.py', '--cfg-path', '/tmp/tmp8h14e1mp', '--map-index', '17']
[2026-02-18T15:40:14.484+0000] {standard_task_runner.py:91} INFO - Job 21890: Subtask ingest_overview
[2026-02-18T15:40:14.580+0000] {task_command.py:426} INFO - Running <TaskInstance: company_overview_to_minio.ingest_overview scheduled__2026-02-08T00:00:00+00:00 map_index=17 [running]> on host 83ee49e7e828
[2026-02-18T15:40:14.940+0000] {taskinstance.py:2648} INFO - Exporting env vars: AIRFLOW_CTX_DAG_OWNER='***' AIRFLOW_CTX_DAG_ID='company_overview_to_minio' AIRFLOW_CTX_TASK_ID='ingest_overview' AIRFLOW_CTX_EXECUTION_DATE='2026-02-08T00:00:00+00:00' AIRFLOW_CTX_TRY_NUMBER='1' AIRFLOW_CTX_DAG_RUN_ID='scheduled__2026-02-08T00:00:00+00:00'
[2026-02-18T15:40:14.945+0000] {taskinstance.py:430} INFO - ::endgroup::
[2026-02-18T15:40:14.948+0000] {datalake_df2csv.py:40} INFO - ================================================================================
[2026-02-18T15:40:14.953+0000] {datalake_df2csv.py:41} INFO - 🚀 BẮT ĐẦU TASK: ingest_overview
[2026-02-18T15:40:14.955+0000] {datalake_df2csv.py:42} INFO - ================================================================================
[2026-02-18T15:40:14.956+0000] {datalake_df2csv.py:43} INFO - 📋 Thông tin cấu hình:
[2026-02-18T15:40:14.957+0000] {datalake_df2csv.py:44} INFO -   - Logic file: thongtincongty
[2026-02-18T15:40:14.958+0000] {datalake_df2csv.py:45} INFO -   - DataFrame name: get_overview_batch
[2026-02-18T15:40:14.959+0000] {datalake_df2csv.py:46} INFO -   - Bucket: thongtin-congty-va-bctc
[2026-02-18T15:40:14.962+0000] {datalake_df2csv.py:47} INFO -   - Object path: overview/2026-02-08/batch_17.csv
[2026-02-18T15:40:14.963+0000] {datalake_df2csv.py:48} INFO -   - Connection ID: minio_finance
[2026-02-18T15:40:14.965+0000] {datalake_df2csv.py:49} INFO -   - Tham số truyền vào: {'symbols': ['HEJ', 'ACE', 'DMC', 'BNW', 'CQT', 'CTT', 'SDC', 'S55', 'PPH', 'TMT', 'CNN', 'KBC', 'PMC', 'CAR', 'PPP', 'PDV', 'CTF', 'PRE', 'DRH', 'VCG']}
[2026-02-18T15:40:14.970+0000] {datalake_df2csv.py:50} INFO - --------------------------------------------------------------------------------
[2026-02-18T15:40:14.971+0000] {datalake_df2csv.py:54} INFO - 📥 Bước 1: Đang load dữ liệu từ logic file...
[2026-02-18T15:40:14.991+0000] {datalake_df2csv.py:148} INFO -   - Logic directory: /opt/airflow/plugins/logic
[2026-02-18T15:40:14.993+0000] {datalake_df2csv.py:149} INFO -   - Module path: /opt/airflow/plugins/logic/thongtincongty.py
[2026-02-18T15:40:14.995+0000] {datalake_df2csv.py:153} INFO -   - Đã thêm logic directory vào sys.path
[2026-02-18T15:40:15.006+0000] {datalake_df2csv.py:159} INFO -   - Đang load module 'thongtincongty'...
[2026-02-18T15:40:15.016+0000] {datalake_df2csv.py:163} INFO -   - ✅ Module loaded thành công
[2026-02-18T15:40:15.021+0000] {datalake_df2csv.py:165} INFO -   - Đang tìm DataFrame/function: 'get_overview_batch'...
[2026-02-18T15:40:15.023+0000] {datalake_df2csv.py:170} INFO -   - ✅ Tìm thấy object: function
[2026-02-18T15:40:15.024+0000] {datalake_df2csv.py:173} INFO -   - Đang gọi function với tham số: {'symbols': ['HEJ', 'ACE', 'DMC', 'BNW', 'CQT', 'CTT', 'SDC', 'S55', 'PPH', 'TMT', 'CNN', 'KBC', 'PMC', 'CAR', 'PPP', 'PDV', 'CTF', 'PRE', 'DRH', 'VCG']}
[2026-02-18T15:40:21.954+0000] {warnings.py:112} WARNING - DataFrame.applymap has been deprecated. Use DataFrame.map instead.

[2026-02-18T15:40:23.249+0000] {warnings.py:112} WARNING - DataFrame.applymap has been deprecated. Use DataFrame.map instead.

[2026-02-18T15:40:24.524+0000] {warnings.py:112} WARNING - DataFrame.applymap has been deprecated. Use DataFrame.map instead.

[2026-02-18T15:40:25.786+0000] {warnings.py:112} WARNING - DataFrame.applymap has been deprecated. Use DataFrame.map instead.

[2026-02-18T15:40:27.060+0000] {warnings.py:112} WARNING - DataFrame.applymap has been deprecated. Use DataFrame.map instead.

[2026-02-18T15:40:28.318+0000] {warnings.py:112} WARNING - DataFrame.applymap has been deprecated. Use DataFrame.map instead.

[2026-02-18T15:40:29.577+0000] {warnings.py:112} WARNING - DataFrame.applymap has been deprecated. Use DataFrame.map instead.

[2026-02-18T15:40:30.866+0000] {warnings.py:112} WARNING - DataFrame.applymap has been deprecated. Use DataFrame.map instead.

[2026-02-18T15:40:33.433+0000] {warnings.py:112} WARNING - DataFrame.applymap has been deprecated. Use DataFrame.map instead.

[2026-02-18T15:40:34.786+0000] {warnings.py:112} WARNING - DataFrame.applymap has been deprecated. Use DataFrame.map instead.

[2026-02-18T15:40:36.051+0000] {warnings.py:112} WARNING - DataFrame.applymap has been deprecated. Use DataFrame.map instead.

[2026-02-18T15:40:37.349+0000] {warnings.py:112} WARNING - DataFrame.applymap has been deprecated. Use DataFrame.map instead.

[2026-02-18T15:40:38.645+0000] {warnings.py:112} WARNING - DataFrame.applymap has been deprecated. Use DataFrame.map instead.

[2026-02-18T15:40:39.989+0000] {warnings.py:112} WARNING - DataFrame.applymap has been deprecated. Use DataFrame.map instead.

[2026-02-18T15:40:41.317+0000] {warnings.py:112} WARNING - DataFrame.applymap has been deprecated. Use DataFrame.map instead.

[2026-02-18T15:40:53.692+0000] {log.py:232} WARNING - 2026-02-18 15:40:53 - vnstock.core.utils.client - ERROR - API request failed: HTTPSConnectionPool(host='trading.vietcap.com.vn', port=443): Max retries exceeded with url: /data-mt/graphql (Caused by NameResolutionError("<urllib3.connection.HTTPSConnection object at 0x7fbccd90f830>: Failed to resolve 'trading.vietcap.com.vn' ([Errno -3] Temporary failure in name resolution)"))
[2026-02-18T15:40:53.686+0000] {client.py:297} ERROR - API request failed: HTTPSConnectionPool(host='trading.vietcap.com.vn', port=443): Max retries exceeded with url: /data-mt/graphql (Caused by NameResolutionError("<urllib3.connection.HTTPSConnection object at 0x7fbccd90f830>: Failed to resolve 'trading.vietcap.com.vn' ([Errno -3] Temporary failure in name resolution)"))
[2026-02-18T15:40:53.723+0000] {logging_mixin.py:188} INFO - Err overview PDV: API request failed: HTTPSConnectionPool(host='trading.vietcap.com.vn', port=443): Max retries exceeded with url: /data-mt/graphql (Caused by NameResolutionError("<urllib3.connection.HTTPSConnection object at 0x7fbccd90f830>: Failed to resolve 'trading.vietcap.com.vn' ([Errno -3] Temporary failure in name resolution)"))
[2026-02-18T15:40:55.039+0000] {warnings.py:112} WARNING - DataFrame.applymap has been deprecated. Use DataFrame.map instead.

[2026-02-18T15:40:56.287+0000] {warnings.py:112} WARNING - DataFrame.applymap has been deprecated. Use DataFrame.map instead.

[2026-02-18T15:40:57.562+0000] {warnings.py:112} WARNING - DataFrame.applymap has been deprecated. Use DataFrame.map instead.

[2026-02-18T15:40:58.864+0000] {warnings.py:112} WARNING - DataFrame.applymap has been deprecated. Use DataFrame.map instead.

[2026-02-18T15:40:59.916+0000] {datalake_df2csv.py:68} INFO - ✅ Load dữ liệu thành công!
[2026-02-18T15:40:59.917+0000] {datalake_df2csv.py:69} INFO - 📊 Thông tin DataFrame:
[2026-02-18T15:40:59.918+0000] {datalake_df2csv.py:70} INFO -   - Số dòng: 19
[2026-02-18T15:40:59.920+0000] {datalake_df2csv.py:71} INFO -   - Số cột: 9
[2026-02-18T15:40:59.922+0000] {datalake_df2csv.py:72} INFO -   - Tên các cột: ['symbol', 'company_profile', 'icb_name2', 'icb_name3', 'icb_name4', 'exchange', 'type_info', 'organ_short_name', 'organ_name']
[2026-02-18T15:40:59.924+0000] {datalake_df2csv.py:73} INFO -   - Kiểu dữ liệu: {'symbol': 'object', 'company_profile': 'object', 'icb_name2': 'object', 'icb_name3': 'object', 'icb_name4': 'object', 'exchange': 'object', 'type_info': 'object', 'organ_short_name': 'object', 'organ_name': 'object'}
[2026-02-18T15:40:59.937+0000] {datalake_df2csv.py:74} INFO -   - Bộ nhớ sử dụng: 0.04 MB
[2026-02-18T15:40:59.946+0000] {datalake_df2csv.py:79} INFO -   - Số giá trị NULL:
[2026-02-18T15:40:59.950+0000] {datalake_df2csv.py:81} INFO -     + exchange: 7
[2026-02-18T15:40:59.951+0000] {datalake_df2csv.py:81} INFO -     + type_info: 7
[2026-02-18T15:40:59.954+0000] {datalake_df2csv.py:81} INFO -     + organ_short_name: 7
[2026-02-18T15:40:59.965+0000] {datalake_df2csv.py:81} INFO -     + organ_name: 7
[2026-02-18T15:40:59.967+0000] {datalake_df2csv.py:86} INFO -   - Mẫu dữ liệu (5 dòng đầu):
[2026-02-18T15:40:59.970+0000] {datalake_df2csv.py:88} INFO -     Row 0: {'symbol': 'HEJ', 'company_profile': 'Tổng Công ty Tư vấn Xây dựng Thủy Lợi Việt Nam  - CTCP (HEJ) có tiền thân là Công ty Khảo sát Thiết kế Thủy lợi 1, được thành lập vào năm 1993. Tổng Công ty hoạt động chính trong lĩnh vực tư vấn khảo sát, thiết kế các công trình xây dựng, thủy lợi. HEJ chính thức chuyển sang hoạt động theo mô hình công ty cổ phần từ năm 2008. Trải qua hơn 60 năm xây dựng và phát triển, Tổng Công ty đã khảo sát thiết kế trên 800 công trình thủy lợi, thủy điện. HEJ được giao dịch trên thị trường UPCOM từ tháng 07/2017.', 'icb_name2': 'Xây dựng và Vật liệu', 'icb_name3': 'Xây dựng và Vật liệu', 'icb_name4': 'Xây dựng', 'exchange': nan, 'type_info': nan, 'organ_short_name': nan, 'organ_name': nan}
[2026-02-18T15:40:59.994+0000] {datalake_df2csv.py:88} INFO -     Row 1: {'symbol': 'ACE', 'company_profile': 'Công ty Cổ phần Bê Tông Ly Tâm An Giang (ACE) tiền thân là Xí nghiệp Bê Tông Ly Tâm An Giang trực thuộc Công ty Xây lắp Điện 2 được thành lập năm 1982. Năm 2000 Xí nghiệp Bê Tông Ly Tâm An Giang trở thành đơn vị thành viên trực thuộc Tổng Công ty Xây dựng Công nghiệp Việt Nam. Năm 2003 Xí nghiệp Bê Tông Ly Tâm An Giang được chuyển thành công ty cổ phần. Là đơn vị hoạt động lâu năm trong ngành sản xuất sản phẩm bê tông công nghiệp và thực hiện xây lắp đường dây, cùng với việc ứng dụng dây chuyền sản xuất hiện đại của Nhật Bản vào trong sản xuất nên Công ty Cổ phần Bê Tông Ly Tâm An Giang là một trong những đơn vị có ưu thế lớn trong ngành. Sản phẩm Công ty không ngừng cải tiến, đa dạng hoá từ đó sản phẩm sản xuất được tiêu thụ khắp các tỉnh miền Nam đến các tỉnh miền Trung và xuất khẩu sang nước bạn Campuchia và đây cũng là thị trường tiềm năng trong tương lai của Công ty. Ngày 10/11/2009, cổ phiếu của công ty đã được giao dịch trên thị trường UpCoM.', 'icb_name2': 'Xây dựng và Vật liệu', 'icb_name3': 'Xây dựng và Vật liệu', 'icb_name4': 'Vật liệu xây dựng & Nội thất', 'exchange': nan, 'type_info': nan, 'organ_short_name': nan, 'organ_name': nan}
[2026-02-18T15:41:00.018+0000] {datalake_df2csv.py:88} INFO -     Row 2: {'symbol': 'DMC', 'company_profile': 'Công ty Cổ phần Xuất nhập khẩu Y tế Domesco (DMC) tiền thân là Trạm vật tư y tế thành lập năm 1980. Năm 2004 công ty chuyển sang hoạt động theo mô hình cổ phần. Dược phẩm Domesco chuyên sản xuất, kinh doanh xuất nhập khẩu các loại dược phẩm và là nhà sản xuất hàng đầu Việt Nam về thuốc tim mạch và nội tiết. Dược phẩm Domesco là một trong số ít các công ty đạt chuẩn GMP - WHO, GSP, GLP đầu tiên của Việt Nam. Công ty hiện đang vận hành 5 nhà máy sản xuất gồm 3 nhà máy sản xuất thuốc hóa dược (nhóm kháng sinh chứa beta lactam gồm penicillin, cephalosporin và nhóm non-beta lactam), 1 nhà máy chiết xuất và sản xuất thuốc có nguồn gốc dược liệu và 1 nhà máy sản xuất thực phẩm bảo vệ sức khỏe. Cả 5 nhà máy sản xuất thuốc của Công ty đều đạt tiêu chuẩn GMP-WHO, GSP và GLP. Dược phẩm Domesco có 348 sản phẩm dược và 47 sản phẩm thực phẩm đã được cấp phép lưu hàng trên cả nước. Các sản phẩm được chia làm 3 nhóm: hóa dược, dược liệu và dinh dưỡng. Sản phẩm của Domesco được tiêu thụ trên khắp cả nước và xuất khẩu sang Nhật, HongKong, Lao, Campuchia, Philippines. Cổ phiếu DMC được niêm yết tại Sở Giao dịch Chứng khoán thành phố Hồ Chí Minh (HOSE) từ 2006.', 'icb_name2': 'Y tế', 'icb_name3': 'Dược phẩm', 'icb_name4': 'Dược phẩm', 'exchange': 'HOSE', 'type_info': '', 'organ_short_name': '', 'organ_name': 'CTCP Xuất nhập khẩu Y Tế DOMESCO'}
[2026-02-18T15:41:00.027+0000] {datalake_df2csv.py:88} INFO -     Row 3: {'symbol': 'BNW', 'company_profile': 'Công ty Cổ phần Nước sạch Bắc Ninh (BNW) có tiền thân là Công ty Cấp thoát nước Bắc Ninh, được thành lập vào năm 1997. Công ty hoạt động chính trong lĩnh vực sản xuất và kinh doanh nước sạch trên địa bàn thành phố Bắc Ninh, các thị trấn huyện lỵ thuộc tỉnh Bắc Ninh và các vùng phụ cận. Bên cạnh đó, Công ty còn tham gia xây dựng các công trình cấp thoát nước, hệ thống điện hạ thế đến 35KV, công trình dân dụng và công nghiệp, và quản lý vận hành hệ thống cấp thoát nước và xử lý nước thải đô thị và khu công nghiệp. Công ty quản lý và vận hành các nhà máy nước trực thuộc với tổng công suất khoảng 36.400m3/ngày đêm và Nhà máy xử lý nước thải thành phố Bắc Ninh với công suất 28.000m3/ngày đêm. BNW được giao dịch trên thị trường UPCoM từ tháng 12/2018.', 'icb_name2': 'Điện, nước & xăng dầu khí đốt', 'icb_name3': 'Nước & Khí đốt', 'icb_name4': 'Nước', 'exchange': nan, 'type_info': nan, 'organ_short_name': nan, 'organ_name': nan}
[2026-02-18T15:41:00.037+0000] {datalake_df2csv.py:88} INFO -     Row 4: {'symbol': 'CQT', 'company_profile': 'Thành lập năm 2007, Công ty Cổ phần Xi măng Quán Triều VVMI (CQT), công ty con của Tổng Công ty Công nghiệp Mỏ Việt Bắc – Vinacomin, là doanh nghiệp có quy mô nhỏ chuyên sản xuất xi măng và clinker. CQT là một trong ba đơn vị sản xuất xi măng chủ lực của tỉnh Thái Nguyên với công suất sản xuất hàng năm là 2.500 tấn clinker/ngày tương đương với 1 triệu tấn xi măng/năm. Các sản phẩm chính của Công ty là xi măng PCB30, PCB40 và clinker. Ngoài thị trường chính là thị trường Thái Nguyên, Công ty đã xây dựng và phát triển hệ thống mạng lưới tiêu thụ chủ yếu ở khu vực phía Bắc. Ngày 01/11/2016, CQT chính thức được giao dịch trên thị trường UPCoM.', 'icb_name2': 'Xây dựng và Vật liệu', 'icb_name3': 'Xây dựng và Vật liệu', 'icb_name4': 'Vật liệu xây dựng & Nội thất', 'exchange': nan, 'type_info': nan, 'organ_short_name': nan, 'organ_name': nan}
[2026-02-18T15:41:00.039+0000] {datalake_df2csv.py:90} INFO - --------------------------------------------------------------------------------
[2026-02-18T15:41:00.040+0000] {datalake_df2csv.py:93} INFO - 📝 Bước 2: Đang chuyển đổi DataFrame sang CSV...
[2026-02-18T15:41:00.075+0000] {datalake_df2csv.py:97} INFO - ✅ Chuyển đổi CSV thành công!
[2026-02-18T15:41:00.076+0000] {datalake_df2csv.py:98} INFO -   - Kích thước file: 0.02 MB
[2026-02-18T15:41:00.077+0000] {datalake_df2csv.py:99} INFO -   - Thời gian chuyển đổi: 0.03 giây
[2026-02-18T15:41:00.078+0000] {datalake_df2csv.py:100} INFO - --------------------------------------------------------------------------------
[2026-02-18T15:41:00.080+0000] {datalake_df2csv.py:103} INFO - ☁️  Bước 3: Đang upload lên MinIO/S3...
[2026-02-18T15:41:00.125+0000] {base.py:84} INFO - Using connection ID 'minio_finance' for task execution.
[2026-02-18T15:41:00.133+0000] {connection_wrapper.py:384} INFO - AWS Connection (conn_id='minio_finance', conn_type='aws') credentials retrieved from login and password.
[2026-02-18T15:41:02.255+0000] {datalake_df2csv.py:112} INFO -   - Bucket 'thongtin-congty-va-bctc' đã tồn tại
[2026-02-18T15:41:02.318+0000] {datalake_df2csv.py:117} INFO - ✅ Upload thành công!
[2026-02-18T15:41:02.320+0000] {datalake_df2csv.py:118} INFO -   - Đường dẫn: s3://thongtin-congty-va-bctc/overview/2026-02-08/batch_17.csv
[2026-02-18T15:41:02.321+0000] {datalake_df2csv.py:119} INFO -   - Số dòng: 19
[2026-02-18T15:41:02.321+0000] {datalake_df2csv.py:120} INFO -   - Thời gian upload: 2.24 giây
[2026-02-18T15:41:02.323+0000] {datalake_df2csv.py:121} INFO - --------------------------------------------------------------------------------
[2026-02-18T15:41:02.324+0000] {datalake_df2csv.py:125} INFO - 📈 TỔNG KẾT:
[2026-02-18T15:41:02.325+0000] {datalake_df2csv.py:126} INFO -   - Tổng thời gian thực thi: 47.38 giây
[2026-02-18T15:41:02.326+0000] {datalake_df2csv.py:127} INFO -   - Tốc độ xử lý: 0 dòng/giây
[2026-02-18T15:41:02.326+0000] {datalake_df2csv.py:128} INFO - ================================================================================
[2026-02-18T15:41:02.327+0000] {datalake_df2csv.py:129} INFO - ✅ HOÀN THÀNH TASK: ingest_overview
[2026-02-18T15:41:02.327+0000] {datalake_df2csv.py:130} INFO - ================================================================================
[2026-02-18T15:41:02.329+0000] {taskinstance.py:441} INFO - ::group::Post task execution logs
[2026-02-18T15:41:02.349+0000] {taskinstance.py:1206} INFO - Marking task as SUCCESS. dag_id=company_overview_to_minio, task_id=ingest_overview, run_id=scheduled__2026-02-08T00:00:00+00:00, map_index=17, execution_date=20260208T000000, start_date=20260218T154014, end_date=20260218T154102
[2026-02-18T15:41:03.146+0000] {local_task_job_runner.py:243} INFO - Task exited with return code 0
[2026-02-18T15:41:03.252+0000] {taskinstance.py:3503} INFO - 0 downstream tasks scheduled from follow-on schedule check
[2026-02-18T15:41:03.257+0000] {local_task_job_runner.py:222} INFO - ::endgroup::
