[2026-01-24T08:52:12.411+0000] {local_task_job_runner.py:120} INFO - ::group::Pre task execution logs
[2026-01-24T08:52:12.453+0000] {taskinstance.py:2076} INFO - Dependencies all met for dep_context=non-requeueable deps ti=<TaskInstance: financial_ratios_etl.ingest_financial_ratios manual__2026-01-24T08:33:50+00:00 map_index=369 [queued]>
[2026-01-24T08:52:12.481+0000] {taskinstance.py:2076} INFO - Dependencies all met for dep_context=requeueable deps ti=<TaskInstance: financial_ratios_etl.ingest_financial_ratios manual__2026-01-24T08:33:50+00:00 map_index=369 [queued]>
[2026-01-24T08:52:12.482+0000] {taskinstance.py:2306} INFO - Starting attempt 1 of 2
[2026-01-24T08:52:12.497+0000] {taskinstance.py:2330} INFO - Executing <Mapped(DfToCsvOperator): ingest_financial_ratios> on 2026-01-24 08:33:50+00:00
[2026-01-24T08:52:12.508+0000] {warnings.py:112} WARNING - This process (pid=11378) is multi-threaded, use of fork() may lead to deadlocks in the child.

[2026-01-24T08:52:12.510+0000] {standard_task_runner.py:64} INFO - Started process 11424 to run task
[2026-01-24T08:52:12.512+0000] {standard_task_runner.py:90} INFO - Running: ['***', 'tasks', 'run', 'financial_ratios_etl', 'ingest_financial_ratios', 'manual__2026-01-24T08:33:50+00:00', '--job-id', '6582', '--raw', '--subdir', 'DAGS_FOLDER/dl_financial_ratios.py', '--cfg-path', '/tmp/tmpih8fnbyc', '--map-index', '369']
[2026-01-24T08:52:12.515+0000] {standard_task_runner.py:91} INFO - Job 6582: Subtask ingest_financial_ratios
[2026-01-24T08:52:12.591+0000] {task_command.py:426} INFO - Running <TaskInstance: financial_ratios_etl.ingest_financial_ratios manual__2026-01-24T08:33:50+00:00 map_index=369 [running]> on host 05b4b3a77fa2
[2026-01-24T08:52:13.913+0000] {taskinstance.py:2648} INFO - Exporting env vars: AIRFLOW_CTX_DAG_OWNER='***' AIRFLOW_CTX_DAG_ID='financial_ratios_etl' AIRFLOW_CTX_TASK_ID='ingest_financial_ratios' AIRFLOW_CTX_EXECUTION_DATE='2026-01-24T08:33:50+00:00' AIRFLOW_CTX_TRY_NUMBER='1' AIRFLOW_CTX_DAG_RUN_ID='manual__2026-01-24T08:33:50+00:00'
[2026-01-24T08:52:13.918+0000] {taskinstance.py:430} INFO - ::endgroup::
[2026-01-24T08:52:13.929+0000] {logging_mixin.py:188} INFO - [RATIO] Bắt đầu xử lý batch 2 mã: ['PAN', 'PAI']
[2026-01-24T08:52:13.929+0000] {logging_mixin.py:188} INFO - [RATIO] Kỳ dữ liệu: quarter
[2026-01-24T08:52:13.930+0000] {logging_mixin.py:188} INFO -  >> [RATIO] Đang lấy dữ liệu: PAN
[2026-01-24T08:52:23.945+0000] {log.py:232} WARNING - 2026-01-24 08:52:23 - vnstock.core.utils.client - ERROR - API request failed: HTTPSConnectionPool(host='trading.vietcap.com.vn', port=443): Max retries exceeded with url: /data-mt/graphql (Caused by NameResolutionError("<urllib3.connection.HTTPSConnection object at 0x7fdaecb79b80>: Failed to resolve 'trading.vietcap.com.vn' ([Errno -3] Temporary failure in name resolution)"))
[2026-01-24T08:52:23.945+0000] {client.py:414} ERROR - API request failed: HTTPSConnectionPool(host='trading.vietcap.com.vn', port=443): Max retries exceeded with url: /data-mt/graphql (Caused by NameResolutionError("<urllib3.connection.HTTPSConnection object at 0x7fdaecb79b80>: Failed to resolve 'trading.vietcap.com.vn' ([Errno -3] Temporary failure in name resolution)"))
[2026-01-24T08:52:23.946+0000] {logging_mixin.py:188} INFO -  ❌ [RATIO] Lỗi xử lý mã PAN: API request failed: HTTPSConnectionPool(host='trading.vietcap.com.vn', port=443): Max retries exceeded with url: /data-mt/graphql (Caused by NameResolutionError("<urllib3.connection.HTTPSConnection object at 0x7fdaecb79b80>: Failed to resolve 'trading.vietcap.com.vn' ([Errno -3] Temporary failure in name resolution)"))
[2026-01-24T08:52:23.947+0000] {logging_mixin.py:188} INFO -  >> [RATIO] Đang lấy dữ liệu: PAI
[2026-01-24T08:52:24.592+0000] {logging_mixin.py:188} INFO -  ❌ [RATIO] Lỗi xử lý mã PAI: Failed to fetch data: 429 - Too Many Requests
[2026-01-24T08:52:24.595+0000] {logging_mixin.py:188} INFO -  ⚠ [RATIO] Batch này không thu được dữ liệu nào.
[2026-01-24T08:52:24.602+0000] {datalake_df2csv.py:40} INFO - DataFrame rỗng, bỏ qua upload CSV.
[2026-01-24T08:52:24.606+0000] {taskinstance.py:441} INFO - ::group::Post task execution logs
[2026-01-24T08:52:24.623+0000] {taskinstance.py:1206} INFO - Marking task as SUCCESS. dag_id=financial_ratios_etl, task_id=ingest_financial_ratios, run_id=manual__2026-01-24T08:33:50+00:00, map_index=369, execution_date=20260124T083350, start_date=20260124T085212, end_date=20260124T085224
[2026-01-24T08:52:24.696+0000] {local_task_job_runner.py:243} INFO - Task exited with return code 0
[2026-01-24T08:52:24.732+0000] {taskinstance.py:3503} INFO - 0 downstream tasks scheduled from follow-on schedule check
[2026-01-24T08:52:24.734+0000] {local_task_job_runner.py:222} INFO - ::endgroup::
