[2026-01-27T15:04:56.430+0000] {local_task_job_runner.py:120} INFO - ::group::Pre task execution logs
[2026-01-27T15:04:56.455+0000] {taskinstance.py:2076} INFO - Dependencies all met for dep_context=non-requeueable deps ti=<TaskInstance: financial_ratios_minio.ingest_financial_ratios scheduled__2026-01-18T02:00:00+00:00 map_index=52 [queued]>
[2026-01-27T15:04:56.473+0000] {taskinstance.py:2076} INFO - Dependencies all met for dep_context=requeueable deps ti=<TaskInstance: financial_ratios_minio.ingest_financial_ratios scheduled__2026-01-18T02:00:00+00:00 map_index=52 [queued]>
[2026-01-27T15:04:56.474+0000] {taskinstance.py:2306} INFO - Starting attempt 1 of 2
[2026-01-27T15:04:56.488+0000] {taskinstance.py:2330} INFO - Executing <Mapped(DfToCsvOperator): ingest_financial_ratios> on 2026-01-18 02:00:00+00:00
[2026-01-27T15:04:56.501+0000] {warnings.py:112} WARNING - This process (pid=7295) is multi-threaded, use of fork() may lead to deadlocks in the child.

[2026-01-27T15:04:56.503+0000] {standard_task_runner.py:64} INFO - Started process 7354 to run task
[2026-01-27T15:04:56.504+0000] {standard_task_runner.py:90} INFO - Running: ['***', 'tasks', 'run', 'financial_ratios_minio', 'ingest_financial_ratios', 'scheduled__2026-01-18T02:00:00+00:00', '--job-id', '8110', '--raw', '--subdir', 'DAGS_FOLDER/dl_financial_ratios.py', '--cfg-path', '/tmp/tmpsiydozwz', '--map-index', '52']
[2026-01-27T15:04:56.507+0000] {standard_task_runner.py:91} INFO - Job 8110: Subtask ingest_financial_ratios
[2026-01-27T15:04:56.565+0000] {task_command.py:426} INFO - Running <TaskInstance: financial_ratios_minio.ingest_financial_ratios scheduled__2026-01-18T02:00:00+00:00 map_index=52 [running]> on host c05a814b0743
[2026-01-27T15:04:56.672+0000] {taskinstance.py:2648} INFO - Exporting env vars: AIRFLOW_CTX_DAG_OWNER='***' AIRFLOW_CTX_DAG_ID='financial_ratios_minio' AIRFLOW_CTX_TASK_ID='ingest_financial_ratios' AIRFLOW_CTX_EXECUTION_DATE='2026-01-18T02:00:00+00:00' AIRFLOW_CTX_TRY_NUMBER='1' AIRFLOW_CTX_DAG_RUN_ID='scheduled__2026-01-18T02:00:00+00:00'
[2026-01-27T15:04:56.673+0000] {taskinstance.py:430} INFO - ::endgroup::
[2026-01-27T15:04:56.680+0000] {logging_mixin.py:188} INFO - [RATIO] Bắt đầu xử lý batch 2 mã: ['VLP', 'VLG']
[2026-01-27T15:04:56.680+0000] {logging_mixin.py:188} INFO - [RATIO] Kỳ dữ liệu: quarter
[2026-01-27T15:04:56.681+0000] {logging_mixin.py:188} INFO -  >> [RATIO] Đang lấy dữ liệu: VLP
[2026-01-27T15:04:56.813+0000] {logging_mixin.py:188} INFO -  ❌ [RATIO] Lỗi xử lý mã VLP: Failed to fetch data: 429 - Too Many Requests
[2026-01-27T15:04:56.814+0000] {logging_mixin.py:188} INFO -  >> [RATIO] Đang lấy dữ liệu: VLG
[2026-01-27T15:04:56.950+0000] {logging_mixin.py:188} INFO -  ❌ [RATIO] Lỗi xử lý mã VLG: Failed to fetch data: 429 - Too Many Requests
[2026-01-27T15:04:56.951+0000] {logging_mixin.py:188} INFO -  ⚠ [RATIO] Batch này không thu được dữ liệu nào.
[2026-01-27T15:04:56.956+0000] {datalake_df2csv.py:40} INFO - DataFrame rỗng, bỏ qua upload CSV.
[2026-01-27T15:04:56.956+0000] {taskinstance.py:441} INFO - ::group::Post task execution logs
[2026-01-27T15:04:56.967+0000] {taskinstance.py:1206} INFO - Marking task as SUCCESS. dag_id=financial_ratios_minio, task_id=ingest_financial_ratios, run_id=scheduled__2026-01-18T02:00:00+00:00, map_index=52, execution_date=20260118T020000, start_date=20260127T150456, end_date=20260127T150456
[2026-01-27T15:04:56.997+0000] {local_task_job_runner.py:243} INFO - Task exited with return code 0
[2026-01-27T15:04:57.016+0000] {taskinstance.py:3503} INFO - 0 downstream tasks scheduled from follow-on schedule check
[2026-01-27T15:04:57.018+0000] {local_task_job_runner.py:222} INFO - ::endgroup::
