[2026-04-18T02:05:48.745+0000] {local_task_job_runner.py:120} INFO - ::group::Pre task execution logs
[2026-04-18T02:05:48.804+0000] {taskinstance.py:2076} INFO - Dependencies all met for dep_context=non-requeueable deps ti=<TaskInstance: daily_price.ingest_daily_price scheduled__2026-04-16T16:00:00+00:00 map_index=191 [queued]>
[2026-04-18T02:05:48.858+0000] {taskinstance.py:2076} INFO - Dependencies all met for dep_context=requeueable deps ti=<TaskInstance: daily_price.ingest_daily_price scheduled__2026-04-16T16:00:00+00:00 map_index=191 [queued]>
[2026-04-18T02:05:48.859+0000] {taskinstance.py:2306} INFO - Starting attempt 1 of 2
[2026-04-18T02:05:48.886+0000] {taskinstance.py:2330} INFO - Executing <Mapped(DfToCsvOperator): ingest_daily_price> on 2026-04-16 16:00:00+00:00
[2026-04-18T02:05:48.902+0000] {warnings.py:112} WARNING - This process (pid=2157) is multi-threaded, use of fork() may lead to deadlocks in the child.

[2026-04-18T02:05:48.904+0000] {standard_task_runner.py:64} INFO - Started process 2178 to run task
[2026-04-18T02:05:48.907+0000] {standard_task_runner.py:90} INFO - Running: ['***', 'tasks', 'run', 'daily_price', 'ingest_daily_price', 'scheduled__2026-04-16T16:00:00+00:00', '--job-id', '43701', '--raw', '--subdir', 'DAGS_FOLDER/dl_dailly_price.py', '--cfg-path', '/tmp/tmpdkpoy5rm', '--map-index', '191']
[2026-04-18T02:05:48.913+0000] {standard_task_runner.py:91} INFO - Job 43701: Subtask ingest_daily_price
[2026-04-18T02:05:49.047+0000] {task_command.py:426} INFO - Running <TaskInstance: daily_price.ingest_daily_price scheduled__2026-04-16T16:00:00+00:00 map_index=191 [running]> on host 14884353a17a
[2026-04-18T02:05:49.752+0000] {taskinstance.py:2648} INFO - Exporting env vars: AIRFLOW_CTX_DAG_OWNER='***' AIRFLOW_CTX_DAG_ID='daily_price' AIRFLOW_CTX_TASK_ID='ingest_daily_price' AIRFLOW_CTX_EXECUTION_DATE='2026-04-16T16:00:00+00:00' AIRFLOW_CTX_TRY_NUMBER='1' AIRFLOW_CTX_DAG_RUN_ID='scheduled__2026-04-16T16:00:00+00:00'
[2026-04-18T02:05:49.758+0000] {taskinstance.py:430} INFO - ::endgroup::
[2026-04-18T02:05:49.763+0000] {datalake_df2csv.py:40} INFO - ================================================================================
[2026-04-18T02:05:49.766+0000] {datalake_df2csv.py:41} INFO - 🚀 BẮT ĐẦU TASK: ingest_daily_price
[2026-04-18T02:05:49.777+0000] {datalake_df2csv.py:42} INFO - ================================================================================
[2026-04-18T02:05:49.778+0000] {datalake_df2csv.py:43} INFO - 📋 Thông tin cấu hình:
[2026-04-18T02:05:49.780+0000] {datalake_df2csv.py:44} INFO -   - Logic file: history_price
[2026-04-18T02:05:49.781+0000] {datalake_df2csv.py:45} INFO -   - DataFrame name: get_history_price_batch
[2026-04-18T02:05:49.782+0000] {datalake_df2csv.py:46} INFO -   - Bucket: thongtin-congty-va-bctc
[2026-04-18T02:05:49.783+0000] {datalake_df2csv.py:47} INFO -   - Object path: daily_price/2026-04-16/batch_191.csv
[2026-04-18T02:05:49.784+0000] {datalake_df2csv.py:48} INFO -   - Connection ID: minio_finance
[2026-04-18T02:05:49.785+0000] {datalake_df2csv.py:49} INFO -   - Tham số truyền vào: {'symbols': ['BCM', 'VAF', 'THB', 'NSC', 'DXG'], 'start_date': '2026-04-16', 'end_date': '2026-04-17'}
[2026-04-18T02:05:49.786+0000] {datalake_df2csv.py:50} INFO - --------------------------------------------------------------------------------
[2026-04-18T02:05:49.786+0000] {datalake_df2csv.py:54} INFO - 📥 Bước 1: Đang load dữ liệu từ logic file...
[2026-04-18T02:05:49.797+0000] {datalake_df2csv.py:148} INFO -   - Logic directory: /opt/airflow/plugins/logic
[2026-04-18T02:05:49.799+0000] {datalake_df2csv.py:149} INFO -   - Module path: /opt/airflow/plugins/logic/history_price.py
[2026-04-18T02:05:49.800+0000] {datalake_df2csv.py:153} INFO -   - Đã thêm logic directory vào sys.path
[2026-04-18T02:05:49.801+0000] {datalake_df2csv.py:159} INFO -   - Đang load module 'history_price'...
[2026-04-18T02:05:49.816+0000] {datalake_df2csv.py:163} INFO -   - ✅ Module loaded thành công
[2026-04-18T02:05:49.818+0000] {datalake_df2csv.py:165} INFO -   - Đang tìm DataFrame/function: 'get_history_price_batch'...
[2026-04-18T02:05:49.819+0000] {datalake_df2csv.py:170} INFO -   - ✅ Tìm thấy object: function
[2026-04-18T02:05:49.819+0000] {datalake_df2csv.py:173} INFO -   - Đang gọi function với tham số: {'symbols': ['BCM', 'VAF', 'THB', 'NSC', 'DXG'], 'start_date': '2026-04-16', 'end_date': '2026-04-17'}
[2026-04-18T02:05:55.322+0000] {datalake_df2csv.py:68} INFO - ✅ Load dữ liệu thành công!
[2026-04-18T02:05:55.323+0000] {datalake_df2csv.py:69} INFO - 📊 Thông tin DataFrame:
[2026-04-18T02:05:55.323+0000] {datalake_df2csv.py:70} INFO -   - Số dòng: 15
[2026-04-18T02:05:55.325+0000] {datalake_df2csv.py:71} INFO -   - Số cột: 7
[2026-04-18T02:05:55.325+0000] {datalake_df2csv.py:72} INFO -   - Tên các cột: ['ticker', 'trading_date', 'open', 'high', 'low', 'close', 'volume']
[2026-04-18T02:05:55.327+0000] {datalake_df2csv.py:73} INFO -   - Kiểu dữ liệu: {'ticker': 'object', 'trading_date': 'object', 'open': 'float64', 'high': 'float64', 'low': 'float64', 'close': 'float64', 'volume': 'int64'}
[2026-04-18T02:05:55.341+0000] {datalake_df2csv.py:74} INFO -   - Bộ nhớ sử dụng: 0.00 MB
[2026-04-18T02:05:55.352+0000] {datalake_df2csv.py:83} INFO -   - Không có giá trị NULL
[2026-04-18T02:05:55.354+0000] {datalake_df2csv.py:86} INFO -   - Mẫu dữ liệu (5 dòng đầu):
[2026-04-18T02:05:55.357+0000] {datalake_df2csv.py:88} INFO -     Row 0: {'ticker': 'BCM', 'trading_date': '2026-04-15', 'open': 55.8, 'high': 55.8, 'low': 54.6, 'close': 54.6, 'volume': 612800}
[2026-04-18T02:05:55.359+0000] {datalake_df2csv.py:88} INFO -     Row 1: {'ticker': 'BCM', 'trading_date': '2026-04-16', 'open': 54.8, 'high': 55.9, 'low': 54.4, 'close': 55.0, 'volume': 546900}
[2026-04-18T02:05:55.361+0000] {datalake_df2csv.py:88} INFO -     Row 2: {'ticker': 'BCM', 'trading_date': '2026-04-17', 'open': 55.5, 'high': 56.5, 'low': 55.0, 'close': 55.7, 'volume': 630000}
[2026-04-18T02:05:55.362+0000] {datalake_df2csv.py:88} INFO -     Row 3: {'ticker': 'VAF', 'trading_date': '2026-04-15', 'open': 20.8, 'high': 20.9, 'low': 20.8, 'close': 20.9, 'volume': 10000}
[2026-04-18T02:05:55.364+0000] {datalake_df2csv.py:88} INFO -     Row 4: {'ticker': 'VAF', 'trading_date': '2026-04-16', 'open': 20.5, 'high': 20.7, 'low': 20.5, 'close': 20.7, 'volume': 7500}
[2026-04-18T02:05:55.365+0000] {datalake_df2csv.py:90} INFO - --------------------------------------------------------------------------------
[2026-04-18T02:05:55.366+0000] {datalake_df2csv.py:93} INFO - 📝 Bước 2: Đang chuyển đổi DataFrame sang CSV...
[2026-04-18T02:05:55.379+0000] {datalake_df2csv.py:97} INFO - ✅ Chuyển đổi CSV thành công!
[2026-04-18T02:05:55.380+0000] {datalake_df2csv.py:98} INFO -   - Kích thước file: 0.00 MB
[2026-04-18T02:05:55.382+0000] {datalake_df2csv.py:99} INFO -   - Thời gian chuyển đổi: 0.01 giây
[2026-04-18T02:05:55.384+0000] {datalake_df2csv.py:100} INFO - --------------------------------------------------------------------------------
[2026-04-18T02:05:55.385+0000] {datalake_df2csv.py:103} INFO - ☁️  Bước 3: Đang upload lên MinIO/S3...
[2026-04-18T02:05:55.417+0000] {base.py:84} INFO - Using connection ID 'minio_finance' for task execution.
[2026-04-18T02:05:55.419+0000] {connection_wrapper.py:384} INFO - AWS Connection (conn_id='minio_finance', conn_type='aws') credentials retrieved from login and password.
[2026-04-18T02:05:56.573+0000] {datalake_df2csv.py:112} INFO -   - Bucket 'thongtin-congty-va-bctc' đã tồn tại
[2026-04-18T02:05:56.643+0000] {datalake_df2csv.py:117} INFO - ✅ Upload thành công!
[2026-04-18T02:05:56.645+0000] {datalake_df2csv.py:118} INFO -   - Đường dẫn: s3://thongtin-congty-va-bctc/daily_price/2026-04-16/batch_191.csv
[2026-04-18T02:05:56.648+0000] {datalake_df2csv.py:119} INFO -   - Số dòng: 15
[2026-04-18T02:05:56.649+0000] {datalake_df2csv.py:120} INFO -   - Thời gian upload: 1.26 giây
[2026-04-18T02:05:56.650+0000] {datalake_df2csv.py:121} INFO - --------------------------------------------------------------------------------
[2026-04-18T02:05:56.664+0000] {datalake_df2csv.py:125} INFO - 📈 TỔNG KẾT:
[2026-04-18T02:05:56.666+0000] {datalake_df2csv.py:126} INFO -   - Tổng thời gian thực thi: 6.90 giây
[2026-04-18T02:05:56.667+0000] {datalake_df2csv.py:127} INFO -   - Tốc độ xử lý: 2 dòng/giây
[2026-04-18T02:05:56.668+0000] {datalake_df2csv.py:128} INFO - ================================================================================
[2026-04-18T02:05:56.668+0000] {datalake_df2csv.py:129} INFO - ✅ HOÀN THÀNH TASK: ingest_daily_price
[2026-04-18T02:05:56.670+0000] {datalake_df2csv.py:130} INFO - ================================================================================
[2026-04-18T02:05:56.673+0000] {taskinstance.py:441} INFO - ::group::Post task execution logs
[2026-04-18T02:05:56.711+0000] {taskinstance.py:1206} INFO - Marking task as SUCCESS. dag_id=daily_price, task_id=ingest_daily_price, run_id=scheduled__2026-04-16T16:00:00+00:00, map_index=191, execution_date=20260416T160000, start_date=20260418T020548, end_date=20260418T020556
[2026-04-18T02:05:56.888+0000] {local_task_job_runner.py:243} INFO - Task exited with return code 0
[2026-04-18T02:05:56.921+0000] {taskinstance.py:3503} INFO - 0 downstream tasks scheduled from follow-on schedule check
[2026-04-18T02:05:56.945+0000] {local_task_job_runner.py:222} INFO - ::endgroup::
