[2026-04-04T08:21:47.907+0000] {local_task_job_runner.py:120} INFO - ::group::Pre task execution logs
[2026-04-04T08:21:47.925+0000] {taskinstance.py:2076} INFO - Dependencies all met for dep_context=non-requeueable deps ti=<TaskInstance: bctc.ingest_bctc manual__2026-04-04T08:21:29+00:00 map_index=0 [queued]>
[2026-04-04T08:21:47.934+0000] {taskinstance.py:2076} INFO - Dependencies all met for dep_context=requeueable deps ti=<TaskInstance: bctc.ingest_bctc manual__2026-04-04T08:21:29+00:00 map_index=0 [queued]>
[2026-04-04T08:21:47.935+0000] {taskinstance.py:2306} INFO - Starting attempt 1 of 4
[2026-04-04T08:21:47.951+0000] {taskinstance.py:2330} INFO - Executing <Mapped(DfToCsvOperator): ingest_bctc> on 2026-04-04 08:21:29+00:00
[2026-04-04T08:21:47.960+0000] {warnings.py:112} WARNING - This process (pid=91) is multi-threaded, use of fork() may lead to deadlocks in the child.

[2026-04-04T08:21:47.962+0000] {standard_task_runner.py:64} INFO - Started process 93 to run task
[2026-04-04T08:21:47.964+0000] {standard_task_runner.py:90} INFO - Running: ['***', 'tasks', 'run', 'bctc', 'ingest_bctc', 'manual__2026-04-04T08:21:29+00:00', '--job-id', '39223', '--raw', '--subdir', 'DAGS_FOLDER/dl_bctc.py', '--cfg-path', '/tmp/tmpr8dc3z8z', '--map-index', '0']
[2026-04-04T08:21:47.968+0000] {standard_task_runner.py:91} INFO - Job 39223: Subtask ingest_bctc
[2026-04-04T08:21:48.017+0000] {task_command.py:426} INFO - Running <TaskInstance: bctc.ingest_bctc manual__2026-04-04T08:21:29+00:00 map_index=0 [running]> on host 9b78e65e9d44
[2026-04-04T08:21:48.143+0000] {taskinstance.py:2648} INFO - Exporting env vars: AIRFLOW_CTX_DAG_OWNER='***' AIRFLOW_CTX_DAG_ID='bctc' AIRFLOW_CTX_TASK_ID='ingest_bctc' AIRFLOW_CTX_EXECUTION_DATE='2026-04-04T08:21:29+00:00' AIRFLOW_CTX_TRY_NUMBER='1' AIRFLOW_CTX_DAG_RUN_ID='manual__2026-04-04T08:21:29+00:00'
[2026-04-04T08:21:48.144+0000] {taskinstance.py:430} INFO - ::endgroup::
[2026-04-04T08:21:48.145+0000] {datalake_df2csv.py:40} INFO - ================================================================================
[2026-04-04T08:21:48.145+0000] {datalake_df2csv.py:41} INFO - 🚀 BẮT ĐẦU TASK: ingest_bctc
[2026-04-04T08:21:48.146+0000] {datalake_df2csv.py:42} INFO - ================================================================================
[2026-04-04T08:21:48.146+0000] {datalake_df2csv.py:43} INFO - 📋 Thông tin cấu hình:
[2026-04-04T08:21:48.146+0000] {datalake_df2csv.py:44} INFO -   - Logic file: bctc
[2026-04-04T08:21:48.147+0000] {datalake_df2csv.py:45} INFO -   - DataFrame name: get_financial_reports
[2026-04-04T08:21:48.147+0000] {datalake_df2csv.py:46} INFO -   - Bucket: thongtin-congty-va-bctc
[2026-04-04T08:21:48.147+0000] {datalake_df2csv.py:47} INFO -   - Object path: bctc/2026-04-04_08:21:36:347/batch_0.csv
[2026-04-04T08:21:48.147+0000] {datalake_df2csv.py:48} INFO -   - Connection ID: minio_finance
[2026-04-04T08:21:48.148+0000] {datalake_df2csv.py:49} INFO -   - Tham số truyền vào: {'symbols': ['MGC', 'GVT', 'GEG', 'SWC', 'SLD', 'VID', 'PSL', 'TTZ', 'CX8', 'PNJ', 'TMB', 'NTH', 'CVT', 'POV', 'SAM', 'SDV', 'MTH', 'KHG', 'NWT', 'BAX'], 'current_year': '2026', 'current_quarter': '1'}
[2026-04-04T08:21:48.148+0000] {datalake_df2csv.py:50} INFO - --------------------------------------------------------------------------------
[2026-04-04T08:21:48.148+0000] {datalake_df2csv.py:54} INFO - 📥 Bước 1: Đang load dữ liệu từ logic file...
[2026-04-04T08:21:48.150+0000] {datalake_df2csv.py:148} INFO -   - Logic directory: /opt/airflow/plugins/logic
[2026-04-04T08:21:48.151+0000] {datalake_df2csv.py:149} INFO -   - Module path: /opt/airflow/plugins/logic/bctc.py
[2026-04-04T08:21:48.151+0000] {datalake_df2csv.py:153} INFO -   - Đã thêm logic directory vào sys.path
[2026-04-04T08:21:48.152+0000] {datalake_df2csv.py:159} INFO -   - Đang load module 'bctc'...
[2026-04-04T08:21:48.156+0000] {datalake_df2csv.py:163} INFO -   - ✅ Module loaded thành công
[2026-04-04T08:21:48.157+0000] {datalake_df2csv.py:165} INFO -   - Đang tìm DataFrame/function: 'get_financial_reports'...
[2026-04-04T08:21:48.157+0000] {datalake_df2csv.py:170} INFO -   - ✅ Tìm thấy object: function
[2026-04-04T08:21:48.158+0000] {datalake_df2csv.py:173} INFO -   - Đang gọi function với tham số: {'symbols': ['MGC', 'GVT', 'GEG', 'SWC', 'SLD', 'VID', 'PSL', 'TTZ', 'CX8', 'PNJ', 'TMB', 'NTH', 'CVT', 'POV', 'SAM', 'SDV', 'MTH', 'KHG', 'NWT', 'BAX'], 'current_year': '2026', 'current_quarter': '1'}
[2026-04-04T08:21:48.158+0000] {logging_mixin.py:188} INFO - [BCTC] Batch 20 mã: ['MGC', 'GVT', 'GEG', 'SWC', 'SLD', 'VID', 'PSL', 'TTZ', 'CX8', 'PNJ', 'TMB', 'NTH', 'CVT', 'POV', 'SAM', 'SDV', 'MTH', 'KHG', 'NWT', 'BAX']
[2026-04-04T08:21:48.159+0000] {logging_mixin.py:188} INFO -   Filter: year=2026, quarter=1
[2026-04-04T08:21:48.159+0000] {logging_mixin.py:188} INFO -   Call interval: 3.2s (~19 req/phút)
[2026-04-04T08:21:48.159+0000] {logging_mixin.py:188} INFO -  >> [1/20] MGC
[2026-04-04T08:21:58.599+0000] {logging_mixin.py:188} INFO -  >> [2/20] GVT
[2026-04-04T08:22:11.139+0000] {logging_mixin.py:188} INFO -  >> [3/20] GEG
[2026-04-04T08:22:23.713+0000] {logging_mixin.py:188} INFO -  >> [4/20] SWC
[2026-04-04T08:22:52.791+0000] {log.py:232} WARNING - 2026-04-04 08:22:52 - vnstock.core.utils.client - ERROR - API request failed: HTTPSConnectionPool(host='trading.vietcap.com.vn', port=443): Max retries exceeded with url: /data-mt/graphql (Caused by NewConnectionError('<urllib3.connection.HTTPSConnection object at 0x7f7ae9863440>: Failed to establish a new connection: [Errno 101] Network is unreachable'))
[2026-04-04T08:22:52.791+0000] {client.py:297} ERROR - API request failed: HTTPSConnectionPool(host='trading.vietcap.com.vn', port=443): Max retries exceeded with url: /data-mt/graphql (Caused by NewConnectionError('<urllib3.connection.HTTPSConnection object at 0x7f7ae9863440>: Failed to establish a new connection: [Errno 101] Network is unreachable'))
[2026-04-04T08:22:52.793+0000] {logging_mixin.py:188} INFO - ❌ SWC.balance_sheet: ConnectionError: API request failed: HTTPSConnectionPool(host='trading.vietcap.com.vn', port=443): Max retries exceeded with url: /data-mt/graphql (Caused by NewConnectionError('<urllib3.connection.HTTPSConnection object at 0x7f7ae9863440>: Failed to establish a new connection: [Errno 101] Network is unreachable')) → bỏ qua
[2026-04-04T08:22:52.794+0000] {logging_mixin.py:188} INFO -   ⚠ SWC.balance_sheet: không có dữ liệu → bỏ qua mã này
[2026-04-04T08:22:52.795+0000] {logging_mixin.py:188} INFO -  >> [5/20] SLD
[2026-04-04T08:23:05.335+0000] {logging_mixin.py:188} INFO -  >> [6/20] VID
[2026-04-04T08:23:17.931+0000] {logging_mixin.py:188} INFO -  >> [7/20] PSL
[2026-04-04T08:23:42.209+0000] {log.py:232} WARNING - 2026-04-04 08:23:42 - vnstock.core.utils.client - ERROR - API request failed: HTTPSConnectionPool(host='trading.vietcap.com.vn', port=443): Max retries exceeded with url: /data-mt/graphql (Caused by NewConnectionError('<urllib3.connection.HTTPSConnection object at 0x7f7ae985b410>: Failed to establish a new connection: [Errno 101] Network is unreachable'))
[2026-04-04T08:23:42.209+0000] {client.py:297} ERROR - API request failed: HTTPSConnectionPool(host='trading.vietcap.com.vn', port=443): Max retries exceeded with url: /data-mt/graphql (Caused by NewConnectionError('<urllib3.connection.HTTPSConnection object at 0x7f7ae985b410>: Failed to establish a new connection: [Errno 101] Network is unreachable'))
[2026-04-04T08:23:42.211+0000] {logging_mixin.py:188} INFO - ❌ PSL.income_statement: ConnectionError: API request failed: HTTPSConnectionPool(host='trading.vietcap.com.vn', port=443): Max retries exceeded with url: /data-mt/graphql (Caused by NewConnectionError('<urllib3.connection.HTTPSConnection object at 0x7f7ae985b410>: Failed to establish a new connection: [Errno 101] Network is unreachable')) → bỏ qua
[2026-04-04T08:23:42.211+0000] {logging_mixin.py:188} INFO -   ⚠ PSL.income_statement: không có dữ liệu → bỏ qua mã này
[2026-04-04T08:23:42.212+0000] {logging_mixin.py:188} INFO -  >> [8/20] TTZ
[2026-04-04T08:24:02.569+0000] {logging_mixin.py:188} INFO -  >> [9/20] CX8
[2026-04-04T08:24:46.492+0000] {log.py:232} WARNING - 2026-04-04 08:24:46 - vnstock.core.utils.client - ERROR - API request failed: HTTPSConnectionPool(host='trading.vietcap.com.vn', port=443): Max retries exceeded with url: /data-mt/graphql (Caused by NewConnectionError('<urllib3.connection.HTTPSConnection object at 0x7f7ae982f020>: Failed to establish a new connection: [Errno 101] Network is unreachable'))
[2026-04-04T08:24:46.492+0000] {client.py:297} ERROR - API request failed: HTTPSConnectionPool(host='trading.vietcap.com.vn', port=443): Max retries exceeded with url: /data-mt/graphql (Caused by NewConnectionError('<urllib3.connection.HTTPSConnection object at 0x7f7ae982f020>: Failed to establish a new connection: [Errno 101] Network is unreachable'))
[2026-04-04T08:24:49.899+0000] {logging_mixin.py:188} INFO -  >> [10/20] PNJ
[2026-04-04T08:25:30.805+0000] {log.py:232} WARNING - 2026-04-04 08:25:30 - vnstock.core.utils.client - ERROR - API request failed: HTTPSConnectionPool(host='trading.vietcap.com.vn', port=443): Max retries exceeded with url: /data-mt/graphql (Caused by NewConnectionError('<urllib3.connection.HTTPSConnection object at 0x7f7ae985afc0>: Failed to establish a new connection: [Errno 101] Network is unreachable'))
[2026-04-04T08:25:30.805+0000] {client.py:297} ERROR - API request failed: HTTPSConnectionPool(host='trading.vietcap.com.vn', port=443): Max retries exceeded with url: /data-mt/graphql (Caused by NewConnectionError('<urllib3.connection.HTTPSConnection object at 0x7f7ae985afc0>: Failed to establish a new connection: [Errno 101] Network is unreachable'))
[2026-04-04T08:25:30.806+0000] {logging_mixin.py:188} INFO - ❌ PNJ.cash_flow: ConnectionError: API request failed: HTTPSConnectionPool(host='trading.vietcap.com.vn', port=443): Max retries exceeded with url: /data-mt/graphql (Caused by NewConnectionError('<urllib3.connection.HTTPSConnection object at 0x7f7ae985afc0>: Failed to establish a new connection: [Errno 101] Network is unreachable')) → bỏ qua
[2026-04-04T08:25:30.807+0000] {logging_mixin.py:188} INFO -   ⚠ PNJ.cash_flow: không có dữ liệu → bỏ qua mã này
[2026-04-04T08:25:30.807+0000] {logging_mixin.py:188} INFO -  >> [11/20] TMB
[2026-04-04T08:25:53.136+0000] {logging_mixin.py:188} INFO -  >> [12/20] NTH
[2026-04-04T08:26:17.858+0000] {logging_mixin.py:188} INFO -  >> [13/20] CVT
[2026-04-04T08:27:06.877+0000] {log.py:232} WARNING - 2026-04-04 08:27:06 - vnstock.core.utils.client - ERROR - API request failed: HTTPSConnectionPool(host='trading.vietcap.com.vn', port=443): Max retries exceeded with url: /data-mt/graphql (Caused by NewConnectionError('<urllib3.connection.HTTPSConnection object at 0x7f7ae97d98b0>: Failed to establish a new connection: [Errno 101] Network is unreachable'))
[2026-04-04T08:27:06.876+0000] {client.py:297} ERROR - API request failed: HTTPSConnectionPool(host='trading.vietcap.com.vn', port=443): Max retries exceeded with url: /data-mt/graphql (Caused by NewConnectionError('<urllib3.connection.HTTPSConnection object at 0x7f7ae97d98b0>: Failed to establish a new connection: [Errno 101] Network is unreachable'))
[2026-04-04T08:27:23.782+0000] {logging_mixin.py:188} INFO -  >> [14/20] POV
[2026-04-04T08:27:53.213+0000] {log.py:232} WARNING - 2026-04-04 08:27:53 - vnstock.core.utils.client - ERROR - API request failed: HTTPSConnectionPool(host='trading.vietcap.com.vn', port=443): Max retries exceeded with url: /data-mt/graphql (Caused by NewConnectionError('<urllib3.connection.HTTPSConnection object at 0x7f7ae98058b0>: Failed to establish a new connection: [Errno 101] Network is unreachable'))
[2026-04-04T08:27:53.213+0000] {client.py:297} ERROR - API request failed: HTTPSConnectionPool(host='trading.vietcap.com.vn', port=443): Max retries exceeded with url: /data-mt/graphql (Caused by NewConnectionError('<urllib3.connection.HTTPSConnection object at 0x7f7ae98058b0>: Failed to establish a new connection: [Errno 101] Network is unreachable'))
[2026-04-04T08:28:16.631+0000] {log.py:232} WARNING - 2026-04-04 08:28:16 - vnstock.core.utils.client - ERROR - API request failed: HTTPSConnectionPool(host='trading.vietcap.com.vn', port=443): Max retries exceeded with url: /data-mt/graphql (Caused by NewConnectionError('<urllib3.connection.HTTPSConnection object at 0x7f7ae9806810>: Failed to establish a new connection: [Errno 101] Network is unreachable'))
[2026-04-04T08:28:16.631+0000] {client.py:297} ERROR - API request failed: HTTPSConnectionPool(host='trading.vietcap.com.vn', port=443): Max retries exceeded with url: /data-mt/graphql (Caused by NewConnectionError('<urllib3.connection.HTTPSConnection object at 0x7f7ae9806810>: Failed to establish a new connection: [Errno 101] Network is unreachable'))
[2026-04-04T08:28:39.799+0000] {log.py:232} WARNING - 2026-04-04 08:28:39 - vnstock.core.utils.client - ERROR - API request failed: HTTPSConnectionPool(host='trading.vietcap.com.vn', port=443): Max retries exceeded with url: /data-mt/graphql (Caused by NewConnectionError('<urllib3.connection.HTTPSConnection object at 0x7f7ae9807470>: Failed to establish a new connection: [Errno 101] Network is unreachable'))
[2026-04-04T08:28:39.798+0000] {client.py:297} ERROR - API request failed: HTTPSConnectionPool(host='trading.vietcap.com.vn', port=443): Max retries exceeded with url: /data-mt/graphql (Caused by NewConnectionError('<urllib3.connection.HTTPSConnection object at 0x7f7ae9807470>: Failed to establish a new connection: [Errno 101] Network is unreachable'))
[2026-04-04T08:28:39.800+0000] {logging_mixin.py:188} INFO - ❌ POV.income_statement: RetryError: RetryError[<Future at 0x7f7ae9807740 state=finished raised ConnectionError>] → bỏ qua
[2026-04-04T08:28:39.801+0000] {logging_mixin.py:188} INFO -   ⚠ POV.income_statement: không có dữ liệu → bỏ qua mã này
[2026-04-04T08:28:39.802+0000] {logging_mixin.py:188} INFO -  >> [15/20] SAM
[2026-04-04T08:28:57.023+0000] {logging_mixin.py:188} INFO -  >> [16/20] SDV
[2026-04-04T08:29:21.793+0000] {logging_mixin.py:188} INFO -  >> [17/20] MTH
[2026-04-04T08:29:35.605+0000] {logging_mixin.py:188} INFO - ❌ MTH.income_statement: RetryError: RetryError[<Future at 0x7f7ae9805b80 state=finished raised KeyError>] → bỏ qua
[2026-04-04T08:29:35.606+0000] {logging_mixin.py:188} INFO -   ⚠ MTH.income_statement: không có dữ liệu → bỏ qua mã này
[2026-04-04T08:29:35.606+0000] {logging_mixin.py:188} INFO -  >> [18/20] KHG
[2026-04-04T08:30:06.426+0000] {logging_mixin.py:188} INFO -  >> [19/20] NWT
[2026-04-04T08:30:19.928+0000] {logging_mixin.py:188} INFO - ❌ NWT.income_statement: RetryError: RetryError[<Future at 0x7f7ae97d9f10 state=finished raised KeyError>] → bỏ qua
[2026-04-04T08:30:19.929+0000] {logging_mixin.py:188} INFO -   ⚠ NWT.income_statement: không có dữ liệu → bỏ qua mã này
[2026-04-04T08:30:19.930+0000] {logging_mixin.py:188} INFO -  >> [20/20] BAX
[2026-04-04T08:31:16.949+0000] {logging_mixin.py:188} INFO - ⚠ Bỏ qua 6 mã: ['SWC', 'PSL', 'PNJ', 'POV', 'MTH', 'NWT']
[2026-04-04T08:31:16.951+0000] {logging_mixin.py:188} INFO - ⚠ Batch này không thu được dữ liệu nào.
[2026-04-04T08:31:16.954+0000] {datalake_df2csv.py:58} WARNING - ⚠️  DataFrame rỗng hoặc None
[2026-04-04T08:31:16.955+0000] {datalake_df2csv.py:59} INFO - 📊 Thông tin DataFrame:
[2026-04-04T08:31:16.955+0000] {datalake_df2csv.py:60} INFO -   - Số dòng: 0
[2026-04-04T08:31:16.956+0000] {datalake_df2csv.py:61} INFO -   - Kết luận: Bỏ qua upload CSV
[2026-04-04T08:31:16.956+0000] {datalake_df2csv.py:62} INFO - ================================================================================
[2026-04-04T08:31:16.957+0000] {datalake_df2csv.py:63} INFO - ✅ KẾT THÚC TASK (không có dữ liệu): ingest_bctc
[2026-04-04T08:31:16.971+0000] {datalake_df2csv.py:64} INFO - ================================================================================
[2026-04-04T08:31:16.972+0000] {taskinstance.py:441} INFO - ::group::Post task execution logs
[2026-04-04T08:31:17.036+0000] {taskinstance.py:1206} INFO - Marking task as SUCCESS. dag_id=bctc, task_id=ingest_bctc, run_id=manual__2026-04-04T08:21:29+00:00, map_index=0, execution_date=20260404T082129, start_date=20260404T082147, end_date=20260404T083117
[2026-04-04T08:31:17.113+0000] {local_task_job_runner.py:243} INFO - Task exited with return code 0
[2026-04-04T08:31:17.166+0000] {taskinstance.py:3503} INFO - 0 downstream tasks scheduled from follow-on schedule check
[2026-04-04T08:31:17.169+0000] {local_task_job_runner.py:222} INFO - ::endgroup::
