[2026-04-23T16:00:35.023+0000] {local_task_job_runner.py:120} INFO - ::group::Pre task execution logs
[2026-04-23T16:00:35.072+0000] {taskinstance.py:2076} INFO - Dependencies all met for dep_context=non-requeueable deps ti=<TaskInstance: daily_price.ingest_daily_price scheduled__2026-04-22T16:00:00+00:00 map_index=12 [queued]>
[2026-04-23T16:00:35.092+0000] {taskinstance.py:2076} INFO - Dependencies all met for dep_context=requeueable deps ti=<TaskInstance: daily_price.ingest_daily_price scheduled__2026-04-22T16:00:00+00:00 map_index=12 [queued]>
[2026-04-23T16:00:35.094+0000] {taskinstance.py:2306} INFO - Starting attempt 1 of 2
[2026-04-23T16:00:35.129+0000] {taskinstance.py:2330} INFO - Executing <Mapped(DfToCsvOperator): ingest_daily_price> on 2026-04-22 16:00:00+00:00
[2026-04-23T16:00:35.184+0000] {warnings.py:112} WARNING - This process (pid=5133) is multi-threaded, use of fork() may lead to deadlocks in the child.

[2026-04-23T16:00:35.188+0000] {standard_task_runner.py:64} INFO - Started process 5203 to run task
[2026-04-23T16:00:35.223+0000] {standard_task_runner.py:90} INFO - Running: ['***', 'tasks', 'run', 'daily_price', 'ingest_daily_price', 'scheduled__2026-04-22T16:00:00+00:00', '--job-id', '44659', '--raw', '--subdir', 'DAGS_FOLDER/dl_dailly_price.py', '--cfg-path', '/tmp/tmp0mahy695', '--map-index', '12']
[2026-04-23T16:00:35.236+0000] {standard_task_runner.py:91} INFO - Job 44659: Subtask ingest_daily_price
[2026-04-23T16:00:35.365+0000] {task_command.py:426} INFO - Running <TaskInstance: daily_price.ingest_daily_price scheduled__2026-04-22T16:00:00+00:00 map_index=12 [running]> on host df0317362dff
[2026-04-23T16:00:35.586+0000] {taskinstance.py:2648} INFO - Exporting env vars: AIRFLOW_CTX_DAG_OWNER='***' AIRFLOW_CTX_DAG_ID='daily_price' AIRFLOW_CTX_TASK_ID='ingest_daily_price' AIRFLOW_CTX_EXECUTION_DATE='2026-04-22T16:00:00+00:00' AIRFLOW_CTX_TRY_NUMBER='1' AIRFLOW_CTX_DAG_RUN_ID='scheduled__2026-04-22T16:00:00+00:00'
[2026-04-23T16:00:35.589+0000] {taskinstance.py:430} INFO - ::endgroup::
[2026-04-23T16:00:35.590+0000] {datalake_df2csv.py:40} INFO - ================================================================================
[2026-04-23T16:00:35.591+0000] {datalake_df2csv.py:41} INFO - 🚀 BẮT ĐẦU TASK: ingest_daily_price
[2026-04-23T16:00:35.592+0000] {datalake_df2csv.py:42} INFO - ================================================================================
[2026-04-23T16:00:35.592+0000] {datalake_df2csv.py:43} INFO - 📋 Thông tin cấu hình:
[2026-04-23T16:00:35.593+0000] {datalake_df2csv.py:44} INFO -   - Logic file: history_price
[2026-04-23T16:00:35.593+0000] {datalake_df2csv.py:45} INFO -   - DataFrame name: get_history_price_batch
[2026-04-23T16:00:35.594+0000] {datalake_df2csv.py:46} INFO -   - Bucket: thongtin-congty-va-bctc
[2026-04-23T16:00:35.594+0000] {datalake_df2csv.py:47} INFO -   - Object path: daily_price/2026-04-22/batch_12.csv
[2026-04-23T16:00:35.594+0000] {datalake_df2csv.py:48} INFO -   - Connection ID: minio_finance
[2026-04-23T16:00:35.595+0000] {datalake_df2csv.py:49} INFO -   - Tham số truyền vào: {'symbols': ['SSB', 'PGI', 'PET', 'TGP', 'ONE'], 'start_date': '2026-04-22', 'end_date': '2026-04-23'}
[2026-04-23T16:00:35.595+0000] {datalake_df2csv.py:50} INFO - --------------------------------------------------------------------------------
[2026-04-23T16:00:35.596+0000] {datalake_df2csv.py:54} INFO - 📥 Bước 1: Đang load dữ liệu từ logic file...
[2026-04-23T16:00:35.600+0000] {datalake_df2csv.py:148} INFO -   - Logic directory: /opt/airflow/plugins/logic
[2026-04-23T16:00:35.602+0000] {datalake_df2csv.py:149} INFO -   - Module path: /opt/airflow/plugins/logic/history_price.py
[2026-04-23T16:00:35.603+0000] {datalake_df2csv.py:153} INFO -   - Đã thêm logic directory vào sys.path
[2026-04-23T16:00:35.604+0000] {datalake_df2csv.py:159} INFO -   - Đang load module 'history_price'...
[2026-04-23T16:00:35.610+0000] {datalake_df2csv.py:163} INFO -   - ✅ Module loaded thành công
[2026-04-23T16:00:35.611+0000] {datalake_df2csv.py:165} INFO -   - Đang tìm DataFrame/function: 'get_history_price_batch'...
[2026-04-23T16:00:35.611+0000] {datalake_df2csv.py:170} INFO -   - ✅ Tìm thấy object: function
[2026-04-23T16:00:35.612+0000] {datalake_df2csv.py:173} INFO -   - Đang gọi function với tham số: {'symbols': ['SSB', 'PGI', 'PET', 'TGP', 'ONE'], 'start_date': '2026-04-22', 'end_date': '2026-04-23'}
[2026-04-23T16:01:01.206+0000] {log.py:232} WARNING - 2026-04-23 16:01:01 - vnstock.core.utils.client - ERROR - API request failed: HTTPSConnectionPool(host='trading.vietcap.com.vn', port=443): Max retries exceeded with url: /api/chart/OHLCChart/gap-chart (Caused by NameResolutionError("<urllib3.connection.HTTPSConnection object at 0x7fe1092fbda0>: Failed to resolve 'trading.vietcap.com.vn' ([Errno -3] Temporary failure in name resolution)"))
[2026-04-23T16:01:01.206+0000] {client.py:297} ERROR - API request failed: HTTPSConnectionPool(host='trading.vietcap.com.vn', port=443): Max retries exceeded with url: /api/chart/OHLCChart/gap-chart (Caused by NameResolutionError("<urllib3.connection.HTTPSConnection object at 0x7fe1092fbda0>: Failed to resolve 'trading.vietcap.com.vn' ([Errno -3] Temporary failure in name resolution)"))
[2026-04-23T16:01:17.998+0000] {datalake_df2csv.py:68} INFO - ✅ Load dữ liệu thành công!
[2026-04-23T16:01:17.999+0000] {datalake_df2csv.py:69} INFO - 📊 Thông tin DataFrame:
[2026-04-23T16:01:18.000+0000] {datalake_df2csv.py:70} INFO -   - Số dòng: 20
[2026-04-23T16:01:18.001+0000] {datalake_df2csv.py:71} INFO -   - Số cột: 7
[2026-04-23T16:01:18.002+0000] {datalake_df2csv.py:72} INFO -   - Tên các cột: ['ticker', 'trading_date', 'open', 'high', 'low', 'close', 'volume']
[2026-04-23T16:01:18.003+0000] {datalake_df2csv.py:73} INFO -   - Kiểu dữ liệu: {'ticker': 'object', 'trading_date': 'object', 'open': 'float64', 'high': 'float64', 'low': 'float64', 'close': 'float64', 'volume': 'int64'}
[2026-04-23T16:01:18.006+0000] {datalake_df2csv.py:74} INFO -   - Bộ nhớ sử dụng: 0.00 MB
[2026-04-23T16:01:18.008+0000] {datalake_df2csv.py:83} INFO -   - Không có giá trị NULL
[2026-04-23T16:01:18.009+0000] {datalake_df2csv.py:86} INFO -   - Mẫu dữ liệu (5 dòng đầu):
[2026-04-23T16:01:18.010+0000] {datalake_df2csv.py:88} INFO -     Row 0: {'ticker': 'SSB', 'trading_date': '2026-04-20', 'open': 16.8, 'high': 16.9, 'low': 16.65, 'close': 16.85, 'volume': 2195800}
[2026-04-23T16:01:18.011+0000] {datalake_df2csv.py:88} INFO -     Row 1: {'ticker': 'SSB', 'trading_date': '2026-04-21', 'open': 16.85, 'high': 16.85, 'low': 16.65, 'close': 16.8, 'volume': 1838800}
[2026-04-23T16:01:18.013+0000] {datalake_df2csv.py:88} INFO -     Row 2: {'ticker': 'SSB', 'trading_date': '2026-04-22', 'open': 16.8, 'high': 16.85, 'low': 16.6, 'close': 16.8, 'volume': 2355800}
[2026-04-23T16:01:18.014+0000] {datalake_df2csv.py:88} INFO -     Row 3: {'ticker': 'SSB', 'trading_date': '2026-04-23', 'open': 16.75, 'high': 16.8, 'low': 16.6, 'close': 16.7, 'volume': 2016900}
[2026-04-23T16:01:18.015+0000] {datalake_df2csv.py:88} INFO -     Row 4: {'ticker': 'PGI', 'trading_date': '2026-04-14', 'open': 19.7, 'high': 19.7, 'low': 19.5, 'close': 19.6, 'volume': 1400}
[2026-04-23T16:01:18.016+0000] {datalake_df2csv.py:90} INFO - --------------------------------------------------------------------------------
[2026-04-23T16:01:18.017+0000] {datalake_df2csv.py:93} INFO - 📝 Bước 2: Đang chuyển đổi DataFrame sang CSV...
[2026-04-23T16:01:18.050+0000] {datalake_df2csv.py:97} INFO - ✅ Chuyển đổi CSV thành công!
[2026-04-23T16:01:18.052+0000] {datalake_df2csv.py:98} INFO -   - Kích thước file: 0.00 MB
[2026-04-23T16:01:18.053+0000] {datalake_df2csv.py:99} INFO -   - Thời gian chuyển đổi: 0.03 giây
[2026-04-23T16:01:18.054+0000] {datalake_df2csv.py:100} INFO - --------------------------------------------------------------------------------
[2026-04-23T16:01:18.059+0000] {datalake_df2csv.py:103} INFO - ☁️  Bước 3: Đang upload lên MinIO/S3...
[2026-04-23T16:01:18.096+0000] {base.py:84} INFO - Using connection ID 'minio_finance' for task execution.
[2026-04-23T16:01:18.103+0000] {connection_wrapper.py:384} INFO - AWS Connection (conn_id='minio_finance', conn_type='aws') credentials retrieved from login and password.
[2026-04-23T16:01:19.089+0000] {datalake_df2csv.py:112} INFO -   - Bucket 'thongtin-congty-va-bctc' đã tồn tại
[2026-04-23T16:01:19.161+0000] {datalake_df2csv.py:117} INFO - ✅ Upload thành công!
[2026-04-23T16:01:19.161+0000] {datalake_df2csv.py:118} INFO -   - Đường dẫn: s3://thongtin-congty-va-bctc/daily_price/2026-04-22/batch_12.csv
[2026-04-23T16:01:19.162+0000] {datalake_df2csv.py:119} INFO -   - Số dòng: 20
[2026-04-23T16:01:19.163+0000] {datalake_df2csv.py:120} INFO -   - Thời gian upload: 1.10 giây
[2026-04-23T16:01:19.163+0000] {datalake_df2csv.py:121} INFO - --------------------------------------------------------------------------------
[2026-04-23T16:01:19.164+0000] {datalake_df2csv.py:125} INFO - 📈 TỔNG KẾT:
[2026-04-23T16:01:19.164+0000] {datalake_df2csv.py:126} INFO -   - Tổng thời gian thực thi: 43.57 giây
[2026-04-23T16:01:19.165+0000] {datalake_df2csv.py:127} INFO -   - Tốc độ xử lý: 0 dòng/giây
[2026-04-23T16:01:19.165+0000] {datalake_df2csv.py:128} INFO - ================================================================================
[2026-04-23T16:01:19.165+0000] {datalake_df2csv.py:129} INFO - ✅ HOÀN THÀNH TASK: ingest_daily_price
[2026-04-23T16:01:19.166+0000] {datalake_df2csv.py:130} INFO - ================================================================================
[2026-04-23T16:01:19.166+0000] {taskinstance.py:441} INFO - ::group::Post task execution logs
[2026-04-23T16:01:19.184+0000] {taskinstance.py:1206} INFO - Marking task as SUCCESS. dag_id=daily_price, task_id=ingest_daily_price, run_id=scheduled__2026-04-22T16:00:00+00:00, map_index=12, execution_date=20260422T160000, start_date=20260423T160035, end_date=20260423T160119
[2026-04-23T16:01:19.350+0000] {local_task_job_runner.py:243} INFO - Task exited with return code 0
[2026-04-23T16:01:19.390+0000] {taskinstance.py:3503} INFO - 0 downstream tasks scheduled from follow-on schedule check
[2026-04-23T16:01:19.392+0000] {local_task_job_runner.py:222} INFO - ::endgroup::
