[2026-02-27T15:28:52.867+0000] {local_task_job_runner.py:120} INFO - ::group::Pre task execution logs
[2026-02-27T15:28:52.912+0000] {taskinstance.py:2076} INFO - Dependencies all met for dep_context=non-requeueable deps ti=<TaskInstance: daily_price.ingest_daily_price manual__2026-02-27T15:28:31.126262+00:00 map_index=7 [queued]>
[2026-02-27T15:28:52.933+0000] {taskinstance.py:2076} INFO - Dependencies all met for dep_context=requeueable deps ti=<TaskInstance: daily_price.ingest_daily_price manual__2026-02-27T15:28:31.126262+00:00 map_index=7 [queued]>
[2026-02-27T15:28:52.934+0000] {taskinstance.py:2306} INFO - Starting attempt 1 of 2
[2026-02-27T15:28:52.961+0000] {taskinstance.py:2330} INFO - Executing <Mapped(DfToCsvOperator): ingest_daily_price> on 2026-02-27 15:28:31.126262+00:00
[2026-02-27T15:28:52.981+0000] {warnings.py:112} WARNING - This process (pid=466) is multi-threaded, use of fork() may lead to deadlocks in the child.

[2026-02-27T15:28:52.999+0000] {standard_task_runner.py:64} INFO - Started process 541 to run task
[2026-02-27T15:28:53.006+0000] {standard_task_runner.py:90} INFO - Running: ['***', 'tasks', 'run', 'daily_price', 'ingest_daily_price', 'manual__2026-02-27T15:28:31.126262+00:00', '--job-id', '27779', '--raw', '--subdir', 'DAGS_FOLDER/dl_dailly_price.py', '--cfg-path', '/tmp/tmpvb3u0jv_', '--map-index', '7']
[2026-02-27T15:28:53.024+0000] {standard_task_runner.py:91} INFO - Job 27779: Subtask ingest_daily_price
[2026-02-27T15:28:53.271+0000] {task_command.py:426} INFO - Running <TaskInstance: daily_price.ingest_daily_price manual__2026-02-27T15:28:31.126262+00:00 map_index=7 [running]> on host a3ff7e3985fc
[2026-02-27T15:28:53.616+0000] {taskinstance.py:2648} INFO - Exporting env vars: AIRFLOW_CTX_DAG_OWNER='***' AIRFLOW_CTX_DAG_ID='daily_price' AIRFLOW_CTX_TASK_ID='ingest_daily_price' AIRFLOW_CTX_EXECUTION_DATE='2026-02-27T15:28:31.126262+00:00' AIRFLOW_CTX_TRY_NUMBER='1' AIRFLOW_CTX_DAG_RUN_ID='manual__2026-02-27T15:28:31.126262+00:00'
[2026-02-27T15:28:53.624+0000] {taskinstance.py:430} INFO - ::endgroup::
[2026-02-27T15:28:53.625+0000] {datalake_df2csv.py:40} INFO - ================================================================================
[2026-02-27T15:28:53.627+0000] {datalake_df2csv.py:41} INFO - 🚀 BẮT ĐẦU TASK: ingest_daily_price
[2026-02-27T15:28:53.629+0000] {datalake_df2csv.py:42} INFO - ================================================================================
[2026-02-27T15:28:53.634+0000] {datalake_df2csv.py:43} INFO - 📋 Thông tin cấu hình:
[2026-02-27T15:28:53.635+0000] {datalake_df2csv.py:44} INFO -   - Logic file: history_price
[2026-02-27T15:28:53.635+0000] {datalake_df2csv.py:45} INFO -   - DataFrame name: get_history_price_batch
[2026-02-27T15:28:53.638+0000] {datalake_df2csv.py:46} INFO -   - Bucket: thongtin-congty-va-bctc
[2026-02-27T15:28:53.655+0000] {datalake_df2csv.py:47} INFO -   - Object path: daily_price/2026-02-27/batch_7.csv
[2026-02-27T15:28:53.658+0000] {datalake_df2csv.py:48} INFO -   - Connection ID: minio_finance
[2026-02-27T15:28:53.659+0000] {datalake_df2csv.py:49} INFO -   - Tham số truyền vào: {'symbols': ['BTG', 'PIV', 'RGG', 'PDB', 'VTO'], 'start_date': '2026-02-27', 'end_date': '2026-02-28'}
[2026-02-27T15:28:53.661+0000] {datalake_df2csv.py:50} INFO - --------------------------------------------------------------------------------
[2026-02-27T15:28:53.666+0000] {datalake_df2csv.py:54} INFO - 📥 Bước 1: Đang load dữ liệu từ logic file...
[2026-02-27T15:28:53.703+0000] {datalake_df2csv.py:148} INFO -   - Logic directory: /opt/airflow/plugins/logic
[2026-02-27T15:28:53.714+0000] {datalake_df2csv.py:149} INFO -   - Module path: /opt/airflow/plugins/logic/history_price.py
[2026-02-27T15:28:53.716+0000] {datalake_df2csv.py:153} INFO -   - Đã thêm logic directory vào sys.path
[2026-02-27T15:28:53.733+0000] {datalake_df2csv.py:159} INFO -   - Đang load module 'history_price'...
[2026-02-27T15:28:53.768+0000] {datalake_df2csv.py:163} INFO -   - ✅ Module loaded thành công
[2026-02-27T15:28:53.769+0000] {datalake_df2csv.py:165} INFO -   - Đang tìm DataFrame/function: 'get_history_price_batch'...
[2026-02-27T15:28:53.781+0000] {datalake_df2csv.py:170} INFO -   - ✅ Tìm thấy object: function
[2026-02-27T15:28:53.782+0000] {datalake_df2csv.py:173} INFO -   - Đang gọi function với tham số: {'symbols': ['BTG', 'PIV', 'RGG', 'PDB', 'VTO'], 'start_date': '2026-02-27', 'end_date': '2026-02-28'}
[2026-02-27T15:29:15.301+0000] {log.py:232} WARNING - 2026-02-27 15:29:15 - vnstock.core.utils.client - ERROR - API request failed: HTTPSConnectionPool(host='trading.vietcap.com.vn', port=443): Max retries exceeded with url: /api/chart/OHLCChart/gap-chart (Caused by NameResolutionError("<urllib3.connection.HTTPSConnection object at 0x7fe3968e8b00>: Failed to resolve 'trading.vietcap.com.vn' ([Errno -3] Temporary failure in name resolution)"))
[2026-02-27T15:29:15.201+0000] {client.py:297} ERROR - API request failed: HTTPSConnectionPool(host='trading.vietcap.com.vn', port=443): Max retries exceeded with url: /api/chart/OHLCChart/gap-chart (Caused by NameResolutionError("<urllib3.connection.HTTPSConnection object at 0x7fe3968e8b00>: Failed to resolve 'trading.vietcap.com.vn' ([Errno -3] Temporary failure in name resolution)"))
[2026-02-27T15:29:21.551+0000] {datalake_df2csv.py:68} INFO - ✅ Load dữ liệu thành công!
[2026-02-27T15:29:21.552+0000] {datalake_df2csv.py:69} INFO - 📊 Thông tin DataFrame:
[2026-02-27T15:29:21.553+0000] {datalake_df2csv.py:70} INFO -   - Số dòng: 10
[2026-02-27T15:29:21.554+0000] {datalake_df2csv.py:71} INFO -   - Số cột: 7
[2026-02-27T15:29:21.555+0000] {datalake_df2csv.py:72} INFO -   - Tên các cột: ['ticker', 'trading_date', 'open', 'high', 'low', 'close', 'volume']
[2026-02-27T15:29:21.556+0000] {datalake_df2csv.py:73} INFO -   - Kiểu dữ liệu: {'ticker': 'object', 'trading_date': 'object', 'open': 'float64', 'high': 'float64', 'low': 'float64', 'close': 'float64', 'volume': 'int64'}
[2026-02-27T15:29:21.560+0000] {datalake_df2csv.py:74} INFO -   - Bộ nhớ sử dụng: 0.00 MB
[2026-02-27T15:29:21.563+0000] {datalake_df2csv.py:83} INFO -   - Không có giá trị NULL
[2026-02-27T15:29:21.564+0000] {datalake_df2csv.py:86} INFO -   - Mẫu dữ liệu (5 dòng đầu):
[2026-02-27T15:29:21.573+0000] {datalake_df2csv.py:88} INFO -     Row 0: {'ticker': 'BTG', 'trading_date': '2026-01-15', 'open': 7.6, 'high': 7.6, 'low': 7.6, 'close': 7.6, 'volume': 31300}
[2026-02-27T15:29:21.575+0000] {datalake_df2csv.py:88} INFO -     Row 1: {'ticker': 'BTG', 'trading_date': '2026-01-19', 'open': 8.7, 'high': 8.7, 'low': 8.7, 'close': 8.7, 'volume': 1200}
[2026-02-27T15:29:21.575+0000] {datalake_df2csv.py:88} INFO -     Row 2: {'ticker': 'PIV', 'trading_date': '2026-02-26', 'open': 7.8, 'high': 8.1, 'low': 7.4, 'close': 7.5, 'volume': 290800}
[2026-02-27T15:29:21.576+0000] {datalake_df2csv.py:88} INFO -     Row 3: {'ticker': 'PIV', 'trading_date': '2026-02-27', 'open': 7.6, 'high': 7.6, 'low': 6.8, 'close': 7.3, 'volume': 382000}
[2026-02-27T15:29:21.577+0000] {datalake_df2csv.py:88} INFO -     Row 4: {'ticker': 'RGG', 'trading_date': '2026-02-26', 'open': 33.5, 'high': 33.5, 'low': 33.5, 'close': 33.5, 'volume': 200}
[2026-02-27T15:29:21.578+0000] {datalake_df2csv.py:90} INFO - --------------------------------------------------------------------------------
[2026-02-27T15:29:21.578+0000] {datalake_df2csv.py:93} INFO - 📝 Bước 2: Đang chuyển đổi DataFrame sang CSV...
[2026-02-27T15:29:21.584+0000] {datalake_df2csv.py:97} INFO - ✅ Chuyển đổi CSV thành công!
[2026-02-27T15:29:21.585+0000] {datalake_df2csv.py:98} INFO -   - Kích thước file: 0.00 MB
[2026-02-27T15:29:21.586+0000] {datalake_df2csv.py:99} INFO -   - Thời gian chuyển đổi: 0.01 giây
[2026-02-27T15:29:21.586+0000] {datalake_df2csv.py:100} INFO - --------------------------------------------------------------------------------
[2026-02-27T15:29:21.587+0000] {datalake_df2csv.py:103} INFO - ☁️  Bước 3: Đang upload lên MinIO/S3...
[2026-02-27T15:29:21.608+0000] {base.py:84} INFO - Using connection ID 'minio_finance' for task execution.
[2026-02-27T15:29:21.610+0000] {connection_wrapper.py:384} INFO - AWS Connection (conn_id='minio_finance', conn_type='aws') credentials retrieved from login and password.
[2026-02-27T15:29:22.627+0000] {datalake_df2csv.py:112} INFO -   - Bucket 'thongtin-congty-va-bctc' đã tồn tại
[2026-02-27T15:29:22.682+0000] {datalake_df2csv.py:117} INFO - ✅ Upload thành công!
[2026-02-27T15:29:22.683+0000] {datalake_df2csv.py:118} INFO -   - Đường dẫn: s3://thongtin-congty-va-bctc/daily_price/2026-02-27/batch_7.csv
[2026-02-27T15:29:22.683+0000] {datalake_df2csv.py:119} INFO -   - Số dòng: 10
[2026-02-27T15:29:22.684+0000] {datalake_df2csv.py:120} INFO -   - Thời gian upload: 1.09 giây
[2026-02-27T15:29:22.685+0000] {datalake_df2csv.py:121} INFO - --------------------------------------------------------------------------------
[2026-02-27T15:29:22.686+0000] {datalake_df2csv.py:125} INFO - 📈 TỔNG KẾT:
[2026-02-27T15:29:22.686+0000] {datalake_df2csv.py:126} INFO -   - Tổng thời gian thực thi: 29.06 giây
[2026-02-27T15:29:22.687+0000] {datalake_df2csv.py:127} INFO -   - Tốc độ xử lý: 0 dòng/giây
[2026-02-27T15:29:22.688+0000] {datalake_df2csv.py:128} INFO - ================================================================================
[2026-02-27T15:29:22.688+0000] {datalake_df2csv.py:129} INFO - ✅ HOÀN THÀNH TASK: ingest_daily_price
[2026-02-27T15:29:22.689+0000] {datalake_df2csv.py:130} INFO - ================================================================================
[2026-02-27T15:29:22.689+0000] {taskinstance.py:441} INFO - ::group::Post task execution logs
[2026-02-27T15:29:22.707+0000] {taskinstance.py:1206} INFO - Marking task as SUCCESS. dag_id=daily_price, task_id=ingest_daily_price, run_id=manual__2026-02-27T15:28:31.126262+00:00, map_index=7, execution_date=20260227T152831, start_date=20260227T152852, end_date=20260227T152922
[2026-02-27T15:29:22.804+0000] {local_task_job_runner.py:243} INFO - Task exited with return code 0
[2026-02-27T15:29:22.829+0000] {taskinstance.py:3503} INFO - 0 downstream tasks scheduled from follow-on schedule check
[2026-02-27T15:29:22.834+0000] {local_task_job_runner.py:222} INFO - ::endgroup::
