[2026-02-12T14:23:55.724+0000] {local_task_job_runner.py:120} INFO - ::group::Pre task execution logs
[2026-02-12T14:23:55.745+0000] {taskinstance.py:2076} INFO - Dependencies all met for dep_context=non-requeueable deps ti=<TaskInstance: bctc_minio.ingest_bctc scheduled__2026-02-01T00:00:00+00:00 map_index=34 [queued]>
[2026-02-12T14:23:55.758+0000] {taskinstance.py:2076} INFO - Dependencies all met for dep_context=requeueable deps ti=<TaskInstance: bctc_minio.ingest_bctc scheduled__2026-02-01T00:00:00+00:00 map_index=34 [queued]>
[2026-02-12T14:23:55.759+0000] {taskinstance.py:2306} INFO - Starting attempt 1 of 2
[2026-02-12T14:23:55.776+0000] {taskinstance.py:2330} INFO - Executing <Mapped(DfToCsvOperator): ingest_bctc> on 2026-02-01 00:00:00+00:00
[2026-02-12T14:23:55.787+0000] {warnings.py:112} WARNING - This process (pid=2622) is multi-threaded, use of fork() may lead to deadlocks in the child.

[2026-02-12T14:23:55.789+0000] {standard_task_runner.py:64} INFO - Started process 2625 to run task
[2026-02-12T14:23:55.791+0000] {standard_task_runner.py:90} INFO - Running: ['***', 'tasks', 'run', 'bctc_minio', 'ingest_bctc', 'scheduled__2026-02-01T00:00:00+00:00', '--job-id', '20758', '--raw', '--subdir', 'DAGS_FOLDER/dl_bctc.py', '--cfg-path', '/tmp/tmpyth2358w', '--map-index', '34']
[2026-02-12T14:23:55.794+0000] {standard_task_runner.py:91} INFO - Job 20758: Subtask ingest_bctc
[2026-02-12T14:23:55.879+0000] {task_command.py:426} INFO - Running <TaskInstance: bctc_minio.ingest_bctc scheduled__2026-02-01T00:00:00+00:00 map_index=34 [running]> on host fe54ecce8de4
[2026-02-12T14:24:10.733+0000] {taskinstance.py:2648} INFO - Exporting env vars: AIRFLOW_CTX_DAG_OWNER='***' AIRFLOW_CTX_DAG_ID='bctc_minio' AIRFLOW_CTX_TASK_ID='ingest_bctc' AIRFLOW_CTX_EXECUTION_DATE='2026-02-01T00:00:00+00:00' AIRFLOW_CTX_TRY_NUMBER='1' AIRFLOW_CTX_DAG_RUN_ID='scheduled__2026-02-01T00:00:00+00:00'
[2026-02-12T14:24:10.738+0000] {taskinstance.py:430} INFO - ::endgroup::
[2026-02-12T14:24:10.740+0000] {datalake_df2csv.py:40} INFO - ================================================================================
[2026-02-12T14:24:10.742+0000] {datalake_df2csv.py:41} INFO - 🚀 BẮT ĐẦU TASK: ingest_bctc
[2026-02-12T14:24:10.743+0000] {datalake_df2csv.py:42} INFO - ================================================================================
[2026-02-12T14:24:10.744+0000] {datalake_df2csv.py:43} INFO - 📋 Thông tin cấu hình:
[2026-02-12T14:24:10.746+0000] {datalake_df2csv.py:44} INFO -   - Logic file: bctc
[2026-02-12T14:24:10.747+0000] {datalake_df2csv.py:45} INFO -   - DataFrame name: get_financial_reports
[2026-02-12T14:24:10.748+0000] {datalake_df2csv.py:46} INFO -   - Bucket: thongtin-congty-va-bctc
[2026-02-12T14:24:10.749+0000] {datalake_df2csv.py:47} INFO -   - Object path: bctc/2026-02-01/batch_34.csv
[2026-02-12T14:24:10.750+0000] {datalake_df2csv.py:48} INFO -   - Connection ID: minio_finance
[2026-02-12T14:24:10.751+0000] {datalake_df2csv.py:49} INFO -   - Tham số truyền vào: {'symbols': ['TKU', 'PX1', 'KMT', 'QNS', 'PVY', 'BGE', 'ACB', 'DNH', 'MH3', 'NBB', 'GTA', 'SFI', 'DBM', 'PAI', 'MED', 'FOC', 'AFX', 'HD6', 'VSN', 'TV1'], 'current_year': '2026'}
[2026-02-12T14:24:10.753+0000] {datalake_df2csv.py:50} INFO - --------------------------------------------------------------------------------
[2026-02-12T14:24:10.754+0000] {datalake_df2csv.py:54} INFO - 📥 Bước 1: Đang load dữ liệu từ logic file...
[2026-02-12T14:24:10.767+0000] {datalake_df2csv.py:148} INFO -   - Logic directory: /opt/airflow/plugins/logic
[2026-02-12T14:24:10.771+0000] {datalake_df2csv.py:149} INFO -   - Module path: /opt/airflow/plugins/logic/bctc.py
[2026-02-12T14:24:10.773+0000] {datalake_df2csv.py:153} INFO -   - Đã thêm logic directory vào sys.path
[2026-02-12T14:24:10.775+0000] {datalake_df2csv.py:159} INFO -   - Đang load module 'bctc'...
[2026-02-12T14:24:10.783+0000] {datalake_df2csv.py:163} INFO -   - ✅ Module loaded thành công
[2026-02-12T14:24:10.783+0000] {datalake_df2csv.py:165} INFO -   - Đang tìm DataFrame/function: 'get_financial_reports'...
[2026-02-12T14:24:10.784+0000] {datalake_df2csv.py:170} INFO -   - ✅ Tìm thấy object: function
[2026-02-12T14:24:10.785+0000] {datalake_df2csv.py:173} INFO -   - Đang gọi function với tham số: {'symbols': ['TKU', 'PX1', 'KMT', 'QNS', 'PVY', 'BGE', 'ACB', 'DNH', 'MH3', 'NBB', 'GTA', 'SFI', 'DBM', 'PAI', 'MED', 'FOC', 'AFX', 'HD6', 'VSN', 'TV1'], 'current_year': '2026'}
[2026-02-12T14:24:10.787+0000] {logging_mixin.py:188} INFO - Bắt đầu xử lý batch 20 mã: ['TKU', 'PX1', 'KMT', 'QNS', 'PVY', 'BGE', 'ACB', 'DNH', 'MH3', 'NBB', 'GTA', 'SFI', 'DBM', 'PAI', 'MED', 'FOC', 'AFX', 'HD6', 'VSN', 'TV1']
[2026-02-12T14:24:10.788+0000] {logging_mixin.py:188} INFO -  >> Đang lấy dữ liệu: TKU
[2026-02-12T14:24:30.432+0000] {logging_mixin.py:188} INFO -  >> Đang lấy dữ liệu: PX1
[2026-02-12T14:25:03.990+0000] {log.py:232} WARNING - 2026-02-12 14:25:03 - vnstock.core.utils.client - ERROR - API request failed: HTTPSConnectionPool(host='trading.vietcap.com.vn', port=443): Max retries exceeded with url: /data-mt/graphql (Caused by NewConnectionError('<urllib3.connection.HTTPSConnection object at 0x7f1853075dc0>: Failed to establish a new connection: [Errno 101] Network is unreachable'))
[2026-02-12T14:25:03.803+0000] {client.py:297} ERROR - API request failed: HTTPSConnectionPool(host='trading.vietcap.com.vn', port=443): Max retries exceeded with url: /data-mt/graphql (Caused by NewConnectionError('<urllib3.connection.HTTPSConnection object at 0x7f1853075dc0>: Failed to establish a new connection: [Errno 101] Network is unreachable'))
[2026-02-12T14:25:17.378+0000] {log.py:232} WARNING - 2026-02-12 14:25:17 - vnstock.core.utils.client - ERROR - API request failed: HTTPSConnectionPool(host='trading.vietcap.com.vn', port=443): Max retries exceeded with url: /data-mt/graphql (Caused by NameResolutionError("<urllib3.connection.HTTPSConnection object at 0x7f18530755b0>: Failed to resolve 'trading.vietcap.com.vn' ([Errno -3] Temporary failure in name resolution)"))
[2026-02-12T14:25:17.375+0000] {client.py:297} ERROR - API request failed: HTTPSConnectionPool(host='trading.vietcap.com.vn', port=443): Max retries exceeded with url: /data-mt/graphql (Caused by NameResolutionError("<urllib3.connection.HTTPSConnection object at 0x7f18530755b0>: Failed to resolve 'trading.vietcap.com.vn' ([Errno -3] Temporary failure in name resolution)"))
[2026-02-12T14:25:17.388+0000] {logging_mixin.py:188} INFO - ❌ Lỗi income_statement: RetryError[<Future at 0x7f1853075f10 state=finished raised ConnectionError>]
[2026-02-12T14:25:32.098+0000] {logging_mixin.py:188} INFO - ❌ Lỗi balance_sheet: RetryError[<Future at 0x7f1853c9ca70 state=finished raised KeyError>]
[2026-02-12T14:25:57.152+0000] {log.py:232} WARNING - 2026-02-12 14:25:57 - vnstock.core.utils.client - ERROR - API request failed: HTTPSConnectionPool(host='trading.vietcap.com.vn', port=443): Max retries exceeded with url: /data-mt/graphql (Caused by NewConnectionError('<urllib3.connection.HTTPSConnection object at 0x7f185309d190>: Failed to establish a new connection: [Errno 101] Network is unreachable'))
[2026-02-12T14:25:57.152+0000] {client.py:297} ERROR - API request failed: HTTPSConnectionPool(host='trading.vietcap.com.vn', port=443): Max retries exceeded with url: /data-mt/graphql (Caused by NewConnectionError('<urllib3.connection.HTTPSConnection object at 0x7f185309d190>: Failed to establish a new connection: [Errno 101] Network is unreachable'))
[2026-02-12T14:25:59.461+0000] {logging_mixin.py:188} INFO - ❌ Lỗi cash_flow: RetryError[<Future at 0x7f1853074e30 state=finished raised KeyError>]
[2026-02-12T14:26:02.963+0000] {logging_mixin.py:188} INFO -  >> Đang lấy dữ liệu: KMT
[2026-02-12T14:26:17.172+0000] {logging_mixin.py:188} INFO -  >> Đang lấy dữ liệu: QNS
[2026-02-12T14:26:22.043+0000] {logging_mixin.py:188} INFO - 
⚠️ 
============================================================
⚠️  GIỚI HẠN API ĐÃ ĐẠT TỐI ĐA (Rate Limit Exceeded)
============================================================

📌 Bạn đã đạt giới hạn tối đa số lượt yêu cầu API trong 1 phút (minute).
   (You have reached the maximum API request limit for this period)

📊 Chi tiết (Details):
   • Gói hiện tại: Khách (Guest)
   • Giới hạn: 20 requests/phút
   • Đã sử dụng: 20/20
   • Chờ 38 giây để tiếp tục (Wait to retry)

💡 Giải pháp (Solutions):
   1️⃣ Chờ 38 giây rồi thử lại
      (Wait and retry)
   2️⃣ Tham gia gói thành viên tài trợ để sử dụng không bị gián đoạn
      (Join sponsor membership for uninterrupted access)

🚀 Nâng cấp (Upgrade):
   • Phiên bản cộng đồng (60 request/phút - Community):
     Đăng ký API key miễn phí: https://vnstocks.com/login
   • Gói thành viên tài trợ (180-600 request/phút - Sponsor):
     Tham gia: https://vnstocks.com/insiders-program

============================================================
[2026-02-12T14:26:22.046+0000] {taskinstance.py:441} INFO - ::group::Post task execution logs
[2026-02-12T14:26:22.047+0000] {taskinstance.py:2907} ERROR - Task failed due to SystemExit(Rate limit exceeded. 
============================================================
⚠️  GIỚI HẠN API ĐÃ ĐẠT TỐI ĐA (Rate Limit Exceeded)
============================================================

📌 Bạn đã đạt giới hạn tối đa số lượt yêu cầu API trong 1 phút (minute).
   (You have reached the maximum API request limit for this period)

📊 Chi tiết (Details):
   • Gói hiện tại: Khách (Guest)
   • Giới hạn: 20 requests/phút
   • Đã sử dụng: 20/20
   • Chờ 38 giây để tiếp tục (Wait to retry)

💡 Giải pháp (Solutions):
   1️⃣ Chờ 38 giây rồi thử lại
      (Wait and retry)
   2️⃣ Tham gia gói thành viên tài trợ để sử dụng không bị gián đoạn
      (Join sponsor membership for uninterrupted access)

🚀 Nâng cấp (Upgrade):
   • Phiên bản cộng đồng (60 request/phút - Community):
     Đăng ký API key miễn phí: https://vnstocks.com/login
   • Gói thành viên tài trợ (180-600 request/phút - Sponsor):
     Tham gia: https://vnstocks.com/insiders-program

============================================================
 Process terminated.)
[2026-02-12T14:26:22.058+0000] {taskinstance.py:1206} INFO - Marking task as UP_FOR_RETRY. dag_id=bctc_minio, task_id=ingest_bctc, run_id=scheduled__2026-02-01T00:00:00+00:00, map_index=34, execution_date=20260201T000000, start_date=20260212T142355, end_date=20260212T142622
[2026-02-12T14:26:22.265+0000] {standard_task_runner.py:110} ERROR - Failed to execute job 20758 for task ingest_bctc (Task failed due to SystemExit(Rate limit exceeded. 
============================================================
⚠️  GIỚI HẠN API ĐÃ ĐẠT TỐI ĐA (Rate Limit Exceeded)
============================================================

📌 Bạn đã đạt giới hạn tối đa số lượt yêu cầu API trong 1 phút (minute).
   (You have reached the maximum API request limit for this period)

📊 Chi tiết (Details):
   • Gói hiện tại: Khách (Guest)
   • Giới hạn: 20 requests/phút
   • Đã sử dụng: 20/20
   • Chờ 38 giây để tiếp tục (Wait to retry)

💡 Giải pháp (Solutions):
   1️⃣ Chờ 38 giây rồi thử lại
      (Wait and retry)
   2️⃣ Tham gia gói thành viên tài trợ để sử dụng không bị gián đoạn
      (Join sponsor membership for uninterrupted access)

🚀 Nâng cấp (Upgrade):
   • Phiên bản cộng đồng (60 request/phút - Community):
     Đăng ký API key miễn phí: https://vnstocks.com/login
   • Gói thành viên tài trợ (180-600 request/phút - Sponsor):
     Tham gia: https://vnstocks.com/insiders-program

============================================================
 Process terminated.); 2625)
[2026-02-12T14:26:22.317+0000] {local_task_job_runner.py:243} INFO - Task exited with return code 1
[2026-02-12T14:26:22.356+0000] {taskinstance.py:3503} INFO - 0 downstream tasks scheduled from follow-on schedule check
[2026-02-12T14:26:22.360+0000] {local_task_job_runner.py:222} INFO - ::endgroup::
