[2026-02-04T14:55:17.462+0000] {local_task_job_runner.py:120} INFO - ::group::Pre task execution logs
[2026-02-04T14:55:17.491+0000] {taskinstance.py:2076} INFO - Dependencies all met for dep_context=non-requeueable deps ti=<TaskInstance: financial_ratios_minio.ingest_financial_ratios manual__2026-02-04T14:54:19+00:00 map_index=11 [queued]>
[2026-02-04T14:55:17.505+0000] {taskinstance.py:2076} INFO - Dependencies all met for dep_context=requeueable deps ti=<TaskInstance: financial_ratios_minio.ingest_financial_ratios manual__2026-02-04T14:54:19+00:00 map_index=11 [queued]>
[2026-02-04T14:55:17.506+0000] {taskinstance.py:2306} INFO - Starting attempt 1 of 2
[2026-02-04T14:55:17.526+0000] {taskinstance.py:2330} INFO - Executing <Mapped(DfToCsvOperator): ingest_financial_ratios> on 2026-02-04 14:54:19+00:00
[2026-02-04T14:55:17.538+0000] {warnings.py:112} WARNING - This process (pid=7102) is multi-threaded, use of fork() may lead to deadlocks in the child.

[2026-02-04T14:55:17.540+0000] {standard_task_runner.py:64} INFO - Started process 7174 to run task
[2026-02-04T14:55:17.543+0000] {standard_task_runner.py:90} INFO - Running: ['***', 'tasks', 'run', 'financial_ratios_minio', 'ingest_financial_ratios', 'manual__2026-02-04T14:54:19+00:00', '--job-id', '16804', '--raw', '--subdir', 'DAGS_FOLDER/dl_financial_ratios.py', '--cfg-path', '/tmp/tmp62vp2aq7', '--map-index', '11']
[2026-02-04T14:55:17.548+0000] {standard_task_runner.py:91} INFO - Job 16804: Subtask ingest_financial_ratios
[2026-02-04T14:55:17.602+0000] {task_command.py:426} INFO - Running <TaskInstance: financial_ratios_minio.ingest_financial_ratios manual__2026-02-04T14:54:19+00:00 map_index=11 [running]> on host 918dbd497d34
[2026-02-04T14:55:17.723+0000] {taskinstance.py:2648} INFO - Exporting env vars: AIRFLOW_CTX_DAG_OWNER='***' AIRFLOW_CTX_DAG_ID='financial_ratios_minio' AIRFLOW_CTX_TASK_ID='ingest_financial_ratios' AIRFLOW_CTX_EXECUTION_DATE='2026-02-04T14:54:19+00:00' AIRFLOW_CTX_TRY_NUMBER='1' AIRFLOW_CTX_DAG_RUN_ID='manual__2026-02-04T14:54:19+00:00'
[2026-02-04T14:55:17.727+0000] {taskinstance.py:430} INFO - ::endgroup::
[2026-02-04T14:55:17.737+0000] {logging_mixin.py:188} INFO - [RATIO] Bắt đầu xử lý batch 2 mã: ['VWS', 'VW3']
[2026-02-04T14:55:17.738+0000] {logging_mixin.py:188} INFO - [RATIO] Kỳ dữ liệu: quarter
[2026-02-04T14:55:17.738+0000] {logging_mixin.py:188} INFO -  >> [RATIO] Đang lấy dữ liệu: VWS
[2026-02-04T14:55:22.659+0000] {logging_mixin.py:188} INFO - ❌ Lỗi VWS: RetryError[<Future at 0x7f822194d280 state=finished raised KeyError>]
[2026-02-04T14:55:22.660+0000] {logging_mixin.py:188} INFO -  ⚠️ [RATIO] VWS: No data from API
[2026-02-04T14:55:24.661+0000] {logging_mixin.py:188} INFO -  >> [RATIO] Đang lấy dữ liệu: VW3
[2026-02-04T14:55:29.659+0000] {logging_mixin.py:188} INFO - ❌ Lỗi VW3: RetryError[<Future at 0x7f82218afe90 state=finished raised KeyError>]
[2026-02-04T14:55:29.660+0000] {logging_mixin.py:188} INFO -  ⚠️ [RATIO] VW3: No data from API
[2026-02-04T14:55:31.660+0000] {logging_mixin.py:188} INFO -  ⚠ [RATIO] Batch này không thu được dữ liệu nào.
[2026-02-04T14:55:31.662+0000] {datalake_df2csv.py:40} INFO - DataFrame rỗng, bỏ qua upload CSV.
[2026-02-04T14:55:31.662+0000] {taskinstance.py:441} INFO - ::group::Post task execution logs
[2026-02-04T14:55:31.672+0000] {taskinstance.py:1206} INFO - Marking task as SUCCESS. dag_id=financial_ratios_minio, task_id=ingest_financial_ratios, run_id=manual__2026-02-04T14:54:19+00:00, map_index=11, execution_date=20260204T145419, start_date=20260204T145517, end_date=20260204T145531
[2026-02-04T14:55:31.730+0000] {local_task_job_runner.py:243} INFO - Task exited with return code 0
[2026-02-04T14:55:31.746+0000] {taskinstance.py:3503} INFO - 0 downstream tasks scheduled from follow-on schedule check
[2026-02-04T14:55:31.750+0000] {local_task_job_runner.py:222} INFO - ::endgroup::
