[2026-02-21T04:58:18.836+0000] {local_task_job_runner.py:120} INFO - ::group::Pre task execution logs
[2026-02-21T04:58:18.871+0000] {taskinstance.py:2076} INFO - Dependencies all met for dep_context=non-requeueable deps ti=<TaskInstance: minio_to_db_sync.sync_global_index manual__2026-02-21T04:58:07.609620+00:00 [queued]>
[2026-02-21T04:58:18.891+0000] {taskinstance.py:2076} INFO - Dependencies all met for dep_context=requeueable deps ti=<TaskInstance: minio_to_db_sync.sync_global_index manual__2026-02-21T04:58:07.609620+00:00 [queued]>
[2026-02-21T04:58:18.893+0000] {taskinstance.py:2306} INFO - Starting attempt 1 of 3
[2026-02-21T04:58:18.933+0000] {taskinstance.py:2330} INFO - Executing <Task(_PythonDecoratedOperator): sync_global_index> on 2026-02-21 04:58:07.609620+00:00
[2026-02-21T04:58:18.950+0000] {warnings.py:112} WARNING - This process (pid=1984) is multi-threaded, use of fork() may lead to deadlocks in the child.

[2026-02-21T04:58:18.953+0000] {standard_task_runner.py:64} INFO - Started process 2006 to run task
[2026-02-21T04:58:18.960+0000] {standard_task_runner.py:90} INFO - Running: ['***', 'tasks', 'run', 'minio_to_db_sync', 'sync_global_index', 'manual__2026-02-21T04:58:07.609620+00:00', '--job-id', '22570', '--raw', '--subdir', 'DAGS_FOLDER/minio_to_db_sync.py', '--cfg-path', '/tmp/tmp6n6os1d8']
[2026-02-21T04:58:18.967+0000] {standard_task_runner.py:91} INFO - Job 22570: Subtask sync_global_index
[2026-02-21T04:58:19.167+0000] {task_command.py:426} INFO - Running <TaskInstance: minio_to_db_sync.sync_global_index manual__2026-02-21T04:58:07.609620+00:00 [running]> on host 9cd898c40fe6
[2026-02-21T04:58:19.479+0000] {taskinstance.py:2648} INFO - Exporting env vars: AIRFLOW_CTX_DAG_OWNER='***' AIRFLOW_CTX_DAG_ID='minio_to_db_sync' AIRFLOW_CTX_TASK_ID='sync_global_index' AIRFLOW_CTX_EXECUTION_DATE='2026-02-21T04:58:07.609620+00:00' AIRFLOW_CTX_TRY_NUMBER='1' AIRFLOW_CTX_DAG_RUN_ID='manual__2026-02-21T04:58:07.609620+00:00'
[2026-02-21T04:58:19.484+0000] {taskinstance.py:430} INFO - ::endgroup::
[2026-02-21T04:58:19.579+0000] {logging_mixin.py:188} INFO - ======================================================================
[2026-02-21T04:58:19.583+0000] {logging_mixin.py:188} INFO - 📊 SYNC GLOBAL INDEX TO DATABASE
[2026-02-21T04:58:19.590+0000] {logging_mixin.py:188} INFO - ======================================================================
[2026-02-21T04:58:19.593+0000] {logging_mixin.py:188} INFO - 
--- Processing USD_VND ---
[2026-02-21T04:58:19.635+0000] {base.py:84} INFO - Using connection ID 'minio_finance' for task execution.
[2026-02-21T04:58:19.648+0000] {connection_wrapper.py:384} INFO - AWS Connection (conn_id='minio_finance', conn_type='aws') credentials retrieved from login and password.
[2026-02-21T04:58:27.938+0000] {logging_mixin.py:188} INFO - 📂 Scanning 16 objects in thongtin-congty-va-bctc/global_index/usd_vnd/
[2026-02-21T04:58:27.939+0000] {logging_mixin.py:188} INFO - 📅 Found 16 valid date partition(s): ['2026-01-12', '2026-01-13', '2026-01-16', '2026-01-17', '2026-01-19', '2026-01-21', '2026-01-23', '2026-01-24', '2026-01-26', '2026-01-27', '2026-01-28', '2026-01-30', '2026-02-02', '2026-02-03', '2026-02-04', '2026-02-11']
[2026-02-21T04:58:27.939+0000] {logging_mixin.py:188} INFO - ✅ Latest partition selected: global_index/usd_vnd/2026-02-11/
[2026-02-21T04:58:27.949+0000] {base.py:84} INFO - Using connection ID 'minio_finance' for task execution.
[2026-02-21T04:58:27.950+0000] {connection_wrapper.py:384} INFO - AWS Connection (conn_id='minio_finance', conn_type='aws') credentials retrieved from login and password.
[2026-02-21T04:58:28.199+0000] {base.py:84} INFO - Using connection ID 'minio_finance' for task execution.
[2026-02-21T04:58:28.200+0000] {connection_wrapper.py:384} INFO - AWS Connection (conn_id='minio_finance', conn_type='aws') credentials retrieved from login and password.
[2026-02-21T04:58:28.429+0000] {logging_mixin.py:188} INFO - ✓ Read 1 rows from global_index/usd_vnd/2026-02-11/data.csv
[2026-02-21T04:58:28.431+0000] {logging_mixin.py:188} INFO - 
--- Processing DXY ---
[2026-02-21T04:58:28.441+0000] {base.py:84} INFO - Using connection ID 'minio_finance' for task execution.
[2026-02-21T04:58:28.442+0000] {connection_wrapper.py:384} INFO - AWS Connection (conn_id='minio_finance', conn_type='aws') credentials retrieved from login and password.
[2026-02-21T04:58:30.697+0000] {logging_mixin.py:188} INFO - 📂 Scanning 16 objects in thongtin-congty-va-bctc/global_index/dxy_index/
[2026-02-21T04:58:30.699+0000] {logging_mixin.py:188} INFO - 📅 Found 16 valid date partition(s): ['2026-01-12', '2026-01-13', '2026-01-16', '2026-01-17', '2026-01-19', '2026-01-21', '2026-01-23', '2026-01-24', '2026-01-26', '2026-01-27', '2026-01-28', '2026-01-30', '2026-02-02', '2026-02-03', '2026-02-04', '2026-02-11']
[2026-02-21T04:58:30.699+0000] {logging_mixin.py:188} INFO - ✅ Latest partition selected: global_index/dxy_index/2026-02-11/
[2026-02-21T04:58:30.713+0000] {base.py:84} INFO - Using connection ID 'minio_finance' for task execution.
[2026-02-21T04:58:30.714+0000] {connection_wrapper.py:384} INFO - AWS Connection (conn_id='minio_finance', conn_type='aws') credentials retrieved from login and password.
[2026-02-21T04:58:31.273+0000] {base.py:84} INFO - Using connection ID 'minio_finance' for task execution.
[2026-02-21T04:58:31.275+0000] {connection_wrapper.py:384} INFO - AWS Connection (conn_id='minio_finance', conn_type='aws') credentials retrieved from login and password.
[2026-02-21T04:58:31.420+0000] {logging_mixin.py:188} INFO - ✓ Read 1 rows from global_index/dxy_index/2026-02-11/data.csv
[2026-02-21T04:58:31.422+0000] {logging_mixin.py:188} INFO - 
--- Processing USD_CNY ---
[2026-02-21T04:58:31.430+0000] {base.py:84} INFO - Using connection ID 'minio_finance' for task execution.
[2026-02-21T04:58:31.431+0000] {connection_wrapper.py:384} INFO - AWS Connection (conn_id='minio_finance', conn_type='aws') credentials retrieved from login and password.
[2026-02-21T04:58:33.624+0000] {logging_mixin.py:188} INFO - 📂 Scanning 16 objects in thongtin-congty-va-bctc/global_index/usd_cny/
[2026-02-21T04:58:33.624+0000] {logging_mixin.py:188} INFO - 📅 Found 16 valid date partition(s): ['2026-01-12', '2026-01-13', '2026-01-16', '2026-01-17', '2026-01-19', '2026-01-21', '2026-01-23', '2026-01-24', '2026-01-26', '2026-01-27', '2026-01-28', '2026-01-30', '2026-02-02', '2026-02-03', '2026-02-04', '2026-02-11']
[2026-02-21T04:58:33.625+0000] {logging_mixin.py:188} INFO - ✅ Latest partition selected: global_index/usd_cny/2026-02-11/
[2026-02-21T04:58:33.632+0000] {base.py:84} INFO - Using connection ID 'minio_finance' for task execution.
[2026-02-21T04:58:33.634+0000] {connection_wrapper.py:384} INFO - AWS Connection (conn_id='minio_finance', conn_type='aws') credentials retrieved from login and password.
[2026-02-21T04:58:33.831+0000] {base.py:84} INFO - Using connection ID 'minio_finance' for task execution.
[2026-02-21T04:58:33.832+0000] {connection_wrapper.py:384} INFO - AWS Connection (conn_id='minio_finance', conn_type='aws') credentials retrieved from login and password.
[2026-02-21T04:58:33.929+0000] {logging_mixin.py:188} INFO - ✓ Read 1 rows from global_index/usd_cny/2026-02-11/data.csv
[2026-02-21T04:58:33.930+0000] {logging_mixin.py:188} INFO - 
--- Processing EUR_USD ---
[2026-02-21T04:58:33.937+0000] {base.py:84} INFO - Using connection ID 'minio_finance' for task execution.
[2026-02-21T04:58:33.937+0000] {connection_wrapper.py:384} INFO - AWS Connection (conn_id='minio_finance', conn_type='aws') credentials retrieved from login and password.
[2026-02-21T04:58:35.917+0000] {logging_mixin.py:188} INFO - 📂 Scanning 16 objects in thongtin-congty-va-bctc/global_index/eur_usd/
[2026-02-21T04:58:35.918+0000] {logging_mixin.py:188} INFO - 📅 Found 16 valid date partition(s): ['2026-01-12', '2026-01-13', '2026-01-16', '2026-01-17', '2026-01-19', '2026-01-21', '2026-01-23', '2026-01-24', '2026-01-26', '2026-01-27', '2026-01-28', '2026-01-30', '2026-02-02', '2026-02-03', '2026-02-04', '2026-02-11']
[2026-02-21T04:58:35.918+0000] {logging_mixin.py:188} INFO - ✅ Latest partition selected: global_index/eur_usd/2026-02-11/
[2026-02-21T04:58:35.925+0000] {base.py:84} INFO - Using connection ID 'minio_finance' for task execution.
[2026-02-21T04:58:35.926+0000] {connection_wrapper.py:384} INFO - AWS Connection (conn_id='minio_finance', conn_type='aws') credentials retrieved from login and password.
[2026-02-21T04:58:36.101+0000] {base.py:84} INFO - Using connection ID 'minio_finance' for task execution.
[2026-02-21T04:58:36.102+0000] {connection_wrapper.py:384} INFO - AWS Connection (conn_id='minio_finance', conn_type='aws') credentials retrieved from login and password.
[2026-02-21T04:58:36.191+0000] {logging_mixin.py:188} INFO - ✓ Read 1 rows from global_index/eur_usd/2026-02-11/data.csv
[2026-02-21T04:58:36.192+0000] {logging_mixin.py:188} INFO - 
--- Processing US_BOND_10Y ---
[2026-02-21T04:58:36.198+0000] {base.py:84} INFO - Using connection ID 'minio_finance' for task execution.
[2026-02-21T04:58:36.199+0000] {connection_wrapper.py:384} INFO - AWS Connection (conn_id='minio_finance', conn_type='aws') credentials retrieved from login and password.
[2026-02-21T04:58:38.503+0000] {logging_mixin.py:188} INFO - 📂 Scanning 15 objects in thongtin-congty-va-bctc/global_index/us_bond_10y/
[2026-02-21T04:58:38.503+0000] {logging_mixin.py:188} INFO - 📅 Found 15 valid date partition(s): ['2026-01-12', '2026-01-13', '2026-01-16', '2026-01-17', '2026-01-21', '2026-01-23', '2026-01-24', '2026-01-26', '2026-01-27', '2026-01-28', '2026-01-30', '2026-02-02', '2026-02-03', '2026-02-04', '2026-02-11']
[2026-02-21T04:58:38.504+0000] {logging_mixin.py:188} INFO - ✅ Latest partition selected: global_index/us_bond_10y/2026-02-11/
[2026-02-21T04:58:38.511+0000] {base.py:84} INFO - Using connection ID 'minio_finance' for task execution.
[2026-02-21T04:58:38.512+0000] {connection_wrapper.py:384} INFO - AWS Connection (conn_id='minio_finance', conn_type='aws') credentials retrieved from login and password.
[2026-02-21T04:58:38.785+0000] {base.py:84} INFO - Using connection ID 'minio_finance' for task execution.
[2026-02-21T04:58:38.786+0000] {connection_wrapper.py:384} INFO - AWS Connection (conn_id='minio_finance', conn_type='aws') credentials retrieved from login and password.
[2026-02-21T04:58:38.884+0000] {logging_mixin.py:188} INFO - ✓ Read 1 rows from global_index/us_bond_10y/2026-02-11/data.csv
[2026-02-21T04:58:38.886+0000] {logging_mixin.py:188} INFO - 
Total loaded: 5 rows
[2026-02-21T04:58:38.887+0000] {logging_mixin.py:188} INFO - 
Cleaning and transforming data...
[2026-02-21T04:58:38.898+0000] {logging_mixin.py:188} INFO - After cleaning: 5 rows
[2026-02-21T04:58:38.898+0000] {logging_mixin.py:188} INFO - 
Inserting into database...
[2026-02-21T04:58:38.906+0000] {logging_mixin.py:188} INFO - ✓ Schema hethong_phantich_chungkhoan ensured
[2026-02-21T04:58:38.923+0000] {logging_mixin.py:188} INFO - ✅ Inserted 5 rows
[2026-02-21T04:58:38.924+0000] {python.py:237} INFO - Done. Returned value was: ✅ Success: 5 rows
[2026-02-21T04:58:38.925+0000] {taskinstance.py:441} INFO - ::group::Post task execution logs
[2026-02-21T04:58:38.968+0000] {taskinstance.py:1206} INFO - Marking task as SUCCESS. dag_id=minio_to_db_sync, task_id=sync_global_index, run_id=manual__2026-02-21T04:58:07.609620+00:00, execution_date=20260221T045807, start_date=20260221T045818, end_date=20260221T045838
[2026-02-21T04:58:39.037+0000] {local_task_job_runner.py:243} INFO - Task exited with return code 0
[2026-02-21T04:58:39.053+0000] {taskinstance.py:3503} INFO - 0 downstream tasks scheduled from follow-on schedule check
[2026-02-21T04:58:39.057+0000] {local_task_job_runner.py:222} INFO - ::endgroup::
