[2026-03-24T14:06:25.787+0000] {local_task_job_runner.py:120} INFO - ::group::Pre task execution logs
[2026-03-24T14:06:25.848+0000] {taskinstance.py:2076} INFO - Dependencies all met for dep_context=non-requeueable deps ti=<TaskInstance: daily_price.ingest_daily_price scheduled__2026-03-20T16:00:00+00:00 map_index=120 [queued]>
[2026-03-24T14:06:25.885+0000] {taskinstance.py:2076} INFO - Dependencies all met for dep_context=requeueable deps ti=<TaskInstance: daily_price.ingest_daily_price scheduled__2026-03-20T16:00:00+00:00 map_index=120 [queued]>
[2026-03-24T14:06:25.886+0000] {taskinstance.py:2306} INFO - Starting attempt 1 of 2
[2026-03-24T14:06:25.914+0000] {taskinstance.py:2330} INFO - Executing <Mapped(DfToCsvOperator): ingest_daily_price> on 2026-03-20 16:00:00+00:00
[2026-03-24T14:06:25.933+0000] {warnings.py:112} WARNING - This process (pid=1553) is multi-threaded, use of fork() may lead to deadlocks in the child.

[2026-03-24T14:06:25.935+0000] {standard_task_runner.py:64} INFO - Started process 1581 to run task
[2026-03-24T14:06:25.939+0000] {standard_task_runner.py:90} INFO - Running: ['***', 'tasks', 'run', 'daily_price', 'ingest_daily_price', 'scheduled__2026-03-20T16:00:00+00:00', '--job-id', '35796', '--raw', '--subdir', 'DAGS_FOLDER/dl_dailly_price.py', '--cfg-path', '/tmp/tmps32zmmsv', '--map-index', '120']
[2026-03-24T14:06:25.945+0000] {standard_task_runner.py:91} INFO - Job 35796: Subtask ingest_daily_price
[2026-03-24T14:06:26.057+0000] {task_command.py:426} INFO - Running <TaskInstance: daily_price.ingest_daily_price scheduled__2026-03-20T16:00:00+00:00 map_index=120 [running]> on host e80ac71cca15
[2026-03-24T14:06:26.658+0000] {taskinstance.py:2648} INFO - Exporting env vars: AIRFLOW_CTX_DAG_OWNER='***' AIRFLOW_CTX_DAG_ID='daily_price' AIRFLOW_CTX_TASK_ID='ingest_daily_price' AIRFLOW_CTX_EXECUTION_DATE='2026-03-20T16:00:00+00:00' AIRFLOW_CTX_TRY_NUMBER='1' AIRFLOW_CTX_DAG_RUN_ID='scheduled__2026-03-20T16:00:00+00:00'
[2026-03-24T14:06:26.660+0000] {taskinstance.py:430} INFO - ::endgroup::
[2026-03-24T14:06:26.661+0000] {datalake_df2csv.py:40} INFO - ================================================================================
[2026-03-24T14:06:26.661+0000] {datalake_df2csv.py:41} INFO - 🚀 BẮT ĐẦU TASK: ingest_daily_price
[2026-03-24T14:06:26.662+0000] {datalake_df2csv.py:42} INFO - ================================================================================
[2026-03-24T14:06:26.663+0000] {datalake_df2csv.py:43} INFO - 📋 Thông tin cấu hình:
[2026-03-24T14:06:26.664+0000] {datalake_df2csv.py:44} INFO -   - Logic file: history_price
[2026-03-24T14:06:26.664+0000] {datalake_df2csv.py:45} INFO -   - DataFrame name: get_history_price_batch
[2026-03-24T14:06:26.665+0000] {datalake_df2csv.py:46} INFO -   - Bucket: thongtin-congty-va-bctc
[2026-03-24T14:06:26.665+0000] {datalake_df2csv.py:47} INFO -   - Object path: daily_price/2026-03-20/batch_120.csv
[2026-03-24T14:06:26.666+0000] {datalake_df2csv.py:48} INFO -   - Connection ID: minio_finance
[2026-03-24T14:06:26.666+0000] {datalake_df2csv.py:49} INFO -   - Tham số truyền vào: {'symbols': ['VPI', 'FOX', 'LGC', 'SGH', 'NAG'], 'start_date': '2026-03-20', 'end_date': '2026-03-21'}
[2026-03-24T14:06:26.667+0000] {datalake_df2csv.py:50} INFO - --------------------------------------------------------------------------------
[2026-03-24T14:06:26.668+0000] {datalake_df2csv.py:54} INFO - 📥 Bước 1: Đang load dữ liệu từ logic file...
[2026-03-24T14:06:26.676+0000] {datalake_df2csv.py:148} INFO -   - Logic directory: /opt/airflow/plugins/logic
[2026-03-24T14:06:26.678+0000] {datalake_df2csv.py:149} INFO -   - Module path: /opt/airflow/plugins/logic/history_price.py
[2026-03-24T14:06:26.679+0000] {datalake_df2csv.py:153} INFO -   - Đã thêm logic directory vào sys.path
[2026-03-24T14:06:26.681+0000] {datalake_df2csv.py:159} INFO -   - Đang load module 'history_price'...
[2026-03-24T14:06:26.687+0000] {datalake_df2csv.py:163} INFO -   - ✅ Module loaded thành công
[2026-03-24T14:06:26.687+0000] {datalake_df2csv.py:165} INFO -   - Đang tìm DataFrame/function: 'get_history_price_batch'...
[2026-03-24T14:06:26.689+0000] {datalake_df2csv.py:170} INFO -   - ✅ Tìm thấy object: function
[2026-03-24T14:06:26.690+0000] {datalake_df2csv.py:173} INFO -   - Đang gọi function với tham số: {'symbols': ['VPI', 'FOX', 'LGC', 'SGH', 'NAG'], 'start_date': '2026-03-20', 'end_date': '2026-03-21'}
[2026-03-24T14:07:07.483+0000] {log.py:232} WARNING - 2026-03-24 14:07:07 - vnstock.core.utils.client - ERROR - API request failed: HTTPSConnectionPool(host='trading.vietcap.com.vn', port=443): Max retries exceeded with url: /api/chart/OHLCChart/gap-chart (Caused by NewConnectionError('<urllib3.connection.HTTPSConnection object at 0x7fe8c5cbcaa0>: Failed to establish a new connection: [Errno 101] Network is unreachable'))
[2026-03-24T14:07:07.482+0000] {client.py:297} ERROR - API request failed: HTTPSConnectionPool(host='trading.vietcap.com.vn', port=443): Max retries exceeded with url: /api/chart/OHLCChart/gap-chart (Caused by NewConnectionError('<urllib3.connection.HTTPSConnection object at 0x7fe8c5cbcaa0>: Failed to establish a new connection: [Errno 101] Network is unreachable'))
[2026-03-24T14:07:36.506+0000] {log.py:232} WARNING - 2026-03-24 14:07:36 - vnstock.core.utils.client - ERROR - API request failed: HTTPSConnectionPool(host='trading.vietcap.com.vn', port=443): Max retries exceeded with url: /api/chart/OHLCChart/gap-chart (Caused by NewConnectionError('<urllib3.connection.HTTPSConnection object at 0x7fe8c5cbd880>: Failed to establish a new connection: [Errno 101] Network is unreachable'))
[2026-03-24T14:07:36.505+0000] {client.py:297} ERROR - API request failed: HTTPSConnectionPool(host='trading.vietcap.com.vn', port=443): Max retries exceeded with url: /api/chart/OHLCChart/gap-chart (Caused by NewConnectionError('<urllib3.connection.HTTPSConnection object at 0x7fe8c5cbd880>: Failed to establish a new connection: [Errno 101] Network is unreachable'))
[2026-03-24T14:07:51.032+0000] {datalake_df2csv.py:68} INFO - ✅ Load dữ liệu thành công!
[2026-03-24T14:07:51.033+0000] {datalake_df2csv.py:69} INFO - 📊 Thông tin DataFrame:
[2026-03-24T14:07:51.034+0000] {datalake_df2csv.py:70} INFO -   - Số dòng: 10
[2026-03-24T14:07:51.047+0000] {datalake_df2csv.py:71} INFO -   - Số cột: 7
[2026-03-24T14:07:51.048+0000] {datalake_df2csv.py:72} INFO -   - Tên các cột: ['ticker', 'trading_date', 'open', 'high', 'low', 'close', 'volume']
[2026-03-24T14:07:51.050+0000] {datalake_df2csv.py:73} INFO -   - Kiểu dữ liệu: {'ticker': 'object', 'trading_date': 'object', 'open': 'float64', 'high': 'float64', 'low': 'float64', 'close': 'float64', 'volume': 'int64'}
[2026-03-24T14:07:51.075+0000] {datalake_df2csv.py:74} INFO -   - Bộ nhớ sử dụng: 0.00 MB
[2026-03-24T14:07:51.078+0000] {datalake_df2csv.py:83} INFO -   - Không có giá trị NULL
[2026-03-24T14:07:51.079+0000] {datalake_df2csv.py:86} INFO -   - Mẫu dữ liệu (5 dòng đầu):
[2026-03-24T14:07:51.086+0000] {datalake_df2csv.py:88} INFO -     Row 0: {'ticker': 'VPI', 'trading_date': '2026-03-19', 'open': 57.1, 'high': 59.0, 'low': 56.9, 'close': 59.0, 'volume': 3091400}
[2026-03-24T14:07:51.087+0000] {datalake_df2csv.py:88} INFO -     Row 1: {'ticker': 'VPI', 'trading_date': '2026-03-20', 'open': 58.7, 'high': 58.9, 'low': 57.8, 'close': 58.0, 'volume': 3201600}
[2026-03-24T14:07:51.088+0000] {datalake_df2csv.py:88} INFO -     Row 2: {'ticker': 'FOX', 'trading_date': '2026-03-19', 'open': 77.9, 'high': 85.0, 'low': 76.0, 'close': 83.0, 'volume': 382800}
[2026-03-24T14:07:51.089+0000] {datalake_df2csv.py:88} INFO -     Row 3: {'ticker': 'FOX', 'trading_date': '2026-03-20', 'open': 83.0, 'high': 83.0, 'low': 79.2, 'close': 80.5, 'volume': 522500}
[2026-03-24T14:07:51.090+0000] {datalake_df2csv.py:88} INFO -     Row 4: {'ticker': 'LGC', 'trading_date': '2026-03-18', 'open': 53.6, 'high': 57.6, 'low': 53.6, 'close': 57.6, 'volume': 800}
[2026-03-24T14:07:51.091+0000] {datalake_df2csv.py:90} INFO - --------------------------------------------------------------------------------
[2026-03-24T14:07:51.092+0000] {datalake_df2csv.py:93} INFO - 📝 Bước 2: Đang chuyển đổi DataFrame sang CSV...
[2026-03-24T14:07:51.127+0000] {datalake_df2csv.py:97} INFO - ✅ Chuyển đổi CSV thành công!
[2026-03-24T14:07:51.128+0000] {datalake_df2csv.py:98} INFO -   - Kích thước file: 0.00 MB
[2026-03-24T14:07:51.128+0000] {datalake_df2csv.py:99} INFO -   - Thời gian chuyển đổi: 0.03 giây
[2026-03-24T14:07:51.129+0000] {datalake_df2csv.py:100} INFO - --------------------------------------------------------------------------------
[2026-03-24T14:07:51.129+0000] {datalake_df2csv.py:103} INFO - ☁️  Bước 3: Đang upload lên MinIO/S3...
[2026-03-24T14:07:51.160+0000] {base.py:84} INFO - Using connection ID 'minio_finance' for task execution.
[2026-03-24T14:07:51.163+0000] {connection_wrapper.py:384} INFO - AWS Connection (conn_id='minio_finance', conn_type='aws') credentials retrieved from login and password.
[2026-03-24T14:07:52.623+0000] {datalake_df2csv.py:112} INFO -   - Bucket 'thongtin-congty-va-bctc' đã tồn tại
[2026-03-24T14:07:52.728+0000] {datalake_df2csv.py:117} INFO - ✅ Upload thành công!
[2026-03-24T14:07:52.729+0000] {datalake_df2csv.py:118} INFO -   - Đường dẫn: s3://thongtin-congty-va-bctc/daily_price/2026-03-20/batch_120.csv
[2026-03-24T14:07:52.730+0000] {datalake_df2csv.py:119} INFO -   - Số dòng: 10
[2026-03-24T14:07:52.730+0000] {datalake_df2csv.py:120} INFO -   - Thời gian upload: 1.60 giây
[2026-03-24T14:07:52.735+0000] {datalake_df2csv.py:121} INFO - --------------------------------------------------------------------------------
[2026-03-24T14:07:52.736+0000] {datalake_df2csv.py:125} INFO - 📈 TỔNG KẾT:
[2026-03-24T14:07:52.737+0000] {datalake_df2csv.py:126} INFO -   - Tổng thời gian thực thi: 86.08 giây
[2026-03-24T14:07:52.738+0000] {datalake_df2csv.py:127} INFO -   - Tốc độ xử lý: 0 dòng/giây
[2026-03-24T14:07:52.738+0000] {datalake_df2csv.py:128} INFO - ================================================================================
[2026-03-24T14:07:52.739+0000] {datalake_df2csv.py:129} INFO - ✅ HOÀN THÀNH TASK: ingest_daily_price
[2026-03-24T14:07:52.739+0000] {datalake_df2csv.py:130} INFO - ================================================================================
[2026-03-24T14:07:52.740+0000] {taskinstance.py:441} INFO - ::group::Post task execution logs
[2026-03-24T14:07:52.768+0000] {taskinstance.py:1206} INFO - Marking task as SUCCESS. dag_id=daily_price, task_id=ingest_daily_price, run_id=scheduled__2026-03-20T16:00:00+00:00, map_index=120, execution_date=20260320T160000, start_date=20260324T140625, end_date=20260324T140752
[2026-03-24T14:07:52.864+0000] {local_task_job_runner.py:243} INFO - Task exited with return code 0
[2026-03-24T14:07:52.910+0000] {taskinstance.py:3503} INFO - 0 downstream tasks scheduled from follow-on schedule check
[2026-03-24T14:07:52.916+0000] {local_task_job_runner.py:222} INFO - ::endgroup::
