[2026-01-17T09:09:40.979+0000] {local_task_job_runner.py:120} INFO - ::group::Pre task execution logs
[2026-01-17T09:09:41.061+0000] {taskinstance.py:2076} INFO - Dependencies all met for dep_context=non-requeueable deps ti=<TaskInstance: financial_ratios_etl.ingest_financial_ratios scheduled__2026-01-04T02:00:00+00:00 map_index=632 [queued]>
[2026-01-17T09:09:41.122+0000] {taskinstance.py:2076} INFO - Dependencies all met for dep_context=requeueable deps ti=<TaskInstance: financial_ratios_etl.ingest_financial_ratios scheduled__2026-01-04T02:00:00+00:00 map_index=632 [queued]>
[2026-01-17T09:09:41.123+0000] {taskinstance.py:2306} INFO - Starting attempt 1 of 2
[2026-01-17T09:09:41.137+0000] {taskinstance.py:2330} INFO - Executing <Mapped(DfToCsvOperator): ingest_financial_ratios> on 2026-01-04 02:00:00+00:00
[2026-01-17T09:09:41.149+0000] {warnings.py:112} WARNING - This process (pid=18133) is multi-threaded, use of fork() may lead to deadlocks in the child.

[2026-01-17T09:09:41.150+0000] {standard_task_runner.py:64} INFO - Started process 18213 to run task
[2026-01-17T09:09:41.154+0000] {standard_task_runner.py:90} INFO - Running: ['***', 'tasks', 'run', 'financial_ratios_etl', 'ingest_financial_ratios', 'scheduled__2026-01-04T02:00:00+00:00', '--job-id', '1272', '--raw', '--subdir', 'DAGS_FOLDER/financial_ratios_etl.py', '--cfg-path', '/tmp/tmpmf927bpb', '--map-index', '632']
[2026-01-17T09:09:41.158+0000] {standard_task_runner.py:91} INFO - Job 1272: Subtask ingest_financial_ratios
[2026-01-17T09:09:41.211+0000] {task_command.py:426} INFO - Running <TaskInstance: financial_ratios_etl.ingest_financial_ratios scheduled__2026-01-04T02:00:00+00:00 map_index=632 [running]> on host d8c064bd46bc
[2026-01-17T09:09:41.311+0000] {taskinstance.py:2648} INFO - Exporting env vars: AIRFLOW_CTX_DAG_OWNER='***' AIRFLOW_CTX_DAG_ID='financial_ratios_etl' AIRFLOW_CTX_TASK_ID='ingest_financial_ratios' AIRFLOW_CTX_EXECUTION_DATE='2026-01-04T02:00:00+00:00' AIRFLOW_CTX_TRY_NUMBER='1' AIRFLOW_CTX_DAG_RUN_ID='scheduled__2026-01-04T02:00:00+00:00'
[2026-01-17T09:09:41.312+0000] {taskinstance.py:430} INFO - ::endgroup::
[2026-01-17T09:09:41.321+0000] {logging_mixin.py:188} INFO - [RATIO] Bắt đầu xử lý batch 2 mã: ['EVS', 'EVG']
[2026-01-17T09:09:41.321+0000] {logging_mixin.py:188} INFO - [RATIO] Kỳ dữ liệu: quarter
[2026-01-17T09:09:41.322+0000] {logging_mixin.py:188} INFO -  >> [RATIO] Đang lấy dữ liệu: EVS
[2026-01-17T09:09:46.217+0000] {logging_mixin.py:188} INFO - ❌ Lỗi EVS: RetryError[<Future at 0x7f97418f5760 state=finished raised ConnectionError>]
[2026-01-17T09:09:46.219+0000] {logging_mixin.py:188} INFO -  ⚠️ [RATIO] EVS: No data from API
[2026-01-17T09:09:48.220+0000] {logging_mixin.py:188} INFO -  >> [RATIO] Đang lấy dữ liệu: EVG
[2026-01-17T09:09:48.565+0000] {logging_mixin.py:188} INFO -  ❌ [RATIO] Lỗi xử lý mã EVG: Failed to fetch data: 429 - Too Many Requests
[2026-01-17T09:09:48.567+0000] {logging_mixin.py:188} INFO -  ⚠ [RATIO] Batch này không thu được dữ liệu nào.
[2026-01-17T09:09:48.569+0000] {datalake_df2csv.py:40} INFO - DataFrame rỗng, bỏ qua upload CSV.
[2026-01-17T09:09:48.571+0000] {taskinstance.py:441} INFO - ::group::Post task execution logs
[2026-01-17T09:09:48.582+0000] {taskinstance.py:1206} INFO - Marking task as SUCCESS. dag_id=financial_ratios_etl, task_id=ingest_financial_ratios, run_id=scheduled__2026-01-04T02:00:00+00:00, map_index=632, execution_date=20260104T020000, start_date=20260117T090941, end_date=20260117T090948
[2026-01-17T09:09:48.632+0000] {local_task_job_runner.py:243} INFO - Task exited with return code 0
[2026-01-17T09:09:48.661+0000] {taskinstance.py:3503} INFO - 0 downstream tasks scheduled from follow-on schedule check
[2026-01-17T09:09:48.664+0000] {local_task_job_runner.py:222} INFO - ::endgroup::
