[2026-03-25T13:40:15.074+0000] {local_task_job_runner.py:120} INFO - ::group::Pre task execution logs
[2026-03-25T13:40:15.102+0000] {taskinstance.py:2076} INFO - Dependencies all met for dep_context=non-requeueable deps ti=<TaskInstance: minio_to_db_sync.sync_macro_economy scheduled__2026-03-24T03:00:00+00:00 [queued]>
[2026-03-25T13:40:15.127+0000] {taskinstance.py:2076} INFO - Dependencies all met for dep_context=requeueable deps ti=<TaskInstance: minio_to_db_sync.sync_macro_economy scheduled__2026-03-24T03:00:00+00:00 [queued]>
[2026-03-25T13:40:15.129+0000] {taskinstance.py:2306} INFO - Starting attempt 1 of 3
[2026-03-25T13:40:15.180+0000] {taskinstance.py:2330} INFO - Executing <Task(_PythonDecoratedOperator): sync_macro_economy> on 2026-03-24 03:00:00+00:00
[2026-03-25T13:40:15.204+0000] {warnings.py:112} WARNING - This process (pid=77) is multi-threaded, use of fork() may lead to deadlocks in the child.

[2026-03-25T13:40:15.218+0000] {standard_task_runner.py:64} INFO - Started process 100 to run task
[2026-03-25T13:40:15.235+0000] {standard_task_runner.py:90} INFO - Running: ['***', 'tasks', 'run', 'minio_to_db_sync', 'sync_macro_economy', 'scheduled__2026-03-24T03:00:00+00:00', '--job-id', '35997', '--raw', '--subdir', 'DAGS_FOLDER/minio_to_db_sync.py', '--cfg-path', '/tmp/tmp88mruv54']
[2026-03-25T13:40:15.263+0000] {standard_task_runner.py:91} INFO - Job 35997: Subtask sync_macro_economy
[2026-03-25T13:40:15.658+0000] {task_command.py:426} INFO - Running <TaskInstance: minio_to_db_sync.sync_macro_economy scheduled__2026-03-24T03:00:00+00:00 [running]> on host 4acdd4ba2090
[2026-03-25T13:40:16.117+0000] {taskinstance.py:2648} INFO - Exporting env vars: AIRFLOW_CTX_DAG_OWNER='***' AIRFLOW_CTX_DAG_ID='minio_to_db_sync' AIRFLOW_CTX_TASK_ID='sync_macro_economy' AIRFLOW_CTX_EXECUTION_DATE='2026-03-24T03:00:00+00:00' AIRFLOW_CTX_TRY_NUMBER='1' AIRFLOW_CTX_DAG_RUN_ID='scheduled__2026-03-24T03:00:00+00:00'
[2026-03-25T13:40:16.123+0000] {taskinstance.py:430} INFO - ::endgroup::
[2026-03-25T13:40:16.143+0000] {logging_mixin.py:188} INFO - ======================================================================
[2026-03-25T13:40:16.149+0000] {logging_mixin.py:188} INFO - 📊 SYNC MACRO ECONOMY TO DATABASE
[2026-03-25T13:40:16.152+0000] {logging_mixin.py:188} INFO - ======================================================================
[2026-03-25T13:40:16.160+0000] {logging_mixin.py:188} INFO - 
--- Processing XAU ---
[2026-03-25T13:40:16.206+0000] {base.py:84} INFO - Using connection ID 'minio_finance' for task execution.
[2026-03-25T13:40:16.210+0000] {connection_wrapper.py:384} INFO - AWS Connection (conn_id='minio_finance', conn_type='aws') credentials retrieved from login and password.
[2026-03-25T13:40:29.326+0000] {logging_mixin.py:188} INFO - 📂 Scanning 36 objects in thongtin-congty-va-bctc/macro_economy/xau/
[2026-03-25T13:40:29.328+0000] {logging_mixin.py:188} INFO - 📅 Found 36 valid date partition(s): ['2026-01-13', '2026-01-15', '2026-01-16', '2026-01-17', '2026-01-19', '2026-01-21', '2026-01-23', '2026-01-24', '2026-01-26', '2026-01-27', '2026-01-28', '2026-01-30', '2026-02-02', '2026-02-03', '2026-02-04', '2026-02-06', '2026-02-07', '2026-02-11', '2026-02-17', '2026-02-21', '2026-02-25', '2026-02-26', '2026-02-27', '2026-02-28', '2026-03-01', '2026-03-02', '2026-03-03', '2026-03-06', '2026-03-07', '2026-03-09', '2026-03-10', '2026-03-11', '2026-03-18', '2026-03-20', '2026-03-21', '2026-03-23']
[2026-03-25T13:40:29.329+0000] {logging_mixin.py:188} INFO - ✅ Latest partition selected: macro_economy/xau/2026-03-23/
[2026-03-25T13:40:29.339+0000] {base.py:84} INFO - Using connection ID 'minio_finance' for task execution.
[2026-03-25T13:40:29.339+0000] {connection_wrapper.py:384} INFO - AWS Connection (conn_id='minio_finance', conn_type='aws') credentials retrieved from login and password.
[2026-03-25T13:40:29.674+0000] {base.py:84} INFO - Using connection ID 'minio_finance' for task execution.
[2026-03-25T13:40:29.675+0000] {connection_wrapper.py:384} INFO - AWS Connection (conn_id='minio_finance', conn_type='aws') credentials retrieved from login and password.
[2026-03-25T13:40:29.820+0000] {logging_mixin.py:188} INFO - ✓ Read 2 rows from macro_economy/xau/2026-03-23/data.csv
[2026-03-25T13:40:29.822+0000] {logging_mixin.py:188} INFO - 
--- Processing OIL ---
[2026-03-25T13:40:29.830+0000] {base.py:84} INFO - Using connection ID 'minio_finance' for task execution.
[2026-03-25T13:40:29.831+0000] {connection_wrapper.py:384} INFO - AWS Connection (conn_id='minio_finance', conn_type='aws') credentials retrieved from login and password.
[2026-03-25T13:40:39.525+0000] {logging_mixin.py:188} INFO - 📂 Scanning 37 objects in thongtin-congty-va-bctc/macro_economy/oil/
[2026-03-25T13:40:39.526+0000] {logging_mixin.py:188} INFO - 📅 Found 37 valid date partition(s): ['2026-01-13', '2026-01-15', '2026-01-16', '2026-01-17', '2026-01-19', '2026-01-21', '2026-01-23', '2026-01-24', '2026-01-26', '2026-01-27', '2026-01-28', '2026-01-30', '2026-02-02', '2026-02-03', '2026-02-04', '2026-02-06', '2026-02-07', '2026-02-11', '2026-02-17', '2026-02-21', '2026-02-25', '2026-02-26', '2026-02-27', '2026-02-28', '2026-03-01', '2026-03-02', '2026-03-03', '2026-03-06', '2026-03-07', '2026-03-09', '2026-03-10', '2026-03-11', '2026-03-18', '2026-03-20', '2026-03-21', '2026-03-23', '2026-03-24']
[2026-03-25T13:40:39.526+0000] {logging_mixin.py:188} INFO - ✅ Latest partition selected: macro_economy/oil/2026-03-24/
[2026-03-25T13:40:39.538+0000] {base.py:84} INFO - Using connection ID 'minio_finance' for task execution.
[2026-03-25T13:40:39.540+0000] {connection_wrapper.py:384} INFO - AWS Connection (conn_id='minio_finance', conn_type='aws') credentials retrieved from login and password.
[2026-03-25T13:40:39.957+0000] {base.py:84} INFO - Using connection ID 'minio_finance' for task execution.
[2026-03-25T13:40:39.959+0000] {connection_wrapper.py:384} INFO - AWS Connection (conn_id='minio_finance', conn_type='aws') credentials retrieved from login and password.
[2026-03-25T13:40:40.392+0000] {logging_mixin.py:188} INFO - ✓ Read 2 rows from macro_economy/oil/2026-03-24/data.csv
[2026-03-25T13:40:40.402+0000] {logging_mixin.py:188} INFO - 
--- Processing DJI ---
[2026-03-25T13:40:40.418+0000] {base.py:84} INFO - Using connection ID 'minio_finance' for task execution.
[2026-03-25T13:40:40.419+0000] {connection_wrapper.py:384} INFO - AWS Connection (conn_id='minio_finance', conn_type='aws') credentials retrieved from login and password.
[2026-03-25T13:40:45.449+0000] {logging_mixin.py:188} INFO - 📂 Scanning 35 objects in thongtin-congty-va-bctc/macro_economy/dowjone/
[2026-03-25T13:40:45.450+0000] {logging_mixin.py:188} INFO - 📅 Found 35 valid date partition(s): ['2026-01-13', '2026-01-15', '2026-01-16', '2026-01-17', '2026-01-21', '2026-01-23', '2026-01-24', '2026-01-26', '2026-01-27', '2026-01-28', '2026-01-30', '2026-02-02', '2026-02-03', '2026-02-04', '2026-02-06', '2026-02-07', '2026-02-11', '2026-02-17', '2026-02-21', '2026-02-25', '2026-02-26', '2026-02-27', '2026-02-28', '2026-03-02', '2026-03-03', '2026-03-06', '2026-03-07', '2026-03-09', '2026-03-10', '2026-03-11', '2026-03-18', '2026-03-20', '2026-03-21', '2026-03-23', '2026-03-24']
[2026-03-25T13:40:45.450+0000] {logging_mixin.py:188} INFO - ✅ Latest partition selected: macro_economy/dowjone/2026-03-24/
[2026-03-25T13:40:45.457+0000] {base.py:84} INFO - Using connection ID 'minio_finance' for task execution.
[2026-03-25T13:40:45.458+0000] {connection_wrapper.py:384} INFO - AWS Connection (conn_id='minio_finance', conn_type='aws') credentials retrieved from login and password.
[2026-03-25T13:40:45.699+0000] {base.py:84} INFO - Using connection ID 'minio_finance' for task execution.
[2026-03-25T13:40:45.700+0000] {connection_wrapper.py:384} INFO - AWS Connection (conn_id='minio_finance', conn_type='aws') credentials retrieved from login and password.
[2026-03-25T13:40:45.871+0000] {logging_mixin.py:188} INFO - ✓ Read 1 rows from macro_economy/dowjone/2026-03-24/data.csv
[2026-03-25T13:40:45.874+0000] {logging_mixin.py:188} INFO - 
Total loaded: 5 rows
[2026-03-25T13:40:45.874+0000] {logging_mixin.py:188} INFO - 
Cleaning and transforming data...
[2026-03-25T13:40:45.907+0000] {logging_mixin.py:188} INFO - After cleaning: 5 rows
[2026-03-25T13:40:45.908+0000] {logging_mixin.py:188} INFO - 
Inserting into database...
[2026-03-25T13:40:45.980+0000] {logging_mixin.py:188} INFO - ✓ Schema hethong_phantich_chungkhoan ensured
[2026-03-25T13:40:46.002+0000] {logging_mixin.py:188} INFO - ✅ Inserted 5 rows
[2026-03-25T13:40:46.003+0000] {python.py:237} INFO - Done. Returned value was: ✅ Success: 5 rows
[2026-03-25T13:40:46.004+0000] {taskinstance.py:441} INFO - ::group::Post task execution logs
[2026-03-25T13:40:46.048+0000] {taskinstance.py:1206} INFO - Marking task as SUCCESS. dag_id=minio_to_db_sync, task_id=sync_macro_economy, run_id=scheduled__2026-03-24T03:00:00+00:00, execution_date=20260324T030000, start_date=20260325T134015, end_date=20260325T134046
[2026-03-25T13:40:46.151+0000] {local_task_job_runner.py:243} INFO - Task exited with return code 0
[2026-03-25T13:40:46.243+0000] {taskinstance.py:3503} INFO - 0 downstream tasks scheduled from follow-on schedule check
[2026-03-25T13:40:46.253+0000] {local_task_job_runner.py:222} INFO - ::endgroup::
