[2026-04-30T16:03:33.582+0000] {local_task_job_runner.py:120} INFO - ::group::Pre task execution logs
[2026-04-30T16:03:33.663+0000] {taskinstance.py:2076} INFO - Dependencies all met for dep_context=non-requeueable deps ti=<TaskInstance: daily_price.ingest_daily_price scheduled__2026-04-29T16:00:00+00:00 map_index=102 [queued]>
[2026-04-30T16:03:33.710+0000] {taskinstance.py:2076} INFO - Dependencies all met for dep_context=requeueable deps ti=<TaskInstance: daily_price.ingest_daily_price scheduled__2026-04-29T16:00:00+00:00 map_index=102 [queued]>
[2026-04-30T16:03:33.711+0000] {taskinstance.py:2306} INFO - Starting attempt 1 of 2
[2026-04-30T16:03:33.738+0000] {taskinstance.py:2330} INFO - Executing <Mapped(DfToCsvOperator): ingest_daily_price> on 2026-04-29 16:00:00+00:00
[2026-04-30T16:03:33.769+0000] {warnings.py:112} WARNING - This process (pid=3399) is multi-threaded, use of fork() may lead to deadlocks in the child.

[2026-04-30T16:03:33.781+0000] {standard_task_runner.py:64} INFO - Started process 3440 to run task
[2026-04-30T16:03:33.784+0000] {standard_task_runner.py:90} INFO - Running: ['***', 'tasks', 'run', 'daily_price', 'ingest_daily_price', 'scheduled__2026-04-29T16:00:00+00:00', '--job-id', '46703', '--raw', '--subdir', 'DAGS_FOLDER/dl_dailly_price.py', '--cfg-path', '/tmp/tmpyr10ev9a', '--map-index', '102']
[2026-04-30T16:03:33.791+0000] {standard_task_runner.py:91} INFO - Job 46703: Subtask ingest_daily_price
[2026-04-30T16:03:33.882+0000] {task_command.py:426} INFO - Running <TaskInstance: daily_price.ingest_daily_price scheduled__2026-04-29T16:00:00+00:00 map_index=102 [running]> on host bfbf563e772e
[2026-04-30T16:03:34.629+0000] {taskinstance.py:2648} INFO - Exporting env vars: AIRFLOW_CTX_DAG_OWNER='***' AIRFLOW_CTX_DAG_ID='daily_price' AIRFLOW_CTX_TASK_ID='ingest_daily_price' AIRFLOW_CTX_EXECUTION_DATE='2026-04-29T16:00:00+00:00' AIRFLOW_CTX_TRY_NUMBER='1' AIRFLOW_CTX_DAG_RUN_ID='scheduled__2026-04-29T16:00:00+00:00'
[2026-04-30T16:03:34.630+0000] {taskinstance.py:430} INFO - ::endgroup::
[2026-04-30T16:03:34.631+0000] {datalake_df2csv.py:40} INFO - ================================================================================
[2026-04-30T16:03:34.631+0000] {datalake_df2csv.py:41} INFO - 🚀 BẮT ĐẦU TASK: ingest_daily_price
[2026-04-30T16:03:34.632+0000] {datalake_df2csv.py:42} INFO - ================================================================================
[2026-04-30T16:03:34.632+0000] {datalake_df2csv.py:43} INFO - 📋 Thông tin cấu hình:
[2026-04-30T16:03:34.633+0000] {datalake_df2csv.py:44} INFO -   - Logic file: history_price
[2026-04-30T16:03:34.633+0000] {datalake_df2csv.py:45} INFO -   - DataFrame name: get_history_price_batch
[2026-04-30T16:03:34.633+0000] {datalake_df2csv.py:46} INFO -   - Bucket: thongtin-congty-va-bctc
[2026-04-30T16:03:34.634+0000] {datalake_df2csv.py:47} INFO -   - Object path: daily_price/2026-04-29/batch_102.csv
[2026-04-30T16:03:34.634+0000] {datalake_df2csv.py:48} INFO -   - Connection ID: minio_finance
[2026-04-30T16:03:34.635+0000] {datalake_df2csv.py:49} INFO -   - Tham số truyền vào: {'symbols': ['VNP', 'TNG', 'FCC', 'BSR', 'CLC'], 'start_date': '2026-04-29', 'end_date': '2026-04-30'}
[2026-04-30T16:03:34.635+0000] {datalake_df2csv.py:50} INFO - --------------------------------------------------------------------------------
[2026-04-30T16:03:34.636+0000] {datalake_df2csv.py:54} INFO - 📥 Bước 1: Đang load dữ liệu từ logic file...
[2026-04-30T16:03:34.639+0000] {datalake_df2csv.py:148} INFO -   - Logic directory: /opt/airflow/plugins/logic
[2026-04-30T16:03:34.640+0000] {datalake_df2csv.py:149} INFO -   - Module path: /opt/airflow/plugins/logic/history_price.py
[2026-04-30T16:03:34.641+0000] {datalake_df2csv.py:153} INFO -   - Đã thêm logic directory vào sys.path
[2026-04-30T16:03:34.642+0000] {datalake_df2csv.py:159} INFO -   - Đang load module 'history_price'...
[2026-04-30T16:03:34.649+0000] {datalake_df2csv.py:163} INFO -   - ✅ Module loaded thành công
[2026-04-30T16:03:34.649+0000] {datalake_df2csv.py:165} INFO -   - Đang tìm DataFrame/function: 'get_history_price_batch'...
[2026-04-30T16:03:34.650+0000] {datalake_df2csv.py:170} INFO -   - ✅ Tìm thấy object: function
[2026-04-30T16:03:34.651+0000] {datalake_df2csv.py:173} INFO -   - Đang gọi function với tham số: {'symbols': ['VNP', 'TNG', 'FCC', 'BSR', 'CLC'], 'start_date': '2026-04-29', 'end_date': '2026-04-30'}
[2026-04-30T16:03:42.662+0000] {datalake_df2csv.py:68} INFO - ✅ Load dữ liệu thành công!
[2026-04-30T16:03:42.664+0000] {datalake_df2csv.py:69} INFO - 📊 Thông tin DataFrame:
[2026-04-30T16:03:42.664+0000] {datalake_df2csv.py:70} INFO -   - Số dòng: 20
[2026-04-30T16:03:42.665+0000] {datalake_df2csv.py:71} INFO -   - Số cột: 7
[2026-04-30T16:03:42.666+0000] {datalake_df2csv.py:72} INFO -   - Tên các cột: ['ticker', 'trading_date', 'open', 'high', 'low', 'close', 'volume']
[2026-04-30T16:03:42.667+0000] {datalake_df2csv.py:73} INFO -   - Kiểu dữ liệu: {'ticker': 'object', 'trading_date': 'object', 'open': 'float64', 'high': 'float64', 'low': 'float64', 'close': 'float64', 'volume': 'int64'}
[2026-04-30T16:03:42.672+0000] {datalake_df2csv.py:74} INFO -   - Bộ nhớ sử dụng: 0.00 MB
[2026-04-30T16:03:42.678+0000] {datalake_df2csv.py:83} INFO -   - Không có giá trị NULL
[2026-04-30T16:03:42.679+0000] {datalake_df2csv.py:86} INFO -   - Mẫu dữ liệu (5 dòng đầu):
[2026-04-30T16:03:42.685+0000] {datalake_df2csv.py:88} INFO -     Row 0: {'ticker': 'VNP', 'trading_date': '2026-04-23', 'open': 19.6, 'high': 19.6, 'low': 18.9, 'close': 18.9, 'volume': 68700}
[2026-04-30T16:03:42.686+0000] {datalake_df2csv.py:88} INFO -     Row 1: {'ticker': 'VNP', 'trading_date': '2026-04-24', 'open': 19.3, 'high': 21.5, 'low': 19.3, 'close': 20.0, 'volume': 38400}
[2026-04-30T16:03:42.687+0000] {datalake_df2csv.py:88} INFO -     Row 2: {'ticker': 'VNP', 'trading_date': '2026-04-28', 'open': 20.1, 'high': 20.1, 'low': 19.2, 'close': 19.2, 'volume': 12100}
[2026-04-30T16:03:42.687+0000] {datalake_df2csv.py:88} INFO -     Row 3: {'ticker': 'VNP', 'trading_date': '2026-04-29', 'open': 19.2, 'high': 19.8, 'low': 19.0, 'close': 19.6, 'volume': 29300}
[2026-04-30T16:03:42.688+0000] {datalake_df2csv.py:88} INFO -     Row 4: {'ticker': 'TNG', 'trading_date': '2026-04-23', 'open': 22.1, 'high': 22.1, 'low': 21.2, 'close': 21.5, 'volume': 2081200}
[2026-04-30T16:03:42.688+0000] {datalake_df2csv.py:90} INFO - --------------------------------------------------------------------------------
[2026-04-30T16:03:42.688+0000] {datalake_df2csv.py:93} INFO - 📝 Bước 2: Đang chuyển đổi DataFrame sang CSV...
[2026-04-30T16:03:42.714+0000] {datalake_df2csv.py:97} INFO - ✅ Chuyển đổi CSV thành công!
[2026-04-30T16:03:42.724+0000] {datalake_df2csv.py:98} INFO -   - Kích thước file: 0.00 MB
[2026-04-30T16:03:42.724+0000] {datalake_df2csv.py:99} INFO -   - Thời gian chuyển đổi: 0.03 giây
[2026-04-30T16:03:42.725+0000] {datalake_df2csv.py:100} INFO - --------------------------------------------------------------------------------
[2026-04-30T16:03:42.726+0000] {datalake_df2csv.py:103} INFO - ☁️  Bước 3: Đang upload lên MinIO/S3...
[2026-04-30T16:03:46.611+0000] {base.py:84} INFO - Using connection ID 'minio_finance' for task execution.
[2026-04-30T16:03:46.613+0000] {connection_wrapper.py:384} INFO - AWS Connection (conn_id='minio_finance', conn_type='aws') credentials retrieved from login and password.
[2026-04-30T16:03:47.868+0000] {datalake_df2csv.py:112} INFO -   - Bucket 'thongtin-congty-va-bctc' đã tồn tại
[2026-04-30T16:03:47.932+0000] {datalake_df2csv.py:117} INFO - ✅ Upload thành công!
[2026-04-30T16:03:47.933+0000] {datalake_df2csv.py:118} INFO -   - Đường dẫn: s3://thongtin-congty-va-bctc/daily_price/2026-04-29/batch_102.csv
[2026-04-30T16:03:47.934+0000] {datalake_df2csv.py:119} INFO -   - Số dòng: 20
[2026-04-30T16:03:47.935+0000] {datalake_df2csv.py:120} INFO -   - Thời gian upload: 5.21 giây
[2026-04-30T16:03:47.937+0000] {datalake_df2csv.py:121} INFO - --------------------------------------------------------------------------------
[2026-04-30T16:03:47.937+0000] {datalake_df2csv.py:125} INFO - 📈 TỔNG KẾT:
[2026-04-30T16:03:47.938+0000] {datalake_df2csv.py:126} INFO -   - Tổng thời gian thực thi: 13.31 giây
[2026-04-30T16:03:47.939+0000] {datalake_df2csv.py:127} INFO -   - Tốc độ xử lý: 2 dòng/giây
[2026-04-30T16:03:47.939+0000] {datalake_df2csv.py:128} INFO - ================================================================================
[2026-04-30T16:03:47.940+0000] {datalake_df2csv.py:129} INFO - ✅ HOÀN THÀNH TASK: ingest_daily_price
[2026-04-30T16:03:47.941+0000] {datalake_df2csv.py:130} INFO - ================================================================================
[2026-04-30T16:03:47.943+0000] {taskinstance.py:441} INFO - ::group::Post task execution logs
[2026-04-30T16:03:47.958+0000] {taskinstance.py:1206} INFO - Marking task as SUCCESS. dag_id=daily_price, task_id=ingest_daily_price, run_id=scheduled__2026-04-29T16:00:00+00:00, map_index=102, execution_date=20260429T160000, start_date=20260430T160333, end_date=20260430T160347
[2026-04-30T16:03:48.067+0000] {local_task_job_runner.py:243} INFO - Task exited with return code 0
[2026-04-30T16:03:48.111+0000] {taskinstance.py:3503} INFO - 0 downstream tasks scheduled from follow-on schedule check
[2026-04-30T16:03:48.115+0000] {local_task_job_runner.py:222} INFO - ::endgroup::
