[2026-01-22T14:32:29.053+0000] {local_task_job_runner.py:120} INFO - ::group::Pre task execution logs
[2026-01-22T14:32:29.135+0000] {taskinstance.py:2076} INFO - Dependencies all met for dep_context=non-requeueable deps ti=<TaskInstance: financial_ratios_etl.ingest_financial_ratios manual__2026-01-19T13:56:35+00:00 map_index=410 [queued]>
[2026-01-22T14:32:29.190+0000] {taskinstance.py:2076} INFO - Dependencies all met for dep_context=requeueable deps ti=<TaskInstance: financial_ratios_etl.ingest_financial_ratios manual__2026-01-19T13:56:35+00:00 map_index=410 [queued]>
[2026-01-22T14:32:29.191+0000] {taskinstance.py:2306} INFO - Starting attempt 1 of 2
[2026-01-22T14:32:29.418+0000] {taskinstance.py:2330} INFO - Executing <Mapped(DfToCsvOperator): ingest_financial_ratios> on 2026-01-19 13:56:35+00:00
[2026-01-22T14:32:29.433+0000] {warnings.py:112} WARNING - This process (pid=9329) is multi-threaded, use of fork() may lead to deadlocks in the child.

[2026-01-22T14:32:29.435+0000] {standard_task_runner.py:64} INFO - Started process 9401 to run task
[2026-01-22T14:32:29.438+0000] {standard_task_runner.py:90} INFO - Running: ['***', 'tasks', 'run', 'financial_ratios_etl', 'ingest_financial_ratios', 'manual__2026-01-19T13:56:35+00:00', '--job-id', '4567', '--raw', '--subdir', 'DAGS_FOLDER/financial_ratios_etl.py', '--cfg-path', '/tmp/tmpas5cgdix', '--map-index', '410']
[2026-01-22T14:32:29.442+0000] {standard_task_runner.py:91} INFO - Job 4567: Subtask ingest_financial_ratios
[2026-01-22T14:32:29.511+0000] {task_command.py:426} INFO - Running <TaskInstance: financial_ratios_etl.ingest_financial_ratios manual__2026-01-19T13:56:35+00:00 map_index=410 [running]> on host 4da96d4d1b09
[2026-01-22T14:32:29.665+0000] {taskinstance.py:2648} INFO - Exporting env vars: AIRFLOW_CTX_DAG_OWNER='***' AIRFLOW_CTX_DAG_ID='financial_ratios_etl' AIRFLOW_CTX_TASK_ID='ingest_financial_ratios' AIRFLOW_CTX_EXECUTION_DATE='2026-01-19T13:56:35+00:00' AIRFLOW_CTX_TRY_NUMBER='1' AIRFLOW_CTX_DAG_RUN_ID='manual__2026-01-19T13:56:35+00:00'
[2026-01-22T14:32:29.666+0000] {taskinstance.py:430} INFO - ::endgroup::
[2026-01-22T14:32:29.676+0000] {logging_mixin.py:188} INFO - [RATIO] Bắt đầu xử lý batch 2 mã: ['NAP', 'NAG']
[2026-01-22T14:32:29.677+0000] {logging_mixin.py:188} INFO - [RATIO] Kỳ dữ liệu: quarter
[2026-01-22T14:32:29.678+0000] {logging_mixin.py:188} INFO -  >> [RATIO] Đang lấy dữ liệu: NAP
[2026-01-22T14:32:30.672+0000] {logging_mixin.py:188} INFO -  ✓ [RATIO] NAP: 41 rows
[2026-01-22T14:32:32.674+0000] {logging_mixin.py:188} INFO -  >> [RATIO] Đang lấy dữ liệu: NAG
[2026-01-22T14:32:33.626+0000] {logging_mixin.py:188} INFO -  ✓ [RATIO] NAG: 51 rows
[2026-01-22T14:32:35.629+0000] {logging_mixin.py:188} INFO -  ✅ [RATIO] Hoàn thành batch. Tổng số dòng: 92
[2026-01-22T14:32:35.676+0000] {base.py:84} INFO - Using connection ID 'minio_finance' for task execution.
[2026-01-22T14:32:35.677+0000] {connection_wrapper.py:384} INFO - AWS Connection (conn_id='minio_finance', conn_type='aws') credentials retrieved from login and password.
[2026-01-22T14:32:37.157+0000] {datalake_df2csv.py:52} INFO - ✅ Đã upload 92 dòng -> s3://thongtin-congty-va-bctc/financial_ratios/2026-01-19/batch_410.csv
[2026-01-22T14:32:37.158+0000] {taskinstance.py:441} INFO - ::group::Post task execution logs
[2026-01-22T14:32:37.175+0000] {taskinstance.py:1206} INFO - Marking task as SUCCESS. dag_id=financial_ratios_etl, task_id=ingest_financial_ratios, run_id=manual__2026-01-19T13:56:35+00:00, map_index=410, execution_date=20260119T135635, start_date=20260122T143229, end_date=20260122T143237
[2026-01-22T14:32:37.257+0000] {local_task_job_runner.py:243} INFO - Task exited with return code 0
[2026-01-22T14:32:37.285+0000] {taskinstance.py:3503} INFO - 0 downstream tasks scheduled from follow-on schedule check
[2026-01-22T14:32:37.291+0000] {local_task_job_runner.py:222} INFO - ::endgroup::
