[2026-04-29T12:58:25.243+0000] {local_task_job_runner.py:120} INFO - ::group::Pre task execution logs
[2026-04-29T12:58:25.274+0000] {taskinstance.py:2076} INFO - Dependencies all met for dep_context=non-requeueable deps ti=<TaskInstance: daily_price.ingest_daily_price scheduled__2026-04-27T16:00:00+00:00 map_index=192 [queued]>
[2026-04-29T12:58:25.295+0000] {taskinstance.py:2076} INFO - Dependencies all met for dep_context=requeueable deps ti=<TaskInstance: daily_price.ingest_daily_price scheduled__2026-04-27T16:00:00+00:00 map_index=192 [queued]>
[2026-04-29T12:58:25.296+0000] {taskinstance.py:2306} INFO - Starting attempt 2 of 2
[2026-04-29T12:58:25.308+0000] {taskinstance.py:2330} INFO - Executing <Mapped(DfToCsvOperator): ingest_daily_price> on 2026-04-27 16:00:00+00:00
[2026-04-29T12:58:25.315+0000] {warnings.py:112} WARNING - This process (pid=3381) is multi-threaded, use of fork() may lead to deadlocks in the child.

[2026-04-29T12:58:25.317+0000] {standard_task_runner.py:64} INFO - Started process 3383 to run task
[2026-04-29T12:58:25.318+0000] {standard_task_runner.py:90} INFO - Running: ['***', 'tasks', 'run', 'daily_price', 'ingest_daily_price', 'scheduled__2026-04-27T16:00:00+00:00', '--job-id', '46179', '--raw', '--subdir', 'DAGS_FOLDER/dl_dailly_price.py', '--cfg-path', '/tmp/tmpmds_ubig', '--map-index', '192']
[2026-04-29T12:58:25.321+0000] {standard_task_runner.py:91} INFO - Job 46179: Subtask ingest_daily_price
[2026-04-29T12:58:25.367+0000] {task_command.py:426} INFO - Running <TaskInstance: daily_price.ingest_daily_price scheduled__2026-04-27T16:00:00+00:00 map_index=192 [running]> on host e6b8a6339933
[2026-04-29T12:58:25.669+0000] {taskinstance.py:2648} INFO - Exporting env vars: AIRFLOW_CTX_DAG_OWNER='***' AIRFLOW_CTX_DAG_ID='daily_price' AIRFLOW_CTX_TASK_ID='ingest_daily_price' AIRFLOW_CTX_EXECUTION_DATE='2026-04-27T16:00:00+00:00' AIRFLOW_CTX_TRY_NUMBER='2' AIRFLOW_CTX_DAG_RUN_ID='scheduled__2026-04-27T16:00:00+00:00'
[2026-04-29T12:58:25.670+0000] {taskinstance.py:430} INFO - ::endgroup::
[2026-04-29T12:58:25.670+0000] {datalake_df2csv.py:40} INFO - ================================================================================
[2026-04-29T12:58:25.671+0000] {datalake_df2csv.py:41} INFO - 🚀 BẮT ĐẦU TASK: ingest_daily_price
[2026-04-29T12:58:25.671+0000] {datalake_df2csv.py:42} INFO - ================================================================================
[2026-04-29T12:58:25.671+0000] {datalake_df2csv.py:43} INFO - 📋 Thông tin cấu hình:
[2026-04-29T12:58:25.671+0000] {datalake_df2csv.py:44} INFO -   - Logic file: history_price
[2026-04-29T12:58:25.672+0000] {datalake_df2csv.py:45} INFO -   - DataFrame name: get_history_price_batch
[2026-04-29T12:58:25.672+0000] {datalake_df2csv.py:46} INFO -   - Bucket: thongtin-congty-va-bctc
[2026-04-29T12:58:25.672+0000] {datalake_df2csv.py:47} INFO -   - Object path: daily_price/2026-04-27/batch_192.csv
[2026-04-29T12:58:25.672+0000] {datalake_df2csv.py:48} INFO -   - Connection ID: minio_finance
[2026-04-29T12:58:25.672+0000] {datalake_df2csv.py:49} INFO -   - Tham số truyền vào: {'symbols': ['VTR', 'VIF', 'SCC', 'DBC', 'CMS'], 'start_date': '2026-04-27', 'end_date': '2026-04-28'}
[2026-04-29T12:58:25.673+0000] {datalake_df2csv.py:50} INFO - --------------------------------------------------------------------------------
[2026-04-29T12:58:25.673+0000] {datalake_df2csv.py:54} INFO - 📥 Bước 1: Đang load dữ liệu từ logic file...
[2026-04-29T12:58:25.675+0000] {datalake_df2csv.py:148} INFO -   - Logic directory: /opt/airflow/plugins/logic
[2026-04-29T12:58:25.676+0000] {datalake_df2csv.py:149} INFO -   - Module path: /opt/airflow/plugins/logic/history_price.py
[2026-04-29T12:58:25.676+0000] {datalake_df2csv.py:153} INFO -   - Đã thêm logic directory vào sys.path
[2026-04-29T12:58:25.677+0000] {datalake_df2csv.py:159} INFO -   - Đang load module 'history_price'...
[2026-04-29T12:58:25.680+0000] {datalake_df2csv.py:163} INFO -   - ✅ Module loaded thành công
[2026-04-29T12:58:25.680+0000] {datalake_df2csv.py:165} INFO -   - Đang tìm DataFrame/function: 'get_history_price_batch'...
[2026-04-29T12:58:25.680+0000] {datalake_df2csv.py:170} INFO -   - ✅ Tìm thấy object: function
[2026-04-29T12:58:25.680+0000] {datalake_df2csv.py:173} INFO -   - Đang gọi function với tham số: {'symbols': ['VTR', 'VIF', 'SCC', 'DBC', 'CMS'], 'start_date': '2026-04-27', 'end_date': '2026-04-28'}
[2026-04-29T12:58:29.883+0000] {datalake_df2csv.py:68} INFO - ✅ Load dữ liệu thành công!
[2026-04-29T12:58:29.884+0000] {datalake_df2csv.py:69} INFO - 📊 Thông tin DataFrame:
[2026-04-29T12:58:29.884+0000] {datalake_df2csv.py:70} INFO -   - Số dòng: 20
[2026-04-29T12:58:29.885+0000] {datalake_df2csv.py:71} INFO -   - Số cột: 7
[2026-04-29T12:58:29.885+0000] {datalake_df2csv.py:72} INFO -   - Tên các cột: ['ticker', 'trading_date', 'open', 'high', 'low', 'close', 'volume']
[2026-04-29T12:58:29.886+0000] {datalake_df2csv.py:73} INFO -   - Kiểu dữ liệu: {'ticker': 'object', 'trading_date': 'object', 'open': 'float64', 'high': 'float64', 'low': 'float64', 'close': 'float64', 'volume': 'int64'}
[2026-04-29T12:58:29.888+0000] {datalake_df2csv.py:74} INFO -   - Bộ nhớ sử dụng: 0.00 MB
[2026-04-29T12:58:29.889+0000] {datalake_df2csv.py:83} INFO -   - Không có giá trị NULL
[2026-04-29T12:58:29.889+0000] {datalake_df2csv.py:86} INFO -   - Mẫu dữ liệu (5 dòng đầu):
[2026-04-29T12:58:29.889+0000] {datalake_df2csv.py:88} INFO -     Row 0: {'ticker': 'VTR', 'trading_date': '2026-04-23', 'open': 10.8, 'high': 10.8, 'low': 10.4, 'close': 10.7, 'volume': 31300}
[2026-04-29T12:58:29.890+0000] {datalake_df2csv.py:88} INFO -     Row 1: {'ticker': 'VTR', 'trading_date': '2026-04-24', 'open': 10.6, 'high': 10.7, 'low': 10.5, 'close': 10.7, 'volume': 3400}
[2026-04-29T12:58:29.891+0000] {datalake_df2csv.py:88} INFO -     Row 2: {'ticker': 'VTR', 'trading_date': '2026-04-28', 'open': 10.7, 'high': 10.9, 'low': 10.4, 'close': 10.6, 'volume': 21200}
[2026-04-29T12:58:29.891+0000] {datalake_df2csv.py:88} INFO -     Row 3: {'ticker': 'VTR', 'trading_date': '2026-04-29', 'open': 10.6, 'high': 10.7, 'low': 10.4, 'close': 10.7, 'volume': 12000}
[2026-04-29T12:58:29.891+0000] {datalake_df2csv.py:88} INFO -     Row 4: {'ticker': 'VIF', 'trading_date': '2026-04-23', 'open': 15.5, 'high': 15.5, 'low': 15.5, 'close': 15.5, 'volume': 500}
[2026-04-29T12:58:29.892+0000] {datalake_df2csv.py:90} INFO - --------------------------------------------------------------------------------
[2026-04-29T12:58:29.892+0000] {datalake_df2csv.py:93} INFO - 📝 Bước 2: Đang chuyển đổi DataFrame sang CSV...
[2026-04-29T12:58:29.895+0000] {datalake_df2csv.py:97} INFO - ✅ Chuyển đổi CSV thành công!
[2026-04-29T12:58:29.895+0000] {datalake_df2csv.py:98} INFO -   - Kích thước file: 0.00 MB
[2026-04-29T12:58:29.895+0000] {datalake_df2csv.py:99} INFO -   - Thời gian chuyển đổi: 0.00 giây
[2026-04-29T12:58:29.895+0000] {datalake_df2csv.py:100} INFO - --------------------------------------------------------------------------------
[2026-04-29T12:58:29.896+0000] {datalake_df2csv.py:103} INFO - ☁️  Bước 3: Đang upload lên MinIO/S3...
[2026-04-29T12:58:29.904+0000] {base.py:84} INFO - Using connection ID 'minio_finance' for task execution.
[2026-04-29T12:58:29.904+0000] {connection_wrapper.py:384} INFO - AWS Connection (conn_id='minio_finance', conn_type='aws') credentials retrieved from login and password.
[2026-04-29T12:58:30.236+0000] {datalake_df2csv.py:112} INFO -   - Bucket 'thongtin-congty-va-bctc' đã tồn tại
[2026-04-29T12:58:30.265+0000] {datalake_df2csv.py:117} INFO - ✅ Upload thành công!
[2026-04-29T12:58:30.266+0000] {datalake_df2csv.py:118} INFO -   - Đường dẫn: s3://thongtin-congty-va-bctc/daily_price/2026-04-27/batch_192.csv
[2026-04-29T12:58:30.266+0000] {datalake_df2csv.py:119} INFO -   - Số dòng: 20
[2026-04-29T12:58:30.267+0000] {datalake_df2csv.py:120} INFO -   - Thời gian upload: 0.37 giây
[2026-04-29T12:58:30.267+0000] {datalake_df2csv.py:121} INFO - --------------------------------------------------------------------------------
[2026-04-29T12:58:30.268+0000] {datalake_df2csv.py:125} INFO - 📈 TỔNG KẾT:
[2026-04-29T12:58:30.268+0000] {datalake_df2csv.py:126} INFO -   - Tổng thời gian thực thi: 4.60 giây
[2026-04-29T12:58:30.268+0000] {datalake_df2csv.py:127} INFO -   - Tốc độ xử lý: 4 dòng/giây
[2026-04-29T12:58:30.269+0000] {datalake_df2csv.py:128} INFO - ================================================================================
[2026-04-29T12:58:30.269+0000] {datalake_df2csv.py:129} INFO - ✅ HOÀN THÀNH TASK: ingest_daily_price
[2026-04-29T12:58:30.269+0000] {datalake_df2csv.py:130} INFO - ================================================================================
[2026-04-29T12:58:30.270+0000] {taskinstance.py:441} INFO - ::group::Post task execution logs
[2026-04-29T12:58:30.279+0000] {taskinstance.py:1206} INFO - Marking task as SUCCESS. dag_id=daily_price, task_id=ingest_daily_price, run_id=scheduled__2026-04-27T16:00:00+00:00, map_index=192, execution_date=20260427T160000, start_date=20260429T125825, end_date=20260429T125830
[2026-04-29T12:58:30.309+0000] {local_task_job_runner.py:243} INFO - Task exited with return code 0
[2026-04-29T12:58:30.322+0000] {taskinstance.py:3503} INFO - 0 downstream tasks scheduled from follow-on schedule check
[2026-04-29T12:58:30.324+0000] {local_task_job_runner.py:222} INFO - ::endgroup::
