[2026-04-30T16:00:13.515+0000] {local_task_job_runner.py:120} INFO - ::group::Pre task execution logs
[2026-04-30T16:00:13.575+0000] {taskinstance.py:2076} INFO - Dependencies all met for dep_context=non-requeueable deps ti=<TaskInstance: electric_board_daily.ingest_electric_board scheduled__2026-04-29T16:00:00+00:00 map_index=8 [queued]>
[2026-04-30T16:00:13.595+0000] {taskinstance.py:2076} INFO - Dependencies all met for dep_context=requeueable deps ti=<TaskInstance: electric_board_daily.ingest_electric_board scheduled__2026-04-29T16:00:00+00:00 map_index=8 [queued]>
[2026-04-30T16:00:13.596+0000] {taskinstance.py:2306} INFO - Starting attempt 1 of 3
[2026-04-30T16:00:13.630+0000] {taskinstance.py:2330} INFO - Executing <Mapped(DfToCsvOperator): ingest_electric_board> on 2026-04-29 16:00:00+00:00
[2026-04-30T16:00:13.648+0000] {warnings.py:112} WARNING - This process (pid=2214) is multi-threaded, use of fork() may lead to deadlocks in the child.

[2026-04-30T16:00:13.667+0000] {standard_task_runner.py:64} INFO - Started process 2246 to run task
[2026-04-30T16:00:13.672+0000] {standard_task_runner.py:90} INFO - Running: ['***', 'tasks', 'run', 'electric_board_daily', 'ingest_electric_board', 'scheduled__2026-04-29T16:00:00+00:00', '--job-id', '46570', '--raw', '--subdir', 'DAGS_FOLDER/dl_electric_board.py', '--cfg-path', '/tmp/tmpidcm_py0', '--map-index', '8']
[2026-04-30T16:00:13.681+0000] {standard_task_runner.py:91} INFO - Job 46570: Subtask ingest_electric_board
[2026-04-30T16:00:13.857+0000] {task_command.py:426} INFO - Running <TaskInstance: electric_board_daily.ingest_electric_board scheduled__2026-04-29T16:00:00+00:00 map_index=8 [running]> on host bfbf563e772e
[2026-04-30T16:00:14.426+0000] {taskinstance.py:2648} INFO - Exporting env vars: AIRFLOW_CTX_DAG_OWNER='***' AIRFLOW_CTX_DAG_ID='electric_board_daily' AIRFLOW_CTX_TASK_ID='ingest_electric_board' AIRFLOW_CTX_EXECUTION_DATE='2026-04-29T16:00:00+00:00' AIRFLOW_CTX_TRY_NUMBER='1' AIRFLOW_CTX_DAG_RUN_ID='scheduled__2026-04-29T16:00:00+00:00'
[2026-04-30T16:00:14.442+0000] {taskinstance.py:430} INFO - ::endgroup::
[2026-04-30T16:00:14.450+0000] {datalake_df2csv.py:40} INFO - ================================================================================
[2026-04-30T16:00:14.452+0000] {datalake_df2csv.py:41} INFO - 🚀 BẮT ĐẦU TASK: ingest_electric_board
[2026-04-30T16:00:14.452+0000] {datalake_df2csv.py:42} INFO - ================================================================================
[2026-04-30T16:00:14.453+0000] {datalake_df2csv.py:43} INFO - 📋 Thông tin cấu hình:
[2026-04-30T16:00:14.468+0000] {datalake_df2csv.py:44} INFO -   - Logic file: electric_board
[2026-04-30T16:00:14.470+0000] {datalake_df2csv.py:45} INFO -   - DataFrame name: get_price_board_batch
[2026-04-30T16:00:14.471+0000] {datalake_df2csv.py:46} INFO -   - Bucket: thongtin-congty-va-bctc
[2026-04-30T16:00:14.471+0000] {datalake_df2csv.py:47} INFO -   - Object path: electric_board_per_day/2026-04-29/batch_8.csv
[2026-04-30T16:00:14.472+0000] {datalake_df2csv.py:48} INFO -   - Connection ID: minio_finance
[2026-04-30T16:00:14.472+0000] {datalake_df2csv.py:49} INFO -   - Tham số truyền vào: {'symbols': ['TNB', 'DBM', 'AGM', 'VID', 'KHW', 'DTT', 'TAL', 'TCH', 'PVH', 'PVT', 'PJS', 'BPC', 'UNI', 'ART', 'UXC', 'RTB', 'QCC', 'GDA', 'FHN', 'HOM', 'VTG', 'TCW', 'PRO', 'PBP', 'D2D', 'G36', 'LNC', 'TIN', 'HVA', 'SJS', 'TBD', 'AGR', 'DPR', 'HII', 'DSG', 'ICF', 'IDV', 'DPM', 'ASP', 'IDJ', 'SHI', 'SZG', 'TMP', 'HU6', 'PBC', 'TTS', 'LEC', 'CNA', 'DC4', 'SFC'], 'trading_date': '2026-04-29'}
[2026-04-30T16:00:14.473+0000] {datalake_df2csv.py:50} INFO - --------------------------------------------------------------------------------
[2026-04-30T16:00:14.473+0000] {datalake_df2csv.py:54} INFO - 📥 Bước 1: Đang load dữ liệu từ logic file...
[2026-04-30T16:00:14.480+0000] {datalake_df2csv.py:148} INFO -   - Logic directory: /opt/airflow/plugins/logic
[2026-04-30T16:00:14.481+0000] {datalake_df2csv.py:149} INFO -   - Module path: /opt/airflow/plugins/logic/electric_board.py
[2026-04-30T16:00:14.482+0000] {datalake_df2csv.py:153} INFO -   - Đã thêm logic directory vào sys.path
[2026-04-30T16:00:14.485+0000] {datalake_df2csv.py:159} INFO -   - Đang load module 'electric_board'...
[2026-04-30T16:00:14.491+0000] {datalake_df2csv.py:163} INFO -   - ✅ Module loaded thành công
[2026-04-30T16:00:14.492+0000] {datalake_df2csv.py:165} INFO -   - Đang tìm DataFrame/function: 'get_price_board_batch'...
[2026-04-30T16:00:14.493+0000] {datalake_df2csv.py:170} INFO -   - ✅ Tìm thấy object: function
[2026-04-30T16:00:14.494+0000] {datalake_df2csv.py:173} INFO -   - Đang gọi function với tham số: {'symbols': ['TNB', 'DBM', 'AGM', 'VID', 'KHW', 'DTT', 'TAL', 'TCH', 'PVH', 'PVT', 'PJS', 'BPC', 'UNI', 'ART', 'UXC', 'RTB', 'QCC', 'GDA', 'FHN', 'HOM', 'VTG', 'TCW', 'PRO', 'PBP', 'D2D', 'G36', 'LNC', 'TIN', 'HVA', 'SJS', 'TBD', 'AGR', 'DPR', 'HII', 'DSG', 'ICF', 'IDV', 'DPM', 'ASP', 'IDJ', 'SHI', 'SZG', 'TMP', 'HU6', 'PBC', 'TTS', 'LEC', 'CNA', 'DC4', 'SFC'], 'trading_date': '2026-04-29'}
[2026-04-30T16:00:14.496+0000] {logging_mixin.py:188} INFO - [ELECTRIC_BOARD] Fetching price board for 50 symbols: ['TNB', 'DBM', 'AGM', 'VID', 'KHW']...
[2026-04-30T16:00:20.910+0000] {logging_mixin.py:188} INFO - [ELECTRIC_BOARD] ✅ Fetched 50 rows, 1 columns
[2026-04-30T16:00:20.911+0000] {datalake_df2csv.py:68} INFO - ✅ Load dữ liệu thành công!
[2026-04-30T16:00:20.913+0000] {datalake_df2csv.py:69} INFO - 📊 Thông tin DataFrame:
[2026-04-30T16:00:20.914+0000] {datalake_df2csv.py:70} INFO -   - Số dòng: 50
[2026-04-30T16:00:20.915+0000] {datalake_df2csv.py:71} INFO -   - Số cột: 1
[2026-04-30T16:00:20.916+0000] {datalake_df2csv.py:72} INFO -   - Tên các cột: ['trading_date']
[2026-04-30T16:00:20.918+0000] {datalake_df2csv.py:73} INFO -   - Kiểu dữ liệu: {'trading_date': 'object'}
[2026-04-30T16:00:20.929+0000] {datalake_df2csv.py:74} INFO -   - Bộ nhớ sử dụng: 0.00 MB
[2026-04-30T16:00:20.934+0000] {datalake_df2csv.py:83} INFO -   - Không có giá trị NULL
[2026-04-30T16:00:20.935+0000] {datalake_df2csv.py:86} INFO -   - Mẫu dữ liệu (5 dòng đầu):
[2026-04-30T16:00:20.939+0000] {datalake_df2csv.py:88} INFO -     Row 0: {'trading_date': '2026-04-29'}
[2026-04-30T16:00:20.941+0000] {datalake_df2csv.py:88} INFO -     Row 1: {'trading_date': '2026-04-29'}
[2026-04-30T16:00:20.949+0000] {datalake_df2csv.py:88} INFO -     Row 2: {'trading_date': '2026-04-29'}
[2026-04-30T16:00:20.950+0000] {datalake_df2csv.py:88} INFO -     Row 3: {'trading_date': '2026-04-29'}
[2026-04-30T16:00:20.951+0000] {datalake_df2csv.py:88} INFO -     Row 4: {'trading_date': '2026-04-29'}
[2026-04-30T16:00:20.952+0000] {datalake_df2csv.py:90} INFO - --------------------------------------------------------------------------------
[2026-04-30T16:00:20.952+0000] {datalake_df2csv.py:93} INFO - 📝 Bước 2: Đang chuyển đổi DataFrame sang CSV...
[2026-04-30T16:00:20.979+0000] {datalake_df2csv.py:97} INFO - ✅ Chuyển đổi CSV thành công!
[2026-04-30T16:00:20.981+0000] {datalake_df2csv.py:98} INFO -   - Kích thước file: 0.00 MB
[2026-04-30T16:00:20.985+0000] {datalake_df2csv.py:99} INFO -   - Thời gian chuyển đổi: 0.03 giây
[2026-04-30T16:00:20.987+0000] {datalake_df2csv.py:100} INFO - --------------------------------------------------------------------------------
[2026-04-30T16:00:20.989+0000] {datalake_df2csv.py:103} INFO - ☁️  Bước 3: Đang upload lên MinIO/S3...
[2026-04-30T16:00:21.020+0000] {base.py:84} INFO - Using connection ID 'minio_finance' for task execution.
[2026-04-30T16:00:21.033+0000] {connection_wrapper.py:384} INFO - AWS Connection (conn_id='minio_finance', conn_type='aws') credentials retrieved from login and password.
[2026-04-30T16:00:52.802+0000] {datalake_df2csv.py:112} INFO -   - Bucket 'thongtin-congty-va-bctc' đã tồn tại
[2026-04-30T16:00:52.927+0000] {datalake_df2csv.py:117} INFO - ✅ Upload thành công!
[2026-04-30T16:00:52.928+0000] {datalake_df2csv.py:118} INFO -   - Đường dẫn: s3://thongtin-congty-va-bctc/electric_board_per_day/2026-04-29/batch_8.csv
[2026-04-30T16:00:52.929+0000] {datalake_df2csv.py:119} INFO -   - Số dòng: 50
[2026-04-30T16:00:52.930+0000] {datalake_df2csv.py:120} INFO -   - Thời gian upload: 31.94 giây
[2026-04-30T16:00:52.931+0000] {datalake_df2csv.py:121} INFO - --------------------------------------------------------------------------------
[2026-04-30T16:00:52.931+0000] {datalake_df2csv.py:125} INFO - 📈 TỔNG KẾT:
[2026-04-30T16:00:52.933+0000] {datalake_df2csv.py:126} INFO -   - Tổng thời gian thực thi: 38.48 giây
[2026-04-30T16:00:52.939+0000] {datalake_df2csv.py:127} INFO -   - Tốc độ xử lý: 1 dòng/giây
[2026-04-30T16:00:52.941+0000] {datalake_df2csv.py:128} INFO - ================================================================================
[2026-04-30T16:00:52.942+0000] {datalake_df2csv.py:129} INFO - ✅ HOÀN THÀNH TASK: ingest_electric_board
[2026-04-30T16:00:52.943+0000] {datalake_df2csv.py:130} INFO - ================================================================================
[2026-04-30T16:00:52.944+0000] {taskinstance.py:441} INFO - ::group::Post task execution logs
[2026-04-30T16:00:52.973+0000] {taskinstance.py:1206} INFO - Marking task as SUCCESS. dag_id=electric_board_daily, task_id=ingest_electric_board, run_id=scheduled__2026-04-29T16:00:00+00:00, map_index=8, execution_date=20260429T160000, start_date=20260430T160013, end_date=20260430T160052
[2026-04-30T16:00:53.075+0000] {local_task_job_runner.py:243} INFO - Task exited with return code 0
[2026-04-30T16:00:53.099+0000] {taskinstance.py:3503} INFO - 0 downstream tasks scheduled from follow-on schedule check
[2026-04-30T16:00:53.103+0000] {local_task_job_runner.py:222} INFO - ::endgroup::
