[2026-01-14T13:05:00.586+0000] {local_task_job_runner.py:120} INFO - ::group::Pre task execution logs
[2026-01-14T13:05:00.676+0000] {taskinstance.py:2076} INFO - Dependencies all met for dep_context=non-requeueable deps ti=<TaskInstance: daily_price_minio.ingest_daily_price scheduled__2026-01-12T16:00:00+00:00 map_index=281 [queued]>
[2026-01-14T13:05:00.745+0000] {taskinstance.py:2076} INFO - Dependencies all met for dep_context=requeueable deps ti=<TaskInstance: daily_price_minio.ingest_daily_price scheduled__2026-01-12T16:00:00+00:00 map_index=281 [queued]>
[2026-01-14T13:05:00.746+0000] {taskinstance.py:2306} INFO - Starting attempt 1 of 2
[2026-01-14T13:05:00.785+0000] {taskinstance.py:2330} INFO - Executing <Mapped(DfToCsvOperator): ingest_daily_price> on 2026-01-12 16:00:00+00:00
[2026-01-14T13:05:00.810+0000] {warnings.py:112} WARNING - This process (pid=3578) is multi-threaded, use of fork() may lead to deadlocks in the child.

[2026-01-14T13:05:00.813+0000] {standard_task_runner.py:64} INFO - Started process 3661 to run task
[2026-01-14T13:05:00.822+0000] {standard_task_runner.py:90} INFO - Running: ['***', 'tasks', 'run', 'daily_price_minio', 'ingest_daily_price', 'scheduled__2026-01-12T16:00:00+00:00', '--job-id', '15438', '--raw', '--subdir', 'DAGS_FOLDER/daily_price_minio.py', '--cfg-path', '/tmp/tmp9se4kcgw', '--map-index', '281']
[2026-01-14T13:05:00.845+0000] {standard_task_runner.py:91} INFO - Job 15438: Subtask ingest_daily_price
[2026-01-14T13:05:01.102+0000] {task_command.py:426} INFO - Running <TaskInstance: daily_price_minio.ingest_daily_price scheduled__2026-01-12T16:00:00+00:00 map_index=281 [running]> on host 4b83cd04ee12
[2026-01-14T13:05:01.335+0000] {taskinstance.py:2648} INFO - Exporting env vars: AIRFLOW_CTX_DAG_OWNER='***' AIRFLOW_CTX_DAG_ID='daily_price_minio' AIRFLOW_CTX_TASK_ID='ingest_daily_price' AIRFLOW_CTX_EXECUTION_DATE='2026-01-12T16:00:00+00:00' AIRFLOW_CTX_TRY_NUMBER='1' AIRFLOW_CTX_DAG_RUN_ID='scheduled__2026-01-12T16:00:00+00:00'
[2026-01-14T13:05:01.337+0000] {taskinstance.py:430} INFO - ::endgroup::
[2026-01-14T13:05:05.747+0000] {base.py:84} INFO - Using connection ID 'minio_finance' for task execution.
[2026-01-14T13:05:05.749+0000] {connection_wrapper.py:384} INFO - AWS Connection (conn_id='minio_finance', conn_type='aws') credentials retrieved from login and password.
[2026-01-14T13:05:06.425+0000] {datalake_df2csv.py:52} INFO - ✅ Đã upload 20 dòng -> s3://thongtin-congty-va-bctc/daily_price/2026-01-12/batch_281.csv
[2026-01-14T13:05:06.426+0000] {taskinstance.py:441} INFO - ::group::Post task execution logs
[2026-01-14T13:05:06.440+0000] {taskinstance.py:1206} INFO - Marking task as SUCCESS. dag_id=daily_price_minio, task_id=ingest_daily_price, run_id=scheduled__2026-01-12T16:00:00+00:00, map_index=281, execution_date=20260112T160000, start_date=20260114T130500, end_date=20260114T130506
[2026-01-14T13:05:06.506+0000] {local_task_job_runner.py:243} INFO - Task exited with return code 0
[2026-01-14T13:05:06.540+0000] {taskinstance.py:3503} INFO - 0 downstream tasks scheduled from follow-on schedule check
[2026-01-14T13:05:06.564+0000] {local_task_job_runner.py:222} INFO - ::endgroup::
