[2026-03-07T02:47:23.832+0000] {local_task_job_runner.py:120} INFO - ::group::Pre task execution logs
[2026-03-07T02:47:23.922+0000] {taskinstance.py:2076} INFO - Dependencies all met for dep_context=non-requeueable deps ti=<TaskInstance: global_index.ingest_usd_vnd scheduled__2026-03-06T00:00:00+00:00 [queued]>
[2026-03-07T02:47:23.958+0000] {taskinstance.py:2076} INFO - Dependencies all met for dep_context=requeueable deps ti=<TaskInstance: global_index.ingest_usd_vnd scheduled__2026-03-06T00:00:00+00:00 [queued]>
[2026-03-07T02:47:23.959+0000] {taskinstance.py:2306} INFO - Starting attempt 1 of 2
[2026-03-07T02:47:24.044+0000] {taskinstance.py:2330} INFO - Executing <Task(DfToCsvOperator): ingest_usd_vnd> on 2026-03-06 00:00:00+00:00
[2026-03-07T02:47:24.161+0000] {warnings.py:112} WARNING - This process (pid=79) is multi-threaded, use of fork() may lead to deadlocks in the child.

[2026-03-07T02:47:24.199+0000] {standard_task_runner.py:64} INFO - Started process 113 to run task
[2026-03-07T02:47:24.215+0000] {standard_task_runner.py:90} INFO - Running: ['***', 'tasks', 'run', 'global_index', 'ingest_usd_vnd', 'scheduled__2026-03-06T00:00:00+00:00', '--job-id', '30658', '--raw', '--subdir', 'DAGS_FOLDER/dl_global_index.py', '--cfg-path', '/tmp/tmpho8elvyp']
[2026-03-07T02:47:24.234+0000] {standard_task_runner.py:91} INFO - Job 30658: Subtask ingest_usd_vnd
[2026-03-07T02:47:24.915+0000] {task_command.py:426} INFO - Running <TaskInstance: global_index.ingest_usd_vnd scheduled__2026-03-06T00:00:00+00:00 [running]> on host 037753ebc487
[2026-03-07T02:47:26.372+0000] {taskinstance.py:2648} INFO - Exporting env vars: AIRFLOW_CTX_DAG_OWNER='***' AIRFLOW_CTX_DAG_ID='global_index' AIRFLOW_CTX_TASK_ID='ingest_usd_vnd' AIRFLOW_CTX_EXECUTION_DATE='2026-03-06T00:00:00+00:00' AIRFLOW_CTX_TRY_NUMBER='1' AIRFLOW_CTX_DAG_RUN_ID='scheduled__2026-03-06T00:00:00+00:00'
[2026-03-07T02:47:26.376+0000] {taskinstance.py:430} INFO - ::endgroup::
[2026-03-07T02:47:26.381+0000] {datalake_df2csv.py:40} INFO - ================================================================================
[2026-03-07T02:47:26.383+0000] {datalake_df2csv.py:41} INFO - 🚀 BẮT ĐẦU TASK: ingest_usd_vnd
[2026-03-07T02:47:26.385+0000] {datalake_df2csv.py:42} INFO - ================================================================================
[2026-03-07T02:47:26.387+0000] {datalake_df2csv.py:43} INFO - 📋 Thông tin cấu hình:
[2026-03-07T02:47:26.389+0000] {datalake_df2csv.py:44} INFO -   - Logic file: usd_vnd_data
[2026-03-07T02:47:26.390+0000] {datalake_df2csv.py:45} INFO -   - DataFrame name: get_usd_vnd_rate
[2026-03-07T02:47:26.394+0000] {datalake_df2csv.py:46} INFO -   - Bucket: thongtin-congty-va-bctc
[2026-03-07T02:47:26.396+0000] {datalake_df2csv.py:47} INFO -   - Object path: global_index/usd_vnd/2026-03-06/data.csv
[2026-03-07T02:47:26.398+0000] {datalake_df2csv.py:48} INFO -   - Connection ID: minio_finance
[2026-03-07T02:47:26.400+0000] {datalake_df2csv.py:49} INFO -   - Tham số truyền vào: {'start_date': '2026-03-06', 'end_date': '2026-03-07'}
[2026-03-07T02:47:26.400+0000] {datalake_df2csv.py:50} INFO - --------------------------------------------------------------------------------
[2026-03-07T02:47:26.401+0000] {datalake_df2csv.py:54} INFO - 📥 Bước 1: Đang load dữ liệu từ logic file...
[2026-03-07T02:47:26.415+0000] {datalake_df2csv.py:148} INFO -   - Logic directory: /opt/airflow/plugins/logic
[2026-03-07T02:47:26.419+0000] {datalake_df2csv.py:149} INFO -   - Module path: /opt/airflow/plugins/logic/usd_vnd_data.py
[2026-03-07T02:47:26.419+0000] {datalake_df2csv.py:153} INFO -   - Đã thêm logic directory vào sys.path
[2026-03-07T02:47:26.423+0000] {datalake_df2csv.py:159} INFO -   - Đang load module 'usd_vnd_data'...
[2026-03-07T02:47:26.433+0000] {datalake_df2csv.py:163} INFO -   - ✅ Module loaded thành công
[2026-03-07T02:47:26.433+0000] {datalake_df2csv.py:165} INFO -   - Đang tìm DataFrame/function: 'get_usd_vnd_rate'...
[2026-03-07T02:47:26.434+0000] {datalake_df2csv.py:170} INFO -   - ✅ Tìm thấy object: function
[2026-03-07T02:47:26.435+0000] {datalake_df2csv.py:173} INFO -   - Đang gọi function với tham số: {'start_date': '2026-03-06', 'end_date': '2026-03-07'}
[2026-03-07T02:47:33.091+0000] {logging_mixin.py:188} INFO - ✅ Fetched 1 rows of USD/VND data from 2026-03-06 to 2026-03-07
[2026-03-07T02:47:33.092+0000] {datalake_df2csv.py:68} INFO - ✅ Load dữ liệu thành công!
[2026-03-07T02:47:33.092+0000] {datalake_df2csv.py:69} INFO - 📊 Thông tin DataFrame:
[2026-03-07T02:47:33.093+0000] {datalake_df2csv.py:70} INFO -   - Số dòng: 1
[2026-03-07T02:47:33.094+0000] {datalake_df2csv.py:71} INFO -   - Số cột: 7
[2026-03-07T02:47:33.094+0000] {datalake_df2csv.py:72} INFO -   - Tên các cột: ['date', 'open', 'high', 'low', 'close', 'volume', 'indicator_type']
[2026-03-07T02:47:33.095+0000] {datalake_df2csv.py:73} INFO -   - Kiểu dữ liệu: {'date': 'object', 'open': 'float64', 'high': 'float64', 'low': 'float64', 'close': 'float64', 'volume': 'int64', 'indicator_type': 'object'}
[2026-03-07T02:47:33.099+0000] {datalake_df2csv.py:74} INFO -   - Bộ nhớ sử dụng: 0.00 MB
[2026-03-07T02:47:33.101+0000] {datalake_df2csv.py:83} INFO -   - Không có giá trị NULL
[2026-03-07T02:47:33.102+0000] {datalake_df2csv.py:86} INFO -   - Mẫu dữ liệu (5 dòng đầu):
[2026-03-07T02:47:33.103+0000] {datalake_df2csv.py:88} INFO -     Row 0: {'date': '2026-03-06', 'open': 26175.0, 'high': 26249.0, 'low': 26175.0, 'close': 26210.0, 'volume': 0, 'indicator_type': 'USD_VND'}
[2026-03-07T02:47:33.104+0000] {datalake_df2csv.py:90} INFO - --------------------------------------------------------------------------------
[2026-03-07T02:47:33.104+0000] {datalake_df2csv.py:93} INFO - 📝 Bước 2: Đang chuyển đổi DataFrame sang CSV...
[2026-03-07T02:47:33.110+0000] {datalake_df2csv.py:97} INFO - ✅ Chuyển đổi CSV thành công!
[2026-03-07T02:47:33.111+0000] {datalake_df2csv.py:98} INFO -   - Kích thước file: 0.00 MB
[2026-03-07T02:47:33.113+0000] {datalake_df2csv.py:99} INFO -   - Thời gian chuyển đổi: 0.01 giây
[2026-03-07T02:47:33.114+0000] {datalake_df2csv.py:100} INFO - --------------------------------------------------------------------------------
[2026-03-07T02:47:33.115+0000] {datalake_df2csv.py:103} INFO - ☁️  Bước 3: Đang upload lên MinIO/S3...
[2026-03-07T02:47:33.136+0000] {base.py:84} INFO - Using connection ID 'minio_finance' for task execution.
[2026-03-07T02:47:33.138+0000] {connection_wrapper.py:384} INFO - AWS Connection (conn_id='minio_finance', conn_type='aws') credentials retrieved from login and password.
[2026-03-07T02:47:34.585+0000] {datalake_df2csv.py:112} INFO -   - Bucket 'thongtin-congty-va-bctc' đã tồn tại
[2026-03-07T02:47:34.693+0000] {datalake_df2csv.py:117} INFO - ✅ Upload thành công!
[2026-03-07T02:47:34.697+0000] {datalake_df2csv.py:118} INFO -   - Đường dẫn: s3://thongtin-congty-va-bctc/global_index/usd_vnd/2026-03-06/data.csv
[2026-03-07T02:47:34.699+0000] {datalake_df2csv.py:119} INFO -   - Số dòng: 1
[2026-03-07T02:47:34.702+0000] {datalake_df2csv.py:120} INFO -   - Thời gian upload: 1.58 giây
[2026-03-07T02:47:34.706+0000] {datalake_df2csv.py:121} INFO - --------------------------------------------------------------------------------
[2026-03-07T02:47:34.707+0000] {datalake_df2csv.py:125} INFO - 📈 TỔNG KẾT:
[2026-03-07T02:47:34.709+0000] {datalake_df2csv.py:126} INFO -   - Tổng thời gian thực thi: 8.33 giây
[2026-03-07T02:47:34.717+0000] {datalake_df2csv.py:127} INFO -   - Tốc độ xử lý: 0 dòng/giây
[2026-03-07T02:47:34.719+0000] {datalake_df2csv.py:128} INFO - ================================================================================
[2026-03-07T02:47:34.723+0000] {datalake_df2csv.py:129} INFO - ✅ HOÀN THÀNH TASK: ingest_usd_vnd
[2026-03-07T02:47:34.729+0000] {datalake_df2csv.py:130} INFO - ================================================================================
[2026-03-07T02:47:34.733+0000] {taskinstance.py:441} INFO - ::group::Post task execution logs
[2026-03-07T02:47:34.763+0000] {taskinstance.py:1206} INFO - Marking task as SUCCESS. dag_id=global_index, task_id=ingest_usd_vnd, run_id=scheduled__2026-03-06T00:00:00+00:00, execution_date=20260306T000000, start_date=20260307T024723, end_date=20260307T024734
[2026-03-07T02:47:34.893+0000] {local_task_job_runner.py:243} INFO - Task exited with return code 0
[2026-03-07T02:47:34.918+0000] {local_task_job_runner.py:222} INFO - ::endgroup::
