[2026-02-22T14:53:56.080+0000] {local_task_job_runner.py:120} INFO - ::group::Pre task execution logs
[2026-02-22T14:53:56.198+0000] {taskinstance.py:2076} INFO - Dependencies all met for dep_context=non-requeueable deps ti=<TaskInstance: daily_price.ingest_daily_price scheduled__2026-02-19T16:00:00+00:00 map_index=286 [queued]>
[2026-02-22T14:53:56.265+0000] {taskinstance.py:2076} INFO - Dependencies all met for dep_context=requeueable deps ti=<TaskInstance: daily_price.ingest_daily_price scheduled__2026-02-19T16:00:00+00:00 map_index=286 [queued]>
[2026-02-22T14:53:56.269+0000] {taskinstance.py:2306} INFO - Starting attempt 1 of 2
[2026-02-22T14:53:56.469+0000] {taskinstance.py:2330} INFO - Executing <Mapped(DfToCsvOperator): ingest_daily_price> on 2026-02-19 16:00:00+00:00
[2026-02-22T14:53:56.498+0000] {warnings.py:112} WARNING - This process (pid=3231) is multi-threaded, use of fork() may lead to deadlocks in the child.

[2026-02-22T14:53:56.507+0000] {standard_task_runner.py:64} INFO - Started process 3286 to run task
[2026-02-22T14:53:56.510+0000] {standard_task_runner.py:90} INFO - Running: ['***', 'tasks', 'run', 'daily_price', 'ingest_daily_price', 'scheduled__2026-02-19T16:00:00+00:00', '--job-id', '26798', '--raw', '--subdir', 'DAGS_FOLDER/dl_dailly_price.py', '--cfg-path', '/tmp/tmp88kunyze', '--map-index', '286']
[2026-02-22T14:53:56.514+0000] {standard_task_runner.py:91} INFO - Job 26798: Subtask ingest_daily_price
[2026-02-22T14:53:56.737+0000] {task_command.py:426} INFO - Running <TaskInstance: daily_price.ingest_daily_price scheduled__2026-02-19T16:00:00+00:00 map_index=286 [running]> on host f33af0284402
[2026-02-22T14:53:57.325+0000] {taskinstance.py:2648} INFO - Exporting env vars: AIRFLOW_CTX_DAG_OWNER='***' AIRFLOW_CTX_DAG_ID='daily_price' AIRFLOW_CTX_TASK_ID='ingest_daily_price' AIRFLOW_CTX_EXECUTION_DATE='2026-02-19T16:00:00+00:00' AIRFLOW_CTX_TRY_NUMBER='1' AIRFLOW_CTX_DAG_RUN_ID='scheduled__2026-02-19T16:00:00+00:00'
[2026-02-22T14:53:57.326+0000] {taskinstance.py:430} INFO - ::endgroup::
[2026-02-22T14:53:57.327+0000] {datalake_df2csv.py:40} INFO - ================================================================================
[2026-02-22T14:53:57.328+0000] {datalake_df2csv.py:41} INFO - 🚀 BẮT ĐẦU TASK: ingest_daily_price
[2026-02-22T14:53:57.329+0000] {datalake_df2csv.py:42} INFO - ================================================================================
[2026-02-22T14:53:57.330+0000] {datalake_df2csv.py:43} INFO - 📋 Thông tin cấu hình:
[2026-02-22T14:53:57.331+0000] {datalake_df2csv.py:44} INFO -   - Logic file: history_price
[2026-02-22T14:53:57.332+0000] {datalake_df2csv.py:45} INFO -   - DataFrame name: get_history_price_batch
[2026-02-22T14:53:57.333+0000] {datalake_df2csv.py:46} INFO -   - Bucket: thongtin-congty-va-bctc
[2026-02-22T14:53:57.336+0000] {datalake_df2csv.py:47} INFO -   - Object path: daily_price/2026-02-19/batch_286.csv
[2026-02-22T14:53:57.337+0000] {datalake_df2csv.py:48} INFO -   - Connection ID: minio_finance
[2026-02-22T14:53:57.337+0000] {datalake_df2csv.py:49} INFO -   - Tham số truyền vào: {'symbols': ['PGS', 'RBC', 'CSV', 'PIS', 'SEP'], 'start_date': '2026-02-19', 'end_date': '2026-02-20'}
[2026-02-22T14:53:57.338+0000] {datalake_df2csv.py:50} INFO - --------------------------------------------------------------------------------
[2026-02-22T14:53:57.339+0000] {datalake_df2csv.py:54} INFO - 📥 Bước 1: Đang load dữ liệu từ logic file...
[2026-02-22T14:53:57.345+0000] {datalake_df2csv.py:148} INFO -   - Logic directory: /opt/airflow/plugins/logic
[2026-02-22T14:53:57.347+0000] {datalake_df2csv.py:149} INFO -   - Module path: /opt/airflow/plugins/logic/history_price.py
[2026-02-22T14:53:57.347+0000] {datalake_df2csv.py:153} INFO -   - Đã thêm logic directory vào sys.path
[2026-02-22T14:53:57.349+0000] {datalake_df2csv.py:159} INFO -   - Đang load module 'history_price'...
[2026-02-22T14:53:57.366+0000] {datalake_df2csv.py:163} INFO -   - ✅ Module loaded thành công
[2026-02-22T14:53:57.367+0000] {datalake_df2csv.py:165} INFO -   - Đang tìm DataFrame/function: 'get_history_price_batch'...
[2026-02-22T14:53:57.367+0000] {datalake_df2csv.py:170} INFO -   - ✅ Tìm thấy object: function
[2026-02-22T14:53:57.368+0000] {datalake_df2csv.py:173} INFO -   - Đang gọi function với tham số: {'symbols': ['PGS', 'RBC', 'CSV', 'PIS', 'SEP'], 'start_date': '2026-02-19', 'end_date': '2026-02-20'}
[2026-02-22T14:54:04.130+0000] {datalake_df2csv.py:68} INFO - ✅ Load dữ liệu thành công!
[2026-02-22T14:54:04.138+0000] {datalake_df2csv.py:69} INFO - 📊 Thông tin DataFrame:
[2026-02-22T14:54:04.142+0000] {datalake_df2csv.py:70} INFO -   - Số dòng: 15
[2026-02-22T14:54:04.150+0000] {datalake_df2csv.py:71} INFO -   - Số cột: 7
[2026-02-22T14:54:04.154+0000] {datalake_df2csv.py:72} INFO -   - Tên các cột: ['ticker', 'trading_date', 'open', 'high', 'low', 'close', 'volume']
[2026-02-22T14:54:04.168+0000] {datalake_df2csv.py:73} INFO -   - Kiểu dữ liệu: {'ticker': 'object', 'trading_date': 'object', 'open': 'float64', 'high': 'float64', 'low': 'float64', 'close': 'float64', 'volume': 'int64'}
[2026-02-22T14:54:04.182+0000] {datalake_df2csv.py:74} INFO -   - Bộ nhớ sử dụng: 0.00 MB
[2026-02-22T14:54:04.203+0000] {datalake_df2csv.py:83} INFO -   - Không có giá trị NULL
[2026-02-22T14:54:04.212+0000] {datalake_df2csv.py:86} INFO -   - Mẫu dữ liệu (5 dòng đầu):
[2026-02-22T14:54:04.230+0000] {datalake_df2csv.py:88} INFO -     Row 0: {'ticker': 'PGS', 'trading_date': '2026-01-30', 'open': 52.9, 'high': 53.0, 'low': 49.0, 'close': 49.0, 'volume': 600}
[2026-02-22T14:54:04.233+0000] {datalake_df2csv.py:88} INFO -     Row 1: {'ticker': 'PGS', 'trading_date': '2026-02-02', 'open': 51.9, 'high': 51.9, 'low': 51.9, 'close': 51.9, 'volume': 100}
[2026-02-22T14:54:04.234+0000] {datalake_df2csv.py:88} INFO -     Row 2: {'ticker': 'PGS', 'trading_date': '2026-02-10', 'open': 51.6, 'high': 51.6, 'low': 51.6, 'close': 51.6, 'volume': 500}
[2026-02-22T14:54:04.241+0000] {datalake_df2csv.py:88} INFO -     Row 3: {'ticker': 'RBC', 'trading_date': '2026-01-27', 'open': 6.4, 'high': 6.4, 'low': 6.4, 'close': 6.4, 'volume': 100}
[2026-02-22T14:54:04.244+0000] {datalake_df2csv.py:88} INFO -     Row 4: {'ticker': 'RBC', 'trading_date': '2026-01-28', 'open': 6.4, 'high': 6.4, 'low': 6.4, 'close': 6.4, 'volume': 100}
[2026-02-22T14:54:04.248+0000] {datalake_df2csv.py:90} INFO - --------------------------------------------------------------------------------
[2026-02-22T14:54:04.249+0000] {datalake_df2csv.py:93} INFO - 📝 Bước 2: Đang chuyển đổi DataFrame sang CSV...
[2026-02-22T14:54:04.292+0000] {datalake_df2csv.py:97} INFO - ✅ Chuyển đổi CSV thành công!
[2026-02-22T14:54:04.293+0000] {datalake_df2csv.py:98} INFO -   - Kích thước file: 0.00 MB
[2026-02-22T14:54:04.295+0000] {datalake_df2csv.py:99} INFO -   - Thời gian chuyển đổi: 0.04 giây
[2026-02-22T14:54:04.295+0000] {datalake_df2csv.py:100} INFO - --------------------------------------------------------------------------------
[2026-02-22T14:54:04.296+0000] {datalake_df2csv.py:103} INFO - ☁️  Bước 3: Đang upload lên MinIO/S3...
[2026-02-22T14:54:04.350+0000] {base.py:84} INFO - Using connection ID 'minio_finance' for task execution.
[2026-02-22T14:54:04.358+0000] {connection_wrapper.py:384} INFO - AWS Connection (conn_id='minio_finance', conn_type='aws') credentials retrieved from login and password.
[2026-02-22T14:54:07.163+0000] {datalake_df2csv.py:112} INFO -   - Bucket 'thongtin-congty-va-bctc' đã tồn tại
[2026-02-22T14:54:07.265+0000] {datalake_df2csv.py:117} INFO - ✅ Upload thành công!
[2026-02-22T14:54:07.266+0000] {datalake_df2csv.py:118} INFO -   - Đường dẫn: s3://thongtin-congty-va-bctc/daily_price/2026-02-19/batch_286.csv
[2026-02-22T14:54:07.267+0000] {datalake_df2csv.py:119} INFO -   - Số dòng: 15
[2026-02-22T14:54:07.268+0000] {datalake_df2csv.py:120} INFO -   - Thời gian upload: 2.97 giây
[2026-02-22T14:54:07.271+0000] {datalake_df2csv.py:121} INFO - --------------------------------------------------------------------------------
[2026-02-22T14:54:07.273+0000] {datalake_df2csv.py:125} INFO - 📈 TỔNG KẾT:
[2026-02-22T14:54:07.278+0000] {datalake_df2csv.py:126} INFO -   - Tổng thời gian thực thi: 9.95 giây
[2026-02-22T14:54:07.279+0000] {datalake_df2csv.py:127} INFO -   - Tốc độ xử lý: 2 dòng/giây
[2026-02-22T14:54:07.280+0000] {datalake_df2csv.py:128} INFO - ================================================================================
[2026-02-22T14:54:07.281+0000] {datalake_df2csv.py:129} INFO - ✅ HOÀN THÀNH TASK: ingest_daily_price
[2026-02-22T14:54:07.281+0000] {datalake_df2csv.py:130} INFO - ================================================================================
[2026-02-22T14:54:07.283+0000] {taskinstance.py:441} INFO - ::group::Post task execution logs
[2026-02-22T14:54:07.301+0000] {taskinstance.py:1206} INFO - Marking task as SUCCESS. dag_id=daily_price, task_id=ingest_daily_price, run_id=scheduled__2026-02-19T16:00:00+00:00, map_index=286, execution_date=20260219T160000, start_date=20260222T145356, end_date=20260222T145407
[2026-02-22T14:54:07.470+0000] {local_task_job_runner.py:243} INFO - Task exited with return code 0
[2026-02-22T14:54:07.492+0000] {taskinstance.py:3503} INFO - 0 downstream tasks scheduled from follow-on schedule check
[2026-02-22T14:54:07.496+0000] {local_task_job_runner.py:222} INFO - ::endgroup::
