[2026-02-21T03:00:18.424+0000] {local_task_job_runner.py:120} INFO - ::group::Pre task execution logs
[2026-02-21T03:00:18.483+0000] {taskinstance.py:2076} INFO - Dependencies all met for dep_context=non-requeueable deps ti=<TaskInstance: minio_to_db_sync.sync_vn_macro_yearly scheduled__2026-02-20T03:00:00+00:00 [queued]>
[2026-02-21T03:00:18.517+0000] {taskinstance.py:2076} INFO - Dependencies all met for dep_context=requeueable deps ti=<TaskInstance: minio_to_db_sync.sync_vn_macro_yearly scheduled__2026-02-20T03:00:00+00:00 [queued]>
[2026-02-21T03:00:18.527+0000] {taskinstance.py:2306} INFO - Starting attempt 1 of 3
[2026-02-21T03:00:18.571+0000] {taskinstance.py:2330} INFO - Executing <Task(_PythonDecoratedOperator): sync_vn_macro_yearly> on 2026-02-20 03:00:00+00:00
[2026-02-21T03:00:18.628+0000] {warnings.py:112} WARNING - This process (pid=362) is multi-threaded, use of fork() may lead to deadlocks in the child.

[2026-02-21T03:00:18.644+0000] {standard_task_runner.py:64} INFO - Started process 385 to run task
[2026-02-21T03:00:18.780+0000] {standard_task_runner.py:90} INFO - Running: ['***', 'tasks', 'run', 'minio_to_db_sync', 'sync_vn_macro_yearly', 'scheduled__2026-02-20T03:00:00+00:00', '--job-id', '22544', '--raw', '--subdir', 'DAGS_FOLDER/minio_to_db_sync.py', '--cfg-path', '/tmp/tmpt4idwyow']
[2026-02-21T03:00:18.787+0000] {standard_task_runner.py:91} INFO - Job 22544: Subtask sync_vn_macro_yearly
[2026-02-21T03:00:19.093+0000] {task_command.py:426} INFO - Running <TaskInstance: minio_to_db_sync.sync_vn_macro_yearly scheduled__2026-02-20T03:00:00+00:00 [running]> on host 9cd898c40fe6
[2026-02-21T03:00:19.520+0000] {taskinstance.py:2648} INFO - Exporting env vars: AIRFLOW_CTX_DAG_OWNER='***' AIRFLOW_CTX_DAG_ID='minio_to_db_sync' AIRFLOW_CTX_TASK_ID='sync_vn_macro_yearly' AIRFLOW_CTX_EXECUTION_DATE='2026-02-20T03:00:00+00:00' AIRFLOW_CTX_TRY_NUMBER='1' AIRFLOW_CTX_DAG_RUN_ID='scheduled__2026-02-20T03:00:00+00:00'
[2026-02-21T03:00:19.530+0000] {taskinstance.py:430} INFO - ::endgroup::
[2026-02-21T03:00:19.554+0000] {logging_mixin.py:188} INFO - ======================================================================
[2026-02-21T03:00:19.557+0000] {logging_mixin.py:188} INFO - 📊 SYNC VN MACRO YEARLY TO DATABASE (PIVOTED)
[2026-02-21T03:00:19.563+0000] {logging_mixin.py:188} INFO - ======================================================================
[2026-02-21T03:00:19.640+0000] {base.py:84} INFO - Using connection ID 'minio_finance' for task execution.
[2026-02-21T03:00:19.641+0000] {connection_wrapper.py:384} INFO - AWS Connection (conn_id='minio_finance', conn_type='aws') credentials retrieved from login and password.
[2026-02-21T03:00:25.276+0000] {logging_mixin.py:188} INFO - 📂 Scanning 2 objects in thongtin-congty-va-bctc/vn_macro_yearly/
[2026-02-21T03:00:25.277+0000] {logging_mixin.py:188} INFO - 📅 Found 2 valid date partition(s): ['2026-02-19', '2026-02-20']
[2026-02-21T03:00:25.278+0000] {logging_mixin.py:188} INFO - ✅ Latest partition selected: vn_macro_yearly/2026-02-20/
[2026-02-21T03:00:25.288+0000] {base.py:84} INFO - Using connection ID 'minio_finance' for task execution.
[2026-02-21T03:00:25.290+0000] {connection_wrapper.py:384} INFO - AWS Connection (conn_id='minio_finance', conn_type='aws') credentials retrieved from login and password.
[2026-02-21T03:00:25.498+0000] {base.py:84} INFO - Using connection ID 'minio_finance' for task execution.
[2026-02-21T03:00:25.499+0000] {connection_wrapper.py:384} INFO - AWS Connection (conn_id='minio_finance', conn_type='aws') credentials retrieved from login and password.
[2026-02-21T03:00:25.661+0000] {logging_mixin.py:188} INFO - ✓ Read 15 rows from vn_macro_yearly/2026-02-20/data.csv
[2026-02-21T03:00:25.663+0000] {logging_mixin.py:188} INFO - 
Total loaded: 15 rows, columns: ['chi_so', 'Series', 'YR2014', 'YR2015', 'YR2016', 'YR2017', 'YR2018', 'YR2019', 'YR2020', 'YR2021', 'YR2022', 'YR2023', 'YR2024']
[2026-02-21T03:00:25.663+0000] {logging_mixin.py:188} INFO - 
[1/3] Cleaning data...
[2026-02-21T03:00:25.683+0000] {logging_mixin.py:188} INFO - ⚠️ Dropping extra columns: ['Series']
[2026-02-21T03:00:25.686+0000] {logging_mixin.py:188} INFO - 
[2/3] Pivoting table (indicators → columns, years → rows)...
[2026-02-21T03:00:25.692+0000] {logging_mixin.py:188} INFO -   Tăng trưởng GDP (% năm)  →  tang_truong_gdp
[2026-02-21T03:00:25.693+0000] {logging_mixin.py:188} INFO -   Lạm phát (CPI) (% năm)  →  lam_phat
[2026-02-21T03:00:25.694+0000] {logging_mixin.py:188} INFO -   Tăng trưởng Công nghiệp & Xây dựng (% năm)  →  tang_truong_cong_nghiep_xay_dung
[2026-02-21T03:00:25.694+0000] {logging_mixin.py:188} INFO -   Tăng trưởng ngành Chế biến chế tạo (% năm)  →  tang_truong_nganh_che_bien_che_tao
[2026-02-21T03:00:25.695+0000] {logging_mixin.py:188} INFO -   Tăng trưởng Tiêu dùng hộ gia đình (% năm)  →  tang_truong_tieu_dung_ho_gia_inh
[2026-02-21T03:00:25.695+0000] {logging_mixin.py:188} INFO -   Tỷ giá USD/VND (Trung bình năm)  →  ty_gia_usd_vnd
[2026-02-21T03:00:25.695+0000] {logging_mixin.py:188} INFO -   Lãi suất tiền gửi (%/năm)  →  lai_suat_tien_gui
[2026-02-21T03:00:25.696+0000] {logging_mixin.py:188} INFO -   Lãi suất cho vay (%/năm)  →  lai_suat_cho_vay
[2026-02-21T03:00:25.697+0000] {logging_mixin.py:188} INFO -   Tăng trưởng Xuất khẩu (% năm)  →  tang_truong_xuat_khau
[2026-02-21T03:00:25.697+0000] {logging_mixin.py:188} INFO -   Tăng trưởng Nhập khẩu (% năm)  →  tang_truong_nhap_khau
[2026-02-21T03:00:25.698+0000] {logging_mixin.py:188} INFO -   Cán cân thương mại (USD)  →  can_can_thuong_mai
[2026-02-21T03:00:25.699+0000] {logging_mixin.py:188} INFO -   FDI thực hiện (Dòng vốn ròng - USD)  →  fdi_thuc_hien
[2026-02-21T03:00:25.699+0000] {logging_mixin.py:188} INFO -   Dự trữ ngoại hối (USD)  →  du_tru_ngoai_hoi
[2026-02-21T03:00:25.700+0000] {logging_mixin.py:188} INFO -   Tăng trưởng Cung tiền M2 (% năm)  →  tang_truong_cung_tien_m2
[2026-02-21T03:00:25.700+0000] {logging_mixin.py:188} INFO -   Nợ xấu ngân hàng (% tổng dư nợ)  →  no_xau_ngan_hang
[2026-02-21T03:00:25.709+0000] {logging_mixin.py:188} INFO - 
Pivoted: 11 rows × 16 columns
[2026-02-21T03:00:25.710+0000] {logging_mixin.py:188} INFO - Columns: ['year', 'tang_truong_gdp', 'lam_phat', 'tang_truong_cong_nghiep_xay_dung', 'tang_truong_nganh_che_bien_che_tao', 'tang_truong_tieu_dung_ho_gia_inh', 'ty_gia_usd_vnd', 'lai_suat_tien_gui', 'lai_suat_cho_vay', 'tang_truong_xuat_khau', 'tang_truong_nhap_khau', 'can_can_thuong_mai', 'fdi_thuc_hien', 'du_tru_ngoai_hoi', 'tang_truong_cung_tien_m2', 'no_xau_ngan_hang']
[2026-02-21T03:00:25.711+0000] {logging_mixin.py:188} INFO - 
[3/3] Inserting into database (REPLACE mode)...
[2026-02-21T03:00:25.742+0000] {logging_mixin.py:188} INFO - ✓ Schema hethong_phantich_chungkhoan ensured
[2026-02-21T03:00:25.802+0000] {logging_mixin.py:188} INFO - ✅ Table hethong_phantich_chungkhoan.vn_macro_yearly ensured (year PK + 15 indicator cols)
[2026-02-21T03:00:25.814+0000] {logging_mixin.py:188} INFO - ✅ Inserted 11 rows into hethong_phantich_chungkhoan.vn_macro_yearly
[2026-02-21T03:00:25.816+0000] {python.py:237} INFO - Done. Returned value was: ✅ Success: REPLACE 11 rows in vn_macro_yearly (pivoted)
[2026-02-21T03:00:25.817+0000] {taskinstance.py:441} INFO - ::group::Post task execution logs
[2026-02-21T03:00:25.843+0000] {taskinstance.py:1206} INFO - Marking task as SUCCESS. dag_id=minio_to_db_sync, task_id=sync_vn_macro_yearly, run_id=scheduled__2026-02-20T03:00:00+00:00, execution_date=20260220T030000, start_date=20260221T030018, end_date=20260221T030025
[2026-02-21T03:00:25.911+0000] {local_task_job_runner.py:243} INFO - Task exited with return code 0
[2026-02-21T03:00:25.942+0000] {taskinstance.py:3503} INFO - 0 downstream tasks scheduled from follow-on schedule check
[2026-02-21T03:00:25.944+0000] {local_task_job_runner.py:222} INFO - ::endgroup::
