[2026-01-27T15:16:23.684+0000] {local_task_job_runner.py:120} INFO - ::group::Pre task execution logs
[2026-01-27T15:16:23.760+0000] {taskinstance.py:2076} INFO - Dependencies all met for dep_context=non-requeueable deps ti=<TaskInstance: financial_ratios_minio.ingest_financial_ratios scheduled__2026-01-18T02:00:00+00:00 map_index=651 [queued]>
[2026-01-27T15:16:23.819+0000] {taskinstance.py:2076} INFO - Dependencies all met for dep_context=requeueable deps ti=<TaskInstance: financial_ratios_minio.ingest_financial_ratios scheduled__2026-01-18T02:00:00+00:00 map_index=651 [queued]>
[2026-01-27T15:16:23.819+0000] {taskinstance.py:2306} INFO - Starting attempt 1 of 2
[2026-01-27T15:16:23.839+0000] {taskinstance.py:2330} INFO - Executing <Mapped(DfToCsvOperator): ingest_financial_ratios> on 2026-01-18 02:00:00+00:00
[2026-01-27T15:16:23.855+0000] {warnings.py:112} WARNING - This process (pid=16719) is multi-threaded, use of fork() may lead to deadlocks in the child.

[2026-01-27T15:16:23.857+0000] {standard_task_runner.py:64} INFO - Started process 16779 to run task
[2026-01-27T15:16:23.861+0000] {standard_task_runner.py:90} INFO - Running: ['***', 'tasks', 'run', 'financial_ratios_minio', 'ingest_financial_ratios', 'scheduled__2026-01-18T02:00:00+00:00', '--job-id', '8955', '--raw', '--subdir', 'DAGS_FOLDER/dl_financial_ratios.py', '--cfg-path', '/tmp/tmpkp7ufnl2', '--map-index', '651']
[2026-01-27T15:16:23.865+0000] {standard_task_runner.py:91} INFO - Job 8955: Subtask ingest_financial_ratios
[2026-01-27T15:16:23.925+0000] {task_command.py:426} INFO - Running <TaskInstance: financial_ratios_minio.ingest_financial_ratios scheduled__2026-01-18T02:00:00+00:00 map_index=651 [running]> on host c05a814b0743
[2026-01-27T15:16:24.046+0000] {taskinstance.py:2648} INFO - Exporting env vars: AIRFLOW_CTX_DAG_OWNER='***' AIRFLOW_CTX_DAG_ID='financial_ratios_minio' AIRFLOW_CTX_TASK_ID='ingest_financial_ratios' AIRFLOW_CTX_EXECUTION_DATE='2026-01-18T02:00:00+00:00' AIRFLOW_CTX_TRY_NUMBER='1' AIRFLOW_CTX_DAG_RUN_ID='scheduled__2026-01-18T02:00:00+00:00'
[2026-01-27T15:16:24.049+0000] {taskinstance.py:430} INFO - ::endgroup::
[2026-01-27T15:16:24.059+0000] {logging_mixin.py:188} INFO - [RATIO] Bắt đầu xử lý batch 2 mã: ['DVG', 'DVC']
[2026-01-27T15:16:24.060+0000] {logging_mixin.py:188} INFO - [RATIO] Kỳ dữ liệu: quarter
[2026-01-27T15:16:24.060+0000] {logging_mixin.py:188} INFO -  >> [RATIO] Đang lấy dữ liệu: DVG
[2026-01-27T15:16:24.177+0000] {logging_mixin.py:188} INFO -  ❌ [RATIO] Lỗi xử lý mã DVG: Failed to fetch data: 429 - Too Many Requests
[2026-01-27T15:16:24.182+0000] {logging_mixin.py:188} INFO -  >> [RATIO] Đang lấy dữ liệu: DVC
[2026-01-27T15:16:24.339+0000] {logging_mixin.py:188} INFO -  ❌ [RATIO] Lỗi xử lý mã DVC: Failed to fetch data: 429 - Too Many Requests
[2026-01-27T15:16:24.340+0000] {logging_mixin.py:188} INFO -  ⚠ [RATIO] Batch này không thu được dữ liệu nào.
[2026-01-27T15:16:24.347+0000] {datalake_df2csv.py:40} INFO - DataFrame rỗng, bỏ qua upload CSV.
[2026-01-27T15:16:24.348+0000] {taskinstance.py:441} INFO - ::group::Post task execution logs
[2026-01-27T15:16:24.367+0000] {taskinstance.py:1206} INFO - Marking task as SUCCESS. dag_id=financial_ratios_minio, task_id=ingest_financial_ratios, run_id=scheduled__2026-01-18T02:00:00+00:00, map_index=651, execution_date=20260118T020000, start_date=20260127T151623, end_date=20260127T151624
[2026-01-27T15:16:24.434+0000] {local_task_job_runner.py:243} INFO - Task exited with return code 0
[2026-01-27T15:16:24.451+0000] {taskinstance.py:3503} INFO - 0 downstream tasks scheduled from follow-on schedule check
[2026-01-27T15:16:24.453+0000] {local_task_job_runner.py:222} INFO - ::endgroup::
