[2026-02-04T14:59:24.332+0000] {local_task_job_runner.py:120} INFO - ::group::Pre task execution logs
[2026-02-04T14:59:24.374+0000] {taskinstance.py:2076} INFO - Dependencies all met for dep_context=non-requeueable deps ti=<TaskInstance: daily_price_minio.ingest_daily_price manual__2026-02-04T14:52:25.276765+00:00 map_index=209 [queued]>
[2026-02-04T14:59:24.395+0000] {taskinstance.py:2076} INFO - Dependencies all met for dep_context=requeueable deps ti=<TaskInstance: daily_price_minio.ingest_daily_price manual__2026-02-04T14:52:25.276765+00:00 map_index=209 [queued]>
[2026-02-04T14:59:24.395+0000] {taskinstance.py:2306} INFO - Starting attempt 1 of 2
[2026-02-04T14:59:24.412+0000] {taskinstance.py:2330} INFO - Executing <Mapped(DfToCsvOperator): ingest_daily_price> on 2026-02-04 14:52:25.276765+00:00
[2026-02-04T14:59:24.425+0000] {warnings.py:112} WARNING - This process (pid=10418) is multi-threaded, use of fork() may lead to deadlocks in the child.

[2026-02-04T14:59:24.426+0000] {standard_task_runner.py:64} INFO - Started process 10501 to run task
[2026-02-04T14:59:24.429+0000] {standard_task_runner.py:90} INFO - Running: ['***', 'tasks', 'run', 'daily_price_minio', 'ingest_daily_price', 'manual__2026-02-04T14:52:25.276765+00:00', '--job-id', '17055', '--raw', '--subdir', 'DAGS_FOLDER/dl_dailly_price.py', '--cfg-path', '/tmp/tmp2kerfq82', '--map-index', '209']
[2026-02-04T14:59:24.433+0000] {standard_task_runner.py:91} INFO - Job 17055: Subtask ingest_daily_price
[2026-02-04T14:59:24.482+0000] {task_command.py:426} INFO - Running <TaskInstance: daily_price_minio.ingest_daily_price manual__2026-02-04T14:52:25.276765+00:00 map_index=209 [running]> on host 918dbd497d34
[2026-02-04T14:59:24.604+0000] {taskinstance.py:2648} INFO - Exporting env vars: AIRFLOW_CTX_DAG_OWNER='***' AIRFLOW_CTX_DAG_ID='daily_price_minio' AIRFLOW_CTX_TASK_ID='ingest_daily_price' AIRFLOW_CTX_EXECUTION_DATE='2026-02-04T14:52:25.276765+00:00' AIRFLOW_CTX_TRY_NUMBER='1' AIRFLOW_CTX_DAG_RUN_ID='manual__2026-02-04T14:52:25.276765+00:00'
[2026-02-04T14:59:24.605+0000] {taskinstance.py:430} INFO - ::endgroup::
[2026-02-04T14:59:30.694+0000] {logging_mixin.py:188} INFO - HUX: RetryError (source=VCI), retry 1/3 in 2.0s
[2026-02-04T14:59:37.333+0000] {logging_mixin.py:188} INFO - HUX: RetryError (source=VCI), retry 2/3 in 4.0s
[2026-02-04T14:59:45.834+0000] {logging_mixin.py:188} INFO - HUX: RetryError (source=VCI), retry 3/3 in 8.0s
[2026-02-04T14:59:53.836+0000] {logging_mixin.py:188} INFO - HUX: Exhausted retries for source=VCI, trying next source...
[2026-02-04T14:59:58.387+0000] {logging_mixin.py:188} INFO - HUX: RetryError (source=TCBS), retry 1/3 in 2.0s
[2026-02-04T15:00:05.188+0000] {logging_mixin.py:188} INFO - HUX: RetryError (source=TCBS), retry 2/3 in 4.0s
[2026-02-04T15:00:13.684+0000] {logging_mixin.py:188} INFO - HUX: RetryError (source=TCBS), retry 3/3 in 8.0s
[2026-02-04T15:00:21.685+0000] {logging_mixin.py:188} INFO - HUX: Exhausted retries for source=TCBS, trying next source...
[2026-02-04T15:00:21.718+0000] {logging_mixin.py:188} INFO - HUX: All sources failed after retries
[2026-02-04T15:00:44.925+0000] {base.py:84} INFO - Using connection ID 'minio_finance' for task execution.
[2026-02-04T15:00:44.926+0000] {connection_wrapper.py:384} INFO - AWS Connection (conn_id='minio_finance', conn_type='aws') credentials retrieved from login and password.
[2026-02-04T15:00:45.940+0000] {datalake_df2csv.py:52} INFO - ✅ Đã upload 16 dòng -> s3://thongtin-congty-va-bctc/daily_price/2026-02-04/batch_209.csv
[2026-02-04T15:00:45.942+0000] {taskinstance.py:441} INFO - ::group::Post task execution logs
[2026-02-04T15:00:45.956+0000] {taskinstance.py:1206} INFO - Marking task as SUCCESS. dag_id=daily_price_minio, task_id=ingest_daily_price, run_id=manual__2026-02-04T14:52:25.276765+00:00, map_index=209, execution_date=20260204T145225, start_date=20260204T145924, end_date=20260204T150045
[2026-02-04T15:00:46.009+0000] {local_task_job_runner.py:243} INFO - Task exited with return code 0
[2026-02-04T15:00:46.031+0000] {taskinstance.py:3503} INFO - 0 downstream tasks scheduled from follow-on schedule check
[2026-02-04T15:00:46.035+0000] {local_task_job_runner.py:222} INFO - ::endgroup::
