[2026-02-18T15:38:52.338+0000] {local_task_job_runner.py:120} INFO - ::group::Pre task execution logs
[2026-02-18T15:38:52.391+0000] {taskinstance.py:2076} INFO - Dependencies all met for dep_context=non-requeueable deps ti=<TaskInstance: company_overview_to_minio.ingest_overview scheduled__2026-02-08T00:00:00+00:00 map_index=9 [queued]>
[2026-02-18T15:38:52.424+0000] {taskinstance.py:2076} INFO - Dependencies all met for dep_context=requeueable deps ti=<TaskInstance: company_overview_to_minio.ingest_overview scheduled__2026-02-08T00:00:00+00:00 map_index=9 [queued]>
[2026-02-18T15:38:52.426+0000] {taskinstance.py:2306} INFO - Starting attempt 1 of 2
[2026-02-18T15:38:52.472+0000] {taskinstance.py:2330} INFO - Executing <Mapped(DfToCsvOperator): ingest_overview> on 2026-02-08 00:00:00+00:00
[2026-02-18T15:38:52.514+0000] {warnings.py:112} WARNING - This process (pid=476) is multi-threaded, use of fork() may lead to deadlocks in the child.

[2026-02-18T15:38:52.522+0000] {standard_task_runner.py:90} INFO - Running: ['***', 'tasks', 'run', 'company_overview_to_minio', 'ingest_overview', 'scheduled__2026-02-08T00:00:00+00:00', '--job-id', '21866', '--raw', '--subdir', 'DAGS_FOLDER/dl_overview.py', '--cfg-path', '/tmp/tmpaqqvi6zo', '--map-index', '9']
[2026-02-18T15:38:52.540+0000] {standard_task_runner.py:64} INFO - Started process 517 to run task
[2026-02-18T15:38:52.545+0000] {standard_task_runner.py:91} INFO - Job 21866: Subtask ingest_overview
[2026-02-18T15:38:52.712+0000] {task_command.py:426} INFO - Running <TaskInstance: company_overview_to_minio.ingest_overview scheduled__2026-02-08T00:00:00+00:00 map_index=9 [running]> on host 83ee49e7e828
[2026-02-18T15:38:53.059+0000] {taskinstance.py:2648} INFO - Exporting env vars: AIRFLOW_CTX_DAG_OWNER='***' AIRFLOW_CTX_DAG_ID='company_overview_to_minio' AIRFLOW_CTX_TASK_ID='ingest_overview' AIRFLOW_CTX_EXECUTION_DATE='2026-02-08T00:00:00+00:00' AIRFLOW_CTX_TRY_NUMBER='1' AIRFLOW_CTX_DAG_RUN_ID='scheduled__2026-02-08T00:00:00+00:00'
[2026-02-18T15:38:53.061+0000] {taskinstance.py:430} INFO - ::endgroup::
[2026-02-18T15:38:53.062+0000] {datalake_df2csv.py:40} INFO - ================================================================================
[2026-02-18T15:38:53.063+0000] {datalake_df2csv.py:41} INFO - 🚀 BẮT ĐẦU TASK: ingest_overview
[2026-02-18T15:38:53.064+0000] {datalake_df2csv.py:42} INFO - ================================================================================
[2026-02-18T15:38:53.065+0000] {datalake_df2csv.py:43} INFO - 📋 Thông tin cấu hình:
[2026-02-18T15:38:53.066+0000] {datalake_df2csv.py:44} INFO -   - Logic file: thongtincongty
[2026-02-18T15:38:53.067+0000] {datalake_df2csv.py:45} INFO -   - DataFrame name: get_overview_batch
[2026-02-18T15:38:53.068+0000] {datalake_df2csv.py:46} INFO -   - Bucket: thongtin-congty-va-bctc
[2026-02-18T15:38:53.069+0000] {datalake_df2csv.py:47} INFO -   - Object path: overview/2026-02-08/batch_9.csv
[2026-02-18T15:38:53.070+0000] {datalake_df2csv.py:48} INFO -   - Connection ID: minio_finance
[2026-02-18T15:38:53.071+0000] {datalake_df2csv.py:49} INFO -   - Tham số truyền vào: {'symbols': ['ICF', 'NDX', 'VIW', 'NDC', 'PIS', 'SPV', 'M10', 'KOS', 'MSH', 'CHP', 'TDS', 'CAD', 'SGC', 'PMS', 'BPC', 'ART', 'TVN', 'SHC', 'HPA', 'ADP']}
[2026-02-18T15:38:53.074+0000] {datalake_df2csv.py:50} INFO - --------------------------------------------------------------------------------
[2026-02-18T15:38:53.077+0000] {datalake_df2csv.py:54} INFO - 📥 Bước 1: Đang load dữ liệu từ logic file...
[2026-02-18T15:38:53.090+0000] {datalake_df2csv.py:148} INFO -   - Logic directory: /opt/airflow/plugins/logic
[2026-02-18T15:38:53.092+0000] {datalake_df2csv.py:149} INFO -   - Module path: /opt/airflow/plugins/logic/thongtincongty.py
[2026-02-18T15:38:53.093+0000] {datalake_df2csv.py:153} INFO -   - Đã thêm logic directory vào sys.path
[2026-02-18T15:38:53.098+0000] {datalake_df2csv.py:159} INFO -   - Đang load module 'thongtincongty'...
[2026-02-18T15:38:53.108+0000] {datalake_df2csv.py:163} INFO -   - ✅ Module loaded thành công
[2026-02-18T15:38:53.109+0000] {datalake_df2csv.py:165} INFO -   - Đang tìm DataFrame/function: 'get_overview_batch'...
[2026-02-18T15:38:53.110+0000] {datalake_df2csv.py:170} INFO -   - ✅ Tìm thấy object: function
[2026-02-18T15:38:53.112+0000] {datalake_df2csv.py:173} INFO -   - Đang gọi function với tham số: {'symbols': ['ICF', 'NDX', 'VIW', 'NDC', 'PIS', 'SPV', 'M10', 'KOS', 'MSH', 'CHP', 'TDS', 'CAD', 'SGC', 'PMS', 'BPC', 'ART', 'TVN', 'SHC', 'HPA', 'ADP']}
[2026-02-18T15:39:01.791+0000] {warnings.py:112} WARNING - DataFrame.applymap has been deprecated. Use DataFrame.map instead.

[2026-02-18T15:39:03.041+0000] {warnings.py:112} WARNING - DataFrame.applymap has been deprecated. Use DataFrame.map instead.

[2026-02-18T15:39:04.390+0000] {warnings.py:112} WARNING - DataFrame.applymap has been deprecated. Use DataFrame.map instead.

[2026-02-18T15:39:05.668+0000] {warnings.py:112} WARNING - DataFrame.applymap has been deprecated. Use DataFrame.map instead.

[2026-02-18T15:39:07.163+0000] {warnings.py:112} WARNING - DataFrame.applymap has been deprecated. Use DataFrame.map instead.

[2026-02-18T15:39:08.596+0000] {warnings.py:112} WARNING - DataFrame.applymap has been deprecated. Use DataFrame.map instead.

[2026-02-18T15:39:09.869+0000] {warnings.py:112} WARNING - DataFrame.applymap has been deprecated. Use DataFrame.map instead.

[2026-02-18T15:39:11.217+0000] {warnings.py:112} WARNING - DataFrame.applymap has been deprecated. Use DataFrame.map instead.

[2026-02-18T15:39:12.652+0000] {warnings.py:112} WARNING - DataFrame.applymap has been deprecated. Use DataFrame.map instead.

[2026-02-18T15:39:13.959+0000] {warnings.py:112} WARNING - DataFrame.applymap has been deprecated. Use DataFrame.map instead.

[2026-02-18T15:39:15.323+0000] {warnings.py:112} WARNING - DataFrame.applymap has been deprecated. Use DataFrame.map instead.

[2026-02-18T15:39:16.675+0000] {warnings.py:112} WARNING - DataFrame.applymap has been deprecated. Use DataFrame.map instead.

[2026-02-18T15:39:17.977+0000] {warnings.py:112} WARNING - DataFrame.applymap has been deprecated. Use DataFrame.map instead.

[2026-02-18T15:39:19.296+0000] {warnings.py:112} WARNING - DataFrame.applymap has been deprecated. Use DataFrame.map instead.

[2026-02-18T15:39:20.679+0000] {warnings.py:112} WARNING - DataFrame.applymap has been deprecated. Use DataFrame.map instead.

[2026-02-18T15:39:21.984+0000] {warnings.py:112} WARNING - DataFrame.applymap has been deprecated. Use DataFrame.map instead.

[2026-02-18T15:39:23.272+0000] {warnings.py:112} WARNING - DataFrame.applymap has been deprecated. Use DataFrame.map instead.

[2026-02-18T15:39:24.558+0000] {warnings.py:112} WARNING - DataFrame.applymap has been deprecated. Use DataFrame.map instead.

[2026-02-18T15:39:25.878+0000] {warnings.py:112} WARNING - DataFrame.applymap has been deprecated. Use DataFrame.map instead.

[2026-02-18T15:39:27.639+0000] {warnings.py:112} WARNING - DataFrame.applymap has been deprecated. Use DataFrame.map instead.

[2026-02-18T15:39:28.687+0000] {datalake_df2csv.py:68} INFO - ✅ Load dữ liệu thành công!
[2026-02-18T15:39:28.689+0000] {datalake_df2csv.py:69} INFO - 📊 Thông tin DataFrame:
[2026-02-18T15:39:28.691+0000] {datalake_df2csv.py:70} INFO -   - Số dòng: 20
[2026-02-18T15:39:28.700+0000] {datalake_df2csv.py:71} INFO -   - Số cột: 9
[2026-02-18T15:39:28.709+0000] {datalake_df2csv.py:72} INFO -   - Tên các cột: ['symbol', 'company_profile', 'icb_name2', 'icb_name3', 'icb_name4', 'exchange', 'type_info', 'organ_short_name', 'organ_name']
[2026-02-18T15:39:28.715+0000] {datalake_df2csv.py:73} INFO -   - Kiểu dữ liệu: {'symbol': 'object', 'company_profile': 'object', 'icb_name2': 'object', 'icb_name3': 'object', 'icb_name4': 'object', 'exchange': 'object', 'type_info': 'object', 'organ_short_name': 'object', 'organ_name': 'object'}
[2026-02-18T15:39:28.726+0000] {datalake_df2csv.py:74} INFO -   - Bộ nhớ sử dụng: 0.04 MB
[2026-02-18T15:39:28.730+0000] {datalake_df2csv.py:79} INFO -   - Số giá trị NULL:
[2026-02-18T15:39:28.734+0000] {datalake_df2csv.py:81} INFO -     + exchange: 11
[2026-02-18T15:39:28.736+0000] {datalake_df2csv.py:81} INFO -     + type_info: 11
[2026-02-18T15:39:28.741+0000] {datalake_df2csv.py:81} INFO -     + organ_short_name: 11
[2026-02-18T15:39:28.744+0000] {datalake_df2csv.py:81} INFO -     + organ_name: 11
[2026-02-18T15:39:28.746+0000] {datalake_df2csv.py:86} INFO -   - Mẫu dữ liệu (5 dòng đầu):
[2026-02-18T15:39:28.750+0000] {datalake_df2csv.py:88} INFO -     Row 0: {'symbol': 'ICF', 'company_profile': 'Công ty Cổ phần Đầu tư Thương mại Thủy sản (ICF) thành lập năm 1999. Lĩnh vực kinh doanh chính của công ty là sản xuất sản phẩm thủy sản cá, tôm, và thực phẩm chế biến khác với các nhãn hiệu nổi tiếng như Shrimp One, Saigon Pacific, Leader Fish, Uncle Hundred . Sản phẩm của Công ty chủ yếu phục vụ cho nhu cầu xuất khẩu sang các thị trường Mỹ, Nhật, Châu Âu còn lại là phục vụ cho nhu cầu trong nước. ICF quản lý vận hành Nhà máy chế biến các mặt hàng thủy sản đông lạnh với công suất thiết kế 6.500 tấn/năm. Bên cạnh đó, Công ty còn tham gia chế biến và xuất khẩu nông sản như khoai lang Nhật, đậu nành. Công ty được phép xuất khẩu sản phẩm thủy sản vào thị trường EU mà không phải qua kiểm tra. Ngày 20/05/2019, ICF chính thức giao dịch trên thị trường UPCOM.', 'icb_name2': 'Thực phẩm và đồ uống', 'icb_name3': 'Sản xuất thực phẩm', 'icb_name4': 'Nuôi trồng nông & hải sản', 'exchange': nan, 'type_info': nan, 'organ_short_name': nan, 'organ_name': nan}
[2026-02-18T15:39:28.752+0000] {datalake_df2csv.py:88} INFO -     Row 1: {'symbol': 'NDX', 'company_profile': 'CTCP Xây lắp Phát triển Đà Nẵng (NDX) là đơn vị được hình thành từ Xí nghiệp Công trình Giao thông và Xây dựng trực thuộc Công ty Đầu tư Phát triển Nhà Đà Nẵng thực hiện cổ phần hóa vào năm 2008 với số vốn điều lệ ban đầu là 25 tỷ đồng. Hiện nay vốn điều lệ của Công ty là 99.87 tỷ đồng. Hiện tại, Công ty đang tập trung vào 3 lĩnh vực chính: thi công xây dựng, sản xuất vật liệu xây dựng, bất động sản, trong đó doanh thu từ hoạt động thi công xây dựng chiếm tỷ trọng lớn nhất trong cơ cấu doanh thu của Công ty. NDX là đơn vị có nhiều kinh nghiệm trong lĩnh vực thi công nhà cao tầng từ Khu chung cư thu nhập thấp 5-7 tầng đến các chung cư cao cấp tại thành phố Đà nẵng: DaNang Plaza, LaPaz Tower. Ngoài ra, NDX đã tham gia thắng thầu các công trình trọng điểm của thành phố: Trung tâm Hội chợ triễn lãm, Nhà làm việc Đài truyền hình DRT, Hạ tầng kỹ thuật Khu dân cư Nam cầu Cẩm Lệ... Ngày 17/07/2013, NDX chính thức giao dịch trên Sở Giao dịch Chứng khoán Hà Nội (HNX).', 'icb_name2': 'Xây dựng và Vật liệu', 'icb_name3': 'Xây dựng và Vật liệu', 'icb_name4': 'Xây dựng', 'exchange': 'HNX', 'type_info': '', 'organ_short_name': '', 'organ_name': 'CTCP Xây lắp Phát triển Nhà Đà Nẵng'}
[2026-02-18T15:39:28.754+0000] {datalake_df2csv.py:88} INFO -     Row 2: {'symbol': 'VIW', 'company_profile': 'Tổng công ty Đầu tư Nước và Môi trường Việt Nam  - Công ty Cổ phần (VIW) có tiền thân là Công ty Xây dựng Cấp thoát nước được thành lập vào năm 1975. Công ty hoạt động chính trong lĩnh vực thi công xây lắp, cung cấp dịch vụ tư vấn thiết kế trong các công trình nước, và sản xuất kinh doanh vật tư thiết bị ngành nước. VIW chính thức hoạt động theo mô hình công ty cổ phần từ năm 2017. VIW là Tổng Công ty Nhà nước hàng đầu Việt Nam trong lĩnh vực cấp thoát nước và môi trường với hơn 40 năm kinh nghiệm trong các lĩnh vực đầu tư xây dựng và thi công, tổng thầu thi công xây dựng và hơn 30 năm kinh nghiệm trong lĩnh vực tư vấn, tổng thầu tư vấn đầu tư và xây dựng các dự án phát triển nhà ở, khu đô thị, khu công nghiệp, khu du lịch, công trình cấp nước, thoát nước, vệ sinh môi trường và hạ tầng kỹ thuật đô thị từ năm 1982. VIW được giao dịch trên thị trường UPCOM từ tháng 01/2018.', 'icb_name2': 'Xây dựng và Vật liệu', 'icb_name3': 'Xây dựng và Vật liệu', 'icb_name4': 'Xây dựng', 'exchange': nan, 'type_info': nan, 'organ_short_name': nan, 'organ_name': nan}
[2026-02-18T15:39:28.756+0000] {datalake_df2csv.py:88} INFO -     Row 3: {'symbol': 'NDC', 'company_profile': 'Công ty Cổ phần Nam Dược (NDC) được thành lập năm 2004. Công ty chuyên sản xuất các sản phẩm thuốc tân dược, đông được và thực phẩm chức năng. Sản phẩm của công ty có mặt tại khắp các tỉnh thành trên cả nước. Các sản phẩm tiêu biểu của công ty trên thị trường là thực phẩm chức năng Đại tràng, Giải độc gan, Hoạt huyết...Công ty có nhà máy sản xuất dược phẩm tại khu công nghiệp Hòa Xá, thành phố Nam Định có diện tích 10.000 m2, đạt tiêu chuẩn quốc tế đầu tiên của ngành dược Việt Nam. Hiện công ty đang có 5 vùng nguyên liệu đạt chuẩn GACP-WHO giúp công ty đảm bảo chất lượng của sản phẩm. Ngày 11/03/2010, NDC chính thức giao dịch trên thị trường UPCOM.', 'icb_name2': 'Y tế', 'icb_name3': 'Dược phẩm', 'icb_name4': 'Dược phẩm', 'exchange': nan, 'type_info': nan, 'organ_short_name': nan, 'organ_name': nan}
[2026-02-18T15:39:28.761+0000] {datalake_df2csv.py:88} INFO -     Row 4: {'symbol': 'PIS', 'company_profile': 'Tổng Công ty Pisico Bình Định (PIS) có tiền thân là Công ty Hợp tác Khai thác Chế biến Lâm sản Xuất khẩu Nghĩa Bình  - Ratanakiri được thành lập năm 1985. Hoạt động sản xuất chính của Công ty là (i) trồng rừng, khai thác rừng, (ii) khai thác, chế biến và mua bán hàng nông, lâm sản xuất khẩu. Công ty hiện đang quản lý vận hàng nhà máy chuyên sản xuất đồ gỗ xuất khẩu là: Công ty CP chế biến gỗ nội thất PISICO và Công ty chế biến gỗ PISICO Đồng An (Bình Dương). PIS được giao dịch trên thị trường UPCOM từ tháng 01/2016.', 'icb_name2': 'Tài nguyên Cơ bản', 'icb_name3': 'Lâm nghiệp và Giấy', 'icb_name4': 'Lâm sản và Chế biến gỗ', 'exchange': nan, 'type_info': nan, 'organ_short_name': nan, 'organ_name': nan}
[2026-02-18T15:39:28.769+0000] {datalake_df2csv.py:90} INFO - --------------------------------------------------------------------------------
[2026-02-18T15:39:28.772+0000] {datalake_df2csv.py:93} INFO - 📝 Bước 2: Đang chuyển đổi DataFrame sang CSV...
[2026-02-18T15:39:28.819+0000] {datalake_df2csv.py:97} INFO - ✅ Chuyển đổi CSV thành công!
[2026-02-18T15:39:28.822+0000] {datalake_df2csv.py:98} INFO -   - Kích thước file: 0.02 MB
[2026-02-18T15:39:28.825+0000] {datalake_df2csv.py:99} INFO -   - Thời gian chuyển đổi: 0.04 giây
[2026-02-18T15:39:28.839+0000] {datalake_df2csv.py:100} INFO - --------------------------------------------------------------------------------
[2026-02-18T15:39:28.853+0000] {datalake_df2csv.py:103} INFO - ☁️  Bước 3: Đang upload lên MinIO/S3...
[2026-02-18T15:39:28.945+0000] {base.py:84} INFO - Using connection ID 'minio_finance' for task execution.
[2026-02-18T15:39:28.950+0000] {connection_wrapper.py:384} INFO - AWS Connection (conn_id='minio_finance', conn_type='aws') credentials retrieved from login and password.
[2026-02-18T15:39:30.099+0000] {datalake_df2csv.py:112} INFO -   - Bucket 'thongtin-congty-va-bctc' đã tồn tại
[2026-02-18T15:39:30.262+0000] {datalake_df2csv.py:117} INFO - ✅ Upload thành công!
[2026-02-18T15:39:30.263+0000] {datalake_df2csv.py:118} INFO -   - Đường dẫn: s3://thongtin-congty-va-bctc/overview/2026-02-08/batch_9.csv
[2026-02-18T15:39:30.264+0000] {datalake_df2csv.py:119} INFO -   - Số dòng: 20
[2026-02-18T15:39:30.265+0000] {datalake_df2csv.py:120} INFO -   - Thời gian upload: 1.41 giây
[2026-02-18T15:39:30.267+0000] {datalake_df2csv.py:121} INFO - --------------------------------------------------------------------------------
[2026-02-18T15:39:30.268+0000] {datalake_df2csv.py:125} INFO - 📈 TỔNG KẾT:
[2026-02-18T15:39:30.269+0000] {datalake_df2csv.py:126} INFO -   - Tổng thời gian thực thi: 37.21 giây
[2026-02-18T15:39:30.271+0000] {datalake_df2csv.py:127} INFO -   - Tốc độ xử lý: 1 dòng/giây
[2026-02-18T15:39:30.272+0000] {datalake_df2csv.py:128} INFO - ================================================================================
[2026-02-18T15:39:30.272+0000] {datalake_df2csv.py:129} INFO - ✅ HOÀN THÀNH TASK: ingest_overview
[2026-02-18T15:39:30.273+0000] {datalake_df2csv.py:130} INFO - ================================================================================
[2026-02-18T15:39:30.274+0000] {taskinstance.py:441} INFO - ::group::Post task execution logs
[2026-02-18T15:39:30.308+0000] {taskinstance.py:1206} INFO - Marking task as SUCCESS. dag_id=company_overview_to_minio, task_id=ingest_overview, run_id=scheduled__2026-02-08T00:00:00+00:00, map_index=9, execution_date=20260208T000000, start_date=20260218T153852, end_date=20260218T153930
[2026-02-18T15:39:30.427+0000] {local_task_job_runner.py:243} INFO - Task exited with return code 0
[2026-02-18T15:39:30.514+0000] {taskinstance.py:3503} INFO - 0 downstream tasks scheduled from follow-on schedule check
[2026-02-18T15:39:30.521+0000] {local_task_job_runner.py:222} INFO - ::endgroup::
