[2026-02-22T14:51:34.258+0000] {local_task_job_runner.py:120} INFO - ::group::Pre task execution logs
[2026-02-22T14:51:34.362+0000] {taskinstance.py:2076} INFO - Dependencies all met for dep_context=non-requeueable deps ti=<TaskInstance: daily_price.ingest_daily_price scheduled__2026-02-19T16:00:00+00:00 map_index=168 [queued]>
[2026-02-22T14:51:34.458+0000] {taskinstance.py:2076} INFO - Dependencies all met for dep_context=requeueable deps ti=<TaskInstance: daily_price.ingest_daily_price scheduled__2026-02-19T16:00:00+00:00 map_index=168 [queued]>
[2026-02-22T14:51:34.464+0000] {taskinstance.py:2306} INFO - Starting attempt 1 of 2
[2026-02-22T14:51:34.538+0000] {taskinstance.py:2330} INFO - Executing <Mapped(DfToCsvOperator): ingest_daily_price> on 2026-02-19 16:00:00+00:00
[2026-02-22T14:51:34.567+0000] {warnings.py:112} WARNING - This process (pid=2103) is multi-threaded, use of fork() may lead to deadlocks in the child.

[2026-02-22T14:51:34.583+0000] {standard_task_runner.py:64} INFO - Started process 2146 to run task
[2026-02-22T14:51:34.590+0000] {standard_task_runner.py:90} INFO - Running: ['***', 'tasks', 'run', 'daily_price', 'ingest_daily_price', 'scheduled__2026-02-19T16:00:00+00:00', '--job-id', '26677', '--raw', '--subdir', 'DAGS_FOLDER/dl_dailly_price.py', '--cfg-path', '/tmp/tmpmoino09l', '--map-index', '168']
[2026-02-22T14:51:34.613+0000] {standard_task_runner.py:91} INFO - Job 26677: Subtask ingest_daily_price
[2026-02-22T14:51:34.763+0000] {task_command.py:426} INFO - Running <TaskInstance: daily_price.ingest_daily_price scheduled__2026-02-19T16:00:00+00:00 map_index=168 [running]> on host f33af0284402
[2026-02-22T14:51:35.852+0000] {taskinstance.py:2648} INFO - Exporting env vars: AIRFLOW_CTX_DAG_OWNER='***' AIRFLOW_CTX_DAG_ID='daily_price' AIRFLOW_CTX_TASK_ID='ingest_daily_price' AIRFLOW_CTX_EXECUTION_DATE='2026-02-19T16:00:00+00:00' AIRFLOW_CTX_TRY_NUMBER='1' AIRFLOW_CTX_DAG_RUN_ID='scheduled__2026-02-19T16:00:00+00:00'
[2026-02-22T14:51:35.867+0000] {taskinstance.py:430} INFO - ::endgroup::
[2026-02-22T14:51:35.874+0000] {datalake_df2csv.py:40} INFO - ================================================================================
[2026-02-22T14:51:35.880+0000] {datalake_df2csv.py:41} INFO - 🚀 BẮT ĐẦU TASK: ingest_daily_price
[2026-02-22T14:51:35.888+0000] {datalake_df2csv.py:42} INFO - ================================================================================
[2026-02-22T14:51:35.898+0000] {datalake_df2csv.py:43} INFO - 📋 Thông tin cấu hình:
[2026-02-22T14:51:35.906+0000] {datalake_df2csv.py:44} INFO -   - Logic file: history_price
[2026-02-22T14:51:35.909+0000] {datalake_df2csv.py:45} INFO -   - DataFrame name: get_history_price_batch
[2026-02-22T14:51:35.911+0000] {datalake_df2csv.py:46} INFO -   - Bucket: thongtin-congty-va-bctc
[2026-02-22T14:51:35.913+0000] {datalake_df2csv.py:47} INFO -   - Object path: daily_price/2026-02-19/batch_168.csv
[2026-02-22T14:51:35.914+0000] {datalake_df2csv.py:48} INFO -   - Connection ID: minio_finance
[2026-02-22T14:51:35.918+0000] {datalake_df2csv.py:49} INFO -   - Tham số truyền vào: {'symbols': ['VTV', 'VCC', 'ISH', 'SCI', 'UXC'], 'start_date': '2026-02-19', 'end_date': '2026-02-20'}
[2026-02-22T14:51:35.919+0000] {datalake_df2csv.py:50} INFO - --------------------------------------------------------------------------------
[2026-02-22T14:51:35.919+0000] {datalake_df2csv.py:54} INFO - 📥 Bước 1: Đang load dữ liệu từ logic file...
[2026-02-22T14:51:35.931+0000] {datalake_df2csv.py:148} INFO -   - Logic directory: /opt/airflow/plugins/logic
[2026-02-22T14:51:35.948+0000] {datalake_df2csv.py:149} INFO -   - Module path: /opt/airflow/plugins/logic/history_price.py
[2026-02-22T14:51:35.959+0000] {datalake_df2csv.py:153} INFO -   - Đã thêm logic directory vào sys.path
[2026-02-22T14:51:35.963+0000] {datalake_df2csv.py:159} INFO -   - Đang load module 'history_price'...
[2026-02-22T14:51:35.981+0000] {datalake_df2csv.py:163} INFO -   - ✅ Module loaded thành công
[2026-02-22T14:51:35.982+0000] {datalake_df2csv.py:165} INFO -   - Đang tìm DataFrame/function: 'get_history_price_batch'...
[2026-02-22T14:51:35.983+0000] {datalake_df2csv.py:170} INFO -   - ✅ Tìm thấy object: function
[2026-02-22T14:51:35.984+0000] {datalake_df2csv.py:173} INFO -   - Đang gọi function với tham số: {'symbols': ['VTV', 'VCC', 'ISH', 'SCI', 'UXC'], 'start_date': '2026-02-19', 'end_date': '2026-02-20'}
[2026-02-22T14:51:41.645+0000] {datalake_df2csv.py:68} INFO - ✅ Load dữ liệu thành công!
[2026-02-22T14:51:41.647+0000] {datalake_df2csv.py:69} INFO - 📊 Thông tin DataFrame:
[2026-02-22T14:51:41.652+0000] {datalake_df2csv.py:70} INFO -   - Số dòng: 15
[2026-02-22T14:51:41.655+0000] {datalake_df2csv.py:71} INFO -   - Số cột: 7
[2026-02-22T14:51:41.657+0000] {datalake_df2csv.py:72} INFO -   - Tên các cột: ['ticker', 'trading_date', 'open', 'high', 'low', 'close', 'volume']
[2026-02-22T14:51:41.659+0000] {datalake_df2csv.py:73} INFO -   - Kiểu dữ liệu: {'ticker': 'object', 'trading_date': 'object', 'open': 'float64', 'high': 'float64', 'low': 'float64', 'close': 'float64', 'volume': 'int64'}
[2026-02-22T14:51:41.675+0000] {datalake_df2csv.py:74} INFO -   - Bộ nhớ sử dụng: 0.00 MB
[2026-02-22T14:51:41.679+0000] {datalake_df2csv.py:83} INFO -   - Không có giá trị NULL
[2026-02-22T14:51:41.681+0000] {datalake_df2csv.py:86} INFO -   - Mẫu dữ liệu (5 dòng đầu):
[2026-02-22T14:51:41.683+0000] {datalake_df2csv.py:88} INFO -     Row 0: {'ticker': 'VTV', 'trading_date': '2026-02-11', 'open': 14.9, 'high': 14.9, 'low': 14.5, 'close': 14.8, 'volume': 42400}
[2026-02-22T14:51:41.688+0000] {datalake_df2csv.py:88} INFO -     Row 1: {'ticker': 'VTV', 'trading_date': '2026-02-12', 'open': 14.8, 'high': 14.9, 'low': 14.8, 'close': 14.8, 'volume': 14500}
[2026-02-22T14:51:41.693+0000] {datalake_df2csv.py:88} INFO -     Row 2: {'ticker': 'VTV', 'trading_date': '2026-02-13', 'open': 14.8, 'high': 14.8, 'low': 14.7, 'close': 14.8, 'volume': 36200}
[2026-02-22T14:51:41.698+0000] {datalake_df2csv.py:88} INFO -     Row 3: {'ticker': 'VCC', 'trading_date': '2026-02-10', 'open': 9.9, 'high': 9.9, 'low': 9.9, 'close': 9.9, 'volume': 100}
[2026-02-22T14:51:41.700+0000] {datalake_df2csv.py:88} INFO -     Row 4: {'ticker': 'VCC', 'trading_date': '2026-02-11', 'open': 10.0, 'high': 10.0, 'low': 10.0, 'close': 10.0, 'volume': 300}
[2026-02-22T14:51:41.702+0000] {datalake_df2csv.py:90} INFO - --------------------------------------------------------------------------------
[2026-02-22T14:51:41.703+0000] {datalake_df2csv.py:93} INFO - 📝 Bước 2: Đang chuyển đổi DataFrame sang CSV...
[2026-02-22T14:51:41.717+0000] {datalake_df2csv.py:97} INFO - ✅ Chuyển đổi CSV thành công!
[2026-02-22T14:51:41.718+0000] {datalake_df2csv.py:98} INFO -   - Kích thước file: 0.00 MB
[2026-02-22T14:51:41.719+0000] {datalake_df2csv.py:99} INFO -   - Thời gian chuyển đổi: 0.01 giây
[2026-02-22T14:51:41.719+0000] {datalake_df2csv.py:100} INFO - --------------------------------------------------------------------------------
[2026-02-22T14:51:41.720+0000] {datalake_df2csv.py:103} INFO - ☁️  Bước 3: Đang upload lên MinIO/S3...
[2026-02-22T14:51:41.742+0000] {base.py:84} INFO - Using connection ID 'minio_finance' for task execution.
[2026-02-22T14:51:41.756+0000] {connection_wrapper.py:384} INFO - AWS Connection (conn_id='minio_finance', conn_type='aws') credentials retrieved from login and password.
[2026-02-22T14:51:43.415+0000] {datalake_df2csv.py:112} INFO -   - Bucket 'thongtin-congty-va-bctc' đã tồn tại
[2026-02-22T14:51:43.492+0000] {datalake_df2csv.py:117} INFO - ✅ Upload thành công!
[2026-02-22T14:51:43.493+0000] {datalake_df2csv.py:118} INFO -   - Đường dẫn: s3://thongtin-congty-va-bctc/daily_price/2026-02-19/batch_168.csv
[2026-02-22T14:51:43.494+0000] {datalake_df2csv.py:119} INFO -   - Số dòng: 15
[2026-02-22T14:51:43.495+0000] {datalake_df2csv.py:120} INFO -   - Thời gian upload: 1.77 giây
[2026-02-22T14:51:43.496+0000] {datalake_df2csv.py:121} INFO - --------------------------------------------------------------------------------
[2026-02-22T14:51:43.496+0000] {datalake_df2csv.py:125} INFO - 📈 TỔNG KẾT:
[2026-02-22T14:51:43.497+0000] {datalake_df2csv.py:126} INFO -   - Tổng thời gian thực thi: 7.62 giây
[2026-02-22T14:51:43.498+0000] {datalake_df2csv.py:127} INFO -   - Tốc độ xử lý: 2 dòng/giây
[2026-02-22T14:51:43.503+0000] {datalake_df2csv.py:128} INFO - ================================================================================
[2026-02-22T14:51:43.505+0000] {datalake_df2csv.py:129} INFO - ✅ HOÀN THÀNH TASK: ingest_daily_price
[2026-02-22T14:51:43.506+0000] {datalake_df2csv.py:130} INFO - ================================================================================
[2026-02-22T14:51:43.520+0000] {taskinstance.py:441} INFO - ::group::Post task execution logs
[2026-02-22T14:51:43.570+0000] {taskinstance.py:1206} INFO - Marking task as SUCCESS. dag_id=daily_price, task_id=ingest_daily_price, run_id=scheduled__2026-02-19T16:00:00+00:00, map_index=168, execution_date=20260219T160000, start_date=20260222T145134, end_date=20260222T145143
[2026-02-22T14:51:43.694+0000] {local_task_job_runner.py:243} INFO - Task exited with return code 0
[2026-02-22T14:51:43.725+0000] {taskinstance.py:3503} INFO - 0 downstream tasks scheduled from follow-on schedule check
[2026-02-22T14:51:43.730+0000] {local_task_job_runner.py:222} INFO - ::endgroup::
