[2026-04-21T01:29:05.565+0000] {local_task_job_runner.py:120} INFO - ::group::Pre task execution logs
[2026-04-21T01:29:05.622+0000] {taskinstance.py:2076} INFO - Dependencies all met for dep_context=non-requeueable deps ti=<TaskInstance: daily_price.ingest_daily_price scheduled__2026-04-17T16:00:00+00:00 map_index=235 [queued]>
[2026-04-21T01:29:05.668+0000] {taskinstance.py:2076} INFO - Dependencies all met for dep_context=requeueable deps ti=<TaskInstance: daily_price.ingest_daily_price scheduled__2026-04-17T16:00:00+00:00 map_index=235 [queued]>
[2026-04-21T01:29:05.669+0000] {taskinstance.py:2306} INFO - Starting attempt 1 of 2
[2026-04-21T01:29:05.701+0000] {taskinstance.py:2330} INFO - Executing <Mapped(DfToCsvOperator): ingest_daily_price> on 2026-04-17 16:00:00+00:00
[2026-04-21T01:29:05.718+0000] {warnings.py:112} WARNING - This process (pid=2137) is multi-threaded, use of fork() may lead to deadlocks in the child.

[2026-04-21T01:29:05.720+0000] {standard_task_runner.py:64} INFO - Started process 2198 to run task
[2026-04-21T01:29:05.729+0000] {standard_task_runner.py:90} INFO - Running: ['***', 'tasks', 'run', 'daily_price', 'ingest_daily_price', 'scheduled__2026-04-17T16:00:00+00:00', '--job-id', '44154', '--raw', '--subdir', 'DAGS_FOLDER/dl_dailly_price.py', '--cfg-path', '/tmp/tmpnzrqd0ol', '--map-index', '235']
[2026-04-21T01:29:05.735+0000] {standard_task_runner.py:91} INFO - Job 44154: Subtask ingest_daily_price
[2026-04-21T01:29:05.846+0000] {task_command.py:426} INFO - Running <TaskInstance: daily_price.ingest_daily_price scheduled__2026-04-17T16:00:00+00:00 map_index=235 [running]> on host 582423675ff6
[2026-04-21T01:29:06.459+0000] {taskinstance.py:2648} INFO - Exporting env vars: AIRFLOW_CTX_DAG_OWNER='***' AIRFLOW_CTX_DAG_ID='daily_price' AIRFLOW_CTX_TASK_ID='ingest_daily_price' AIRFLOW_CTX_EXECUTION_DATE='2026-04-17T16:00:00+00:00' AIRFLOW_CTX_TRY_NUMBER='1' AIRFLOW_CTX_DAG_RUN_ID='scheduled__2026-04-17T16:00:00+00:00'
[2026-04-21T01:29:06.461+0000] {taskinstance.py:430} INFO - ::endgroup::
[2026-04-21T01:29:06.461+0000] {datalake_df2csv.py:40} INFO - ================================================================================
[2026-04-21T01:29:06.462+0000] {datalake_df2csv.py:41} INFO - 🚀 BẮT ĐẦU TASK: ingest_daily_price
[2026-04-21T01:29:06.463+0000] {datalake_df2csv.py:42} INFO - ================================================================================
[2026-04-21T01:29:06.463+0000] {datalake_df2csv.py:43} INFO - 📋 Thông tin cấu hình:
[2026-04-21T01:29:06.463+0000] {datalake_df2csv.py:44} INFO -   - Logic file: history_price
[2026-04-21T01:29:06.464+0000] {datalake_df2csv.py:45} INFO -   - DataFrame name: get_history_price_batch
[2026-04-21T01:29:06.465+0000] {datalake_df2csv.py:46} INFO -   - Bucket: thongtin-congty-va-bctc
[2026-04-21T01:29:06.465+0000] {datalake_df2csv.py:47} INFO -   - Object path: daily_price/2026-04-17/batch_235.csv
[2026-04-21T01:29:06.465+0000] {datalake_df2csv.py:48} INFO -   - Connection ID: minio_finance
[2026-04-21T01:29:06.466+0000] {datalake_df2csv.py:49} INFO -   - Tham số truyền vào: {'symbols': ['DDH', 'VPC', 'C32', 'VIX', 'TTZ'], 'start_date': '2026-04-17', 'end_date': '2026-04-18'}
[2026-04-21T01:29:06.466+0000] {datalake_df2csv.py:50} INFO - --------------------------------------------------------------------------------
[2026-04-21T01:29:06.467+0000] {datalake_df2csv.py:54} INFO - 📥 Bước 1: Đang load dữ liệu từ logic file...
[2026-04-21T01:29:06.471+0000] {datalake_df2csv.py:148} INFO -   - Logic directory: /opt/airflow/plugins/logic
[2026-04-21T01:29:06.472+0000] {datalake_df2csv.py:149} INFO -   - Module path: /opt/airflow/plugins/logic/history_price.py
[2026-04-21T01:29:06.473+0000] {datalake_df2csv.py:153} INFO -   - Đã thêm logic directory vào sys.path
[2026-04-21T01:29:06.475+0000] {datalake_df2csv.py:159} INFO -   - Đang load module 'history_price'...
[2026-04-21T01:29:06.481+0000] {datalake_df2csv.py:163} INFO -   - ✅ Module loaded thành công
[2026-04-21T01:29:06.482+0000] {datalake_df2csv.py:165} INFO -   - Đang tìm DataFrame/function: 'get_history_price_batch'...
[2026-04-21T01:29:06.482+0000] {datalake_df2csv.py:170} INFO -   - ✅ Tìm thấy object: function
[2026-04-21T01:29:06.483+0000] {datalake_df2csv.py:173} INFO -   - Đang gọi function với tham số: {'symbols': ['DDH', 'VPC', 'C32', 'VIX', 'TTZ'], 'start_date': '2026-04-17', 'end_date': '2026-04-18'}
[2026-04-21T01:29:11.245+0000] {datalake_df2csv.py:68} INFO - ✅ Load dữ liệu thành công!
[2026-04-21T01:29:11.246+0000] {datalake_df2csv.py:69} INFO - 📊 Thông tin DataFrame:
[2026-04-21T01:29:11.246+0000] {datalake_df2csv.py:70} INFO -   - Số dòng: 10
[2026-04-21T01:29:11.248+0000] {datalake_df2csv.py:71} INFO -   - Số cột: 7
[2026-04-21T01:29:11.249+0000] {datalake_df2csv.py:72} INFO -   - Tên các cột: ['ticker', 'trading_date', 'open', 'high', 'low', 'close', 'volume']
[2026-04-21T01:29:11.251+0000] {datalake_df2csv.py:73} INFO -   - Kiểu dữ liệu: {'ticker': 'object', 'trading_date': 'object', 'open': 'float64', 'high': 'float64', 'low': 'float64', 'close': 'float64', 'volume': 'int64'}
[2026-04-21T01:29:11.255+0000] {datalake_df2csv.py:74} INFO -   - Bộ nhớ sử dụng: 0.00 MB
[2026-04-21T01:29:11.268+0000] {datalake_df2csv.py:83} INFO -   - Không có giá trị NULL
[2026-04-21T01:29:11.277+0000] {datalake_df2csv.py:86} INFO -   - Mẫu dữ liệu (5 dòng đầu):
[2026-04-21T01:29:11.279+0000] {datalake_df2csv.py:88} INFO -     Row 0: {'ticker': 'DDH', 'trading_date': '2026-03-02', 'open': 5.5, 'high': 5.5, 'low': 5.5, 'close': 5.5, 'volume': 200}
[2026-04-21T01:29:11.280+0000] {datalake_df2csv.py:88} INFO -     Row 1: {'ticker': 'DDH', 'trading_date': '2026-03-05', 'open': 6.3, 'high': 6.3, 'low': 6.3, 'close': 6.3, 'volume': 300}
[2026-04-21T01:29:11.281+0000] {datalake_df2csv.py:88} INFO -     Row 2: {'ticker': 'VPC', 'trading_date': '2026-04-03', 'open': 3.1, 'high': 3.1, 'low': 3.1, 'close': 3.1, 'volume': 200}
[2026-04-21T01:29:11.281+0000] {datalake_df2csv.py:88} INFO -     Row 3: {'ticker': 'VPC', 'trading_date': '2026-04-10', 'open': 2.7, 'high': 3.5, 'low': 2.7, 'close': 3.5, 'volume': 700}
[2026-04-21T01:29:11.283+0000] {datalake_df2csv.py:88} INFO -     Row 4: {'ticker': 'C32', 'trading_date': '2026-04-16', 'open': 10.5, 'high': 10.5, 'low': 10.3, 'close': 10.5, 'volume': 26300}
[2026-04-21T01:29:11.284+0000] {datalake_df2csv.py:90} INFO - --------------------------------------------------------------------------------
[2026-04-21T01:29:11.285+0000] {datalake_df2csv.py:93} INFO - 📝 Bước 2: Đang chuyển đổi DataFrame sang CSV...
[2026-04-21T01:29:11.291+0000] {datalake_df2csv.py:97} INFO - ✅ Chuyển đổi CSV thành công!
[2026-04-21T01:29:11.298+0000] {datalake_df2csv.py:98} INFO -   - Kích thước file: 0.00 MB
[2026-04-21T01:29:11.299+0000] {datalake_df2csv.py:99} INFO -   - Thời gian chuyển đổi: 0.01 giây
[2026-04-21T01:29:11.299+0000] {datalake_df2csv.py:100} INFO - --------------------------------------------------------------------------------
[2026-04-21T01:29:11.299+0000] {datalake_df2csv.py:103} INFO - ☁️  Bước 3: Đang upload lên MinIO/S3...
[2026-04-21T01:29:11.334+0000] {base.py:84} INFO - Using connection ID 'minio_finance' for task execution.
[2026-04-21T01:29:11.335+0000] {connection_wrapper.py:384} INFO - AWS Connection (conn_id='minio_finance', conn_type='aws') credentials retrieved from login and password.
[2026-04-21T01:29:12.424+0000] {datalake_df2csv.py:112} INFO -   - Bucket 'thongtin-congty-va-bctc' đã tồn tại
[2026-04-21T01:29:12.572+0000] {datalake_df2csv.py:117} INFO - ✅ Upload thành công!
[2026-04-21T01:29:12.573+0000] {datalake_df2csv.py:118} INFO -   - Đường dẫn: s3://thongtin-congty-va-bctc/daily_price/2026-04-17/batch_235.csv
[2026-04-21T01:29:12.573+0000] {datalake_df2csv.py:119} INFO -   - Số dòng: 10
[2026-04-21T01:29:12.574+0000] {datalake_df2csv.py:120} INFO -   - Thời gian upload: 1.27 giây
[2026-04-21T01:29:12.575+0000] {datalake_df2csv.py:121} INFO - --------------------------------------------------------------------------------
[2026-04-21T01:29:12.576+0000] {datalake_df2csv.py:125} INFO - 📈 TỔNG KẾT:
[2026-04-21T01:29:12.580+0000] {datalake_df2csv.py:126} INFO -   - Tổng thời gian thực thi: 6.11 giây
[2026-04-21T01:29:12.581+0000] {datalake_df2csv.py:127} INFO -   - Tốc độ xử lý: 2 dòng/giây
[2026-04-21T01:29:12.581+0000] {datalake_df2csv.py:128} INFO - ================================================================================
[2026-04-21T01:29:12.583+0000] {datalake_df2csv.py:129} INFO - ✅ HOÀN THÀNH TASK: ingest_daily_price
[2026-04-21T01:29:12.583+0000] {datalake_df2csv.py:130} INFO - ================================================================================
[2026-04-21T01:29:12.585+0000] {taskinstance.py:441} INFO - ::group::Post task execution logs
[2026-04-21T01:29:12.601+0000] {taskinstance.py:1206} INFO - Marking task as SUCCESS. dag_id=daily_price, task_id=ingest_daily_price, run_id=scheduled__2026-04-17T16:00:00+00:00, map_index=235, execution_date=20260417T160000, start_date=20260421T012905, end_date=20260421T012912
[2026-04-21T01:29:12.662+0000] {local_task_job_runner.py:243} INFO - Task exited with return code 0
[2026-04-21T01:29:12.689+0000] {taskinstance.py:3503} INFO - 0 downstream tasks scheduled from follow-on schedule check
[2026-04-21T01:29:12.693+0000] {local_task_job_runner.py:222} INFO - ::endgroup::
