[2026-01-19T13:49:55.196+0000] {local_task_job_runner.py:120} INFO - ::group::Pre task execution logs
[2026-01-19T13:49:55.213+0000] {taskinstance.py:2076} INFO - Dependencies all met for dep_context=non-requeueable deps ti=<TaskInstance: gold_oil_dowjone_etl.ingest_dowjones_index manual__2026-01-19T13:49:50+00:00 [queued]>
[2026-01-19T13:49:55.222+0000] {taskinstance.py:2076} INFO - Dependencies all met for dep_context=requeueable deps ti=<TaskInstance: gold_oil_dowjone_etl.ingest_dowjones_index manual__2026-01-19T13:49:50+00:00 [queued]>
[2026-01-19T13:49:55.223+0000] {taskinstance.py:2306} INFO - Starting attempt 1 of 2
[2026-01-19T13:49:55.236+0000] {taskinstance.py:2330} INFO - Executing <Task(DfToCsvOperator): ingest_dowjones_index> on 2026-01-19 13:49:50+00:00
[2026-01-19T13:49:55.245+0000] {warnings.py:112} WARNING - This process (pid=1270) is multi-threaded, use of fork() may lead to deadlocks in the child.

[2026-01-19T13:49:55.246+0000] {standard_task_runner.py:64} INFO - Started process 1300 to run task
[2026-01-19T13:49:55.249+0000] {standard_task_runner.py:90} INFO - Running: ['***', 'tasks', 'run', 'gold_oil_dowjone_etl', 'ingest_dowjones_index', 'manual__2026-01-19T13:49:50+00:00', '--job-id', '3056', '--raw', '--subdir', 'DAGS_FOLDER/gold_oil_dowjone_etl.py', '--cfg-path', '/tmp/tmpln_ru_79']
[2026-01-19T13:49:55.253+0000] {standard_task_runner.py:91} INFO - Job 3056: Subtask ingest_dowjones_index
[2026-01-19T13:49:55.307+0000] {task_command.py:426} INFO - Running <TaskInstance: gold_oil_dowjone_etl.ingest_dowjones_index manual__2026-01-19T13:49:50+00:00 [running]> on host 8cee9c20419f
[2026-01-19T13:49:55.422+0000] {taskinstance.py:2648} INFO - Exporting env vars: AIRFLOW_CTX_DAG_OWNER='***' AIRFLOW_CTX_DAG_ID='gold_oil_dowjone_etl' AIRFLOW_CTX_TASK_ID='ingest_dowjones_index' AIRFLOW_CTX_EXECUTION_DATE='2026-01-19T13:49:50+00:00' AIRFLOW_CTX_TRY_NUMBER='1' AIRFLOW_CTX_DAG_RUN_ID='manual__2026-01-19T13:49:50+00:00'
[2026-01-19T13:49:55.423+0000] {taskinstance.py:430} INFO - ::endgroup::
[2026-01-19T13:49:55.879+0000] {history.py:276} ERROR - $^DJI: possibly delisted; no price data found  (1d 2026-01-19 -> 2026-01-20)
[2026-01-19T13:49:55.880+0000] {logging_mixin.py:188} INFO - ⚠️ No Dow Jones index data found for period 2026-01-19 to 2026-01-20
[2026-01-19T13:49:55.882+0000] {datalake_df2csv.py:40} INFO - DataFrame rỗng, bỏ qua upload CSV.
[2026-01-19T13:49:55.883+0000] {taskinstance.py:441} INFO - ::group::Post task execution logs
[2026-01-19T13:49:55.892+0000] {taskinstance.py:1206} INFO - Marking task as SUCCESS. dag_id=gold_oil_dowjone_etl, task_id=ingest_dowjones_index, run_id=manual__2026-01-19T13:49:50+00:00, execution_date=20260119T134950, start_date=20260119T134955, end_date=20260119T134955
[2026-01-19T13:49:55.943+0000] {local_task_job_runner.py:243} INFO - Task exited with return code 0
[2026-01-19T13:49:55.960+0000] {taskinstance.py:3503} INFO - 0 downstream tasks scheduled from follow-on schedule check
[2026-01-19T13:49:55.963+0000] {local_task_job_runner.py:222} INFO - ::endgroup::
