[2026-02-22T02:34:09.607+0000] {local_task_job_runner.py:120} INFO - ::group::Pre task execution logs
[2026-02-22T02:34:09.678+0000] {taskinstance.py:2076} INFO - Dependencies all met for dep_context=non-requeueable deps ti=<TaskInstance: electric_board_daily.ingest_electric_board scheduled__2026-02-19T16:00:00+00:00 map_index=14 [queued]>
[2026-02-22T02:34:09.726+0000] {taskinstance.py:2076} INFO - Dependencies all met for dep_context=requeueable deps ti=<TaskInstance: electric_board_daily.ingest_electric_board scheduled__2026-02-19T16:00:00+00:00 map_index=14 [queued]>
[2026-02-22T02:34:09.728+0000] {taskinstance.py:2306} INFO - Starting attempt 1 of 3
[2026-02-22T02:34:09.796+0000] {taskinstance.py:2330} INFO - Executing <Mapped(DfToCsvOperator): ingest_electric_board> on 2026-02-19 16:00:00+00:00
[2026-02-22T02:34:09.842+0000] {warnings.py:112} WARNING - This process (pid=955) is multi-threaded, use of fork() may lead to deadlocks in the child.

[2026-02-22T02:34:09.845+0000] {standard_task_runner.py:64} INFO - Started process 1011 to run task
[2026-02-22T02:34:09.847+0000] {standard_task_runner.py:90} INFO - Running: ['***', 'tasks', 'run', 'electric_board_daily', 'ingest_electric_board', 'scheduled__2026-02-19T16:00:00+00:00', '--job-id', '23750', '--raw', '--subdir', 'DAGS_FOLDER/dl_electric_board.py', '--cfg-path', '/tmp/tmpijwpt1p2', '--map-index', '14']
[2026-02-22T02:34:09.852+0000] {standard_task_runner.py:91} INFO - Job 23750: Subtask ingest_electric_board
[2026-02-22T02:34:09.988+0000] {task_command.py:426} INFO - Running <TaskInstance: electric_board_daily.ingest_electric_board scheduled__2026-02-19T16:00:00+00:00 map_index=14 [running]> on host 1b22f72dc705
[2026-02-22T02:34:10.302+0000] {taskinstance.py:2648} INFO - Exporting env vars: AIRFLOW_CTX_DAG_OWNER='***' AIRFLOW_CTX_DAG_ID='electric_board_daily' AIRFLOW_CTX_TASK_ID='ingest_electric_board' AIRFLOW_CTX_EXECUTION_DATE='2026-02-19T16:00:00+00:00' AIRFLOW_CTX_TRY_NUMBER='1' AIRFLOW_CTX_DAG_RUN_ID='scheduled__2026-02-19T16:00:00+00:00'
[2026-02-22T02:34:10.306+0000] {taskinstance.py:430} INFO - ::endgroup::
[2026-02-22T02:34:10.310+0000] {datalake_df2csv.py:40} INFO - ================================================================================
[2026-02-22T02:34:10.312+0000] {datalake_df2csv.py:41} INFO - 🚀 BẮT ĐẦU TASK: ingest_electric_board
[2026-02-22T02:34:10.313+0000] {datalake_df2csv.py:42} INFO - ================================================================================
[2026-02-22T02:34:10.315+0000] {datalake_df2csv.py:43} INFO - 📋 Thông tin cấu hình:
[2026-02-22T02:34:10.317+0000] {datalake_df2csv.py:44} INFO -   - Logic file: electric_board
[2026-02-22T02:34:10.320+0000] {datalake_df2csv.py:45} INFO -   - DataFrame name: get_price_board_batch
[2026-02-22T02:34:10.321+0000] {datalake_df2csv.py:46} INFO -   - Bucket: thongtin-congty-va-bctc
[2026-02-22T02:34:10.330+0000] {datalake_df2csv.py:47} INFO -   - Object path: electric_board_per_day/2026-02-19/batch_14.csv
[2026-02-22T02:34:10.331+0000] {datalake_df2csv.py:48} INFO -   - Connection ID: minio_finance
[2026-02-22T02:34:10.336+0000] {datalake_df2csv.py:49} INFO -   - Tham số truyền vào: {'symbols': ['VEC', 'BCP', 'USD', 'SGC', 'TL4', 'VLP', 'CVT', 'CTW', 'DZM', 'SZG', 'NVP', 'KGM', 'DGW', 'DRL', 'APF', 'APC', 'SWC', 'ALT', 'CKA', 'HGT', 'MCM', 'VAF', 'TTD', 'KHS', 'X26', 'MHL', 'DXG', 'SVT', 'EMG', 'IDJ', 'DCT', 'VIG', 'LHC', 'PHC', 'PAT', 'PAN', 'BCR', 'BRC', 'SGS', 'VPS', 'IPA', 'DTC', 'TCT', 'PSB', 'GHC', 'PNJ', 'VXP', 'PVX', 'VAV', 'PBC'], 'trading_date': '2026-02-19'}
[2026-02-22T02:34:10.339+0000] {datalake_df2csv.py:50} INFO - --------------------------------------------------------------------------------
[2026-02-22T02:34:10.343+0000] {datalake_df2csv.py:54} INFO - 📥 Bước 1: Đang load dữ liệu từ logic file...
[2026-02-22T02:34:10.374+0000] {datalake_df2csv.py:148} INFO -   - Logic directory: /opt/airflow/plugins/logic
[2026-02-22T02:34:10.376+0000] {datalake_df2csv.py:149} INFO -   - Module path: /opt/airflow/plugins/logic/electric_board.py
[2026-02-22T02:34:10.377+0000] {datalake_df2csv.py:153} INFO -   - Đã thêm logic directory vào sys.path
[2026-02-22T02:34:10.378+0000] {datalake_df2csv.py:159} INFO -   - Đang load module 'electric_board'...
[2026-02-22T02:34:10.386+0000] {datalake_df2csv.py:163} INFO -   - ✅ Module loaded thành công
[2026-02-22T02:34:10.387+0000] {datalake_df2csv.py:165} INFO -   - Đang tìm DataFrame/function: 'get_price_board_batch'...
[2026-02-22T02:34:10.389+0000] {datalake_df2csv.py:170} INFO -   - ✅ Tìm thấy object: function
[2026-02-22T02:34:10.389+0000] {datalake_df2csv.py:173} INFO -   - Đang gọi function với tham số: {'symbols': ['VEC', 'BCP', 'USD', 'SGC', 'TL4', 'VLP', 'CVT', 'CTW', 'DZM', 'SZG', 'NVP', 'KGM', 'DGW', 'DRL', 'APF', 'APC', 'SWC', 'ALT', 'CKA', 'HGT', 'MCM', 'VAF', 'TTD', 'KHS', 'X26', 'MHL', 'DXG', 'SVT', 'EMG', 'IDJ', 'DCT', 'VIG', 'LHC', 'PHC', 'PAT', 'PAN', 'BCR', 'BRC', 'SGS', 'VPS', 'IPA', 'DTC', 'TCT', 'PSB', 'GHC', 'PNJ', 'VXP', 'PVX', 'VAV', 'PBC'], 'trading_date': '2026-02-19'}
[2026-02-22T02:34:10.391+0000] {logging_mixin.py:188} INFO - [ELECTRIC_BOARD] Fetching price board for 50 symbols: ['VEC', 'BCP', 'USD', 'SGC', 'TL4']...
[2026-02-22T02:34:12.968+0000] {logging_mixin.py:188} INFO - [ELECTRIC_BOARD] ✅ Fetched 50 rows, 1 columns
[2026-02-22T02:34:12.971+0000] {datalake_df2csv.py:68} INFO - ✅ Load dữ liệu thành công!
[2026-02-22T02:34:12.975+0000] {datalake_df2csv.py:69} INFO - 📊 Thông tin DataFrame:
[2026-02-22T02:34:12.976+0000] {datalake_df2csv.py:70} INFO -   - Số dòng: 50
[2026-02-22T02:34:12.984+0000] {datalake_df2csv.py:71} INFO -   - Số cột: 1
[2026-02-22T02:34:12.987+0000] {datalake_df2csv.py:72} INFO -   - Tên các cột: ['trading_date']
[2026-02-22T02:34:12.990+0000] {datalake_df2csv.py:73} INFO -   - Kiểu dữ liệu: {'trading_date': 'object'}
[2026-02-22T02:34:12.995+0000] {datalake_df2csv.py:74} INFO -   - Bộ nhớ sử dụng: 0.00 MB
[2026-02-22T02:34:12.997+0000] {datalake_df2csv.py:83} INFO -   - Không có giá trị NULL
[2026-02-22T02:34:12.998+0000] {datalake_df2csv.py:86} INFO -   - Mẫu dữ liệu (5 dòng đầu):
[2026-02-22T02:34:12.999+0000] {datalake_df2csv.py:88} INFO -     Row 0: {'trading_date': '2026-02-19'}
[2026-02-22T02:34:13.001+0000] {datalake_df2csv.py:88} INFO -     Row 1: {'trading_date': '2026-02-19'}
[2026-02-22T02:34:13.003+0000] {datalake_df2csv.py:88} INFO -     Row 2: {'trading_date': '2026-02-19'}
[2026-02-22T02:34:13.006+0000] {datalake_df2csv.py:88} INFO -     Row 3: {'trading_date': '2026-02-19'}
[2026-02-22T02:34:13.007+0000] {datalake_df2csv.py:88} INFO -     Row 4: {'trading_date': '2026-02-19'}
[2026-02-22T02:34:13.008+0000] {datalake_df2csv.py:90} INFO - --------------------------------------------------------------------------------
[2026-02-22T02:34:13.010+0000] {datalake_df2csv.py:93} INFO - 📝 Bước 2: Đang chuyển đổi DataFrame sang CSV...
[2026-02-22T02:34:13.017+0000] {datalake_df2csv.py:97} INFO - ✅ Chuyển đổi CSV thành công!
[2026-02-22T02:34:13.019+0000] {datalake_df2csv.py:98} INFO -   - Kích thước file: 0.00 MB
[2026-02-22T02:34:13.021+0000] {datalake_df2csv.py:99} INFO -   - Thời gian chuyển đổi: 0.01 giây
[2026-02-22T02:34:13.021+0000] {datalake_df2csv.py:100} INFO - --------------------------------------------------------------------------------
[2026-02-22T02:34:13.022+0000] {datalake_df2csv.py:103} INFO - ☁️  Bước 3: Đang upload lên MinIO/S3...
[2026-02-22T02:34:13.053+0000] {base.py:84} INFO - Using connection ID 'minio_finance' for task execution.
[2026-02-22T02:34:13.056+0000] {connection_wrapper.py:384} INFO - AWS Connection (conn_id='minio_finance', conn_type='aws') credentials retrieved from login and password.
[2026-02-22T02:34:14.946+0000] {datalake_df2csv.py:112} INFO -   - Bucket 'thongtin-congty-va-bctc' đã tồn tại
[2026-02-22T02:34:15.223+0000] {datalake_df2csv.py:117} INFO - ✅ Upload thành công!
[2026-02-22T02:34:15.224+0000] {datalake_df2csv.py:118} INFO -   - Đường dẫn: s3://thongtin-congty-va-bctc/electric_board_per_day/2026-02-19/batch_14.csv
[2026-02-22T02:34:15.225+0000] {datalake_df2csv.py:119} INFO -   - Số dòng: 50
[2026-02-22T02:34:15.225+0000] {datalake_df2csv.py:120} INFO -   - Thời gian upload: 2.20 giây
[2026-02-22T02:34:15.230+0000] {datalake_df2csv.py:121} INFO - --------------------------------------------------------------------------------
[2026-02-22T02:34:15.232+0000] {datalake_df2csv.py:125} INFO - 📈 TỔNG KẾT:
[2026-02-22T02:34:15.233+0000] {datalake_df2csv.py:126} INFO -   - Tổng thời gian thực thi: 4.92 giây
[2026-02-22T02:34:15.234+0000] {datalake_df2csv.py:127} INFO -   - Tốc độ xử lý: 10 dòng/giây
[2026-02-22T02:34:15.234+0000] {datalake_df2csv.py:128} INFO - ================================================================================
[2026-02-22T02:34:15.234+0000] {datalake_df2csv.py:129} INFO - ✅ HOÀN THÀNH TASK: ingest_electric_board
[2026-02-22T02:34:15.235+0000] {datalake_df2csv.py:130} INFO - ================================================================================
[2026-02-22T02:34:15.237+0000] {taskinstance.py:441} INFO - ::group::Post task execution logs
[2026-02-22T02:34:15.259+0000] {taskinstance.py:1206} INFO - Marking task as SUCCESS. dag_id=electric_board_daily, task_id=ingest_electric_board, run_id=scheduled__2026-02-19T16:00:00+00:00, map_index=14, execution_date=20260219T160000, start_date=20260222T023409, end_date=20260222T023415
[2026-02-22T02:34:15.383+0000] {local_task_job_runner.py:243} INFO - Task exited with return code 0
[2026-02-22T02:34:15.429+0000] {taskinstance.py:3503} INFO - 0 downstream tasks scheduled from follow-on schedule check
[2026-02-22T02:34:15.460+0000] {local_task_job_runner.py:222} INFO - ::endgroup::
