[2026-01-18T03:27:26.625+0000] {local_task_job_runner.py:120} INFO - ::group::Pre task execution logs
[2026-01-18T03:27:26.643+0000] {taskinstance.py:2076} INFO - Dependencies all met for dep_context=non-requeueable deps ti=<TaskInstance: backup_db.sync_macro_economy manual__2026-01-18T03:26:36.121345+00:00 [queued]>
[2026-01-18T03:27:26.652+0000] {taskinstance.py:2076} INFO - Dependencies all met for dep_context=requeueable deps ti=<TaskInstance: backup_db.sync_macro_economy manual__2026-01-18T03:26:36.121345+00:00 [queued]>
[2026-01-18T03:27:26.653+0000] {taskinstance.py:2306} INFO - Starting attempt 1 of 3
[2026-01-18T03:27:26.665+0000] {taskinstance.py:2330} INFO - Executing <Task(_PythonDecoratedOperator): sync_macro_economy> on 2026-01-18 03:26:36.121345+00:00
[2026-01-18T03:27:26.676+0000] {warnings.py:112} WARNING - This process (pid=3371) is multi-threaded, use of fork() may lead to deadlocks in the child.

[2026-01-18T03:27:26.678+0000] {standard_task_runner.py:64} INFO - Started process 3390 to run task
[2026-01-18T03:27:26.679+0000] {standard_task_runner.py:90} INFO - Running: ['***', 'tasks', 'run', 'backup_db', 'sync_macro_economy', 'manual__2026-01-18T03:26:36.121345+00:00', '--job-id', '1773', '--raw', '--subdir', 'DAGS_FOLDER/minio_to_db_sync_dedup.py', '--cfg-path', '/tmp/tmp11m0ey58']
[2026-01-18T03:27:26.684+0000] {standard_task_runner.py:91} INFO - Job 1773: Subtask sync_macro_economy
[2026-01-18T03:27:26.733+0000] {task_command.py:426} INFO - Running <TaskInstance: backup_db.sync_macro_economy manual__2026-01-18T03:26:36.121345+00:00 [running]> on host 5ae19da926ef
[2026-01-18T03:27:26.837+0000] {taskinstance.py:2648} INFO - Exporting env vars: AIRFLOW_CTX_DAG_OWNER='***' AIRFLOW_CTX_DAG_ID='backup_db' AIRFLOW_CTX_TASK_ID='sync_macro_economy' AIRFLOW_CTX_EXECUTION_DATE='2026-01-18T03:26:36.121345+00:00' AIRFLOW_CTX_TRY_NUMBER='1' AIRFLOW_CTX_DAG_RUN_ID='manual__2026-01-18T03:26:36.121345+00:00'
[2026-01-18T03:27:26.839+0000] {taskinstance.py:430} INFO - ::endgroup::
[2026-01-18T03:27:26.846+0000] {logging_mixin.py:188} INFO - ======================================================================
[2026-01-18T03:27:26.847+0000] {logging_mixin.py:188} INFO - 📊 SYNC MACRO ECONOMY TO DATABASE
[2026-01-18T03:27:26.847+0000] {logging_mixin.py:188} INFO - ======================================================================
[2026-01-18T03:27:26.848+0000] {logging_mixin.py:188} INFO - 
--- Processing XAU ---
[2026-01-18T03:27:26.858+0000] {base.py:84} INFO - Using connection ID 'minio_finance' for task execution.
[2026-01-18T03:27:26.860+0000] {connection_wrapper.py:384} INFO - AWS Connection (conn_id='minio_finance', conn_type='aws') credentials retrieved from login and password.
[2026-01-18T03:27:27.672+0000] {logging_mixin.py:188} INFO - ✓ Latest partition found: macro_economy/xau/2026-01-17/
[2026-01-18T03:27:27.679+0000] {base.py:84} INFO - Using connection ID 'minio_finance' for task execution.
[2026-01-18T03:27:27.679+0000] {connection_wrapper.py:384} INFO - AWS Connection (conn_id='minio_finance', conn_type='aws') credentials retrieved from login and password.
[2026-01-18T03:27:27.833+0000] {base.py:84} INFO - Using connection ID 'minio_finance' for task execution.
[2026-01-18T03:27:27.834+0000] {connection_wrapper.py:384} INFO - AWS Connection (conn_id='minio_finance', conn_type='aws') credentials retrieved from login and password.
[2026-01-18T03:27:27.942+0000] {logging_mixin.py:188} INFO - ✓ Read 1 rows from macro_economy/xau/2026-01-17/data.csv
[2026-01-18T03:27:27.943+0000] {logging_mixin.py:188} INFO - 
--- Processing OIL ---
[2026-01-18T03:27:27.949+0000] {base.py:84} INFO - Using connection ID 'minio_finance' for task execution.
[2026-01-18T03:27:27.950+0000] {connection_wrapper.py:384} INFO - AWS Connection (conn_id='minio_finance', conn_type='aws') credentials retrieved from login and password.
[2026-01-18T03:27:28.106+0000] {logging_mixin.py:188} INFO - ✓ Latest partition found: macro_economy/oil/2026-01-17/
[2026-01-18T03:27:28.113+0000] {base.py:84} INFO - Using connection ID 'minio_finance' for task execution.
[2026-01-18T03:27:28.114+0000] {connection_wrapper.py:384} INFO - AWS Connection (conn_id='minio_finance', conn_type='aws') credentials retrieved from login and password.
[2026-01-18T03:27:28.265+0000] {base.py:84} INFO - Using connection ID 'minio_finance' for task execution.
[2026-01-18T03:27:28.266+0000] {connection_wrapper.py:384} INFO - AWS Connection (conn_id='minio_finance', conn_type='aws') credentials retrieved from login and password.
[2026-01-18T03:27:28.381+0000] {logging_mixin.py:188} INFO - ✓ Read 1 rows from macro_economy/oil/2026-01-17/data.csv
[2026-01-18T03:27:28.382+0000] {logging_mixin.py:188} INFO - 
--- Processing DJI ---
[2026-01-18T03:27:28.389+0000] {base.py:84} INFO - Using connection ID 'minio_finance' for task execution.
[2026-01-18T03:27:28.389+0000] {connection_wrapper.py:384} INFO - AWS Connection (conn_id='minio_finance', conn_type='aws') credentials retrieved from login and password.
[2026-01-18T03:27:28.542+0000] {logging_mixin.py:188} INFO - ✓ Latest partition found: macro_economy/dowjone/2026-01-17/
[2026-01-18T03:27:28.549+0000] {base.py:84} INFO - Using connection ID 'minio_finance' for task execution.
[2026-01-18T03:27:28.550+0000] {connection_wrapper.py:384} INFO - AWS Connection (conn_id='minio_finance', conn_type='aws') credentials retrieved from login and password.
[2026-01-18T03:27:29.094+0000] {base.py:84} INFO - Using connection ID 'minio_finance' for task execution.
[2026-01-18T03:27:29.095+0000] {connection_wrapper.py:384} INFO - AWS Connection (conn_id='minio_finance', conn_type='aws') credentials retrieved from login and password.
[2026-01-18T03:27:29.236+0000] {logging_mixin.py:188} INFO - ✓ Read 1 rows from macro_economy/dowjone/2026-01-17/data.csv
[2026-01-18T03:27:29.238+0000] {logging_mixin.py:188} INFO - 
Total loaded: 3 rows
[2026-01-18T03:27:29.239+0000] {logging_mixin.py:188} INFO - 
Cleaning and transforming data...
[2026-01-18T03:27:29.256+0000] {logging_mixin.py:188} INFO - After cleaning: 3 rows
[2026-01-18T03:27:29.257+0000] {logging_mixin.py:188} INFO - 
Inserting into database...
[2026-01-18T03:27:29.264+0000] {logging_mixin.py:188} INFO - ✓ Schema hethong_phantich_chungkhoan ensured
[2026-01-18T03:27:29.270+0000] {logging_mixin.py:188} INFO - Deleted 0 existing rows
[2026-01-18T03:27:29.274+0000] {logging_mixin.py:188} INFO - ✅ Inserted 3 rows
[2026-01-18T03:27:29.275+0000] {python.py:237} INFO - Done. Returned value was: ✅ Success: 3 rows
[2026-01-18T03:27:29.275+0000] {taskinstance.py:441} INFO - ::group::Post task execution logs
[2026-01-18T03:27:29.312+0000] {taskinstance.py:1206} INFO - Marking task as SUCCESS. dag_id=backup_db, task_id=sync_macro_economy, run_id=manual__2026-01-18T03:26:36.121345+00:00, execution_date=20260118T032636, start_date=20260118T032726, end_date=20260118T032729
[2026-01-18T03:27:29.380+0000] {local_task_job_runner.py:243} INFO - Task exited with return code 0
[2026-01-18T03:27:29.412+0000] {taskinstance.py:3503} INFO - 1 downstream tasks scheduled from follow-on schedule check
[2026-01-18T03:27:29.414+0000] {local_task_job_runner.py:222} INFO - ::endgroup::
