[2026-03-21T07:39:27.021+0000] {local_task_job_runner.py:120} INFO - ::group::Pre task execution logs
[2026-03-21T07:39:27.064+0000] {taskinstance.py:2076} INFO - Dependencies all met for dep_context=non-requeueable deps ti=<TaskInstance: daily_price.ingest_daily_price scheduled__2026-03-11T16:00:00+00:00 map_index=134 [queued]>
[2026-03-21T07:39:27.090+0000] {taskinstance.py:2076} INFO - Dependencies all met for dep_context=requeueable deps ti=<TaskInstance: daily_price.ingest_daily_price scheduled__2026-03-11T16:00:00+00:00 map_index=134 [queued]>
[2026-03-21T07:39:27.091+0000] {taskinstance.py:2306} INFO - Starting attempt 1 of 2
[2026-03-21T07:39:27.111+0000] {taskinstance.py:2330} INFO - Executing <Mapped(DfToCsvOperator): ingest_daily_price> on 2026-03-11 16:00:00+00:00
[2026-03-21T07:39:27.123+0000] {warnings.py:112} WARNING - This process (pid=2964) is multi-threaded, use of fork() may lead to deadlocks in the child.

[2026-03-21T07:39:27.124+0000] {standard_task_runner.py:64} INFO - Started process 2976 to run task
[2026-03-21T07:39:27.127+0000] {standard_task_runner.py:90} INFO - Running: ['***', 'tasks', 'run', 'daily_price', 'ingest_daily_price', 'scheduled__2026-03-11T16:00:00+00:00', '--job-id', '33464', '--raw', '--subdir', 'DAGS_FOLDER/dl_dailly_price.py', '--cfg-path', '/tmp/tmp2w0o3xf9', '--map-index', '134']
[2026-03-21T07:39:27.130+0000] {standard_task_runner.py:91} INFO - Job 33464: Subtask ingest_daily_price
[2026-03-21T07:39:27.212+0000] {task_command.py:426} INFO - Running <TaskInstance: daily_price.ingest_daily_price scheduled__2026-03-11T16:00:00+00:00 map_index=134 [running]> on host f78ccc25496b
[2026-03-21T07:39:38.247+0000] {taskinstance.py:2648} INFO - Exporting env vars: AIRFLOW_CTX_DAG_OWNER='***' AIRFLOW_CTX_DAG_ID='daily_price' AIRFLOW_CTX_TASK_ID='ingest_daily_price' AIRFLOW_CTX_EXECUTION_DATE='2026-03-11T16:00:00+00:00' AIRFLOW_CTX_TRY_NUMBER='1' AIRFLOW_CTX_DAG_RUN_ID='scheduled__2026-03-11T16:00:00+00:00'
[2026-03-21T07:39:38.249+0000] {taskinstance.py:430} INFO - ::endgroup::
[2026-03-21T07:39:38.254+0000] {datalake_df2csv.py:40} INFO - ================================================================================
[2026-03-21T07:39:38.256+0000] {datalake_df2csv.py:41} INFO - 🚀 BẮT ĐẦU TASK: ingest_daily_price
[2026-03-21T07:39:38.256+0000] {datalake_df2csv.py:42} INFO - ================================================================================
[2026-03-21T07:39:38.257+0000] {datalake_df2csv.py:43} INFO - 📋 Thông tin cấu hình:
[2026-03-21T07:39:38.259+0000] {datalake_df2csv.py:44} INFO -   - Logic file: history_price
[2026-03-21T07:39:38.260+0000] {datalake_df2csv.py:45} INFO -   - DataFrame name: get_history_price_batch
[2026-03-21T07:39:38.261+0000] {datalake_df2csv.py:46} INFO -   - Bucket: thongtin-congty-va-bctc
[2026-03-21T07:39:38.269+0000] {datalake_df2csv.py:47} INFO -   - Object path: daily_price/2026-03-11/batch_134.csv
[2026-03-21T07:39:38.270+0000] {datalake_df2csv.py:48} INFO -   - Connection ID: minio_finance
[2026-03-21T07:39:38.270+0000] {datalake_df2csv.py:49} INFO -   - Tham số truyền vào: {'symbols': ['PTH', 'DC2', 'IDV', 'VFR', 'VC7'], 'start_date': '2026-03-11', 'end_date': '2026-03-12'}
[2026-03-21T07:39:38.276+0000] {datalake_df2csv.py:50} INFO - --------------------------------------------------------------------------------
[2026-03-21T07:39:38.278+0000] {datalake_df2csv.py:54} INFO - 📥 Bước 1: Đang load dữ liệu từ logic file...
[2026-03-21T07:39:38.294+0000] {datalake_df2csv.py:148} INFO -   - Logic directory: /opt/airflow/plugins/logic
[2026-03-21T07:39:38.297+0000] {datalake_df2csv.py:149} INFO -   - Module path: /opt/airflow/plugins/logic/history_price.py
[2026-03-21T07:39:38.304+0000] {datalake_df2csv.py:153} INFO -   - Đã thêm logic directory vào sys.path
[2026-03-21T07:39:38.307+0000] {datalake_df2csv.py:159} INFO -   - Đang load module 'history_price'...
[2026-03-21T07:39:38.323+0000] {datalake_df2csv.py:163} INFO -   - ✅ Module loaded thành công
[2026-03-21T07:39:38.323+0000] {datalake_df2csv.py:165} INFO -   - Đang tìm DataFrame/function: 'get_history_price_batch'...
[2026-03-21T07:39:38.324+0000] {datalake_df2csv.py:170} INFO -   - ✅ Tìm thấy object: function
[2026-03-21T07:39:38.325+0000] {datalake_df2csv.py:173} INFO -   - Đang gọi function với tham số: {'symbols': ['PTH', 'DC2', 'IDV', 'VFR', 'VC7'], 'start_date': '2026-03-11', 'end_date': '2026-03-12'}
[2026-03-21T07:40:04.075+0000] {log.py:232} WARNING - 2026-03-21 07:40:04 - vnstock.core.utils.client - ERROR - API request failed: HTTPSConnectionPool(host='trading.vietcap.com.vn', port=443): Max retries exceeded with url: /api/chart/OHLCChart/gap-chart (Caused by NewConnectionError('<urllib3.connection.HTTPSConnection object at 0x7f3e9c7364e0>: Failed to establish a new connection: [Errno 101] Network is unreachable'))
[2026-03-21T07:40:04.074+0000] {client.py:297} ERROR - API request failed: HTTPSConnectionPool(host='trading.vietcap.com.vn', port=443): Max retries exceeded with url: /api/chart/OHLCChart/gap-chart (Caused by NewConnectionError('<urllib3.connection.HTTPSConnection object at 0x7f3e9c7364e0>: Failed to establish a new connection: [Errno 101] Network is unreachable'))
[2026-03-21T07:40:28.724+0000] {log.py:232} WARNING - 2026-03-21 07:40:28 - vnstock.core.utils.client - ERROR - API request failed: HTTPSConnectionPool(host='trading.vietcap.com.vn', port=443): Max retries exceeded with url: /api/chart/OHLCChart/gap-chart (Caused by NewConnectionError('<urllib3.connection.HTTPSConnection object at 0x7f3e9c1dd6d0>: Failed to establish a new connection: [Errno 101] Network is unreachable'))
[2026-03-21T07:40:28.723+0000] {client.py:297} ERROR - API request failed: HTTPSConnectionPool(host='trading.vietcap.com.vn', port=443): Max retries exceeded with url: /api/chart/OHLCChart/gap-chart (Caused by NewConnectionError('<urllib3.connection.HTTPSConnection object at 0x7f3e9c1dd6d0>: Failed to establish a new connection: [Errno 101] Network is unreachable'))
[2026-03-21T07:40:53.350+0000] {log.py:232} WARNING - 2026-03-21 07:40:53 - vnstock.core.utils.client - ERROR - API request failed: HTTPSConnectionPool(host='trading.vietcap.com.vn', port=443): Max retries exceeded with url: /api/chart/OHLCChart/gap-chart (Caused by NewConnectionError('<urllib3.connection.HTTPSConnection object at 0x7f3e9c1deb40>: Failed to establish a new connection: [Errno 101] Network is unreachable'))
[2026-03-21T07:40:53.350+0000] {client.py:297} ERROR - API request failed: HTTPSConnectionPool(host='trading.vietcap.com.vn', port=443): Max retries exceeded with url: /api/chart/OHLCChart/gap-chart (Caused by NewConnectionError('<urllib3.connection.HTTPSConnection object at 0x7f3e9c1deb40>: Failed to establish a new connection: [Errno 101] Network is unreachable'))
[2026-03-21T07:40:56.104+0000] {datalake_df2csv.py:68} INFO - ✅ Load dữ liệu thành công!
[2026-03-21T07:40:56.105+0000] {datalake_df2csv.py:69} INFO - 📊 Thông tin DataFrame:
[2026-03-21T07:40:56.106+0000] {datalake_df2csv.py:70} INFO -   - Số dòng: 20
[2026-03-21T07:40:56.112+0000] {datalake_df2csv.py:71} INFO -   - Số cột: 7
[2026-03-21T07:40:56.113+0000] {datalake_df2csv.py:72} INFO -   - Tên các cột: ['ticker', 'trading_date', 'open', 'high', 'low', 'close', 'volume']
[2026-03-21T07:40:56.115+0000] {datalake_df2csv.py:73} INFO -   - Kiểu dữ liệu: {'ticker': 'object', 'trading_date': 'object', 'open': 'float64', 'high': 'float64', 'low': 'float64', 'close': 'float64', 'volume': 'int64'}
[2026-03-21T07:40:56.149+0000] {datalake_df2csv.py:74} INFO -   - Bộ nhớ sử dụng: 0.00 MB
[2026-03-21T07:40:56.152+0000] {datalake_df2csv.py:83} INFO -   - Không có giá trị NULL
[2026-03-21T07:40:56.153+0000] {datalake_df2csv.py:86} INFO -   - Mẫu dữ liệu (5 dòng đầu):
[2026-03-21T07:40:56.155+0000] {datalake_df2csv.py:88} INFO -     Row 0: {'ticker': 'PTH', 'trading_date': '2025-06-04', 'open': 10.1, 'high': 10.1, 'low': 10.1, 'close': 10.1, 'volume': 0}
[2026-03-21T07:40:56.156+0000] {datalake_df2csv.py:88} INFO -     Row 1: {'ticker': 'PTH', 'trading_date': '2025-06-05', 'open': 10.1, 'high': 10.1, 'low': 10.1, 'close': 10.1, 'volume': 0}
[2026-03-21T07:40:56.157+0000] {datalake_df2csv.py:88} INFO -     Row 2: {'ticker': 'PTH', 'trading_date': '2025-06-06', 'open': 10.1, 'high': 10.1, 'low': 10.1, 'close': 10.1, 'volume': 0}
[2026-03-21T07:40:56.158+0000] {datalake_df2csv.py:88} INFO -     Row 3: {'ticker': 'PTH', 'trading_date': '2026-02-11', 'open': 10.0, 'high': 10.0, 'low': 10.0, 'close': 10.0, 'volume': 1000}
[2026-03-21T07:40:56.158+0000] {datalake_df2csv.py:88} INFO -     Row 4: {'ticker': 'DC2', 'trading_date': '2026-02-03', 'open': 6.3, 'high': 6.3, 'low': 6.3, 'close': 6.3, 'volume': 1000}
[2026-03-21T07:40:56.159+0000] {datalake_df2csv.py:90} INFO - --------------------------------------------------------------------------------
[2026-03-21T07:40:56.159+0000] {datalake_df2csv.py:93} INFO - 📝 Bước 2: Đang chuyển đổi DataFrame sang CSV...
[2026-03-21T07:40:56.208+0000] {datalake_df2csv.py:97} INFO - ✅ Chuyển đổi CSV thành công!
[2026-03-21T07:40:56.208+0000] {datalake_df2csv.py:98} INFO -   - Kích thước file: 0.00 MB
[2026-03-21T07:40:56.209+0000] {datalake_df2csv.py:99} INFO -   - Thời gian chuyển đổi: 0.05 giây
[2026-03-21T07:40:56.209+0000] {datalake_df2csv.py:100} INFO - --------------------------------------------------------------------------------
[2026-03-21T07:40:56.210+0000] {datalake_df2csv.py:103} INFO - ☁️  Bước 3: Đang upload lên MinIO/S3...
[2026-03-21T07:40:56.271+0000] {base.py:84} INFO - Using connection ID 'minio_finance' for task execution.
[2026-03-21T07:40:56.272+0000] {connection_wrapper.py:384} INFO - AWS Connection (conn_id='minio_finance', conn_type='aws') credentials retrieved from login and password.
[2026-03-21T07:40:58.883+0000] {datalake_df2csv.py:112} INFO -   - Bucket 'thongtin-congty-va-bctc' đã tồn tại
[2026-03-21T07:40:59.098+0000] {datalake_df2csv.py:117} INFO - ✅ Upload thành công!
[2026-03-21T07:40:59.099+0000] {datalake_df2csv.py:118} INFO -   - Đường dẫn: s3://thongtin-congty-va-bctc/daily_price/2026-03-11/batch_134.csv
[2026-03-21T07:40:59.104+0000] {datalake_df2csv.py:119} INFO -   - Số dòng: 20
[2026-03-21T07:40:59.106+0000] {datalake_df2csv.py:120} INFO -   - Thời gian upload: 2.89 giây
[2026-03-21T07:40:59.110+0000] {datalake_df2csv.py:121} INFO - --------------------------------------------------------------------------------
[2026-03-21T07:40:59.114+0000] {datalake_df2csv.py:125} INFO - 📈 TỔNG KẾT:
[2026-03-21T07:40:59.118+0000] {datalake_df2csv.py:126} INFO -   - Tổng thời gian thực thi: 80.86 giây
[2026-03-21T07:40:59.119+0000] {datalake_df2csv.py:127} INFO -   - Tốc độ xử lý: 0 dòng/giây
[2026-03-21T07:40:59.119+0000] {datalake_df2csv.py:128} INFO - ================================================================================
[2026-03-21T07:40:59.120+0000] {datalake_df2csv.py:129} INFO - ✅ HOÀN THÀNH TASK: ingest_daily_price
[2026-03-21T07:40:59.120+0000] {datalake_df2csv.py:130} INFO - ================================================================================
[2026-03-21T07:40:59.125+0000] {taskinstance.py:441} INFO - ::group::Post task execution logs
[2026-03-21T07:40:59.220+0000] {taskinstance.py:1206} INFO - Marking task as SUCCESS. dag_id=daily_price, task_id=ingest_daily_price, run_id=scheduled__2026-03-11T16:00:00+00:00, map_index=134, execution_date=20260311T160000, start_date=20260321T073927, end_date=20260321T074059
[2026-03-21T07:41:00.017+0000] {local_task_job_runner.py:243} INFO - Task exited with return code 0
[2026-03-21T07:41:00.199+0000] {taskinstance.py:3503} INFO - 0 downstream tasks scheduled from follow-on schedule check
[2026-03-21T07:41:00.207+0000] {local_task_job_runner.py:222} INFO - ::endgroup::
