[2026-01-18T03:52:23.173+0000] {local_task_job_runner.py:120} INFO - ::group::Pre task execution logs
[2026-01-18T03:52:23.287+0000] {taskinstance.py:2076} INFO - Dependencies all met for dep_context=non-requeueable deps ti=<TaskInstance: financial_ratios_etl.ingest_financial_ratios scheduled__2026-01-11T02:00:00+00:00 map_index=795 [queued]>
[2026-01-18T03:52:23.385+0000] {taskinstance.py:2076} INFO - Dependencies all met for dep_context=requeueable deps ti=<TaskInstance: financial_ratios_etl.ingest_financial_ratios scheduled__2026-01-11T02:00:00+00:00 map_index=795 [queued]>
[2026-01-18T03:52:23.386+0000] {taskinstance.py:2306} INFO - Starting attempt 1 of 2
[2026-01-18T03:52:23.415+0000] {taskinstance.py:2330} INFO - Executing <Mapped(DfToCsvOperator): ingest_financial_ratios> on 2026-01-11 02:00:00+00:00
[2026-01-18T03:52:23.434+0000] {warnings.py:112} WARNING - This process (pid=15683) is multi-threaded, use of fork() may lead to deadlocks in the child.

[2026-01-18T03:52:23.436+0000] {standard_task_runner.py:64} INFO - Started process 15746 to run task
[2026-01-18T03:52:23.443+0000] {standard_task_runner.py:90} INFO - Running: ['***', 'tasks', 'run', 'financial_ratios_etl', 'ingest_financial_ratios', 'scheduled__2026-01-11T02:00:00+00:00', '--job-id', '2663', '--raw', '--subdir', 'DAGS_FOLDER/financial_ratios_etl.py', '--cfg-path', '/tmp/tmpeekgddwf', '--map-index', '795']
[2026-01-18T03:52:23.452+0000] {standard_task_runner.py:91} INFO - Job 2663: Subtask ingest_financial_ratios
[2026-01-18T03:52:23.530+0000] {task_command.py:426} INFO - Running <TaskInstance: financial_ratios_etl.ingest_financial_ratios scheduled__2026-01-11T02:00:00+00:00 map_index=795 [running]> on host 5ae19da926ef
[2026-01-18T03:52:23.693+0000] {taskinstance.py:2648} INFO - Exporting env vars: AIRFLOW_CTX_DAG_OWNER='***' AIRFLOW_CTX_DAG_ID='financial_ratios_etl' AIRFLOW_CTX_TASK_ID='ingest_financial_ratios' AIRFLOW_CTX_EXECUTION_DATE='2026-01-11T02:00:00+00:00' AIRFLOW_CTX_TRY_NUMBER='1' AIRFLOW_CTX_DAG_RUN_ID='scheduled__2026-01-11T02:00:00+00:00'
[2026-01-18T03:52:23.695+0000] {taskinstance.py:430} INFO - ::endgroup::
[2026-01-18T03:52:23.707+0000] {logging_mixin.py:188} INFO - [RATIO] Bắt đầu xử lý batch 2 mã: ['BQP', 'BQB']
[2026-01-18T03:52:23.708+0000] {logging_mixin.py:188} INFO - [RATIO] Kỳ dữ liệu: quarter
[2026-01-18T03:52:23.708+0000] {logging_mixin.py:188} INFO -  >> [RATIO] Đang lấy dữ liệu: BQP
[2026-01-18T03:52:26.640+0000] {logging_mixin.py:188} INFO -  ✓ [RATIO] BQP: 2 rows
[2026-01-18T03:52:28.641+0000] {logging_mixin.py:188} INFO -  >> [RATIO] Đang lấy dữ liệu: BQB
[2026-01-18T03:52:30.656+0000] {logging_mixin.py:188} INFO -  ✓ [RATIO] BQB: 23 rows
[2026-01-18T03:52:32.664+0000] {logging_mixin.py:188} INFO -  ✅ [RATIO] Hoàn thành batch. Tổng số dòng: 25
[2026-01-18T03:52:32.689+0000] {base.py:84} INFO - Using connection ID 'minio_finance' for task execution.
[2026-01-18T03:52:32.691+0000] {connection_wrapper.py:384} INFO - AWS Connection (conn_id='minio_finance', conn_type='aws') credentials retrieved from login and password.
[2026-01-18T03:52:33.483+0000] {datalake_df2csv.py:52} INFO - ✅ Đã upload 25 dòng -> s3://thongtin-congty-va-bctc/financial_ratios/2026-01-11/batch_795.csv
[2026-01-18T03:52:33.484+0000] {taskinstance.py:441} INFO - ::group::Post task execution logs
[2026-01-18T03:52:33.497+0000] {taskinstance.py:1206} INFO - Marking task as SUCCESS. dag_id=financial_ratios_etl, task_id=ingest_financial_ratios, run_id=scheduled__2026-01-11T02:00:00+00:00, map_index=795, execution_date=20260111T020000, start_date=20260118T035223, end_date=20260118T035233
[2026-01-18T03:52:33.551+0000] {local_task_job_runner.py:243} INFO - Task exited with return code 0
[2026-01-18T03:52:33.577+0000] {taskinstance.py:3503} INFO - 0 downstream tasks scheduled from follow-on schedule check
[2026-01-18T03:52:33.583+0000] {local_task_job_runner.py:222} INFO - ::endgroup::
