[2026-01-14T15:12:13.002+0000] {local_task_job_runner.py:120} INFO - ::group::Pre task execution logs
[2026-01-14T15:12:13.144+0000] {taskinstance.py:2076} INFO - Dependencies all met for dep_context=non-requeueable deps ti=<TaskInstance: bctc.ingest_bctc manual__2026-01-14T15:11:15+00:00 map_index=50 [queued]>
[2026-01-14T15:12:13.204+0000] {taskinstance.py:2076} INFO - Dependencies all met for dep_context=requeueable deps ti=<TaskInstance: bctc.ingest_bctc manual__2026-01-14T15:11:15+00:00 map_index=50 [queued]>
[2026-01-14T15:12:13.205+0000] {taskinstance.py:2306} INFO - Starting attempt 1 of 2
[2026-01-14T15:12:13.242+0000] {taskinstance.py:2330} INFO - Executing <Mapped(DfToCsvOperator): ingest_bctc> on 2026-01-14 15:11:15+00:00
[2026-01-14T15:12:13.264+0000] {warnings.py:112} WARNING - This process (pid=3384) is multi-threaded, use of fork() may lead to deadlocks in the child.

[2026-01-14T15:12:13.266+0000] {standard_task_runner.py:64} INFO - Started process 3540 to run task
[2026-01-14T15:12:13.269+0000] {standard_task_runner.py:90} INFO - Running: ['***', 'tasks', 'run', 'bctc', 'ingest_bctc', 'manual__2026-01-14T15:11:15+00:00', '--job-id', '15681', '--raw', '--subdir', 'DAGS_FOLDER/tt_cty_bctc.py', '--cfg-path', '/tmp/tmp52_2whex', '--map-index', '50']
[2026-01-14T15:12:13.274+0000] {standard_task_runner.py:91} INFO - Job 15681: Subtask ingest_bctc
[2026-01-14T15:12:13.449+0000] {task_command.py:426} INFO - Running <TaskInstance: bctc.ingest_bctc manual__2026-01-14T15:11:15+00:00 map_index=50 [running]> on host 4b83cd04ee12
[2026-01-14T15:12:13.680+0000] {taskinstance.py:2648} INFO - Exporting env vars: AIRFLOW_CTX_DAG_OWNER='***' AIRFLOW_CTX_DAG_ID='bctc' AIRFLOW_CTX_TASK_ID='ingest_bctc' AIRFLOW_CTX_EXECUTION_DATE='2026-01-14T15:11:15+00:00' AIRFLOW_CTX_TRY_NUMBER='1' AIRFLOW_CTX_DAG_RUN_ID='manual__2026-01-14T15:11:15+00:00'
[2026-01-14T15:12:13.688+0000] {taskinstance.py:430} INFO - ::endgroup::
[2026-01-14T15:12:13.738+0000] {logging_mixin.py:188} INFO - Bắt đầu xử lý batch 20 mã: ['ITS', 'ITQ', 'ITD', 'ITC', 'ITA', 'IST', 'ISH', 'ISG', 'IRC', 'IPH', 'IPA', 'INN', 'ING', 'INC', 'IN4', 'IMP', 'IME', 'ILS', 'ILC', 'ILB']
[2026-01-14T15:12:13.740+0000] {logging_mixin.py:188} INFO -  >> Đang lấy dữ liệu: ITS
[2026-01-14T15:12:13.746+0000] {logging_mixin.py:188} INFO -  Lỗi xử lý mã ITS: Finance.__init__() got an unexpected keyword argument 'lang'
[2026-01-14T15:12:13.748+0000] {logging_mixin.py:188} INFO -  >> Đang lấy dữ liệu: ITQ
[2026-01-14T15:12:13.749+0000] {logging_mixin.py:188} INFO -  Lỗi xử lý mã ITQ: Finance.__init__() got an unexpected keyword argument 'lang'
[2026-01-14T15:12:13.751+0000] {logging_mixin.py:188} INFO -  >> Đang lấy dữ liệu: ITD
[2026-01-14T15:12:13.754+0000] {logging_mixin.py:188} INFO -  Lỗi xử lý mã ITD: Finance.__init__() got an unexpected keyword argument 'lang'
[2026-01-14T15:12:13.758+0000] {logging_mixin.py:188} INFO -  >> Đang lấy dữ liệu: ITC
[2026-01-14T15:12:13.759+0000] {logging_mixin.py:188} INFO -  Lỗi xử lý mã ITC: Finance.__init__() got an unexpected keyword argument 'lang'
[2026-01-14T15:12:13.760+0000] {logging_mixin.py:188} INFO -  >> Đang lấy dữ liệu: ITA
[2026-01-14T15:12:13.767+0000] {logging_mixin.py:188} INFO -  Lỗi xử lý mã ITA: Finance.__init__() got an unexpected keyword argument 'lang'
[2026-01-14T15:12:13.768+0000] {logging_mixin.py:188} INFO -  >> Đang lấy dữ liệu: IST
[2026-01-14T15:12:13.769+0000] {logging_mixin.py:188} INFO -  Lỗi xử lý mã IST: Finance.__init__() got an unexpected keyword argument 'lang'
[2026-01-14T15:12:13.770+0000] {logging_mixin.py:188} INFO -  >> Đang lấy dữ liệu: ISH
[2026-01-14T15:12:13.770+0000] {logging_mixin.py:188} INFO -  Lỗi xử lý mã ISH: Finance.__init__() got an unexpected keyword argument 'lang'
[2026-01-14T15:12:13.771+0000] {logging_mixin.py:188} INFO -  >> Đang lấy dữ liệu: ISG
[2026-01-14T15:12:13.772+0000] {logging_mixin.py:188} INFO -  Lỗi xử lý mã ISG: Finance.__init__() got an unexpected keyword argument 'lang'
[2026-01-14T15:12:13.773+0000] {logging_mixin.py:188} INFO -  >> Đang lấy dữ liệu: IRC
[2026-01-14T15:12:13.776+0000] {logging_mixin.py:188} INFO -  Lỗi xử lý mã IRC: Finance.__init__() got an unexpected keyword argument 'lang'
[2026-01-14T15:12:13.777+0000] {logging_mixin.py:188} INFO -  >> Đang lấy dữ liệu: IPH
[2026-01-14T15:12:13.777+0000] {logging_mixin.py:188} INFO -  Lỗi xử lý mã IPH: Finance.__init__() got an unexpected keyword argument 'lang'
[2026-01-14T15:12:13.778+0000] {logging_mixin.py:188} INFO -  >> Đang lấy dữ liệu: IPA
[2026-01-14T15:12:13.779+0000] {logging_mixin.py:188} INFO -  Lỗi xử lý mã IPA: Finance.__init__() got an unexpected keyword argument 'lang'
[2026-01-14T15:12:13.779+0000] {logging_mixin.py:188} INFO -  >> Đang lấy dữ liệu: INN
[2026-01-14T15:12:13.783+0000] {logging_mixin.py:188} INFO -  Lỗi xử lý mã INN: Finance.__init__() got an unexpected keyword argument 'lang'
[2026-01-14T15:12:13.783+0000] {logging_mixin.py:188} INFO -  >> Đang lấy dữ liệu: ING
[2026-01-14T15:12:13.785+0000] {logging_mixin.py:188} INFO -  Lỗi xử lý mã ING: Finance.__init__() got an unexpected keyword argument 'lang'
[2026-01-14T15:12:13.786+0000] {logging_mixin.py:188} INFO -  >> Đang lấy dữ liệu: INC
[2026-01-14T15:12:13.787+0000] {logging_mixin.py:188} INFO -  Lỗi xử lý mã INC: Finance.__init__() got an unexpected keyword argument 'lang'
[2026-01-14T15:12:13.788+0000] {logging_mixin.py:188} INFO -  >> Đang lấy dữ liệu: IN4
[2026-01-14T15:12:13.789+0000] {logging_mixin.py:188} INFO -  Lỗi xử lý mã IN4: Finance.__init__() got an unexpected keyword argument 'lang'
[2026-01-14T15:12:13.790+0000] {logging_mixin.py:188} INFO -  >> Đang lấy dữ liệu: IMP
[2026-01-14T15:12:13.791+0000] {logging_mixin.py:188} INFO -  Lỗi xử lý mã IMP: Finance.__init__() got an unexpected keyword argument 'lang'
[2026-01-14T15:12:13.792+0000] {logging_mixin.py:188} INFO -  >> Đang lấy dữ liệu: IME
[2026-01-14T15:12:13.792+0000] {logging_mixin.py:188} INFO -  Lỗi xử lý mã IME: Finance.__init__() got an unexpected keyword argument 'lang'
[2026-01-14T15:12:13.793+0000] {logging_mixin.py:188} INFO -  >> Đang lấy dữ liệu: ILS
[2026-01-14T15:12:13.793+0000] {logging_mixin.py:188} INFO -  Lỗi xử lý mã ILS: Finance.__init__() got an unexpected keyword argument 'lang'
[2026-01-14T15:12:13.794+0000] {logging_mixin.py:188} INFO -  >> Đang lấy dữ liệu: ILC
[2026-01-14T15:12:13.795+0000] {logging_mixin.py:188} INFO -  Lỗi xử lý mã ILC: Finance.__init__() got an unexpected keyword argument 'lang'
[2026-01-14T15:12:13.796+0000] {logging_mixin.py:188} INFO -  >> Đang lấy dữ liệu: ILB
[2026-01-14T15:12:13.802+0000] {logging_mixin.py:188} INFO -  Lỗi xử lý mã ILB: Finance.__init__() got an unexpected keyword argument 'lang'
[2026-01-14T15:12:13.807+0000] {logging_mixin.py:188} INFO -  ⚠ Batch này không thu được dữ liệu nào.
[2026-01-14T15:12:13.820+0000] {datalake_df2csv.py:40} INFO - DataFrame rỗng, bỏ qua upload CSV.
[2026-01-14T15:12:13.822+0000] {taskinstance.py:441} INFO - ::group::Post task execution logs
[2026-01-14T15:12:13.849+0000] {taskinstance.py:1206} INFO - Marking task as SUCCESS. dag_id=bctc, task_id=ingest_bctc, run_id=manual__2026-01-14T15:11:15+00:00, map_index=50, execution_date=20260114T151115, start_date=20260114T151213, end_date=20260114T151213
[2026-01-14T15:12:13.939+0000] {local_task_job_runner.py:243} INFO - Task exited with return code 0
[2026-01-14T15:12:14.001+0000] {taskinstance.py:3503} INFO - 0 downstream tasks scheduled from follow-on schedule check
[2026-01-14T15:12:14.008+0000] {local_task_job_runner.py:222} INFO - ::endgroup::
