[2026-04-09T16:04:48.666+0000] {local_task_job_runner.py:120} INFO - ::group::Pre task execution logs
[2026-04-09T16:04:48.765+0000] {taskinstance.py:2076} INFO - Dependencies all met for dep_context=non-requeueable deps ti=<TaskInstance: daily_price.ingest_daily_price scheduled__2026-04-08T16:00:00+00:00 map_index=110 [queued]>
[2026-04-09T16:04:48.803+0000] {taskinstance.py:2076} INFO - Dependencies all met for dep_context=requeueable deps ti=<TaskInstance: daily_price.ingest_daily_price scheduled__2026-04-08T16:00:00+00:00 map_index=110 [queued]>
[2026-04-09T16:04:48.804+0000] {taskinstance.py:2306} INFO - Starting attempt 1 of 2
[2026-04-09T16:04:48.885+0000] {taskinstance.py:2330} INFO - Executing <Mapped(DfToCsvOperator): ingest_daily_price> on 2026-04-08 16:00:00+00:00
[2026-04-09T16:04:48.928+0000] {warnings.py:112} WARNING - This process (pid=2917) is multi-threaded, use of fork() may lead to deadlocks in the child.

[2026-04-09T16:04:48.930+0000] {standard_task_runner.py:64} INFO - Started process 2955 to run task
[2026-04-09T16:04:48.935+0000] {standard_task_runner.py:90} INFO - Running: ['***', 'tasks', 'run', 'daily_price', 'ingest_daily_price', 'scheduled__2026-04-08T16:00:00+00:00', '--job-id', '40942', '--raw', '--subdir', 'DAGS_FOLDER/dl_dailly_price.py', '--cfg-path', '/tmp/tmpftmm32xd', '--map-index', '110']
[2026-04-09T16:04:48.942+0000] {standard_task_runner.py:91} INFO - Job 40942: Subtask ingest_daily_price
[2026-04-09T16:04:49.136+0000] {task_command.py:426} INFO - Running <TaskInstance: daily_price.ingest_daily_price scheduled__2026-04-08T16:00:00+00:00 map_index=110 [running]> on host d3da6f9ad10e
[2026-04-09T16:04:50.024+0000] {taskinstance.py:2648} INFO - Exporting env vars: AIRFLOW_CTX_DAG_OWNER='***' AIRFLOW_CTX_DAG_ID='daily_price' AIRFLOW_CTX_TASK_ID='ingest_daily_price' AIRFLOW_CTX_EXECUTION_DATE='2026-04-08T16:00:00+00:00' AIRFLOW_CTX_TRY_NUMBER='1' AIRFLOW_CTX_DAG_RUN_ID='scheduled__2026-04-08T16:00:00+00:00'
[2026-04-09T16:04:50.034+0000] {taskinstance.py:430} INFO - ::endgroup::
[2026-04-09T16:04:50.035+0000] {datalake_df2csv.py:40} INFO - ================================================================================
[2026-04-09T16:04:50.037+0000] {datalake_df2csv.py:41} INFO - 🚀 BẮT ĐẦU TASK: ingest_daily_price
[2026-04-09T16:04:50.039+0000] {datalake_df2csv.py:42} INFO - ================================================================================
[2026-04-09T16:04:50.041+0000] {datalake_df2csv.py:43} INFO - 📋 Thông tin cấu hình:
[2026-04-09T16:04:50.042+0000] {datalake_df2csv.py:44} INFO -   - Logic file: history_price
[2026-04-09T16:04:50.043+0000] {datalake_df2csv.py:45} INFO -   - DataFrame name: get_history_price_batch
[2026-04-09T16:04:50.043+0000] {datalake_df2csv.py:46} INFO -   - Bucket: thongtin-congty-va-bctc
[2026-04-09T16:04:50.045+0000] {datalake_df2csv.py:47} INFO -   - Object path: daily_price/2026-04-08/batch_110.csv
[2026-04-09T16:04:50.047+0000] {datalake_df2csv.py:48} INFO -   - Connection ID: minio_finance
[2026-04-09T16:04:50.049+0000] {datalake_df2csv.py:49} INFO -   - Tham số truyền vào: {'symbols': ['HD2', 'SRA', 'VTH', 'DAD', 'PDR'], 'start_date': '2026-04-08', 'end_date': '2026-04-09'}
[2026-04-09T16:04:50.052+0000] {datalake_df2csv.py:50} INFO - --------------------------------------------------------------------------------
[2026-04-09T16:04:50.054+0000] {datalake_df2csv.py:54} INFO - 📥 Bước 1: Đang load dữ liệu từ logic file...
[2026-04-09T16:04:50.086+0000] {datalake_df2csv.py:148} INFO -   - Logic directory: /opt/airflow/plugins/logic
[2026-04-09T16:04:50.093+0000] {datalake_df2csv.py:149} INFO -   - Module path: /opt/airflow/plugins/logic/history_price.py
[2026-04-09T16:04:50.100+0000] {datalake_df2csv.py:153} INFO -   - Đã thêm logic directory vào sys.path
[2026-04-09T16:04:50.110+0000] {datalake_df2csv.py:159} INFO -   - Đang load module 'history_price'...
[2026-04-09T16:04:50.127+0000] {datalake_df2csv.py:163} INFO -   - ✅ Module loaded thành công
[2026-04-09T16:04:50.127+0000] {datalake_df2csv.py:165} INFO -   - Đang tìm DataFrame/function: 'get_history_price_batch'...
[2026-04-09T16:04:50.129+0000] {datalake_df2csv.py:170} INFO -   - ✅ Tìm thấy object: function
[2026-04-09T16:04:50.130+0000] {datalake_df2csv.py:173} INFO -   - Đang gọi function với tham số: {'symbols': ['HD2', 'SRA', 'VTH', 'DAD', 'PDR'], 'start_date': '2026-04-08', 'end_date': '2026-04-09'}
[2026-04-09T16:05:10.885+0000] {datalake_df2csv.py:68} INFO - ✅ Load dữ liệu thành công!
[2026-04-09T16:05:10.887+0000] {datalake_df2csv.py:69} INFO - 📊 Thông tin DataFrame:
[2026-04-09T16:05:10.888+0000] {datalake_df2csv.py:70} INFO -   - Số dòng: 20
[2026-04-09T16:05:10.889+0000] {datalake_df2csv.py:71} INFO -   - Số cột: 7
[2026-04-09T16:05:10.890+0000] {datalake_df2csv.py:72} INFO -   - Tên các cột: ['ticker', 'trading_date', 'open', 'high', 'low', 'close', 'volume']
[2026-04-09T16:05:10.891+0000] {datalake_df2csv.py:73} INFO -   - Kiểu dữ liệu: {'ticker': 'object', 'trading_date': 'object', 'open': 'float64', 'high': 'float64', 'low': 'float64', 'close': 'float64', 'volume': 'int64'}
[2026-04-09T16:05:10.895+0000] {datalake_df2csv.py:74} INFO -   - Bộ nhớ sử dụng: 0.00 MB
[2026-04-09T16:05:10.898+0000] {datalake_df2csv.py:83} INFO -   - Không có giá trị NULL
[2026-04-09T16:05:10.898+0000] {datalake_df2csv.py:86} INFO -   - Mẫu dữ liệu (5 dòng đầu):
[2026-04-09T16:05:10.899+0000] {datalake_df2csv.py:88} INFO -     Row 0: {'ticker': 'HD2', 'trading_date': '2026-04-03', 'open': 10.8, 'high': 10.8, 'low': 10.8, 'close': 10.8, 'volume': 100}
[2026-04-09T16:05:10.901+0000] {datalake_df2csv.py:88} INFO -     Row 1: {'ticker': 'HD2', 'trading_date': '2026-04-06', 'open': 10.5, 'high': 10.5, 'low': 10.4, 'close': 10.4, 'volume': 800}
[2026-04-09T16:05:10.904+0000] {datalake_df2csv.py:88} INFO -     Row 2: {'ticker': 'HD2', 'trading_date': '2026-04-08', 'open': 10.5, 'high': 11.7, 'low': 10.2, 'close': 11.7, 'volume': 10700}
[2026-04-09T16:05:10.906+0000] {datalake_df2csv.py:88} INFO -     Row 3: {'ticker': 'HD2', 'trading_date': '2026-04-09', 'open': 11.6, 'high': 11.6, 'low': 11.6, 'close': 11.6, 'volume': 200}
[2026-04-09T16:05:10.906+0000] {datalake_df2csv.py:88} INFO -     Row 4: {'ticker': 'SRA', 'trading_date': '2026-03-13', 'open': 2.1, 'high': 2.1, 'low': 2.0, 'close': 2.1, 'volume': 215300}
[2026-04-09T16:05:10.907+0000] {datalake_df2csv.py:90} INFO - --------------------------------------------------------------------------------
[2026-04-09T16:05:10.907+0000] {datalake_df2csv.py:93} INFO - 📝 Bước 2: Đang chuyển đổi DataFrame sang CSV...
[2026-04-09T16:05:10.913+0000] {datalake_df2csv.py:97} INFO - ✅ Chuyển đổi CSV thành công!
[2026-04-09T16:05:10.913+0000] {datalake_df2csv.py:98} INFO -   - Kích thước file: 0.00 MB
[2026-04-09T16:05:10.914+0000] {datalake_df2csv.py:99} INFO -   - Thời gian chuyển đổi: 0.00 giây
[2026-04-09T16:05:10.914+0000] {datalake_df2csv.py:100} INFO - --------------------------------------------------------------------------------
[2026-04-09T16:05:10.915+0000] {datalake_df2csv.py:103} INFO - ☁️  Bước 3: Đang upload lên MinIO/S3...
[2026-04-09T16:05:10.933+0000] {base.py:84} INFO - Using connection ID 'minio_finance' for task execution.
[2026-04-09T16:05:10.934+0000] {connection_wrapper.py:384} INFO - AWS Connection (conn_id='minio_finance', conn_type='aws') credentials retrieved from login and password.
[2026-04-09T16:05:12.691+0000] {datalake_df2csv.py:112} INFO -   - Bucket 'thongtin-congty-va-bctc' đã tồn tại
[2026-04-09T16:05:12.841+0000] {datalake_df2csv.py:117} INFO - ✅ Upload thành công!
[2026-04-09T16:05:12.844+0000] {datalake_df2csv.py:118} INFO -   - Đường dẫn: s3://thongtin-congty-va-bctc/daily_price/2026-04-08/batch_110.csv
[2026-04-09T16:05:12.845+0000] {datalake_df2csv.py:119} INFO -   - Số dòng: 20
[2026-04-09T16:05:12.846+0000] {datalake_df2csv.py:120} INFO -   - Thời gian upload: 1.93 giây
[2026-04-09T16:05:12.847+0000] {datalake_df2csv.py:121} INFO - --------------------------------------------------------------------------------
[2026-04-09T16:05:12.847+0000] {datalake_df2csv.py:125} INFO - 📈 TỔNG KẾT:
[2026-04-09T16:05:12.848+0000] {datalake_df2csv.py:126} INFO -   - Tổng thời gian thực thi: 22.81 giây
[2026-04-09T16:05:12.849+0000] {datalake_df2csv.py:127} INFO -   - Tốc độ xử lý: 1 dòng/giây
[2026-04-09T16:05:12.849+0000] {datalake_df2csv.py:128} INFO - ================================================================================
[2026-04-09T16:05:12.850+0000] {datalake_df2csv.py:129} INFO - ✅ HOÀN THÀNH TASK: ingest_daily_price
[2026-04-09T16:05:12.850+0000] {datalake_df2csv.py:130} INFO - ================================================================================
[2026-04-09T16:05:12.852+0000] {taskinstance.py:441} INFO - ::group::Post task execution logs
[2026-04-09T16:05:12.873+0000] {taskinstance.py:1206} INFO - Marking task as SUCCESS. dag_id=daily_price, task_id=ingest_daily_price, run_id=scheduled__2026-04-08T16:00:00+00:00, map_index=110, execution_date=20260408T160000, start_date=20260409T160448, end_date=20260409T160512
[2026-04-09T16:05:13.012+0000] {local_task_job_runner.py:243} INFO - Task exited with return code 0
[2026-04-09T16:05:13.026+0000] {local_task_job_runner.py:222} INFO - ::endgroup::
