[2026-03-19T14:17:50.015+0000] {local_task_job_runner.py:120} INFO - ::group::Pre task execution logs
[2026-03-19T14:17:50.057+0000] {taskinstance.py:2076} INFO - Dependencies all met for dep_context=non-requeueable deps ti=<TaskInstance: daily_price.ingest_daily_price scheduled__2026-03-11T16:00:00+00:00 map_index=44 [queued]>
[2026-03-19T14:17:50.080+0000] {taskinstance.py:2076} INFO - Dependencies all met for dep_context=requeueable deps ti=<TaskInstance: daily_price.ingest_daily_price scheduled__2026-03-11T16:00:00+00:00 map_index=44 [queued]>
[2026-03-19T14:17:50.081+0000] {taskinstance.py:2306} INFO - Starting attempt 1 of 2
[2026-03-19T14:17:50.118+0000] {taskinstance.py:2330} INFO - Executing <Mapped(DfToCsvOperator): ingest_daily_price> on 2026-03-11 16:00:00+00:00
[2026-03-19T14:17:50.138+0000] {warnings.py:112} WARNING - This process (pid=1792) is multi-threaded, use of fork() may lead to deadlocks in the child.

[2026-03-19T14:17:50.141+0000] {standard_task_runner.py:64} INFO - Started process 1835 to run task
[2026-03-19T14:17:50.144+0000] {standard_task_runner.py:90} INFO - Running: ['***', 'tasks', 'run', 'daily_price', 'ingest_daily_price', 'scheduled__2026-03-11T16:00:00+00:00', '--job-id', '33115', '--raw', '--subdir', 'DAGS_FOLDER/dl_dailly_price.py', '--cfg-path', '/tmp/tmpjqs6fysx', '--map-index', '44']
[2026-03-19T14:17:50.148+0000] {standard_task_runner.py:91} INFO - Job 33115: Subtask ingest_daily_price
[2026-03-19T14:17:50.228+0000] {task_command.py:426} INFO - Running <TaskInstance: daily_price.ingest_daily_price scheduled__2026-03-11T16:00:00+00:00 map_index=44 [running]> on host c4639be97c28
[2026-03-19T14:17:50.390+0000] {taskinstance.py:2648} INFO - Exporting env vars: AIRFLOW_CTX_DAG_OWNER='***' AIRFLOW_CTX_DAG_ID='daily_price' AIRFLOW_CTX_TASK_ID='ingest_daily_price' AIRFLOW_CTX_EXECUTION_DATE='2026-03-11T16:00:00+00:00' AIRFLOW_CTX_TRY_NUMBER='1' AIRFLOW_CTX_DAG_RUN_ID='scheduled__2026-03-11T16:00:00+00:00'
[2026-03-19T14:17:50.392+0000] {taskinstance.py:430} INFO - ::endgroup::
[2026-03-19T14:17:50.393+0000] {datalake_df2csv.py:40} INFO - ================================================================================
[2026-03-19T14:17:50.394+0000] {datalake_df2csv.py:41} INFO - 🚀 BẮT ĐẦU TASK: ingest_daily_price
[2026-03-19T14:17:50.394+0000] {datalake_df2csv.py:42} INFO - ================================================================================
[2026-03-19T14:17:50.395+0000] {datalake_df2csv.py:43} INFO - 📋 Thông tin cấu hình:
[2026-03-19T14:17:50.395+0000] {datalake_df2csv.py:44} INFO -   - Logic file: history_price
[2026-03-19T14:17:50.396+0000] {datalake_df2csv.py:45} INFO -   - DataFrame name: get_history_price_batch
[2026-03-19T14:17:50.396+0000] {datalake_df2csv.py:46} INFO -   - Bucket: thongtin-congty-va-bctc
[2026-03-19T14:17:50.396+0000] {datalake_df2csv.py:47} INFO -   - Object path: daily_price/2026-03-11/batch_44.csv
[2026-03-19T14:17:50.397+0000] {datalake_df2csv.py:48} INFO -   - Connection ID: minio_finance
[2026-03-19T14:17:50.397+0000] {datalake_df2csv.py:49} INFO -   - Tham số truyền vào: {'symbols': ['LCD', 'TBD', 'MSB', 'PEN', 'ILA'], 'start_date': '2026-03-11', 'end_date': '2026-03-12'}
[2026-03-19T14:17:50.398+0000] {datalake_df2csv.py:50} INFO - --------------------------------------------------------------------------------
[2026-03-19T14:17:50.398+0000] {datalake_df2csv.py:54} INFO - 📥 Bước 1: Đang load dữ liệu từ logic file...
[2026-03-19T14:17:50.400+0000] {datalake_df2csv.py:148} INFO -   - Logic directory: /opt/airflow/plugins/logic
[2026-03-19T14:17:50.401+0000] {datalake_df2csv.py:149} INFO -   - Module path: /opt/airflow/plugins/logic/history_price.py
[2026-03-19T14:17:50.402+0000] {datalake_df2csv.py:153} INFO -   - Đã thêm logic directory vào sys.path
[2026-03-19T14:17:50.404+0000] {datalake_df2csv.py:159} INFO -   - Đang load module 'history_price'...
[2026-03-19T14:17:50.412+0000] {datalake_df2csv.py:163} INFO -   - ✅ Module loaded thành công
[2026-03-19T14:17:50.412+0000] {datalake_df2csv.py:165} INFO -   - Đang tìm DataFrame/function: 'get_history_price_batch'...
[2026-03-19T14:17:50.413+0000] {datalake_df2csv.py:170} INFO -   - ✅ Tìm thấy object: function
[2026-03-19T14:17:50.413+0000] {datalake_df2csv.py:173} INFO -   - Đang gọi function với tham số: {'symbols': ['LCD', 'TBD', 'MSB', 'PEN', 'ILA'], 'start_date': '2026-03-11', 'end_date': '2026-03-12'}
[2026-03-19T14:17:57.874+0000] {datalake_df2csv.py:68} INFO - ✅ Load dữ liệu thành công!
[2026-03-19T14:17:57.875+0000] {datalake_df2csv.py:69} INFO - 📊 Thông tin DataFrame:
[2026-03-19T14:17:57.875+0000] {datalake_df2csv.py:70} INFO -   - Số dòng: 20
[2026-03-19T14:17:57.876+0000] {datalake_df2csv.py:71} INFO -   - Số cột: 7
[2026-03-19T14:17:57.877+0000] {datalake_df2csv.py:72} INFO -   - Tên các cột: ['ticker', 'trading_date', 'open', 'high', 'low', 'close', 'volume']
[2026-03-19T14:17:57.878+0000] {datalake_df2csv.py:73} INFO -   - Kiểu dữ liệu: {'ticker': 'object', 'trading_date': 'object', 'open': 'float64', 'high': 'float64', 'low': 'float64', 'close': 'float64', 'volume': 'int64'}
[2026-03-19T14:17:57.881+0000] {datalake_df2csv.py:74} INFO -   - Bộ nhớ sử dụng: 0.00 MB
[2026-03-19T14:17:57.882+0000] {datalake_df2csv.py:83} INFO -   - Không có giá trị NULL
[2026-03-19T14:17:57.883+0000] {datalake_df2csv.py:86} INFO -   - Mẫu dữ liệu (5 dòng đầu):
[2026-03-19T14:17:57.885+0000] {datalake_df2csv.py:88} INFO -     Row 0: {'ticker': 'LCD', 'trading_date': '2024-07-23', 'open': 21.7, 'high': 21.7, 'low': 21.7, 'close': 21.7, 'volume': 0}
[2026-03-19T14:17:57.887+0000] {datalake_df2csv.py:88} INFO -     Row 1: {'ticker': 'LCD', 'trading_date': '2024-07-24', 'open': 21.7, 'high': 21.7, 'low': 21.7, 'close': 21.7, 'volume': 0}
[2026-03-19T14:17:57.888+0000] {datalake_df2csv.py:88} INFO -     Row 2: {'ticker': 'LCD', 'trading_date': '2024-07-25', 'open': 21.7, 'high': 21.7, 'low': 21.7, 'close': 21.7, 'volume': 0}
[2026-03-19T14:17:57.889+0000] {datalake_df2csv.py:88} INFO -     Row 3: {'ticker': 'LCD', 'trading_date': '2025-02-21', 'open': 19.6, 'high': 19.6, 'low': 19.6, 'close': 19.6, 'volume': 350100}
[2026-03-19T14:17:57.890+0000] {datalake_df2csv.py:88} INFO -     Row 4: {'ticker': 'TBD', 'trading_date': '2026-02-23', 'open': 115.0, 'high': 128.6, 'low': 115.0, 'close': 128.6, 'volume': 500}
[2026-03-19T14:17:57.891+0000] {datalake_df2csv.py:90} INFO - --------------------------------------------------------------------------------
[2026-03-19T14:17:57.891+0000] {datalake_df2csv.py:93} INFO - 📝 Bước 2: Đang chuyển đổi DataFrame sang CSV...
[2026-03-19T14:17:57.898+0000] {datalake_df2csv.py:97} INFO - ✅ Chuyển đổi CSV thành công!
[2026-03-19T14:17:57.898+0000] {datalake_df2csv.py:98} INFO -   - Kích thước file: 0.00 MB
[2026-03-19T14:17:57.899+0000] {datalake_df2csv.py:99} INFO -   - Thời gian chuyển đổi: 0.01 giây
[2026-03-19T14:17:57.899+0000] {datalake_df2csv.py:100} INFO - --------------------------------------------------------------------------------
[2026-03-19T14:17:57.900+0000] {datalake_df2csv.py:103} INFO - ☁️  Bước 3: Đang upload lên MinIO/S3...
[2026-03-19T14:17:57.913+0000] {base.py:84} INFO - Using connection ID 'minio_finance' for task execution.
[2026-03-19T14:17:57.914+0000] {connection_wrapper.py:384} INFO - AWS Connection (conn_id='minio_finance', conn_type='aws') credentials retrieved from login and password.
[2026-03-19T14:17:58.776+0000] {datalake_df2csv.py:112} INFO -   - Bucket 'thongtin-congty-va-bctc' đã tồn tại
[2026-03-19T14:17:58.830+0000] {datalake_df2csv.py:117} INFO - ✅ Upload thành công!
[2026-03-19T14:17:58.831+0000] {datalake_df2csv.py:118} INFO -   - Đường dẫn: s3://thongtin-congty-va-bctc/daily_price/2026-03-11/batch_44.csv
[2026-03-19T14:17:58.831+0000] {datalake_df2csv.py:119} INFO -   - Số dòng: 20
[2026-03-19T14:17:58.832+0000] {datalake_df2csv.py:120} INFO -   - Thời gian upload: 0.93 giây
[2026-03-19T14:17:58.833+0000] {datalake_df2csv.py:121} INFO - --------------------------------------------------------------------------------
[2026-03-19T14:17:58.833+0000] {datalake_df2csv.py:125} INFO - 📈 TỔNG KẾT:
[2026-03-19T14:17:58.834+0000] {datalake_df2csv.py:126} INFO -   - Tổng thời gian thực thi: 8.44 giây
[2026-03-19T14:17:58.835+0000] {datalake_df2csv.py:127} INFO -   - Tốc độ xử lý: 2 dòng/giây
[2026-03-19T14:17:58.835+0000] {datalake_df2csv.py:128} INFO - ================================================================================
[2026-03-19T14:17:58.836+0000] {datalake_df2csv.py:129} INFO - ✅ HOÀN THÀNH TASK: ingest_daily_price
[2026-03-19T14:17:58.836+0000] {datalake_df2csv.py:130} INFO - ================================================================================
[2026-03-19T14:17:58.840+0000] {taskinstance.py:441} INFO - ::group::Post task execution logs
[2026-03-19T14:17:58.858+0000] {taskinstance.py:1206} INFO - Marking task as SUCCESS. dag_id=daily_price, task_id=ingest_daily_price, run_id=scheduled__2026-03-11T16:00:00+00:00, map_index=44, execution_date=20260311T160000, start_date=20260319T141750, end_date=20260319T141758
[2026-03-19T14:17:58.920+0000] {local_task_job_runner.py:243} INFO - Task exited with return code 0
[2026-03-19T14:17:58.948+0000] {taskinstance.py:3503} INFO - 0 downstream tasks scheduled from follow-on schedule check
[2026-03-19T14:17:58.950+0000] {local_task_job_runner.py:222} INFO - ::endgroup::
