[2026-02-22T02:47:09.118+0000] {local_task_job_runner.py:120} INFO - ::group::Pre task execution logs
[2026-02-22T02:47:09.169+0000] {taskinstance.py:2076} INFO - Dependencies all met for dep_context=non-requeueable deps ti=<TaskInstance: company_overview_to_minio.ingest_overview manual__2026-02-22T02:41:53.488760+00:00 map_index=67 [queued]>
[2026-02-22T02:47:09.202+0000] {taskinstance.py:2076} INFO - Dependencies all met for dep_context=requeueable deps ti=<TaskInstance: company_overview_to_minio.ingest_overview manual__2026-02-22T02:41:53.488760+00:00 map_index=67 [queued]>
[2026-02-22T02:47:09.204+0000] {taskinstance.py:2306} INFO - Starting attempt 1 of 2
[2026-02-22T02:47:09.242+0000] {taskinstance.py:2330} INFO - Executing <Mapped(DfToCsvOperator): ingest_overview> on 2026-02-22 02:41:53.488760+00:00
[2026-02-22T02:47:09.268+0000] {warnings.py:112} WARNING - This process (pid=3188) is multi-threaded, use of fork() may lead to deadlocks in the child.

[2026-02-22T02:47:09.273+0000] {standard_task_runner.py:64} INFO - Started process 3236 to run task
[2026-02-22T02:47:09.289+0000] {standard_task_runner.py:90} INFO - Running: ['***', 'tasks', 'run', 'company_overview_to_minio', 'ingest_overview', 'manual__2026-02-22T02:41:53.488760+00:00', '--job-id', '23968', '--raw', '--subdir', 'DAGS_FOLDER/dl_overview.py', '--cfg-path', '/tmp/tmpvk_8d3e8', '--map-index', '67']
[2026-02-22T02:47:09.312+0000] {standard_task_runner.py:91} INFO - Job 23968: Subtask ingest_overview
[2026-02-22T02:47:09.427+0000] {task_command.py:426} INFO - Running <TaskInstance: company_overview_to_minio.ingest_overview manual__2026-02-22T02:41:53.488760+00:00 map_index=67 [running]> on host 1b22f72dc705
[2026-02-22T02:47:09.680+0000] {taskinstance.py:2648} INFO - Exporting env vars: AIRFLOW_CTX_DAG_OWNER='***' AIRFLOW_CTX_DAG_ID='company_overview_to_minio' AIRFLOW_CTX_TASK_ID='ingest_overview' AIRFLOW_CTX_EXECUTION_DATE='2026-02-22T02:41:53.488760+00:00' AIRFLOW_CTX_TRY_NUMBER='1' AIRFLOW_CTX_DAG_RUN_ID='manual__2026-02-22T02:41:53.488760+00:00'
[2026-02-22T02:47:09.687+0000] {taskinstance.py:430} INFO - ::endgroup::
[2026-02-22T02:47:09.691+0000] {datalake_df2csv.py:40} INFO - ================================================================================
[2026-02-22T02:47:09.692+0000] {datalake_df2csv.py:41} INFO - 🚀 BẮT ĐẦU TASK: ingest_overview
[2026-02-22T02:47:09.693+0000] {datalake_df2csv.py:42} INFO - ================================================================================
[2026-02-22T02:47:09.694+0000] {datalake_df2csv.py:43} INFO - 📋 Thông tin cấu hình:
[2026-02-22T02:47:09.697+0000] {datalake_df2csv.py:44} INFO -   - Logic file: thongtincongty
[2026-02-22T02:47:09.699+0000] {datalake_df2csv.py:45} INFO -   - DataFrame name: get_overview_batch
[2026-02-22T02:47:09.700+0000] {datalake_df2csv.py:46} INFO -   - Bucket: thongtin-congty-va-bctc
[2026-02-22T02:47:09.701+0000] {datalake_df2csv.py:47} INFO -   - Object path: overview/2026-02-22/batch_67.csv
[2026-02-22T02:47:09.702+0000] {datalake_df2csv.py:48} INFO -   - Connection ID: minio_finance
[2026-02-22T02:47:09.703+0000] {datalake_df2csv.py:49} INFO -   - Tham số truyền vào: {'symbols': ['SZL', 'ILS', 'TDB', 'BKG', 'AAH', 'LG9', 'TDM', 'BMK', 'ACC', 'TNC', 'POW', 'GHC', 'UEM', 'PVV', 'HOT', 'BCG', 'BLI', 'TGP', 'HNA', 'TTN']}
[2026-02-22T02:47:09.706+0000] {datalake_df2csv.py:50} INFO - --------------------------------------------------------------------------------
[2026-02-22T02:47:09.707+0000] {datalake_df2csv.py:54} INFO - 📥 Bước 1: Đang load dữ liệu từ logic file...
[2026-02-22T02:47:09.712+0000] {datalake_df2csv.py:148} INFO -   - Logic directory: /opt/airflow/plugins/logic
[2026-02-22T02:47:09.713+0000] {datalake_df2csv.py:149} INFO -   - Module path: /opt/airflow/plugins/logic/thongtincongty.py
[2026-02-22T02:47:09.714+0000] {datalake_df2csv.py:153} INFO -   - Đã thêm logic directory vào sys.path
[2026-02-22T02:47:09.716+0000] {datalake_df2csv.py:159} INFO -   - Đang load module 'thongtincongty'...
[2026-02-22T02:47:09.731+0000] {datalake_df2csv.py:163} INFO -   - ✅ Module loaded thành công
[2026-02-22T02:47:09.732+0000] {datalake_df2csv.py:165} INFO -   - Đang tìm DataFrame/function: 'get_overview_batch'...
[2026-02-22T02:47:09.733+0000] {datalake_df2csv.py:170} INFO -   - ✅ Tìm thấy object: function
[2026-02-22T02:47:09.733+0000] {datalake_df2csv.py:173} INFO -   - Đang gọi function với tham số: {'symbols': ['SZL', 'ILS', 'TDB', 'BKG', 'AAH', 'LG9', 'TDM', 'BMK', 'ACC', 'TNC', 'POW', 'GHC', 'UEM', 'PVV', 'HOT', 'BCG', 'BLI', 'TGP', 'HNA', 'TTN']}
[2026-02-22T02:47:14.437+0000] {warnings.py:112} WARNING - DataFrame.applymap has been deprecated. Use DataFrame.map instead.

[2026-02-22T02:47:15.716+0000] {warnings.py:112} WARNING - DataFrame.applymap has been deprecated. Use DataFrame.map instead.

[2026-02-22T02:47:16.944+0000] {warnings.py:112} WARNING - DataFrame.applymap has been deprecated. Use DataFrame.map instead.

[2026-02-22T02:47:18.229+0000] {warnings.py:112} WARNING - DataFrame.applymap has been deprecated. Use DataFrame.map instead.

[2026-02-22T02:47:19.383+0000] {local_task_job_runner.py:313} WARNING - State of this instance has been externally set to failed. Terminating instance.
[2026-02-22T02:47:19.383+0000] {local_task_job_runner.py:222} INFO - ::endgroup::
[2026-02-22T02:47:19.385+0000] {process_utils.py:132} INFO - Sending 15 to group 3236. PIDs of all processes in the group: [3236]
[2026-02-22T02:47:19.385+0000] {process_utils.py:87} INFO - Sending the signal 15 to group 3236
[2026-02-22T02:47:19.386+0000] {taskinstance.py:2611} ERROR - Received SIGTERM. Terminating subprocesses.
[2026-02-22T02:47:19.387+0000] {taskinstance.py:441} INFO - ::group::Post task execution logs
[2026-02-22T02:47:19.438+0000] {process_utils.py:80} INFO - Process psutil.Process(pid=3236, status='terminated', exitcode=0, started='02:47:08') (3236) terminated with exit code 0
