[2026-01-27T15:19:14.594+0000] {local_task_job_runner.py:120} INFO - ::group::Pre task execution logs
[2026-01-27T15:19:14.698+0000] {taskinstance.py:2076} INFO - Dependencies all met for dep_context=non-requeueable deps ti=<TaskInstance: financial_ratios_minio.ingest_financial_ratios scheduled__2026-01-18T02:00:00+00:00 map_index=798 [queued]>
[2026-01-27T15:19:14.770+0000] {taskinstance.py:2076} INFO - Dependencies all met for dep_context=requeueable deps ti=<TaskInstance: financial_ratios_minio.ingest_financial_ratios scheduled__2026-01-18T02:00:00+00:00 map_index=798 [queued]>
[2026-01-27T15:19:14.771+0000] {taskinstance.py:2306} INFO - Starting attempt 1 of 2
[2026-01-27T15:19:14.798+0000] {taskinstance.py:2330} INFO - Executing <Mapped(DfToCsvOperator): ingest_financial_ratios> on 2026-01-18 02:00:00+00:00
[2026-01-27T15:19:14.818+0000] {warnings.py:112} WARNING - This process (pid=19093) is multi-threaded, use of fork() may lead to deadlocks in the child.

[2026-01-27T15:19:14.821+0000] {standard_task_runner.py:64} INFO - Started process 19141 to run task
[2026-01-27T15:19:14.824+0000] {standard_task_runner.py:90} INFO - Running: ['***', 'tasks', 'run', 'financial_ratios_minio', 'ingest_financial_ratios', 'scheduled__2026-01-18T02:00:00+00:00', '--job-id', '9165', '--raw', '--subdir', 'DAGS_FOLDER/dl_financial_ratios.py', '--cfg-path', '/tmp/tmpn1lh1c25', '--map-index', '798']
[2026-01-27T15:19:14.829+0000] {standard_task_runner.py:91} INFO - Job 9165: Subtask ingest_financial_ratios
[2026-01-27T15:19:14.901+0000] {task_command.py:426} INFO - Running <TaskInstance: financial_ratios_minio.ingest_financial_ratios scheduled__2026-01-18T02:00:00+00:00 map_index=798 [running]> on host c05a814b0743
[2026-01-27T15:19:15.058+0000] {taskinstance.py:2648} INFO - Exporting env vars: AIRFLOW_CTX_DAG_OWNER='***' AIRFLOW_CTX_DAG_ID='financial_ratios_minio' AIRFLOW_CTX_TASK_ID='ingest_financial_ratios' AIRFLOW_CTX_EXECUTION_DATE='2026-01-18T02:00:00+00:00' AIRFLOW_CTX_TRY_NUMBER='1' AIRFLOW_CTX_DAG_RUN_ID='scheduled__2026-01-18T02:00:00+00:00'
[2026-01-27T15:19:15.060+0000] {taskinstance.py:430} INFO - ::endgroup::
[2026-01-27T15:19:15.070+0000] {logging_mixin.py:188} INFO - [RATIO] Bắt đầu xử lý batch 2 mã: ['BPC', 'BOT']
[2026-01-27T15:19:15.071+0000] {logging_mixin.py:188} INFO - [RATIO] Kỳ dữ liệu: quarter
[2026-01-27T15:19:15.071+0000] {logging_mixin.py:188} INFO -  >> [RATIO] Đang lấy dữ liệu: BPC
[2026-01-27T15:19:15.209+0000] {logging_mixin.py:188} INFO -  ❌ [RATIO] Lỗi xử lý mã BPC: Failed to fetch data: 429 - Too Many Requests
[2026-01-27T15:19:15.210+0000] {logging_mixin.py:188} INFO -  >> [RATIO] Đang lấy dữ liệu: BOT
[2026-01-27T15:19:15.327+0000] {logging_mixin.py:188} INFO -  ❌ [RATIO] Lỗi xử lý mã BOT: Failed to fetch data: 429 - Too Many Requests
[2026-01-27T15:19:15.329+0000] {logging_mixin.py:188} INFO -  ⚠ [RATIO] Batch này không thu được dữ liệu nào.
[2026-01-27T15:19:15.333+0000] {datalake_df2csv.py:40} INFO - DataFrame rỗng, bỏ qua upload CSV.
[2026-01-27T15:19:15.334+0000] {taskinstance.py:441} INFO - ::group::Post task execution logs
[2026-01-27T15:19:15.348+0000] {taskinstance.py:1206} INFO - Marking task as SUCCESS. dag_id=financial_ratios_minio, task_id=ingest_financial_ratios, run_id=scheduled__2026-01-18T02:00:00+00:00, map_index=798, execution_date=20260118T020000, start_date=20260127T151914, end_date=20260127T151915
[2026-01-27T15:19:15.398+0000] {local_task_job_runner.py:243} INFO - Task exited with return code 0
[2026-01-27T15:19:15.419+0000] {taskinstance.py:3503} INFO - 0 downstream tasks scheduled from follow-on schedule check
[2026-01-27T15:19:15.422+0000] {local_task_job_runner.py:222} INFO - ::endgroup::
