[2026-02-19T03:30:18.276+0000] {local_task_job_runner.py:120} INFO - ::group::Pre task execution logs
[2026-02-19T03:30:18.312+0000] {taskinstance.py:2076} INFO - Dependencies all met for dep_context=non-requeueable deps ti=<TaskInstance: minio_to_db_sync.sync_macro_economy manual__2026-02-19T03:30:11+00:00 [queued]>
[2026-02-19T03:30:18.328+0000] {taskinstance.py:2076} INFO - Dependencies all met for dep_context=requeueable deps ti=<TaskInstance: minio_to_db_sync.sync_macro_economy manual__2026-02-19T03:30:11+00:00 [queued]>
[2026-02-19T03:30:18.328+0000] {taskinstance.py:2306} INFO - Starting attempt 1 of 3
[2026-02-19T03:30:18.352+0000] {taskinstance.py:2330} INFO - Executing <Task(_PythonDecoratedOperator): sync_macro_economy> on 2026-02-19 03:30:11+00:00
[2026-02-19T03:30:18.370+0000] {warnings.py:112} WARNING - This process (pid=1394) is multi-threaded, use of fork() may lead to deadlocks in the child.

[2026-02-19T03:30:18.373+0000] {standard_task_runner.py:64} INFO - Started process 1429 to run task
[2026-02-19T03:30:18.375+0000] {standard_task_runner.py:90} INFO - Running: ['***', 'tasks', 'run', 'minio_to_db_sync', 'sync_macro_economy', 'manual__2026-02-19T03:30:11+00:00', '--job-id', '22434', '--raw', '--subdir', 'DAGS_FOLDER/minio_to_db_sync.py', '--cfg-path', '/tmp/tmpb2k8qual']
[2026-02-19T03:30:18.381+0000] {standard_task_runner.py:91} INFO - Job 22434: Subtask sync_macro_economy
[2026-02-19T03:30:18.455+0000] {task_command.py:426} INFO - Running <TaskInstance: minio_to_db_sync.sync_macro_economy manual__2026-02-19T03:30:11+00:00 [running]> on host 9f4c085eef5c
[2026-02-19T03:30:18.601+0000] {taskinstance.py:2648} INFO - Exporting env vars: AIRFLOW_CTX_DAG_OWNER='***' AIRFLOW_CTX_DAG_ID='minio_to_db_sync' AIRFLOW_CTX_TASK_ID='sync_macro_economy' AIRFLOW_CTX_EXECUTION_DATE='2026-02-19T03:30:11+00:00' AIRFLOW_CTX_TRY_NUMBER='1' AIRFLOW_CTX_DAG_RUN_ID='manual__2026-02-19T03:30:11+00:00'
[2026-02-19T03:30:18.603+0000] {taskinstance.py:430} INFO - ::endgroup::
[2026-02-19T03:30:18.613+0000] {logging_mixin.py:188} INFO - ======================================================================
[2026-02-19T03:30:18.613+0000] {logging_mixin.py:188} INFO - 📊 SYNC MACRO ECONOMY TO DATABASE
[2026-02-19T03:30:18.614+0000] {logging_mixin.py:188} INFO - ======================================================================
[2026-02-19T03:30:18.615+0000] {logging_mixin.py:188} INFO - 
--- Processing XAU ---
[2026-02-19T03:30:18.631+0000] {base.py:84} INFO - Using connection ID 'minio_finance' for task execution.
[2026-02-19T03:30:18.633+0000] {connection_wrapper.py:384} INFO - AWS Connection (conn_id='minio_finance', conn_type='aws') credentials retrieved from login and password.
[2026-02-19T03:30:21.232+0000] {logging_mixin.py:188} INFO - 📂 Scanning 18 objects in thongtin-congty-va-bctc/macro_economy/xau/
[2026-02-19T03:30:21.233+0000] {logging_mixin.py:188} INFO - 📅 Found 18 valid date partition(s): ['2026-01-13', '2026-01-15', '2026-01-16', '2026-01-17', '2026-01-19', '2026-01-21', '2026-01-23', '2026-01-24', '2026-01-26', '2026-01-27', '2026-01-28', '2026-01-30', '2026-02-02', '2026-02-03', '2026-02-04', '2026-02-06', '2026-02-07', '2026-02-11']
[2026-02-19T03:30:21.233+0000] {logging_mixin.py:188} INFO - ✅ Latest partition selected: macro_economy/xau/2026-02-11/
[2026-02-19T03:30:21.241+0000] {base.py:84} INFO - Using connection ID 'minio_finance' for task execution.
[2026-02-19T03:30:21.242+0000] {connection_wrapper.py:384} INFO - AWS Connection (conn_id='minio_finance', conn_type='aws') credentials retrieved from login and password.
[2026-02-19T03:30:21.403+0000] {base.py:84} INFO - Using connection ID 'minio_finance' for task execution.
[2026-02-19T03:30:21.404+0000] {connection_wrapper.py:384} INFO - AWS Connection (conn_id='minio_finance', conn_type='aws') credentials retrieved from login and password.
[2026-02-19T03:30:21.531+0000] {logging_mixin.py:188} INFO - ✓ Read 1 rows from macro_economy/xau/2026-02-11/data.csv
[2026-02-19T03:30:21.533+0000] {logging_mixin.py:188} INFO - 
--- Processing OIL ---
[2026-02-19T03:30:21.541+0000] {base.py:84} INFO - Using connection ID 'minio_finance' for task execution.
[2026-02-19T03:30:21.542+0000] {connection_wrapper.py:384} INFO - AWS Connection (conn_id='minio_finance', conn_type='aws') credentials retrieved from login and password.
[2026-02-19T03:30:22.779+0000] {logging_mixin.py:188} INFO - 📂 Scanning 18 objects in thongtin-congty-va-bctc/macro_economy/oil/
[2026-02-19T03:30:22.781+0000] {logging_mixin.py:188} INFO - 📅 Found 18 valid date partition(s): ['2026-01-13', '2026-01-15', '2026-01-16', '2026-01-17', '2026-01-19', '2026-01-21', '2026-01-23', '2026-01-24', '2026-01-26', '2026-01-27', '2026-01-28', '2026-01-30', '2026-02-02', '2026-02-03', '2026-02-04', '2026-02-06', '2026-02-07', '2026-02-11']
[2026-02-19T03:30:22.781+0000] {logging_mixin.py:188} INFO - ✅ Latest partition selected: macro_economy/oil/2026-02-11/
[2026-02-19T03:30:22.789+0000] {base.py:84} INFO - Using connection ID 'minio_finance' for task execution.
[2026-02-19T03:30:22.790+0000] {connection_wrapper.py:384} INFO - AWS Connection (conn_id='minio_finance', conn_type='aws') credentials retrieved from login and password.
[2026-02-19T03:30:22.990+0000] {base.py:84} INFO - Using connection ID 'minio_finance' for task execution.
[2026-02-19T03:30:22.991+0000] {connection_wrapper.py:384} INFO - AWS Connection (conn_id='minio_finance', conn_type='aws') credentials retrieved from login and password.
[2026-02-19T03:30:23.097+0000] {logging_mixin.py:188} INFO - ✓ Read 1 rows from macro_economy/oil/2026-02-11/data.csv
[2026-02-19T03:30:23.098+0000] {logging_mixin.py:188} INFO - 
--- Processing DJI ---
[2026-02-19T03:30:23.105+0000] {base.py:84} INFO - Using connection ID 'minio_finance' for task execution.
[2026-02-19T03:30:23.106+0000] {connection_wrapper.py:384} INFO - AWS Connection (conn_id='minio_finance', conn_type='aws') credentials retrieved from login and password.
[2026-02-19T03:30:23.744+0000] {logging_mixin.py:188} INFO - 📂 Scanning 17 objects in thongtin-congty-va-bctc/macro_economy/dowjone/
[2026-02-19T03:30:23.744+0000] {logging_mixin.py:188} INFO - 📅 Found 17 valid date partition(s): ['2026-01-13', '2026-01-15', '2026-01-16', '2026-01-17', '2026-01-21', '2026-01-23', '2026-01-24', '2026-01-26', '2026-01-27', '2026-01-28', '2026-01-30', '2026-02-02', '2026-02-03', '2026-02-04', '2026-02-06', '2026-02-07', '2026-02-11']
[2026-02-19T03:30:23.745+0000] {logging_mixin.py:188} INFO - ✅ Latest partition selected: macro_economy/dowjone/2026-02-11/
[2026-02-19T03:30:23.752+0000] {base.py:84} INFO - Using connection ID 'minio_finance' for task execution.
[2026-02-19T03:30:23.753+0000] {connection_wrapper.py:384} INFO - AWS Connection (conn_id='minio_finance', conn_type='aws') credentials retrieved from login and password.
[2026-02-19T03:30:23.884+0000] {base.py:84} INFO - Using connection ID 'minio_finance' for task execution.
[2026-02-19T03:30:23.885+0000] {connection_wrapper.py:384} INFO - AWS Connection (conn_id='minio_finance', conn_type='aws') credentials retrieved from login and password.
[2026-02-19T03:30:23.975+0000] {logging_mixin.py:188} INFO - ✓ Read 1 rows from macro_economy/dowjone/2026-02-11/data.csv
[2026-02-19T03:30:23.977+0000] {logging_mixin.py:188} INFO - 
Total loaded: 3 rows
[2026-02-19T03:30:23.978+0000] {logging_mixin.py:188} INFO - 
Cleaning and transforming data...
[2026-02-19T03:30:23.988+0000] {logging_mixin.py:188} INFO - After cleaning: 3 rows
[2026-02-19T03:30:23.988+0000] {logging_mixin.py:188} INFO - 
Inserting into database...
[2026-02-19T03:30:23.994+0000] {logging_mixin.py:188} INFO - ✓ Schema hethong_phantich_chungkhoan ensured
[2026-02-19T03:30:23.997+0000] {logging_mixin.py:188} INFO - ✅ Inserted 3 rows
[2026-02-19T03:30:23.998+0000] {python.py:237} INFO - Done. Returned value was: ✅ Success: 3 rows
[2026-02-19T03:30:23.998+0000] {taskinstance.py:441} INFO - ::group::Post task execution logs
[2026-02-19T03:30:24.016+0000] {taskinstance.py:1206} INFO - Marking task as SUCCESS. dag_id=minio_to_db_sync, task_id=sync_macro_economy, run_id=manual__2026-02-19T03:30:11+00:00, execution_date=20260219T033011, start_date=20260219T033018, end_date=20260219T033024
[2026-02-19T03:30:24.055+0000] {local_task_job_runner.py:243} INFO - Task exited with return code 0
[2026-02-19T03:30:24.074+0000] {taskinstance.py:3503} INFO - 0 downstream tasks scheduled from follow-on schedule check
[2026-02-19T03:30:24.076+0000] {local_task_job_runner.py:222} INFO - ::endgroup::
