[2026-04-12T02:06:48.611+0000] {local_task_job_runner.py:120} INFO - ::group::Pre task execution logs
[2026-04-12T02:06:48.700+0000] {taskinstance.py:2076} INFO - Dependencies all met for dep_context=non-requeueable deps ti=<TaskInstance: financial_ratios.ingest_financial_ratios scheduled__2026-04-05T02:00:00+00:00 map_index=236 [queued]>
[2026-04-12T02:06:48.791+0000] {taskinstance.py:2076} INFO - Dependencies all met for dep_context=requeueable deps ti=<TaskInstance: financial_ratios.ingest_financial_ratios scheduled__2026-04-05T02:00:00+00:00 map_index=236 [queued]>
[2026-04-12T02:06:48.800+0000] {taskinstance.py:2306} INFO - Starting attempt 1 of 2
[2026-04-12T02:06:48.880+0000] {taskinstance.py:2330} INFO - Executing <Mapped(DfToCsvOperator): ingest_financial_ratios> on 2026-04-05 02:00:00+00:00
[2026-04-12T02:06:48.897+0000] {warnings.py:112} WARNING - This process (pid=2475) is multi-threaded, use of fork() may lead to deadlocks in the child.

[2026-04-12T02:06:48.902+0000] {standard_task_runner.py:64} INFO - Started process 2514 to run task
[2026-04-12T02:06:48.909+0000] {standard_task_runner.py:90} INFO - Running: ['***', 'tasks', 'run', 'financial_ratios', 'ingest_financial_ratios', 'scheduled__2026-04-05T02:00:00+00:00', '--job-id', '41801', '--raw', '--subdir', 'DAGS_FOLDER/dl_financial_ratios.py', '--cfg-path', '/tmp/tmp_ilu9_py', '--map-index', '236']
[2026-04-12T02:06:48.918+0000] {standard_task_runner.py:91} INFO - Job 41801: Subtask ingest_financial_ratios
[2026-04-12T02:06:49.063+0000] {task_command.py:426} INFO - Running <TaskInstance: financial_ratios.ingest_financial_ratios scheduled__2026-04-05T02:00:00+00:00 map_index=236 [running]> on host aaa6d1639b96
[2026-04-12T02:06:49.925+0000] {taskinstance.py:2648} INFO - Exporting env vars: AIRFLOW_CTX_DAG_OWNER='***' AIRFLOW_CTX_DAG_ID='financial_ratios' AIRFLOW_CTX_TASK_ID='ingest_financial_ratios' AIRFLOW_CTX_EXECUTION_DATE='2026-04-05T02:00:00+00:00' AIRFLOW_CTX_TRY_NUMBER='1' AIRFLOW_CTX_DAG_RUN_ID='scheduled__2026-04-05T02:00:00+00:00'
[2026-04-12T02:06:49.937+0000] {taskinstance.py:430} INFO - ::endgroup::
[2026-04-12T02:06:49.942+0000] {datalake_df2csv.py:40} INFO - ================================================================================
[2026-04-12T02:06:49.951+0000] {datalake_df2csv.py:41} INFO - 🚀 BẮT ĐẦU TASK: ingest_financial_ratios
[2026-04-12T02:06:49.960+0000] {datalake_df2csv.py:42} INFO - ================================================================================
[2026-04-12T02:06:49.967+0000] {datalake_df2csv.py:43} INFO - 📋 Thông tin cấu hình:
[2026-04-12T02:06:49.969+0000] {datalake_df2csv.py:44} INFO -   - Logic file: financial_ratios
[2026-04-12T02:06:49.973+0000] {datalake_df2csv.py:45} INFO -   - DataFrame name: get_financial_ratios_batch
[2026-04-12T02:06:49.977+0000] {datalake_df2csv.py:46} INFO -   - Bucket: thongtin-congty-va-bctc
[2026-04-12T02:06:49.981+0000] {datalake_df2csv.py:47} INFO -   - Object path: financial_ratios/2026-04-05/batch_236.csv
[2026-04-12T02:06:49.985+0000] {datalake_df2csv.py:48} INFO -   - Connection ID: minio_finance
[2026-04-12T02:06:49.994+0000] {datalake_df2csv.py:49} INFO -   - Tham số truyền vào: {'symbols': ['SFI', 'KTC'], 'period': 'quarter'}
[2026-04-12T02:06:49.996+0000] {datalake_df2csv.py:50} INFO - --------------------------------------------------------------------------------
[2026-04-12T02:06:49.998+0000] {datalake_df2csv.py:54} INFO - 📥 Bước 1: Đang load dữ liệu từ logic file...
[2026-04-12T02:06:50.035+0000] {datalake_df2csv.py:148} INFO -   - Logic directory: /opt/airflow/plugins/logic
[2026-04-12T02:06:50.039+0000] {datalake_df2csv.py:149} INFO -   - Module path: /opt/airflow/plugins/logic/financial_ratios.py
[2026-04-12T02:06:50.041+0000] {datalake_df2csv.py:153} INFO -   - Đã thêm logic directory vào sys.path
[2026-04-12T02:06:50.045+0000] {datalake_df2csv.py:159} INFO -   - Đang load module 'financial_ratios'...
[2026-04-12T02:06:50.099+0000] {datalake_df2csv.py:163} INFO -   - ✅ Module loaded thành công
[2026-04-12T02:06:50.103+0000] {datalake_df2csv.py:165} INFO -   - Đang tìm DataFrame/function: 'get_financial_ratios_batch'...
[2026-04-12T02:06:50.108+0000] {datalake_df2csv.py:170} INFO -   - ✅ Tìm thấy object: function
[2026-04-12T02:06:50.111+0000] {datalake_df2csv.py:173} INFO -   - Đang gọi function với tham số: {'symbols': ['SFI', 'KTC'], 'period': 'quarter'}
[2026-04-12T02:06:50.146+0000] {logging_mixin.py:188} INFO - [RATIO] Bắt đầu xử lý batch 2 mã: ['SFI', 'KTC']
[2026-04-12T02:06:50.160+0000] {logging_mixin.py:188} INFO - [RATIO] Kỳ dữ liệu: quarter
[2026-04-12T02:06:50.172+0000] {logging_mixin.py:188} INFO -  >> [RATIO] Đang lấy dữ liệu: SFI
[2026-04-12T02:06:58.541+0000] {logging_mixin.py:188} INFO -  ✓ [RATIO] SFI: 52 rows
[2026-04-12T02:07:00.592+0000] {logging_mixin.py:188} INFO -  >> [RATIO] Đang lấy dữ liệu: KTC
[2026-04-12T02:07:06.353+0000] {logging_mixin.py:188} INFO -  ✓ [RATIO] KTC: 33 rows
[2026-04-12T02:07:11.012+0000] {logging_mixin.py:188} INFO -  ✅ [RATIO] Hoàn thành batch. Tổng số dòng: 85
[2026-04-12T02:07:11.016+0000] {datalake_df2csv.py:68} INFO - ✅ Load dữ liệu thành công!
[2026-04-12T02:07:11.016+0000] {datalake_df2csv.py:69} INFO - 📊 Thông tin DataFrame:
[2026-04-12T02:07:11.017+0000] {datalake_df2csv.py:70} INFO -   - Số dòng: 85
[2026-04-12T02:07:11.023+0000] {datalake_df2csv.py:71} INFO -   - Số cột: 40
[2026-04-12T02:07:11.027+0000] {datalake_df2csv.py:72} INFO -   - Tên các cột: [('ticker', ''), ('Meta', 'CP'), ('Meta', 'Năm'), ('Meta', 'Kỳ'), ('Chỉ tiêu cơ cấu nguồn vốn', '(Vay NH+DH)/VCSH'), ('Chỉ tiêu cơ cấu nguồn vốn', 'Nợ/VCSH'), ('Chỉ tiêu cơ cấu nguồn vốn', 'TSCĐ / Vốn CSH'), ('Chỉ tiêu cơ cấu nguồn vốn', 'Vốn CSH/Vốn điều lệ'), ('Chỉ tiêu hiệu quả hoạt động', 'Vòng quay tài sản'), ('Chỉ tiêu hiệu quả hoạt động', 'Vòng quay TSCĐ'), ('Chỉ tiêu hiệu quả hoạt động', 'Số ngày thu tiền bình quân'), ('Chỉ tiêu hiệu quả hoạt động', 'Số ngày tồn kho bình quân'), ('Chỉ tiêu hiệu quả hoạt động', 'Số ngày thanh toán bình quân'), ('Chỉ tiêu hiệu quả hoạt động', 'Chu kỳ tiền'), ('Chỉ tiêu hiệu quả hoạt động', 'Vòng quay hàng tồn kho'), ('Chỉ tiêu khả năng sinh lợi', 'Biên EBIT (%)'), ('Chỉ tiêu khả năng sinh lợi', 'Biên lợi nhuận gộp (%)'), ('Chỉ tiêu khả năng sinh lợi', 'Biên lợi nhuận ròng (%)'), ('Chỉ tiêu khả năng sinh lợi', 'ROE (%)'), ('Chỉ tiêu khả năng sinh lợi', 'ROIC (%)'), ('Chỉ tiêu khả năng sinh lợi', 'ROA (%)'), ('Chỉ tiêu khả năng sinh lợi', 'EBITDA (Tỷ đồng)'), ('Chỉ tiêu khả năng sinh lợi', 'EBIT (Tỷ đồng)'), ('Chỉ tiêu khả năng sinh lợi', 'Tỷ suất cổ tức (%)'), ('Chỉ tiêu thanh khoản', 'Chỉ số thanh toán hiện thời'), ('Chỉ tiêu thanh khoản', 'Chỉ số thanh toán tiền mặt'), ('Chỉ tiêu thanh khoản', 'Chỉ số thanh toán nhanh'), ('Chỉ tiêu thanh khoản', 'Khả năng chi trả lãi vay'), ('Chỉ tiêu thanh khoản', 'Đòn bẩy tài chính'), ('Chỉ tiêu định giá', 'Vốn hóa (Tỷ đồng)'), ('Chỉ tiêu định giá', 'Số CP lưu hành (Triệu CP)'), ('Chỉ tiêu định giá', 'P/E'), ('Chỉ tiêu định giá', 'P/B'), ('Chỉ tiêu định giá', 'P/S'), ('Chỉ tiêu định giá', 'P/Cash Flow'), ('Chỉ tiêu định giá', 'EPS (VND)'), ('Chỉ tiêu định giá', 'BVPS (VND)'), ('Chỉ tiêu định giá', 'EV/EBITDA'), ('period_type', ''), ('extracted_at', '')]
[2026-04-12T02:07:11.323+0000] {datalake_df2csv.py:73} INFO -   - Kiểu dữ liệu: {('ticker', ''): 'object', ('Meta', 'CP'): 'object', ('Meta', 'Năm'): 'int64', ('Meta', 'Kỳ'): 'int64', ('Chỉ tiêu cơ cấu nguồn vốn', '(Vay NH+DH)/VCSH'): 'float64', ('Chỉ tiêu cơ cấu nguồn vốn', 'Nợ/VCSH'): 'float64', ('Chỉ tiêu cơ cấu nguồn vốn', 'TSCĐ / Vốn CSH'): 'float64', ('Chỉ tiêu cơ cấu nguồn vốn', 'Vốn CSH/Vốn điều lệ'): 'float64', ('Chỉ tiêu hiệu quả hoạt động', 'Vòng quay tài sản'): 'float64', ('Chỉ tiêu hiệu quả hoạt động', 'Vòng quay TSCĐ'): 'float64', ('Chỉ tiêu hiệu quả hoạt động', 'Số ngày thu tiền bình quân'): 'float64', ('Chỉ tiêu hiệu quả hoạt động', 'Số ngày tồn kho bình quân'): 'float64', ('Chỉ tiêu hiệu quả hoạt động', 'Số ngày thanh toán bình quân'): 'float64', ('Chỉ tiêu hiệu quả hoạt động', 'Chu kỳ tiền'): 'float64', ('Chỉ tiêu hiệu quả hoạt động', 'Vòng quay hàng tồn kho'): 'float64', ('Chỉ tiêu khả năng sinh lợi', 'Biên EBIT (%)'): 'float64', ('Chỉ tiêu khả năng sinh lợi', 'Biên lợi nhuận gộp (%)'): 'float64', ('Chỉ tiêu khả năng sinh lợi', 'Biên lợi nhuận ròng (%)'): 'float64', ('Chỉ tiêu khả năng sinh lợi', 'ROE (%)'): 'float64', ('Chỉ tiêu khả năng sinh lợi', 'ROIC (%)'): 'float64', ('Chỉ tiêu khả năng sinh lợi', 'ROA (%)'): 'float64', ('Chỉ tiêu khả năng sinh lợi', 'EBITDA (Tỷ đồng)'): 'float64', ('Chỉ tiêu khả năng sinh lợi', 'EBIT (Tỷ đồng)'): 'int64', ('Chỉ tiêu khả năng sinh lợi', 'Tỷ suất cổ tức (%)'): 'float64', ('Chỉ tiêu thanh khoản', 'Chỉ số thanh toán hiện thời'): 'float64', ('Chỉ tiêu thanh khoản', 'Chỉ số thanh toán tiền mặt'): 'float64', ('Chỉ tiêu thanh khoản', 'Chỉ số thanh toán nhanh'): 'float64', ('Chỉ tiêu thanh khoản', 'Khả năng chi trả lãi vay'): 'float64', ('Chỉ tiêu thanh khoản', 'Đòn bẩy tài chính'): 'float64', ('Chỉ tiêu định giá', 'Vốn hóa (Tỷ đồng)'): 'float64', ('Chỉ tiêu định giá', 'Số CP lưu hành (Triệu CP)'): 'float64', ('Chỉ tiêu định giá', 'P/E'): 'float64', ('Chỉ tiêu định giá', 'P/B'): 'float64', ('Chỉ tiêu định giá', 'P/S'): 'float64', ('Chỉ tiêu định giá', 'P/Cash Flow'): 'float64', ('Chỉ tiêu định giá', 'EPS (VND)'): 'float64', ('Chỉ tiêu định giá', 'BVPS (VND)'): 'float64', ('Chỉ tiêu định giá', 'EV/EBITDA'): 'float64', ('period_type', ''): 'object', ('extracted_at', ''): 'datetime64[us, UTC]'}
[2026-04-12T02:07:11.551+0000] {datalake_df2csv.py:74} INFO -   - Bộ nhớ sử dụng: 0.04 MB
[2026-04-12T02:07:11.575+0000] {datalake_df2csv.py:79} INFO -   - Số giá trị NULL:
[2026-04-12T02:07:11.588+0000] {datalake_df2csv.py:81} INFO -     + ('Chỉ tiêu khả năng sinh lợi', 'Tỷ suất cổ tức (%)'): 33
[2026-04-12T02:07:11.590+0000] {datalake_df2csv.py:86} INFO -   - Mẫu dữ liệu (5 dòng đầu):
[2026-04-12T02:07:11.649+0000] {datalake_df2csv.py:88} INFO -     Row 0: {('ticker', ''): 'SFI', ('Meta', 'CP'): 'SFI', ('Meta', 'Năm'): 2025, ('Meta', 'Kỳ'): 4, ('Chỉ tiêu cơ cấu nguồn vốn', '(Vay NH+DH)/VCSH'): 0.0250454991, ('Chỉ tiêu cơ cấu nguồn vốn', 'Nợ/VCSH'): 0.1742589335, ('Chỉ tiêu cơ cấu nguồn vốn', 'TSCĐ / Vốn CSH'): 0.05381198150785293, ('Chỉ tiêu cơ cấu nguồn vốn', 'Vốn CSH/Vốn điều lệ'): 2.955891646681678, ('Chỉ tiêu hiệu quả hoạt động', 'Vòng quay tài sản'): 1.2125971833, ('Chỉ tiêu hiệu quả hoạt động', 'Vòng quay TSCĐ'): 24.3628858321, ('Chỉ tiêu hiệu quả hoạt động', 'Số ngày thu tiền bình quân'): 46.54123418479927, ('Chỉ tiêu hiệu quả hoạt động', 'Số ngày tồn kho bình quân'): 19.8492022261, ('Chỉ tiêu hiệu quả hoạt động', 'Số ngày thanh toán bình quân'): 44.9357011179, ('Chỉ tiêu hiệu quả hoạt động', 'Chu kỳ tiền'): 111.32613752879928, ('Chỉ tiêu hiệu quả hoạt động', 'Vòng quay hàng tồn kho'): 18.3886483619, ('Chỉ tiêu khả năng sinh lợi', 'Biên EBIT (%)'): 0.05463837815781568, ('Chỉ tiêu khả năng sinh lợi', 'Biên lợi nhuận gộp (%)'): 0.15437455622257057, ('Chỉ tiêu khả năng sinh lợi', 'Biên lợi nhuận ròng (%)'): 0.08757772825106044, ('Chỉ tiêu khả năng sinh lợi', 'ROE (%)'): 0.1197934482, ('Chỉ tiêu khả năng sinh lợi', 'ROIC (%)'): 0.1071085237, ('Chỉ tiêu khả năng sinh lợi', 'ROA (%)'): 0.1006630617, ('Chỉ tiêu khả năng sinh lợi', 'EBITDA (Tỷ đồng)'): 97621666384.0, ('Chỉ tiêu khả năng sinh lợi', 'EBIT (Tỷ đồng)'): 16118802368, ('Chỉ tiêu khả năng sinh lợi', 'Tỷ suất cổ tức (%)'): 0.0702987698, ('Chỉ tiêu thanh khoản', 'Chỉ số thanh toán hiện thời'): 4.5949956417, ('Chỉ tiêu thanh khoản', 'Chỉ số thanh toán tiền mặt'): 2.5436762983, ('Chỉ tiêu thanh khoản', 'Chỉ số thanh toán nhanh'): 4.1794738925, ('Chỉ tiêu thanh khoản', 'Khả năng chi trả lãi vay'): -137.2342551560131, ('Chỉ tiêu thanh khoản', 'Đòn bẩy tài chính'): 1.174258933453861, ('Chỉ tiêu định giá', 'Vốn hóa (Tỷ đồng)'): 691677367300.0, ('Chỉ tiêu định giá', 'Số CP lưu hành (Triệu CP)'): 24312034.0, ('Chỉ tiêu định giá', 'P/E'): 7.3454149605, ('Chỉ tiêu định giá', 'P/B'): 0.8985452511, ('Chỉ tiêu định giá', 'P/S'): 0.6251540171, ('Chỉ tiêu định giá', 'P/Cash Flow'): -21.4416298278, ('Chỉ tiêu định giá', 'EPS (VND)'): 1062.691854906093, ('Chỉ tiêu định giá', 'BVPS (VND)'): 31662.2896438447, ('Chỉ tiêu định giá', 'EV/EBITDA'): 5.6320105324, ('period_type', ''): 'quarter', ('extracted_at', ''): Timestamp('2026-04-12 02:06:58.539968+0000', tz='UTC')}
[2026-04-12T02:07:11.937+0000] {datalake_df2csv.py:88} INFO -     Row 1: {('ticker', ''): 'SFI', ('Meta', 'CP'): 'SFI', ('Meta', 'Năm'): 2025, ('Meta', 'Kỳ'): 3, ('Chỉ tiêu cơ cấu nguồn vốn', '(Vay NH+DH)/VCSH'): 0.0, ('Chỉ tiêu cơ cấu nguồn vốn', 'Nợ/VCSH'): 0.1426146076, ('Chỉ tiêu cơ cấu nguồn vốn', 'TSCĐ / Vốn CSH'): 0.05727596495393205, ('Chỉ tiêu cơ cấu nguồn vốn', 'Vốn CSH/Vốn điều lệ'): 2.950038932540093, ('Chỉ tiêu hiệu quả hoạt động', 'Vòng quay tài sản'): 1.2569175167, ('Chỉ tiêu hiệu quả hoạt động', 'Vòng quay TSCĐ'): 24.6168584628, ('Chỉ tiêu hiệu quả hoạt động', 'Số ngày thu tiền bình quân'): 45.03741746956023, ('Chỉ tiêu hiệu quả hoạt động', 'Số ngày tồn kho bình quân'): 17.2104780084, ('Chỉ tiêu hiệu quả hoạt động', 'Số ngày thanh toán bình quân'): 44.7496526109, ('Chỉ tiêu hiệu quả hoạt động', 'Chu kỳ tiền'): 106.99754808886023, ('Chỉ tiêu hiệu quả hoạt động', 'Vòng quay hàng tồn kho'): 21.208010598, ('Chỉ tiêu khả năng sinh lợi', 'Biên EBIT (%)'): 0.08311916638493962, ('Chỉ tiêu khả năng sinh lợi', 'Biên lợi nhuận gộp (%)'): 0.16210102617996994, ('Chỉ tiêu khả năng sinh lợi', 'Biên lợi nhuận ròng (%)'): 0.07655545013390266, ('Chỉ tiêu khả năng sinh lợi', 'ROE (%)'): 0.1205518613, ('Chỉ tiêu khả năng sinh lợi', 'ROIC (%)'): 0.1059105583, ('Chỉ tiêu khả năng sinh lợi', 'ROA (%)'): 0.1021307145, ('Chỉ tiêu khả năng sinh lợi', 'EBITDA (Tỷ đồng)'): 94409469215.0, ('Chỉ tiêu khả năng sinh lợi', 'EBIT (Tỷ đồng)'): 23701495043, ('Chỉ tiêu khả năng sinh lợi', 'Tỷ suất cổ tức (%)'): 0.0769230769, ('Chỉ tiêu thanh khoản', 'Chỉ số thanh toán hiện thời'): 5.4704673038, ('Chỉ tiêu thanh khoản', 'Chỉ số thanh toán tiền mặt'): 2.9786075218, ('Chỉ tiêu thanh khoản', 'Chỉ số thanh toán nhanh'): 5.0750846517, ('Chỉ tiêu thanh khoản', 'Khả năng chi trả lãi vay'): 0.0, ('Chỉ tiêu thanh khoản', 'Đòn bẩy tài chính'): 1.1426146075826868, ('Chỉ tiêu định giá', 'Vốn hóa (Tỷ đồng)'): 632112884000.0, ('Chỉ tiêu định giá', 'Số CP lưu hành (Triệu CP)'): 24312034.0, ('Chỉ tiêu định giá', 'P/E'): 6.6312568417, ('Chỉ tiêu định giá', 'P/B'): 0.8227952828, ('Chỉ tiêu định giá', 'P/S'): 0.5592772352, ('Chỉ tiêu định giá', 'P/Cash Flow'): -14.6376514374, ('Chỉ tiêu định giá', 'EPS (VND)'): 897.9029167613043, ('Chỉ tiêu định giá', 'BVPS (VND)'): 31599.5977888975, ('Chỉ tiêu định giá', 'EV/EBITDA'): 5.1927182098, ('period_type', ''): 'quarter', ('extracted_at', ''): Timestamp('2026-04-12 02:06:58.539968+0000', tz='UTC')}
[2026-04-12T02:07:12.343+0000] {datalake_df2csv.py:88} INFO -     Row 2: {('ticker', ''): 'SFI', ('Meta', 'CP'): 'SFI', ('Meta', 'Năm'): 2025, ('Meta', 'Kỳ'): 2, ('Chỉ tiêu cơ cấu nguồn vốn', '(Vay NH+DH)/VCSH'): 0.0, ('Chỉ tiêu cơ cấu nguồn vốn', 'Nợ/VCSH'): 0.1791930233, ('Chỉ tiêu cơ cấu nguồn vốn', 'TSCĐ / Vốn CSH'): 0.05776409816096817, ('Chỉ tiêu cơ cấu nguồn vốn', 'Vốn CSH/Vốn điều lệ'): 2.915219040738965, ('Chỉ tiêu hiệu quả hoạt động', 'Vòng quay tài sản'): 1.2497439484, ('Chỉ tiêu hiệu quả hoạt động', 'Vòng quay TSCĐ'): 23.4995873269, ('Chỉ tiêu hiệu quả hoạt động', 'Số ngày thu tiền bình quân'): 44.10366263518022, ('Chỉ tiêu hiệu quả hoạt động', 'Số ngày tồn kho bình quân'): 17.3135125128, ('Chỉ tiêu hiệu quả hoạt động', 'Số ngày thanh toán bình quân'): 48.7345669932, ('Chỉ tiêu hiệu quả hoạt động', 'Chu kỳ tiền'): 110.15174214118022, ('Chỉ tiêu hiệu quả hoạt động', 'Vòng quay hàng tồn kho'): 21.0817995326, ('Chỉ tiêu khả năng sinh lợi', 'Biên EBIT (%)'): 0.11208588385895009, ('Chỉ tiêu khả năng sinh lợi', 'Biên lợi nhuận gộp (%)'): 0.18345588287013884, ('Chỉ tiêu khả năng sinh lợi', 'Biên lợi nhuận ròng (%)'): 0.09305101816920709, ('Chỉ tiêu khả năng sinh lợi', 'ROE (%)'): 0.1114552891, ('Chỉ tiêu khả năng sinh lợi', 'ROIC (%)'): 0.1036543244, ('Chỉ tiêu khả năng sinh lợi', 'ROA (%)'): 0.0929998546, ('Chỉ tiêu khả năng sinh lợi', 'EBITDA (Tỷ đồng)'): 93401188732.0, ('Chỉ tiêu khả năng sinh lợi', 'EBIT (Tỷ đồng)'): 31588117008, ('Chỉ tiêu khả năng sinh lợi', 'Tỷ suất cổ tức (%)'): 0.0384615385, ('Chỉ tiêu thanh khoản', 'Chỉ số thanh toán hiện thời'): 4.5200378349, ('Chỉ tiêu thanh khoản', 'Chỉ số thanh toán tiền mặt'): 2.4598382377, ('Chỉ tiêu thanh khoản', 'Chỉ số thanh toán nhanh'): 4.1839859931, ('Chỉ tiêu thanh khoản', 'Khả năng chi trả lãi vay'): 0.0, ('Chỉ tiêu thanh khoản', 'Đòn bẩy tài chính'): 1.1791930233454444, ('Chỉ tiêu định giá', 'Vốn hóa (Tỷ đồng)'): 632112884000.0, ('Chỉ tiêu định giá', 'Số CP lưu hành (Triệu CP)'): 24312034.0, ('Chỉ tiêu định giá', 'P/E'): 7.2584511752, ('Chỉ tiêu định giá', 'P/B'): 0.8201454246, ('Chỉ tiêu định giá', 'P/S'): 0.55958524, ('Chỉ tiêu định giá', 'P/Cash Flow'): -15.6711936002, ('Chỉ tiêu định giá', 'EPS (VND)'): 1078.6303904066604, ('Chỉ tiêu định giá', 'BVPS (VND)'): 31701.6948721773, ('Chỉ tiêu định giá', 'EV/EBITDA'): 5.1703174258, ('period_type', ''): 'quarter', ('extracted_at', ''): Timestamp('2026-04-12 02:06:58.539968+0000', tz='UTC')}
[2026-04-12T02:07:44.389+0000] {datalake_df2csv.py:88} INFO -     Row 3: {('ticker', ''): 'SFI', ('Meta', 'CP'): 'SFI', ('Meta', 'Năm'): 2025, ('Meta', 'Kỳ'): 1, ('Chỉ tiêu cơ cấu nguồn vốn', '(Vay NH+DH)/VCSH'): 0.0, ('Chỉ tiêu cơ cấu nguồn vốn', 'Nợ/VCSH'): 0.1940660225, ('Chỉ tiêu cơ cấu nguồn vốn', 'TSCĐ / Vốn CSH'): 0.06135484014296873, ('Chỉ tiêu cơ cấu nguồn vốn', 'Vốn CSH/Vốn điều lệ'): 2.903443219726284, ('Chỉ tiêu hiệu quả hoạt động', 'Vòng quay tài sản'): 1.2292258327, ('Chỉ tiêu hiệu quả hoạt động', 'Vòng quay TSCĐ'): 21.5139998108, ('Chỉ tiêu hiệu quả hoạt động', 'Số ngày thu tiền bình quân'): 43.305881369267865, ('Chỉ tiêu hiệu quả hoạt động', 'Số ngày tồn kho bình quân'): 17.8002283646, ('Chỉ tiêu hiệu quả hoạt động', 'Số ngày thanh toán bình quân'): 49.4603150645, ('Chỉ tiêu hiệu quả hoạt động', 'Chu kỳ tiền'): 110.56642479836788, ('Chỉ tiêu hiệu quả hoạt động', 'Vòng quay hàng tồn kho'): 20.5053549047, ('Chỉ tiêu khả năng sinh lợi', 'Biên EBIT (%)'): 0.0536184255638946, ('Chỉ tiêu khả năng sinh lợi', 'Biên lợi nhuận gộp (%)'): 0.15184600980431326, ('Chỉ tiêu khả năng sinh lợi', 'Biên lợi nhuận ròng (%)'): 0.07347001535466946, ('Chỉ tiêu khả năng sinh lợi', 'ROE (%)'): 0.1074397481, ('Chỉ tiêu khả năng sinh lợi', 'ROIC (%)'): 0.0819831544, ('Chỉ tiêu khả năng sinh lợi', 'ROA (%)'): 0.0894942044, ('Chỉ tiêu khả năng sinh lợi', 'EBITDA (Tỷ đồng)'): 77972517609.0, ('Chỉ tiêu khả năng sinh lợi', 'EBIT (Tỷ đồng)'): 13106000317, ('Chỉ tiêu khả năng sinh lợi', 'Tỷ suất cổ tức (%)'): 0.0, ('Chỉ tiêu thanh khoản', 'Chỉ số thanh toán hiện thời'): 4.2179540959, ('Chỉ tiêu thanh khoản', 'Chỉ số thanh toán tiền mặt'): 2.3198190148, ('Chỉ tiêu thanh khoản', 'Chỉ số thanh toán nhanh'): 3.899039359, ('Chỉ tiêu thanh khoản', 'Khả năng chi trả lãi vay'): 0.0, ('Chỉ tiêu thanh khoản', 'Đòn bẩy tài chính'): 1.1940660225176356, ('Chỉ tiêu định giá', 'Vốn hóa (Tỷ đồng)'): 666149731600.0, ('Chỉ tiêu định giá', 'Số CP lưu hành (Triệu CP)'): 24312034.0, ('Chỉ tiêu định giá', 'P/E'): 7.8891988674, ('Chỉ tiêu định giá', 'P/B'): 0.8677598268, ('Chỉ tiêu định giá', 'P/S'): 0.6055967635, ('Chỉ tiêu định giá', 'P/Cash Flow'): -176.3375706624, ('Chỉ tiêu định giá', 'EPS (VND)'): 738.6606314798671, ('Chỉ tiêu định giá', 'BVPS (VND)'): 31575.5571444578, ('Chỉ tiêu định giá', 'EV/EBITDA'): 5.2361798028, ('period_type', ''): 'quarter', ('extracted_at', ''): Timestamp('2026-04-12 02:06:58.539968+0000', tz='UTC')}
[2026-04-12T02:07:44.463+0000] {datalake_df2csv.py:88} INFO -     Row 4: {('ticker', ''): 'SFI', ('Meta', 'CP'): 'SFI', ('Meta', 'Năm'): 2024, ('Meta', 'Kỳ'): 4, ('Chỉ tiêu cơ cấu nguồn vốn', '(Vay NH+DH)/VCSH'): 0.0, ('Chỉ tiêu cơ cấu nguồn vốn', 'Nợ/VCSH'): 0.2059548406, ('Chỉ tiêu cơ cấu nguồn vốn', 'TSCĐ / Vốn CSH'): 0.06469382704508239, ('Chỉ tiêu cơ cấu nguồn vốn', 'Vốn CSH/Vốn điều lệ'): 2.9324357249349764, ('Chỉ tiêu hiệu quả hoạt động', 'Vòng quay tài sản'): 1.2007538862, ('Chỉ tiêu hiệu quả hoạt động', 'Vòng quay TSCĐ'): 19.7038403865, ('Chỉ tiêu hiệu quả hoạt động', 'Số ngày thu tiền bình quân'): 44.22642731154392, ('Chỉ tiêu hiệu quả hoạt động', 'Số ngày tồn kho bình quân'): 18.0895567872, ('Chỉ tiêu hiệu quả hoạt động', 'Số ngày thanh toán bình quân'): 50.8948305517, ('Chỉ tiêu hiệu quả hoạt động', 'Chu kỳ tiền'): 113.21081465044392, ('Chỉ tiêu hiệu quả hoạt động', 'Vòng quay hàng tồn kho'): 20.1773876659, ('Chỉ tiêu khả năng sinh lợi', 'Biên EBIT (%)'): 0.040680772716282676, ('Chỉ tiêu khả năng sinh lợi', 'Biên lợi nhuận gộp (%)'): 0.12965010242439448, ('Chỉ tiêu khả năng sinh lợi', 'Biên lợi nhuận ròng (%)'): 0.0809993873932603, ('Chỉ tiêu khả năng sinh lợi', 'ROE (%)'): 0.1051864521, ('Chỉ tiêu khả năng sinh lợi', 'ROIC (%)'): 0.0816189426, ('Chỉ tiêu khả năng sinh lợi', 'ROA (%)'): 0.0865265216, ('Chỉ tiêu khả năng sinh lợi', 'EBITDA (Tỷ đồng)'): 79491913088.0, ('Chỉ tiêu khả năng sinh lợi', 'EBIT (Tỷ đồng)'): 12970226539, ('Chỉ tiêu khả năng sinh lợi', 'Tỷ suất cổ tức (%)'): 0.0377358491, ('Chỉ tiêu thanh khoản', 'Chỉ số thanh toán hiện thời'): 3.9889424956, ('Chỉ tiêu thanh khoản', 'Chỉ số thanh toán tiền mặt'): 2.2451251775, ('Chỉ tiêu thanh khoản', 'Chỉ số thanh toán nhanh'): 3.6993526427, ('Chỉ tiêu thanh khoản', 'Khả năng chi trả lãi vay'): 0.0, ('Chỉ tiêu thanh khoản', 'Đòn bẩy tài chính'): 1.205954840623665, ('Chỉ tiêu định giá', 'Vốn hóa (Tỷ đồng)'): 613661401000.0, ('Chỉ tiêu định giá', 'Số CP lưu hành (Triệu CP)'): 23157034.0, ('Chỉ tiêu định giá', 'P/E'): 7.6998525158, ('Chỉ tiêu định giá', 'P/B'): 0.8035727553, ('Chỉ tiêu định giá', 'P/S'): 0.5641454657, ('Chỉ tiêu định giá', 'P/Cash Flow'): 16.8950903914, ('Chỉ tiêu định giá', 'EPS (VND)'): 1115.211319636185, ('Chỉ tiêu định giá', 'BVPS (VND)'): 32977.723330544, ('Chỉ tiêu định giá', 'EV/EBITDA'): 4.6643879928, ('period_type', ''): 'quarter', ('extracted_at', ''): Timestamp('2026-04-12 02:06:58.539968+0000', tz='UTC')}
[2026-04-12T02:07:44.475+0000] {datalake_df2csv.py:90} INFO - --------------------------------------------------------------------------------
[2026-04-12T02:07:44.479+0000] {datalake_df2csv.py:93} INFO - 📝 Bước 2: Đang chuyển đổi DataFrame sang CSV...
[2026-04-12T02:07:44.675+0000] {datalake_df2csv.py:97} INFO - ✅ Chuyển đổi CSV thành công!
[2026-04-12T02:07:44.683+0000] {datalake_df2csv.py:98} INFO -   - Kích thước file: 0.05 MB
[2026-04-12T02:07:44.694+0000] {datalake_df2csv.py:99} INFO -   - Thời gian chuyển đổi: 0.19 giây
[2026-04-12T02:07:44.700+0000] {datalake_df2csv.py:100} INFO - --------------------------------------------------------------------------------
[2026-04-12T02:07:44.709+0000] {datalake_df2csv.py:103} INFO - ☁️  Bước 3: Đang upload lên MinIO/S3...
[2026-04-12T02:07:54.211+0000] {job.py:218} ERROR - Job heartbeat got an exception
Traceback (most recent call last):
  File "/home/airflow/.local/lib/python3.12/site-packages/sqlalchemy/engine/base.py", line 3371, in _wrap_pool_connect
    return fn()
           ^^^^
  File "/home/airflow/.local/lib/python3.12/site-packages/sqlalchemy/pool/base.py", line 327, in connect
    return _ConnectionFairy._checkout(self)
           ^^^^^^^^^^^^^^^^^^^^^^^^^^^^^^^^
  File "/home/airflow/.local/lib/python3.12/site-packages/sqlalchemy/pool/base.py", line 894, in _checkout
    fairy = _ConnectionRecord.checkout(pool)
            ^^^^^^^^^^^^^^^^^^^^^^^^^^^^^^^^
  File "/home/airflow/.local/lib/python3.12/site-packages/sqlalchemy/pool/base.py", line 493, in checkout
    rec = pool._do_get()
          ^^^^^^^^^^^^^^
  File "/home/airflow/.local/lib/python3.12/site-packages/sqlalchemy/pool/impl.py", line 256, in _do_get
    return self._create_connection()
           ^^^^^^^^^^^^^^^^^^^^^^^^^
  File "/home/airflow/.local/lib/python3.12/site-packages/sqlalchemy/pool/base.py", line 273, in _create_connection
    return _ConnectionRecord(self)
           ^^^^^^^^^^^^^^^^^^^^^^^
  File "/home/airflow/.local/lib/python3.12/site-packages/sqlalchemy/pool/base.py", line 388, in __init__
    self.__connect()
  File "/home/airflow/.local/lib/python3.12/site-packages/sqlalchemy/pool/base.py", line 690, in __connect
    with util.safe_reraise():
  File "/home/airflow/.local/lib/python3.12/site-packages/sqlalchemy/util/langhelpers.py", line 70, in __exit__
    compat.raise_(
  File "/home/airflow/.local/lib/python3.12/site-packages/sqlalchemy/util/compat.py", line 211, in raise_
    raise exception
  File "/home/airflow/.local/lib/python3.12/site-packages/sqlalchemy/pool/base.py", line 686, in __connect
    self.dbapi_connection = connection = pool._invoke_creator(self)
                                         ^^^^^^^^^^^^^^^^^^^^^^^^^^
  File "/home/airflow/.local/lib/python3.12/site-packages/sqlalchemy/engine/create.py", line 574, in connect
    return dialect.connect(*cargs, **cparams)
           ^^^^^^^^^^^^^^^^^^^^^^^^^^^^^^^^^^
  File "/home/airflow/.local/lib/python3.12/site-packages/sqlalchemy/engine/default.py", line 598, in connect
    return self.dbapi.connect(*cargs, **cparams)
           ^^^^^^^^^^^^^^^^^^^^^^^^^^^^^^^^^^^^^
  File "/home/airflow/.local/lib/python3.12/site-packages/psycopg2/__init__.py", line 122, in connect
    conn = _connect(dsn, connection_factory=connection_factory, **kwasync)
           ^^^^^^^^^^^^^^^^^^^^^^^^^^^^^^^^^^^^^^^^^^^^^^^^^^^^^^^^^^^^^^^
psycopg2.OperationalError: could not translate host name "postgres" to address: Temporary failure in name resolution


The above exception was the direct cause of the following exception:

Traceback (most recent call last):
  File "/home/airflow/.local/lib/python3.12/site-packages/airflow/jobs/job.py", line 192, in heartbeat
    self._merge_from(Job._fetch_from_db(self, session))
                     ^^^^^^^^^^^^^^^^^^^^^^^^^^^^^^^^^
  File "/home/airflow/.local/lib/python3.12/site-packages/airflow/api_internal/internal_api_call.py", line 115, in wrapper
    return func(*args, **kwargs)
           ^^^^^^^^^^^^^^^^^^^^^
  File "/home/airflow/.local/lib/python3.12/site-packages/airflow/utils/session.py", line 76, in wrapper
    return func(*args, **kwargs)
           ^^^^^^^^^^^^^^^^^^^^^
  File "/home/airflow/.local/lib/python3.12/site-packages/airflow/utils/retries.py", line 89, in wrapped_function
    for attempt in run_with_db_retries(max_retries=retries, logger=logger, **retry_kwargs):
  File "/home/airflow/.local/lib/python3.12/site-packages/tenacity/__init__.py", line 443, in __iter__
    do = self.iter(retry_state=retry_state)
         ^^^^^^^^^^^^^^^^^^^^^^^^^^^^^^^^^^
  File "/home/airflow/.local/lib/python3.12/site-packages/tenacity/__init__.py", line 376, in iter
    result = action(retry_state)
             ^^^^^^^^^^^^^^^^^^^
  File "/home/airflow/.local/lib/python3.12/site-packages/tenacity/__init__.py", line 418, in exc_check
    raise retry_exc.reraise()
          ^^^^^^^^^^^^^^^^^^^
  File "/home/airflow/.local/lib/python3.12/site-packages/tenacity/__init__.py", line 185, in reraise
    raise self.last_attempt.result()
          ^^^^^^^^^^^^^^^^^^^^^^^^^^
  File "/usr/local/lib/python3.12/concurrent/futures/_base.py", line 449, in result
    return self.__get_result()
           ^^^^^^^^^^^^^^^^^^^
  File "/usr/local/lib/python3.12/concurrent/futures/_base.py", line 401, in __get_result
    raise self._exception
  File "/home/airflow/.local/lib/python3.12/site-packages/airflow/utils/retries.py", line 98, in wrapped_function
    return func(*args, **kwargs)
           ^^^^^^^^^^^^^^^^^^^^^
  File "/home/airflow/.local/lib/python3.12/site-packages/airflow/jobs/job.py", line 316, in _fetch_from_db
    session.merge(job)
  File "/home/airflow/.local/lib/python3.12/site-packages/sqlalchemy/orm/session.py", line 3056, in merge
    return self._merge(
           ^^^^^^^^^^^^
  File "/home/airflow/.local/lib/python3.12/site-packages/sqlalchemy/orm/session.py", line 3136, in _merge
    merged = self.get(
             ^^^^^^^^^
  File "/home/airflow/.local/lib/python3.12/site-packages/sqlalchemy/orm/session.py", line 2853, in get
    return self._get_impl(
           ^^^^^^^^^^^^^^^
  File "/home/airflow/.local/lib/python3.12/site-packages/sqlalchemy/orm/session.py", line 2975, in _get_impl
    return db_load_fn(
           ^^^^^^^^^^^
  File "/home/airflow/.local/lib/python3.12/site-packages/sqlalchemy/orm/loading.py", line 530, in load_on_pk_identity
    session.execute(
  File "/home/airflow/.local/lib/python3.12/site-packages/sqlalchemy/orm/session.py", line 1716, in execute
    conn = self._connection_for_bind(bind)
           ^^^^^^^^^^^^^^^^^^^^^^^^^^^^^^^
  File "/home/airflow/.local/lib/python3.12/site-packages/sqlalchemy/orm/session.py", line 1555, in _connection_for_bind
    return self._transaction._connection_for_bind(
           ^^^^^^^^^^^^^^^^^^^^^^^^^^^^^^^^^^^^^^^
  File "/home/airflow/.local/lib/python3.12/site-packages/sqlalchemy/orm/session.py", line 750, in _connection_for_bind
    conn = bind.connect()
           ^^^^^^^^^^^^^^
  File "/home/airflow/.local/lib/python3.12/site-packages/sqlalchemy/future/engine.py", line 412, in connect
    return super(Engine, self).connect()
           ^^^^^^^^^^^^^^^^^^^^^^^^^^^^^
  File "/home/airflow/.local/lib/python3.12/site-packages/sqlalchemy/engine/base.py", line 3325, in connect
    return self._connection_cls(self, close_with_result=close_with_result)
           ^^^^^^^^^^^^^^^^^^^^^^^^^^^^^^^^^^^^^^^^^^^^^^^^^^^^^^^^^^^^^^^
  File "/home/airflow/.local/lib/python3.12/site-packages/sqlalchemy/engine/base.py", line 96, in __init__
    else engine.raw_connection()
         ^^^^^^^^^^^^^^^^^^^^^^^
  File "/home/airflow/.local/lib/python3.12/site-packages/sqlalchemy/engine/base.py", line 3404, in raw_connection
    return self._wrap_pool_connect(self.pool.connect, _connection)
           ^^^^^^^^^^^^^^^^^^^^^^^^^^^^^^^^^^^^^^^^^^^^^^^^^^^^^^^
  File "/home/airflow/.local/lib/python3.12/site-packages/sqlalchemy/engine/base.py", line 3374, in _wrap_pool_connect
    Connection._handle_dbapi_exception_noconnection(
  File "/home/airflow/.local/lib/python3.12/site-packages/sqlalchemy/engine/base.py", line 2208, in _handle_dbapi_exception_noconnection
    util.raise_(
  File "/home/airflow/.local/lib/python3.12/site-packages/sqlalchemy/util/compat.py", line 211, in raise_
    raise exception
  File "/home/airflow/.local/lib/python3.12/site-packages/sqlalchemy/engine/base.py", line 3371, in _wrap_pool_connect
    return fn()
           ^^^^
  File "/home/airflow/.local/lib/python3.12/site-packages/sqlalchemy/pool/base.py", line 327, in connect
    return _ConnectionFairy._checkout(self)
           ^^^^^^^^^^^^^^^^^^^^^^^^^^^^^^^^
  File "/home/airflow/.local/lib/python3.12/site-packages/sqlalchemy/pool/base.py", line 894, in _checkout
    fairy = _ConnectionRecord.checkout(pool)
            ^^^^^^^^^^^^^^^^^^^^^^^^^^^^^^^^
  File "/home/airflow/.local/lib/python3.12/site-packages/sqlalchemy/pool/base.py", line 493, in checkout
    rec = pool._do_get()
          ^^^^^^^^^^^^^^
  File "/home/airflow/.local/lib/python3.12/site-packages/sqlalchemy/pool/impl.py", line 256, in _do_get
    return self._create_connection()
           ^^^^^^^^^^^^^^^^^^^^^^^^^
  File "/home/airflow/.local/lib/python3.12/site-packages/sqlalchemy/pool/base.py", line 273, in _create_connection
    return _ConnectionRecord(self)
           ^^^^^^^^^^^^^^^^^^^^^^^
  File "/home/airflow/.local/lib/python3.12/site-packages/sqlalchemy/pool/base.py", line 388, in __init__
    self.__connect()
  File "/home/airflow/.local/lib/python3.12/site-packages/sqlalchemy/pool/base.py", line 690, in __connect
    with util.safe_reraise():
  File "/home/airflow/.local/lib/python3.12/site-packages/sqlalchemy/util/langhelpers.py", line 70, in __exit__
    compat.raise_(
  File "/home/airflow/.local/lib/python3.12/site-packages/sqlalchemy/util/compat.py", line 211, in raise_
    raise exception
  File "/home/airflow/.local/lib/python3.12/site-packages/sqlalchemy/pool/base.py", line 686, in __connect
    self.dbapi_connection = connection = pool._invoke_creator(self)
                                         ^^^^^^^^^^^^^^^^^^^^^^^^^^
  File "/home/airflow/.local/lib/python3.12/site-packages/sqlalchemy/engine/create.py", line 574, in connect
    return dialect.connect(*cargs, **cparams)
           ^^^^^^^^^^^^^^^^^^^^^^^^^^^^^^^^^^
  File "/home/airflow/.local/lib/python3.12/site-packages/sqlalchemy/engine/default.py", line 598, in connect
    return self.dbapi.connect(*cargs, **cparams)
           ^^^^^^^^^^^^^^^^^^^^^^^^^^^^^^^^^^^^^
  File "/home/airflow/.local/lib/python3.12/site-packages/psycopg2/__init__.py", line 122, in connect
    conn = _connect(dsn, connection_factory=connection_factory, **kwasync)
           ^^^^^^^^^^^^^^^^^^^^^^^^^^^^^^^^^^^^^^^^^^^^^^^^^^^^^^^^^^^^^^^
sqlalchemy.exc.OperationalError: (psycopg2.OperationalError) could not translate host name "postgres" to address: Temporary failure in name resolution

(Background on this error at: https://sqlalche.me/e/14/e3q8)
[2026-04-12T02:07:54.265+0000] {job.py:226} ERROR - Job heartbeat failed with error. Scheduler is in unhealthy state
[2026-04-12T02:07:54.886+0000] {connection.py:513} ERROR - Unable to retrieve connection from secrets backend (MetastoreBackend). Checking subsequent secrets backend.
Traceback (most recent call last):
  File "/home/airflow/.local/lib/python3.12/site-packages/sqlalchemy/engine/base.py", line 3371, in _wrap_pool_connect
    return fn()
           ^^^^
  File "/home/airflow/.local/lib/python3.12/site-packages/sqlalchemy/pool/base.py", line 327, in connect
    return _ConnectionFairy._checkout(self)
           ^^^^^^^^^^^^^^^^^^^^^^^^^^^^^^^^
  File "/home/airflow/.local/lib/python3.12/site-packages/sqlalchemy/pool/base.py", line 894, in _checkout
    fairy = _ConnectionRecord.checkout(pool)
            ^^^^^^^^^^^^^^^^^^^^^^^^^^^^^^^^
  File "/home/airflow/.local/lib/python3.12/site-packages/sqlalchemy/pool/base.py", line 493, in checkout
    rec = pool._do_get()
          ^^^^^^^^^^^^^^
  File "/home/airflow/.local/lib/python3.12/site-packages/sqlalchemy/pool/impl.py", line 256, in _do_get
    return self._create_connection()
           ^^^^^^^^^^^^^^^^^^^^^^^^^
  File "/home/airflow/.local/lib/python3.12/site-packages/sqlalchemy/pool/base.py", line 273, in _create_connection
    return _ConnectionRecord(self)
           ^^^^^^^^^^^^^^^^^^^^^^^
  File "/home/airflow/.local/lib/python3.12/site-packages/sqlalchemy/pool/base.py", line 388, in __init__
    self.__connect()
  File "/home/airflow/.local/lib/python3.12/site-packages/sqlalchemy/pool/base.py", line 690, in __connect
    with util.safe_reraise():
  File "/home/airflow/.local/lib/python3.12/site-packages/sqlalchemy/util/langhelpers.py", line 70, in __exit__
    compat.raise_(
  File "/home/airflow/.local/lib/python3.12/site-packages/sqlalchemy/util/compat.py", line 211, in raise_
    raise exception
  File "/home/airflow/.local/lib/python3.12/site-packages/sqlalchemy/pool/base.py", line 686, in __connect
    self.dbapi_connection = connection = pool._invoke_creator(self)
                                         ^^^^^^^^^^^^^^^^^^^^^^^^^^
  File "/home/airflow/.local/lib/python3.12/site-packages/sqlalchemy/engine/create.py", line 574, in connect
    return dialect.connect(*cargs, **cparams)
           ^^^^^^^^^^^^^^^^^^^^^^^^^^^^^^^^^^
  File "/home/airflow/.local/lib/python3.12/site-packages/sqlalchemy/engine/default.py", line 598, in connect
    return self.dbapi.connect(*cargs, **cparams)
           ^^^^^^^^^^^^^^^^^^^^^^^^^^^^^^^^^^^^^
  File "/home/airflow/.local/lib/python3.12/site-packages/psycopg2/__init__.py", line 122, in connect
    conn = _connect(dsn, connection_factory=connection_factory, **kwasync)
           ^^^^^^^^^^^^^^^^^^^^^^^^^^^^^^^^^^^^^^^^^^^^^^^^^^^^^^^^^^^^^^^
psycopg2.OperationalError: could not translate host name "postgres" to address: Temporary failure in name resolution


The above exception was the direct cause of the following exception:

Traceback (most recent call last):
  File "/home/airflow/.local/lib/python3.12/site-packages/airflow/models/connection.py", line 508, in get_connection_from_secrets
    conn = secrets_backend.get_connection(conn_id=conn_id)
           ^^^^^^^^^^^^^^^^^^^^^^^^^^^^^^^^^^^^^^^^^^^^^^^
  File "/home/airflow/.local/lib/python3.12/site-packages/airflow/utils/session.py", line 79, in wrapper
    return func(*args, session=session, **kwargs)
           ^^^^^^^^^^^^^^^^^^^^^^^^^^^^^^^^^^^^^^
  File "/home/airflow/.local/lib/python3.12/site-packages/airflow/secrets/metastore.py", line 43, in get_connection
    return MetastoreBackend._fetch_connection(conn_id, session=session)
           ^^^^^^^^^^^^^^^^^^^^^^^^^^^^^^^^^^^^^^^^^^^^^^^^^^^^^^^^^^^^
  File "/home/airflow/.local/lib/python3.12/site-packages/airflow/api_internal/internal_api_call.py", line 115, in wrapper
    return func(*args, **kwargs)
           ^^^^^^^^^^^^^^^^^^^^^
  File "/home/airflow/.local/lib/python3.12/site-packages/airflow/utils/session.py", line 76, in wrapper
    return func(*args, **kwargs)
           ^^^^^^^^^^^^^^^^^^^^^
  File "/home/airflow/.local/lib/python3.12/site-packages/airflow/secrets/metastore.py", line 74, in _fetch_connection
    conn = session.scalar(select(Connection).where(Connection.conn_id == conn_id).limit(1))
           ^^^^^^^^^^^^^^^^^^^^^^^^^^^^^^^^^^^^^^^^^^^^^^^^^^^^^^^^^^^^^^^^^^^^^^^^^^^^^^^^
  File "/home/airflow/.local/lib/python3.12/site-packages/sqlalchemy/orm/session.py", line 1747, in scalar
    return self.execute(
           ^^^^^^^^^^^^^
  File "/home/airflow/.local/lib/python3.12/site-packages/sqlalchemy/orm/session.py", line 1716, in execute
    conn = self._connection_for_bind(bind)
           ^^^^^^^^^^^^^^^^^^^^^^^^^^^^^^^
  File "/home/airflow/.local/lib/python3.12/site-packages/sqlalchemy/orm/session.py", line 1555, in _connection_for_bind
    return self._transaction._connection_for_bind(
           ^^^^^^^^^^^^^^^^^^^^^^^^^^^^^^^^^^^^^^^
  File "/home/airflow/.local/lib/python3.12/site-packages/sqlalchemy/orm/session.py", line 750, in _connection_for_bind
    conn = bind.connect()
           ^^^^^^^^^^^^^^
  File "/home/airflow/.local/lib/python3.12/site-packages/sqlalchemy/future/engine.py", line 412, in connect
    return super(Engine, self).connect()
           ^^^^^^^^^^^^^^^^^^^^^^^^^^^^^
  File "/home/airflow/.local/lib/python3.12/site-packages/sqlalchemy/engine/base.py", line 3325, in connect
    return self._connection_cls(self, close_with_result=close_with_result)
           ^^^^^^^^^^^^^^^^^^^^^^^^^^^^^^^^^^^^^^^^^^^^^^^^^^^^^^^^^^^^^^^
  File "/home/airflow/.local/lib/python3.12/site-packages/sqlalchemy/engine/base.py", line 96, in __init__
    else engine.raw_connection()
         ^^^^^^^^^^^^^^^^^^^^^^^
  File "/home/airflow/.local/lib/python3.12/site-packages/sqlalchemy/engine/base.py", line 3404, in raw_connection
    return self._wrap_pool_connect(self.pool.connect, _connection)
           ^^^^^^^^^^^^^^^^^^^^^^^^^^^^^^^^^^^^^^^^^^^^^^^^^^^^^^^
  File "/home/airflow/.local/lib/python3.12/site-packages/sqlalchemy/engine/base.py", line 3374, in _wrap_pool_connect
    Connection._handle_dbapi_exception_noconnection(
  File "/home/airflow/.local/lib/python3.12/site-packages/sqlalchemy/engine/base.py", line 2208, in _handle_dbapi_exception_noconnection
    util.raise_(
  File "/home/airflow/.local/lib/python3.12/site-packages/sqlalchemy/util/compat.py", line 211, in raise_
    raise exception
  File "/home/airflow/.local/lib/python3.12/site-packages/sqlalchemy/engine/base.py", line 3371, in _wrap_pool_connect
    return fn()
           ^^^^
  File "/home/airflow/.local/lib/python3.12/site-packages/sqlalchemy/pool/base.py", line 327, in connect
    return _ConnectionFairy._checkout(self)
           ^^^^^^^^^^^^^^^^^^^^^^^^^^^^^^^^
  File "/home/airflow/.local/lib/python3.12/site-packages/sqlalchemy/pool/base.py", line 894, in _checkout
    fairy = _ConnectionRecord.checkout(pool)
            ^^^^^^^^^^^^^^^^^^^^^^^^^^^^^^^^
  File "/home/airflow/.local/lib/python3.12/site-packages/sqlalchemy/pool/base.py", line 493, in checkout
    rec = pool._do_get()
          ^^^^^^^^^^^^^^
  File "/home/airflow/.local/lib/python3.12/site-packages/sqlalchemy/pool/impl.py", line 256, in _do_get
    return self._create_connection()
           ^^^^^^^^^^^^^^^^^^^^^^^^^
  File "/home/airflow/.local/lib/python3.12/site-packages/sqlalchemy/pool/base.py", line 273, in _create_connection
    return _ConnectionRecord(self)
           ^^^^^^^^^^^^^^^^^^^^^^^
  File "/home/airflow/.local/lib/python3.12/site-packages/sqlalchemy/pool/base.py", line 388, in __init__
    self.__connect()
  File "/home/airflow/.local/lib/python3.12/site-packages/sqlalchemy/pool/base.py", line 690, in __connect
    with util.safe_reraise():
  File "/home/airflow/.local/lib/python3.12/site-packages/sqlalchemy/util/langhelpers.py", line 70, in __exit__
    compat.raise_(
  File "/home/airflow/.local/lib/python3.12/site-packages/sqlalchemy/util/compat.py", line 211, in raise_
    raise exception
  File "/home/airflow/.local/lib/python3.12/site-packages/sqlalchemy/pool/base.py", line 686, in __connect
    self.dbapi_connection = connection = pool._invoke_creator(self)
                                         ^^^^^^^^^^^^^^^^^^^^^^^^^^
  File "/home/airflow/.local/lib/python3.12/site-packages/sqlalchemy/engine/create.py", line 574, in connect
    return dialect.connect(*cargs, **cparams)
           ^^^^^^^^^^^^^^^^^^^^^^^^^^^^^^^^^^
  File "/home/airflow/.local/lib/python3.12/site-packages/sqlalchemy/engine/default.py", line 598, in connect
    return self.dbapi.connect(*cargs, **cparams)
           ^^^^^^^^^^^^^^^^^^^^^^^^^^^^^^^^^^^^^
  File "/home/airflow/.local/lib/python3.12/site-packages/psycopg2/__init__.py", line 122, in connect
    conn = _connect(dsn, connection_factory=connection_factory, **kwasync)
           ^^^^^^^^^^^^^^^^^^^^^^^^^^^^^^^^^^^^^^^^^^^^^^^^^^^^^^^^^^^^^^^
sqlalchemy.exc.OperationalError: (psycopg2.OperationalError) could not translate host name "postgres" to address: Temporary failure in name resolution

(Background on this error at: https://sqlalche.me/e/14/e3q8)
[2026-04-12T02:07:54.947+0000] {base_aws.py:587} WARNING - Unable to find AWS Connection ID 'minio_finance', switching to empty.
[2026-04-12T02:07:54.950+0000] {base_aws.py:164} INFO - No connection ID provided. Fallback on boto3 credential strategy (region_name=None). See: https://boto3.amazonaws.com/v1/documentation/api/latest/guide/configuration.html
[2026-04-12T02:08:07.977+0000] {datalake_df2csv.py:134} ERROR - ================================================================================
[2026-04-12T02:08:07.978+0000] {datalake_df2csv.py:135} ERROR - ❌ LỖI TRONG TASK: ingest_financial_ratios
[2026-04-12T02:08:07.979+0000] {datalake_df2csv.py:136} ERROR - ================================================================================
[2026-04-12T02:08:07.979+0000] {datalake_df2csv.py:137} ERROR - ⚠️  Loại lỗi: NoCredentialsError
[2026-04-12T02:08:07.979+0000] {datalake_df2csv.py:138} ERROR - ⚠️  Chi tiết lỗi: Unable to locate credentials
[2026-04-12T02:08:08.019+0000] {datalake_df2csv.py:139} ERROR - ⚠️  Thời gian đã chạy trước khi lỗi: 78.03 giây
[2026-04-12T02:08:08.020+0000] {datalake_df2csv.py:140} ERROR - ================================================================================
[2026-04-12T02:08:08.021+0000] {taskinstance.py:441} INFO - ::group::Post task execution logs
[2026-04-12T02:08:08.394+0000] {taskinstance.py:2905} ERROR - Task failed with exception
Traceback (most recent call last):
  File "/home/airflow/.local/lib/python3.12/site-packages/airflow/models/taskinstance.py", line 465, in _execute_task
    result = _execute_callable(context=context, **execute_callable_kwargs)
             ^^^^^^^^^^^^^^^^^^^^^^^^^^^^^^^^^^^^^^^^^^^^^^^^^^^^^^^^^^^^^
  File "/home/airflow/.local/lib/python3.12/site-packages/airflow/models/taskinstance.py", line 432, in _execute_callable
    return execute_callable(context=context, **execute_callable_kwargs)
           ^^^^^^^^^^^^^^^^^^^^^^^^^^^^^^^^^^^^^^^^^^^^^^^^^^^^^^^^^^^^
  File "/home/airflow/.local/lib/python3.12/site-packages/airflow/models/baseoperator.py", line 401, in wrapper
    return func(self, *args, **kwargs)
           ^^^^^^^^^^^^^^^^^^^^^^^^^^^
  File "/opt/airflow/plugins/function/datalake_df2csv.py", line 107, in execute
    if not hook.check_for_bucket(self.bucket_name):
           ^^^^^^^^^^^^^^^^^^^^^^^^^^^^^^^^^^^^^^^
  File "/home/airflow/.local/lib/python3.12/site-packages/airflow/providers/amazon/aws/hooks/s3.py", line 89, in wrapper
    return func(*bound_args.args, **bound_args.kwargs)
           ^^^^^^^^^^^^^^^^^^^^^^^^^^^^^^^^^^^^^^^^^^^
  File "/home/airflow/.local/lib/python3.12/site-packages/airflow/providers/amazon/aws/hooks/s3.py", line 288, in check_for_bucket
    self.get_conn().head_bucket(Bucket=bucket_name)
  File "/home/airflow/.local/lib/python3.12/site-packages/botocore/client.py", line 565, in _api_call
    return self._make_api_call(operation_name, kwargs)
           ^^^^^^^^^^^^^^^^^^^^^^^^^^^^^^^^^^^^^^^^^^^
  File "/home/airflow/.local/lib/python3.12/site-packages/botocore/client.py", line 1001, in _make_api_call
    http, parsed_response = self._make_request(
                            ^^^^^^^^^^^^^^^^^^^
  File "/home/airflow/.local/lib/python3.12/site-packages/botocore/client.py", line 1027, in _make_request
    return self._endpoint.make_request(operation_model, request_dict)
           ^^^^^^^^^^^^^^^^^^^^^^^^^^^^^^^^^^^^^^^^^^^^^^^^^^^^^^^^^^
  File "/home/airflow/.local/lib/python3.12/site-packages/botocore/endpoint.py", line 119, in make_request
    return self._send_request(request_dict, operation_model)
           ^^^^^^^^^^^^^^^^^^^^^^^^^^^^^^^^^^^^^^^^^^^^^^^^^
  File "/home/airflow/.local/lib/python3.12/site-packages/botocore/endpoint.py", line 198, in _send_request
    request = self.create_request(request_dict, operation_model)
              ^^^^^^^^^^^^^^^^^^^^^^^^^^^^^^^^^^^^^^^^^^^^^^^^^^
  File "/home/airflow/.local/lib/python3.12/site-packages/botocore/endpoint.py", line 134, in create_request
    self._event_emitter.emit(
  File "/home/airflow/.local/lib/python3.12/site-packages/botocore/hooks.py", line 412, in emit
    return self._emitter.emit(aliased_event_name, **kwargs)
           ^^^^^^^^^^^^^^^^^^^^^^^^^^^^^^^^^^^^^^^^^^^^^^^^
  File "/home/airflow/.local/lib/python3.12/site-packages/botocore/hooks.py", line 256, in emit
    return self._emit(event_name, kwargs)
           ^^^^^^^^^^^^^^^^^^^^^^^^^^^^^^
  File "/home/airflow/.local/lib/python3.12/site-packages/botocore/hooks.py", line 239, in _emit
    response = handler(**kwargs)
               ^^^^^^^^^^^^^^^^^
  File "/home/airflow/.local/lib/python3.12/site-packages/botocore/signers.py", line 105, in handler
    return self.sign(operation_name, request)
           ^^^^^^^^^^^^^^^^^^^^^^^^^^^^^^^^^^
  File "/home/airflow/.local/lib/python3.12/site-packages/botocore/signers.py", line 199, in sign
    auth.add_auth(request)
  File "/home/airflow/.local/lib/python3.12/site-packages/botocore/auth.py", line 418, in add_auth
    raise NoCredentialsError()
botocore.exceptions.NoCredentialsError: Unable to locate credentials
[2026-04-12T02:08:09.790+0000] {taskinstance.py:1206} INFO - Marking task as UP_FOR_RETRY. dag_id=financial_ratios, task_id=ingest_financial_ratios, run_id=scheduled__2026-04-05T02:00:00+00:00, map_index=236, execution_date=20260405T020000, start_date=20260412T020648, end_date=20260412T020809
[2026-04-12T02:08:10.946+0000] {standard_task_runner.py:110} ERROR - Failed to execute job 41801 for task ingest_financial_ratios (Unable to locate credentials; 2514)
[2026-04-12T02:08:11.600+0000] {local_task_job_runner.py:243} INFO - Task exited with return code 1
[2026-04-12T02:08:15.356+0000] {taskinstance.py:3503} INFO - 0 downstream tasks scheduled from follow-on schedule check
[2026-04-12T02:08:15.439+0000] {local_task_job_runner.py:222} INFO - ::endgroup::
