[2026-01-24T08:33:43.099+0000] {local_task_job_runner.py:120} INFO - ::group::Pre task execution logs
[2026-01-24T08:33:43.142+0000] {taskinstance.py:2076} INFO - Dependencies all met for dep_context=non-requeueable deps ti=<TaskInstance: company_overview_to_minio.ingest_overview manual__2026-01-24T08:33:14.283743+00:00 map_index=11 [queued]>
[2026-01-24T08:33:43.157+0000] {taskinstance.py:2076} INFO - Dependencies all met for dep_context=requeueable deps ti=<TaskInstance: company_overview_to_minio.ingest_overview manual__2026-01-24T08:33:14.283743+00:00 map_index=11 [queued]>
[2026-01-24T08:33:43.159+0000] {taskinstance.py:2306} INFO - Starting attempt 1 of 2
[2026-01-24T08:33:43.181+0000] {taskinstance.py:2330} INFO - Executing <Mapped(DfToCsvOperator): ingest_overview> on 2026-01-24 08:33:14.283743+00:00
[2026-01-24T08:33:43.191+0000] {warnings.py:112} WARNING - This process (pid=2132) is multi-threaded, use of fork() may lead to deadlocks in the child.

[2026-01-24T08:33:43.195+0000] {standard_task_runner.py:64} INFO - Started process 2290 to run task
[2026-01-24T08:33:43.206+0000] {standard_task_runner.py:90} INFO - Running: ['***', 'tasks', 'run', 'company_overview_to_minio', 'ingest_overview', 'manual__2026-01-24T08:33:14.283743+00:00', '--job-id', '5775', '--raw', '--subdir', 'DAGS_FOLDER/company_overview_to_minio.py', '--cfg-path', '/tmp/tmpk2160jjq', '--map-index', '11']
[2026-01-24T08:33:43.217+0000] {standard_task_runner.py:91} INFO - Job 5775: Subtask ingest_overview
[2026-01-24T08:33:43.326+0000] {task_command.py:426} INFO - Running <TaskInstance: company_overview_to_minio.ingest_overview manual__2026-01-24T08:33:14.283743+00:00 map_index=11 [running]> on host 05b4b3a77fa2
[2026-01-24T08:33:43.496+0000] {taskinstance.py:2648} INFO - Exporting env vars: AIRFLOW_CTX_DAG_OWNER='***' AIRFLOW_CTX_DAG_ID='company_overview_to_minio' AIRFLOW_CTX_TASK_ID='ingest_overview' AIRFLOW_CTX_EXECUTION_DATE='2026-01-24T08:33:14.283743+00:00' AIRFLOW_CTX_TRY_NUMBER='1' AIRFLOW_CTX_DAG_RUN_ID='manual__2026-01-24T08:33:14.283743+00:00'
[2026-01-24T08:33:43.498+0000] {taskinstance.py:430} INFO - ::endgroup::
[2026-01-24T08:33:47.891+0000] {logging_mixin.py:188} INFO - Listing metadata error: RetryError[<Future at 0x7fdaeccb08c0 state=finished raised ConnectionError>]
[2026-01-24T08:33:48.008+0000] {logging_mixin.py:188} INFO - Err overview TW3: Failed to fetch data: 429 - Too Many Requests
[2026-01-24T08:33:49.116+0000] {logging_mixin.py:188} INFO - Err overview TVW: Failed to fetch data: 429 - Too Many Requests
[2026-01-24T08:33:50.271+0000] {logging_mixin.py:188} INFO - Err overview TVT: Failed to fetch data: 429 - Too Many Requests
[2026-01-24T08:33:51.368+0000] {logging_mixin.py:188} INFO - Err overview TVS: Failed to fetch data: 429 - Too Many Requests
[2026-01-24T08:33:52.484+0000] {logging_mixin.py:188} INFO - Err overview TVP: Failed to fetch data: 429 - Too Many Requests
[2026-01-24T08:33:53.584+0000] {logging_mixin.py:188} INFO - Err overview TVN: Failed to fetch data: 429 - Too Many Requests
[2026-01-24T08:33:54.721+0000] {logging_mixin.py:188} INFO - Err overview TVM: Failed to fetch data: 429 - Too Many Requests
[2026-01-24T08:33:55.828+0000] {logging_mixin.py:188} INFO - Err overview TVH: Failed to fetch data: 429 - Too Many Requests
[2026-01-24T08:34:11.733+0000] {logging_mixin.py:188} INFO - Err overview TVG: Failed to fetch data: 429 - Too Many Requests
[2026-01-24T08:34:12.830+0000] {logging_mixin.py:188} INFO - Err overview TVD: Failed to fetch data: 429 - Too Many Requests
[2026-01-24T08:34:13.957+0000] {logging_mixin.py:188} INFO - Err overview TVC: Failed to fetch data: 429 - Too Many Requests
[2026-01-24T08:34:15.062+0000] {logging_mixin.py:188} INFO - Err overview TVB: Failed to fetch data: 429 - Too Many Requests
[2026-01-24T08:34:16.175+0000] {logging_mixin.py:188} INFO - Err overview TVA: Failed to fetch data: 429 - Too Many Requests
[2026-01-24T08:34:17.543+0000] {logging_mixin.py:188} INFO - Err overview TV6: Failed to fetch data: 429 - Too Many Requests
[2026-01-24T08:34:18.709+0000] {logging_mixin.py:188} INFO - Err overview TV4: Failed to fetch data: 429 - Too Many Requests
[2026-01-24T08:34:19.850+0000] {logging_mixin.py:188} INFO - Err overview TV3: Failed to fetch data: 429 - Too Many Requests
[2026-01-24T08:34:20.967+0000] {logging_mixin.py:188} INFO - Err overview TV2: Failed to fetch data: 429 - Too Many Requests
[2026-01-24T08:34:22.068+0000] {logging_mixin.py:188} INFO - Err overview TV1: Failed to fetch data: 429 - Too Many Requests
[2026-01-24T08:34:23.221+0000] {logging_mixin.py:188} INFO - Err overview TUG: Failed to fetch data: 429 - Too Many Requests
[2026-01-24T08:34:24.362+0000] {logging_mixin.py:188} INFO - Err overview TTZ: Failed to fetch data: 429 - Too Many Requests
[2026-01-24T08:34:25.366+0000] {datalake_df2csv.py:40} INFO - DataFrame rỗng, bỏ qua upload CSV.
[2026-01-24T08:34:25.367+0000] {taskinstance.py:441} INFO - ::group::Post task execution logs
[2026-01-24T08:34:25.416+0000] {taskinstance.py:1206} INFO - Marking task as SUCCESS. dag_id=company_overview_to_minio, task_id=ingest_overview, run_id=manual__2026-01-24T08:33:14.283743+00:00, map_index=11, execution_date=20260124T083314, start_date=20260124T083343, end_date=20260124T083425
[2026-01-24T08:34:25.506+0000] {local_task_job_runner.py:243} INFO - Task exited with return code 0
[2026-01-24T08:34:25.596+0000] {taskinstance.py:3503} INFO - 0 downstream tasks scheduled from follow-on schedule check
[2026-01-24T08:34:25.611+0000] {local_task_job_runner.py:222} INFO - ::endgroup::
