[2026-02-04T15:38:28.696+0000] {local_task_job_runner.py:120} INFO - ::group::Pre task execution logs
[2026-02-04T15:38:28.849+0000] {taskinstance.py:2076} INFO - Dependencies all met for dep_context=non-requeueable deps ti=<TaskInstance: financial_ratios_minio.ingest_financial_ratios manual__2026-02-04T14:54:19+00:00 map_index=725 [queued]>
[2026-02-04T15:38:28.993+0000] {taskinstance.py:2076} INFO - Dependencies all met for dep_context=requeueable deps ti=<TaskInstance: financial_ratios_minio.ingest_financial_ratios manual__2026-02-04T14:54:19+00:00 map_index=725 [queued]>
[2026-02-04T15:38:29.001+0000] {taskinstance.py:2306} INFO - Starting attempt 1 of 2
[2026-02-04T15:38:29.040+0000] {taskinstance.py:2330} INFO - Executing <Mapped(DfToCsvOperator): ingest_financial_ratios> on 2026-02-04 14:54:19+00:00
[2026-02-04T15:38:29.066+0000] {warnings.py:112} WARNING - This process (pid=12321) is multi-threaded, use of fork() may lead to deadlocks in the child.

[2026-02-04T15:38:29.068+0000] {standard_task_runner.py:64} INFO - Started process 12408 to run task
[2026-02-04T15:38:29.074+0000] {standard_task_runner.py:90} INFO - Running: ['***', 'tasks', 'run', 'financial_ratios_minio', 'ingest_financial_ratios', 'manual__2026-02-04T14:54:19+00:00', '--job-id', '17975', '--raw', '--subdir', 'DAGS_FOLDER/dl_financial_ratios.py', '--cfg-path', '/tmp/tmpkm6x0me0', '--map-index', '725']
[2026-02-04T15:38:29.080+0000] {standard_task_runner.py:91} INFO - Job 17975: Subtask ingest_financial_ratios
[2026-02-04T15:38:29.181+0000] {task_command.py:426} INFO - Running <TaskInstance: financial_ratios_minio.ingest_financial_ratios manual__2026-02-04T14:54:19+00:00 map_index=725 [running]> on host 918dbd497d34
[2026-02-04T15:38:29.468+0000] {taskinstance.py:2648} INFO - Exporting env vars: AIRFLOW_CTX_DAG_OWNER='***' AIRFLOW_CTX_DAG_ID='financial_ratios_minio' AIRFLOW_CTX_TASK_ID='ingest_financial_ratios' AIRFLOW_CTX_EXECUTION_DATE='2026-02-04T14:54:19+00:00' AIRFLOW_CTX_TRY_NUMBER='1' AIRFLOW_CTX_DAG_RUN_ID='manual__2026-02-04T14:54:19+00:00'
[2026-02-04T15:38:29.472+0000] {taskinstance.py:430} INFO - ::endgroup::
[2026-02-04T15:38:29.488+0000] {logging_mixin.py:188} INFO - [RATIO] Bắt đầu xử lý batch 2 mã: ['CSV', 'CST']
[2026-02-04T15:38:29.491+0000] {logging_mixin.py:188} INFO - [RATIO] Kỳ dữ liệu: quarter
[2026-02-04T15:38:29.491+0000] {logging_mixin.py:188} INFO -  >> [RATIO] Đang lấy dữ liệu: CSV
[2026-02-04T15:38:30.448+0000] {logging_mixin.py:188} INFO -  ✓ [RATIO] CSV: 46 rows
[2026-02-04T15:38:32.460+0000] {logging_mixin.py:188} INFO -  >> [RATIO] Đang lấy dữ liệu: CST
[2026-02-04T15:38:33.368+0000] {logging_mixin.py:188} INFO -  ✓ [RATIO] CST: 27 rows
[2026-02-04T15:38:35.375+0000] {logging_mixin.py:188} INFO -  ✅ [RATIO] Hoàn thành batch. Tổng số dòng: 73
[2026-02-04T15:38:35.422+0000] {base.py:84} INFO - Using connection ID 'minio_finance' for task execution.
[2026-02-04T15:38:35.423+0000] {connection_wrapper.py:384} INFO - AWS Connection (conn_id='minio_finance', conn_type='aws') credentials retrieved from login and password.
[2026-02-04T15:38:37.703+0000] {datalake_df2csv.py:52} INFO - ✅ Đã upload 73 dòng -> s3://thongtin-congty-va-bctc/financial_ratios/2026-02-04/batch_725.csv
[2026-02-04T15:38:37.706+0000] {taskinstance.py:441} INFO - ::group::Post task execution logs
[2026-02-04T15:38:37.741+0000] {taskinstance.py:1206} INFO - Marking task as SUCCESS. dag_id=financial_ratios_minio, task_id=ingest_financial_ratios, run_id=manual__2026-02-04T14:54:19+00:00, map_index=725, execution_date=20260204T145419, start_date=20260204T153828, end_date=20260204T153837
[2026-02-04T15:38:37.864+0000] {local_task_job_runner.py:243} INFO - Task exited with return code 0
[2026-02-04T15:38:37.884+0000] {local_task_job_runner.py:222} INFO - ::endgroup::
