[2026-01-24T08:57:59.921+0000] {local_task_job_runner.py:120} INFO - ::group::Pre task execution logs
[2026-01-24T08:58:00.001+0000] {taskinstance.py:2076} INFO - Dependencies all met for dep_context=non-requeueable deps ti=<TaskInstance: financial_ratios_etl.ingest_financial_ratios manual__2026-01-24T08:33:50+00:00 map_index=547 [queued]>
[2026-01-24T08:58:00.061+0000] {taskinstance.py:2076} INFO - Dependencies all met for dep_context=requeueable deps ti=<TaskInstance: financial_ratios_etl.ingest_financial_ratios manual__2026-01-24T08:33:50+00:00 map_index=547 [queued]>
[2026-01-24T08:58:00.062+0000] {taskinstance.py:2306} INFO - Starting attempt 1 of 2
[2026-01-24T08:58:00.085+0000] {taskinstance.py:2330} INFO - Executing <Mapped(DfToCsvOperator): ingest_financial_ratios> on 2026-01-24 08:33:50+00:00
[2026-01-24T08:58:00.103+0000] {warnings.py:112} WARNING - This process (pid=14430) is multi-threaded, use of fork() may lead to deadlocks in the child.

[2026-01-24T08:58:00.105+0000] {standard_task_runner.py:64} INFO - Started process 14512 to run task
[2026-01-24T08:58:00.107+0000] {standard_task_runner.py:90} INFO - Running: ['***', 'tasks', 'run', 'financial_ratios_etl', 'ingest_financial_ratios', 'manual__2026-01-24T08:33:50+00:00', '--job-id', '6847', '--raw', '--subdir', 'DAGS_FOLDER/dl_financial_ratios.py', '--cfg-path', '/tmp/tmpix1smrl3', '--map-index', '547']
[2026-01-24T08:58:00.112+0000] {standard_task_runner.py:91} INFO - Job 6847: Subtask ingest_financial_ratios
[2026-01-24T08:58:00.181+0000] {task_command.py:426} INFO - Running <TaskInstance: financial_ratios_etl.ingest_financial_ratios manual__2026-01-24T08:33:50+00:00 map_index=547 [running]> on host 05b4b3a77fa2
[2026-01-24T08:58:00.351+0000] {taskinstance.py:2648} INFO - Exporting env vars: AIRFLOW_CTX_DAG_OWNER='***' AIRFLOW_CTX_DAG_ID='financial_ratios_etl' AIRFLOW_CTX_TASK_ID='ingest_financial_ratios' AIRFLOW_CTX_EXECUTION_DATE='2026-01-24T08:33:50+00:00' AIRFLOW_CTX_TRY_NUMBER='1' AIRFLOW_CTX_DAG_RUN_ID='manual__2026-01-24T08:33:50+00:00'
[2026-01-24T08:58:00.353+0000] {taskinstance.py:430} INFO - ::endgroup::
[2026-01-24T08:58:00.363+0000] {logging_mixin.py:188} INFO - [RATIO] Bắt đầu xử lý batch 2 mã: ['HNR', 'HNP']
[2026-01-24T08:58:00.364+0000] {logging_mixin.py:188} INFO - [RATIO] Kỳ dữ liệu: quarter
[2026-01-24T08:58:00.364+0000] {logging_mixin.py:188} INFO -  >> [RATIO] Đang lấy dữ liệu: HNR
[2026-01-24T08:58:00.735+0000] {logging_mixin.py:188} INFO -  ❌ [RATIO] Lỗi xử lý mã HNR: Failed to fetch data: 429 - Too Many Requests
[2026-01-24T08:58:00.736+0000] {logging_mixin.py:188} INFO -  >> [RATIO] Đang lấy dữ liệu: HNP
[2026-01-24T08:58:14.871+0000] {logging_mixin.py:188} INFO - ❌ Lỗi HNP: RetryError[<Future at 0x7fdaecbe9910 state=finished raised ConnectionError>]
[2026-01-24T08:58:14.884+0000] {logging_mixin.py:188} INFO -  ⚠️ [RATIO] HNP: No data from API
[2026-01-24T08:58:16.887+0000] {logging_mixin.py:188} INFO -  ⚠ [RATIO] Batch này không thu được dữ liệu nào.
[2026-01-24T08:58:16.891+0000] {datalake_df2csv.py:40} INFO - DataFrame rỗng, bỏ qua upload CSV.
[2026-01-24T08:58:16.897+0000] {taskinstance.py:441} INFO - ::group::Post task execution logs
[2026-01-24T08:58:16.929+0000] {taskinstance.py:1206} INFO - Marking task as SUCCESS. dag_id=financial_ratios_etl, task_id=ingest_financial_ratios, run_id=manual__2026-01-24T08:33:50+00:00, map_index=547, execution_date=20260124T083350, start_date=20260124T085800, end_date=20260124T085816
[2026-01-24T08:58:17.019+0000] {local_task_job_runner.py:243} INFO - Task exited with return code 0
[2026-01-24T08:58:17.045+0000] {taskinstance.py:3503} INFO - 0 downstream tasks scheduled from follow-on schedule check
[2026-01-24T08:58:17.057+0000] {local_task_job_runner.py:222} INFO - ::endgroup::
