[2026-01-18T03:46:18.608+0000] {local_task_job_runner.py:120} INFO - ::group::Pre task execution logs
[2026-01-18T03:46:18.652+0000] {taskinstance.py:2076} INFO - Dependencies all met for dep_context=non-requeueable deps ti=<TaskInstance: financial_ratios_etl.ingest_financial_ratios scheduled__2026-01-11T02:00:00+00:00 map_index=573 [queued]>
[2026-01-18T03:46:18.695+0000] {taskinstance.py:2076} INFO - Dependencies all met for dep_context=requeueable deps ti=<TaskInstance: financial_ratios_etl.ingest_financial_ratios scheduled__2026-01-11T02:00:00+00:00 map_index=573 [queued]>
[2026-01-18T03:46:18.695+0000] {taskinstance.py:2306} INFO - Starting attempt 1 of 2
[2026-01-18T03:46:18.711+0000] {taskinstance.py:2330} INFO - Executing <Mapped(DfToCsvOperator): ingest_financial_ratios> on 2026-01-11 02:00:00+00:00
[2026-01-18T03:46:18.723+0000] {warnings.py:112} WARNING - This process (pid=12556) is multi-threaded, use of fork() may lead to deadlocks in the child.

[2026-01-18T03:46:18.724+0000] {standard_task_runner.py:64} INFO - Started process 12631 to run task
[2026-01-18T03:46:18.726+0000] {standard_task_runner.py:90} INFO - Running: ['***', 'tasks', 'run', 'financial_ratios_etl', 'ingest_financial_ratios', 'scheduled__2026-01-11T02:00:00+00:00', '--job-id', '2423', '--raw', '--subdir', 'DAGS_FOLDER/financial_ratios_etl.py', '--cfg-path', '/tmp/tmp1nkhr893', '--map-index', '573']
[2026-01-18T03:46:18.729+0000] {standard_task_runner.py:91} INFO - Job 2423: Subtask ingest_financial_ratios
[2026-01-18T03:46:18.774+0000] {task_command.py:426} INFO - Running <TaskInstance: financial_ratios_etl.ingest_financial_ratios scheduled__2026-01-11T02:00:00+00:00 map_index=573 [running]> on host 5ae19da926ef
[2026-01-18T03:46:18.874+0000] {taskinstance.py:2648} INFO - Exporting env vars: AIRFLOW_CTX_DAG_OWNER='***' AIRFLOW_CTX_DAG_ID='financial_ratios_etl' AIRFLOW_CTX_TASK_ID='ingest_financial_ratios' AIRFLOW_CTX_EXECUTION_DATE='2026-01-11T02:00:00+00:00' AIRFLOW_CTX_TRY_NUMBER='1' AIRFLOW_CTX_DAG_RUN_ID='scheduled__2026-01-11T02:00:00+00:00'
[2026-01-18T03:46:18.876+0000] {taskinstance.py:430} INFO - ::endgroup::
[2026-01-18T03:46:18.883+0000] {logging_mixin.py:188} INFO - [RATIO] Bắt đầu xử lý batch 2 mã: ['HFB', 'HEV']
[2026-01-18T03:46:18.884+0000] {logging_mixin.py:188} INFO - [RATIO] Kỳ dữ liệu: quarter
[2026-01-18T03:46:18.884+0000] {logging_mixin.py:188} INFO -  >> [RATIO] Đang lấy dữ liệu: HFB
[2026-01-18T03:46:24.876+0000] {logging_mixin.py:188} INFO - ❌ Lỗi HFB: RetryError[<Future at 0x7f4f11f07680 state=finished raised KeyError>]
[2026-01-18T03:46:24.878+0000] {logging_mixin.py:188} INFO -  ⚠️ [RATIO] HFB: No data from API
[2026-01-18T03:46:26.878+0000] {logging_mixin.py:188} INFO -  >> [RATIO] Đang lấy dữ liệu: HEV
[2026-01-18T03:46:27.751+0000] {logging_mixin.py:188} INFO -  ✓ [RATIO] HEV: 52 rows
[2026-01-18T03:46:29.752+0000] {logging_mixin.py:188} INFO -  ✅ [RATIO] Hoàn thành batch. Tổng số dòng: 52
[2026-01-18T03:46:29.778+0000] {base.py:84} INFO - Using connection ID 'minio_finance' for task execution.
[2026-01-18T03:46:29.779+0000] {connection_wrapper.py:384} INFO - AWS Connection (conn_id='minio_finance', conn_type='aws') credentials retrieved from login and password.
[2026-01-18T03:46:30.334+0000] {datalake_df2csv.py:52} INFO - ✅ Đã upload 52 dòng -> s3://thongtin-congty-va-bctc/financial_ratios/2026-01-11/batch_573.csv
[2026-01-18T03:46:30.336+0000] {taskinstance.py:441} INFO - ::group::Post task execution logs
[2026-01-18T03:46:30.346+0000] {taskinstance.py:1206} INFO - Marking task as SUCCESS. dag_id=financial_ratios_etl, task_id=ingest_financial_ratios, run_id=scheduled__2026-01-11T02:00:00+00:00, map_index=573, execution_date=20260111T020000, start_date=20260118T034618, end_date=20260118T034630
[2026-01-18T03:46:30.422+0000] {local_task_job_runner.py:243} INFO - Task exited with return code 0
[2026-01-18T03:46:30.445+0000] {taskinstance.py:3503} INFO - 0 downstream tasks scheduled from follow-on schedule check
[2026-01-18T03:46:30.449+0000] {local_task_job_runner.py:222} INFO - ::endgroup::
