[2026-02-27T15:30:45.731+0000] {local_task_job_runner.py:120} INFO - ::group::Pre task execution logs
[2026-02-27T15:30:45.779+0000] {taskinstance.py:2076} INFO - Dependencies all met for dep_context=non-requeueable deps ti=<TaskInstance: daily_price.ingest_daily_price manual__2026-02-27T15:28:31.126262+00:00 map_index=77 [queued]>
[2026-02-27T15:30:45.811+0000] {taskinstance.py:2076} INFO - Dependencies all met for dep_context=requeueable deps ti=<TaskInstance: daily_price.ingest_daily_price manual__2026-02-27T15:28:31.126262+00:00 map_index=77 [queued]>
[2026-02-27T15:30:45.812+0000] {taskinstance.py:2306} INFO - Starting attempt 1 of 2
[2026-02-27T15:30:45.881+0000] {taskinstance.py:2330} INFO - Executing <Mapped(DfToCsvOperator): ingest_daily_price> on 2026-02-27 15:28:31.126262+00:00
[2026-02-27T15:30:45.894+0000] {warnings.py:112} WARNING - This process (pid=1054) is multi-threaded, use of fork() may lead to deadlocks in the child.

[2026-02-27T15:30:45.897+0000] {standard_task_runner.py:64} INFO - Started process 1085 to run task
[2026-02-27T15:30:45.899+0000] {standard_task_runner.py:90} INFO - Running: ['***', 'tasks', 'run', 'daily_price', 'ingest_daily_price', 'manual__2026-02-27T15:28:31.126262+00:00', '--job-id', '27846', '--raw', '--subdir', 'DAGS_FOLDER/dl_dailly_price.py', '--cfg-path', '/tmp/tmp1ghjp7yr', '--map-index', '77']
[2026-02-27T15:30:45.904+0000] {standard_task_runner.py:91} INFO - Job 27846: Subtask ingest_daily_price
[2026-02-27T15:30:46.014+0000] {task_command.py:426} INFO - Running <TaskInstance: daily_price.ingest_daily_price manual__2026-02-27T15:28:31.126262+00:00 map_index=77 [running]> on host a3ff7e3985fc
[2026-02-27T15:30:46.785+0000] {taskinstance.py:2648} INFO - Exporting env vars: AIRFLOW_CTX_DAG_OWNER='***' AIRFLOW_CTX_DAG_ID='daily_price' AIRFLOW_CTX_TASK_ID='ingest_daily_price' AIRFLOW_CTX_EXECUTION_DATE='2026-02-27T15:28:31.126262+00:00' AIRFLOW_CTX_TRY_NUMBER='1' AIRFLOW_CTX_DAG_RUN_ID='manual__2026-02-27T15:28:31.126262+00:00'
[2026-02-27T15:30:46.789+0000] {taskinstance.py:430} INFO - ::endgroup::
[2026-02-27T15:30:46.790+0000] {datalake_df2csv.py:40} INFO - ================================================================================
[2026-02-27T15:30:46.791+0000] {datalake_df2csv.py:41} INFO - 🚀 BẮT ĐẦU TASK: ingest_daily_price
[2026-02-27T15:30:46.791+0000] {datalake_df2csv.py:42} INFO - ================================================================================
[2026-02-27T15:30:46.792+0000] {datalake_df2csv.py:43} INFO - 📋 Thông tin cấu hình:
[2026-02-27T15:30:46.792+0000] {datalake_df2csv.py:44} INFO -   - Logic file: history_price
[2026-02-27T15:30:46.793+0000] {datalake_df2csv.py:45} INFO -   - DataFrame name: get_history_price_batch
[2026-02-27T15:30:46.794+0000] {datalake_df2csv.py:46} INFO -   - Bucket: thongtin-congty-va-bctc
[2026-02-27T15:30:46.794+0000] {datalake_df2csv.py:47} INFO -   - Object path: daily_price/2026-02-27/batch_77.csv
[2026-02-27T15:30:46.795+0000] {datalake_df2csv.py:48} INFO -   - Connection ID: minio_finance
[2026-02-27T15:30:46.795+0000] {datalake_df2csv.py:49} INFO -   - Tham số truyền vào: {'symbols': ['DKG', 'GCB', 'DPC', 'HDB', 'HU4'], 'start_date': '2026-02-27', 'end_date': '2026-02-28'}
[2026-02-27T15:30:46.796+0000] {datalake_df2csv.py:50} INFO - --------------------------------------------------------------------------------
[2026-02-27T15:30:46.796+0000] {datalake_df2csv.py:54} INFO - 📥 Bước 1: Đang load dữ liệu từ logic file...
[2026-02-27T15:30:46.792+0000] {datalake_df2csv.py:148} INFO -   - Logic directory: /opt/airflow/plugins/logic
[2026-02-27T15:30:46.794+0000] {datalake_df2csv.py:149} INFO -   - Module path: /opt/airflow/plugins/logic/history_price.py
[2026-02-27T15:30:46.795+0000] {datalake_df2csv.py:153} INFO -   - Đã thêm logic directory vào sys.path
[2026-02-27T15:30:46.797+0000] {datalake_df2csv.py:159} INFO -   - Đang load module 'history_price'...
[2026-02-27T15:30:46.803+0000] {datalake_df2csv.py:163} INFO -   - ✅ Module loaded thành công
[2026-02-27T15:30:46.804+0000] {datalake_df2csv.py:165} INFO -   - Đang tìm DataFrame/function: 'get_history_price_batch'...
[2026-02-27T15:30:46.808+0000] {datalake_df2csv.py:170} INFO -   - ✅ Tìm thấy object: function
[2026-02-27T15:30:46.808+0000] {datalake_df2csv.py:173} INFO -   - Đang gọi function với tham số: {'symbols': ['DKG', 'GCB', 'DPC', 'HDB', 'HU4'], 'start_date': '2026-02-27', 'end_date': '2026-02-28'}
[2026-02-27T15:31:00.610+0000] {datalake_df2csv.py:68} INFO - ✅ Load dữ liệu thành công!
[2026-02-27T15:31:00.611+0000] {datalake_df2csv.py:69} INFO - 📊 Thông tin DataFrame:
[2026-02-27T15:31:00.611+0000] {datalake_df2csv.py:70} INFO -   - Số dòng: 10
[2026-02-27T15:31:00.612+0000] {datalake_df2csv.py:71} INFO -   - Số cột: 7
[2026-02-27T15:31:00.612+0000] {datalake_df2csv.py:72} INFO -   - Tên các cột: ['ticker', 'trading_date', 'open', 'high', 'low', 'close', 'volume']
[2026-02-27T15:31:00.613+0000] {datalake_df2csv.py:73} INFO -   - Kiểu dữ liệu: {'ticker': 'object', 'trading_date': 'object', 'open': 'float64', 'high': 'float64', 'low': 'float64', 'close': 'float64', 'volume': 'int64'}
[2026-02-27T15:31:00.615+0000] {datalake_df2csv.py:74} INFO -   - Bộ nhớ sử dụng: 0.00 MB
[2026-02-27T15:31:00.616+0000] {datalake_df2csv.py:83} INFO -   - Không có giá trị NULL
[2026-02-27T15:31:00.616+0000] {datalake_df2csv.py:86} INFO -   - Mẫu dữ liệu (5 dòng đầu):
[2026-02-27T15:31:00.617+0000] {datalake_df2csv.py:88} INFO -     Row 0: {'ticker': 'DKG', 'trading_date': '2026-02-25', 'open': 8.5, 'high': 8.5, 'low': 8.5, 'close': 8.5, 'volume': 100}
[2026-02-27T15:31:00.617+0000] {datalake_df2csv.py:88} INFO -     Row 1: {'ticker': 'DKG', 'trading_date': '2026-02-26', 'open': 9.5, 'high': 9.5, 'low': 9.5, 'close': 9.5, 'volume': 600}
[2026-02-27T15:31:00.618+0000] {datalake_df2csv.py:88} INFO -     Row 2: {'ticker': 'GCB', 'trading_date': '2026-02-26', 'open': 5.9, 'high': 5.9, 'low': 5.9, 'close': 5.9, 'volume': 800}
[2026-02-27T15:31:00.618+0000] {datalake_df2csv.py:88} INFO -     Row 3: {'ticker': 'GCB', 'trading_date': '2026-02-27', 'open': 6.0, 'high': 6.0, 'low': 5.3, 'close': 5.3, 'volume': 300}
[2026-02-27T15:31:00.618+0000] {datalake_df2csv.py:88} INFO -     Row 4: {'ticker': 'DPC', 'trading_date': '2026-02-24', 'open': 9.1, 'high': 9.6, 'low': 9.1, 'close': 9.6, 'volume': 5000}
[2026-02-27T15:31:00.619+0000] {datalake_df2csv.py:90} INFO - --------------------------------------------------------------------------------
[2026-02-27T15:31:00.619+0000] {datalake_df2csv.py:93} INFO - 📝 Bước 2: Đang chuyển đổi DataFrame sang CSV...
[2026-02-27T15:31:00.622+0000] {datalake_df2csv.py:97} INFO - ✅ Chuyển đổi CSV thành công!
[2026-02-27T15:31:00.623+0000] {datalake_df2csv.py:98} INFO -   - Kích thước file: 0.00 MB
[2026-02-27T15:31:00.623+0000] {datalake_df2csv.py:99} INFO -   - Thời gian chuyển đổi: 0.00 giây
[2026-02-27T15:31:00.623+0000] {datalake_df2csv.py:100} INFO - --------------------------------------------------------------------------------
[2026-02-27T15:31:00.624+0000] {datalake_df2csv.py:103} INFO - ☁️  Bước 3: Đang upload lên MinIO/S3...
[2026-02-27T15:31:00.633+0000] {base.py:84} INFO - Using connection ID 'minio_finance' for task execution.
[2026-02-27T15:31:00.633+0000] {connection_wrapper.py:384} INFO - AWS Connection (conn_id='minio_finance', conn_type='aws') credentials retrieved from login and password.
[2026-02-27T15:31:02.463+0000] {datalake_df2csv.py:112} INFO -   - Bucket 'thongtin-congty-va-bctc' đã tồn tại
[2026-02-27T15:31:02.597+0000] {datalake_df2csv.py:117} INFO - ✅ Upload thành công!
[2026-02-27T15:31:02.599+0000] {datalake_df2csv.py:118} INFO -   - Đường dẫn: s3://thongtin-congty-va-bctc/daily_price/2026-02-27/batch_77.csv
[2026-02-27T15:31:02.601+0000] {datalake_df2csv.py:119} INFO -   - Số dòng: 10
[2026-02-27T15:31:02.602+0000] {datalake_df2csv.py:120} INFO -   - Thời gian upload: 1.97 giây
[2026-02-27T15:31:02.604+0000] {datalake_df2csv.py:121} INFO - --------------------------------------------------------------------------------
[2026-02-27T15:31:02.604+0000] {datalake_df2csv.py:125} INFO - 📈 TỔNG KẾT:
[2026-02-27T15:31:02.605+0000] {datalake_df2csv.py:126} INFO -   - Tổng thời gian thực thi: 15.81 giây
[2026-02-27T15:31:02.606+0000] {datalake_df2csv.py:127} INFO -   - Tốc độ xử lý: 1 dòng/giây
[2026-02-27T15:31:02.607+0000] {datalake_df2csv.py:128} INFO - ================================================================================
[2026-02-27T15:31:02.608+0000] {datalake_df2csv.py:129} INFO - ✅ HOÀN THÀNH TASK: ingest_daily_price
[2026-02-27T15:31:02.608+0000] {datalake_df2csv.py:130} INFO - ================================================================================
[2026-02-27T15:31:02.615+0000] {taskinstance.py:441} INFO - ::group::Post task execution logs
[2026-02-27T15:31:02.676+0000] {taskinstance.py:1206} INFO - Marking task as SUCCESS. dag_id=daily_price, task_id=ingest_daily_price, run_id=manual__2026-02-27T15:28:31.126262+00:00, map_index=77, execution_date=20260227T152831, start_date=20260227T153045, end_date=20260227T153102
[2026-02-27T15:31:02.901+0000] {local_task_job_runner.py:243} INFO - Task exited with return code 0
[2026-02-27T15:31:02.935+0000] {taskinstance.py:3503} INFO - 0 downstream tasks scheduled from follow-on schedule check
[2026-02-27T15:31:02.941+0000] {local_task_job_runner.py:222} INFO - ::endgroup::
