[2026-02-28T02:04:01.627+0000] {local_task_job_runner.py:120} INFO - ::group::Pre task execution logs
[2026-02-28T02:04:01.764+0000] {taskinstance.py:2076} INFO - Dependencies all met for dep_context=non-requeueable deps ti=<TaskInstance: daily_price.ingest_daily_price scheduled__2026-02-26T16:00:00+00:00 map_index=289 [queued]>
[2026-02-28T02:04:01.887+0000] {taskinstance.py:2076} INFO - Dependencies all met for dep_context=requeueable deps ti=<TaskInstance: daily_price.ingest_daily_price scheduled__2026-02-26T16:00:00+00:00 map_index=289 [queued]>
[2026-02-28T02:04:01.891+0000] {taskinstance.py:2306} INFO - Starting attempt 1 of 2
[2026-02-28T02:04:01.964+0000] {taskinstance.py:2330} INFO - Executing <Mapped(DfToCsvOperator): ingest_daily_price> on 2026-02-26 16:00:00+00:00
[2026-02-28T02:04:02.001+0000] {warnings.py:112} WARNING - This process (pid=3114) is multi-threaded, use of fork() may lead to deadlocks in the child.

[2026-02-28T02:04:02.014+0000] {standard_task_runner.py:64} INFO - Started process 3147 to run task
[2026-02-28T02:04:02.017+0000] {standard_task_runner.py:90} INFO - Running: ['***', 'tasks', 'run', 'daily_price', 'ingest_daily_price', 'scheduled__2026-02-26T16:00:00+00:00', '--job-id', '28435', '--raw', '--subdir', 'DAGS_FOLDER/dl_dailly_price.py', '--cfg-path', '/tmp/tmph4y_is9p', '--map-index', '289']
[2026-02-28T02:04:02.027+0000] {standard_task_runner.py:91} INFO - Job 28435: Subtask ingest_daily_price
[2026-02-28T02:04:02.187+0000] {task_command.py:426} INFO - Running <TaskInstance: daily_price.ingest_daily_price scheduled__2026-02-26T16:00:00+00:00 map_index=289 [running]> on host b6d397e728c6
[2026-02-28T02:04:03.264+0000] {taskinstance.py:2648} INFO - Exporting env vars: AIRFLOW_CTX_DAG_OWNER='***' AIRFLOW_CTX_DAG_ID='daily_price' AIRFLOW_CTX_TASK_ID='ingest_daily_price' AIRFLOW_CTX_EXECUTION_DATE='2026-02-26T16:00:00+00:00' AIRFLOW_CTX_TRY_NUMBER='1' AIRFLOW_CTX_DAG_RUN_ID='scheduled__2026-02-26T16:00:00+00:00'
[2026-02-28T02:04:03.265+0000] {taskinstance.py:430} INFO - ::endgroup::
[2026-02-28T02:04:03.266+0000] {datalake_df2csv.py:40} INFO - ================================================================================
[2026-02-28T02:04:03.267+0000] {datalake_df2csv.py:41} INFO - 🚀 BẮT ĐẦU TASK: ingest_daily_price
[2026-02-28T02:04:03.268+0000] {datalake_df2csv.py:42} INFO - ================================================================================
[2026-02-28T02:04:03.268+0000] {datalake_df2csv.py:43} INFO - 📋 Thông tin cấu hình:
[2026-02-28T02:04:03.273+0000] {datalake_df2csv.py:44} INFO -   - Logic file: history_price
[2026-02-28T02:04:03.276+0000] {datalake_df2csv.py:45} INFO -   - DataFrame name: get_history_price_batch
[2026-02-28T02:04:03.279+0000] {datalake_df2csv.py:46} INFO -   - Bucket: thongtin-congty-va-bctc
[2026-02-28T02:04:03.280+0000] {datalake_df2csv.py:47} INFO -   - Object path: daily_price/2026-02-26/batch_289.csv
[2026-02-28T02:04:03.280+0000] {datalake_df2csv.py:48} INFO -   - Connection ID: minio_finance
[2026-02-28T02:04:03.281+0000] {datalake_df2csv.py:49} INFO -   - Tham số truyền vào: {'symbols': ['BCG', 'IMP', 'PIV', 'DRC', 'BIC'], 'start_date': '2026-02-26', 'end_date': '2026-02-27'}
[2026-02-28T02:04:03.282+0000] {datalake_df2csv.py:50} INFO - --------------------------------------------------------------------------------
[2026-02-28T02:04:03.282+0000] {datalake_df2csv.py:54} INFO - 📥 Bước 1: Đang load dữ liệu từ logic file...
[2026-02-28T02:04:03.285+0000] {datalake_df2csv.py:148} INFO -   - Logic directory: /opt/airflow/plugins/logic
[2026-02-28T02:04:03.288+0000] {datalake_df2csv.py:149} INFO -   - Module path: /opt/airflow/plugins/logic/history_price.py
[2026-02-28T02:04:03.291+0000] {datalake_df2csv.py:153} INFO -   - Đã thêm logic directory vào sys.path
[2026-02-28T02:04:03.293+0000] {datalake_df2csv.py:159} INFO -   - Đang load module 'history_price'...
[2026-02-28T02:04:03.299+0000] {datalake_df2csv.py:163} INFO -   - ✅ Module loaded thành công
[2026-02-28T02:04:03.299+0000] {datalake_df2csv.py:165} INFO -   - Đang tìm DataFrame/function: 'get_history_price_batch'...
[2026-02-28T02:04:03.300+0000] {datalake_df2csv.py:170} INFO -   - ✅ Tìm thấy object: function
[2026-02-28T02:04:03.301+0000] {datalake_df2csv.py:173} INFO -   - Đang gọi function với tham số: {'symbols': ['BCG', 'IMP', 'PIV', 'DRC', 'BIC'], 'start_date': '2026-02-26', 'end_date': '2026-02-27'}
[2026-02-28T02:04:09.956+0000] {datalake_df2csv.py:68} INFO - ✅ Load dữ liệu thành công!
[2026-02-28T02:04:09.957+0000] {datalake_df2csv.py:69} INFO - 📊 Thông tin DataFrame:
[2026-02-28T02:04:09.960+0000] {datalake_df2csv.py:70} INFO -   - Số dòng: 15
[2026-02-28T02:04:09.966+0000] {datalake_df2csv.py:71} INFO -   - Số cột: 7
[2026-02-28T02:04:09.969+0000] {datalake_df2csv.py:72} INFO -   - Tên các cột: ['ticker', 'trading_date', 'open', 'high', 'low', 'close', 'volume']
[2026-02-28T02:04:09.978+0000] {datalake_df2csv.py:73} INFO -   - Kiểu dữ liệu: {'ticker': 'object', 'trading_date': 'object', 'open': 'float64', 'high': 'float64', 'low': 'float64', 'close': 'float64', 'volume': 'int64'}
[2026-02-28T02:04:09.989+0000] {datalake_df2csv.py:74} INFO -   - Bộ nhớ sử dụng: 0.00 MB
[2026-02-28T02:04:09.996+0000] {datalake_df2csv.py:83} INFO -   - Không có giá trị NULL
[2026-02-28T02:04:09.997+0000] {datalake_df2csv.py:86} INFO -   - Mẫu dữ liệu (5 dòng đầu):
[2026-02-28T02:04:10.003+0000] {datalake_df2csv.py:88} INFO -     Row 0: {'ticker': 'BCG', 'trading_date': '2025-10-06', 'open': 2.61, 'high': 2.61, 'low': 2.61, 'close': 2.61, 'volume': 7814100}
[2026-02-28T02:04:10.005+0000] {datalake_df2csv.py:88} INFO -     Row 1: {'ticker': 'BCG', 'trading_date': '2025-10-07', 'open': 2.43, 'high': 2.77, 'low': 2.43, 'close': 2.55, 'volume': 28717100}
[2026-02-28T02:04:10.010+0000] {datalake_df2csv.py:88} INFO -     Row 2: {'ticker': 'BCG', 'trading_date': '2025-10-08', 'open': 2.61, 'high': 2.62, 'low': 2.51, 'close': 2.53, 'volume': 14609800}
[2026-02-28T02:04:10.011+0000] {datalake_df2csv.py:88} INFO -     Row 3: {'ticker': 'IMP', 'trading_date': '2026-02-25', 'open': 53.9, 'high': 54.1, 'low': 53.9, 'close': 53.9, 'volume': 19600}
[2026-02-28T02:04:10.012+0000] {datalake_df2csv.py:88} INFO -     Row 4: {'ticker': 'IMP', 'trading_date': '2026-02-26', 'open': 53.8, 'high': 54.2, 'low': 53.8, 'close': 53.9, 'volume': 11300}
[2026-02-28T02:04:10.016+0000] {datalake_df2csv.py:90} INFO - --------------------------------------------------------------------------------
[2026-02-28T02:04:10.021+0000] {datalake_df2csv.py:93} INFO - 📝 Bước 2: Đang chuyển đổi DataFrame sang CSV...
[2026-02-28T02:04:10.057+0000] {datalake_df2csv.py:97} INFO - ✅ Chuyển đổi CSV thành công!
[2026-02-28T02:04:10.058+0000] {datalake_df2csv.py:98} INFO -   - Kích thước file: 0.00 MB
[2026-02-28T02:04:10.059+0000] {datalake_df2csv.py:99} INFO -   - Thời gian chuyển đổi: 0.03 giây
[2026-02-28T02:04:10.061+0000] {datalake_df2csv.py:100} INFO - --------------------------------------------------------------------------------
[2026-02-28T02:04:10.062+0000] {datalake_df2csv.py:103} INFO - ☁️  Bước 3: Đang upload lên MinIO/S3...
[2026-02-28T02:04:10.099+0000] {base.py:84} INFO - Using connection ID 'minio_finance' for task execution.
[2026-02-28T02:04:10.102+0000] {connection_wrapper.py:384} INFO - AWS Connection (conn_id='minio_finance', conn_type='aws') credentials retrieved from login and password.
[2026-02-28T02:04:12.528+0000] {datalake_df2csv.py:112} INFO -   - Bucket 'thongtin-congty-va-bctc' đã tồn tại
[2026-02-28T02:04:12.782+0000] {datalake_df2csv.py:117} INFO - ✅ Upload thành công!
[2026-02-28T02:04:12.785+0000] {datalake_df2csv.py:118} INFO -   - Đường dẫn: s3://thongtin-congty-va-bctc/daily_price/2026-02-26/batch_289.csv
[2026-02-28T02:04:12.786+0000] {datalake_df2csv.py:119} INFO -   - Số dòng: 15
[2026-02-28T02:04:12.793+0000] {datalake_df2csv.py:120} INFO -   - Thời gian upload: 2.72 giây
[2026-02-28T02:04:12.795+0000] {datalake_df2csv.py:121} INFO - --------------------------------------------------------------------------------
[2026-02-28T02:04:12.806+0000] {datalake_df2csv.py:125} INFO - 📈 TỔNG KẾT:
[2026-02-28T02:04:12.810+0000] {datalake_df2csv.py:126} INFO -   - Tổng thời gian thực thi: 9.54 giây
[2026-02-28T02:04:12.813+0000] {datalake_df2csv.py:127} INFO -   - Tốc độ xử lý: 2 dòng/giây
[2026-02-28T02:04:12.818+0000] {datalake_df2csv.py:128} INFO - ================================================================================
[2026-02-28T02:04:12.819+0000] {datalake_df2csv.py:129} INFO - ✅ HOÀN THÀNH TASK: ingest_daily_price
[2026-02-28T02:04:12.820+0000] {datalake_df2csv.py:130} INFO - ================================================================================
[2026-02-28T02:04:12.831+0000] {taskinstance.py:441} INFO - ::group::Post task execution logs
[2026-02-28T02:04:12.861+0000] {taskinstance.py:1206} INFO - Marking task as SUCCESS. dag_id=daily_price, task_id=ingest_daily_price, run_id=scheduled__2026-02-26T16:00:00+00:00, map_index=289, execution_date=20260226T160000, start_date=20260228T020401, end_date=20260228T020412
[2026-02-28T02:04:13.080+0000] {local_task_job_runner.py:243} INFO - Task exited with return code 0
[2026-02-28T02:04:13.109+0000] {local_task_job_runner.py:222} INFO - ::endgroup::
