[2026-03-01T03:55:23.437+0000] {local_task_job_runner.py:120} INFO - ::group::Pre task execution logs
[2026-03-01T03:55:23.459+0000] {taskinstance.py:2076} INFO - Dependencies all met for dep_context=non-requeueable deps ti=<TaskInstance: bctc.ingest_bctc manual__2026-03-01T02:14:11+00:00 map_index=38 [queued]>
[2026-03-01T03:55:23.472+0000] {taskinstance.py:2076} INFO - Dependencies all met for dep_context=requeueable deps ti=<TaskInstance: bctc.ingest_bctc manual__2026-03-01T02:14:11+00:00 map_index=38 [queued]>
[2026-03-01T03:55:23.473+0000] {taskinstance.py:2306} INFO - Starting attempt 1 of 4
[2026-03-01T03:55:23.486+0000] {taskinstance.py:2330} INFO - Executing <Mapped(DfToCsvOperator): ingest_bctc> on 2026-03-01 02:14:11+00:00
[2026-03-01T03:55:23.496+0000] {warnings.py:112} WARNING - This process (pid=5953) is multi-threaded, use of fork() may lead to deadlocks in the child.

[2026-03-01T03:55:23.497+0000] {standard_task_runner.py:64} INFO - Started process 5955 to run task
[2026-03-01T03:55:23.499+0000] {standard_task_runner.py:90} INFO - Running: ['***', 'tasks', 'run', 'bctc', 'ingest_bctc', 'manual__2026-03-01T02:14:11+00:00', '--job-id', '29830', '--raw', '--subdir', 'DAGS_FOLDER/dl_bctc.py', '--cfg-path', '/tmp/tmp8xdk4t3y', '--map-index', '38']
[2026-03-01T03:55:23.503+0000] {standard_task_runner.py:91} INFO - Job 29830: Subtask ingest_bctc
[2026-03-01T03:55:23.551+0000] {task_command.py:426} INFO - Running <TaskInstance: bctc.ingest_bctc manual__2026-03-01T02:14:11+00:00 map_index=38 [running]> on host 96b0f4865b54
[2026-03-01T03:55:23.650+0000] {taskinstance.py:2648} INFO - Exporting env vars: AIRFLOW_CTX_DAG_OWNER='***' AIRFLOW_CTX_DAG_ID='bctc' AIRFLOW_CTX_TASK_ID='ingest_bctc' AIRFLOW_CTX_EXECUTION_DATE='2026-03-01T02:14:11+00:00' AIRFLOW_CTX_TRY_NUMBER='1' AIRFLOW_CTX_DAG_RUN_ID='manual__2026-03-01T02:14:11+00:00'
[2026-03-01T03:55:23.652+0000] {taskinstance.py:430} INFO - ::endgroup::
[2026-03-01T03:55:23.652+0000] {datalake_df2csv.py:40} INFO - ================================================================================
[2026-03-01T03:55:23.653+0000] {datalake_df2csv.py:41} INFO - 🚀 BẮT ĐẦU TASK: ingest_bctc
[2026-03-01T03:55:23.653+0000] {datalake_df2csv.py:42} INFO - ================================================================================
[2026-03-01T03:55:23.653+0000] {datalake_df2csv.py:43} INFO - 📋 Thông tin cấu hình:
[2026-03-01T03:55:23.654+0000] {datalake_df2csv.py:44} INFO -   - Logic file: bctc
[2026-03-01T03:55:23.654+0000] {datalake_df2csv.py:45} INFO -   - DataFrame name: get_financial_reports
[2026-03-01T03:55:23.654+0000] {datalake_df2csv.py:46} INFO -   - Bucket: thongtin-congty-va-bctc
[2026-03-01T03:55:23.654+0000] {datalake_df2csv.py:47} INFO -   - Object path: bctc/2026/Q1/batch_38.csv
[2026-03-01T03:55:23.654+0000] {datalake_df2csv.py:48} INFO -   - Connection ID: minio_finance
[2026-03-01T03:55:23.655+0000] {datalake_df2csv.py:49} INFO -   - Tham số truyền vào: {'symbols': ['AIG', 'THW', 'VSG', 'PBT', 'DLT', 'HNR', 'PPS', 'BFC', 'TTG', 'FDC', 'DAE', 'CEO', 'STG', 'PPI', 'AMS', 'TSB', 'GGG', 'DP2', 'CKG', 'TCK'], 'current_year': '2026', 'current_quarter': '1'}
[2026-03-01T03:55:23.655+0000] {datalake_df2csv.py:50} INFO - --------------------------------------------------------------------------------
[2026-03-01T03:55:23.655+0000] {datalake_df2csv.py:54} INFO - 📥 Bước 1: Đang load dữ liệu từ logic file...
[2026-03-01T03:55:23.658+0000] {datalake_df2csv.py:148} INFO -   - Logic directory: /opt/airflow/plugins/logic
[2026-03-01T03:55:23.660+0000] {datalake_df2csv.py:149} INFO -   - Module path: /opt/airflow/plugins/logic/bctc.py
[2026-03-01T03:55:23.661+0000] {datalake_df2csv.py:153} INFO -   - Đã thêm logic directory vào sys.path
[2026-03-01T03:55:23.662+0000] {datalake_df2csv.py:159} INFO -   - Đang load module 'bctc'...
[2026-03-01T03:55:23.666+0000] {datalake_df2csv.py:163} INFO -   - ✅ Module loaded thành công
[2026-03-01T03:55:23.667+0000] {datalake_df2csv.py:165} INFO -   - Đang tìm DataFrame/function: 'get_financial_reports'...
[2026-03-01T03:55:23.667+0000] {datalake_df2csv.py:170} INFO -   - ✅ Tìm thấy object: function
[2026-03-01T03:55:23.667+0000] {datalake_df2csv.py:173} INFO -   - Đang gọi function với tham số: {'symbols': ['AIG', 'THW', 'VSG', 'PBT', 'DLT', 'HNR', 'PPS', 'BFC', 'TTG', 'FDC', 'DAE', 'CEO', 'STG', 'PPI', 'AMS', 'TSB', 'GGG', 'DP2', 'CKG', 'TCK'], 'current_year': '2026', 'current_quarter': '1'}
[2026-03-01T03:55:23.668+0000] {logging_mixin.py:188} INFO - [BCTC] Batch 20 mã: ['AIG', 'THW', 'VSG', 'PBT', 'DLT', 'HNR', 'PPS', 'BFC', 'TTG', 'FDC', 'DAE', 'CEO', 'STG', 'PPI', 'AMS', 'TSB', 'GGG', 'DP2', 'CKG', 'TCK']
[2026-03-01T03:55:23.668+0000] {logging_mixin.py:188} INFO -   Filter: year=2026, quarter=1
[2026-03-01T03:55:23.669+0000] {logging_mixin.py:188} INFO -   Call interval: 3.2s (~19 req/phút)
[2026-03-01T03:55:23.669+0000] {logging_mixin.py:188} INFO -  >> [1/20] AIG
[2026-03-01T03:55:24.968+0000] {logging_mixin.py:188} INFO - ❌ AIG.income_statement: ConnectionError: Failed to fetch data: 502 - Bad Gateway → bỏ qua
[2026-03-01T03:55:24.971+0000] {logging_mixin.py:188} INFO -   ⚠ AIG.income_statement: không có dữ liệu → bỏ qua mã này
[2026-03-01T03:55:24.972+0000] {logging_mixin.py:188} INFO -  >> [2/20] THW
[2026-03-01T03:55:37.864+0000] {logging_mixin.py:188} INFO -  >> [3/20] VSG
[2026-03-01T03:55:50.683+0000] {logging_mixin.py:188} INFO -  >> [4/20] PBT
[2026-03-01T03:56:03.643+0000] {logging_mixin.py:188} INFO -  >> [5/20] DLT
[2026-03-01T03:56:11.594+0000] {logging_mixin.py:188} INFO - 
⚠️ 
============================================================
⚠️  GIỚI HẠN API ĐÃ ĐẠT TỐI ĐA (Rate Limit Exceeded)
============================================================

📌 Bạn đã đạt giới hạn tối đa số lượt yêu cầu API trong 1 phút (minute).
   (You have reached the maximum API request limit for this period)

📊 Chi tiết (Details):
   • Gói hiện tại: Khách (Guest)
   • Giới hạn: 20 requests/phút
   • Đã sử dụng: 20/20
   • Chờ 48 giây để tiếp tục (Wait to retry)

💡 Giải pháp (Solutions):
   1️⃣ Chờ 48 giây rồi thử lại
      (Wait and retry)
   2️⃣ Tham gia gói thành viên tài trợ để sử dụng không bị gián đoạn
      (Join sponsor membership for uninterrupted access)

🚀 Nâng cấp (Upgrade):
   • Phiên bản cộng đồng (60 request/phút - Community):
     Đăng ký API key miễn phí: https://vnstocks.com/login
   • Gói thành viên tài trợ (180-600 request/phút - Sponsor):
     Tham gia: https://vnstocks.com/insiders-program

============================================================
[2026-03-01T03:56:11.595+0000] {logging_mixin.py:188} INFO - ⚠ DLT.balance_sheet: SystemExit (rate-limit?): Rate limit exceeded. 
============================================================
⚠️  GIỚI HẠN API  → bỏ qua
[2026-03-01T03:56:11.596+0000] {logging_mixin.py:188} INFO -   ⚠ DLT.balance_sheet: không có dữ liệu → bỏ qua mã này
[2026-03-01T03:56:11.597+0000] {logging_mixin.py:188} INFO -  >> [6/20] HNR
[2026-03-01T03:56:15.285+0000] {logging_mixin.py:188} INFO - ⚠ HNR.income_statement: SystemExit (rate-limit?): Rate limit exceeded. 
============================================================
⚠️  GIỚI HẠN API  → bỏ qua
[2026-03-01T03:56:15.287+0000] {logging_mixin.py:188} INFO -   ⚠ HNR.income_statement: không có dữ liệu → bỏ qua mã này
[2026-03-01T03:56:15.287+0000] {logging_mixin.py:188} INFO -  >> [7/20] PPS
[2026-03-01T03:56:19.019+0000] {logging_mixin.py:188} INFO - 
⚠️ 
============================================================
⚠️  GIỚI HẠN API ĐÃ ĐẠT TỐI ĐA (Rate Limit Exceeded)
============================================================

📌 Bạn đã đạt giới hạn tối đa số lượt yêu cầu API trong 1 phút (minute).
   (You have reached the maximum API request limit for this period)

📊 Chi tiết (Details):
   • Gói hiện tại: Khách (Guest)
   • Giới hạn: 20 requests/phút
   • Đã sử dụng: 20/20
   • Chờ 41 giây để tiếp tục (Wait to retry)

💡 Giải pháp (Solutions):
   1️⃣ Chờ 41 giây rồi thử lại
      (Wait and retry)
   2️⃣ Tham gia gói thành viên tài trợ để sử dụng không bị gián đoạn
      (Join sponsor membership for uninterrupted access)

🚀 Nâng cấp (Upgrade):
   • Phiên bản cộng đồng (60 request/phút - Community):
     Đăng ký API key miễn phí: https://vnstocks.com/login
   • Gói thành viên tài trợ (180-600 request/phút - Sponsor):
     Tham gia: https://vnstocks.com/insiders-program

============================================================
[2026-03-01T03:56:19.021+0000] {logging_mixin.py:188} INFO - ⚠ PPS.income_statement: SystemExit (rate-limit?): Rate limit exceeded. 
============================================================
⚠️  GIỚI HẠN API  → bỏ qua
[2026-03-01T03:56:19.022+0000] {logging_mixin.py:188} INFO -   ⚠ PPS.income_statement: không có dữ liệu → bỏ qua mã này
[2026-03-01T03:56:19.022+0000] {logging_mixin.py:188} INFO -  >> [8/20] BFC
[2026-03-01T03:56:22.722+0000] {logging_mixin.py:188} INFO - ⚠ BFC.income_statement: SystemExit (rate-limit?): Rate limit exceeded. 
============================================================
⚠️  GIỚI HẠN API  → bỏ qua
[2026-03-01T03:56:22.724+0000] {logging_mixin.py:188} INFO -   ⚠ BFC.income_statement: không có dữ liệu → bỏ qua mã này
[2026-03-01T03:56:22.724+0000] {logging_mixin.py:188} INFO -  >> [9/20] TTG
[2026-03-01T03:56:26.375+0000] {logging_mixin.py:188} INFO - 
⚠️ 
============================================================
⚠️  GIỚI HẠN API ĐÃ ĐẠT TỐI ĐA (Rate Limit Exceeded)
============================================================

📌 Bạn đã đạt giới hạn tối đa số lượt yêu cầu API trong 1 phút (minute).
   (You have reached the maximum API request limit for this period)

📊 Chi tiết (Details):
   • Gói hiện tại: Khách (Guest)
   • Giới hạn: 20 requests/phút
   • Đã sử dụng: 20/20
   • Chờ 34 giây để tiếp tục (Wait to retry)

💡 Giải pháp (Solutions):
   1️⃣ Chờ 34 giây rồi thử lại
      (Wait and retry)
   2️⃣ Tham gia gói thành viên tài trợ để sử dụng không bị gián đoạn
      (Join sponsor membership for uninterrupted access)

🚀 Nâng cấp (Upgrade):
   • Phiên bản cộng đồng (60 request/phút - Community):
     Đăng ký API key miễn phí: https://vnstocks.com/login
   • Gói thành viên tài trợ (180-600 request/phút - Sponsor):
     Tham gia: https://vnstocks.com/insiders-program

============================================================
[2026-03-01T03:56:26.376+0000] {logging_mixin.py:188} INFO - ⚠ TTG.income_statement: SystemExit (rate-limit?): Rate limit exceeded. 
============================================================
⚠️  GIỚI HẠN API  → bỏ qua
[2026-03-01T03:56:26.378+0000] {logging_mixin.py:188} INFO -   ⚠ TTG.income_statement: không có dữ liệu → bỏ qua mã này
[2026-03-01T03:56:26.379+0000] {logging_mixin.py:188} INFO -  >> [10/20] FDC
[2026-03-01T03:56:40.802+0000] {logging_mixin.py:188} INFO -  >> [11/20] DAE
[2026-03-01T03:56:54.062+0000] {logging_mixin.py:188} INFO -  >> [12/20] CEO
[2026-03-01T03:57:07.130+0000] {logging_mixin.py:188} INFO -  >> [13/20] STG
[2026-03-01T03:57:15.481+0000] {logging_mixin.py:188} INFO - 
⚠️ 
============================================================
⚠️  GIỚI HẠN API ĐÃ ĐẠT TỐI ĐA (Rate Limit Exceeded)
============================================================

📌 Bạn đã đạt giới hạn tối đa số lượt yêu cầu API trong 1 phút (minute).
   (You have reached the maximum API request limit for this period)

📊 Chi tiết (Details):
   • Gói hiện tại: Khách (Guest)
   • Giới hạn: 20 requests/phút
   • Đã sử dụng: 20/20
   • Chờ 45 giây để tiếp tục (Wait to retry)

💡 Giải pháp (Solutions):
   1️⃣ Chờ 45 giây rồi thử lại
      (Wait and retry)
   2️⃣ Tham gia gói thành viên tài trợ để sử dụng không bị gián đoạn
      (Join sponsor membership for uninterrupted access)

🚀 Nâng cấp (Upgrade):
   • Phiên bản cộng đồng (60 request/phút - Community):
     Đăng ký API key miễn phí: https://vnstocks.com/login
   • Gói thành viên tài trợ (180-600 request/phút - Sponsor):
     Tham gia: https://vnstocks.com/insiders-program

============================================================
[2026-03-01T03:57:15.483+0000] {logging_mixin.py:188} INFO - ⚠ STG.balance_sheet: SystemExit (rate-limit?): Rate limit exceeded. 
============================================================
⚠️  GIỚI HẠN API  → bỏ qua
[2026-03-01T03:57:15.484+0000] {logging_mixin.py:188} INFO -   ⚠ STG.balance_sheet: không có dữ liệu → bỏ qua mã này
[2026-03-01T03:57:15.484+0000] {logging_mixin.py:188} INFO -  >> [14/20] PPI
[2026-03-01T03:57:19.382+0000] {logging_mixin.py:188} INFO - ⚠ PPI.income_statement: SystemExit (rate-limit?): Rate limit exceeded. 
============================================================
⚠️  GIỚI HẠN API  → bỏ qua
[2026-03-01T03:57:19.383+0000] {logging_mixin.py:188} INFO -   ⚠ PPI.income_statement: không có dữ liệu → bỏ qua mã này
[2026-03-01T03:57:19.384+0000] {logging_mixin.py:188} INFO -  >> [15/20] AMS
[2026-03-01T03:57:23.078+0000] {logging_mixin.py:188} INFO - 
⚠️ 
============================================================
⚠️  GIỚI HẠN API ĐÃ ĐẠT TỐI ĐA (Rate Limit Exceeded)
============================================================

📌 Bạn đã đạt giới hạn tối đa số lượt yêu cầu API trong 1 phút (minute).
   (You have reached the maximum API request limit for this period)

📊 Chi tiết (Details):
   • Gói hiện tại: Khách (Guest)
   • Giới hạn: 20 requests/phút
   • Đã sử dụng: 20/20
   • Chờ 37 giây để tiếp tục (Wait to retry)

💡 Giải pháp (Solutions):
   1️⃣ Chờ 37 giây rồi thử lại
      (Wait and retry)
   2️⃣ Tham gia gói thành viên tài trợ để sử dụng không bị gián đoạn
      (Join sponsor membership for uninterrupted access)

🚀 Nâng cấp (Upgrade):
   • Phiên bản cộng đồng (60 request/phút - Community):
     Đăng ký API key miễn phí: https://vnstocks.com/login
   • Gói thành viên tài trợ (180-600 request/phút - Sponsor):
     Tham gia: https://vnstocks.com/insiders-program

============================================================
[2026-03-01T03:57:23.079+0000] {logging_mixin.py:188} INFO - ⚠ AMS.income_statement: SystemExit (rate-limit?): Rate limit exceeded. 
============================================================
⚠️  GIỚI HẠN API  → bỏ qua
[2026-03-01T03:57:23.080+0000] {logging_mixin.py:188} INFO -   ⚠ AMS.income_statement: không có dữ liệu → bỏ qua mã này
[2026-03-01T03:57:23.081+0000] {logging_mixin.py:188} INFO -  >> [16/20] TSB
[2026-03-01T03:57:26.740+0000] {logging_mixin.py:188} INFO - ⚠ TSB.income_statement: SystemExit (rate-limit?): Rate limit exceeded. 
============================================================
⚠️  GIỚI HẠN API  → bỏ qua
[2026-03-01T03:57:26.742+0000] {logging_mixin.py:188} INFO -   ⚠ TSB.income_statement: không có dữ liệu → bỏ qua mã này
[2026-03-01T03:57:26.743+0000] {logging_mixin.py:188} INFO -  >> [17/20] GGG
[2026-03-01T03:57:35.093+0000] {logging_mixin.py:188} INFO - 
⚠️ 
============================================================
⚠️  GIỚI HẠN API ĐÃ ĐẠT TỐI ĐA (Rate Limit Exceeded)
============================================================

📌 Bạn đã đạt giới hạn tối đa số lượt yêu cầu API trong 1 phút (minute).
   (You have reached the maximum API request limit for this period)

📊 Chi tiết (Details):
   • Gói hiện tại: Khách (Guest)
   • Giới hạn: 20 requests/phút
   • Đã sử dụng: 20/20
   • Chờ 25 giây để tiếp tục (Wait to retry)

💡 Giải pháp (Solutions):
   1️⃣ Chờ 25 giây rồi thử lại
      (Wait and retry)
   2️⃣ Tham gia gói thành viên tài trợ để sử dụng không bị gián đoạn
      (Join sponsor membership for uninterrupted access)

🚀 Nâng cấp (Upgrade):
   • Phiên bản cộng đồng (60 request/phút - Community):
     Đăng ký API key miễn phí: https://vnstocks.com/login
   • Gói thành viên tài trợ (180-600 request/phút - Sponsor):
     Tham gia: https://vnstocks.com/insiders-program

============================================================
[2026-03-01T03:57:35.095+0000] {logging_mixin.py:188} INFO - ⚠ GGG.balance_sheet: SystemExit (rate-limit?): Rate limit exceeded. 
============================================================
⚠️  GIỚI HẠN API  → bỏ qua
[2026-03-01T03:57:35.096+0000] {logging_mixin.py:188} INFO -   ⚠ GGG.balance_sheet: không có dữ liệu → bỏ qua mã này
[2026-03-01T03:57:35.096+0000] {logging_mixin.py:188} INFO -  >> [18/20] DP2
[2026-03-01T03:57:48.013+0000] {logging_mixin.py:188} INFO -  >> [19/20] CKG
[2026-03-01T03:58:01.056+0000] {logging_mixin.py:188} INFO -  >> [20/20] TCK
[2026-03-01T03:58:14.463+0000] {logging_mixin.py:188} INFO - ⚠ Bỏ qua 11 mã: ['AIG', 'DLT', 'HNR', 'PPS', 'BFC', 'TTG', 'STG', 'PPI', 'AMS', 'TSB', 'GGG']
[2026-03-01T03:58:14.464+0000] {logging_mixin.py:188} INFO - ⚠ Batch này không thu được dữ liệu nào.
[2026-03-01T03:58:14.464+0000] {datalake_df2csv.py:58} WARNING - ⚠️  DataFrame rỗng hoặc None
[2026-03-01T03:58:14.465+0000] {datalake_df2csv.py:59} INFO - 📊 Thông tin DataFrame:
[2026-03-01T03:58:14.465+0000] {datalake_df2csv.py:60} INFO -   - Số dòng: 0
[2026-03-01T03:58:14.466+0000] {datalake_df2csv.py:61} INFO -   - Kết luận: Bỏ qua upload CSV
[2026-03-01T03:58:14.466+0000] {datalake_df2csv.py:62} INFO - ================================================================================
[2026-03-01T03:58:14.466+0000] {datalake_df2csv.py:63} INFO - ✅ KẾT THÚC TASK (không có dữ liệu): ingest_bctc
[2026-03-01T03:58:14.467+0000] {datalake_df2csv.py:64} INFO - ================================================================================
[2026-03-01T03:58:14.467+0000] {taskinstance.py:441} INFO - ::group::Post task execution logs
[2026-03-01T03:58:14.476+0000] {taskinstance.py:1206} INFO - Marking task as SUCCESS. dag_id=bctc, task_id=ingest_bctc, run_id=manual__2026-03-01T02:14:11+00:00, map_index=38, execution_date=20260301T021411, start_date=20260301T035523, end_date=20260301T035814
[2026-03-01T03:58:14.511+0000] {local_task_job_runner.py:243} INFO - Task exited with return code 0
[2026-03-01T03:58:14.528+0000] {taskinstance.py:3503} INFO - 0 downstream tasks scheduled from follow-on schedule check
[2026-03-01T03:58:14.530+0000] {local_task_job_runner.py:222} INFO - ::endgroup::
