[2026-04-03T13:41:28.860+0000] {local_task_job_runner.py:120} INFO - ::group::Pre task execution logs
[2026-04-03T13:41:28.966+0000] {taskinstance.py:2076} INFO - Dependencies all met for dep_context=non-requeueable deps ti=<TaskInstance: daily_price.ingest_daily_price scheduled__2026-03-31T16:00:00+00:00 map_index=221 [queued]>
[2026-04-03T13:41:29.044+0000] {taskinstance.py:2076} INFO - Dependencies all met for dep_context=requeueable deps ti=<TaskInstance: daily_price.ingest_daily_price scheduled__2026-03-31T16:00:00+00:00 map_index=221 [queued]>
[2026-04-03T13:41:29.049+0000] {taskinstance.py:2306} INFO - Starting attempt 1 of 2
[2026-04-03T13:41:29.110+0000] {taskinstance.py:2330} INFO - Executing <Mapped(DfToCsvOperator): ingest_daily_price> on 2026-03-31 16:00:00+00:00
[2026-04-03T13:41:29.162+0000] {warnings.py:112} WARNING - This process (pid=2759) is multi-threaded, use of fork() may lead to deadlocks in the child.

[2026-04-03T13:41:29.178+0000] {standard_task_runner.py:64} INFO - Started process 2805 to run task
[2026-04-03T13:41:29.162+0000] {standard_task_runner.py:90} INFO - Running: ['***', 'tasks', 'run', 'daily_price', 'ingest_daily_price', 'scheduled__2026-03-31T16:00:00+00:00', '--job-id', '38238', '--raw', '--subdir', 'DAGS_FOLDER/dl_dailly_price.py', '--cfg-path', '/tmp/tmpfc6ilb1g', '--map-index', '221']
[2026-04-03T13:41:29.184+0000] {standard_task_runner.py:91} INFO - Job 38238: Subtask ingest_daily_price
[2026-04-03T13:41:29.385+0000] {task_command.py:426} INFO - Running <TaskInstance: daily_price.ingest_daily_price scheduled__2026-03-31T16:00:00+00:00 map_index=221 [running]> on host f1f3ec63581f
[2026-04-03T13:41:30.395+0000] {taskinstance.py:2648} INFO - Exporting env vars: AIRFLOW_CTX_DAG_OWNER='***' AIRFLOW_CTX_DAG_ID='daily_price' AIRFLOW_CTX_TASK_ID='ingest_daily_price' AIRFLOW_CTX_EXECUTION_DATE='2026-03-31T16:00:00+00:00' AIRFLOW_CTX_TRY_NUMBER='1' AIRFLOW_CTX_DAG_RUN_ID='scheduled__2026-03-31T16:00:00+00:00'
[2026-04-03T13:41:30.407+0000] {taskinstance.py:430} INFO - ::endgroup::
[2026-04-03T13:41:30.410+0000] {datalake_df2csv.py:40} INFO - ================================================================================
[2026-04-03T13:41:30.411+0000] {datalake_df2csv.py:41} INFO - 🚀 BẮT ĐẦU TASK: ingest_daily_price
[2026-04-03T13:41:30.412+0000] {datalake_df2csv.py:42} INFO - ================================================================================
[2026-04-03T13:41:30.416+0000] {datalake_df2csv.py:43} INFO - 📋 Thông tin cấu hình:
[2026-04-03T13:41:30.419+0000] {datalake_df2csv.py:44} INFO -   - Logic file: history_price
[2026-04-03T13:41:30.427+0000] {datalake_df2csv.py:45} INFO -   - DataFrame name: get_history_price_batch
[2026-04-03T13:41:30.435+0000] {datalake_df2csv.py:46} INFO -   - Bucket: thongtin-congty-va-bctc
[2026-04-03T13:41:30.437+0000] {datalake_df2csv.py:47} INFO -   - Object path: daily_price/2026-03-31/batch_221.csv
[2026-04-03T13:41:30.442+0000] {datalake_df2csv.py:48} INFO -   - Connection ID: minio_finance
[2026-04-03T13:41:30.444+0000] {datalake_df2csv.py:49} INFO -   - Tham số truyền vào: {'symbols': ['VOS', 'SD5', 'PFL', 'VE8', 'NXT'], 'start_date': '2026-03-31', 'end_date': '2026-04-01'}
[2026-04-03T13:41:30.445+0000] {datalake_df2csv.py:50} INFO - --------------------------------------------------------------------------------
[2026-04-03T13:41:30.456+0000] {datalake_df2csv.py:54} INFO - 📥 Bước 1: Đang load dữ liệu từ logic file...
[2026-04-03T13:41:30.479+0000] {datalake_df2csv.py:148} INFO -   - Logic directory: /opt/airflow/plugins/logic
[2026-04-03T13:41:30.481+0000] {datalake_df2csv.py:149} INFO -   - Module path: /opt/airflow/plugins/logic/history_price.py
[2026-04-03T13:41:30.482+0000] {datalake_df2csv.py:153} INFO -   - Đã thêm logic directory vào sys.path
[2026-04-03T13:41:30.492+0000] {datalake_df2csv.py:159} INFO -   - Đang load module 'history_price'...
[2026-04-03T13:41:30.506+0000] {datalake_df2csv.py:163} INFO -   - ✅ Module loaded thành công
[2026-04-03T13:41:30.507+0000] {datalake_df2csv.py:165} INFO -   - Đang tìm DataFrame/function: 'get_history_price_batch'...
[2026-04-03T13:41:30.508+0000] {datalake_df2csv.py:170} INFO -   - ✅ Tìm thấy object: function
[2026-04-03T13:41:30.509+0000] {datalake_df2csv.py:173} INFO -   - Đang gọi function với tham số: {'symbols': ['VOS', 'SD5', 'PFL', 'VE8', 'NXT'], 'start_date': '2026-03-31', 'end_date': '2026-04-01'}
[2026-04-03T13:41:36.317+0000] {datalake_df2csv.py:68} INFO - ✅ Load dữ liệu thành công!
[2026-04-03T13:41:36.319+0000] {datalake_df2csv.py:69} INFO - 📊 Thông tin DataFrame:
[2026-04-03T13:41:36.320+0000] {datalake_df2csv.py:70} INFO -   - Số dòng: 20
[2026-04-03T13:41:36.326+0000] {datalake_df2csv.py:71} INFO -   - Số cột: 7
[2026-04-03T13:41:36.329+0000] {datalake_df2csv.py:72} INFO -   - Tên các cột: ['ticker', 'trading_date', 'open', 'high', 'low', 'close', 'volume']
[2026-04-03T13:41:36.331+0000] {datalake_df2csv.py:73} INFO -   - Kiểu dữ liệu: {'ticker': 'object', 'trading_date': 'object', 'open': 'float64', 'high': 'float64', 'low': 'float64', 'close': 'float64', 'volume': 'int64'}
[2026-04-03T13:41:36.335+0000] {datalake_df2csv.py:74} INFO -   - Bộ nhớ sử dụng: 0.00 MB
[2026-04-03T13:41:36.337+0000] {datalake_df2csv.py:83} INFO -   - Không có giá trị NULL
[2026-04-03T13:41:36.338+0000] {datalake_df2csv.py:86} INFO -   - Mẫu dữ liệu (5 dòng đầu):
[2026-04-03T13:41:36.341+0000] {datalake_df2csv.py:88} INFO -     Row 0: {'ticker': 'VOS', 'trading_date': '2026-03-30', 'open': 12.85, 'high': 12.85, 'low': 12.55, 'close': 12.65, 'volume': 1390700}
[2026-04-03T13:41:36.342+0000] {datalake_df2csv.py:88} INFO -     Row 1: {'ticker': 'VOS', 'trading_date': '2026-03-31', 'open': 12.75, 'high': 12.8, 'low': 12.6, 'close': 12.6, 'volume': 956900}
[2026-04-03T13:41:36.347+0000] {datalake_df2csv.py:88} INFO -     Row 2: {'ticker': 'VOS', 'trading_date': '2026-04-01', 'open': 12.95, 'high': 12.95, 'low': 12.7, 'close': 12.8, 'volume': 1270400}
[2026-04-03T13:41:36.350+0000] {datalake_df2csv.py:88} INFO -     Row 3: {'ticker': 'VOS', 'trading_date': '2026-04-02', 'open': 12.8, 'high': 12.8, 'low': 12.5, 'close': 12.65, 'volume': 1132200}
[2026-04-03T13:41:36.351+0000] {datalake_df2csv.py:88} INFO -     Row 4: {'ticker': 'SD5', 'trading_date': '2026-03-27', 'open': 7.5, 'high': 7.6, 'low': 7.5, 'close': 7.6, 'volume': 25100}
[2026-04-03T13:41:36.352+0000] {datalake_df2csv.py:90} INFO - --------------------------------------------------------------------------------
[2026-04-03T13:41:36.352+0000] {datalake_df2csv.py:93} INFO - 📝 Bước 2: Đang chuyển đổi DataFrame sang CSV...
[2026-04-03T13:41:36.358+0000] {datalake_df2csv.py:97} INFO - ✅ Chuyển đổi CSV thành công!
[2026-04-03T13:41:36.359+0000] {datalake_df2csv.py:98} INFO -   - Kích thước file: 0.00 MB
[2026-04-03T13:41:36.359+0000] {datalake_df2csv.py:99} INFO -   - Thời gian chuyển đổi: 0.00 giây
[2026-04-03T13:41:36.361+0000] {datalake_df2csv.py:100} INFO - --------------------------------------------------------------------------------
[2026-04-03T13:41:36.362+0000] {datalake_df2csv.py:103} INFO - ☁️  Bước 3: Đang upload lên MinIO/S3...
[2026-04-03T13:41:36.380+0000] {base.py:84} INFO - Using connection ID 'minio_finance' for task execution.
[2026-04-03T13:41:36.382+0000] {connection_wrapper.py:384} INFO - AWS Connection (conn_id='minio_finance', conn_type='aws') credentials retrieved from login and password.
[2026-04-03T13:41:37.360+0000] {datalake_df2csv.py:112} INFO -   - Bucket 'thongtin-congty-va-bctc' đã tồn tại
[2026-04-03T13:41:37.427+0000] {datalake_df2csv.py:117} INFO - ✅ Upload thành công!
[2026-04-03T13:41:37.428+0000] {datalake_df2csv.py:118} INFO -   - Đường dẫn: s3://thongtin-congty-va-bctc/daily_price/2026-03-31/batch_221.csv
[2026-04-03T13:41:37.429+0000] {datalake_df2csv.py:119} INFO -   - Số dòng: 20
[2026-04-03T13:41:37.430+0000] {datalake_df2csv.py:120} INFO -   - Thời gian upload: 1.06 giây
[2026-04-03T13:41:37.431+0000] {datalake_df2csv.py:121} INFO - --------------------------------------------------------------------------------
[2026-04-03T13:41:37.432+0000] {datalake_df2csv.py:125} INFO - 📈 TỔNG KẾT:
[2026-04-03T13:41:37.432+0000] {datalake_df2csv.py:126} INFO -   - Tổng thời gian thực thi: 7.02 giây
[2026-04-03T13:41:37.433+0000] {datalake_df2csv.py:127} INFO -   - Tốc độ xử lý: 3 dòng/giây
[2026-04-03T13:41:37.433+0000] {datalake_df2csv.py:128} INFO - ================================================================================
[2026-04-03T13:41:37.434+0000] {datalake_df2csv.py:129} INFO - ✅ HOÀN THÀNH TASK: ingest_daily_price
[2026-04-03T13:41:37.435+0000] {datalake_df2csv.py:130} INFO - ================================================================================
[2026-04-03T13:41:37.436+0000] {taskinstance.py:441} INFO - ::group::Post task execution logs
[2026-04-03T13:41:37.449+0000] {taskinstance.py:1206} INFO - Marking task as SUCCESS. dag_id=daily_price, task_id=ingest_daily_price, run_id=scheduled__2026-03-31T16:00:00+00:00, map_index=221, execution_date=20260331T160000, start_date=20260403T134128, end_date=20260403T134137
[2026-04-03T13:41:37.534+0000] {local_task_job_runner.py:243} INFO - Task exited with return code 0
[2026-04-03T13:41:37.565+0000] {taskinstance.py:3503} INFO - 0 downstream tasks scheduled from follow-on schedule check
[2026-04-03T13:41:37.571+0000] {local_task_job_runner.py:222} INFO - ::endgroup::
