[2026-02-22T02:34:37.352+0000] {local_task_job_runner.py:120} INFO - ::group::Pre task execution logs
[2026-02-22T02:34:37.437+0000] {taskinstance.py:2076} INFO - Dependencies all met for dep_context=non-requeueable deps ti=<TaskInstance: electric_board_daily.ingest_electric_board scheduled__2026-02-19T16:00:00+00:00 map_index=23 [queued]>
[2026-02-22T02:34:37.517+0000] {taskinstance.py:2076} INFO - Dependencies all met for dep_context=requeueable deps ti=<TaskInstance: electric_board_daily.ingest_electric_board scheduled__2026-02-19T16:00:00+00:00 map_index=23 [queued]>
[2026-02-22T02:34:37.525+0000] {taskinstance.py:2306} INFO - Starting attempt 1 of 3
[2026-02-22T02:34:37.602+0000] {taskinstance.py:2330} INFO - Executing <Mapped(DfToCsvOperator): ingest_electric_board> on 2026-02-19 16:00:00+00:00
[2026-02-22T02:34:37.639+0000] {warnings.py:112} WARNING - This process (pid=1167) is multi-threaded, use of fork() may lead to deadlocks in the child.

[2026-02-22T02:34:37.651+0000] {standard_task_runner.py:64} INFO - Started process 1215 to run task
[2026-02-22T02:34:37.657+0000] {standard_task_runner.py:90} INFO - Running: ['***', 'tasks', 'run', 'electric_board_daily', 'ingest_electric_board', 'scheduled__2026-02-19T16:00:00+00:00', '--job-id', '23771', '--raw', '--subdir', 'DAGS_FOLDER/dl_electric_board.py', '--cfg-path', '/tmp/tmp62nnek9m', '--map-index', '23']
[2026-02-22T02:34:37.682+0000] {standard_task_runner.py:91} INFO - Job 23771: Subtask ingest_electric_board
[2026-02-22T02:34:37.885+0000] {task_command.py:426} INFO - Running <TaskInstance: electric_board_daily.ingest_electric_board scheduled__2026-02-19T16:00:00+00:00 map_index=23 [running]> on host 1b22f72dc705
[2026-02-22T02:34:38.222+0000] {taskinstance.py:2648} INFO - Exporting env vars: AIRFLOW_CTX_DAG_OWNER='***' AIRFLOW_CTX_DAG_ID='electric_board_daily' AIRFLOW_CTX_TASK_ID='ingest_electric_board' AIRFLOW_CTX_EXECUTION_DATE='2026-02-19T16:00:00+00:00' AIRFLOW_CTX_TRY_NUMBER='1' AIRFLOW_CTX_DAG_RUN_ID='scheduled__2026-02-19T16:00:00+00:00'
[2026-02-22T02:34:38.225+0000] {taskinstance.py:430} INFO - ::endgroup::
[2026-02-22T02:34:38.227+0000] {datalake_df2csv.py:40} INFO - ================================================================================
[2026-02-22T02:34:38.230+0000] {datalake_df2csv.py:41} INFO - 🚀 BẮT ĐẦU TASK: ingest_electric_board
[2026-02-22T02:34:38.232+0000] {datalake_df2csv.py:42} INFO - ================================================================================
[2026-02-22T02:34:38.234+0000] {datalake_df2csv.py:43} INFO - 📋 Thông tin cấu hình:
[2026-02-22T02:34:38.234+0000] {datalake_df2csv.py:44} INFO -   - Logic file: electric_board
[2026-02-22T02:34:38.235+0000] {datalake_df2csv.py:45} INFO -   - DataFrame name: get_price_board_batch
[2026-02-22T02:34:38.236+0000] {datalake_df2csv.py:46} INFO -   - Bucket: thongtin-congty-va-bctc
[2026-02-22T02:34:38.236+0000] {datalake_df2csv.py:47} INFO -   - Object path: electric_board_per_day/2026-02-19/batch_23.csv
[2026-02-22T02:34:38.237+0000] {datalake_df2csv.py:48} INFO -   - Connection ID: minio_finance
[2026-02-22T02:34:38.251+0000] {datalake_df2csv.py:49} INFO -   - Tham số truyền vào: {'symbols': ['BPC', 'CT3', 'DXP', 'DAN', 'NAS', 'SPD', 'CQT', 'PJC', 'BCB', 'TDS', 'HNG', 'HRB', 'ADG', 'SDY', 'THU', 'DS3', 'NCG', 'VHH', 'BSR', 'BDG', 'UCT', 'SD6', 'FBA', 'CDP', 'DC2', 'QST', 'VSG', 'FCN', 'EIB', 'POT', 'X20', 'CMW', 'RTB', 'BVS', 'HD8', 'VTC', 'VPG', 'ECO', 'TNH', 'DCR', 'PTH', 'MDF', 'HDM', 'MDG', 'VMC', 'PWA', 'SBD', 'FIR', 'AAA', 'CT6'], 'trading_date': '2026-02-19'}
[2026-02-22T02:34:38.271+0000] {datalake_df2csv.py:50} INFO - --------------------------------------------------------------------------------
[2026-02-22T02:34:38.277+0000] {datalake_df2csv.py:54} INFO - 📥 Bước 1: Đang load dữ liệu từ logic file...
[2026-02-22T02:34:38.331+0000] {datalake_df2csv.py:148} INFO -   - Logic directory: /opt/airflow/plugins/logic
[2026-02-22T02:34:38.348+0000] {datalake_df2csv.py:149} INFO -   - Module path: /opt/airflow/plugins/logic/electric_board.py
[2026-02-22T02:34:38.349+0000] {datalake_df2csv.py:153} INFO -   - Đã thêm logic directory vào sys.path
[2026-02-22T02:34:38.366+0000] {datalake_df2csv.py:159} INFO -   - Đang load module 'electric_board'...
[2026-02-22T02:34:38.469+0000] {datalake_df2csv.py:163} INFO -   - ✅ Module loaded thành công
[2026-02-22T02:34:38.524+0000] {datalake_df2csv.py:165} INFO -   - Đang tìm DataFrame/function: 'get_price_board_batch'...
[2026-02-22T02:34:38.528+0000] {datalake_df2csv.py:170} INFO -   - ✅ Tìm thấy object: function
[2026-02-22T02:34:38.534+0000] {datalake_df2csv.py:173} INFO -   - Đang gọi function với tham số: {'symbols': ['BPC', 'CT3', 'DXP', 'DAN', 'NAS', 'SPD', 'CQT', 'PJC', 'BCB', 'TDS', 'HNG', 'HRB', 'ADG', 'SDY', 'THU', 'DS3', 'NCG', 'VHH', 'BSR', 'BDG', 'UCT', 'SD6', 'FBA', 'CDP', 'DC2', 'QST', 'VSG', 'FCN', 'EIB', 'POT', 'X20', 'CMW', 'RTB', 'BVS', 'HD8', 'VTC', 'VPG', 'ECO', 'TNH', 'DCR', 'PTH', 'MDF', 'HDM', 'MDG', 'VMC', 'PWA', 'SBD', 'FIR', 'AAA', 'CT6'], 'trading_date': '2026-02-19'}
[2026-02-22T02:34:38.541+0000] {logging_mixin.py:188} INFO - [ELECTRIC_BOARD] Fetching price board for 50 symbols: ['BPC', 'CT3', 'DXP', 'DAN', 'NAS']...
[2026-02-22T02:34:43.239+0000] {logging_mixin.py:188} INFO - [ELECTRIC_BOARD] ✅ Fetched 50 rows, 1 columns
[2026-02-22T02:34:43.242+0000] {datalake_df2csv.py:68} INFO - ✅ Load dữ liệu thành công!
[2026-02-22T02:34:43.243+0000] {datalake_df2csv.py:69} INFO - 📊 Thông tin DataFrame:
[2026-02-22T02:34:43.245+0000] {datalake_df2csv.py:70} INFO -   - Số dòng: 50
[2026-02-22T02:34:43.267+0000] {datalake_df2csv.py:71} INFO -   - Số cột: 1
[2026-02-22T02:34:43.272+0000] {datalake_df2csv.py:72} INFO -   - Tên các cột: ['trading_date']
[2026-02-22T02:34:43.274+0000] {datalake_df2csv.py:73} INFO -   - Kiểu dữ liệu: {'trading_date': 'object'}
[2026-02-22T02:34:43.280+0000] {datalake_df2csv.py:74} INFO -   - Bộ nhớ sử dụng: 0.00 MB
[2026-02-22T02:34:43.285+0000] {datalake_df2csv.py:83} INFO -   - Không có giá trị NULL
[2026-02-22T02:34:43.287+0000] {datalake_df2csv.py:86} INFO -   - Mẫu dữ liệu (5 dòng đầu):
[2026-02-22T02:34:43.300+0000] {datalake_df2csv.py:88} INFO -     Row 0: {'trading_date': '2026-02-19'}
[2026-02-22T02:34:43.303+0000] {datalake_df2csv.py:88} INFO -     Row 1: {'trading_date': '2026-02-19'}
[2026-02-22T02:34:43.312+0000] {datalake_df2csv.py:88} INFO -     Row 2: {'trading_date': '2026-02-19'}
[2026-02-22T02:34:43.322+0000] {datalake_df2csv.py:88} INFO -     Row 3: {'trading_date': '2026-02-19'}
[2026-02-22T02:34:43.323+0000] {datalake_df2csv.py:88} INFO -     Row 4: {'trading_date': '2026-02-19'}
[2026-02-22T02:34:43.326+0000] {datalake_df2csv.py:90} INFO - --------------------------------------------------------------------------------
[2026-02-22T02:34:43.345+0000] {datalake_df2csv.py:93} INFO - 📝 Bước 2: Đang chuyển đổi DataFrame sang CSV...
[2026-02-22T02:34:43.397+0000] {datalake_df2csv.py:97} INFO - ✅ Chuyển đổi CSV thành công!
[2026-02-22T02:34:43.405+0000] {datalake_df2csv.py:98} INFO -   - Kích thước file: 0.00 MB
[2026-02-22T02:34:43.426+0000] {datalake_df2csv.py:99} INFO -   - Thời gian chuyển đổi: 0.04 giây
[2026-02-22T02:34:43.446+0000] {datalake_df2csv.py:100} INFO - --------------------------------------------------------------------------------
[2026-02-22T02:34:43.448+0000] {datalake_df2csv.py:103} INFO - ☁️  Bước 3: Đang upload lên MinIO/S3...
[2026-02-22T02:34:43.501+0000] {base.py:84} INFO - Using connection ID 'minio_finance' for task execution.
[2026-02-22T02:34:43.521+0000] {connection_wrapper.py:384} INFO - AWS Connection (conn_id='minio_finance', conn_type='aws') credentials retrieved from login and password.
[2026-02-22T02:34:46.480+0000] {datalake_df2csv.py:112} INFO -   - Bucket 'thongtin-congty-va-bctc' đã tồn tại
[2026-02-22T02:34:46.740+0000] {datalake_df2csv.py:117} INFO - ✅ Upload thành công!
[2026-02-22T02:34:46.743+0000] {datalake_df2csv.py:118} INFO -   - Đường dẫn: s3://thongtin-congty-va-bctc/electric_board_per_day/2026-02-19/batch_23.csv
[2026-02-22T02:34:46.746+0000] {datalake_df2csv.py:119} INFO -   - Số dòng: 50
[2026-02-22T02:34:46.747+0000] {datalake_df2csv.py:120} INFO -   - Thời gian upload: 3.27 giây
[2026-02-22T02:34:46.747+0000] {datalake_df2csv.py:121} INFO - --------------------------------------------------------------------------------
[2026-02-22T02:34:46.748+0000] {datalake_df2csv.py:125} INFO - 📈 TỔNG KẾT:
[2026-02-22T02:34:46.748+0000] {datalake_df2csv.py:126} INFO -   - Tổng thời gian thực thi: 8.52 giây
[2026-02-22T02:34:46.749+0000] {datalake_df2csv.py:127} INFO -   - Tốc độ xử lý: 6 dòng/giây
[2026-02-22T02:34:46.750+0000] {datalake_df2csv.py:128} INFO - ================================================================================
[2026-02-22T02:34:46.751+0000] {datalake_df2csv.py:129} INFO - ✅ HOÀN THÀNH TASK: ingest_electric_board
[2026-02-22T02:34:46.752+0000] {datalake_df2csv.py:130} INFO - ================================================================================
[2026-02-22T02:34:46.754+0000] {taskinstance.py:441} INFO - ::group::Post task execution logs
[2026-02-22T02:34:46.805+0000] {taskinstance.py:1206} INFO - Marking task as SUCCESS. dag_id=electric_board_daily, task_id=ingest_electric_board, run_id=scheduled__2026-02-19T16:00:00+00:00, map_index=23, execution_date=20260219T160000, start_date=20260222T023437, end_date=20260222T023446
[2026-02-22T02:34:46.978+0000] {local_task_job_runner.py:243} INFO - Task exited with return code 0
[2026-02-22T02:34:47.044+0000] {taskinstance.py:3503} INFO - 0 downstream tasks scheduled from follow-on schedule check
[2026-02-22T02:34:47.050+0000] {local_task_job_runner.py:222} INFO - ::endgroup::
