[2026-04-28T01:53:22.736+0000] {local_task_job_runner.py:120} INFO - ::group::Pre task execution logs
[2026-04-28T01:53:22.871+0000] {taskinstance.py:2076} INFO - Dependencies all met for dep_context=non-requeueable deps ti=<TaskInstance: daily_price.ingest_daily_price scheduled__2026-04-24T16:00:00+00:00 map_index=17 [queued]>
[2026-04-28T01:53:22.941+0000] {taskinstance.py:2076} INFO - Dependencies all met for dep_context=requeueable deps ti=<TaskInstance: daily_price.ingest_daily_price scheduled__2026-04-24T16:00:00+00:00 map_index=17 [queued]>
[2026-04-28T01:53:22.943+0000] {taskinstance.py:2306} INFO - Starting attempt 2 of 2
[2026-04-28T01:53:22.986+0000] {taskinstance.py:2330} INFO - Executing <Mapped(DfToCsvOperator): ingest_daily_price> on 2026-04-24 16:00:00+00:00
[2026-04-28T01:53:23.017+0000] {warnings.py:112} WARNING - This process (pid=1806) is multi-threaded, use of fork() may lead to deadlocks in the child.

[2026-04-28T01:53:23.021+0000] {standard_task_runner.py:64} INFO - Started process 1860 to run task
[2026-04-28T01:53:23.051+0000] {standard_task_runner.py:90} INFO - Running: ['***', 'tasks', 'run', 'daily_price', 'ingest_daily_price', 'scheduled__2026-04-24T16:00:00+00:00', '--job-id', '45668', '--raw', '--subdir', 'DAGS_FOLDER/dl_dailly_price.py', '--cfg-path', '/tmp/tmpliw0v9kh', '--map-index', '17']
[2026-04-28T01:53:23.073+0000] {standard_task_runner.py:91} INFO - Job 45668: Subtask ingest_daily_price
[2026-04-28T01:53:23.259+0000] {task_command.py:426} INFO - Running <TaskInstance: daily_price.ingest_daily_price scheduled__2026-04-24T16:00:00+00:00 map_index=17 [running]> on host 2c72c62453dc
[2026-04-28T01:53:24.285+0000] {taskinstance.py:2648} INFO - Exporting env vars: AIRFLOW_CTX_DAG_OWNER='***' AIRFLOW_CTX_DAG_ID='daily_price' AIRFLOW_CTX_TASK_ID='ingest_daily_price' AIRFLOW_CTX_EXECUTION_DATE='2026-04-24T16:00:00+00:00' AIRFLOW_CTX_TRY_NUMBER='2' AIRFLOW_CTX_DAG_RUN_ID='scheduled__2026-04-24T16:00:00+00:00'
[2026-04-28T01:53:24.290+0000] {taskinstance.py:430} INFO - ::endgroup::
[2026-04-28T01:53:24.291+0000] {datalake_df2csv.py:40} INFO - ================================================================================
[2026-04-28T01:53:24.292+0000] {datalake_df2csv.py:41} INFO - 🚀 BẮT ĐẦU TASK: ingest_daily_price
[2026-04-28T01:53:24.292+0000] {datalake_df2csv.py:42} INFO - ================================================================================
[2026-04-28T01:53:24.293+0000] {datalake_df2csv.py:43} INFO - 📋 Thông tin cấu hình:
[2026-04-28T01:53:24.294+0000] {datalake_df2csv.py:44} INFO -   - Logic file: history_price
[2026-04-28T01:53:24.302+0000] {datalake_df2csv.py:45} INFO -   - DataFrame name: get_history_price_batch
[2026-04-28T01:53:24.304+0000] {datalake_df2csv.py:46} INFO -   - Bucket: thongtin-congty-va-bctc
[2026-04-28T01:53:24.305+0000] {datalake_df2csv.py:47} INFO -   - Object path: daily_price/2026-04-24/batch_17.csv
[2026-04-28T01:53:24.306+0000] {datalake_df2csv.py:48} INFO -   - Connection ID: minio_finance
[2026-04-28T01:53:24.307+0000] {datalake_df2csv.py:49} INFO -   - Tham số truyền vào: {'symbols': ['CCP', 'VCX', 'BT1', 'CDC', 'DCS'], 'start_date': '2026-04-24', 'end_date': '2026-04-25'}
[2026-04-28T01:53:24.309+0000] {datalake_df2csv.py:50} INFO - --------------------------------------------------------------------------------
[2026-04-28T01:53:24.310+0000] {datalake_df2csv.py:54} INFO - 📥 Bước 1: Đang load dữ liệu từ logic file...
[2026-04-28T01:53:24.332+0000] {datalake_df2csv.py:148} INFO -   - Logic directory: /opt/airflow/plugins/logic
[2026-04-28T01:53:24.336+0000] {datalake_df2csv.py:149} INFO -   - Module path: /opt/airflow/plugins/logic/history_price.py
[2026-04-28T01:53:24.351+0000] {datalake_df2csv.py:153} INFO -   - Đã thêm logic directory vào sys.path
[2026-04-28T01:53:24.359+0000] {datalake_df2csv.py:159} INFO -   - Đang load module 'history_price'...
[2026-04-28T01:53:24.391+0000] {datalake_df2csv.py:163} INFO -   - ✅ Module loaded thành công
[2026-04-28T01:53:24.395+0000] {datalake_df2csv.py:165} INFO -   - Đang tìm DataFrame/function: 'get_history_price_batch'...
[2026-04-28T01:53:24.397+0000] {datalake_df2csv.py:170} INFO -   - ✅ Tìm thấy object: function
[2026-04-28T01:53:24.398+0000] {datalake_df2csv.py:173} INFO -   - Đang gọi function với tham số: {'symbols': ['CCP', 'VCX', 'BT1', 'CDC', 'DCS'], 'start_date': '2026-04-24', 'end_date': '2026-04-25'}
[2026-04-28T01:53:30.496+0000] {datalake_df2csv.py:68} INFO - ✅ Load dữ liệu thành công!
[2026-04-28T01:53:30.498+0000] {datalake_df2csv.py:69} INFO - 📊 Thông tin DataFrame:
[2026-04-28T01:53:30.499+0000] {datalake_df2csv.py:70} INFO -   - Số dòng: 10
[2026-04-28T01:53:30.503+0000] {datalake_df2csv.py:71} INFO -   - Số cột: 7
[2026-04-28T01:53:30.504+0000] {datalake_df2csv.py:72} INFO -   - Tên các cột: ['ticker', 'trading_date', 'open', 'high', 'low', 'close', 'volume']
[2026-04-28T01:53:30.506+0000] {datalake_df2csv.py:73} INFO -   - Kiểu dữ liệu: {'ticker': 'object', 'trading_date': 'object', 'open': 'float64', 'high': 'float64', 'low': 'float64', 'close': 'float64', 'volume': 'int64'}
[2026-04-28T01:53:30.514+0000] {datalake_df2csv.py:74} INFO -   - Bộ nhớ sử dụng: 0.00 MB
[2026-04-28T01:53:30.517+0000] {datalake_df2csv.py:83} INFO -   - Không có giá trị NULL
[2026-04-28T01:53:30.518+0000] {datalake_df2csv.py:86} INFO -   - Mẫu dữ liệu (5 dòng đầu):
[2026-04-28T01:53:30.521+0000] {datalake_df2csv.py:88} INFO -     Row 0: {'ticker': 'CCP', 'trading_date': '2025-09-24', 'open': 16.2, 'high': 16.2, 'low': 16.2, 'close': 16.2, 'volume': 100}
[2026-04-28T01:53:30.523+0000] {datalake_df2csv.py:88} INFO -     Row 1: {'ticker': 'CCP', 'trading_date': '2025-09-26', 'open': 15.8, 'high': 15.8, 'low': 15.8, 'close': 15.8, 'volume': 1000}
[2026-04-28T01:53:30.524+0000] {datalake_df2csv.py:88} INFO -     Row 2: {'ticker': 'VCX', 'trading_date': '2026-04-23', 'open': 10.2, 'high': 10.2, 'low': 10.2, 'close': 10.2, 'volume': 100}
[2026-04-28T01:53:30.526+0000] {datalake_df2csv.py:88} INFO -     Row 3: {'ticker': 'VCX', 'trading_date': '2026-04-24', 'open': 11.7, 'high': 11.7, 'low': 10.5, 'close': 10.5, 'volume': 9600}
[2026-04-28T01:53:30.527+0000] {datalake_df2csv.py:88} INFO -     Row 4: {'ticker': 'BT1', 'trading_date': '2026-04-23', 'open': 14.2, 'high': 14.3, 'low': 13.9, 'close': 14.3, 'volume': 26000}
[2026-04-28T01:53:30.528+0000] {datalake_df2csv.py:90} INFO - --------------------------------------------------------------------------------
[2026-04-28T01:53:30.529+0000] {datalake_df2csv.py:93} INFO - 📝 Bước 2: Đang chuyển đổi DataFrame sang CSV...
[2026-04-28T01:53:30.537+0000] {datalake_df2csv.py:97} INFO - ✅ Chuyển đổi CSV thành công!
[2026-04-28T01:53:30.538+0000] {datalake_df2csv.py:98} INFO -   - Kích thước file: 0.00 MB
[2026-04-28T01:53:30.538+0000] {datalake_df2csv.py:99} INFO -   - Thời gian chuyển đổi: 0.01 giây
[2026-04-28T01:53:30.539+0000] {datalake_df2csv.py:100} INFO - --------------------------------------------------------------------------------
[2026-04-28T01:53:30.540+0000] {datalake_df2csv.py:103} INFO - ☁️  Bước 3: Đang upload lên MinIO/S3...
[2026-04-28T01:53:30.579+0000] {base.py:84} INFO - Using connection ID 'minio_finance' for task execution.
[2026-04-28T01:53:30.582+0000] {connection_wrapper.py:384} INFO - AWS Connection (conn_id='minio_finance', conn_type='aws') credentials retrieved from login and password.
[2026-04-28T01:53:31.802+0000] {datalake_df2csv.py:112} INFO -   - Bucket 'thongtin-congty-va-bctc' đã tồn tại
[2026-04-28T01:53:31.895+0000] {datalake_df2csv.py:117} INFO - ✅ Upload thành công!
[2026-04-28T01:53:31.897+0000] {datalake_df2csv.py:118} INFO -   - Đường dẫn: s3://thongtin-congty-va-bctc/daily_price/2026-04-24/batch_17.csv
[2026-04-28T01:53:31.898+0000] {datalake_df2csv.py:119} INFO -   - Số dòng: 10
[2026-04-28T01:53:31.904+0000] {datalake_df2csv.py:120} INFO -   - Thời gian upload: 1.35 giây
[2026-04-28T01:53:31.909+0000] {datalake_df2csv.py:121} INFO - --------------------------------------------------------------------------------
[2026-04-28T01:53:31.912+0000] {datalake_df2csv.py:125} INFO - 📈 TỔNG KẾT:
[2026-04-28T01:53:31.922+0000] {datalake_df2csv.py:126} INFO -   - Tổng thời gian thực thi: 7.62 giây
[2026-04-28T01:53:31.932+0000] {datalake_df2csv.py:127} INFO -   - Tốc độ xử lý: 1 dòng/giây
[2026-04-28T01:53:31.937+0000] {datalake_df2csv.py:128} INFO - ================================================================================
[2026-04-28T01:53:31.939+0000] {datalake_df2csv.py:129} INFO - ✅ HOÀN THÀNH TASK: ingest_daily_price
[2026-04-28T01:53:31.953+0000] {datalake_df2csv.py:130} INFO - ================================================================================
[2026-04-28T01:53:31.955+0000] {taskinstance.py:441} INFO - ::group::Post task execution logs
[2026-04-28T01:53:31.993+0000] {taskinstance.py:1206} INFO - Marking task as SUCCESS. dag_id=daily_price, task_id=ingest_daily_price, run_id=scheduled__2026-04-24T16:00:00+00:00, map_index=17, execution_date=20260424T160000, start_date=20260428T015322, end_date=20260428T015331
[2026-04-28T01:53:32.125+0000] {local_task_job_runner.py:243} INFO - Task exited with return code 0
[2026-04-28T01:53:32.152+0000] {local_task_job_runner.py:222} INFO - ::endgroup::
