[2026-03-22T13:58:00.660+0000] {local_task_job_runner.py:120} INFO - ::group::Pre task execution logs
[2026-03-22T13:58:00.728+0000] {taskinstance.py:2076} INFO - Dependencies all met for dep_context=non-requeueable deps ti=<TaskInstance: financial_ratios.ingest_financial_ratios scheduled__2026-03-15T02:00:00+00:00 map_index=357 [queued]>
[2026-03-22T13:58:00.791+0000] {taskinstance.py:2076} INFO - Dependencies all met for dep_context=requeueable deps ti=<TaskInstance: financial_ratios.ingest_financial_ratios scheduled__2026-03-15T02:00:00+00:00 map_index=357 [queued]>
[2026-03-22T13:58:00.792+0000] {taskinstance.py:2306} INFO - Starting attempt 1 of 2
[2026-03-22T13:58:00.829+0000] {taskinstance.py:2330} INFO - Executing <Mapped(DfToCsvOperator): ingest_financial_ratios> on 2026-03-15 02:00:00+00:00
[2026-03-22T13:58:00.849+0000] {warnings.py:112} WARNING - This process (pid=3432) is multi-threaded, use of fork() may lead to deadlocks in the child.

[2026-03-22T13:58:00.852+0000] {standard_task_runner.py:64} INFO - Started process 3449 to run task
[2026-03-22T13:58:00.868+0000] {standard_task_runner.py:90} INFO - Running: ['***', 'tasks', 'run', 'financial_ratios', 'ingest_financial_ratios', 'scheduled__2026-03-15T02:00:00+00:00', '--job-id', '35199', '--raw', '--subdir', 'DAGS_FOLDER/dl_financial_ratios.py', '--cfg-path', '/tmp/tmp838ctcz6', '--map-index', '357']
[2026-03-22T13:58:00.879+0000] {standard_task_runner.py:91} INFO - Job 35199: Subtask ingest_financial_ratios
[2026-03-22T13:58:01.480+0000] {task_command.py:426} INFO - Running <TaskInstance: financial_ratios.ingest_financial_ratios scheduled__2026-03-15T02:00:00+00:00 map_index=357 [running]> on host b3b67f16e0e2
[2026-03-22T13:58:01.688+0000] {taskinstance.py:2648} INFO - Exporting env vars: AIRFLOW_CTX_DAG_OWNER='***' AIRFLOW_CTX_DAG_ID='financial_ratios' AIRFLOW_CTX_TASK_ID='ingest_financial_ratios' AIRFLOW_CTX_EXECUTION_DATE='2026-03-15T02:00:00+00:00' AIRFLOW_CTX_TRY_NUMBER='1' AIRFLOW_CTX_DAG_RUN_ID='scheduled__2026-03-15T02:00:00+00:00'
[2026-03-22T13:58:01.691+0000] {taskinstance.py:430} INFO - ::endgroup::
[2026-03-22T13:58:01.696+0000] {datalake_df2csv.py:40} INFO - ================================================================================
[2026-03-22T13:58:01.697+0000] {datalake_df2csv.py:41} INFO - 🚀 BẮT ĐẦU TASK: ingest_financial_ratios
[2026-03-22T13:58:01.699+0000] {datalake_df2csv.py:42} INFO - ================================================================================
[2026-03-22T13:58:01.702+0000] {datalake_df2csv.py:43} INFO - 📋 Thông tin cấu hình:
[2026-03-22T13:58:01.704+0000] {datalake_df2csv.py:44} INFO -   - Logic file: financial_ratios
[2026-03-22T13:58:01.704+0000] {datalake_df2csv.py:45} INFO -   - DataFrame name: get_financial_ratios_batch
[2026-03-22T13:58:01.705+0000] {datalake_df2csv.py:46} INFO -   - Bucket: thongtin-congty-va-bctc
[2026-03-22T13:58:01.705+0000] {datalake_df2csv.py:47} INFO -   - Object path: financial_ratios/2026-03-15/batch_357.csv
[2026-03-22T13:58:01.706+0000] {datalake_df2csv.py:48} INFO -   - Connection ID: minio_finance
[2026-03-22T13:58:01.707+0000] {datalake_df2csv.py:49} INFO -   - Tham số truyền vào: {'symbols': ['HD8', 'KDC'], 'period': 'quarter'}
[2026-03-22T13:58:01.707+0000] {datalake_df2csv.py:50} INFO - --------------------------------------------------------------------------------
[2026-03-22T13:58:01.708+0000] {datalake_df2csv.py:54} INFO - 📥 Bước 1: Đang load dữ liệu từ logic file...
[2026-03-22T13:58:01.713+0000] {datalake_df2csv.py:148} INFO -   - Logic directory: /opt/airflow/plugins/logic
[2026-03-22T13:58:01.714+0000] {datalake_df2csv.py:149} INFO -   - Module path: /opt/airflow/plugins/logic/financial_ratios.py
[2026-03-22T13:58:01.715+0000] {datalake_df2csv.py:153} INFO -   - Đã thêm logic directory vào sys.path
[2026-03-22T13:58:01.717+0000] {datalake_df2csv.py:159} INFO -   - Đang load module 'financial_ratios'...
[2026-03-22T13:58:01.724+0000] {datalake_df2csv.py:163} INFO -   - ✅ Module loaded thành công
[2026-03-22T13:58:01.724+0000] {datalake_df2csv.py:165} INFO -   - Đang tìm DataFrame/function: 'get_financial_ratios_batch'...
[2026-03-22T13:58:01.725+0000] {datalake_df2csv.py:170} INFO -   - ✅ Tìm thấy object: function
[2026-03-22T13:58:01.726+0000] {datalake_df2csv.py:173} INFO -   - Đang gọi function với tham số: {'symbols': ['HD8', 'KDC'], 'period': 'quarter'}
[2026-03-22T13:58:01.726+0000] {logging_mixin.py:188} INFO - [RATIO] Bắt đầu xử lý batch 2 mã: ['HD8', 'KDC']
[2026-03-22T13:58:01.727+0000] {logging_mixin.py:188} INFO - [RATIO] Kỳ dữ liệu: quarter
[2026-03-22T13:58:01.727+0000] {logging_mixin.py:188} INFO -  >> [RATIO] Đang lấy dữ liệu: HD8
[2026-03-22T13:58:12.594+0000] {logging_mixin.py:188} INFO - ❌ Lỗi HD8: RetryError[<Future at 0x7fb138280bf0 state=finished raised KeyError>]
[2026-03-22T13:58:12.596+0000] {logging_mixin.py:188} INFO -  ⚠️ [RATIO] HD8: No data from API
[2026-03-22T13:58:14.597+0000] {logging_mixin.py:188} INFO -  >> [RATIO] Đang lấy dữ liệu: KDC
[2026-03-22T13:58:35.666+0000] {log.py:232} WARNING - 2026-03-22 13:58:35 - vnstock.core.utils.client - ERROR - API request failed: HTTPSConnectionPool(host='trading.vietcap.com.vn', port=443): Max retries exceeded with url: /data-mt/graphql (Caused by NewConnectionError('<urllib3.connection.HTTPSConnection object at 0x7fb133dfbc50>: Failed to establish a new connection: [Errno 101] Network is unreachable'))
[2026-03-22T13:58:35.666+0000] {client.py:297} ERROR - API request failed: HTTPSConnectionPool(host='trading.vietcap.com.vn', port=443): Max retries exceeded with url: /data-mt/graphql (Caused by NewConnectionError('<urllib3.connection.HTTPSConnection object at 0x7fb133dfbc50>: Failed to establish a new connection: [Errno 101] Network is unreachable'))
[2026-03-22T13:58:35.667+0000] {logging_mixin.py:188} INFO -  ❌ [RATIO] Lỗi xử lý mã KDC: API request failed: HTTPSConnectionPool(host='trading.vietcap.com.vn', port=443): Max retries exceeded with url: /data-mt/graphql (Caused by NewConnectionError('<urllib3.connection.HTTPSConnection object at 0x7fb133dfbc50>: Failed to establish a new connection: [Errno 101] Network is unreachable'))
[2026-03-22T13:58:35.668+0000] {logging_mixin.py:188} INFO -  ⚠ [RATIO] Batch này không thu được dữ liệu nào.
[2026-03-22T13:58:35.669+0000] {datalake_df2csv.py:58} WARNING - ⚠️  DataFrame rỗng hoặc None
[2026-03-22T13:58:35.670+0000] {datalake_df2csv.py:59} INFO - 📊 Thông tin DataFrame:
[2026-03-22T13:58:35.670+0000] {datalake_df2csv.py:60} INFO -   - Số dòng: 0
[2026-03-22T13:58:35.671+0000] {datalake_df2csv.py:61} INFO -   - Kết luận: Bỏ qua upload CSV
[2026-03-22T13:58:35.671+0000] {datalake_df2csv.py:62} INFO - ================================================================================
[2026-03-22T13:58:35.671+0000] {datalake_df2csv.py:63} INFO - ✅ KẾT THÚC TASK (không có dữ liệu): ingest_financial_ratios
[2026-03-22T13:58:35.672+0000] {datalake_df2csv.py:64} INFO - ================================================================================
[2026-03-22T13:58:35.672+0000] {taskinstance.py:441} INFO - ::group::Post task execution logs
[2026-03-22T13:58:35.686+0000] {taskinstance.py:1206} INFO - Marking task as SUCCESS. dag_id=financial_ratios, task_id=ingest_financial_ratios, run_id=scheduled__2026-03-15T02:00:00+00:00, map_index=357, execution_date=20260315T020000, start_date=20260322T135800, end_date=20260322T135835
[2026-03-22T13:58:35.752+0000] {local_task_job_runner.py:243} INFO - Task exited with return code 0
[2026-03-22T13:58:35.770+0000] {taskinstance.py:3503} INFO - 0 downstream tasks scheduled from follow-on schedule check
[2026-03-22T13:58:35.774+0000] {local_task_job_runner.py:222} INFO - ::endgroup::
