[2026-02-12T14:37:43.189+0000] {local_task_job_runner.py:120} INFO - ::group::Pre task execution logs
[2026-02-12T14:37:43.216+0000] {taskinstance.py:2076} INFO - Dependencies all met for dep_context=non-requeueable deps ti=<TaskInstance: bctc_minio.ingest_bctc scheduled__2026-02-01T00:00:00+00:00 map_index=59 [queued]>
[2026-02-12T14:37:43.225+0000] {taskinstance.py:2076} INFO - Dependencies all met for dep_context=requeueable deps ti=<TaskInstance: bctc_minio.ingest_bctc scheduled__2026-02-01T00:00:00+00:00 map_index=59 [queued]>
[2026-02-12T14:37:43.226+0000] {taskinstance.py:2306} INFO - Starting attempt 1 of 2
[2026-02-12T14:37:43.239+0000] {taskinstance.py:2330} INFO - Executing <Mapped(DfToCsvOperator): ingest_bctc> on 2026-02-01 00:00:00+00:00
[2026-02-12T14:37:43.249+0000] {warnings.py:112} WARNING - This process (pid=4078) is multi-threaded, use of fork() may lead to deadlocks in the child.

[2026-02-12T14:37:43.250+0000] {standard_task_runner.py:64} INFO - Started process 4086 to run task
[2026-02-12T14:37:43.252+0000] {standard_task_runner.py:90} INFO - Running: ['***', 'tasks', 'run', 'bctc_minio', 'ingest_bctc', 'scheduled__2026-02-01T00:00:00+00:00', '--job-id', '20865', '--raw', '--subdir', 'DAGS_FOLDER/dl_bctc.py', '--cfg-path', '/tmp/tmpvkyx3m_u', '--map-index', '59']
[2026-02-12T14:37:43.256+0000] {standard_task_runner.py:91} INFO - Job 20865: Subtask ingest_bctc
[2026-02-12T14:37:43.307+0000] {task_command.py:426} INFO - Running <TaskInstance: bctc_minio.ingest_bctc scheduled__2026-02-01T00:00:00+00:00 map_index=59 [running]> on host fe54ecce8de4
[2026-02-12T14:37:43.413+0000] {taskinstance.py:2648} INFO - Exporting env vars: AIRFLOW_CTX_DAG_OWNER='***' AIRFLOW_CTX_DAG_ID='bctc_minio' AIRFLOW_CTX_TASK_ID='ingest_bctc' AIRFLOW_CTX_EXECUTION_DATE='2026-02-01T00:00:00+00:00' AIRFLOW_CTX_TRY_NUMBER='1' AIRFLOW_CTX_DAG_RUN_ID='scheduled__2026-02-01T00:00:00+00:00'
[2026-02-12T14:37:43.415+0000] {taskinstance.py:430} INFO - ::endgroup::
[2026-02-12T14:37:43.415+0000] {datalake_df2csv.py:40} INFO - ================================================================================
[2026-02-12T14:37:43.415+0000] {datalake_df2csv.py:41} INFO - 🚀 BẮT ĐẦU TASK: ingest_bctc
[2026-02-12T14:37:43.416+0000] {datalake_df2csv.py:42} INFO - ================================================================================
[2026-02-12T14:37:43.416+0000] {datalake_df2csv.py:43} INFO - 📋 Thông tin cấu hình:
[2026-02-12T14:37:43.417+0000] {datalake_df2csv.py:44} INFO -   - Logic file: bctc
[2026-02-12T14:37:43.417+0000] {datalake_df2csv.py:45} INFO -   - DataFrame name: get_financial_reports
[2026-02-12T14:37:43.417+0000] {datalake_df2csv.py:46} INFO -   - Bucket: thongtin-congty-va-bctc
[2026-02-12T14:37:43.417+0000] {datalake_df2csv.py:47} INFO -   - Object path: bctc/2026-02-01/batch_59.csv
[2026-02-12T14:37:43.418+0000] {datalake_df2csv.py:48} INFO -   - Connection ID: minio_finance
[2026-02-12T14:37:43.418+0000] {datalake_df2csv.py:49} INFO -   - Tham số truyền vào: {'symbols': ['EIB', 'POT', 'X20', 'CMW', 'RTB', 'BVS', 'HD8', 'VTC', 'VPG', 'ECO', 'TNH', 'DCR', 'PTH', 'MDF', 'HDM', 'MDG', 'VMC', 'PWA', 'SBD', 'FIR'], 'current_year': '2026'}
[2026-02-12T14:37:43.418+0000] {datalake_df2csv.py:50} INFO - --------------------------------------------------------------------------------
[2026-02-12T14:37:43.418+0000] {datalake_df2csv.py:54} INFO - 📥 Bước 1: Đang load dữ liệu từ logic file...
[2026-02-12T14:37:43.421+0000] {datalake_df2csv.py:148} INFO -   - Logic directory: /opt/airflow/plugins/logic
[2026-02-12T14:37:43.422+0000] {datalake_df2csv.py:149} INFO -   - Module path: /opt/airflow/plugins/logic/bctc.py
[2026-02-12T14:37:43.422+0000] {datalake_df2csv.py:153} INFO -   - Đã thêm logic directory vào sys.path
[2026-02-12T14:37:43.423+0000] {datalake_df2csv.py:159} INFO -   - Đang load module 'bctc'...
[2026-02-12T14:37:43.426+0000] {datalake_df2csv.py:163} INFO -   - ✅ Module loaded thành công
[2026-02-12T14:37:43.426+0000] {datalake_df2csv.py:165} INFO -   - Đang tìm DataFrame/function: 'get_financial_reports'...
[2026-02-12T14:37:43.427+0000] {datalake_df2csv.py:170} INFO -   - ✅ Tìm thấy object: function
[2026-02-12T14:37:43.427+0000] {datalake_df2csv.py:173} INFO -   - Đang gọi function với tham số: {'symbols': ['EIB', 'POT', 'X20', 'CMW', 'RTB', 'BVS', 'HD8', 'VTC', 'VPG', 'ECO', 'TNH', 'DCR', 'PTH', 'MDF', 'HDM', 'MDG', 'VMC', 'PWA', 'SBD', 'FIR'], 'current_year': '2026'}
[2026-02-12T14:37:43.427+0000] {logging_mixin.py:188} INFO - Bắt đầu xử lý batch 20 mã: ['EIB', 'POT', 'X20', 'CMW', 'RTB', 'BVS', 'HD8', 'VTC', 'VPG', 'ECO', 'TNH', 'DCR', 'PTH', 'MDF', 'HDM', 'MDG', 'VMC', 'PWA', 'SBD', 'FIR']
[2026-02-12T14:37:43.428+0000] {logging_mixin.py:188} INFO -  >> Đang lấy dữ liệu: EIB
[2026-02-12T14:37:58.487+0000] {logging_mixin.py:188} INFO -  >> Đang lấy dữ liệu: POT
[2026-02-12T14:38:13.879+0000] {logging_mixin.py:188} INFO -  >> Đang lấy dữ liệu: X20
[2026-02-12T14:38:26.468+0000] {logging_mixin.py:188} INFO -  >> Đang lấy dữ liệu: CMW
[2026-02-12T14:38:56.040+0000] {log.py:232} WARNING - 2026-02-12 14:38:56 - vnstock.core.utils.client - ERROR - API request failed: HTTPSConnectionPool(host='trading.vietcap.com.vn', port=443): Max retries exceeded with url: /data-mt/graphql (Caused by NewConnectionError('<urllib3.connection.HTTPSConnection object at 0x7f18530414f0>: Failed to establish a new connection: [Errno 101] Network is unreachable'))
[2026-02-12T14:38:56.040+0000] {client.py:297} ERROR - API request failed: HTTPSConnectionPool(host='trading.vietcap.com.vn', port=443): Max retries exceeded with url: /data-mt/graphql (Caused by NewConnectionError('<urllib3.connection.HTTPSConnection object at 0x7f18530414f0>: Failed to establish a new connection: [Errno 101] Network is unreachable'))
[2026-02-12T14:39:25.197+0000] {log.py:232} WARNING - 2026-02-12 14:39:25 - vnstock.core.utils.client - ERROR - API request failed: HTTPSConnectionPool(host='trading.vietcap.com.vn', port=443): Max retries exceeded with url: /data-mt/graphql (Caused by NewConnectionError('<urllib3.connection.HTTPSConnection object at 0x7f18530ea2a0>: Failed to establish a new connection: [Errno 101] Network is unreachable'))
[2026-02-12T14:39:25.197+0000] {client.py:297} ERROR - API request failed: HTTPSConnectionPool(host='trading.vietcap.com.vn', port=443): Max retries exceeded with url: /data-mt/graphql (Caused by NewConnectionError('<urllib3.connection.HTTPSConnection object at 0x7f18530ea2a0>: Failed to establish a new connection: [Errno 101] Network is unreachable'))
[2026-02-12T14:39:44.147+0000] {log.py:232} WARNING - 2026-02-12 14:39:43 - vnstock.core.utils.client - ERROR - API request failed: HTTPSConnectionPool(host='trading.vietcap.com.vn', port=443): Max retries exceeded with url: /data-mt/graphql (Caused by NameResolutionError("<urllib3.connection.HTTPSConnection object at 0x7f185301f890>: Failed to resolve 'trading.vietcap.com.vn' ([Errno -3] Temporary failure in name resolution)"))
[2026-02-12T14:39:43.942+0000] {client.py:297} ERROR - API request failed: HTTPSConnectionPool(host='trading.vietcap.com.vn', port=443): Max retries exceeded with url: /data-mt/graphql (Caused by NameResolutionError("<urllib3.connection.HTTPSConnection object at 0x7f185301f890>: Failed to resolve 'trading.vietcap.com.vn' ([Errno -3] Temporary failure in name resolution)"))
[2026-02-12T14:39:57.615+0000] {logging_mixin.py:188} INFO -  >> Đang lấy dữ liệu: RTB
[2026-02-12T14:40:07.873+0000] {log.py:232} WARNING - 2026-02-12 14:40:07 - vnstock.core.utils.client - ERROR - API request failed: HTTPSConnectionPool(host='trading.vietcap.com.vn', port=443): Max retries exceeded with url: /data-mt/graphql (Caused by NameResolutionError("<urllib3.connection.HTTPSConnection object at 0x7f185316e270>: Failed to resolve 'trading.vietcap.com.vn' ([Errno -3] Temporary failure in name resolution)"))
[2026-02-12T14:40:07.797+0000] {client.py:297} ERROR - API request failed: HTTPSConnectionPool(host='trading.vietcap.com.vn', port=443): Max retries exceeded with url: /data-mt/graphql (Caused by NameResolutionError("<urllib3.connection.HTTPSConnection object at 0x7f185316e270>: Failed to resolve 'trading.vietcap.com.vn' ([Errno -3] Temporary failure in name resolution)"))
[2026-02-12T14:40:09.020+0000] {logging_mixin.py:188} INFO -  Lỗi xử lý mã RTB: API request failed: HTTPSConnectionPool(host='trading.vietcap.com.vn', port=443): Max retries exceeded with url: /data-mt/graphql (Caused by NameResolutionError("<urllib3.connection.HTTPSConnection object at 0x7f185316e270>: Failed to resolve 'trading.vietcap.com.vn' ([Errno -3] Temporary failure in name resolution)"))
[2026-02-12T14:40:09.022+0000] {logging_mixin.py:188} INFO -  >> Đang lấy dữ liệu: BVS
[2026-02-12T14:40:31.140+0000] {log.py:232} WARNING - 2026-02-12 14:40:31 - vnstock.core.utils.client - ERROR - API request failed: HTTPSConnectionPool(host='trading.vietcap.com.vn', port=443): Max retries exceeded with url: /data-mt/graphql (Caused by NewConnectionError('<urllib3.connection.HTTPSConnection object at 0x7f185316f5c0>: Failed to establish a new connection: [Errno 101] Network is unreachable'))
[2026-02-12T14:40:31.140+0000] {client.py:297} ERROR - API request failed: HTTPSConnectionPool(host='trading.vietcap.com.vn', port=443): Max retries exceeded with url: /data-mt/graphql (Caused by NewConnectionError('<urllib3.connection.HTTPSConnection object at 0x7f185316f5c0>: Failed to establish a new connection: [Errno 101] Network is unreachable'))
[2026-02-12T14:40:31.143+0000] {logging_mixin.py:188} INFO -  Lỗi xử lý mã BVS: API request failed: HTTPSConnectionPool(host='trading.vietcap.com.vn', port=443): Max retries exceeded with url: /data-mt/graphql (Caused by NewConnectionError('<urllib3.connection.HTTPSConnection object at 0x7f185316f5c0>: Failed to establish a new connection: [Errno 101] Network is unreachable'))
[2026-02-12T14:40:31.145+0000] {logging_mixin.py:188} INFO -  >> Đang lấy dữ liệu: HD8
[2026-02-12T14:40:36.322+0000] {logging_mixin.py:188} INFO - ❌ Lỗi income_statement: RetryError[<Future at 0x7f185316d250 state=finished raised KeyError>]
[2026-02-12T14:40:44.227+0000] {logging_mixin.py:188} INFO - ❌ Lỗi balance_sheet: RetryError[<Future at 0x7f185316f230 state=finished raised KeyError>]
[2026-02-12T14:41:15.850+0000] {log.py:232} WARNING - 2026-02-12 14:41:15 - vnstock.core.utils.client - ERROR - API request failed: HTTPSConnectionPool(host='trading.vietcap.com.vn', port=443): Max retries exceeded with url: /data-mt/graphql (Caused by NewConnectionError('<urllib3.connection.HTTPSConnection object at 0x7f185302f170>: Failed to establish a new connection: [Errno 101] Network is unreachable'))
[2026-02-12T14:41:15.849+0000] {client.py:297} ERROR - API request failed: HTTPSConnectionPool(host='trading.vietcap.com.vn', port=443): Max retries exceeded with url: /data-mt/graphql (Caused by NewConnectionError('<urllib3.connection.HTTPSConnection object at 0x7f185302f170>: Failed to establish a new connection: [Errno 101] Network is unreachable'))
[2026-02-12T14:41:15.851+0000] {logging_mixin.py:188} INFO - ❌ Lỗi cash_flow: RetryError[<Future at 0x7f185302c650 state=finished raised ConnectionError>]
[2026-02-12T14:41:19.353+0000] {logging_mixin.py:188} INFO -  >> Đang lấy dữ liệu: VTC
[2026-02-12T14:41:26.511+0000] {logging_mixin.py:188} INFO - 
⚠️ 
============================================================
⚠️  GIỚI HẠN API ĐÃ ĐẠT TỐI ĐA (Rate Limit Exceeded)
============================================================

📌 Bạn đã đạt giới hạn tối đa số lượt yêu cầu API trong 1 phút (minute).
   (You have reached the maximum API request limit for this period)

📊 Chi tiết (Details):
   • Gói hiện tại: Khách (Guest)
   • Giới hạn: 20 requests/phút
   • Đã sử dụng: 20/20
   • Chờ 34 giây để tiếp tục (Wait to retry)

💡 Giải pháp (Solutions):
   1️⃣ Chờ 34 giây rồi thử lại
      (Wait and retry)
   2️⃣ Tham gia gói thành viên tài trợ để sử dụng không bị gián đoạn
      (Join sponsor membership for uninterrupted access)

🚀 Nâng cấp (Upgrade):
   • Phiên bản cộng đồng (60 request/phút - Community):
     Đăng ký API key miễn phí: https://vnstocks.com/login
   • Gói thành viên tài trợ (180-600 request/phút - Sponsor):
     Tham gia: https://vnstocks.com/insiders-program

============================================================
[2026-02-12T14:41:26.521+0000] {taskinstance.py:441} INFO - ::group::Post task execution logs
[2026-02-12T14:41:26.556+0000] {taskinstance.py:2907} ERROR - Task failed due to SystemExit(Rate limit exceeded. 
============================================================
⚠️  GIỚI HẠN API ĐÃ ĐẠT TỐI ĐA (Rate Limit Exceeded)
============================================================

📌 Bạn đã đạt giới hạn tối đa số lượt yêu cầu API trong 1 phút (minute).
   (You have reached the maximum API request limit for this period)

📊 Chi tiết (Details):
   • Gói hiện tại: Khách (Guest)
   • Giới hạn: 20 requests/phút
   • Đã sử dụng: 20/20
   • Chờ 34 giây để tiếp tục (Wait to retry)

💡 Giải pháp (Solutions):
   1️⃣ Chờ 34 giây rồi thử lại
      (Wait and retry)
   2️⃣ Tham gia gói thành viên tài trợ để sử dụng không bị gián đoạn
      (Join sponsor membership for uninterrupted access)

🚀 Nâng cấp (Upgrade):
   • Phiên bản cộng đồng (60 request/phút - Community):
     Đăng ký API key miễn phí: https://vnstocks.com/login
   • Gói thành viên tài trợ (180-600 request/phút - Sponsor):
     Tham gia: https://vnstocks.com/insiders-program

============================================================
 Process terminated.)
[2026-02-12T14:41:26.941+0000] {taskinstance.py:1206} INFO - Marking task as UP_FOR_RETRY. dag_id=bctc_minio, task_id=ingest_bctc, run_id=scheduled__2026-02-01T00:00:00+00:00, map_index=59, execution_date=20260201T000000, start_date=20260212T143743, end_date=20260212T144126
[2026-02-12T14:41:27.081+0000] {standard_task_runner.py:110} ERROR - Failed to execute job 20865 for task ingest_bctc (Task failed due to SystemExit(Rate limit exceeded. 
============================================================
⚠️  GIỚI HẠN API ĐÃ ĐẠT TỐI ĐA (Rate Limit Exceeded)
============================================================

📌 Bạn đã đạt giới hạn tối đa số lượt yêu cầu API trong 1 phút (minute).
   (You have reached the maximum API request limit for this period)

📊 Chi tiết (Details):
   • Gói hiện tại: Khách (Guest)
   • Giới hạn: 20 requests/phút
   • Đã sử dụng: 20/20
   • Chờ 34 giây để tiếp tục (Wait to retry)

💡 Giải pháp (Solutions):
   1️⃣ Chờ 34 giây rồi thử lại
      (Wait and retry)
   2️⃣ Tham gia gói thành viên tài trợ để sử dụng không bị gián đoạn
      (Join sponsor membership for uninterrupted access)

🚀 Nâng cấp (Upgrade):
   • Phiên bản cộng đồng (60 request/phút - Community):
     Đăng ký API key miễn phí: https://vnstocks.com/login
   • Gói thành viên tài trợ (180-600 request/phút - Sponsor):
     Tham gia: https://vnstocks.com/insiders-program

============================================================
 Process terminated.); 4086)
[2026-02-12T14:41:27.159+0000] {local_task_job_runner.py:243} INFO - Task exited with return code 1
[2026-02-12T14:41:27.349+0000] {taskinstance.py:3503} INFO - 0 downstream tasks scheduled from follow-on schedule check
[2026-02-12T14:41:27.353+0000] {local_task_job_runner.py:222} INFO - ::endgroup::
