[2026-02-04T15:13:09.220+0000] {local_task_job_runner.py:120} INFO - ::group::Pre task execution logs
[2026-02-04T15:13:09.311+0000] {taskinstance.py:2076} INFO - Dependencies all met for dep_context=non-requeueable deps ti=<TaskInstance: financial_ratios_minio.ingest_financial_ratios manual__2026-02-04T14:54:19+00:00 map_index=260 [queued]>
[2026-02-04T15:13:09.375+0000] {taskinstance.py:2076} INFO - Dependencies all met for dep_context=requeueable deps ti=<TaskInstance: financial_ratios_minio.ingest_financial_ratios manual__2026-02-04T14:54:19+00:00 map_index=260 [queued]>
[2026-02-04T15:13:09.376+0000] {taskinstance.py:2306} INFO - Starting attempt 1 of 2
[2026-02-04T15:13:09.414+0000] {taskinstance.py:2330} INFO - Executing <Mapped(DfToCsvOperator): ingest_financial_ratios> on 2026-02-04 14:54:19+00:00
[2026-02-04T15:13:09.436+0000] {warnings.py:112} WARNING - This process (pid=2454) is multi-threaded, use of fork() may lead to deadlocks in the child.

[2026-02-04T15:13:09.444+0000] {standard_task_runner.py:90} INFO - Running: ['***', 'tasks', 'run', 'financial_ratios_minio', 'ingest_financial_ratios', 'manual__2026-02-04T14:54:19+00:00', '--job-id', '17362', '--raw', '--subdir', 'DAGS_FOLDER/dl_financial_ratios.py', '--cfg-path', '/tmp/tmps92fusno', '--map-index', '260']
[2026-02-04T15:13:09.453+0000] {standard_task_runner.py:64} INFO - Started process 2543 to run task
[2026-02-04T15:13:09.454+0000] {standard_task_runner.py:91} INFO - Job 17362: Subtask ingest_financial_ratios
[2026-02-04T15:13:09.564+0000] {task_command.py:426} INFO - Running <TaskInstance: financial_ratios_minio.ingest_financial_ratios manual__2026-02-04T14:54:19+00:00 map_index=260 [running]> on host 918dbd497d34
[2026-02-04T15:13:09.765+0000] {taskinstance.py:2648} INFO - Exporting env vars: AIRFLOW_CTX_DAG_OWNER='***' AIRFLOW_CTX_DAG_ID='financial_ratios_minio' AIRFLOW_CTX_TASK_ID='ingest_financial_ratios' AIRFLOW_CTX_EXECUTION_DATE='2026-02-04T14:54:19+00:00' AIRFLOW_CTX_TRY_NUMBER='1' AIRFLOW_CTX_DAG_RUN_ID='manual__2026-02-04T14:54:19+00:00'
[2026-02-04T15:13:09.767+0000] {taskinstance.py:430} INFO - ::endgroup::
[2026-02-04T15:13:09.792+0000] {logging_mixin.py:188} INFO - [RATIO] Bắt đầu xử lý batch 2 mã: ['SCY', 'SCV']
[2026-02-04T15:13:09.792+0000] {logging_mixin.py:188} INFO - [RATIO] Kỳ dữ liệu: quarter
[2026-02-04T15:13:09.793+0000] {logging_mixin.py:188} INFO -  >> [RATIO] Đang lấy dữ liệu: SCY
[2026-02-04T15:13:10.711+0000] {logging_mixin.py:188} INFO -  ✓ [RATIO] SCY: 33 rows
[2026-02-04T15:13:12.717+0000] {logging_mixin.py:188} INFO -  >> [RATIO] Đang lấy dữ liệu: SCV
[2026-02-04T15:13:18.845+0000] {logging_mixin.py:188} INFO - ❌ Lỗi SCV: RetryError[<Future at 0x7f63a8b863f0 state=finished raised KeyError>]
[2026-02-04T15:13:18.851+0000] {logging_mixin.py:188} INFO -  ⚠️ [RATIO] SCV: No data from API
[2026-02-04T15:13:20.863+0000] {logging_mixin.py:188} INFO -  ✅ [RATIO] Hoàn thành batch. Tổng số dòng: 33
[2026-02-04T15:13:20.891+0000] {base.py:84} INFO - Using connection ID 'minio_finance' for task execution.
[2026-02-04T15:13:20.893+0000] {connection_wrapper.py:384} INFO - AWS Connection (conn_id='minio_finance', conn_type='aws') credentials retrieved from login and password.
[2026-02-04T15:13:22.216+0000] {datalake_df2csv.py:52} INFO - ✅ Đã upload 33 dòng -> s3://thongtin-congty-va-bctc/financial_ratios/2026-02-04/batch_260.csv
[2026-02-04T15:13:22.217+0000] {taskinstance.py:441} INFO - ::group::Post task execution logs
[2026-02-04T15:13:22.243+0000] {taskinstance.py:1206} INFO - Marking task as SUCCESS. dag_id=financial_ratios_minio, task_id=ingest_financial_ratios, run_id=manual__2026-02-04T14:54:19+00:00, map_index=260, execution_date=20260204T145419, start_date=20260204T151309, end_date=20260204T151322
[2026-02-04T15:13:22.528+0000] {local_task_job_runner.py:243} INFO - Task exited with return code 0
[2026-02-04T15:13:22.569+0000] {taskinstance.py:3503} INFO - 0 downstream tasks scheduled from follow-on schedule check
[2026-02-04T15:13:22.591+0000] {local_task_job_runner.py:222} INFO - ::endgroup::
